
[7m[1m[36m RUN [39m[22m[27m [36mv1.6.1[39m [90mC:/Users/saima/Desktop/code/ruflo_project[39m

 [32mΓ£ô[39m v3/@claude-flow/cli/__tests__/services/headless-worker-executor.test.ts[2m > [22mHeadlessWorkerExecutor[2m > [22mInstantiation[2m > [22mshould create executor with default configuration
 [32mΓ£ô[39m v3/@claude-flow/cli/__tests__/services/headless-worker-executor.test.ts[2m > [22mHeadlessWorkerExecutor[2m > [22mInstantiation[2m > [22mshould create executor with custom configuration
 [32mΓ£ô[39m v3/@claude-flow/cli/__tests__/services/headless-worker-executor.test.ts[2m > [22mHeadlessWorkerExecutor[2m > [22mInstantiation[2m > [22mshould use default values for missing configuration
 [32mΓ£ô[39m v3/@claude-flow/cli/__tests__/services/headless-worker-executor.test.ts[2m > [22mHeadlessWorkerExecutor[2m > [22misAvailable[2m > [22mshould return true when claude --version succeeds
 [32mΓ£ô[39m v3/@claude-flow/cli/__tests__/services/headless-worker-executor.test.ts[2m > [22mHeadlessWorkerExecutor[2m > [22misAvailable[2m > [22mshould return true with Claude capitalized
 [32mΓ£ô[39m v3/@claude-flow/cli/__tests__/services/headless-worker-executor.test.ts[2m > [22mHeadlessWorkerExecutor[2m > [22misAvailable[2m > [22mshould try npx claude-code when claude fails
 [32mΓ£ô[39m v3/@claude-flow/cli/__tests__/services/headless-worker-executor.test.ts[2m > [22mHeadlessWorkerExecutor[2m > [22misAvailable[2m > [22mshould return false when both claude and npx claude-code fail
 [32mΓ£ô[39m v3/@claude-flow/cli/__tests__/services/headless-worker-executor.test.ts[2m > [22mHeadlessWorkerExecutor[2m > [22misAvailable[2m > [22mshould return false for invalid version output
 [32mΓ£ô[39m v3/@claude-flow/cli/__tests__/services/headless-worker-executor.test.ts[2m > [22mHeadlessWorkerExecutor[2m > [22mexecute[2m > [22mshould execute with basic configuration
 [32mΓ£ô[39m v3/@claude-flow/cli/__tests__/services/headless-worker-executor.test.ts[2m > [22mHeadlessWorkerExecutor[2m > [22mexecute[2m > [22mshould emit output events during execution
 [32mΓ£ô[39m v3/@claude-flow/guidance/tests/temporal.test.ts[2m > [22mTemporalStore - Basic Assertions[2m > [22mshould create a basic assertion with active status
 [32mΓ£ô[39m v3/@claude-flow/guidance/tests/temporal.test.ts[2m > [22mTemporalStore - Basic Assertions[2m > [22mshould create assertion with future status
 [32mΓ£ô[39m v3/@claude-flow/guidance/tests/temporal.test.ts[2m > [22mTemporalStore - Basic Assertions[2m > [22mshould create assertion with expired status
 [32mΓ£ô[39m v3/@claude-flow/guidance/tests/temporal.test.ts[2m > [22mTemporalStore - Basic Assertions[2m > [22mshould create assertion with indefinite validity (validUntil = null)
 [32mΓ£ô[39m v3/@claude-flow/guidance/tests/temporal.test.ts[2m > [22mTemporalStore - Basic Assertions[2m > [22mshould create assertion with custom options
 [32mΓ£ô[39m v3/@claude-flow/guidance/tests/temporal.test.ts[2m > [22mTemporalStore - Basic Assertions[2m > [22mshould clamp confidence to [0, 1] range
 [32mΓ£ô[39m v3/@claude-flow/guidance/tests/temporal.test.ts[2m > [22mTemporalStore - Basic Assertions[2m > [22mshould use default values for optional fields
 [32mΓ£ô[39m v3/@claude-flow/guidance/tests/temporal.test.ts[2m > [22mTemporalStore - Status Computation[2m > [22mshould compute active status when now is within validity window
 [32mΓ£ô[39m v3/@claude-flow/guidance/tests/temporal.test.ts[2m > [22mTemporalStore - Status Computation[2m > [22mshould compute future status when validFrom is in the future
 [32mΓ£ô[39m v3/@claude-flow/guidance/tests/temporal.test.ts[2m > [22mTemporalStore - Status Computation[2m > [22mshould compute expired status when validUntil is in the past
 [32mΓ£ô[39m v3/@claude-flow/guidance/tests/temporal.test.ts[2m > [22mTemporalStore - Status Computation[2m > [22mshould compute retracted status when assertion is retracted
 [32mΓ£ô[39m v3/@claude-flow/guidance/tests/temporal.test.ts[2m > [22mTemporalStore - Status Computation[2m > [22mshould compute superseded status when assertion is superseded
 [32mΓ£ô[39m v3/@claude-flow/guidance/tests/temporal.test.ts[2m > [22mTemporalStore - Status Computation[2m > [22mshould prioritize retracted over superseded in status computation
 [32mΓ£ô[39m v3/@claude-flow/cli/__tests__/services/headless-worker-executor.test.ts[2m > [22mHeadlessWorkerExecutor[2m > [22mexecute[2m > [22mshould emit error events for stderr
 [32mΓ£ô[39m v3/@claude-flow/cli/__tests__/services/headless-worker-executor.test.ts[2m > [22mHeadlessWorkerExecutor[2m > [22mexecute[2m > [22mshould handle process failure
 [32mΓ£ô[39m v3/@claude-flow/cli/__tests__/services/headless-worker-executor.test.ts[2m > [22mHeadlessWorkerExecutor[2m > [22mexecute[2m > [22mshould handle process spawn error
 [32mΓ£ô[39m v3/@claude-flow/guidance/tests/trust.test.ts[2m > [22mgetTrustBasedRateLimit()[2m > [22mshould return 2x base limit for trusted tier (score >= 0.8)
 [32mΓ£ô[39m v3/@claude-flow/guidance/tests/trust.test.ts[2m > [22mgetTrustBasedRateLimit()[2m > [22mshould return 1x base limit for standard tier (0.5 <= score < 0.8)
 [32mΓ£ô[39m v3/@claude-flow/guidance/tests/trust.test.ts[2m > [22mgetTrustBasedRateLimit()[2m > [22mshould return 0.5x base limit for probation tier (0.3 <= score < 0.5)
 [32mΓ£ô[39m v3/@claude-flow/guidance/tests/trust.test.ts[2m > [22mgetTrustBasedRateLimit()[2m > [22mshould return 0.1x base limit for untrusted tier (score < 0.3)
 [32mΓ£ô[39m v3/@claude-flow/guidance/tests/trust.test.ts[2m > [22mgetTrustBasedRateLimit()[2m > [22mshould floor the result to an integer
 [32mΓ£ô[39m v3/@claude-flow/guidance/tests/trust.test.ts[2m > [22mgetTrustBasedRateLimit()[2m > [22mshould handle edge case scores
 [32mΓ£ô[39m v3/@claude-flow/guidance/tests/trust.test.ts[2m > [22mTrustAccumulator[2m > [22mconstructor[2m > [22mshould initialize with default config
 [32mΓ£ô[39m v3/@claude-flow/guidance/tests/trust.test.ts[2m > [22mTrustAccumulator[2m > [22mconstructor[2m > [22mshould accept custom config
 [32mΓ£ô[39m v3/@claude-flow/guidance/tests/trust.test.ts[2m > [22mTrustAccumulator[2m > [22minitial state[2m > [22mshould return initialTrust for unknown agents
 [32mΓ£ô[39m v3/@claude-flow/guidance/tests/trust.test.ts[2m > [22mTrustAccumulator[2m > [22minitial state[2m > [22mshould return "standard" tier for new agents
 [32mΓ£ô[39m v3/@claude-flow/guidance/tests/trust.test.ts[2m > [22mTrustAccumulator[2m > [22minitial state[2m > [22mshould have zero agents initially
 [32mΓ£ô[39m v3/@claude-flow/guidance/tests/trust.test.ts[2m > [22mTrustAccumulator[2m > [22mrecordOutcome()[2m > [22mshould increase score by +0.01 on "allow"
 [32mΓ£ô[39m v3/@claude-flow/guidance/tests/trust.test.ts[2m > [22mTrustAccumulator[2m > [22mrecordOutcome()[2m > [22mshould decrease score by -0.05 on "deny"
 [32mΓ£ô[39m v3/@claude-flow/guidance/tests/trust.test.ts[2m > [22mTrustAccumulator[2m > [22mrecordOutcome()[2m > [22mshould decrease score by -0.02 on "warn"
 [32mΓ£ô[39m v3/@claude-flow/guidance/tests/trust.test.ts[2m > [22mTrustAccumulator[2m > [22mrecordOutcome()[2m > [22mshould include timestamp in record
 [32mΓ£ô[39m v3/@claude-flow/guidance/tests/trust.test.ts[2m > [22mTrustAccumulator[2m > [22mrecordOutcome()[2m > [22mshould increment totalEvents counter
 [32mΓ£ô[39m v3/@claude-flow/guidance/tests/trust.test.ts[2m > [22mTrustAccumulator[2m > [22mscore clamping[2m > [22mshould clamp score at 1.0 maximum
 [32mΓ£ô[39m v3/@claude-flow/guidance/tests/trust.test.ts[2m > [22mTrustAccumulator[2m > [22mscore clamping[2m > [22mshould clamp score at 0.0 minimum
 [32mΓ£ô[39m v3/@claude-flow/guidance/tests/trust.test.ts[2m > [22mTrustAccumulator[2m > [22mscore clamping[2m > [22mshould handle multiple denies without going negative
 [32mΓ£ô[39m v3/@claude-flow/guidance/tests/trust.test.ts[2m > [22mTrustAccumulator[2m > [22mscore clamping[2m > [22mshould handle multiple allows without exceeding 1.0
 [32mΓ£ô[39m v3/@claude-flow/guidance/tests/trust.test.ts[2m > [22mTrustAccumulator[2m > [22mtier transitions[2m > [22mshould transition from standard to trusted at 0.8
 [32mΓ£ô[39m v3/@claude-flow/guidance/tests/trust.test.ts[2m > [22mTrustAccumulator[2m > [22mtier transitions[2m > [22mshould transition from standard to probation below 0.5
 [32mΓ£ô[39m v3/@claude-flow/guidance/tests/trust.test.ts[2m > [22mTrustAccumulator[2m > [22mtier transitions[2m > [22mshould transition from probation to untrusted below 0.3
 [32mΓ£ô[39m v3/@claude-flow/guidance/tests/trust.test.ts[2m > [22mTrustAccumulator[2m > [22mtier transitions[2m > [22mshould maintain correct tier at exact thresholds
 [32mΓ£ô[39m v3/@claude-flow/guidance/tests/trust.test.ts[2m > [22mTrustAccumulator[2m > [22mgetTrustBasedRateLimit()[2m > [22mshould return 2x for trusted agents
 [32mΓ£ô[39m v3/@claude-flow/guidance/tests/trust.test.ts[2m > [22mTrustAccumulator[2m > [22mgetTrustBasedRateLimit()[2m > [22mshould return 1x for standard agents
 [32mΓ£ô[39m v3/@claude-flow/guidance/tests/trust.test.ts[2m > [22mTrustAccumulator[2m > [22mgetTrustBasedRateLimit()[2m > [22mshould return 0.5x for probation agents
 [32mΓ£ô[39m v3/@claude-flow/guidance/tests/trust.test.ts[2m > [22mTrustAccumulator[2m > [22mgetTrustBasedRateLimit()[2m > [22mshould return 0.1x for untrusted agents
 [32mΓ£ô[39m v3/@claude-flow/guidance/tests/trust.test.ts[2m > [22mTrustAccumulator[2m > [22mgetTrustBasedRateLimit()[2m > [22mshould use initialTrust for unknown agents
 [32mΓ£ô[39m v3/@claude-flow/guidance/tests/trust.test.ts[2m > [22mTrustAccumulator[2m > [22msetScore()[2m > [22mshould manually override an agent's score
 [32mΓ£ô[39m v3/@claude-flow/guidance/tests/trust.test.ts[2m > [22mTrustAccumulator[2m > [22msetScore()[2m > [22mshould clamp manually set scores to [0, 1]
 [32mΓ£ô[39m v3/@claude-flow/guidance/tests/trust.test.ts[2m > [22mTrustAccumulator[2m > [22msetScore()[2m > [22mshould update lastUpdated timestamp
 [32mΓ£ô[39m v3/@claude-flow/guidance/tests/trust.test.ts[2m > [22mTrustAccumulator[2m > [22mremoveAgent()[2m > [22mshould remove an agent and return true
 [32mΓ£ô[39m v3/@claude-flow/guidance/tests/trust.test.ts[2m > [22mTrustAccumulator[2m > [22mremoveAgent()[2m > [22mshould return false for non-existent agent
 [32mΓ£ô[39m v3/@claude-flow/guidance/tests/trust.test.ts[2m > [22mTrustAccumulator[2m > [22mremoveAgent()[2m > [22mshould reset agent to initial state after removal
 [32mΓ£ô[39m v3/@claude-flow/guidance/tests/trust.test.ts[2m > [22mTrustAccumulator[2m > [22mgetSnapshot()[2m > [22mshould return a complete snapshot for tracked agent
 [32mΓ£ô[39m v3/@claude-flow/guidance/tests/trust.test.ts[2m > [22mTrustAccumulator[2m > [22mgetSnapshot()[2m > [22mshould return default snapshot for unknown agent
 [32mΓ£ô[39m v3/@claude-flow/guidance/tests/trust.test.ts[2m > [22mTrustAccumulator[2m > [22mgetAllSnapshots()[2m > [22mshould return empty array when no agents tracked
 [32mΓ£ô[39m v3/@claude-flow/guidance/tests/trust.test.ts[2m > [22mTrustAccumulator[2m > [22mgetAllSnapshots()[2m > [22mshould return snapshots for all tracked agents
 [32mΓ£ô[39m v3/@claude-flow/guidance/tests/trust.test.ts[2m > [22mTrustAccumulator[2m > [22mgetAgentIds()[2m > [22mshould return empty array when no agents tracked
 [32mΓ£ô[39m v3/@claude-flow/guidance/tests/trust.test.ts[2m > [22mTrustAccumulator[2m > [22mgetAgentIds()[2m > [22mshould return all tracked agent IDs
 [32mΓ£ô[39m v3/@claude-flow/guidance/tests/trust.test.ts[2m > [22mTrustAccumulator[2m > [22magentCount[2m > [22mshould return 0 initially
 [32mΓ£ô[39m v3/@claude-flow/guidance/tests/trust.test.ts[2m > [22mTrustAccumulator[2m > [22magentCount[2m > [22mshould increment as agents are added
 [32mΓ£ô[39m v3/@claude-flow/guidance/tests/trust.test.ts[2m > [22mTrustAccumulator[2m > [22magentCount[2m > [22mshould not double-count same agent
 [32mΓ£ô[39m v3/@claude-flow/guidance/tests/trust.test.ts[2m > [22mTrustAccumulator[2m > [22mclear()[2m > [22mshould remove all tracked agents
 [32mΓ£ô[39m v3/@claude-flow/guidance/tests/trust.test.ts[2m > [22mTrustAccumulator[2m > [22mclear()[2m > [22mshould reset to initial state after clear
 [32mΓ£ô[39m v3/@claude-flow/guidance/tests/trust.test.ts[2m > [22mTrustAccumulator[2m > [22mdecay behavior[2m > [22mshould apply decay toward initialTrust after decay interval
 [32mΓ£ô[39m v3/@claude-flow/guidance/tests/trust.test.ts[2m > [22mTrustAccumulator[2m > [22mdecay behavior[2m > [22mshould not decay before decay interval
 [32mΓ£ô[39m v3/@claude-flow/guidance/tests/trust.test.ts[2m > [22mTrustAccumulator[2m > [22mdecay behavior[2m > [22mshould apply multiple decay intervals correctly
 [32mΓ£ô[39m v3/@claude-flow/guidance/tests/trust.test.ts[2m > [22mTrustAccumulator[2m > [22mdecay behavior[2m > [22mshould apply decay before recording outcome
 [32mΓ£ô[39m v3/@claude-flow/guidance/tests/trust.test.ts[2m > [22mTrustAccumulator[2m > [22mmultiple agents[2m > [22mshould track multiple agents independently
 [32mΓ£ô[39m v3/@claude-flow/guidance/tests/trust.test.ts[2m > [22mTrustAccumulator[2m > [22mmultiple agents[2m > [22mshould maintain separate event counters per agent
 [32mΓ£ô[39m v3/@claude-flow/guidance/tests/trust.test.ts[2m > [22mTrustLedger[2m > [22mrecord()[2m > [22mshould append a record to the ledger
 [32mΓ£ô[39m v3/@claude-flow/guidance/tests/trust.test.ts[2m > [22mTrustLedger[2m > [22mrecord()[2m > [22mshould maintain insertion order
 [32mΓ£ô[39m v3/@claude-flow/guidance/tests/trust.test.ts[2m > [22mTrustLedger[2m > [22mmax records and eviction[2m > [22mshould evict oldest records when exceeding 10,000 limit
 [32mΓ£ô[39m v3/@claude-flow/guidance/tests/trust.test.ts[2m > [22mTrustLedger[2m > [22mmax records and eviction[2m > [22mshould keep most recent records after eviction
 [32mΓ£ô[39m v3/@claude-flow/guidance/tests/trust.test.ts[2m > [22mTrustLedger[2m > [22mgetHistoryForAgent()[2m > [22mshould return empty array for unknown agent
 [32mΓ£ô[39m v3/@claude-flow/guidance/tests/trust.test.ts[2m > [22mTrustLedger[2m > [22mgetHistoryForAgent()[2m > [22mshould return all records for a specific agent
 [32mΓ£ô[39m v3/@claude-flow/guidance/tests/trust.test.ts[2m > [22mTrustLedger[2m > [22mgetAgentsBelowThreshold()[2m > [22mshould return empty array when no agents below threshold
 [32mΓ£ô[39m v3/@claude-flow/guidance/tests/trust.test.ts[2m > [22mTrustLedger[2m > [22mgetAgentsBelowThreshold()[2m > [22mshould return agents with latest score below threshold
 [32mΓ£ô[39m v3/@claude-flow/guidance/tests/trust.test.ts[2m > [22mTrustLedger[2m > [22mgetAgentsBelowThreshold()[2m > [22mshould use most recent record per agent
 [32mΓ£ô[39m v3/@claude-flow/guidance/tests/trust.test.ts[2m > [22mTrustLedger[2m > [22mgetAgentsAboveThreshold()[2m > [22mshould return empty array when no agents at/above threshold
 [32mΓ£ô[39m v3/@claude-flow/guidance/tests/trust.test.ts[2m > [22mTrustLedger[2m > [22mgetAgentsAboveThreshold()[2m > [22mshould return agents with latest score at or above threshold
 [32mΓ£ô[39m v3/@claude-flow/guidance/tests/trust.test.ts[2m > [22mTrustLedger[2m > [22mgetAgentsAboveThreshold()[2m > [22mshould include agents exactly at threshold
 [32mΓ£ô[39m v3/@claude-flow/guidance/tests/trust.test.ts[2m > [22mTrustLedger[2m > [22mgetRecordsInRange()[2m > [22mshould return empty array when no records in range
 [32mΓ£ô[39m v3/@claude-flow/guidance/tests/trust.test.ts[2m > [22mTrustLedger[2m > [22mgetRecordsInRange()[2m > [22mshould return records within time range
 [32mΓ£ô[39m v3/@claude-flow/guidance/tests/trust.test.ts[2m > [22mTrustLedger[2m > [22mgetRecordsInRange()[2m > [22mshould include records at exact boundaries
 [32mΓ£ô[39m v3/@claude-flow/guidance/tests/trust.test.ts[2m > [22mTrustLedger[2m > [22mgetRecentRecords()[2m > [22mshould return empty array when no records exist
 [32mΓ£ô[39m v3/@claude-flow/guidance/tests/trust.test.ts[2m > [22mTrustLedger[2m > [22mgetRecentRecords()[2m > [22mshould return last N records
 [32mΓ£ô[39m v3/@claude-flow/guidance/tests/trust.test.ts[2m > [22mTrustLedger[2m > [22mgetRecentRecords()[2m > [22mshould return all records if count exceeds total
 [32mΓ£ô[39m v3/@claude-flow/guidance/tests/trust.test.ts[2m > [22mTrustLedger[2m > [22mexportRecords() / importRecords()[2m > [22mshould export all records
 [32mΓ£ô[39m v3/@claude-flow/guidance/tests/trust.test.ts[2m > [22mTrustLedger[2m > [22mexportRecords() / importRecords()[2m > [22mshould import records and append to existing
 [32mΓ£ô[39m v3/@claude-flow/guidance/tests/trust.test.ts[2m > [22mTrustLedger[2m > [22mexportRecords() / importRecords()[2m > [22mshould enforce max limit after import
 [32mΓ£ô[39m v3/@claude-flow/guidance/tests/trust.test.ts[2m > [22mTrustLedger[2m > [22mexportRecords() / importRecords()[2m > [22mshould round-trip export/import correctly
 [32mΓ£ô[39m v3/@claude-flow/guidance/tests/trust.test.ts[2m > [22mTrustLedger[2m > [22mrecordCount[2m > [22mshould return 0 initially
 [32mΓ£ô[39m v3/@claude-flow/guidance/tests/trust.test.ts[2m > [22mTrustLedger[2m > [22mrecordCount[2m > [22mshould increment as records are added
 [32mΓ£ô[39m v3/@claude-flow/guidance/tests/trust.test.ts[2m > [22mTrustLedger[2m > [22mclear()[2m > [22mshould remove all records
 [32mΓ£ô[39m v3/@claude-flow/guidance/tests/trust.test.ts[2m > [22mTrustLedger[2m > [22mempty state edge cases[2m > [22mshould handle getHistoryForAgent on empty ledger
 [32mΓ£ô[39m v3/@claude-flow/guidance/tests/trust.test.ts[2m > [22mTrustLedger[2m > [22mempty state edge cases[2m > [22mshould handle getAgentsBelowThreshold on empty ledger
 [32mΓ£ô[39m v3/@claude-flow/guidance/tests/trust.test.ts[2m > [22mTrustLedger[2m > [22mempty state edge cases[2m > [22mshould handle getAgentsAboveThreshold on empty ledger
 [32mΓ£ô[39m v3/@claude-flow/guidance/tests/trust.test.ts[2m > [22mTrustLedger[2m > [22mempty state edge cases[2m > [22mshould handle getRecordsInRange on empty ledger
 [32mΓ£ô[39m v3/@claude-flow/guidance/tests/trust.test.ts[2m > [22mTrustLedger[2m > [22mempty state edge cases[2m > [22mshould handle getRecentRecords on empty ledger
 [32mΓ£ô[39m v3/@claude-flow/guidance/tests/trust.test.ts[2m > [22mTrustLedger[2m > [22mempty state edge cases[2m > [22mshould handle exportRecords on empty ledger
 [32mΓ£ô[39m v3/@claude-flow/guidance/tests/trust.test.ts[2m > [22mTrustSystem[2m > [22mintegration[2m > [22mshould expose both accumulator and ledger
 [32mΓ£ô[39m v3/@claude-flow/guidance/tests/trust.test.ts[2m > [22mTrustSystem[2m > [22mintegration[2m > [22mshould accept custom config for accumulator
 [32mΓ£ô[39m v3/@claude-flow/guidance/tests/trust.test.ts[2m > [22mTrustSystem[2m > [22mrecordOutcome()[2m > [22mshould update both accumulator and ledger
 [32mΓ£ô[39m v3/@claude-flow/guidance/tests/trust.test.ts[2m > [22mTrustSystem[2m > [22mrecordOutcome()[2m > [22mshould return the trust record
 [32mΓ£ô[39m v3/@claude-flow/guidance/tests/trust.test.ts[2m > [22mTrustSystem[2m > [22mdelegated methods[2m > [22mshould delegate getScore to accumulator
 [32mΓ£ô[39m v3/@claude-flow/guidance/tests/trust.test.ts[2m > [22mTrustSystem[2m > [22mdelegated methods[2m > [22mshould delegate getTier to accumulator
 [32mΓ£ô[39m v3/@claude-flow/guidance/tests/trust.test.ts[2m > [22mTrustSystem[2m > [22mdelegated methods[2m > [22mshould delegate getTrustBasedRateLimit to accumulator
 [32mΓ£ô[39m v3/@claude-flow/guidance/tests/trust.test.ts[2m > [22mTrustSystem[2m > [22mdelegated methods[2m > [22mshould delegate getSnapshot to accumulator
 [32mΓ£ô[39m v3/@claude-flow/guidance/tests/trust.test.ts[2m > [22mTrustSystem[2m > [22mdelegated methods[2m > [22mshould delegate getAllSnapshots to accumulator
 [32mΓ£ô[39m v3/@claude-flow/guidance/tests/trust.test.ts[2m > [22mTrustSystem[2m > [22mcoordinated behavior[2m > [22mshould maintain consistency between accumulator and ledger
 [32mΓ£ô[39m v3/@claude-flow/guidance/tests/trust.test.ts[2m > [22mTrustSystem[2m > [22mcoordinated behavior[2m > [22mshould track multiple agents correctly
 [32mΓ£ô[39m v3/@claude-flow/guidance/tests/trust.test.ts[2m > [22mfactory functions[2m > [22mcreateTrustAccumulator()[2m > [22mshould create a TrustAccumulator with default config
 [32mΓ£ô[39m v3/@claude-flow/guidance/tests/trust.test.ts[2m > [22mfactory functions[2m > [22mcreateTrustAccumulator()[2m > [22mshould create a TrustAccumulator with custom config
 [32mΓ£ô[39m v3/@claude-flow/guidance/tests/trust.test.ts[2m > [22mfactory functions[2m > [22mcreateTrustLedger()[2m > [22mshould create an empty TrustLedger
 [32mΓ£ô[39m v3/@claude-flow/guidance/tests/trust.test.ts[2m > [22mfactory functions[2m > [22mcreateTrustSystem()[2m > [22mshould create a TrustSystem with default config
 [32mΓ£ô[39m v3/@claude-flow/guidance/tests/trust.test.ts[2m > [22mfactory functions[2m > [22mcreateTrustSystem()[2m > [22mshould create a TrustSystem with custom config
 [32mΓ£ô[39m v3/@claude-flow/cli/__tests__/services/headless-worker-executor.test.ts[2m > [22mHeadlessWorkerExecutor[2m > [22mexecute[2m > [22mshould pass sandbox option to claude
 [32mΓ£ô[39m v3/@claude-flow/cli/__tests__/services/headless-worker-executor.test.ts[2m > [22mHeadlessWorkerExecutor[2m > [22mexecute[2m > [22mshould return error when Claude Code is not available
 [32mΓ£ô[39m v3/@claude-flow/cli/__tests__/services/headless-worker-executor.test.ts[2m > [22mHeadlessWorkerExecutor[2m > [22mContext Building[2m > [22mshould build context from file patterns
 [32mΓ£ô[39m v3/@claude-flow/cli/__tests__/services/headless-worker-executor.test.ts[2m > [22mHeadlessWorkerExecutor[2m > [22mContext Building[2m > [22mshould return empty string for empty patterns
 [32mΓ£ô[39m v3/@claude-flow/cli/__tests__/services/headless-worker-executor.test.ts[2m > [22mHeadlessWorkerExecutor[2m > [22mContext Building[2m > [22mshould limit files to 10
 [32mΓ£ô[39m v3/@claude-flow/cli/__tests__/services/headless-worker-executor.test.ts[2m > [22mHeadlessWorkerExecutor[2m > [22mContext Building[2m > [22mshould skip unreadable files
 [32mΓ£ô[39m v3/@claude-flow/cli/__tests__/services/headless-worker-executor.test.ts[2m > [22mHeadlessWorkerExecutor[2m > [22mContext Building[2m > [22mshould combine multiple patterns
 [32mΓ£ô[39m v3/@claude-flow/cli/__tests__/services/headless-worker-executor.test.ts[2m > [22mHeadlessWorkerExecutor[2m > [22mPrompt Template Building[2m > [22mshould build basic prompt without context
 [32mΓ£ô[39m v3/@claude-flow/cli/__tests__/services/headless-worker-executor.test.ts[2m > [22mHeadlessWorkerExecutor[2m > [22mPrompt Template Building[2m > [22mshould prepend context to prompt
 [32mΓ£ô[39m v3/@claude-flow/cli/__tests__/services/headless-worker-executor.test.ts[2m > [22mHeadlessWorkerExecutor[2m > [22mPrompt Template Building[2m > [22mshould add JSON instruction for json format
 [32mΓ£ô[39m v3/@claude-flow/cli/__tests__/services/headless-worker-executor.test.ts[2m > [22mHeadlessWorkerExecutor[2m > [22mPrompt Template Building[2m > [22mshould add Markdown instruction for markdown format
 [32mΓ£ô[39m v3/@claude-flow/cli/__tests__/services/headless-worker-executor.test.ts[2m > [22mHeadlessWorkerExecutor[2m > [22mPrompt Template Building[2m > [22mshould not add format instruction for text format
 [32mΓ£ô[39m v3/@claude-flow/cli/__tests__/services/headless-worker-executor.test.ts[2m > [22mHeadlessWorkerExecutor[2m > [22mPrompt Template Building[2m > [22mshould combine context and format instructions
 [32mΓ£ô[39m v3/@claude-flow/cli/__tests__/services/headless-worker-executor.test.ts[2m > [22mHeadlessWorkerExecutor[2m > [22mOutput Parsing[2m > [22mshould parse valid JSON output
 [32mΓ£ô[39m v3/@claude-flow/cli/__tests__/services/headless-worker-executor.test.ts[2m > [22mHeadlessWorkerExecutor[2m > [22mOutput Parsing[2m > [22mshould parse JSON array output
 [32mΓ£ô[39m v3/@claude-flow/cli/__tests__/services/headless-worker-executor.test.ts[2m > [22mHeadlessWorkerExecutor[2m > [22mOutput Parsing[2m > [22mshould extract JSON from mixed output
 [32mΓ£ô[39m v3/@claude-flow/cli/__tests__/services/headless-worker-executor.test.ts[2m > [22mHeadlessWorkerExecutor[2m > [22mOutput Parsing[2m > [22mshould return string for invalid JSON
 [32mΓ£ô[39m v3/@claude-flow/cli/__tests__/services/headless-worker-executor.test.ts[2m > [22mHeadlessWorkerExecutor[2m > [22mOutput Parsing[2m > [22mshould trim text output
 [32mΓ£ô[39m v3/@claude-flow/cli/__tests__/services/headless-worker-executor.test.ts[2m > [22mHeadlessWorkerExecutor[2m > [22mOutput Parsing[2m > [22mshould preserve markdown output
 [32mΓ£ô[39m v3/@claude-flow/cli/__tests__/services/headless-worker-executor.test.ts[2m > [22mHeadlessWorkerExecutor[2m > [22mOutput Parsing[2m > [22mshould handle empty output
 [32mΓ£ô[39m v3/@claude-flow/cli/__tests__/services/headless-worker-executor.test.ts[2m > [22mHeadlessWorkerExecutor[2m > [22mOutput Parsing[2m > [22mshould handle whitespace-only output
 [32mΓ£ô[39m v3/@claude-flow/cli/__tests__/services/headless-worker-executor.test.ts[2m > [22mHeadlessWorkerExecutor[2m > [22mTimeout Handling[2m > [22mshould setup timeout for process execution
 [32mΓ£ô[39m v3/@claude-flow/cli/__tests__/services/headless-worker-executor.test.ts[2m > [22mHeadlessWorkerExecutor[2m > [22mTimeout Handling[2m > [22mshould emit timeout event when configured timeout is exceeded
 [32mΓ£ô[39m v3/@claude-flow/cli/__tests__/services/headless-worker-executor.test.ts[2m > [22mHeadlessWorkerExecutor[2m > [22mTimeout Handling[2m > [22mshould call kill on child process for timeout simulation
 [32mΓ£ô[39m v3/@claude-flow/cli/__tests__/services/headless-worker-executor.test.ts[2m > [22mHeadlessWorkerExecutor[2m > [22mTimeout Handling[2m > [22mshould use default timeout configuration
 [32mΓ£ô[39m v3/@claude-flow/cli/__tests__/services/headless-worker-executor.test.ts[2m > [22mHeadlessWorkerExecutor[2m > [22mTimeout Handling[2m > [22mshould not timeout if process completes in time
 [32mΓ£ô[39m v3/@claude-flow/cli/__tests__/services/headless-worker-executor.test.ts[2m > [22mHeadlessWorkerExecutor[2m > [22mError Handling[2m > [22mshould handle missing Claude Code gracefully
 [32mΓ£ô[39m v3/@claude-flow/cli/__tests__/services/headless-worker-executor.test.ts[2m > [22mHeadlessWorkerExecutor[2m > [22mError Handling[2m > [22mshould emit error event for execution failures
 [32mΓ£ô[39m v3/@claude-flow/cli/__tests__/services/headless-worker-executor.test.ts[2m > [22mHeadlessWorkerExecutor[2m > [22mError Handling[2m > [22mshould include duration in error results
 [32mΓ£ô[39m v3/@claude-flow/plugins/__tests__/ruvector-integration.test.ts[2m > [22mRuVector PostgreSQL Integration[2m > [22mConnection Management[2m > [22mshould connect to PostgreSQL
 [32mΓ£ô[39m v3/@claude-flow/plugins/__tests__/ruvector-integration.test.ts[2m > [22mRuVector PostgreSQL Integration[2m > [22mConnection Management[2m > [22mshould handle connection failures gracefully
 [32mΓ£ô[39m v3/@claude-flow/plugins/__tests__/ruvector-integration.test.ts[2m > [22mRuVector PostgreSQL Integration[2m > [22mConnection Management[2m > [22mshould reconnect after connection loss
 [32mΓ£ô[39m v3/@claude-flow/plugins/__tests__/ruvector-integration.test.ts[2m > [22mRuVector PostgreSQL Integration[2m > [22mConnection Management[2m > [22mshould respect pool limits
 [32mΓ£ô[39m v3/@claude-flow/plugins/__tests__/ruvector-integration.test.ts[2m > [22mRuVector PostgreSQL Integration[2m > [22mConnection Management[2m > [22mshould emit connection events
 [32mΓ£ô[39m v3/@claude-flow/plugins/__tests__/ruvector-integration.test.ts[2m > [22mRuVector PostgreSQL Integration[2m > [22mConnection Management[2m > [22mshould track connection state correctly
 [32mΓ£ô[39m v3/@claude-flow/plugins/__tests__/ruvector-integration.test.ts[2m > [22mRuVector PostgreSQL Integration[2m > [22mConnection Management[2m > [22mshould support SSL configuration
 [32mΓ£ô[39m v3/@claude-flow/plugins/__tests__/ruvector-integration.test.ts[2m > [22mRuVector PostgreSQL Integration[2m > [22mConnection Management[2m > [22mshould support retry configuration
 [32mΓ£ô[39m v3/@claude-flow/plugins/__tests__/ruvector-integration.test.ts[2m > [22mRuVector PostgreSQL Integration[2m > [22mVector Operations[2m > [22mshould insert vectors with metadata
 [32mΓ£ô[39m v3/@claude-flow/plugins/__tests__/ruvector-integration.test.ts[2m > [22mRuVector PostgreSQL Integration[2m > [22mVector Operations[2m > [22mshould perform cosine similarity search
 [32mΓ£ô[39m v3/@claude-flow/plugins/__tests__/ruvector-integration.test.ts[2m > [22mRuVector PostgreSQL Integration[2m > [22mVector Operations[2m > [22mshould perform euclidean distance search
 [32mΓ£ô[39m v3/@claude-flow/plugins/__tests__/ruvector-integration.test.ts[2m > [22mRuVector PostgreSQL Integration[2m > [22mVector Operations[2m > [22mshould filter by metadata
 [32mΓ£ô[39m v3/@claude-flow/plugins/__tests__/ruvector-integration.test.ts[2m > [22mRuVector PostgreSQL Integration[2m > [22mVector Operations[2m > [22mshould handle batch inserts
 [32mΓ£ô[39m v3/@claude-flow/plugins/__tests__/ruvector-integration.test.ts[2m > [22mRuVector PostgreSQL Integration[2m > [22mVector Operations[2m > [22mshould update existing vectors
 [32mΓ£ô[39m v3/@claude-flow/plugins/__tests__/ruvector-integration.test.ts[2m > [22mRuVector PostgreSQL Integration[2m > [22mVector Operations[2m > [22mshould delete vectors
 [32mΓ£ô[39m v3/@claude-flow/plugins/__tests__/ruvector-integration.test.ts[2m > [22mRuVector PostgreSQL Integration[2m > [22mVector Operations[2m > [22mshould bulk delete vectors
 [32mΓ£ô[39m v3/@claude-flow/plugins/__tests__/ruvector-integration.test.ts[2m > [22mRuVector PostgreSQL Integration[2m > [22mVector Operations[2m > [22mshould emit vector operation events
 [32mΓ£ô[39m v3/@claude-flow/plugins/__tests__/ruvector-integration.test.ts[2m > [22mRuVector PostgreSQL Integration[2m > [22mVector Operations[2m > [22mshould include vector in search results when requested
 [32mΓ£ô[39m v3/@claude-flow/plugins/__tests__/ruvector-integration.test.ts[2m > [22mRuVector PostgreSQL Integration[2m > [22mVector Operations[2m > [22mshould throw when not connected
 [32mΓ£ô[39m v3/@claude-flow/plugins/__tests__/ruvector-integration.test.ts[2m > [22mRuVector PostgreSQL Integration[2m > [22mIndex Management[2m > [22mshould create HNSW index
 [32mΓ£ô[39m v3/@claude-flow/plugins/__tests__/ruvector-integration.test.ts[2m > [22mRuVector PostgreSQL Integration[2m > [22mIndex Management[2m > [22mshould create IVFFlat index
 [32mΓ£ô[39m v3/@claude-flow/plugins/__tests__/ruvector-integration.test.ts[2m > [22mRuVector PostgreSQL Integration[2m > [22mIndex Management[2m > [22mshould report index statistics
 [32mΓ£ô[39m v3/@claude-flow/plugins/__tests__/ruvector-integration.test.ts[2m > [22mRuVector PostgreSQL Integration[2m > [22mIndex Management[2m > [22mshould handle concurrent index creation
 [32mΓ£ô[39m v3/@claude-flow/plugins/__tests__/ruvector-integration.test.ts[2m > [22mRuVector PostgreSQL Integration[2m > [22mIndex Management[2m > [22mshould list all indices
 [32mΓ£ô[39m v3/@claude-flow/plugins/__tests__/ruvector-integration.test.ts[2m > [22mRuVector PostgreSQL Integration[2m > [22mIndex Management[2m > [22mshould list indices for specific table
 [32mΓ£ô[39m v3/@claude-flow/plugins/__tests__/ruvector-integration.test.ts[2m > [22mRuVector PostgreSQL Integration[2m > [22mIndex Management[2m > [22mshould rebuild index
 [32mΓ£ô[39m v3/@claude-flow/plugins/__tests__/ruvector-integration.test.ts[2m > [22mRuVector PostgreSQL Integration[2m > [22mIndex Management[2m > [22mshould drop index
 [32mΓ£ô[39m v3/@claude-flow/plugins/__tests__/ruvector-integration.test.ts[2m > [22mRuVector PostgreSQL Integration[2m > [22mIndex Management[2m > [22mshould emit index events
 [32mΓ£ô[39m v3/@claude-flow/plugins/__tests__/ruvector-integration.test.ts[2m > [22mRuVector PostgreSQL Integration[2m > [22mTransactions[2m > [22mshould commit successful transactions
 [32mΓ£ô[39m v3/@claude-flow/plugins/__tests__/ruvector-integration.test.ts[2m > [22mRuVector PostgreSQL Integration[2m > [22mTransactions[2m > [22mshould rollback on error
 [32mΓ£ô[39m v3/@claude-flow/plugins/__tests__/ruvector-integration.test.ts[2m > [22mRuVector PostgreSQL Integration[2m > [22mTransactions[2m > [22mshould support savepoints
 [32mΓ£ô[39m v3/@claude-flow/plugins/__tests__/ruvector-integration.test.ts[2m > [22mRuVector PostgreSQL Integration[2m > [22mTransactions[2m > [22mshould handle isolation levels
 [32mΓ£ô[39m v3/@claude-flow/plugins/__tests__/ruvector-integration.test.ts[2m > [22mRuVector PostgreSQL Integration[2m > [22mTransactions[2m > [22mshould track transaction metrics
 [32mΓ£ô[39m v3/@claude-flow/plugins/__tests__/ruvector-integration.test.ts[2m > [22mRuVector PostgreSQL Integration[2m > [22mPerformance[2m > [22mshould achieve target insert throughput
 [32mΓ£ô[39m v3/@claude-flow/plugins/__tests__/ruvector-integration.test.ts[2m > [22mRuVector PostgreSQL Integration[2m > [22mPerformance[2m > [22mshould achieve target query latency
 [32mΓ£ô[39m v3/@claude-flow/plugins/__tests__/ruvector-integration.test.ts[2m > [22mRuVector PostgreSQL Integration[2m > [22mPerformance[2m > [22mshould handle concurrent queries
 [32mΓ£ô[39m v3/@claude-flow/plugins/__tests__/ruvector-integration.test.ts[2m > [22mRuVector PostgreSQL Integration[2m > [22mPerformance[2m > [22mshould measure batch search performance
 [32mΓ£ô[39m v3/@claude-flow/plugins/__tests__/ruvector-integration.test.ts[2m > [22mRuVector PostgreSQL Integration[2m > [22mHealth and Statistics[2m > [22mshould report healthy status when connected
 [32mΓ£ô[39m v3/@claude-flow/plugins/__tests__/ruvector-integration.test.ts[2m > [22mRuVector PostgreSQL Integration[2m > [22mHealth and Statistics[2m > [22mshould report unhealthy status when disconnected
 [32mΓ£ô[39m v3/@claude-flow/plugins/__tests__/ruvector-integration.test.ts[2m > [22mRuVector PostgreSQL Integration[2m > [22mHealth and Statistics[2m > [22mshould return system statistics
 [32mΓ£ô[39m v3/@claude-flow/plugins/__tests__/ruvector-integration.test.ts[2m > [22mRuVector PostgreSQL Integration[2m > [22mHealth and Statistics[2m > [22mshould analyze tables
 [32mΓ£ô[39m v3/@claude-flow/plugins/__tests__/ruvector-integration.test.ts[2m > [22mRuVector PostgreSQL Integration[2m > [22mHealth and Statistics[2m > [22mshould perform vacuum operation
 [32mΓ£ô[39m v3/@claude-flow/plugins/__tests__/ruvector-integration.test.ts[2m > [22mRuVector PostgreSQL Integration[2m > [22mEvent System[2m > [22mshould register and unregister event handlers
 [32mΓ£ô[39m v3/@claude-flow/plugins/__tests__/ruvector-integration.test.ts[2m > [22mRuVector PostgreSQL Integration[2m > [22mEvent System[2m > [22mshould handle once events
 [32mΓ£ô[39m v3/@claude-flow/plugins/__tests__/ruvector-integration.test.ts[2m > [22mRuVector PostgreSQL Integration[2m > [22mEvent System[2m > [22mshould remove all listeners
 [32mΓ£ô[39m v3/@claude-flow/plugins/__tests__/ruvector-integration.test.ts[2m > [22mRuVector PostgreSQL Integration[2m > [22mEvent System[2m > [22mshould remove listeners for specific event
 [32mΓ£ô[39m v3/@claude-flow/plugins/__tests__/ruvector-integration.test.ts[2m > [22mRuVector PostgreSQL Integration[2m > [22mAdvanced Features[2m > [22mAttention Mechanisms[2m > [22mshould compute multi-head attention
 [32mΓ£ô[39m v3/@claude-flow/plugins/__tests__/ruvector-integration.test.ts[2m > [22mRuVector PostgreSQL Integration[2m > [22mAdvanced Features[2m > [22mAttention Mechanisms[2m > [22mshould emit attention events
 [32mΓ£ô[39m v3/@claude-flow/plugins/__tests__/ruvector-integration.test.ts[2m > [22mRuVector PostgreSQL Integration[2m > [22mAdvanced Features[2m > [22mGNN Operations[2m > [22mshould execute GCN layer
 [32mΓ£ô[39m v3/@claude-flow/plugins/__tests__/ruvector-integration.test.ts[2m > [22mRuVector PostgreSQL Integration[2m > [22mAdvanced Features[2m > [22mGNN Operations[2m > [22mshould emit GNN events
 [32mΓ£ô[39m v3/@claude-flow/plugins/__tests__/ruvector-integration.test.ts[2m > [22mRuVector PostgreSQL Integration[2m > [22mAdvanced Features[2m > [22mGNN Operations[2m > [22mshould build graph from node features and edges
 [32mΓ£ô[39m v3/@claude-flow/plugins/__tests__/ruvector-integration.test.ts[2m > [22mRuVector PostgreSQL Integration[2m > [22mAdvanced Features[2m > [22mHyperbolic Embeddings[2m > [22mshould embed points in Poincare ball
 [32mΓ£ô[39m v3/@claude-flow/plugins/__tests__/ruvector-integration.test.ts[2m > [22mRuVector PostgreSQL Integration[2m > [22mAdvanced Features[2m > [22mHyperbolic Embeddings[2m > [22mshould compute hyperbolic distance
 [32mΓ£ô[39m v3/@claude-flow/plugins/__tests__/ruvector-integration.test.ts[2m > [22mRuVector PostgreSQL Integration[2m > [22mAdvanced Features[2m > [22mHyperbolic Embeddings[2m > [22mshould emit hyperbolic events
 [32mΓ£ô[39m v3/@claude-flow/plugins/__tests__/ruvector-integration.test.ts[2m > [22mRuVector PostgreSQL Integration[2m > [22mAdvanced Features[2m > [22mEmbedding Operations[2m > [22mshould embed single text
 [32mΓ£ô[39m v3/@claude-flow/plugins/__tests__/ruvector-integration.test.ts[2m > [22mRuVector PostgreSQL Integration[2m > [22mAdvanced Features[2m > [22mEmbedding Operations[2m > [22mshould embed batch of texts
 [32mΓ£ô[39m v3/@claude-flow/plugins/__tests__/ruvector-integration.test.ts[2m > [22mEdge Cases and Error Handling[2m > [22mBoundary Values[2m > [22mshould handle empty vector search (k=0)
 [32mΓ£ô[39m v3/@claude-flow/plugins/__tests__/ruvector-integration.test.ts[2m > [22mEdge Cases and Error Handling[2m > [22mBoundary Values[2m > [22mshould handle large batch sizes
 [32mΓ£ô[39m v3/@claude-flow/plugins/__tests__/ruvector-integration.test.ts[2m > [22mEdge Cases and Error Handling[2m > [22mBoundary Values[2m > [22mshould handle high-dimensional vectors
 [32mΓ£ô[39m v3/@claude-flow/plugins/__tests__/ruvector-integration.test.ts[2m > [22mEdge Cases and Error Handling[2m > [22mBoundary Values[2m > [22mshould handle very small k values
 [32mΓ£ô[39m v3/@claude-flow/plugins/__tests__/ruvector-integration.test.ts[2m > [22mEdge Cases and Error Handling[2m > [22mEmpty/Null Cases[2m > [22mshould handle empty batch insert
 [32mΓ£ô[39m v3/@claude-flow/plugins/__tests__/ruvector-integration.test.ts[2m > [22mEdge Cases and Error Handling[2m > [22mEmpty/Null Cases[2m > [22mshould handle graph with no edges
 [32mΓ£ô[39m v3/@claude-flow/plugins/__tests__/ruvector-integration.test.ts[2m > [22mEdge Cases and Error Handling[2m > [22mConcurrent Operations[2m > [22mshould handle concurrent searches
 [32mΓ£ô[39m v3/@claude-flow/plugins/__tests__/ruvector-integration.test.ts[2m > [22mEdge Cases and Error Handling[2m > [22mConcurrent Operations[2m > [22mshould handle concurrent inserts
 [32mΓ£ô[39m v3/@claude-flow/plugins/__tests__/ruvector-integration.test.ts[2m > [22mEdge Cases and Error Handling[2m > [22mConcurrent Operations[2m > [22mshould handle mixed concurrent operations
 [32mΓ£ô[39m v3/@claude-flow/cli/__tests__/services/headless-worker-executor.test.ts[2m > [22mHeadlessWorkerExecutor[2m > [22mEvent Emissions[2m > [22mshould emit output events with workerId and chunk
 [32mΓ£ô[39m v3/@claude-flow/guidance/tests/truth-anchors.test.ts[2m > [22mTruthAnchorStore[2m > [22mconstructor[2m > [22mshould throw error if no signingKey provided
 [32mΓ£ô[39m v3/@claude-flow/guidance/tests/truth-anchors.test.ts[2m > [22mTruthAnchorStore[2m > [22mconstructor[2m > [22mshould accept signingKey in config
 [32mΓ£ô[39m v3/@claude-flow/guidance/tests/truth-anchors.test.ts[2m > [22mTruthAnchorStore[2m > [22mconstructor[2m > [22mshould use default maxAnchors of 50,000
 [32mΓ£ô[39m v3/@claude-flow/guidance/tests/truth-anchors.test.ts[2m > [22mTruthAnchorStore[2m > [22mconstructor[2m > [22mshould accept custom maxAnchors
 [32mΓ£ô[39m v3/@claude-flow/guidance/tests/truth-anchors.test.ts[2m > [22mTruthAnchorStore[2m > [22manchor()[2m > [22mshould create a new truth anchor with all required fields
 [32mΓ£ô[39m v3/@claude-flow/guidance/tests/truth-anchors.test.ts[2m > [22mTruthAnchorStore[2m > [22manchor()[2m > [22mshould accept optional validFrom timestamp
 [32mΓ£ô[39m v3/@claude-flow/guidance/tests/truth-anchors.test.ts[2m > [22mTruthAnchorStore[2m > [22manchor()[2m > [22mshould accept optional validUntil timestamp
 [32mΓ£ô[39m v3/@claude-flow/guidance/tests/truth-anchors.test.ts[2m > [22mTruthAnchorStore[2m > [22manchor()[2m > [22mshould accept optional supersedes array
 [32mΓ£ô[39m v3/@claude-flow/guidance/tests/truth-anchors.test.ts[2m > [22mTruthAnchorStore[2m > [22manchor()[2m > [22mshould accept optional tags
 [32mΓ£ô[39m v3/@claude-flow/guidance/tests/truth-anchors.test.ts[2m > [22mTruthAnchorStore[2m > [22manchor()[2m > [22mshould accept optional metadata
 [32mΓ£ô[39m v3/@claude-flow/guidance/tests/truth-anchors.test.ts[2m > [22mTruthAnchorStore[2m > [22manchor()[2m > [22mshould increment store size after creating anchor
 [32mΓ£ô[39m v3/@claude-flow/guidance/tests/truth-anchors.test.ts[2m > [22mTruthAnchorStore[2m > [22manchor()[2m > [22mshould support all TruthSourceKind values
 [32mΓ£ô[39m v3/@claude-flow/guidance/tests/truth-anchors.test.ts[2m > [22mTruthAnchorStore[2m > [22mget()[2m > [22mshould retrieve an anchor by its ID
 [32mΓ£ô[39m v3/@claude-flow/guidance/tests/truth-anchors.test.ts[2m > [22mTruthAnchorStore[2m > [22mget()[2m > [22mshould return undefined for non-existent ID
 [32mΓ£ô[39m v3/@claude-flow/guidance/tests/truth-anchors.test.ts[2m > [22mTruthAnchorStore[2m > [22mget()[2m > [22mshould retrieve correct anchor when multiple exist
 [32mΓ£ô[39m v3/@claude-flow/guidance/tests/truth-anchors.test.ts[2m > [22mTruthAnchorStore[2m > [22mgetActive()[2m > [22mshould return empty array when store is empty
 [32mΓ£ô[39m v3/@claude-flow/guidance/tests/truth-anchors.test.ts[2m > [22mTruthAnchorStore[2m > [22mgetActive()[2m > [22mshould return anchors valid at current time by default
 [32mΓ£ô[39m v3/@claude-flow/guidance/tests/truth-anchors.test.ts[2m > [22mTruthAnchorStore[2m > [22mgetActive()[2m > [22mshould exclude anchors not yet valid
 [32mΓ£ô[39m v3/@claude-flow/guidance/tests/truth-anchors.test.ts[2m > [22mTruthAnchorStore[2m > [22mgetActive()[2m > [22mshould exclude expired anchors
 [32mΓ£ô[39m v3/@claude-flow/guidance/tests/truth-anchors.test.ts[2m > [22mTruthAnchorStore[2m > [22mgetActive()[2m > [22mshould include anchors with null validUntil (indefinite)
 [32mΓ£ô[39m v3/@claude-flow/guidance/tests/truth-anchors.test.ts[2m > [22mTruthAnchorStore[2m > [22mgetActive()[2m > [22mshould accept custom timestamp parameter
 [32mΓ£ô[39m v3/@claude-flow/guidance/tests/truth-anchors.test.ts[2m > [22mTruthAnchorStore[2m > [22mgetActive()[2m > [22mshould return multiple active anchors
 [32mΓ£ô[39m v3/@claude-flow/guidance/tests/truth-anchors.test.ts[2m > [22mTruthAnchorStore[2m > [22mquery()[2m > [22mshould return all anchors when query is empty
 [32mΓ£ô[39m v3/@claude-flow/guidance/tests/truth-anchors.test.ts[2m > [22mTruthAnchorStore[2m > [22mquery()[2m > [22mshould filter by kind
 [32mΓ£ô[39m v3/@claude-flow/guidance/tests/truth-anchors.test.ts[2m > [22mTruthAnchorStore[2m > [22mquery()[2m > [22mshould filter by attesterId
 [32mΓ£ô[39m v3/@claude-flow/guidance/tests/truth-anchors.test.ts[2m > [22mTruthAnchorStore[2m > [22mquery()[2m > [22mshould filter by tags (at least one match)
 [32mΓ£ô[39m v3/@claude-flow/guidance/tests/truth-anchors.test.ts[2m > [22mTruthAnchorStore[2m > [22mquery()[2m > [22mshould filter by validAt timestamp
 [32mΓ£ô[39m v3/@claude-flow/guidance/tests/truth-anchors.test.ts[2m > [22mTruthAnchorStore[2m > [22mquery()[2m > [22mshould combine multiple filters with AND logic
 [32mΓ£ô[39m v3/@claude-flow/guidance/tests/truth-anchors.test.ts[2m > [22mTruthAnchorStore[2m > [22mquery()[2m > [22mshould return empty array when no matches
 [32mΓ£ô[39m v3/@claude-flow/guidance/tests/truth-anchors.test.ts[2m > [22mTruthAnchorStore[2m > [22mquery()[2m > [22mshould match any tag in the tags array
 [32mΓ£ô[39m v3/@claude-flow/guidance/tests/truth-anchors.test.ts[2m > [22mTruthAnchorStore[2m > [22mverify()[2m > [22mshould return true for valid signature
 [32mΓ£ô[39m v3/@claude-flow/guidance/tests/truth-anchors.test.ts[2m > [22mTruthAnchorStore[2m > [22mverify()[2m > [22mshould return false for non-existent anchor
 [32mΓ£ô[39m v3/@claude-flow/guidance/tests/truth-anchors.test.ts[2m > [22mTruthAnchorStore[2m > [22mverify()[2m > [22mshould return false if signature is tampered
 [32mΓ£ô[39m v3/@claude-flow/guidance/tests/truth-anchors.test.ts[2m > [22mTruthAnchorStore[2m > [22mverify()[2m > [22mshould return false if anchor content is changed after signing
 [32mΓ£ô[39m v3/@claude-flow/guidance/tests/truth-anchors.test.ts[2m > [22mTruthAnchorStore[2m > [22mverifyAll()[2m > [22mshould return zero valid and empty invalid when store is empty
 [32mΓ£ô[39m v3/@claude-flow/guidance/tests/truth-anchors.test.ts[2m > [22mTruthAnchorStore[2m > [22mverifyAll()[2m > [22mshould return all valid when all signatures are intact
 [32mΓ£ô[39m v3/@claude-flow/guidance/tests/truth-anchors.test.ts[2m > [22mTruthAnchorStore[2m > [22mverifyAll()[2m > [22mshould detect tampered signatures
 [32mΓ£ô[39m v3/@claude-flow/guidance/tests/truth-anchors.test.ts[2m > [22mTruthAnchorStore[2m > [22mverifyAll()[2m > [22mshould identify all invalid anchors
 [32mΓ£ô[39m v3/@claude-flow/guidance/tests/truth-anchors.test.ts[2m > [22mTruthAnchorStore[2m > [22msupersede()[2m > [22mshould create a new anchor that supersedes an old one
 [32mΓ£ô[39m v3/@claude-flow/guidance/tests/truth-anchors.test.ts[2m > [22mTruthAnchorStore[2m > [22msupersede()[2m > [22mshould throw error if old anchor ID does not exist
 [32mΓ£ô[39m v3/@claude-flow/guidance/tests/truth-anchors.test.ts[2m > [22mTruthAnchorStore[2m > [22msupersede()[2m > [22mshould preserve existing supersedes array
 [32mΓ£ô[39m v3/@claude-flow/guidance/tests/truth-anchors.test.ts[2m > [22mTruthAnchorStore[2m > [22msupersede()[2m > [22mshould not duplicate IDs in supersedes array
 [32mΓ£ô[39m v3/@claude-flow/guidance/tests/truth-anchors.test.ts[2m > [22mTruthAnchorStore[2m > [22msupersede()[2m > [22mshould keep old anchor intact and queryable
 [32mΓ£ô[39m v3/@claude-flow/guidance/tests/truth-anchors.test.ts[2m > [22mTruthAnchorStore[2m > [22mresolve()[2m > [22mshould return undefined when no matching anchor exists
 [32mΓ£ô[39m v3/@claude-flow/guidance/tests/truth-anchors.test.ts[2m > [22mTruthAnchorStore[2m > [22mresolve()[2m > [22mshould return matching active anchor
 [32mΓ£ô[39m v3/@claude-flow/guidance/tests/truth-anchors.test.ts[2m > [22mTruthAnchorStore[2m > [22mresolve()[2m > [22mshould perform case-insensitive matching
 [32mΓ£ô[39m v3/@claude-flow/guidance/tests/truth-anchors.test.ts[2m > [22mTruthAnchorStore[2m > [22mresolve()[2m > [22mshould trim whitespace before matching
 [32mΓ£ô[39m v3/@claude-flow/guidance/tests/truth-anchors.test.ts[2m > [22mTruthAnchorStore[2m > [22mresolve()[2m > [22mshould ignore expired anchors
 [32mΓ£ô[39m v3/@claude-flow/guidance/tests/truth-anchors.test.ts[2m > [22mTruthAnchorStore[2m > [22mresolve()[2m > [22mshould ignore not-yet-valid anchors
 [32mΓ£ô[39m v3/@claude-flow/guidance/tests/truth-anchors.test.ts[2m > [22mTruthAnchorStore[2m > [22mresolve()[2m > [22mshould return first matching anchor if multiple exist
 [32mΓ£ô[39m v3/@claude-flow/guidance/tests/truth-anchors.test.ts[2m > [22mTruthAnchorStore[2m > [22mexportAnchors() / importAnchors()[2m > [22mshould export empty array when store is empty
 [32mΓ£ô[39m v3/@claude-flow/guidance/tests/truth-anchors.test.ts[2m > [22mTruthAnchorStore[2m > [22mexportAnchors() / importAnchors()[2m > [22mshould export all anchors
 [32mΓ£ô[39m v3/@claude-flow/guidance/tests/truth-anchors.test.ts[2m > [22mTruthAnchorStore[2m > [22mexportAnchors() / importAnchors()[2m > [22mshould import anchors to empty store
 [32mΓ£ô[39m v3/@claude-flow/guidance/tests/truth-anchors.test.ts[2m > [22mTruthAnchorStore[2m > [22mexportAnchors() / importAnchors()[2m > [22mshould append to existing anchors
 [32mΓ£ô[39m v3/@claude-flow/guidance/tests/truth-anchors.test.ts[2m > [22mTruthAnchorStore[2m > [22mexportAnchors() / importAnchors()[2m > [22mshould skip duplicate IDs on import
 [32mΓ£ô[39m v3/@claude-flow/guidance/tests/truth-anchors.test.ts[2m > [22mTruthAnchorStore[2m > [22mexportAnchors() / importAnchors()[2m > [22mshould round-trip export/import correctly
 [32mΓ£ô[39m v3/@claude-flow/guidance/tests/truth-anchors.test.ts[2m > [22mTruthAnchorStore[2m > [22msize[2m > [22mshould return 0 for empty store
 [32mΓ£ô[39m v3/@claude-flow/guidance/tests/truth-anchors.test.ts[2m > [22mTruthAnchorStore[2m > [22msize[2m > [22mshould return correct count after adding anchors
 [32mΓ£ô[39m v3/@claude-flow/guidance/tests/truth-anchors.test.ts[2m > [22mTruthAnchorStore[2m > [22mcapacity enforcement[2m > [22mshould evict expired anchors when exceeding maxAnchors
 [32mΓ£ô[39m v3/@claude-flow/guidance/tests/truth-anchors.test.ts[2m > [22mTruthAnchorStore[2m > [22mcapacity enforcement[2m > [22mshould evict oldest expired anchors first (LRU)
 [32mΓ£ô[39m v3/@claude-flow/guidance/tests/truth-anchors.test.ts[2m > [22mTruthAnchorStore[2m > [22mcapacity enforcement[2m > [22mshould not evict active anchors even at capacity
 [32mΓ£ô[39m v3/@claude-flow/guidance/tests/truth-anchors.test.ts[2m > [22mTruthResolver[2m > [22mconstructor[2m > [22mshould accept a TruthAnchorStore instance
 [32mΓ£ô[39m v3/@claude-flow/guidance/tests/truth-anchors.test.ts[2m > [22mTruthResolver[2m > [22mresolveMemoryConflict()[2m > [22mshould return truthWins=false when no anchor contradicts memory
 [32mΓ£ô[39m v3/@claude-flow/guidance/tests/truth-anchors.test.ts[2m > [22mTruthResolver[2m > [22mresolveMemoryConflict()[2m > [22mshould return truthWins=true when anchor contradicts memory
 [32mΓ£ô[39m v3/@claude-flow/guidance/tests/truth-anchors.test.ts[2m > [22mTruthResolver[2m > [22mresolveMemoryConflict()[2m > [22mshould match anchors tagged with namespace
 [32mΓ£ô[39m v3/@claude-flow/guidance/tests/truth-anchors.test.ts[2m > [22mTruthResolver[2m > [22mresolveMemoryConflict()[2m > [22mshould match anchors tagged with namespace:key pattern
 [32mΓ£ô[39m v3/@claude-flow/guidance/tests/truth-anchors.test.ts[2m > [22mTruthResolver[2m > [22mresolveMemoryConflict()[2m > [22mshould perform case-insensitive tag matching
 [32mΓ£ô[39m v3/@claude-flow/guidance/tests/truth-anchors.test.ts[2m > [22mTruthResolver[2m > [22mresolveMemoryConflict()[2m > [22mshould not contradict when claims match
 [32mΓ£ô[39m v3/@claude-flow/guidance/tests/truth-anchors.test.ts[2m > [22mTruthResolver[2m > [22mresolveMemoryConflict()[2m > [22mshould ignore expired anchors
 [32mΓ£ô[39m v3/@claude-flow/guidance/tests/truth-anchors.test.ts[2m > [22mTruthResolver[2m > [22mresolveDecisionConflict()[2m > [22mshould return truthWins=false when no anchor constrains action
 [32mΓ£ô[39m v3/@claude-flow/guidance/tests/truth-anchors.test.ts[2m > [22mTruthResolver[2m > [22mresolveDecisionConflict()[2m > [22mshould return truthWins=true when anchor constrains action
 [32mΓ£ô[39m v3/@claude-flow/guidance/tests/truth-anchors.test.ts[2m > [22mTruthResolver[2m > [22mresolveDecisionConflict()[2m > [22mshould match when tag overlaps with context keys
 [32mΓ£ô[39m v3/@claude-flow/guidance/tests/truth-anchors.test.ts[2m > [22mTruthResolver[2m > [22mresolveDecisionConflict()[2m > [22mshould match when action text includes tag
 [32mΓ£ô[39m v3/@claude-flow/guidance/tests/truth-anchors.test.ts[2m > [22mTruthResolver[2m > [22mresolveDecisionConflict()[2m > [22mshould match when claim text includes action
 [32mΓ£ô[39m v3/@claude-flow/guidance/tests/truth-anchors.test.ts[2m > [22mTruthResolver[2m > [22mresolveDecisionConflict()[2m > [22mshould ignore expired anchors
 [32mΓ£ô[39m v3/@claude-flow/guidance/tests/truth-anchors.test.ts[2m > [22mTruthResolver[2m > [22mgetGroundTruth()[2m > [22mshould return empty array when no anchors match topic
 [32mΓ£ô[39m v3/@claude-flow/guidance/tests/truth-anchors.test.ts[2m > [22mTruthResolver[2m > [22mgetGroundTruth()[2m > [22mshould return anchors with matching tags
 [32mΓ£ô[39m v3/@claude-flow/guidance/tests/truth-anchors.test.ts[2m > [22mTruthResolver[2m > [22mgetGroundTruth()[2m > [22mshould return anchors with matching claim text
 [32mΓ£ô[39m v3/@claude-flow/guidance/tests/truth-anchors.test.ts[2m > [22mTruthResolver[2m > [22mgetGroundTruth()[2m > [22mshould use fuzzy tag matching (tag contains topic)
 [32mΓ£ô[39m v3/@claude-flow/guidance/tests/truth-anchors.test.ts[2m > [22mTruthResolver[2m > [22mgetGroundTruth()[2m > [22mshould use fuzzy tag matching (topic contains tag)
 [32mΓ£ô[39m v3/@claude-flow/guidance/tests/truth-anchors.test.ts[2m > [22mTruthResolver[2m > [22mgetGroundTruth()[2m > [22mshould perform case-insensitive matching
 [32mΓ£ô[39m v3/@claude-flow/guidance/tests/truth-anchors.test.ts[2m > [22mTruthResolver[2m > [22mgetGroundTruth()[2m > [22mshould return multiple matching anchors
 [32mΓ£ô[39m v3/@claude-flow/guidance/tests/truth-anchors.test.ts[2m > [22mTruthResolver[2m > [22mgetGroundTruth()[2m > [22mshould ignore expired anchors
 [32mΓ£ô[39m v3/@claude-flow/guidance/tests/truth-anchors.test.ts[2m > [22mTruthResolver[2m > [22mgetGroundTruth()[2m > [22mshould only return active anchors
 [32mΓ£ô[39m v3/@claude-flow/guidance/tests/truth-anchors.test.ts[2m > [22mfactory functions[2m > [22mcreateTruthAnchorStore()[2m > [22mshould create a TruthAnchorStore instance
 [32mΓ£ô[39m v3/@claude-flow/guidance/tests/truth-anchors.test.ts[2m > [22mfactory functions[2m > [22mcreateTruthAnchorStore()[2m > [22mshould pass config to constructor
 [32mΓ£ô[39m v3/@claude-flow/guidance/tests/truth-anchors.test.ts[2m > [22mfactory functions[2m > [22mcreateTruthAnchorStore()[2m > [22mshould throw if no signingKey provided
 [32mΓ£ô[39m v3/@claude-flow/guidance/tests/truth-anchors.test.ts[2m > [22mfactory functions[2m > [22mcreateTruthResolver()[2m > [22mshould create a TruthResolver instance
 [32mΓ£ô[39m v3/@claude-flow/guidance/tests/truth-anchors.test.ts[2m > [22mfactory functions[2m > [22mcreateTruthResolver()[2m > [22mshould use the provided store
 [32mΓ£ô[39m v3/@claude-flow/cli/__tests__/services/headless-worker-executor.test.ts[2m > [22mHeadlessWorkerExecutor[2m > [22mEvent Emissions[2m > [22mshould emit error events with workerId and error message
 [32mΓ£ô[39m v3/@claude-flow/cli/__tests__/services/headless-worker-executor.test.ts[2m > [22mHeadlessWorkerExecutor[2m > [22mHEADLESS_WORKERS Configuration Validation[2m > [22mshould validate enabled field
 [32mΓ£ô[39m v3/@claude-flow/cli/__tests__/services/headless-worker-executor.test.ts[2m > [22mHeadlessWorkerExecutor[2m > [22mHEADLESS_WORKERS Configuration Validation[2m > [22mshould reject invalid defaultTimeout
 [32mΓ£ô[39m v3/@claude-flow/cli/__tests__/services/headless-worker-executor.test.ts[2m > [22mHeadlessWorkerExecutor[2m > [22mHEADLESS_WORKERS Configuration Validation[2m > [22mshould reject invalid defaultSandbox
 [32mΓ£ô[39m v3/@claude-flow/cli/__tests__/services/headless-worker-executor.test.ts[2m > [22mHeadlessWorkerExecutor[2m > [22mHEADLESS_WORKERS Configuration Validation[2m > [22mshould validate worker configurations
 [32mΓ£ô[39m v3/@claude-flow/cli/__tests__/services/headless-worker-executor.test.ts[2m > [22mHeadlessWorkerExecutor[2m > [22mHEADLESS_WORKERS Configuration Validation[2m > [22mshould reject worker without prompt
 [32mΓ£ô[39m v3/@claude-flow/cli/__tests__/services/headless-worker-executor.test.ts[2m > [22mHeadlessWorkerExecutor[2m > [22mHEADLESS_WORKERS Configuration Validation[2m > [22mshould reject worker with invalid outputFormat
 [32mΓ£ô[39m v3/@claude-flow/cli/__tests__/services/headless-worker-executor.test.ts[2m > [22mHeadlessWorkerExecutor[2m > [22mHEADLESS_WORKERS Configuration Validation[2m > [22mshould reject worker with invalid timeout
 [32mΓ£ô[39m v3/@claude-flow/cli/__tests__/services/headless-worker-executor.test.ts[2m > [22mHeadlessWorkerExecutor[2m > [22mHEADLESS_WORKERS Configuration Validation[2m > [22mshould collect multiple validation errors
 [32mΓ£ô[39m v3/@claude-flow/claims/tests/events.test.ts[2m > [22mClaimEventEmitter[2m > [22memitIssueClaimed[2m > [22mshould emit event with correct data
 [32mΓ£ô[39m v3/@claude-flow/claims/tests/events.test.ts[2m > [22mClaimEventEmitter[2m > [22memitIssueClaimed[2m > [22mshould persist event to store
 [32mΓ£ô[39m v3/@claude-flow/claims/tests/events.test.ts[2m > [22mClaimEventEmitter[2m > [22memitIssueClaimed[2m > [22mshould publish event to subscribers
 [32mΓ£ô[39m v3/@claude-flow/claims/tests/events.test.ts[2m > [22mClaimEventEmitter[2m > [22memitIssueClaimed[2m > [22mshould include correlation ID when provided
 [32mΓ£ô[39m v3/@claude-flow/claims/tests/events.test.ts[2m > [22mClaimEventEmitter[2m > [22memitIssueClaimed[2m > [22mshould include correct metadata
 [32mΓ£ô[39m v3/@claude-flow/claims/tests/events.test.ts[2m > [22mClaimEventEmitter[2m > [22memitIssueReleased[2m > [22mshould emit event with correct data
 [32mΓ£ô[39m v3/@claude-flow/claims/tests/events.test.ts[2m > [22mClaimEventEmitter[2m > [22memitIssueReleased[2m > [22mshould handle optional reason
 [32mΓ£ô[39m v3/@claude-flow/claims/tests/events.test.ts[2m > [22mClaimEventEmitter[2m > [22memitHandoffRequested[2m > [22mshould emit event with correct handoff details
 [32mΓ£ô[39m v3/@claude-flow/claims/tests/events.test.ts[2m > [22mClaimEventEmitter[2m > [22memitHandoffAccepted[2m > [22mshould emit event with causation ID linking to request
 [32mΓ£ô[39m v3/@claude-flow/claims/tests/events.test.ts[2m > [22mClaimEventEmitter[2m > [22memitHandoffRejected[2m > [22mshould emit event with rejection reason
 [32mΓ£ô[39m v3/@claude-flow/claims/tests/events.test.ts[2m > [22mClaimEventEmitter[2m > [22memitClaimStatusUpdated[2m > [22mshould emit event with status transition details
 [32mΓ£ô[39m v3/@claude-flow/claims/tests/events.test.ts[2m > [22mClaimEventEmitter[2m > [22memitClaimExpired[2m > [22mshould emit event with expiration details
 [32mΓ£ô[39m v3/@claude-flow/claims/tests/events.test.ts[2m > [22mClaimEventEmitter[2m > [22memitWorkStolen[2m > [22mshould emit event with theft details
 [32mΓ£ô[39m v3/@claude-flow/claims/tests/events.test.ts[2m > [22mClaimEventEmitter[2m > [22memitLoadRebalanced[2m > [22mshould emit event with rebalance summary
 [32mΓ£ô[39m v3/@claude-flow/claims/tests/events.test.ts[2m > [22mClaimEventEmitter[2m > [22memitLoadRebalanced[2m > [22mshould correctly count moved claims excluding deferred
 [32mΓ£ô[39m v3/@claude-flow/claims/tests/events.test.ts[2m > [22mClaimEventEmitter[2m > [22memitImbalanceDetected[2m > [22mshould emit event with imbalance details
 [32mΓ£ô[39m v3/@claude-flow/claims/tests/events.test.ts[2m > [22mClaimEventEmitter[2m > [22mevent ordering[2m > [22mshould persist before publishing
 [32mΓ£ô[39m v3/@claude-flow/claims/tests/events.test.ts[2m > [22mClaimEventEmitter[2m > [22mevent ordering[2m > [22mshould generate unique IDs for each event
 [32mΓ£ô[39m v3/@claude-flow/claims/tests/events.test.ts[2m > [22mClaimEventEmitter[2m > [22mevent ordering[2m > [22mshould increment sequence numbers per aggregate
 [32mΓ£ô[39m v3/@claude-flow/claims/tests/events.test.ts[2m > [22mClaimEventEmitter[2m > [22mevent ordering[2m > [22mshould maintain causal chain via causation and correlation IDs
 [32mΓ£ô[39m v3/@claude-flow/claims/tests/events.test.ts[2m > [22mClaimEventEmitter[2m > [22mevent ordering[2m > [22mshould use consistent timestamps within a workflow
 [32mΓ£ô[39m v3/@claude-flow/claims/tests/events.test.ts[2m > [22mClaimEventEmitter[2m > [22mbatch emission[2m > [22mshould batch events when batching enabled
 [32mΓ£ô[39m v3/@claude-flow/claims/tests/events.test.ts[2m > [22mClaimEventEmitter[2m > [22mbatch emission[2m > [22mshould emit batch via emitBatch directly
 [32mΓ£ô[39m v3/@claude-flow/claims/tests/events.test.ts[2m > [22mClaimEventEmitter[2m > [22mbatch emission[2m > [22mshould flush pending batch on explicit flush
 [32mΓ£ô[39m v3/@claude-flow/claims/tests/events.test.ts[2m > [22mClaimEventEmitter[2m > [22mevent data correctness[2m > [22mshould include all required fields in every event
 [32mΓ£ô[39m v3/@claude-flow/claims/tests/events.test.ts[2m > [22mClaimEventEmitter[2m > [22mevent data correctness[2m > [22mshould set correct source for all events
 [32mΓ£ô[39m v3/@claude-flow/claims/tests/events.test.ts[2m > [22mClaimEventEmitter[2m > [22mevent data correctness[2m > [22mshould preserve claimant structure in payload
 [32mΓ£ô[39m v3/@claude-flow/claims/tests/events.test.ts[2m > [22mClaimEventEmitter[2m > [22mevent data correctness[2m > [22mshould handle human claimant correctly
 [32mΓ£ô[39m v3/@claude-flow/claims/tests/events.test.ts[2m > [22mClaimEventEmitter[2m > [22medge cases[2m > [22mshould handle empty correlation ID
 [32mΓ£ô[39m v3/@claude-flow/claims/tests/events.test.ts[2m > [22mClaimEventEmitter[2m > [22medge cases[2m > [22mshould handle special characters in reason strings
 [32mΓ£ô[39m v3/@claude-flow/claims/tests/events.test.ts[2m > [22mClaimEventEmitter[2m > [22medge cases[2m > [22mshould handle very long issue IDs
 [32mΓ£ô[39m v3/@claude-flow/claims/tests/events.test.ts[2m > [22mClaimEventEmitter[2m > [22medge cases[2m > [22mshould handle dates in different timezones
 [32mΓ£ô[39m v3/@claude-flow/claims/tests/events.test.ts[2m > [22mEvent Subscription[2m > [22mshould allow subscribing to specific event types
 [32mΓ£ô[39m v3/@claude-flow/claims/tests/events.test.ts[2m > [22mEvent Subscription[2m > [22mshould allow unsubscribing from events
 [32mΓ£ô[39m v3/@claude-flow/claims/tests/events.test.ts[2m > [22mEvent Subscription[2m > [22mshould support multiple handlers for same event type
 [32mΓ£ô[39m v3/@claude-flow/claims/tests/events.test.ts[2m > [22mEvent Subscription[2m > [22mshould allow same handler for different event types
 [32mΓ£ô[39m v3/@claude-flow/guidance/tests/uncertainty.test.ts[2m > [22mFactory Functions[2m > [22mshould create UncertaintyLedger with default config
 [32mΓ£ô[39m v3/@claude-flow/guidance/tests/uncertainty.test.ts[2m > [22mFactory Functions[2m > [22mshould create UncertaintyLedger with custom config
 [32mΓ£ô[39m v3/@claude-flow/guidance/tests/uncertainty.test.ts[2m > [22mFactory Functions[2m > [22mshould create UncertaintyAggregator with ledger
 [32mΓ£ô[39m v3/@claude-flow/guidance/tests/uncertainty.test.ts[2m > [22mUncertaintyLedger - Basic Operations[2m > [22mshould assert a new belief with supporting evidence
 [32mΓ£ô[39m v3/@claude-flow/guidance/tests/uncertainty.test.ts[2m > [22mUncertaintyLedger - Basic Operations[2m > [22mshould assert a belief with mixed evidence
 [32mΓ£ô[39m v3/@claude-flow/guidance/tests/uncertainty.test.ts[2m > [22mUncertaintyLedger - Basic Operations[2m > [22mshould assert a belief with explicit confidence interval
 [32mΓ£ô[39m v3/@claude-flow/guidance/tests/uncertainty.test.ts[2m > [22mUncertaintyLedger - Basic Operations[2m > [22mshould clamp confidence values to [0, 1]
 [32mΓ£ô[39m v3/@claude-flow/guidance/tests/uncertainty.test.ts[2m > [22mUncertaintyLedger - Basic Operations[2m > [22mshould retrieve belief by ID
 [32mΓ£ô[39m v3/@claude-flow/guidance/tests/uncertainty.test.ts[2m > [22mUncertaintyLedger - Basic Operations[2m > [22mshould return undefined for non-existent belief ID
 [32mΓ£ô[39m v3/@claude-flow/guidance/tests/uncertainty.test.ts[2m > [22mUncertaintyLedger - Basic Operations[2m > [22mshould track ledger size
 [32mΓ£ô[39m v3/@claude-flow/guidance/tests/uncertainty.test.ts[2m > [22mUncertaintyLedger - Basic Operations[2m > [22mshould clear all beliefs
 [32mΓ£ô[39m v3/@claude-flow/guidance/tests/uncertainty.test.ts[2m > [22mUncertaintyLedger - Evidence Management[2m > [22mshould add supporting evidence and increase confidence
 [32mΓ£ô[39m v3/@claude-flow/guidance/tests/uncertainty.test.ts[2m > [22mUncertaintyLedger - Evidence Management[2m > [22mshould add opposing evidence and decrease confidence
 [32mΓ£ô[39m v3/@claude-flow/guidance/tests/uncertainty.test.ts[2m > [22mUncertaintyLedger - Evidence Management[2m > [22mshould return undefined when adding evidence to non-existent belief
 [32mΓ£ô[39m v3/@claude-flow/guidance/tests/uncertainty.test.ts[2m > [22mUncertaintyLedger - Evidence Management[2m > [22mshould update lastUpdated timestamp when adding evidence
 [32mΓ£ô[39m v3/@claude-flow/guidance/tests/uncertainty.test.ts[2m > [22mUncertaintyLedger - Evidence Management[2m > [22mshould recompute confidence from multiple evidence pieces
 [32mΓ£ô[39m v3/@claude-flow/guidance/tests/uncertainty.test.ts[2m > [22mUncertaintyLedger - Evidence Management[2m > [22mshould compute confidence explicitly via computeConfidence
 [32mΓ£ô[39m v3/@claude-flow/guidance/tests/uncertainty.test.ts[2m > [22mUncertaintyLedger - Evidence Management[2m > [22mshould return undefined for computeConfidence on non-existent belief
 [32mΓ£ô[39m v3/@claude-flow/guidance/tests/uncertainty.test.ts[2m > [22mUncertaintyLedger - Status Transitions[2m > [22mshould mark belief as unknown with no evidence
 [32mΓ£ô[39m v3/@claude-flow/guidance/tests/uncertainty.test.ts[2m > [22mUncertaintyLedger - Status Transitions[2m > [22mshould mark belief as probable with high supporting evidence
 [32mΓ£ô[39m v3/@claude-flow/guidance/tests/uncertainty.test.ts[2m > [22mUncertaintyLedger - Status Transitions[2m > [22mshould mark belief as uncertain with moderate confidence
 [32mΓ£ô[39m v3/@claude-flow/guidance/tests/uncertainty.test.ts[2m > [22mUncertaintyLedger - Status Transitions[2m > [22mshould mark belief as contested with >30% opposing evidence
 [32mΓ£ô[39m v3/@claude-flow/guidance/tests/uncertainty.test.ts[2m > [22mUncertaintyLedger - Status Transitions[2m > [22mshould mark belief as refuted with >70% opposing evidence
 [32mΓ£ô[39m v3/@claude-flow/guidance/tests/uncertainty.test.ts[2m > [22mUncertaintyLedger - Status Transitions[2m > [22mshould transition from probable to contested when opposing evidence added
 [32mΓ£ô[39m v3/@claude-flow/guidance/tests/uncertainty.test.ts[2m > [22mUncertaintyLedger - Status Transitions[2m > [22mshould transition to refuted when overwhelming opposing evidence added
 [32mΓ£ô[39m v3/@claude-flow/guidance/tests/uncertainty.test.ts[2m > [22mUncertaintyLedger - Manual Resolution[2m > [22mshould manually resolve belief to confirmed
 [32mΓ£ô[39m v3/@claude-flow/guidance/tests/uncertainty.test.ts[2m > [22mUncertaintyLedger - Manual Resolution[2m > [22mshould manually resolve belief to refuted
 [32mΓ£ô[39m v3/@claude-flow/guidance/tests/uncertainty.test.ts[2m > [22mUncertaintyLedger - Manual Resolution[2m > [22mshould add resolution evidence when confirming
 [32mΓ£ô[39m v3/@claude-flow/guidance/tests/uncertainty.test.ts[2m > [22mUncertaintyLedger - Manual Resolution[2m > [22mshould add resolution evidence when refuting
 [32mΓ£ô[39m v3/@claude-flow/guidance/tests/uncertainty.test.ts[2m > [22mUncertaintyLedger - Manual Resolution[2m > [22mshould return undefined when resolving non-existent belief
 [32mΓ£ô[39m v3/@claude-flow/guidance/tests/uncertainty.test.ts[2m > [22mUncertaintyLedger - Manual Resolution[2m > [22mshould preserve confirmed status even after recomputation
 [32mΓ£ô[39m v3/@claude-flow/guidance/tests/uncertainty.test.ts[2m > [22mUncertaintyLedger - Uncertainty Propagation[2m > [22mshould propagate uncertainty from parent to child
 [32mΓ£ô[39m v3/@claude-flow/guidance/tests/uncertainty.test.ts[2m > [22mUncertaintyLedger - Uncertainty Propagation[2m > [22mshould bound child confidence by parent confidence times weight
 [32mΓ£ô[39m v3/@claude-flow/guidance/tests/uncertainty.test.ts[2m > [22mUncertaintyLedger - Uncertainty Propagation[2m > [22mshould maintain confidence interval ordering (lower <= point <= upper)
 [32mΓ£ô[39m v3/@claude-flow/guidance/tests/uncertainty.test.ts[2m > [22mUncertaintyLedger - Uncertainty Propagation[2m > [22mshould clamp inference weight to [0, 1]
 [32mΓ£ô[39m v3/@claude-flow/guidance/tests/uncertainty.test.ts[2m > [22mUncertaintyLedger - Uncertainty Propagation[2m > [22mshould not duplicate parent in inferredFrom array
 [32mΓ£ô[39m v3/@claude-flow/guidance/tests/uncertainty.test.ts[2m > [22mUncertaintyLedger - Uncertainty Propagation[2m > [22mshould return undefined when parent does not exist
 [32mΓ£ô[39m v3/@claude-flow/guidance/tests/uncertainty.test.ts[2m > [22mUncertaintyLedger - Uncertainty Propagation[2m > [22mshould return undefined when child does not exist
 [32mΓ£ô[39m v3/@claude-flow/guidance/tests/uncertainty.test.ts[2m > [22mUncertaintyLedger - Confidence Chain[2m > [22mshould trace single-level inference chain
 [32mΓ£ô[39m v3/@claude-flow/guidance/tests/uncertainty.test.ts[2m > [22mUncertaintyLedger - Confidence Chain[2m > [22mshould trace multi-level inference chain
 [32mΓ£ô[39m v3/@claude-flow/guidance/tests/uncertainty.test.ts[2m > [22mUncertaintyLedger - Confidence Chain[2m > [22mshould order chain nodes by depth
 [32mΓ£ô[39m v3/@claude-flow/guidance/tests/uncertainty.test.ts[2m > [22mUncertaintyLedger - Confidence Chain[2m > [22mshould handle cycles in inference chain
 [32mΓ£ô[39m v3/@claude-flow/guidance/tests/uncertainty.test.ts[2m > [22mUncertaintyLedger - Confidence Chain[2m > [22mshould return empty array for non-existent belief
 [32mΓ£ô[39m v3/@claude-flow/guidance/tests/uncertainty.test.ts[2m > [22mUncertaintyLedger - Time-Based Decay[2m > [22mshould apply decay to belief confidence over time
 [32mΓ£ô[39m v3/@claude-flow/guidance/tests/uncertainty.test.ts[2m > [22mUncertaintyLedger - Time-Based Decay[2m > [22mshould decay confidence proportional to elapsed hours
 [32mΓ£ô[39m v3/@claude-flow/guidance/tests/uncertainty.test.ts[2m > [22mUncertaintyLedger - Time-Based Decay[2m > [22mshould not decay beliefs when no time has elapsed
 [32mΓ£ô[39m v3/@claude-flow/guidance/tests/uncertainty.test.ts[2m > [22mUncertaintyLedger - Time-Based Decay[2m > [22mshould not apply negative decay
 [32mΓ£ô[39m v3/@claude-flow/guidance/tests/uncertainty.test.ts[2m > [22mUncertaintyLedger - Time-Based Decay[2m > [22mshould clamp decayed confidence to 0
 [32mΓ£ô[39m v3/@claude-flow/guidance/tests/uncertainty.test.ts[2m > [22mUncertaintyLedger - Time-Based Decay[2m > [22mshould shrink confidence bounds during decay
 [32mΓ£ô[39m v3/@claude-flow/guidance/tests/uncertainty.test.ts[2m > [22mUncertaintyLedger - Time-Based Decay[2m > [22mshould update status after decay
 [32mΓ£ô[39m v3/@claude-flow/guidance/tests/uncertainty.test.ts[2m > [22mUncertaintyLedger - Actionability[2m > [22mshould mark high confidence belief as actionable
 [32mΓ£ô[39m v3/@claude-flow/guidance/tests/uncertainty.test.ts[2m > [22mUncertaintyLedger - Actionability[2m > [22mshould mark low confidence belief as not actionable
 [32mΓ£ô[39m v3/@claude-flow/guidance/tests/uncertainty.test.ts[2m > [22mUncertaintyLedger - Actionability[2m > [22mshould use minConfidenceForAction threshold
 [32mΓ£ô[39m v3/@claude-flow/guidance/tests/uncertainty.test.ts[2m > [22mUncertaintyLedger - Actionability[2m > [22mshould return false for non-existent belief
 [32mΓ£ô[39m v3/@claude-flow/guidance/tests/uncertainty.test.ts[2m > [22mUncertaintyLedger - Querying[2m > [22mshould query all beliefs with no filters
 [32mΓ£ô[39m v3/@claude-flow/guidance/tests/uncertainty.test.ts[2m > [22mUncertaintyLedger - Querying[2m > [22mshould filter beliefs by namespace
 [32mΓ£ô[39m v3/@claude-flow/guidance/tests/uncertainty.test.ts[2m > [22mUncertaintyLedger - Querying[2m > [22mshould filter beliefs by status
 [32mΓ£ô[39m v3/@claude-flow/guidance/tests/uncertainty.test.ts[2m > [22mUncertaintyLedger - Querying[2m > [22mshould filter beliefs by minimum confidence
 [32mΓ£ô[39m v3/@claude-flow/guidance/tests/uncertainty.test.ts[2m > [22mUncertaintyLedger - Querying[2m > [22mshould filter beliefs by tags
 [32mΓ£ô[39m v3/@claude-flow/guidance/tests/uncertainty.test.ts[2m > [22mUncertaintyLedger - Querying[2m > [22mshould combine multiple filters
 [32mΓ£ô[39m v3/@claude-flow/guidance/tests/uncertainty.test.ts[2m > [22mUncertaintyLedger - Querying[2m > [22mshould sort results by lastUpdated descending
 [32mΓ£ô[39m v3/@claude-flow/guidance/tests/uncertainty.test.ts[2m > [22mUncertaintyLedger - Contested and Unresolved[2m > [22mshould retrieve all contested beliefs
 [32mΓ£ô[39m v3/@claude-flow/guidance/tests/uncertainty.test.ts[2m > [22mUncertaintyLedger - Contested and Unresolved[2m > [22mshould retrieve all unresolved beliefs (uncertain or contested)
 [32mΓ£ô[39m v3/@claude-flow/guidance/tests/uncertainty.test.ts[2m > [22mUncertaintyLedger - Contested and Unresolved[2m > [22mshould not include confirmed beliefs in unresolved
 [32mΓ£ô[39m v3/@claude-flow/guidance/tests/uncertainty.test.ts[2m > [22mUncertaintyLedger - Import/Export[2m > [22mshould export beliefs to serializable format
 [32mΓ£ô[39m v3/@claude-flow/guidance/tests/uncertainty.test.ts[2m > [22mUncertaintyLedger - Import/Export[2m > [22mshould import beliefs from serialized data
 [32mΓ£ô[39m v3/@claude-flow/guidance/tests/uncertainty.test.ts[2m > [22mUncertaintyLedger - Import/Export[2m > [22mshould replace existing beliefs on import
 [32mΓ£ô[39m v3/@claude-flow/guidance/tests/uncertainty.test.ts[2m > [22mUncertaintyLedger - Import/Export[2m > [22mshould throw error on unsupported version
 [32mΓ£ô[39m v3/@claude-flow/guidance/tests/uncertainty.test.ts[2m > [22mUncertaintyLedger - Import/Export[2m > [22mshould preserve all belief properties on export/import
 [32mΓ£ô[39m v3/@claude-flow/guidance/tests/uncertainty.test.ts[2m > [22mUncertaintyAggregator - Aggregate Confidence[2m > [22mshould compute geometric mean of multiple beliefs
 [32mΓ£ô[39m v3/@claude-flow/guidance/tests/uncertainty.test.ts[2m > [22mUncertaintyAggregator - Aggregate Confidence[2m > [22mshould return 0 for empty belief list
 [32mΓ£ô[39m v3/@claude-flow/guidance/tests/uncertainty.test.ts[2m > [22mUncertaintyAggregator - Aggregate Confidence[2m > [22mshould ignore non-existent belief IDs
 [32mΓ£ô[39m v3/@claude-flow/guidance/tests/uncertainty.test.ts[2m > [22mUncertaintyAggregator - Aggregate Confidence[2m > [22mshould heavily penalize low confidence in geometric mean
 [32mΓ£ô[39m v3/@claude-flow/guidance/tests/uncertainty.test.ts[2m > [22mUncertaintyAggregator - Worst and Best Case[2m > [22mshould return worst case (minimum) confidence
 [32mΓ£ô[39m v3/@claude-flow/guidance/tests/uncertainty.test.ts[2m > [22mUncertaintyAggregator - Worst and Best Case[2m > [22mshould return best case (maximum) confidence
 [32mΓ£ô[39m v3/@claude-flow/guidance/tests/uncertainty.test.ts[2m > [22mUncertaintyAggregator - Worst and Best Case[2m > [22mshould return 0 for empty list in worst/best case
 [32mΓ£ô[39m v3/@claude-flow/guidance/tests/uncertainty.test.ts[2m > [22mUncertaintyAggregator - Worst and Best Case[2m > [22mshould ignore non-existent beliefs in worst/best case
 [32mΓ£ô[39m v3/@claude-flow/guidance/tests/uncertainty.test.ts[2m > [22mUncertaintyAggregator - Status Checks[2m > [22mshould detect if any belief is contested
 [32mΓ£ô[39m v3/@claude-flow/guidance/tests/uncertainty.test.ts[2m > [22mUncertaintyAggregator - Status Checks[2m > [22mshould return false when no beliefs are contested
 [32mΓ£ô[39m v3/@claude-flow/guidance/tests/uncertainty.test.ts[2m > [22mUncertaintyAggregator - Status Checks[2m > [22mshould detect if all beliefs are confirmed
 [32mΓ£ô[39m v3/@claude-flow/guidance/tests/uncertainty.test.ts[2m > [22mUncertaintyAggregator - Status Checks[2m > [22mshould return false if any belief is not confirmed
 [32mΓ£ô[39m v3/@claude-flow/guidance/tests/uncertainty.test.ts[2m > [22mUncertaintyAggregator - Status Checks[2m > [22mshould return false for allConfirmed with empty list
 [32mΓ£ô[39m v3/@claude-flow/guidance/tests/uncertainty.test.ts[2m > [22mUncertaintyAggregator - Status Checks[2m > [22mshould return false if any belief does not exist
 [32mΓ£ô[39m v3/@claude-flow/cli/__tests__/services/headless-worker-executor.test.ts[2m > [22mHeadlessWorkerExecutor[2m > [22mIntegration Scenarios[2m > [22mshould execute map worker with context
 [32mΓ£ô[39m v3/@claude-flow/cli/__tests__/memory-ruvector-deep.test.ts[2m > [22mMemory Initializer[2m > [22mMEMORY_SCHEMA_V3[2m > [22mshould export a non-empty schema string
 [32mΓ£ô[39m v3/@claude-flow/cli/__tests__/memory-ruvector-deep.test.ts[2m > [22mMemory Initializer[2m > [22mMEMORY_SCHEMA_V3[2m > [22mshould contain core memory_entries table
 [32mΓ£ô[39m v3/@claude-flow/cli/__tests__/memory-ruvector-deep.test.ts[2m > [22mMemory Initializer[2m > [22mMEMORY_SCHEMA_V3[2m > [22mshould contain patterns table for learning
 [32mΓ£ô[39m v3/@claude-flow/cli/__tests__/memory-ruvector-deep.test.ts[2m > [22mMemory Initializer[2m > [22mMEMORY_SCHEMA_V3[2m > [22mshould contain trajectories table for SONA
 [32mΓ£ô[39m v3/@claude-flow/cli/__tests__/memory-ruvector-deep.test.ts[2m > [22mMemory Initializer[2m > [22mMEMORY_SCHEMA_V3[2m > [22mshould contain migration_state table
 [32mΓ£ô[39m v3/@claude-flow/cli/__tests__/memory-ruvector-deep.test.ts[2m > [22mMemory Initializer[2m > [22mMEMORY_SCHEMA_V3[2m > [22mshould contain sessions table
 [32mΓ£ô[39m v3/@claude-flow/cli/__tests__/memory-ruvector-deep.test.ts[2m > [22mMemory Initializer[2m > [22mMEMORY_SCHEMA_V3[2m > [22mshould contain vector_indexes table for HNSW
 [32mΓ£ô[39m v3/@claude-flow/cli/__tests__/memory-ruvector-deep.test.ts[2m > [22mMemory Initializer[2m > [22mMEMORY_SCHEMA_V3[2m > [22mshould contain metadata table
 [32mΓ£ô[39m v3/@claude-flow/cli/__tests__/memory-ruvector-deep.test.ts[2m > [22mMemory Initializer[2m > [22mMEMORY_SCHEMA_V3[2m > [22mshould set WAL journal mode pragma
 [32mΓ£ô[39m v3/@claude-flow/cli/__tests__/memory-ruvector-deep.test.ts[2m > [22mMemory Initializer[2m > [22mquantizeInt8 / dequantizeInt8[2m > [22mshould quantize a float embedding to int8
 [32mΓ£ô[39m v3/@claude-flow/cli/__tests__/memory-ruvector-deep.test.ts[2m > [22mMemory Initializer[2m > [22mquantizeInt8 / dequantizeInt8[2m > [22mshould dequantize back to approximately original values
 [32mΓ£ô[39m v3/@claude-flow/cli/__tests__/memory-ruvector-deep.test.ts[2m > [22mMemory Initializer[2m > [22mquantizeInt8 / dequantizeInt8[2m > [22mshould handle Float32Array input
 [32mΓ£ô[39m v3/@claude-flow/cli/__tests__/memory-ruvector-deep.test.ts[2m > [22mMemory Initializer[2m > [22mquantizeInt8 / dequantizeInt8[2m > [22mshould handle all-zero embedding
 [32mΓ£ô[39m v3/@claude-flow/cli/__tests__/memory-ruvector-deep.test.ts[2m > [22mMemory Initializer[2m > [22mquantizedCosineSim[2m > [22mshould compute similarity between identical quantized vectors
 [32mΓ£ô[39m v3/@claude-flow/cli/__tests__/memory-ruvector-deep.test.ts[2m > [22mMemory Initializer[2m > [22mquantizedCosineSim[2m > [22mshould return 0 for mismatched lengths
 [32mΓ£ô[39m v3/@claude-flow/cli/__tests__/memory-ruvector-deep.test.ts[2m > [22mMemory Initializer[2m > [22mbatchCosineSim[2m > [22mshould compute batch similarities
 [32mΓ£ô[39m v3/@claude-flow/cli/__tests__/memory-ruvector-deep.test.ts[2m > [22mMemory Initializer[2m > [22mbatchCosineSim[2m > [22mshould handle empty vectors array
 [32mΓ£ô[39m v3/@claude-flow/cli/__tests__/memory-ruvector-deep.test.ts[2m > [22mMemory Initializer[2m > [22mbatchCosineSim[2m > [22mshould handle empty query
 [32mΓ£ô[39m v3/@claude-flow/cli/__tests__/memory-ruvector-deep.test.ts[2m > [22mMemory Initializer[2m > [22msoftmaxAttention[2m > [22mshould normalize scores to sum to 1
 [32mΓ£ô[39m v3/@claude-flow/cli/__tests__/memory-ruvector-deep.test.ts[2m > [22mMemory Initializer[2m > [22msoftmaxAttention[2m > [22mshould assign highest weight to highest score
 [32mΓ£ô[39m v3/@claude-flow/cli/__tests__/memory-ruvector-deep.test.ts[2m > [22mMemory Initializer[2m > [22msoftmaxAttention[2m > [22mshould handle empty array
 [32mΓ£ô[39m v3/@claude-flow/cli/__tests__/memory-ruvector-deep.test.ts[2m > [22mMemory Initializer[2m > [22msoftmaxAttention[2m > [22mshould respect temperature parameter
 [32mΓ£ô[39m v3/@claude-flow/cli/__tests__/memory-ruvector-deep.test.ts[2m > [22mMemory Initializer[2m > [22mtopKIndices[2m > [22mshould return top-k indices sorted by score
 [32mΓ£ô[39m v3/@claude-flow/cli/__tests__/memory-ruvector-deep.test.ts[2m > [22mMemory Initializer[2m > [22mtopKIndices[2m > [22mshould return all indices if k >= n
 [32mΓ£ô[39m v3/@claude-flow/cli/__tests__/memory-ruvector-deep.test.ts[2m > [22mMemory Initializer[2m > [22mflashAttentionSearch[2m > [22mshould combine batch sim, topk, and softmax
 [32mΓ£ô[39m v3/@claude-flow/cli/__tests__/memory-ruvector-deep.test.ts[2m > [22mMemory Initializer[2m > [22mgetQuantizationStats[2m > [22mshould report compression ratio ~3.92x
 [32mΓ£ô[39m v3/@claude-flow/cli/__tests__/memory-ruvector-deep.test.ts[2m > [22mMemory Initializer[2m > [22mgetInitialMetadata[2m > [22mshould include schema version 3.0.0
 [32mΓ£ô[39m v3/@claude-flow/cli/__tests__/memory-ruvector-deep.test.ts[2m > [22mMemory Initializer[2m > [22mHNSW status[2m > [22mshould report unavailable when not initialized
 [32mΓ£ô[39m v3/@claude-flow/claims/tests/load-balancer.test.ts[2m > [22mLoadBalancer[2m > [22mgetAgentLoad[2m > [22mshould calculate correct load for agent
 [32mΓ£ô[39m v3/@claude-flow/claims/tests/load-balancer.test.ts[2m > [22mLoadBalancer[2m > [22mgetAgentLoad[2m > [22mshould determine correct status based on utilization
 [32mΓ£ô[39m v3/@claude-flow/claims/tests/load-balancer.test.ts[2m > [22mLoadBalancer[2m > [22mgetAgentLoad[2m > [22mshould throw error for non-existent agent
 [32mΓ£ô[39m v3/@claude-flow/claims/tests/load-balancer.test.ts[2m > [22mLoadBalancer[2m > [22mgetAgentLoad[2m > [22mshould calculate average task duration
 [32mΓ£ô[39m v3/@claude-flow/claims/tests/load-balancer.test.ts[2m > [22mLoadBalancer[2m > [22mgetAgentLoad[2m > [22mshould use current time for lastActivityAt when no claims
 [32mΓ£ô[39m v3/@claude-flow/claims/tests/load-balancer.test.ts[2m > [22mLoadBalancer[2m > [22mgetAgentLoad[2m > [22mshould use latest claim date for lastActivityAt
 [32mΓ£ô[39m v3/@claude-flow/claims/tests/load-balancer.test.ts[2m > [22mLoadBalancer[2m > [22mrebalance[2m > [22mshould move work from overloaded to underloaded agents
 [32mΓ£ô[39m v3/@claude-flow/claims/tests/load-balancer.test.ts[2m > [22mLoadBalancer[2m > [22mrebalance[2m > [22mshould not rebalance when on cooldown
 [32mΓ£ô[39m v3/@claude-flow/claims/tests/load-balancer.test.ts[2m > [22mLoadBalancer[2m > [22mrebalance[2m > [22mshould return empty result when no imbalance
 [32mΓ£ô[39m v3/@claude-flow/claims/tests/load-balancer.test.ts[2m > [22mLoadBalancer[2m > [22mrebalance[2m > [22mshould limit actions to maxActionsPerRebalance
 [32mΓ£ô[39m v3/@claude-flow/claims/tests/load-balancer.test.ts[2m > [22mLoadBalancer[2m > [22mrebalance[2m > [22mshould emit LoadRebalanced event
 [32mΓ£ô[39m v3/@claude-flow/claims/tests/load-balancer.test.ts[2m > [22mLoadBalancer[2m > [22mrebalance[2m > [22mshould only execute move and reassign actions
 [32mΓ£ô[39m v3/@claude-flow/claims/tests/load-balancer.test.ts[2m > [22mLoadBalancer[2m > [22mpreviewRebalance[2m > [22mshould not modify state
 [32mΓ£ô[39m v3/@claude-flow/claims/tests/load-balancer.test.ts[2m > [22mLoadBalancer[2m > [22mpreviewRebalance[2m > [22mshould return proposed actions without executing
 [32mΓ£ô[39m v3/@claude-flow/claims/tests/load-balancer.test.ts[2m > [22mLoadBalancer[2m > [22mpreviewRebalance[2m > [22mshould include warnings for edge cases
 [32mΓ£ô[39m v3/@claude-flow/claims/tests/load-balancer.test.ts[2m > [22mLoadBalancer[2m > [22mpreviewRebalance[2m > [22mshould assess risk level
 [32mΓ£ô[39m v3/@claude-flow/claims/tests/load-balancer.test.ts[2m > [22mLoadBalancer[2m > [22mpreviewRebalance[2m > [22mshould calculate expected improvement
 [32mΓ£ô[39m v3/@claude-flow/claims/tests/load-balancer.test.ts[2m > [22mLoadBalancer[2m > [22mdetectImbalance[2m > [22mshould detect imbalance when threshold exceeded
 [32mΓ£ô[39m v3/@claude-flow/claims/tests/load-balancer.test.ts[2m > [22mLoadBalancer[2m > [22mdetectImbalance[2m > [22mshould classify severity correctly
 [32mΓ£ô[39m v3/@claude-flow/claims/tests/load-balancer.test.ts[2m > [22mLoadBalancer[2m > [22mdetectImbalance[2m > [22mshould return no imbalance when balanced
 [32mΓ£ô[39m v3/@claude-flow/claims/tests/load-balancer.test.ts[2m > [22mLoadBalancer[2m > [22mdetectImbalance[2m > [22mshould provide recommendations when imbalanced
 [32mΓ£ô[39m v3/@claude-flow/claims/tests/load-balancer.test.ts[2m > [22mLoadBalancer[2m > [22mdetectImbalance[2m > [22mshould emit ImbalanceDetected event when detected
 [32mΓ£ô[39m v3/@claude-flow/claims/tests/load-balancer.test.ts[2m > [22mLoadBalancer[2m > [22mdetectImbalance[2m > [22mshould not emit event when balanced
 [32mΓ£ô[39m v3/@claude-flow/claims/tests/load-balancer.test.ts[2m > [22mLoadBalancer[2m > [22mdetectImbalance[2m > [22mshould calculate correct imbalance score
 [32mΓ£ô[39m v3/@claude-flow/claims/tests/load-balancer.test.ts[2m > [22mLoadBalancer[2m > [22medge cases[2m > [22mshould handle empty agent list
 [32mΓ£ô[39m v3/@claude-flow/claims/tests/load-balancer.test.ts[2m > [22mLoadBalancer[2m > [22medge cases[2m > [22mshould handle single agent
 [32mΓ£ô[39m v3/@claude-flow/claims/tests/load-balancer.test.ts[2m > [22mLoadBalancer[2m > [22medge cases[2m > [22mshould reset cooldown correctly
 [32mΓ£ô[39m v3/@claude-flow/claims/tests/work-stealing-service.test.ts[2m > [22mWorkStealingService[2m > [22mmarkStealable[2m > [22mshould set correct metadata when marking stealable
 [32mΓ£ô[39m v3/@claude-flow/claims/tests/work-stealing-service.test.ts[2m > [22mWorkStealingService[2m > [22mmarkStealable[2m > [22mshould allow specifying custom stealable time
 [32mΓ£ô[39m v3/@claude-flow/claims/tests/work-stealing-service.test.ts[2m > [22mWorkStealingService[2m > [22mmarkStealable[2m > [22mshould emit WorkMarkedStealable event
 [32mΓ£ô[39m v3/@claude-flow/claims/tests/work-stealing-service.test.ts[2m > [22mWorkStealingService[2m > [22mmarkStealable[2m > [22mshould reject marking by non-owner
 [32mΓ£ô[39m v3/@claude-flow/claims/tests/work-stealing-service.test.ts[2m > [22mWorkStealingService[2m > [22mmarkStealable[2m > [22mshould throw error for non-existent claim
 [32mΓ£ô[39m v3/@claude-flow/claims/tests/work-stealing-service.test.ts[2m > [22mWorkStealingService[2m > [22msteal[2m > [22mshould successfully steal a stealable claim
 [32mΓ£ô[39m v3/@claude-flow/claims/tests/work-stealing-service.test.ts[2m > [22mWorkStealingService[2m > [22msteal[2m > [22mshould reject stealing protected claim
 [32mΓ£ô[39m v3/@claude-flow/claims/tests/work-stealing-service.test.ts[2m > [22mWorkStealingService[2m > [22msteal[2m > [22mshould reject stealing non-stealable claim
 [32mΓ£ô[39m v3/@claude-flow/claims/tests/work-stealing-service.test.ts[2m > [22mWorkStealingService[2m > [22msteal[2m > [22mshould reject stealing before stealable time
 [32mΓ£ô[39m v3/@claude-flow/claims/tests/work-stealing-service.test.ts[2m > [22mWorkStealingService[2m > [22msteal[2m > [22mshould check cross-type stealing rules
 [32mΓ£ô[39m v3/@claude-flow/claims/tests/work-stealing-service.test.ts[2m > [22mWorkStealingService[2m > [22msteal[2m > [22mshould set contest window on successful steal
 [32mΓ£ô[39m v3/@claude-flow/claims/tests/work-stealing-service.test.ts[2m > [22mWorkStealingService[2m > [22msteal[2m > [22mshould emit WorkStolen event
 [32mΓ£ô[39m v3/@claude-flow/claims/tests/work-stealing-service.test.ts[2m > [22mWorkStealingService[2m > [22msteal[2m > [22mshould clear stealable metadata after successful steal
 [32mΓ£ô[39m v3/@claude-flow/claims/tests/work-stealing-service.test.ts[2m > [22mWorkStealingService[2m > [22mgetStealable[2m > [22mshould filter by agent type using cross-type rules
 [32mΓ£ô[39m v3/@claude-flow/claims/tests/work-stealing-service.test.ts[2m > [22mWorkStealingService[2m > [22mgetStealable[2m > [22mshould exclude protected claims when requested
 [32mΓ£ô[39m v3/@claude-flow/claims/tests/work-stealing-service.test.ts[2m > [22mWorkStealingService[2m > [22mgetStealable[2m > [22mshould exclude claims not yet stealable by time
 [32mΓ£ô[39m v3/@claude-flow/claims/tests/work-stealing-service.test.ts[2m > [22mWorkStealingService[2m > [22mgetStealable[2m > [22mshould exclude human claims when humanClaimsProtected is true
 [32mΓ£ô[39m v3/@claude-flow/claims/tests/work-stealing-service.test.ts[2m > [22mWorkStealingService[2m > [22mgetStealable[2m > [22mshould return all stealable claims without filters
 [32mΓ£ô[39m v3/@claude-flow/claims/tests/work-stealing-service.test.ts[2m > [22mWorkStealingService[2m > [22mcontestSteal[2m > [22mshould allow contest within window
 [32mΓ£ô[39m v3/@claude-flow/claims/tests/work-stealing-service.test.ts[2m > [22mWorkStealingService[2m > [22mcontestSteal[2m > [22mshould reject contest outside window
 [32mΓ£ô[39m v3/@claude-flow/claims/tests/work-stealing-service.test.ts[2m > [22mWorkStealingService[2m > [22mcontestSteal[2m > [22mshould reject contest when no window exists
 [32mΓ£ô[39m v3/@claude-flow/claims/tests/work-stealing-service.test.ts[2m > [22mWorkStealingService[2m > [22mcontestSteal[2m > [22mshould use policy to resolve contest
 [32mΓ£ô[39m v3/@claude-flow/claims/tests/work-stealing-service.test.ts[2m > [22mWorkStealingService[2m > [22mcontestSteal[2m > [22mshould restore ownership when original owner wins
 [32mΓ£ô[39m v3/@claude-flow/claims/tests/work-stealing-service.test.ts[2m > [22mWorkStealingService[2m > [22mcontestSteal[2m > [22mshould emit StealContested and StealContestResolved events
 [32mΓ£ô[39m v3/@claude-flow/claims/tests/work-stealing-service.test.ts[2m > [22mWorkStealingService[2m > [22mdetectStaleWork[2m > [22mshould find stale claims
 [32mΓ£ô[39m v3/@claude-flow/claims/tests/work-stealing-service.test.ts[2m > [22mWorkStealingService[2m > [22mdetectStaleWork[2m > [22mshould mark claims with stale metadata
 [32mΓ£ô[39m v3/@claude-flow/claims/tests/work-stealing-service.test.ts[2m > [22mWorkStealingService[2m > [22mdetectStaleWork[2m > [22mshould emit StaleWorkDetected event when stale claims found
 [32mΓ£ô[39m v3/@claude-flow/claims/tests/work-stealing-service.test.ts[2m > [22mWorkStealingService[2m > [22mdetectStaleWork[2m > [22mshould not emit event when no stale claims found
 [32mΓ£ô[39m v3/@claude-flow/claims/tests/work-stealing-service.test.ts[2m > [22mWorkStealingService[2m > [22mdetectStaleWork[2m > [22mshould return empty result when no stale work
 [32mΓ£ô[39m v3/@claude-flow/claims/tests/work-stealing-service.test.ts[2m > [22mWorkStealingService[2m > [22mcross-type stealing rules enforcement[2m > [22mshould allow queen-coordinator to steal from any agent type
 [32mΓ£ô[39m v3/@claude-flow/claims/tests/work-stealing-service.test.ts[2m > [22mWorkStealingService[2m > [22mcross-type stealing rules enforcement[2m > [22mshould verify stealing policy is called with correct arguments
 [32mΓ£ô[39m v3/@claude-flow/claims/tests/work-stealing-service.test.ts[2m > [22mWorkStealingService[2m > [22mcross-type stealing rules enforcement[2m > [22mshould enforce human claims protection in getStealable
 [32mΓ£ô[39m v3/@claude-flow/claims/tests/work-stealing-service.test.ts[2m > [22mWorkStealingService[2m > [22msetProtection[2m > [22mshould protect a claim with reason
 [32mΓ£ô[39m v3/@claude-flow/claims/tests/work-stealing-service.test.ts[2m > [22mWorkStealingService[2m > [22msetProtection[2m > [22mshould reject protection by non-owner
 [32mΓ£ô[39m v3/@claude-flow/claims/tests/work-stealing-service.test.ts[2m > [22mWorkStealingService[2m > [22mremoveProtection[2m > [22mshould remove protection from a claim
 [32mΓ£ô[39m v3/@claude-flow/claims/tests/work-stealing-service.test.ts[2m > [22mWorkStealingService[2m > [22mremoveProtection[2m > [22mshould reject removal by non-owner
 [32mΓ£ô[39m v3/@claude-flow/cli/__tests__/services/headless-worker-executor.test.ts[2m > [22mHeadlessWorkerExecutor[2m > [22mIntegration Scenarios[2m > [22mshould execute audit worker with strict sandbox
 [32mΓ£ô[39m v3/@claude-flow/claims/tests/claim-service.test.ts[2m > [22mClaimService[2m > [22mclaim[2m > [22mshould successfully claim an unclaimed issue
 [32mΓ£ô[39m v3/@claude-flow/claims/tests/claim-service.test.ts[2m > [22mClaimService[2m > [22mclaim[2m > [22mshould reject claim for already claimed issue
 [32mΓ£ô[39m v3/@claude-flow/claims/tests/claim-service.test.ts[2m > [22mClaimService[2m > [22mclaim[2m > [22mshould allow claiming a released issue
 [32mΓ£ô[39m v3/@claude-flow/claims/tests/claim-service.test.ts[2m > [22mClaimService[2m > [22mclaim[2m > [22mshould validate claim before creating
 [32mΓ£ô[39m v3/@claude-flow/claims/tests/claim-service.test.ts[2m > [22mClaimService[2m > [22mclaim[2m > [22mshould emit IssueClaimed event on successful claim
 [32mΓ£ô[39m v3/@claude-flow/claims/tests/claim-service.test.ts[2m > [22mClaimService[2m > [22mclaim[2m > [22mshould calculate expiration based on claimant type
 [32mΓ£ô[39m v3/@claude-flow/claims/tests/claim-service.test.ts[2m > [22mClaimService[2m > [22mclaim[2m > [22mshould save claim with correct metadata
 [32mΓ£ô[39m v3/@claude-flow/claims/tests/claim-service.test.ts[2m > [22mClaimService[2m > [22mrelease[2m > [22mshould successfully release owned claim
 [32mΓ£ô[39m v3/@claude-flow/claims/tests/claim-service.test.ts[2m > [22mClaimService[2m > [22mrelease[2m > [22mshould reject release by non-owner
 [32mΓ£ô[39m v3/@claude-flow/claims/tests/claim-service.test.ts[2m > [22mClaimService[2m > [22mrelease[2m > [22mshould return error for non-existent claim
 [32mΓ£ô[39m v3/@claude-flow/claims/tests/claim-service.test.ts[2m > [22mClaimService[2m > [22mrelease[2m > [22mshould emit IssueReleased event
 [32mΓ£ô[39m v3/@claude-flow/claims/tests/claim-service.test.ts[2m > [22mClaimService[2m > [22mrequestHandoff[2m > [22mhuman to agent handoff[2m > [22mshould successfully request handoff from human to agent
 [32mΓ£ô[39m v3/@claude-flow/claims/tests/claim-service.test.ts[2m > [22mClaimService[2m > [22mrequestHandoff[2m > [22magent to agent handoff[2m > [22mshould successfully request handoff between agents
 [32mΓ£ô[39m v3/@claude-flow/claims/tests/claim-service.test.ts[2m > [22mClaimService[2m > [22mrequestHandoff[2m > [22magent to human handoff[2m > [22mshould successfully request handoff from agent to human
 [32mΓ£ô[39m v3/@claude-flow/claims/tests/claim-service.test.ts[2m > [22mClaimService[2m > [22mrequestHandoff[2m > [22mshould update claim status to pending_handoff
 [32mΓ£ô[39m v3/@claude-flow/claims/tests/claim-service.test.ts[2m > [22mClaimService[2m > [22mrequestHandoff[2m > [22mshould reject handoff request from non-owner
 [32mΓ£ô[39m v3/@claude-flow/claims/tests/claim-service.test.ts[2m > [22mClaimService[2m > [22mrequestHandoff[2m > [22mshould validate handoff participants
 [32mΓ£ô[39m v3/@claude-flow/claims/tests/claim-service.test.ts[2m > [22mClaimService[2m > [22mrequestHandoff[2m > [22mshould emit HandoffRequested event
 [32mΓ£ô[39m v3/@claude-flow/claims/tests/claim-service.test.ts[2m > [22mClaimService[2m > [22macceptHandoff[2m > [22mshould transfer ownership on accept
 [32mΓ£ô[39m v3/@claude-flow/claims/tests/claim-service.test.ts[2m > [22mClaimService[2m > [22macceptHandoff[2m > [22mshould reject acceptance from non-target
 [32mΓ£ô[39m v3/@claude-flow/claims/tests/claim-service.test.ts[2m > [22mClaimService[2m > [22macceptHandoff[2m > [22mshould reject accept when no pending handoff
 [32mΓ£ô[39m v3/@claude-flow/claims/tests/claim-service.test.ts[2m > [22mClaimService[2m > [22macceptHandoff[2m > [22mshould recalculate expiration for new owner
 [32mΓ£ô[39m v3/@claude-flow/claims/tests/claim-service.test.ts[2m > [22mClaimService[2m > [22macceptHandoff[2m > [22mshould emit HandoffAccepted event
 [32mΓ£ô[39m v3/@claude-flow/claims/tests/claim-service.test.ts[2m > [22mClaimService[2m > [22macceptHandoff[2m > [22mshould clear handoff metadata after accept
 [32mΓ£ô[39m v3/@claude-flow/claims/tests/claim-service.test.ts[2m > [22mClaimService[2m > [22mrejectHandoff[2m > [22mshould restore active status on rejection
 [32mΓ£ô[39m v3/@claude-flow/claims/tests/claim-service.test.ts[2m > [22mClaimService[2m > [22mrejectHandoff[2m > [22mshould reject from non-target claimant
 [32mΓ£ô[39m v3/@claude-flow/claims/tests/claim-service.test.ts[2m > [22mClaimService[2m > [22mrejectHandoff[2m > [22mshould emit HandoffRejected event
 [32mΓ£ô[39m v3/@claude-flow/claims/tests/claim-service.test.ts[2m > [22mClaimService[2m > [22mupdateStatus[2m > [22mvalid status transitions[2m > [22mshould allow active to pending_handoff
 [32mΓ£ô[39m v3/@claude-flow/claims/tests/claim-service.test.ts[2m > [22mClaimService[2m > [22mupdateStatus[2m > [22mvalid status transitions[2m > [22mshould allow active to released
 [32mΓ£ô[39m v3/@claude-flow/claims/tests/claim-service.test.ts[2m > [22mClaimService[2m > [22mupdateStatus[2m > [22mvalid status transitions[2m > [22mshould allow active to expired
 [32mΓ£ô[39m v3/@claude-flow/claims/tests/claim-service.test.ts[2m > [22mClaimService[2m > [22mupdateStatus[2m > [22mvalid status transitions[2m > [22mshould allow pending_handoff to active (cancel handoff)
 [32mΓ£ô[39m v3/@claude-flow/claims/tests/claim-service.test.ts[2m > [22mClaimService[2m > [22mupdateStatus[2m > [22mvalid status transitions[2m > [22mshould allow expired to active (reactivate)
 [32mΓ£ô[39m v3/@claude-flow/claims/tests/claim-service.test.ts[2m > [22mClaimService[2m > [22mupdateStatus[2m > [22minvalid status transitions[2m > [22mshould reject released to active (terminal state)
 [32mΓ£ô[39m v3/@claude-flow/claims/tests/claim-service.test.ts[2m > [22mClaimService[2m > [22mupdateStatus[2m > [22minvalid status transitions[2m > [22mshould reject pending_handoff to expired
 [32mΓ£ô[39m v3/@claude-flow/claims/tests/claim-service.test.ts[2m > [22mClaimService[2m > [22mupdateStatus[2m > [22mshould reject status change by non-owner
 [32mΓ£ô[39m v3/@claude-flow/claims/tests/claim-service.test.ts[2m > [22mClaimService[2m > [22mupdateStatus[2m > [22mshould emit ClaimStatusUpdated event
 [32mΓ£ô[39m v3/@claude-flow/claims/tests/claim-service.test.ts[2m > [22mClaimService[2m > [22mexpireStale[2m > [22mshould expire old claims correctly
 [32mΓ£ô[39m v3/@claude-flow/claims/tests/claim-service.test.ts[2m > [22mClaimService[2m > [22mexpireStale[2m > [22mshould only expire claims where policy confirms expiration
 [32mΓ£ô[39m v3/@claude-flow/claims/tests/claim-service.test.ts[2m > [22mClaimService[2m > [22mexpireStale[2m > [22mshould emit ClaimExpired event for each expired claim
 [32mΓ£ô[39m v3/@claude-flow/claims/tests/claim-service.test.ts[2m > [22mClaimService[2m > [22mexpireStale[2m > [22mshould return empty result when no claims to expire
 [32mΓ£ô[39m v3/@claude-flow/claims/tests/claim-service.test.ts[2m > [22mClaimService[2m > [22mexpireStale[2m > [22mshould update claim status to expired
 [32mΓ£ô[39m v3/@claude-flow/claims/tests/claim-service.test.ts[2m > [22mClaimService[2m > [22minteraction verification[2m > [22mshould not emit events on validation failure
 [32mΓ£ô[39m v3/@claude-flow/claims/tests/claim-service.test.ts[2m > [22mClaimService[2m > [22minteraction verification[2m > [22mshould call repository before event store
 [32mΓ£ô[39m v3/@claude-flow/cli/__tests__/services/headless-worker-executor.test.ts[2m > [22mHeadlessWorkerExecutor[2m > [22mIntegration Scenarios[2m > [22mshould handle concurrent executions
 [32mΓ£ô[39m v3/@claude-flow/cli/__tests__/services/headless-worker-executor.test.ts[2m > [22mHeadlessWorkerExecutor Edge Cases[2m > [22mshould handle very large output
 [32mΓ£ô[39m v3/@claude-flow/plugins/__tests__/ruvector-bridge.test.ts[2m > [22mRuVectorBridge[2m > [22mConnection Management[2m > [22mPool Creation and Configuration[2m > [22mshould create connection pool with default settings
 [32mΓ£ô[39m v3/@claude-flow/plugins/__tests__/ruvector-bridge.test.ts[2m > [22mRuVectorBridge[2m > [22mConnection Management[2m > [22mPool Creation and Configuration[2m > [22mshould apply custom pool configuration
 [32mΓ£ô[39m v3/@claude-flow/plugins/__tests__/ruvector-bridge.test.ts[2m > [22mRuVectorBridge[2m > [22mConnection Management[2m > [22mPool Creation and Configuration[2m > [22mshould respect pool size limits
 [32mΓ£ô[39m v3/@claude-flow/plugins/__tests__/ruvector-bridge.test.ts[2m > [22mRuVectorBridge[2m > [22mConnection Management[2m > [22mConnection Health Checks[2m > [22mshould report healthy status when connected
 [32mΓ£ô[39m v3/@claude-flow/plugins/__tests__/ruvector-bridge.test.ts[2m > [22mRuVectorBridge[2m > [22mConnection Management[2m > [22mConnection Health Checks[2m > [22mshould report unhealthy status when disconnected
 [32mΓ£ô[39m v3/@claude-flow/plugins/__tests__/ruvector-bridge.test.ts[2m > [22mRuVectorBridge[2m > [22mConnection Management[2m > [22mConnection Health Checks[2m > [22mshould include latency metrics in health check
 [32mΓ£ô[39m v3/@claude-flow/plugins/__tests__/ruvector-bridge.test.ts[2m > [22mRuVectorBridge[2m > [22mConnection Management[2m > [22mReconnection on Failure[2m > [22mshould emit connection events
 [32mΓ£ô[39m v3/@claude-flow/plugins/__tests__/ruvector-bridge.test.ts[2m > [22mRuVectorBridge[2m > [22mConnection Management[2m > [22mReconnection on Failure[2m > [22mshould track connection state correctly
 [32mΓ£ô[39m v3/@claude-flow/plugins/__tests__/ruvector-bridge.test.ts[2m > [22mRuVectorBridge[2m > [22mConnection Management[2m > [22mReconnection on Failure[2m > [22mshould support auto-reconnect configuration
 [32mΓ£ô[39m v3/@claude-flow/plugins/__tests__/ruvector-bridge.test.ts[2m > [22mRuVectorBridge[2m > [22mConnection Management[2m > [22mSSL/TLS Connections[2m > [22mshould accept boolean SSL configuration
 [32mΓ£ô[39m v3/@claude-flow/plugins/__tests__/ruvector-bridge.test.ts[2m > [22mRuVectorBridge[2m > [22mConnection Management[2m > [22mSSL/TLS Connections[2m > [22mshould accept detailed SSL configuration
 [32mΓ£ô[39m v3/@claude-flow/plugins/__tests__/ruvector-bridge.test.ts[2m > [22mRuVectorBridge[2m > [22mConnection Management[2m > [22mRetry Configuration[2m > [22mshould accept retry configuration
 [32mΓ£ô[39m v3/@claude-flow/plugins/__tests__/ruvector-bridge.test.ts[2m > [22mRuVectorBridge[2m > [22mVector Operations[2m > [22mVector Search[2m > [22mshould perform cosine similarity search
 [32mΓ£ô[39m v3/@claude-flow/plugins/__tests__/ruvector-bridge.test.ts[2m > [22mRuVectorBridge[2m > [22mVector Operations[2m > [22mVector Search[2m > [22mshould perform euclidean distance search
 [32mΓ£ô[39m v3/@claude-flow/plugins/__tests__/ruvector-bridge.test.ts[2m > [22mRuVectorBridge[2m > [22mVector Operations[2m > [22mVector Search[2m > [22mshould perform dot product search
 [32mΓ£ô[39m v3/@claude-flow/plugins/__tests__/ruvector-bridge.test.ts[2m > [22mRuVectorBridge[2m > [22mVector Operations[2m > [22mVector Search[2m > [22mshould include metadata when requested
 [32mΓ£ô[39m v3/@claude-flow/plugins/__tests__/ruvector-bridge.test.ts[2m > [22mRuVectorBridge[2m > [22mVector Operations[2m > [22mVector Search[2m > [22mshould include vectors when requested
 [32mΓ£ô[39m v3/@claude-flow/plugins/__tests__/ruvector-bridge.test.ts[2m > [22mRuVectorBridge[2m > [22mVector Operations[2m > [22mVector Search[2m > [22mshould emit search events
 [32mΓ£ô[39m v3/@claude-flow/plugins/__tests__/ruvector-bridge.test.ts[2m > [22mRuVectorBridge[2m > [22mVector Operations[2m > [22mVector Search[2m > [22mshould throw when not connected
 [32mΓ£ô[39m v3/@claude-flow/plugins/__tests__/ruvector-bridge.test.ts[2m > [22mRuVectorBridge[2m > [22mVector Operations[2m > [22mVector Insert/Update/Delete[2m > [22mshould insert single vector
 [32mΓ£ô[39m v3/@claude-flow/plugins/__tests__/ruvector-bridge.test.ts[2m > [22mRuVectorBridge[2m > [22mVector Operations[2m > [22mVector Insert/Update/Delete[2m > [22mshould insert multiple vectors in batch
 [32mΓ£ô[39m v3/@claude-flow/plugins/__tests__/ruvector-bridge.test.ts[2m > [22mRuVectorBridge[2m > [22mVector Operations[2m > [22mVector Insert/Update/Delete[2m > [22mshould update existing vector
 [32mΓ£ô[39m v3/@claude-flow/plugins/__tests__/ruvector-bridge.test.ts[2m > [22mRuVectorBridge[2m > [22mVector Operations[2m > [22mVector Insert/Update/Delete[2m > [22mshould delete vector by id
 [32mΓ£ô[39m v3/@claude-flow/plugins/__tests__/ruvector-bridge.test.ts[2m > [22mRuVectorBridge[2m > [22mVector Operations[2m > [22mVector Insert/Update/Delete[2m > [22mshould bulk delete vectors
 [32mΓ£ô[39m v3/@claude-flow/plugins/__tests__/ruvector-bridge.test.ts[2m > [22mRuVectorBridge[2m > [22mVector Operations[2m > [22mVector Insert/Update/Delete[2m > [22mshould emit vector events
 [32mΓ£ô[39m v3/@claude-flow/plugins/__tests__/ruvector-bridge.test.ts[2m > [22mRuVectorBridge[2m > [22mVector Operations[2m > [22mBatch Operations[2m > [22mshould perform batch search
 [32mΓ£ô[39m v3/@claude-flow/plugins/__tests__/ruvector-bridge.test.ts[2m > [22mRuVectorBridge[2m > [22mVector Operations[2m > [22mBatch Operations[2m > [22mshould calculate batch statistics
 [32mΓ£ô[39m v3/@claude-flow/plugins/__tests__/ruvector-bridge.test.ts[2m > [22mRuVectorBridge[2m > [22mVector Operations[2m > [22mIndex Creation[2m > [22mshould create HNSW index
 [32mΓ£ô[39m v3/@claude-flow/plugins/__tests__/ruvector-bridge.test.ts[2m > [22mRuVectorBridge[2m > [22mVector Operations[2m > [22mIndex Creation[2m > [22mshould create IVFFlat index
 [32mΓ£ô[39m v3/@claude-flow/plugins/__tests__/ruvector-bridge.test.ts[2m > [22mRuVectorBridge[2m > [22mVector Operations[2m > [22mIndex Creation[2m > [22mshould emit index events
 [32mΓ£ô[39m v3/@claude-flow/plugins/__tests__/ruvector-bridge.test.ts[2m > [22mRuVectorBridge[2m > [22mVector Operations[2m > [22mIndex Creation[2m > [22mshould get index statistics
 [32mΓ£ô[39m v3/@claude-flow/plugins/__tests__/ruvector-bridge.test.ts[2m > [22mRuVectorBridge[2m > [22mVector Operations[2m > [22mIndex Creation[2m > [22mshould list indices for table
 [32mΓ£ô[39m v3/@claude-flow/plugins/__tests__/ruvector-bridge.test.ts[2m > [22mRuVectorBridge[2m > [22mVector Operations[2m > [22mIndex Creation[2m > [22mshould rebuild index
 [32mΓ£ô[39m v3/@claude-flow/plugins/__tests__/ruvector-bridge.test.ts[2m > [22mRuVectorBridge[2m > [22mVector Operations[2m > [22mIndex Creation[2m > [22mshould drop index
 [32mΓ£ô[39m v3/@claude-flow/plugins/__tests__/ruvector-bridge.test.ts[2m > [22mRuVectorBridge[2m > [22mAttention Mechanisms[2m > [22mMulti-Head Attention[2m > [22mshould execute multi-head attention
 [32mΓ£ô[39m v3/@claude-flow/plugins/__tests__/ruvector-bridge.test.ts[2m > [22mRuVectorBridge[2m > [22mAttention Mechanisms[2m > [22mMulti-Head Attention[2m > [22mshould return attention weights
 [32mΓ£ô[39m v3/@claude-flow/plugins/__tests__/ruvector-bridge.test.ts[2m > [22mRuVectorBridge[2m > [22mAttention Mechanisms[2m > [22mFlash Attention Performance[2m > [22mshould execute flash attention
 [32mΓ£ô[39m v3/@claude-flow/plugins/__tests__/ruvector-bridge.test.ts[2m > [22mRuVectorBridge[2m > [22mAttention Mechanisms[2m > [22mFlash Attention Performance[2m > [22mshould not return weights with checkpointing enabled
 [32mΓ£ô[39m v3/@claude-flow/plugins/__tests__/ruvector-bridge.test.ts[2m > [22mRuVectorBridge[2m > [22mAttention Mechanisms[2m > [22mSparse Attention Patterns[2m > [22mshould execute sparse attention
 [32mΓ£ô[39m v3/@claude-flow/plugins/__tests__/ruvector-bridge.test.ts[2m > [22mRuVectorBridge[2m > [22mAttention Mechanisms[2m > [22mSparse Attention Patterns[2m > [22mshould execute sliding window attention
 [32mΓ£ô[39m v3/@claude-flow/plugins/__tests__/ruvector-bridge.test.ts[2m > [22mRuVectorBridge[2m > [22mAttention Mechanisms[2m > [22mCross-Attention Operations[2m > [22mshould execute cross-attention between two sequences
 [32mΓ£ô[39m v3/@claude-flow/plugins/__tests__/ruvector-bridge.test.ts[2m > [22mRuVectorBridge[2m > [22mAttention Mechanisms[2m > [22mAttention Events[2m > [22mshould emit attention computed event
 [32mΓ£ô[39m v3/@claude-flow/plugins/__tests__/ruvector-bridge.test.ts[2m > [22mRuVectorBridge[2m > [22mGNN Layers[2m > [22mGCN Forward Pass[2m > [22mshould execute GCN layer
 [32mΓ£ô[39m v3/@claude-flow/plugins/__tests__/ruvector-bridge.test.ts[2m > [22mRuVectorBridge[2m > [22mGNN Layers[2m > [22mGCN Forward Pass[2m > [22mshould support different aggregations
 [32mΓ£ô[39m v3/@claude-flow/plugins/__tests__/ruvector-bridge.test.ts[2m > [22mRuVectorBridge[2m > [22mGNN Layers[2m > [22mGAT Attention Weights[2m > [22mshould execute GAT layer with attention
 [32mΓ£ô[39m v3/@claude-flow/plugins/__tests__/ruvector-bridge.test.ts[2m > [22mRuVectorBridge[2m > [22mGNN Layers[2m > [22mGAT Attention Weights[2m > [22mshould execute GAT v2 layer
 [32mΓ£ô[39m v3/@claude-flow/plugins/__tests__/ruvector-bridge.test.ts[2m > [22mRuVectorBridge[2m > [22mGNN Layers[2m > [22mGraphSAGE Sampling[2m > [22mshould execute GraphSAGE layer
 [32mΓ£ô[39m v3/@claude-flow/plugins/__tests__/ruvector-bridge.test.ts[2m > [22mRuVectorBridge[2m > [22mGNN Layers[2m > [22mGraphSAGE Sampling[2m > [22mshould support importance sampling
 [32mΓ£ô[39m v3/@claude-flow/plugins/__tests__/ruvector-bridge.test.ts[2m > [22mRuVectorBridge[2m > [22mGNN Layers[2m > [22mMessage Passing[2m > [22mshould execute MPNN layer
 [32mΓ£ô[39m v3/@claude-flow/plugins/__tests__/ruvector-bridge.test.ts[2m > [22mRuVectorBridge[2m > [22mGNN Layers[2m > [22mMessage Passing[2m > [22mshould emit GNN events
 [32mΓ£ô[39m v3/@claude-flow/plugins/__tests__/ruvector-bridge.test.ts[2m > [22mRuVectorBridge[2m > [22mGNN Layers[2m > [22mGraph Building[2m > [22mshould build graph from node features and edges
 [32mΓ£ô[39m v3/@claude-flow/plugins/__tests__/ruvector-bridge.test.ts[2m > [22mRuVectorBridge[2m > [22mHyperbolic Embeddings[2m > [22mPoincare Distance Calculations[2m > [22mshould compute Poincare distance
 [32mΓ£ô[39m v3/@claude-flow/plugins/__tests__/ruvector-bridge.test.ts[2m > [22mRuVectorBridge[2m > [22mHyperbolic Embeddings[2m > [22mPoincare Distance Calculations[2m > [22mshould return zero distance for same point
 [32mΓ£ô[39m v3/@claude-flow/plugins/__tests__/ruvector-bridge.test.ts[2m > [22mRuVectorBridge[2m > [22mHyperbolic Embeddings[2m > [22mPoincare Distance Calculations[2m > [22mshould emit hyperbolic distance event
 [32mΓ£ô[39m v3/@claude-flow/plugins/__tests__/ruvector-bridge.test.ts[2m > [22mRuVectorBridge[2m > [22mHyperbolic Embeddings[2m > [22mLorentz Operations[2m > [22mshould compute embeddings in Lorentz model
 [32mΓ£ô[39m v3/@claude-flow/plugins/__tests__/ruvector-bridge.test.ts[2m > [22mRuVectorBridge[2m > [22mHyperbolic Embeddings[2m > [22mModel Conversions[2m > [22mshould support Poincare model
 [32mΓ£ô[39m v3/@claude-flow/plugins/__tests__/ruvector-bridge.test.ts[2m > [22mRuVectorBridge[2m > [22mHyperbolic Embeddings[2m > [22mModel Conversions[2m > [22mshould support Klein model
 [32mΓ£ô[39m v3/@claude-flow/plugins/__tests__/ruvector-bridge.test.ts[2m > [22mRuVectorBridge[2m > [22mHyperbolic Embeddings[2m > [22mManifold Projections[2m > [22mshould project points to Poincare ball
 [32mΓ£ô[39m v3/@claude-flow/plugins/__tests__/ruvector-bridge.test.ts[2m > [22mRuVectorBridge[2m > [22mHyperbolic Embeddings[2m > [22mManifold Projections[2m > [22mshould emit hyperbolic embed event
 [32mΓ£ô[39m v3/@claude-flow/plugins/__tests__/ruvector-bridge.test.ts[2m > [22mRuVectorBridge[2m > [22mSelf-Learning[2m > [22mQuery Optimization Suggestions[2m > [22mshould analyze table and provide recommendations
 [32mΓ£ô[39m v3/@claude-flow/plugins/__tests__/ruvector-bridge.test.ts[2m > [22mRuVectorBridge[2m > [22mSelf-Learning[2m > [22mQuery Optimization Suggestions[2m > [22mshould provide column statistics
 [32mΓ£ô[39m v3/@claude-flow/plugins/__tests__/ruvector-bridge.test.ts[2m > [22mRuVectorBridge[2m > [22mSelf-Learning[2m > [22mIndex Tuning Recommendations[2m > [22mshould return index statistics for tuning
 [32mΓ£ô[39m v3/@claude-flow/plugins/__tests__/ruvector-bridge.test.ts[2m > [22mRuVectorBridge[2m > [22mSelf-Learning[2m > [22mIndex Tuning Recommendations[2m > [22mshould provide query statistics for optimization
 [32mΓ£ô[39m v3/@claude-flow/plugins/__tests__/ruvector-bridge.test.ts[2m > [22mRuVectorBridge[2m > [22mSelf-Learning[2m > [22mPattern Detection[2m > [22mshould track memory statistics
 [32mΓ£ô[39m v3/@claude-flow/plugins/__tests__/ruvector-bridge.test.ts[2m > [22mRuVectorBridge[2m > [22mSelf-Learning[2m > [22mPattern Detection[2m > [22mshould emit admin events for analysis
 [32mΓ£ô[39m v3/@claude-flow/plugins/__tests__/ruvector-bridge.test.ts[2m > [22mRuVectorBridge[2m > [22mType Guards[2m > [22misDistanceMetric[2m > [22mshould return true for valid distance metrics
 [32mΓ£ô[39m v3/@claude-flow/plugins/__tests__/ruvector-bridge.test.ts[2m > [22mRuVectorBridge[2m > [22mType Guards[2m > [22misDistanceMetric[2m > [22mshould return false for invalid values
 [32mΓ£ô[39m v3/@claude-flow/plugins/__tests__/ruvector-bridge.test.ts[2m > [22mRuVectorBridge[2m > [22mType Guards[2m > [22misAttentionMechanism[2m > [22mshould return true for valid attention mechanisms
 [32mΓ£ô[39m v3/@claude-flow/plugins/__tests__/ruvector-bridge.test.ts[2m > [22mRuVectorBridge[2m > [22mType Guards[2m > [22misAttentionMechanism[2m > [22mshould return false for invalid values
 [32mΓ£ô[39m v3/@claude-flow/plugins/__tests__/ruvector-bridge.test.ts[2m > [22mRuVectorBridge[2m > [22mType Guards[2m > [22misGNNLayerType[2m > [22mshould return true for valid GNN layer types
 [32mΓ£ô[39m v3/@claude-flow/plugins/__tests__/ruvector-bridge.test.ts[2m > [22mRuVectorBridge[2m > [22mType Guards[2m > [22misGNNLayerType[2m > [22mshould return false for invalid values
 [32mΓ£ô[39m v3/@claude-flow/plugins/__tests__/ruvector-bridge.test.ts[2m > [22mRuVectorBridge[2m > [22mType Guards[2m > [22misHyperbolicModel[2m > [22mshould return true for valid hyperbolic models
 [32mΓ£ô[39m v3/@claude-flow/plugins/__tests__/ruvector-bridge.test.ts[2m > [22mRuVectorBridge[2m > [22mType Guards[2m > [22misHyperbolicModel[2m > [22mshould return false for invalid values
 [32mΓ£ô[39m v3/@claude-flow/plugins/__tests__/ruvector-bridge.test.ts[2m > [22mRuVectorBridge[2m > [22mType Guards[2m > [22misVectorIndexType[2m > [22mshould return true for valid index types
 [32mΓ£ô[39m v3/@claude-flow/plugins/__tests__/ruvector-bridge.test.ts[2m > [22mRuVectorBridge[2m > [22mType Guards[2m > [22misVectorIndexType[2m > [22mshould return false for invalid values
 [32mΓ£ô[39m v3/@claude-flow/plugins/__tests__/ruvector-bridge.test.ts[2m > [22mRuVectorBridge[2m > [22mType Guards[2m > [22mResult Type Guards[2m > [22mshould identify successful results
 [32mΓ£ô[39m v3/@claude-flow/plugins/__tests__/ruvector-bridge.test.ts[2m > [22mRuVectorBridge[2m > [22mType Guards[2m > [22mResult Type Guards[2m > [22mshould identify error results
 [32mΓ£ô[39m v3/@claude-flow/plugins/__tests__/ruvector-bridge.test.ts[2m > [22mRuVectorBridge[2m > [22mTransactions[2m > [22mshould execute transaction successfully
 [32mΓ£ô[39m v3/@claude-flow/plugins/__tests__/ruvector-bridge.test.ts[2m > [22mRuVectorBridge[2m > [22mTransactions[2m > [22mshould rollback on error
 [32mΓ£ô[39m v3/@claude-flow/plugins/__tests__/ruvector-bridge.test.ts[2m > [22mRuVectorBridge[2m > [22mTransactions[2m > [22mshould track transaction metrics
 [32mΓ£ô[39m v3/@claude-flow/plugins/__tests__/ruvector-bridge.test.ts[2m > [22mRuVectorBridge[2m > [22mEvent System[2m > [22mshould register and unregister event handlers
 [32mΓ£ô[39m v3/@claude-flow/plugins/__tests__/ruvector-bridge.test.ts[2m > [22mRuVectorBridge[2m > [22mEvent System[2m > [22mshould handle once events
 [32mΓ£ô[39m v3/@claude-flow/plugins/__tests__/ruvector-bridge.test.ts[2m > [22mRuVectorBridge[2m > [22mEvent System[2m > [22mshould remove all listeners
 [32mΓ£ô[39m v3/@claude-flow/plugins/__tests__/ruvector-bridge.test.ts[2m > [22mRuVectorBridge[2m > [22mEvent System[2m > [22mshould remove listeners for specific event
 [32mΓ£ô[39m v3/@claude-flow/plugins/__tests__/ruvector-bridge.test.ts[2m > [22mRuVectorBridge[2m > [22mEmbedding Operations[2m > [22mshould embed single text
 [32mΓ£ô[39m v3/@claude-flow/plugins/__tests__/ruvector-bridge.test.ts[2m > [22mRuVectorBridge[2m > [22mEmbedding Operations[2m > [22mshould embed batch of texts
 [32mΓ£ô[39m v3/@claude-flow/plugins/__tests__/ruvector-bridge.test.ts[2m > [22mRuVectorBridge[2m > [22mEmbedding Operations[2m > [22mshould use specified model
 [32mΓ£ô[39m v3/@claude-flow/plugins/__tests__/ruvector-bridge.test.ts[2m > [22mRuVectorBridge[2m > [22mAdmin Operations[2m > [22mshould perform vacuum operation
 [32mΓ£ô[39m v3/@claude-flow/plugins/__tests__/ruvector-bridge.test.ts[2m > [22mRuVectorBridge[2m > [22mAdmin Operations[2m > [22mshould get comprehensive stats
 [32mΓ£ô[39m v3/@claude-flow/plugins/__tests__/ruvector-bridge.test.ts[2m > [22mRuVectorBridge[2m > [22mAdmin Operations[2m > [22mshould throw when not connected
 [32mΓ£ô[39m v3/@claude-flow/plugins/__tests__/ruvector-bridge.test.ts[2m > [22mEdge Cases[2m > [22mBoundary Values[2m > [22mshould handle empty vector search results
 [32mΓ£ô[39m v3/@claude-flow/plugins/__tests__/ruvector-bridge.test.ts[2m > [22mEdge Cases[2m > [22mBoundary Values[2m > [22mshould handle large batch sizes
 [32mΓ£ô[39m v3/@claude-flow/plugins/__tests__/ruvector-bridge.test.ts[2m > [22mEdge Cases[2m > [22mBoundary Values[2m > [22mshould handle high-dimensional vectors
 [32mΓ£ô[39m v3/@claude-flow/plugins/__tests__/ruvector-bridge.test.ts[2m > [22mEdge Cases[2m > [22mEmpty/Null Cases[2m > [22mshould handle empty batch insert
 [32mΓ£ô[39m v3/@claude-flow/plugins/__tests__/ruvector-bridge.test.ts[2m > [22mEdge Cases[2m > [22mEmpty/Null Cases[2m > [22mshould handle graph with no edges
 [32mΓ£ô[39m v3/@claude-flow/plugins/__tests__/ruvector-bridge.test.ts[2m > [22mEdge Cases[2m > [22mConcurrent Operations[2m > [22mshould handle concurrent searches
 [32mΓ£ô[39m v3/@claude-flow/plugins/__tests__/ruvector-bridge.test.ts[2m > [22mEdge Cases[2m > [22mConcurrent Operations[2m > [22mshould handle concurrent inserts
 [32mΓ£ô[39m v3/@claude-flow/plugins/__tests__/ruvector-bridge.test.ts[2m > [22mPerformance[2m > [22mshould complete single search within acceptable time
 [32mΓ£ô[39m v3/@claude-flow/plugins/__tests__/ruvector-bridge.test.ts[2m > [22mPerformance[2m > [22mshould handle batch operations efficiently
 [32mΓ£ô[39m v3/@claude-flow/plugins/__tests__/ruvector-bridge.test.ts[2m > [22mPerformance[2m > [22mshould track throughput metrics
 [32mΓ£ô[39m v3/@claude-flow/plugins/__tests__/ruvector-bridge.test.ts[2m > [22mSecurity[2m > [22mshould not expose sensitive configuration
 [32mΓ£ô[39m v3/@claude-flow/plugins/__tests__/ruvector-bridge.test.ts[2m > [22mSecurity[2m > [22mshould support SSL configuration
 [32mΓ£ô[39m v3/@claude-flow/cli/__tests__/services/headless-worker-executor.test.ts[2m > [22mHeadlessWorkerExecutor Edge Cases[2m > [22mshould handle unicode output
 [32mΓ£ô[39m v3/@claude-flow/guidance/tests/temporal.test.ts[2m > [22mTemporalStore - Status Computation[2m > [22mshould recompute status on get() based on current time
 [32mΓ£ô[39m v3/@claude-flow/guidance/tests/temporal.test.ts[2m > [22mTemporalStore - Retrieval[2m > [22mshould retrieve assertion by ID
 [32mΓ£ô[39m v3/@claude-flow/guidance/tests/temporal.test.ts[2m > [22mTemporalStore - Retrieval[2m > [22mshould return undefined for non-existent ID
 [32mΓ£ô[39m v3/@claude-flow/guidance/tests/temporal.test.ts[2m > [22mTemporalStore - Retrieval[2m > [22mshould get all active assertions at a specific point in time
 [32mΓ£ô[39m v3/@claude-flow/guidance/tests/temporal.test.ts[2m > [22mTemporalStore - Retrieval[2m > [22mshould filter getActiveAt by namespace
 [32mΓ£ô[39m v3/@claude-flow/guidance/tests/temporal.test.ts[2m > [22mTemporalStore - Retrieval[2m > [22mshould return active assertions sorted by assertedAt descending
 [32mΓ£ô[39m v3/@claude-flow/guidance/tests/temporal.test.ts[2m > [22mTemporalStore - Retrieval[2m > [22mshould get currently active assertions via getCurrentTruth
 [32mΓ£ô[39m v3/@claude-flow/guidance/tests/temporal.test.ts[2m > [22mTemporalStore - Retrieval[2m > [22mshould exclude retracted assertions from getActiveAt
 [32mΓ£ô[39m v3/@claude-flow/guidance/tests/temporal.test.ts[2m > [22mTemporalStore - Retrieval[2m > [22mshould exclude superseded assertions from getActiveAt
 [32mΓ£ô[39m v3/@claude-flow/guidance/tests/temporal.test.ts[2m > [22mTemporalStore - History and Query[2m > [22mshould get history of a claim ordered by assertedAt ascending
 [32mΓ£ô[39m v3/@claude-flow/guidance/tests/temporal.test.ts[2m > [22mTemporalStore - History and Query[2m > [22mshould get history only for matching claim and namespace
 [32mΓ£ô[39m v3/@claude-flow/guidance/tests/temporal.test.ts[2m > [22mTemporalStore - History and Query[2m > [22mshould query assertions with namespace filter
 [32mΓ£ô[39m v3/@claude-flow/guidance/tests/temporal.test.ts[2m > [22mTemporalStore - History and Query[2m > [22mshould query assertions with pointInTime filter
 [32mΓ£ô[39m v3/@claude-flow/guidance/tests/temporal.test.ts[2m > [22mTemporalStore - History and Query[2m > [22mshould query assertions with status filter
 [32mΓ£ô[39m v3/@claude-flow/guidance/tests/temporal.test.ts[2m > [22mTemporalStore - History and Query[2m > [22mshould query assertions with source filter
 [32mΓ£ô[39m v3/@claude-flow/guidance/tests/temporal.test.ts[2m > [22mTemporalStore - History and Query[2m > [22mshould query assertions with tags filter (all must be present)
 [32mΓ£ô[39m v3/@claude-flow/guidance/tests/temporal.test.ts[2m > [22mTemporalStore - History and Query[2m > [22mshould query with multiple filters combined
 [32mΓ£ô[39m v3/@claude-flow/guidance/tests/temporal.test.ts[2m > [22mTemporalStore - History and Query[2m > [22mshould return query results sorted by assertedAt descending
 [32mΓ£ô[39m v3/@claude-flow/guidance/tests/temporal.test.ts[2m > [22mTemporalStore - Supersession[2m > [22mshould supersede an existing assertion
 [32mΓ£ô[39m v3/@claude-flow/guidance/tests/temporal.test.ts[2m > [22mTemporalStore - Supersession[2m > [22mshould create bidirectional supersession links
 [32mΓ£ô[39m v3/@claude-flow/guidance/tests/temporal.test.ts[2m > [22mTemporalStore - Supersession[2m > [22mshould return undefined when superseding non-existent assertion
 [32mΓ£ô[39m v3/@claude-flow/guidance/tests/temporal.test.ts[2m > [22mTemporalStore - Supersession[2m > [22mshould preserve namespace when superseding
 [32mΓ£ô[39m v3/@claude-flow/guidance/tests/temporal.test.ts[2m > [22mTemporalStore - Supersession[2m > [22mshould allow superseding with custom options
 [32mΓ£ô[39m v3/@claude-flow/guidance/tests/temporal.test.ts[2m > [22mTemporalStore - Supersession[2m > [22mshould build supersession chain with multiple replacements
 [32mΓ£ô[39m v3/@claude-flow/guidance/tests/temporal.test.ts[2m > [22mTemporalStore - Retraction[2m > [22mshould retract an assertion
 [32mΓ£ô[39m v3/@claude-flow/guidance/tests/temporal.test.ts[2m > [22mTemporalStore - Retraction[2m > [22mshould store retraction reason in metadata
 [32mΓ£ô[39m v3/@claude-flow/guidance/tests/temporal.test.ts[2m > [22mTemporalStore - Retraction[2m > [22mshould return undefined when retracting non-existent assertion
 [32mΓ£ô[39m v3/@claude-flow/guidance/tests/temporal.test.ts[2m > [22mTemporalStore - Retraction[2m > [22mshould preserve retracted assertions in store
 [32mΓ£ô[39m v3/@claude-flow/guidance/tests/temporal.test.ts[2m > [22mTemporalStore - Retraction[2m > [22mshould allow retracting already superseded assertion
 [32mΓ£ô[39m v3/@claude-flow/guidance/tests/temporal.test.ts[2m > [22mTemporalStore - Timeline[2m > [22mshould get timeline for single assertion
 [32mΓ£ô[39m v3/@claude-flow/guidance/tests/temporal.test.ts[2m > [22mTemporalStore - Timeline[2m > [22mshould get timeline with predecessors
 [32mΓ£ô[39m v3/@claude-flow/guidance/tests/temporal.test.ts[2m > [22mTemporalStore - Timeline[2m > [22mshould get timeline with successors
 [32mΓ£ô[39m v3/@claude-flow/guidance/tests/temporal.test.ts[2m > [22mTemporalStore - Timeline[2m > [22mshould get timeline with both predecessors and successors
 [32mΓ£ô[39m v3/@claude-flow/guidance/tests/temporal.test.ts[2m > [22mTemporalStore - Timeline[2m > [22mshould return undefined for non-existent assertion timeline
 [32mΓ£ô[39m v3/@claude-flow/guidance/tests/temporal.test.ts[2m > [22mTemporalStore - Timeline[2m > [22mshould handle cycles in supersession chain gracefully
 [32mΓ£ô[39m v3/@claude-flow/guidance/tests/temporal.test.ts[2m > [22mTemporalStore - Conflict Detection[2m > [22mshould detect no conflicts when single assertion is active
 [32mΓ£ô[39m v3/@claude-flow/guidance/tests/temporal.test.ts[2m > [22mTemporalStore - Conflict Detection[2m > [22mshould detect no conflicts when no assertions are active
 [32mΓ£ô[39m v3/@claude-flow/guidance/tests/temporal.test.ts[2m > [22mTemporalStore - Conflict Detection[2m > [22mshould detect conflicts when multiple assertions are active
 [32mΓ£ô[39m v3/@claude-flow/guidance/tests/temporal.test.ts[2m > [22mTemporalStore - Conflict Detection[2m > [22mshould detect conflicts at a specific point in time
 [32mΓ£ô[39m v3/@claude-flow/guidance/tests/temporal.test.ts[2m > [22mTemporalStore - Conflict Detection[2m > [22mshould not detect conflicts across different namespaces
 [32mΓ£ô[39m v3/@claude-flow/guidance/tests/temporal.test.ts[2m > [22mTemporalStore - Conflict Detection[2m > [22mshould exclude retracted assertions from conflict detection
 [32mΓ£ô[39m v3/@claude-flow/guidance/tests/temporal.test.ts[2m > [22mTemporalStore - Export/Import[2m > [22mshould export all assertions
 [32mΓ£ô[39m v3/@claude-flow/guidance/tests/temporal.test.ts[2m > [22mTemporalStore - Export/Import[2m > [22mshould export assertions with all fields
 [32mΓ£ô[39m v3/@claude-flow/guidance/tests/temporal.test.ts[2m > [22mTemporalStore - Export/Import[2m > [22mshould import assertions from export
 [32mΓ£ô[39m v3/@claude-flow/guidance/tests/temporal.test.ts[2m > [22mTemporalStore - Export/Import[2m > [22mshould clear existing assertions on import
 [32mΓ£ô[39m v3/@claude-flow/guidance/tests/temporal.test.ts[2m > [22mTemporalStore - Export/Import[2m > [22mshould throw error for unsupported version on import
 [32mΓ£ô[39m v3/@claude-flow/guidance/tests/temporal.test.ts[2m > [22mTemporalStore - Export/Import[2m > [22mshould preserve supersession links on export/import
 [32mΓ£ô[39m v3/@claude-flow/guidance/tests/temporal.test.ts[2m > [22mTemporalStore - Pruning[2m > [22mshould prune expired assertions before cutoff time
 [32mΓ£ô[39m v3/@claude-flow/guidance/tests/temporal.test.ts[2m > [22mTemporalStore - Pruning[2m > [22mshould not prune active assertions
 [32mΓ£ô[39m v3/@claude-flow/guidance/tests/temporal.test.ts[2m > [22mTemporalStore - Pruning[2m > [22mshould not prune future assertions
 [32mΓ£ô[39m v3/@claude-flow/guidance/tests/temporal.test.ts[2m > [22mTemporalStore - Pruning[2m > [22mshould not prune retracted assertions
 [32mΓ£ô[39m v3/@claude-flow/guidance/tests/temporal.test.ts[2m > [22mTemporalStore - Pruning[2m > [22mshould not prune superseded assertions
 [32mΓ£ô[39m v3/@claude-flow/guidance/tests/temporal.test.ts[2m > [22mTemporalStore - Pruning[2m > [22mshould not prune assertions with null validUntil
 [32mΓ£ô[39m v3/@claude-flow/guidance/tests/temporal.test.ts[2m > [22mTemporalStore - Pruning[2m > [22mshould return count of pruned assertions
 [32mΓ£ô[39m v3/@claude-flow/guidance/tests/temporal.test.ts[2m > [22mTemporalStore - Configuration and Management[2m > [22mshould create store with default configuration
 [32mΓ£ô[39m v3/@claude-flow/guidance/tests/temporal.test.ts[2m > [22mTemporalStore - Configuration and Management[2m > [22mshould create store with custom configuration
 [32mΓ£ô[39m v3/@claude-flow/guidance/tests/temporal.test.ts[2m > [22mTemporalStore - Configuration and Management[2m > [22mshould track store size
 [32mΓ£ô[39m v3/@claude-flow/guidance/tests/temporal.test.ts[2m > [22mTemporalStore - Configuration and Management[2m > [22mshould clear all assertions
 [32mΓ£ô[39m v3/@claude-flow/guidance/tests/temporal.test.ts[2m > [22mTemporalStore - Configuration and Management[2m > [22mshould enforce capacity by pruning oldest expired assertions
 [32mΓ£ô[39m v3/@claude-flow/guidance/tests/temporal.test.ts[2m > [22mTemporalStore - Configuration and Management[2m > [22mshould return immutable config copy
 [32mΓ£ô[39m v3/@claude-flow/guidance/tests/temporal.test.ts[2m > [22mTemporalReasoner - Basic Reasoning[2m > [22mshould answer what was true in the past
 [32mΓ£ô[39m v3/@claude-flow/guidance/tests/temporal.test.ts[2m > [22mTemporalReasoner - Basic Reasoning[2m > [22mshould answer what is true right now
 [32mΓ£ô[39m v3/@claude-flow/guidance/tests/temporal.test.ts[2m > [22mTemporalReasoner - Basic Reasoning[2m > [22mshould answer what will be true in the future
 [32mΓ£ô[39m v3/@claude-flow/guidance/tests/temporal.test.ts[2m > [22mTemporalReasoner - Basic Reasoning[2m > [22mshould return empty array when nothing was true in the past
 [32mΓ£ô[39m v3/@claude-flow/guidance/tests/temporal.test.ts[2m > [22mTemporalReasoner - Basic Reasoning[2m > [22mshould return empty array when nothing is true right now
 [32mΓ£ô[39m v3/@claude-flow/guidance/tests/temporal.test.ts[2m > [22mTemporalReasoner - Basic Reasoning[2m > [22mshould return empty array when nothing will be true in the future
 [32mΓ£ô[39m v3/@claude-flow/guidance/tests/temporal.test.ts[2m > [22mTemporalReasoner - Change Detection[2m > [22mshould detect new assertions as changes
 [32mΓ£ô[39m v3/@claude-flow/guidance/tests/temporal.test.ts[2m > [22mTemporalReasoner - Change Detection[2m > [22mshould detect retracted assertions as changes
 [32mΓ£ô[39m v3/@claude-flow/guidance/tests/temporal.test.ts[2m > [22mTemporalReasoner - Change Detection[2m > [22mshould detect superseded assertions as changes
 [32mΓ£ô[39m v3/@claude-flow/guidance/tests/temporal.test.ts[2m > [22mTemporalReasoner - Change Detection[2m > [22mshould detect expired assertions as changes
 [32mΓ£ô[39m v3/@claude-flow/guidance/tests/temporal.test.ts[2m > [22mTemporalReasoner - Change Detection[2m > [22mshould sort changes by changedAt timestamp
 [32mΓ£ô[39m v3/@claude-flow/guidance/tests/temporal.test.ts[2m > [22mTemporalReasoner - Change Detection[2m > [22mshould not detect changes before checkpoint
 [32mΓ£ô[39m v3/@claude-flow/guidance/tests/temporal.test.ts[2m > [22mTemporalReasoner - Change Detection[2m > [22mshould include all change types in a complex scenario
 [32mΓ£ô[39m v3/@claude-flow/guidance/tests/temporal.test.ts[2m > [22mTemporalReasoner - Conflict and Projection[2m > [22mshould detect conflicts when multiple assertions are active
 [32mΓ£ô[39m v3/@claude-flow/guidance/tests/temporal.test.ts[2m > [22mTemporalReasoner - Conflict and Projection[2m > [22mshould not detect conflicts when only one assertion is active
 [32mΓ£ô[39m v3/@claude-flow/guidance/tests/temporal.test.ts[2m > [22mTemporalReasoner - Conflict and Projection[2m > [22mshould detect conflicts at a specific point in time
 [32mΓ£ô[39m v3/@claude-flow/guidance/tests/temporal.test.ts[2m > [22mTemporalReasoner - Conflict and Projection[2m > [22mshould project assertion forward to future time when valid
 [32mΓ£ô[39m v3/@claude-flow/guidance/tests/temporal.test.ts[2m > [22mTemporalReasoner - Conflict and Projection[2m > [22mshould project assertion forward to false when expired
 [32mΓ£ô[39m v3/@claude-flow/guidance/tests/temporal.test.ts[2m > [22mTemporalReasoner - Conflict and Projection[2m > [22mshould project assertion forward to false when retracted
 [32mΓ£ô[39m v3/@claude-flow/guidance/tests/temporal.test.ts[2m > [22mTemporalReasoner - Conflict and Projection[2m > [22mshould project assertion forward to false when superseded
 [32mΓ£ô[39m v3/@claude-flow/guidance/tests/temporal.test.ts[2m > [22mTemporalReasoner - Conflict and Projection[2m > [22mshould return false when projecting non-existent assertion
 [32mΓ£ô[39m v3/@claude-flow/guidance/tests/temporal.test.ts[2m > [22mTemporalReasoner - Conflict and Projection[2m > [22mshould project future assertion correctly
 [32mΓ£ô[39m v3/@claude-flow/guidance/tests/temporal.test.ts[2m > [22mFactory Functions[2m > [22mshould create TemporalStore with factory function
 [32mΓ£ô[39m v3/@claude-flow/guidance/tests/temporal.test.ts[2m > [22mFactory Functions[2m > [22mshould create TemporalReasoner with factory function
 [32mΓ£ô[39m v3/@claude-flow/guidance/tests/temporal.test.ts[2m > [22mFactory Functions[2m > [22mshould create reasoner that works with its store
 [32mΓ£ô[39m v3/@claude-flow/cli/__tests__/services/headless-worker-executor.test.ts[2m > [22mHeadlessWorkerExecutor Edge Cases[2m > [22mshould handle binary-looking output
 [32mΓ£ô[39m v3/@claude-flow/cli/__tests__/services/headless-worker-executor.test.ts[2m > [22mHeadlessWorkerExecutor Edge Cases[2m > [22mshould handle rapid close after spawn
 [32mΓ£ô[39m v3/@claude-flow/cli/__tests__/services/headless-worker-executor.test.ts[2m > [22mHeadlessWorkerExecutor Edge Cases[2m > [22mshould handle null exit code
 [32mΓ£ô[39m v3/@claude-flow/cli/__tests__/services/headless-worker-executor.test.ts[2m > [22mHeadlessWorkerExecutor Edge Cases[2m > [22mshould preserve raw output even when parsing fails
 [32mΓ£ô[39m v3/@claude-flow/cli/__tests__/memory-ruvector-deep.test.ts[2m > [22mIntelligence Module[2m > [22minitializeIntelligence[2m > [22mshould initialize successfully with defaults
 [32mΓ£ô[39m v3/@claude-flow/cli/__tests__/memory-ruvector-deep.test.ts[2m > [22mIntelligence Module[2m > [22minitializeIntelligence[2m > [22mshould return cached result on second call
 [32mΓ£ô[39m v3/@claude-flow/cli/__tests__/memory-ruvector-deep.test.ts[2m > [22mIntelligence Module[2m > [22minitializeIntelligence[2m > [22mshould accept custom config overrides
 [32mΓ£ô[39m v3/@claude-flow/cli/__tests__/memory-ruvector-deep.test.ts[2m > [22mIntelligence Module[2m > [22mgetIntelligenceStats[2m > [22mshould return valid stats after initialization
 [32mΓ£ô[39m v3/@claude-flow/cli/__tests__/memory-ruvector-deep.test.ts[2m > [22mIntelligence Module[2m > [22mgetIntelligenceStats[2m > [22mshould return disabled state when not initialized
 [32mΓ£ô[39m v3/@claude-flow/cli/__tests__/memory-ruvector-deep.test.ts[2m > [22mIntelligence Module[2m > [22mclearIntelligence[2m > [22mshould reset all state
 [32mΓ£ô[39m v3/@claude-flow/cli/__tests__/memory-ruvector-deep.test.ts[2m > [22mIntelligence Module[2m > [22mbenchmarkAdaptation[2m > [22mshould achieve sub-0.05ms average adaptation time
 [32mΓ£ô[39m v3/@claude-flow/cli/__tests__/memory-ruvector-deep.test.ts[2m > [22mIntelligence Module[2m > [22mgetNeuralDataDir[2m > [22mshould return a valid path string
 [32mΓ£ô[39m v3/@claude-flow/cli/__tests__/memory-ruvector-deep.test.ts[2m > [22mIntelligence Module[2m > [22mgetPersistenceStatus[2m > [22mshould report persistence enabled
 [32mΓ£ô[39m v3/@claude-flow/swarm/__tests__/queen-coordinator.test.ts[2m > [22mQueenCoordinator[2m > [22mInitialization and Lifecycle[2m > [22mshould create queen coordinator with default config
 [32mΓ£ô[39m v3/@claude-flow/swarm/__tests__/queen-coordinator.test.ts[2m > [22mQueenCoordinator[2m > [22mInitialization and Lifecycle[2m > [22mshould create queen coordinator with custom config
 [32mΓ£ô[39m v3/@claude-flow/swarm/__tests__/queen-coordinator.test.ts[2m > [22mQueenCoordinator[2m > [22mInitialization and Lifecycle[2m > [22mshould initialize neural system when learning is enabled
 [32mΓ£ô[39m v3/@claude-flow/swarm/__tests__/queen-coordinator.test.ts[2m > [22mQueenCoordinator[2m > [22mInitialization and Lifecycle[2m > [22mshould not initialize neural system when learning is disabled
 [32mΓ£ô[39m v3/@claude-flow/swarm/__tests__/queen-coordinator.test.ts[2m > [22mQueenCoordinator[2m > [22mInitialization and Lifecycle[2m > [22mshould emit initialized event
 [32mΓ£ô[39m v3/@claude-flow/swarm/__tests__/queen-coordinator.test.ts[2m > [22mQueenCoordinator[2m > [22mInitialization and Lifecycle[2m > [22mshould trigger learning on shutdown when enabled
 [32mΓ£ô[39m v3/@claude-flow/swarm/__tests__/queen-coordinator.test.ts[2m > [22mQueenCoordinator[2m > [22mInitialization and Lifecycle[2m > [22mshould emit shutdown event
 [32mΓ£ô[39m v3/@claude-flow/swarm/__tests__/queen-coordinator.test.ts[2m > [22mQueenCoordinator[2m > [22mStrategic Task Analysis[2m > [22mshould analyze a simple coding task
 [32mΓ£ô[39m v3/@claude-flow/swarm/__tests__/queen-coordinator.test.ts[2m > [22mQueenCoordinator[2m > [22mStrategic Task Analysis[2m > [22mshould analyze a testing task
 [32mΓ£ô[39m v3/@claude-flow/swarm/__tests__/queen-coordinator.test.ts[2m > [22mQueenCoordinator[2m > [22mStrategic Task Analysis[2m > [22mshould analyze a security-related task
 [32mΓ£ô[39m v3/@claude-flow/swarm/__tests__/queen-coordinator.test.ts[2m > [22mQueenCoordinator[2m > [22mStrategic Task Analysis[2m > [22mshould decompose complex coding tasks
 [32mΓ£ô[39m v3/@claude-flow/swarm/__tests__/queen-coordinator.test.ts[2m > [22mQueenCoordinator[2m > [22mStrategic Task Analysis[2m > [22mshould query neural system for patterns when learning is enabled
 [32mΓ£ô[39m v3/@claude-flow/swarm/__tests__/queen-coordinator.test.ts[2m > [22mQueenCoordinator[2m > [22mStrategic Task Analysis[2m > [22mshould filter patterns below threshold
 [32mΓ£ô[39m v3/@claude-flow/swarm/__tests__/queen-coordinator.test.ts[2m > [22mQueenCoordinator[2m > [22mStrategic Task Analysis[2m > [22mshould calculate resource requirements based on complexity
 [32mΓ£ô[39m v3/@claude-flow/swarm/__tests__/queen-coordinator.test.ts[2m > [22mQueenCoordinator[2m > [22mStrategic Task Analysis[2m > [22mshould emit task analyzed event
 [32mΓ£ô[39m v3/@claude-flow/swarm/__tests__/queen-coordinator.test.ts[2m > [22mQueenCoordinator[2m > [22mStrategic Task Analysis[2m > [22mshould cache analysis results
 [32mΓ£ô[39m v3/@claude-flow/swarm/__tests__/queen-coordinator.test.ts[2m > [22mQueenCoordinator[2m > [22mAgent Delegation[2m > [22mshould delegate task to best matching agent
 [32mΓ£ô[39m v3/@claude-flow/swarm/__tests__/queen-coordinator.test.ts[2m > [22mQueenCoordinator[2m > [22mAgent Delegation[2m > [22mshould score agents based on capabilities
 [32mΓ£ô[39m v3/@claude-flow/swarm/__tests__/queen-coordinator.test.ts[2m > [22mQueenCoordinator[2m > [22mAgent Delegation[2m > [22mshould prefer idle agents over busy agents
 [32mΓ£ô[39m v3/@claude-flow/swarm/__tests__/queen-coordinator.test.ts[2m > [22mQueenCoordinator[2m > [22mAgent Delegation[2m > [22mshould select backup agents for failover
 [32mΓ£ô[39m v3/@claude-flow/swarm/__tests__/queen-coordinator.test.ts[2m > [22mQueenCoordinator[2m > [22mAgent Delegation[2m > [22mshould create parallel assignments for subtasks
 [32mΓ£ô[39m v3/@claude-flow/swarm/__tests__/queen-coordinator.test.ts[2m > [22mQueenCoordinator[2m > [22mAgent Delegation[2m > [22mshould determine appropriate execution strategy
 [32mΓ£ô[39m v3/@claude-flow/swarm/__tests__/queen-coordinator.test.ts[2m > [22mQueenCoordinator[2m > [22mAgent Delegation[2m > [22mshould call swarm assignTaskToDomain
 [32mΓ£ô[39m v3/@claude-flow/swarm/__tests__/queen-coordinator.test.ts[2m > [22mQueenCoordinator[2m > [22mAgent Delegation[2m > [22mshould broadcast delegation message
 [32mΓ£ô[39m v3/@claude-flow/swarm/__tests__/queen-coordinator.test.ts[2m > [22mQueenCoordinator[2m > [22mAgent Delegation[2m > [22mshould emit task delegated event
 [32mΓ£ô[39m v3/@claude-flow/swarm/__tests__/queen-coordinator.test.ts[2m > [22mQueenCoordinator[2m > [22mAgent Delegation[2m > [22mshould store delegation plan
 [32mΓ£ô[39m v3/@claude-flow/swarm/__tests__/queen-coordinator.test.ts[2m > [22mQueenCoordinator[2m > [22mSwarm Health Monitoring[2m > [22mshould generate health report
 [32mΓ£ô[39m v3/@claude-flow/swarm/__tests__/queen-coordinator.test.ts[2m > [22mQueenCoordinator[2m > [22mSwarm Health Monitoring[2m > [22mshould calculate overall health score
 [32mΓ£ô[39m v3/@claude-flow/swarm/__tests__/queen-coordinator.test.ts[2m > [22mQueenCoordinator[2m > [22mSwarm Health Monitoring[2m > [22mshould report domain health for all domains
 [32mΓ£ô[39m v3/@claude-flow/swarm/__tests__/queen-coordinator.test.ts[2m > [22mQueenCoordinator[2m > [22mSwarm Health Monitoring[2m > [22mshould report individual agent health
 [32mΓ£ô[39m v3/@claude-flow/swarm/__tests__/queen-coordinator.test.ts[2m > [22mQueenCoordinator[2m > [22mSwarm Health Monitoring[2m > [22mshould detect queue bottlenecks
 [32mΓ£ô[39m v3/@claude-flow/swarm/__tests__/queen-coordinator.test.ts[2m > [22mQueenCoordinator[2m > [22mSwarm Health Monitoring[2m > [22mshould detect error agents
 [32mΓ£ô[39m v3/@claude-flow/swarm/__tests__/queen-coordinator.test.ts[2m > [22mQueenCoordinator[2m > [22mSwarm Health Monitoring[2m > [22mshould generate alerts for critical bottlenecks
 [32mΓ£ô[39m v3/@claude-flow/swarm/__tests__/queen-coordinator.test.ts[2m > [22mQueenCoordinator[2m > [22mSwarm Health Monitoring[2m > [22mshould generate recommendations
 [32mΓ£ô[39m v3/@claude-flow/swarm/__tests__/queen-coordinator.test.ts[2m > [22mQueenCoordinator[2m > [22mSwarm Health Monitoring[2m > [22mshould calculate health metrics
 [32mΓ£ô[39m v3/@claude-flow/swarm/__tests__/queen-coordinator.test.ts[2m > [22mQueenCoordinator[2m > [22mSwarm Health Monitoring[2m > [22mshould emit health report event
 [32mΓ£ô[39m v3/@claude-flow/swarm/__tests__/queen-coordinator.test.ts[2m > [22mQueenCoordinator[2m > [22mSwarm Health Monitoring[2m > [22mshould store last health report
 [32mΓ£ô[39m v3/@claude-flow/swarm/__tests__/queen-coordinator.test.ts[2m > [22mQueenCoordinator[2m > [22mSwarm Health Monitoring[2m > [22mshould run periodic health checks
 [32mΓ£ô[39m v3/@claude-flow/swarm/__tests__/queen-coordinator.test.ts[2m > [22mQueenCoordinator[2m > [22mConsensus Coordination[2m > [22mshould coordinate majority consensus
 [32mΓ£ô[39m v3/@claude-flow/swarm/__tests__/queen-coordinator.test.ts[2m > [22mQueenCoordinator[2m > [22mConsensus Coordination[2m > [22mshould coordinate supermajority consensus
 [32mΓ£ô[39m v3/@claude-flow/swarm/__tests__/queen-coordinator.test.ts[2m > [22mQueenCoordinator[2m > [22mConsensus Coordination[2m > [22mshould coordinate unanimous consensus
 [32mΓ£ô[39m v3/@claude-flow/swarm/__tests__/queen-coordinator.test.ts[2m > [22mQueenCoordinator[2m > [22mConsensus Coordination[2m > [22mshould allow queen override for emergency actions
 [32mΓ£ô[39m v3/@claude-flow/swarm/__tests__/queen-coordinator.test.ts[2m > [22mQueenCoordinator[2m > [22mConsensus Coordination[2m > [22mshould reject queen override for non-allowed decision types
 [32mΓ£ô[39m v3/@claude-flow/swarm/__tests__/queen-coordinator.test.ts[2m > [22mQueenCoordinator[2m > [22mConsensus Coordination[2m > [22mshould use weighted consensus based on agent performance
 [32mΓ£ô[39m v3/@claude-flow/swarm/__tests__/queen-coordinator.test.ts[2m > [22mQueenCoordinator[2m > [22mConsensus Coordination[2m > [22mshould emit consensus completed event
 [32mΓ£ô[39m v3/@claude-flow/swarm/__tests__/queen-coordinator.test.ts[2m > [22mQueenCoordinator[2m > [22mLearning from Outcomes[2m > [22mshould record successful task outcome
 [32mΓ£ô[39m v3/@claude-flow/swarm/__tests__/queen-coordinator.test.ts[2m > [22mQueenCoordinator[2m > [22mLearning from Outcomes[2m > [22mshould record failed task outcome
 [32mΓ£ô[39m v3/@claude-flow/swarm/__tests__/queen-coordinator.test.ts[2m > [22mQueenCoordinator[2m > [22mLearning from Outcomes[2m > [22mshould store outcome in memory service
 [32mΓ£ô[39m v3/@claude-flow/swarm/__tests__/queen-coordinator.test.ts[2m > [22mQueenCoordinator[2m > [22mLearning from Outcomes[2m > [22mshould emit outcome recorded event
 [32mΓ£ô[39m v3/@claude-flow/swarm/__tests__/queen-coordinator.test.ts[2m > [22mQueenCoordinator[2m > [22mLearning from Outcomes[2m > [22mshould maintain outcome history with limit
 [32mΓ£ô[39m v3/@claude-flow/swarm/__tests__/queen-coordinator.test.ts[2m > [22mQueenCoordinator[2m > [22mLearning from Outcomes[2m > [22mshould calculate reward based on success and quality
 [32mΓ£ô[39m v3/@claude-flow/swarm/__tests__/queen-coordinator.test.ts[2m > [22mQueenCoordinator[2m > [22mLearning from Outcomes[2m > [22mshould not attempt learning when neural system unavailable
 [32mΓ£ô[39m v3/@claude-flow/swarm/__tests__/queen-coordinator.test.ts[2m > [22mQueenCoordinator[2m > [22mLearning from Outcomes[2m > [22mshould handle memory storage errors gracefully
 [32mΓ£ô[39m v3/@claude-flow/swarm/__tests__/queen-coordinator.test.ts[2m > [22mQueenCoordinator[2m > [22mPerformance Statistics[2m > [22mshould track analysis latencies
 [32mΓ£ô[39m v3/@claude-flow/swarm/__tests__/queen-coordinator.test.ts[2m > [22mQueenCoordinator[2m > [22mPerformance Statistics[2m > [22mshould track delegation latencies
 [32mΓ£ô[39m v3/@claude-flow/swarm/__tests__/queen-coordinator.test.ts[2m > [22mQueenCoordinator[2m > [22mPerformance Statistics[2m > [22mshould track consensus latencies
 [32mΓ£ô[39m v3/@claude-flow/swarm/__tests__/queen-coordinator.test.ts[2m > [22mQueenCoordinator[2m > [22mPerformance Statistics[2m > [22mshould report all statistics together
 [32mΓ£ô[39m v3/@claude-flow/swarm/__tests__/queen-coordinator.test.ts[2m > [22mQueenCoordinator[2m > [22mIntegration Points[2m > [22mshould work with UnifiedSwarmCoordinator interface
 [32mΓ£ô[39m v3/@claude-flow/swarm/__tests__/queen-coordinator.test.ts[2m > [22mQueenCoordinator[2m > [22mIntegration Points[2m > [22mshould work with NeuralLearningSystem interface
 [32mΓ£ô[39m v3/@claude-flow/swarm/__tests__/queen-coordinator.test.ts[2m > [22mQueenCoordinator[2m > [22mIntegration Points[2m > [22mshould work with UnifiedMemoryService interface
 [32mΓ£ô[39m v3/@claude-flow/swarm/__tests__/queen-coordinator.test.ts[2m > [22mQueenCoordinator[2m > [22mIntegration Points[2m > [22mshould emit events that can be subscribed to
 [32mΓ£ô[39m v3/@claude-flow/swarm/__tests__/queen-coordinator.test.ts[2m > [22mQueenCoordinator[2m > [22mIntegration Points[2m > [22mshould check learning enabled status
 [32mΓ£ô[39m v3/@claude-flow/swarm/__tests__/queen-coordinator.test.ts[2m > [22mQueenCoordinator[2m > [22mEdge Cases and Error Handling[2m > [22mshould handle empty agent list
 [32mΓ£ô[39m v3/@claude-flow/swarm/__tests__/queen-coordinator.test.ts[2m > [22mQueenCoordinator[2m > [22mEdge Cases and Error Handling[2m > [22mshould handle task with no description
 [32mΓ£ô[39m v3/@claude-flow/swarm/__tests__/queen-coordinator.test.ts[2m > [22mQueenCoordinator[2m > [22mEdge Cases and Error Handling[2m > [22mshould handle neural system errors gracefully
 [32mΓ£ô[39m v3/@claude-flow/swarm/__tests__/queen-coordinator.test.ts[2m > [22mQueenCoordinator[2m > [22mEdge Cases and Error Handling[2m > [22mshould handle consensus rejection
 [32mΓ£ô[39m v3/@claude-flow/swarm/__tests__/queen-coordinator.test.ts[2m > [22mQueenCoordinator[2m > [22mEdge Cases and Error Handling[2m > [22mshould handle all task types
 [32mΓ£ô[39m v3/@claude-flow/swarm/__tests__/queen-coordinator.test.ts[2m > [22mQueenCoordinator[2m > [22mEdge Cases and Error Handling[2m > [22mshould handle all priority levels
 [32mΓ£ô[39m v3/@claude-flow/cli/__tests__/memory-ruvector-deep.test.ts[2m > [22mSONA Optimizer[2m > [22mprocessTrajectoryOutcome[2m > [22mshould learn from a successful outcome
 [32mΓ£ô[39m v3/@claude-flow/cli/__tests__/memory-ruvector-deep.test.ts[2m > [22mSONA Optimizer[2m > [22mprocessTrajectoryOutcome[2m > [22mshould learn from a failed outcome
 [32mΓ£ô[39m v3/@claude-flow/cli/__tests__/memory-ruvector-deep.test.ts[2m > [22mSONA Optimizer[2m > [22mprocessTrajectoryOutcome[2m > [22mshould not learn from empty task
 [32mΓ£ô[39m v3/@claude-flow/cli/__tests__/memory-ruvector-deep.test.ts[2m > [22mSONA Optimizer[2m > [22mprocessTrajectoryOutcome[2m > [22mshould increase confidence on repeated success
 [32mΓ£ô[39m v3/@claude-flow/cli/__tests__/memory-ruvector-deep.test.ts[2m > [22mSONA Optimizer[2m > [22mgetRoutingSuggestion[2m > [22mshould suggest coder for implementation tasks
 [32mΓ£ô[39m v3/@claude-flow/cli/__tests__/memory-ruvector-deep.test.ts[2m > [22mSONA Optimizer[2m > [22mgetRoutingSuggestion[2m > [22mshould suggest tester for test tasks
 [32mΓ£ô[39m v3/@claude-flow/cli/__tests__/memory-ruvector-deep.test.ts[2m > [22mSONA Optimizer[2m > [22mgetRoutingSuggestion[2m > [22mshould fallback to default for unknown tasks
 [32mΓ£ô[39m v3/@claude-flow/cli/__tests__/memory-ruvector-deep.test.ts[2m > [22mSONA Optimizer[2m > [22mgetRoutingSuggestion[2m > [22mshould include alternatives
 [32mΓ£ô[39m v3/@claude-flow/cli/__tests__/memory-ruvector-deep.test.ts[2m > [22mSONA Optimizer[2m > [22mgetStats[2m > [22mshould track trajectory processing
 [32mΓ£ô[39m v3/@claude-flow/cli/__tests__/memory-ruvector-deep.test.ts[2m > [22mSONA Optimizer[2m > [22mapplyTemporalDecay[2m > [22mshould return number of decayed patterns
 [32mΓ£ô[39m v3/@claude-flow/cli/__tests__/memory-ruvector-deep.test.ts[2m > [22mSONA Optimizer[2m > [22mreset[2m > [22mshould clear all learned patterns
 [32mΓ£ô[39m v3/@claude-flow/cli/__tests__/memory-ruvector-deep.test.ts[2m > [22mSONA Optimizer[2m > [22mexportPatterns / importPatterns[2m > [22mshould round-trip patterns through export/import
 [32mΓ£ô[39m v3/@claude-flow/cli/__tests__/memory-ruvector-deep.test.ts[2m > [22mSONA Optimizer[2m > [22mexportPatterns / importPatterns[2m > [22mshould reject invalid patterns on import
 [32mΓ£ô[39m v3/@claude-flow/cli/__tests__/memory-ruvector-deep.test.ts[2m > [22mEWC Consolidation[2m > [22mcomputeFisherMatrix[2m > [22mshould compute diagonal Fisher from successful patterns
 [32mΓ£ô[39m v3/@claude-flow/cli/__tests__/memory-ruvector-deep.test.ts[2m > [22mEWC Consolidation[2m > [22mcomputeFisherMatrix[2m > [22mshould ignore failed patterns
 [32mΓ£ô[39m v3/@claude-flow/cli/__tests__/memory-ruvector-deep.test.ts[2m > [22mEWC Consolidation[2m > [22mcomputeFisherMatrix[2m > [22mshould handle empty patterns array
 [32mΓ£ô[39m v3/@claude-flow/cli/__tests__/memory-ruvector-deep.test.ts[2m > [22mEWC Consolidation[2m > [22mgetPenalty[2m > [22mshould compute EWC penalty between weight vectors
 [32mΓ£ô[39m v3/@claude-flow/cli/__tests__/memory-ruvector-deep.test.ts[2m > [22mEWC Consolidation[2m > [22mgetPenalty[2m > [22mshould return 0 for identical weights
 [32mΓ£ô[39m v3/@claude-flow/cli/__tests__/memory-ruvector-deep.test.ts[2m > [22mEWC Consolidation[2m > [22mconsolidate[2m > [22mshould consolidate new patterns
 [32mΓ£ô[39m v3/@claude-flow/cli/__tests__/memory-ruvector-deep.test.ts[2m > [22mEWC Consolidation[2m > [22mconsolidate[2m > [22mshould protect high-importance existing patterns
 [32mΓ£ô[39m v3/@claude-flow/cli/__tests__/memory-ruvector-deep.test.ts[2m > [22mEWC Consolidation[2m > [22mconsolidate[2m > [22mshould handle empty patterns input
 [32mΓ£ô[39m v3/@claude-flow/cli/__tests__/memory-ruvector-deep.test.ts[2m > [22mEWC Consolidation[2m > [22mrecordGradient[2m > [22mshould update pattern success count
 [32mΓ£ô[39m v3/@claude-flow/cli/__tests__/memory-ruvector-deep.test.ts[2m > [22mEWC Consolidation[2m > [22mrecordGradient[2m > [22mshould update pattern failure count
 [32mΓ£ô[39m v3/@claude-flow/cli/__tests__/memory-ruvector-deep.test.ts[2m > [22mEWC Consolidation[2m > [22mgetConsolidationStats[2m > [22mshould return valid statistics
 [32mΓ£ô[39m v3/@claude-flow/cli/__tests__/memory-ruvector-deep.test.ts[2m > [22mEWC Consolidation[2m > [22mclear[2m > [22mshould reset all state
 [32mΓ£ô[39m v3/@claude-flow/cli/__tests__/memory-ruvector-deep.test.ts[2m > [22mEWC Consolidation[2m > [22msetLambda / getLambda[2m > [22mshould update lambda parameter
 [32mΓ£ô[39m v3/@claude-flow/guidance/tests/analyzer.test.ts[2m > [22manalyze[2m > [22mcompositeScore[2m > [22mreturns a score between 0 and 100
 [32mΓ£ô[39m v3/@claude-flow/guidance/tests/analyzer.test.ts[2m > [22manalyze[2m > [22mcompositeScore[2m > [22mscores a well-structured file higher than a poor one
 [32mΓ£ô[39m v3/@claude-flow/guidance/tests/analyzer.test.ts[2m > [22manalyze[2m > [22mcompositeScore[2m > [22mscores a minimal file in the middle range
 [32mΓ£ô[39m v3/@claude-flow/guidance/tests/analyzer.test.ts[2m > [22manalyze[2m > [22mgrade[2m > [22massigns A grade for score >= 90
 [32mΓ£ô[39m v3/@claude-flow/guidance/tests/analyzer.test.ts[2m > [22manalyze[2m > [22mgrade[2m > [22massigns F grade for very poor content
 [32mΓ£ô[39m v3/@claude-flow/guidance/tests/analyzer.test.ts[2m > [22manalyze[2m > [22mgrade[2m > [22mgrade is one of A, B, C, D, F
 [32mΓ£ô[39m v3/@claude-flow/guidance/tests/analyzer.test.ts[2m > [22manalyze[2m > [22mdimensions[2m > [22mreturns exactly 6 dimensions
 [32mΓ£ô[39m v3/@claude-flow/guidance/tests/analyzer.test.ts[2m > [22manalyze[2m > [22mdimensions[2m > [22mincludes Structure, Coverage, Enforceability, Compilability, Clarity, Completeness
 [32mΓ£ô[39m v3/@claude-flow/guidance/tests/analyzer.test.ts[2m > [22manalyze[2m > [22mdimensions[2m > [22meach dimension has score, max, weight, and findings
 [32mΓ£ô[39m v3/@claude-flow/guidance/tests/analyzer.test.ts[2m > [22manalyze[2m > [22mdimensions[2m > [22mweights sum to 1.0
 [32mΓ£ô[39m v3/@claude-flow/guidance/tests/analyzer.test.ts[2m > [22manalyze[2m > [22mdimensions[2m > [22mStructure scores high for well-organized content
 [32mΓ£ô[39m v3/@claude-flow/guidance/tests/analyzer.test.ts[2m > [22manalyze[2m > [22mdimensions[2m > [22mCoverage scores high when build, test, security, architecture present
 [32mΓ£ô[39m v3/@claude-flow/guidance/tests/analyzer.test.ts[2m > [22manalyze[2m > [22mdimensions[2m > [22mEnforceability scores high with NEVER/ALWAYS/MUST statements
 [32mΓ£ô[39m v3/@claude-flow/guidance/tests/analyzer.test.ts[2m > [22manalyze[2m > [22mdimensions[2m > [22mCompilability scores high for content that compiles to a valid bundle
 [32mΓ£ô[39m v3/@claude-flow/guidance/tests/analyzer.test.ts[2m > [22manalyze[2m > [22mdimensions[2m > [22mClarity scores based on code blocks, tool mentions, and formatting
 [32mΓ£ô[39m v3/@claude-flow/guidance/tests/analyzer.test.ts[2m > [22manalyze[2m > [22mdimensions[2m > [22mCompleteness scores low when missing many topics
 [32mΓ£ô[39m v3/@claude-flow/guidance/tests/analyzer.test.ts[2m > [22manalyze[2m > [22mmetrics[2m > [22mcounts total lines correctly
 [32mΓ£ô[39m v3/@claude-flow/guidance/tests/analyzer.test.ts[2m > [22manalyze[2m > [22mmetrics[2m > [22mcounts content lines (non-blank)
 [32mΓ£ô[39m v3/@claude-flow/guidance/tests/analyzer.test.ts[2m > [22manalyze[2m > [22mmetrics[2m > [22mcounts headings
 [32mΓ£ô[39m v3/@claude-flow/guidance/tests/analyzer.test.ts[2m > [22manalyze[2m > [22mmetrics[2m > [22mcounts H2 sections
 [32mΓ£ô[39m v3/@claude-flow/guidance/tests/analyzer.test.ts[2m > [22manalyze[2m > [22mmetrics[2m > [22mestimates constitution lines
 [32mΓ£ô[39m v3/@claude-flow/guidance/tests/analyzer.test.ts[2m > [22manalyze[2m > [22mmetrics[2m > [22mcounts rule statements
 [32mΓ£ô[39m v3/@claude-flow/guidance/tests/analyzer.test.ts[2m > [22manalyze[2m > [22mmetrics[2m > [22mcounts code blocks
 [32mΓ£ô[39m v3/@claude-flow/guidance/tests/analyzer.test.ts[2m > [22manalyze[2m > [22mmetrics[2m > [22mcounts enforcement statements
 [32mΓ£ô[39m v3/@claude-flow/guidance/tests/analyzer.test.ts[2m > [22manalyze[2m > [22mmetrics[2m > [22mdetects build command
 [32mΓ£ô[39m v3/@claude-flow/guidance/tests/analyzer.test.ts[2m > [22manalyze[2m > [22mmetrics[2m > [22mdetects test command
 [32mΓ£ô[39m v3/@claude-flow/guidance/tests/analyzer.test.ts[2m > [22manalyze[2m > [22mmetrics[2m > [22mdetects security section
 [32mΓ£ô[39m v3/@claude-flow/guidance/tests/analyzer.test.ts[2m > [22manalyze[2m > [22mmetrics[2m > [22mdetects architecture section
 [32mΓ£ô[39m v3/@claude-flow/guidance/tests/analyzer.test.ts[2m > [22manalyze[2m > [22mmetrics[2m > [22mdetects @import directives
 [32mΓ£ô[39m v3/@claude-flow/guidance/tests/analyzer.test.ts[2m > [22manalyze[2m > [22mmetrics[2m > [22mreports no imports when absent
 [32mΓ£ô[39m v3/@claude-flow/guidance/tests/analyzer.test.ts[2m > [22manalyze[2m > [22mmetrics[2m > [22mcounts estimated shards
 [32mΓ£ô[39m v3/@claude-flow/guidance/tests/analyzer.test.ts[2m > [22manalyze[2m > [22msuggestions[2m > [22mreturns actionable suggestions for poor content
 [32mΓ£ô[39m v3/@claude-flow/guidance/tests/analyzer.test.ts[2m > [22manalyze[2m > [22msuggestions[2m > [22mreturns fewer suggestions for well-structured content
 [32mΓ£ô[39m v3/@claude-flow/guidance/tests/analyzer.test.ts[2m > [22manalyze[2m > [22msuggestions[2m > [22meach suggestion has action, priority, dimension, description
 [32mΓ£ô[39m v3/@claude-flow/guidance/tests/analyzer.test.ts[2m > [22manalyze[2m > [22msuggestions[2m > [22mhigh-priority suggestions include patches when possible
 [32mΓ£ô[39m v3/@claude-flow/guidance/tests/analyzer.test.ts[2m > [22manalyze[2m > [22msuggestions[2m > [22msuggestions are sorted by estimated improvement descending
 [32mΓ£ô[39m v3/@claude-flow/guidance/tests/analyzer.test.ts[2m > [22manalyze[2m > [22mlocal content overlay[2m > [22maccepts optional local content
 [32mΓ£ô[39m v3/@claude-flow/guidance/tests/analyzer.test.ts[2m > [22manalyze[2m > [22mlocal content overlay[2m > [22mcompilability dimension uses local overlay
 [32mΓ£ô[39m v3/@claude-flow/guidance/tests/analyzer.test.ts[2m > [22manalyze[2m > [22mtimestamp[2m > [22mincludes analyzedAt timestamp
 [32mΓ£ô[39m v3/@claude-flow/guidance/tests/analyzer.test.ts[2m > [22mbenchmark[2m > [22mcomputes delta between before and after
 [32mΓ£ô[39m v3/@claude-flow/guidance/tests/analyzer.test.ts[2m > [22mbenchmark[2m > [22mreturns before and after analysis results
 [32mΓ£ô[39m v3/@claude-flow/guidance/tests/analyzer.test.ts[2m > [22mbenchmark[2m > [22midentifies improvements by dimension
 [32mΓ£ô[39m v3/@claude-flow/guidance/tests/analyzer.test.ts[2m > [22mbenchmark[2m > [22mreports regressions when going from good to bad
 [32mΓ£ô[39m v3/@claude-flow/guidance/tests/analyzer.test.ts[2m > [22mbenchmark[2m > [22mshows zero delta for identical content
 [32mΓ£ô[39m v3/@claude-flow/guidance/tests/analyzer.test.ts[2m > [22mbenchmark[2m > [22maccepts optional local content
 [32mΓ£ô[39m v3/@claude-flow/guidance/tests/analyzer.test.ts[2m > [22mbenchmark[2m > [22meach dimension delta has correct fields
 [32mΓ£ô[39m v3/@claude-flow/guidance/tests/analyzer.test.ts[2m > [22mautoOptimize[2m > [22mimproves the score of poor content
 [32mΓ£ô[39m v3/@claude-flow/guidance/tests/analyzer.test.ts[2m > [22mautoOptimize[2m > [22mreturns the optimized content
 [32mΓ£ô[39m v3/@claude-flow/guidance/tests/analyzer.test.ts[2m > [22mautoOptimize[2m > [22mtracks applied suggestions
 [32mΓ£ô[39m v3/@claude-flow/guidance/tests/analyzer.test.ts[2m > [22mautoOptimize[2m > [22mrespects maxIterations
 [32mΓ£ô[39m v3/@claude-flow/guidance/tests/analyzer.test.ts[2m > [22mautoOptimize[2m > [22mdoes not regress well-structured content
 [32mΓ£ô[39m v3/@claude-flow/guidance/tests/analyzer.test.ts[2m > [22mautoOptimize[2m > [22mproduces valid markdown
 [32mΓ£ô[39m v3/@claude-flow/guidance/tests/analyzer.test.ts[2m > [22mautoOptimize[2m > [22mauto-adds security section when missing
 [32mΓ£ô[39m v3/@claude-flow/guidance/tests/analyzer.test.ts[2m > [22mautoOptimize[2m > [22mauto-adds enforcement rules when few exist
 [32mΓ£ô[39m v3/@claude-flow/guidance/tests/analyzer.test.ts[2m > [22mautoOptimize[2m > [22maccepts local content overlay
 [32mΓ£ô[39m v3/@claude-flow/guidance/tests/analyzer.test.ts[2m > [22mformatReport[2m > [22mincludes composite score and grade
 [32mΓ£ô[39m v3/@claude-flow/guidance/tests/analyzer.test.ts[2m > [22mformatReport[2m > [22mincludes all 6 dimensions
 [32mΓ£ô[39m v3/@claude-flow/guidance/tests/analyzer.test.ts[2m > [22mformatReport[2m > [22mincludes metrics section
 [32mΓ£ô[39m v3/@claude-flow/guidance/tests/analyzer.test.ts[2m > [22mformatReport[2m > [22mincludes suggestions for poor content
 [32mΓ£ô[39m v3/@claude-flow/guidance/tests/analyzer.test.ts[2m > [22mformatReport[2m > [22muses visual bars for dimension scores
 [32mΓ£ô[39m v3/@claude-flow/guidance/tests/analyzer.test.ts[2m > [22mformatReport[2m > [22mshows weight percentages
 [32mΓ£ô[39m v3/@claude-flow/guidance/tests/analyzer.test.ts[2m > [22mformatBenchmark[2m > [22mshows before and after scores
 [32mΓ£ô[39m v3/@claude-flow/guidance/tests/analyzer.test.ts[2m > [22mformatBenchmark[2m > [22mshows grade transition
 [32mΓ£ô[39m v3/@claude-flow/guidance/tests/analyzer.test.ts[2m > [22mformatBenchmark[2m > [22mlists improvements
 [32mΓ£ô[39m v3/@claude-flow/guidance/tests/analyzer.test.ts[2m > [22mformatBenchmark[2m > [22mlists regressions when applicable
 [32mΓ£ô[39m v3/@claude-flow/guidance/tests/analyzer.test.ts[2m > [22mformatBenchmark[2m > [22mshows delta with sign
 [32mΓ£ô[39m v3/@claude-flow/guidance/tests/analyzer.test.ts[2m > [22medge cases[2m > [22mhandles empty string
 [32mΓ£ô[39m v3/@claude-flow/guidance/tests/analyzer.test.ts[2m > [22medge cases[2m > [22mhandles single line
 [32mΓ£ô[39m v3/@claude-flow/guidance/tests/analyzer.test.ts[2m > [22medge cases[2m > [22mhandles content with only code blocks
 [32mΓ£ô[39m v3/@claude-flow/guidance/tests/analyzer.test.ts[2m > [22medge cases[2m > [22mhandles very long content
 [32mΓ£ô[39m v3/@claude-flow/guidance/tests/analyzer.test.ts[2m > [22medge cases[2m > [22mhandles content with vague language
 [32mΓ£ô[39m v3/@claude-flow/guidance/tests/analyzer.test.ts[2m > [22medge cases[2m > [22mbenchmark handles identical content correctly
 [32mΓ£ô[39m v3/@claude-flow/guidance/tests/analyzer.test.ts[2m > [22medge cases[2m > [22mautoOptimize handles already-optimal content gracefully
 [32mΓ£ô[39m v3/@claude-flow/guidance/tests/analyzer.test.ts[2m > [22moptimizeForSize[2m > [22mcompact context[2m > [22mproduces output within compact line budget
 [32mΓ£ô[39m v3/@claude-flow/guidance/tests/analyzer.test.ts[2m > [22moptimizeForSize[2m > [22mcompact context[2m > [22mimproves score over original
 [32mΓ£ô[39m v3/@claude-flow/guidance/tests/analyzer.test.ts[2m > [22moptimizeForSize[2m > [22mcompact context[2m > [22mtracks applied steps
 [32mΓ£ô[39m v3/@claude-flow/guidance/tests/analyzer.test.ts[2m > [22moptimizeForSize[2m > [22mstandard context[2m > [22mproduces output within standard line budget
 [32mΓ£ô[39m v3/@claude-flow/guidance/tests/analyzer.test.ts[2m > [22moptimizeForSize[2m > [22mstandard context[2m > [22mreaches higher score than compact
 [32mΓ£ô[39m v3/@claude-flow/guidance/tests/analyzer.test.ts[2m > [22moptimizeForSize[2m > [22mfull context[2m > [22mkeeps most content intact
 [32mΓ£ô[39m v3/@claude-flow/guidance/tests/analyzer.test.ts[2m > [22moptimizeForSize[2m > [22mfull context[2m > [22mimproves score significantly
 [32mΓ£ô[39m v3/@claude-flow/guidance/tests/analyzer.test.ts[2m > [22moptimizeForSize[2m > [22mrule extraction[2m > [22mextracts enforcement prose into bullet-point rules
 [32mΓ£ô[39m v3/@claude-flow/guidance/tests/analyzer.test.ts[2m > [22moptimizeForSize[2m > [22msection splitting[2m > [22msplits sections exceeding budget
 [32mΓ£ô[39m v3/@claude-flow/guidance/tests/analyzer.test.ts[2m > [22moptimizeForSize[2m > [22mconstitution trimming[2m > [22mtrims constitution when exceeding budget
 [32mΓ£ô[39m v3/@claude-flow/guidance/tests/analyzer.test.ts[2m > [22moptimizeForSize[2m > [22mtarget score[2m > [22mstops when target score is reached
 [32mΓ£ô[39m v3/@claude-flow/guidance/tests/analyzer.test.ts[2m > [22moptimizeForSize[2m > [22mproof chain[2m > [22mgenerates proof envelopes when proofKey is provided
 [32mΓ£ô[39m v3/@claude-flow/guidance/tests/analyzer.test.ts[2m > [22moptimizeForSize[2m > [22mproof chain[2m > [22mproduces no proof envelopes without proofKey
 [32mΓ£ô[39m v3/@claude-flow/guidance/tests/analyzer.test.ts[2m > [22moptimizeForSize[2m > [22mproof chain[2m > [22mproof chain is verifiable
 [32mΓ£ô[39m v3/@claude-flow/guidance/tests/analyzer.test.ts[2m > [22moptimizeForSize[2m > [22mduplicate removal[2m > [22mremoves duplicate rules
 [32mΓ£ô[39m v3/@claude-flow/guidance/tests/analyzer.test.ts[2m > [22m90%+ score target[2m > [22mwell-structured content reaches 88+ with full optimization
 [32mΓ£ô[39m v3/@claude-flow/guidance/tests/analyzer.test.ts[2m > [22m90%+ score target[2m > [22mlarge realistic file reaches 80+ after standard optimization
 [32mΓ£ô[39m v3/@claude-flow/guidance/tests/analyzer.test.ts[2m > [22m90%+ score target[2m > [22mcompact mode still produces viable scores (70+)
 [32mΓ£ô[39m v3/@claude-flow/guidance/tests/analyzer.test.ts[2m > [22mheadlessBenchmark[2m > [22mruns benchmark with mock executor
 [32mΓ£ô[39m v3/@claude-flow/guidance/tests/analyzer.test.ts[2m > [22mheadlessBenchmark[2m > [22mtracks pass rates
 [32mΓ£ô[39m v3/@claude-flow/guidance/tests/analyzer.test.ts[2m > [22mheadlessBenchmark[2m > [22mgenerates proof chain when key provided
 [32mΓ£ô[39m v3/@claude-flow/guidance/tests/analyzer.test.ts[2m > [22mheadlessBenchmark[2m > [22mreport includes metrics comparison
 [32mΓ£ô[39m v3/@claude-flow/guidance/tests/analyzer.test.ts[2m > [22mheadlessBenchmark[2m > [22mdetects improvement after optimization
 [32mΓ£ô[39m v3/@claude-flow/guidance/tests/analyzer.test.ts[2m > [22mvalidateEffect[2m > [22mcore validation[2m > [22mreturns a complete ValidationReport
 [32mΓ£ô[39m v3/@claude-flow/guidance/tests/analyzer.test.ts[2m > [22mvalidateEffect[2m > [22mcore validation[2m > [22mbefore and after contain analysis results
 [32mΓ£ô[39m v3/@claude-flow/guidance/tests/analyzer.test.ts[2m > [22mvalidateEffect[2m > [22mcore validation[2m > [22mcomputes adherence rates between 0 and 1
 [32mΓ£ô[39m v3/@claude-flow/guidance/tests/analyzer.test.ts[2m > [22mvalidateEffect[2m > [22mcore validation[2m > [22mcomputes per-dimension adherence
 [32mΓ£ô[39m v3/@claude-flow/guidance/tests/analyzer.test.ts[2m > [22mvalidateEffect[2m > [22mcore validation[2m > [22mruns all default validation tasks
 [32mΓ£ô[39m v3/@claude-flow/guidance/tests/analyzer.test.ts[2m > [22mvalidateEffect[2m > [22mcompliant executor produces high adherence[2m > [22mcompliant executor passes most enforceability tasks
 [32mΓ£ô[39m v3/@claude-flow/guidance/tests/analyzer.test.ts[2m > [22mvalidateEffect[2m > [22mcompliant executor produces high adherence[2m > [22mcompliant executor has high overall adherence
 [32mΓ£ô[39m v3/@claude-flow/guidance/tests/analyzer.test.ts[2m > [22mvalidateEffect[2m > [22mnon-compliant executor produces low adherence[2m > [22mnon-compliant executor fails most enforceability tasks
 [32mΓ£ô[39m v3/@claude-flow/guidance/tests/analyzer.test.ts[2m > [22mvalidateEffect[2m > [22mnon-compliant executor produces low adherence[2m > [22mnon-compliant executor has lower adherence than compliant
 [32mΓ£ô[39m v3/@claude-flow/guidance/tests/analyzer.test.ts[2m > [22mvalidateEffect[2m > [22mcontent-aware differential executor[2m > [22mproduces higher adherence for well-structured CLAUDE.md than poor
 [32mΓ£ô[39m v3/@claude-flow/guidance/tests/analyzer.test.ts[2m > [22mvalidateEffect[2m > [22mcontent-aware differential executor[2m > [22mbefore/after adherence differs when content quality changes
 [32mΓ£ô[39m v3/@claude-flow/guidance/tests/analyzer.test.ts[2m > [22mvalidateEffect[2m > [22mcontent-aware differential executor[2m > [22mproduces non-zero adherence deltas per dimension
 [32mΓ£ô[39m v3/@claude-flow/guidance/tests/analyzer.test.ts[2m > [22mvalidateEffect[2m > [22mcontent-aware differential executor[2m > [22mdetects positive effect when optimizing poor content
 [32mΓ£ô[39m v3/@claude-flow/guidance/tests/analyzer.test.ts[2m > [22mvalidateEffect[2m > [22mcontent-aware differential executor[2m > [22mconcordance rate is high for positive optimization
 [32mΓ£ô[39m v3/@claude-flow/guidance/tests/analyzer.test.ts[2m > [22mvalidateEffect[2m > [22mcorrelation analysis[2m > [22mcomputes Pearson r between -1 and 1
 [32mΓ£ô[39m v3/@claude-flow/guidance/tests/analyzer.test.ts[2m > [22mvalidateEffect[2m > [22mcorrelation analysis[2m > [22mcomputes Spearman rho between -1 and 1
 [32mΓ£ô[39m v3/@claude-flow/guidance/tests/analyzer.test.ts[2m > [22mvalidateEffect[2m > [22mcorrelation analysis[2m > [22mcomputes Cohen's d effect size
 [32mΓ£ô[39m v3/@claude-flow/guidance/tests/analyzer.test.ts[2m > [22mvalidateEffect[2m > [22mcorrelation analysis[2m > [22mprovides effect size label
 [32mΓ£ô[39m v3/@claude-flow/guidance/tests/analyzer.test.ts[2m > [22mvalidateEffect[2m > [22mcorrelation analysis[2m > [22mincludes per-dimension correlations for all 6 dimensions
 [32mΓ£ô[39m v3/@claude-flow/guidance/tests/analyzer.test.ts[2m > [22mvalidateEffect[2m > [22mcorrelation analysis[2m > [22mreturns a verdict
 [32mΓ£ô[39m v3/@claude-flow/guidance/tests/analyzer.test.ts[2m > [22mvalidateEffect[2m > [22mcorrelation analysis[2m > [22mincludes sample size
 [32mΓ£ô[39m v3/@claude-flow/guidance/tests/analyzer.test.ts[2m > [22mvalidateEffect[2m > [22mcorrelation analysis[2m > [22msame content produces zero score delta
 [32mΓ£ô[39m v3/@claude-flow/guidance/tests/analyzer.test.ts[2m > [22mvalidateEffect[2m > [22mpositive effect detection[2m > [22mdetects improvement with content-aware executor
 [32mΓ£ô[39m v3/@claude-flow/guidance/tests/analyzer.test.ts[2m > [22mvalidateEffect[2m > [22mpositive effect detection[2m > [22mscore-adherence deltas are concordant for optimization
 [32mΓ£ô[39m v3/@claude-flow/guidance/tests/analyzer.test.ts[2m > [22mvalidateEffect[2m > [22mpositive effect detection[2m > [22mdetects behavioral degradation with non-compliant executor
 [32mΓ£ô[39m v3/@claude-flow/guidance/tests/analyzer.test.ts[2m > [22mvalidateEffect[2m > [22mreport generation[2m > [22mproduces a formatted report
 [32mΓ£ô[39m v3/@claude-flow/guidance/tests/analyzer.test.ts[2m > [22mvalidateEffect[2m > [22mreport generation[2m > [22mreport contains per-dimension breakdown
 [32mΓ£ô[39m v3/@claude-flow/guidance/tests/analyzer.test.ts[2m > [22mvalidateEffect[2m > [22mreport generation[2m > [22mreport contains task results
 [32mΓ£ô[39m v3/@claude-flow/guidance/tests/analyzer.test.ts[2m > [22mvalidateEffect[2m > [22mreport generation[2m > [22mreport contains statistical metrics
 [32mΓ£ô[39m v3/@claude-flow/guidance/tests/analyzer.test.ts[2m > [22mvalidateEffect[2m > [22mreport generation[2m > [22mreport contains Cohen's d when available
 [32mΓ£ô[39m v3/@claude-flow/guidance/tests/analyzer.test.ts[2m > [22mvalidateEffect[2m > [22mreport generation[2m > [22mreport contains adherence percentages
 [32mΓ£ô[39m v3/@claude-flow/guidance/tests/analyzer.test.ts[2m > [22mvalidateEffect[2m > [22mreport generation[2m > [22mreport contains verdict and interpretation
 [32mΓ£ô[39m v3/@claude-flow/guidance/tests/analyzer.test.ts[2m > [22mvalidateEffect[2m > [22mproof chain[2m > [22mgenerates proof envelopes when proofKey is provided
 [32mΓ£ô[39m v3/@claude-flow/guidance/tests/analyzer.test.ts[2m > [22mvalidateEffect[2m > [22mproof chain[2m > [22mproduces no proof without proofKey
 [32mΓ£ô[39m v3/@claude-flow/guidance/tests/analyzer.test.ts[2m > [22mvalidateEffect[2m > [22mcustom tasks[2m > [22maccepts custom validation tasks
 [32mΓ£ô[39m v3/@claude-flow/guidance/tests/analyzer.test.ts[2m > [22mvalidateEffect[2m > [22mcustom tasks[2m > [22mcustom task assertions are evaluated correctly
 [32mΓ£ô[39m v3/@claude-flow/guidance/tests/analyzer.test.ts[2m > [22mvalidateEffect[2m > [22mmulti-trial support[2m > [22maccepts trials option
 [32mΓ£ô[39m v3/@claude-flow/guidance/tests/analyzer.test.ts[2m > [22mvalidateEffect[2m > [22mmulti-trial support[2m > [22mmulti-trial results are consistent with single trial for deterministic executor
 [32mΓ£ô[39m v3/@claude-flow/guidance/tests/analyzer.test.ts[2m > [22mabBenchmark[2m > [22mtask inventory[2m > [22mprovides 20 default tasks
 [32mΓ£ô[39m v3/@claude-flow/guidance/tests/analyzer.test.ts[2m > [22mabBenchmark[2m > [22mtask inventory[2m > [22mcovers 7 task classes
 [32mΓ£ô[39m v3/@claude-flow/guidance/tests/analyzer.test.ts[2m > [22mabBenchmark[2m > [22mtask inventory[2m > [22meach task has id, prompt, assertions, and gate patterns
 [32mΓ£ô[39m v3/@claude-flow/guidance/tests/analyzer.test.ts[2m > [22mabBenchmark[2m > [22mtask inventory[2m > [22mtask class distribution: bug-fix=3, feature=5, refactor=3, security=3, deployment=2, test=2, performance=2
 [32mΓ£ô[39m v3/@claude-flow/guidance/tests/analyzer.test.ts[2m > [22mabBenchmark[2m > [22mA/B execution with differential executor[2m > [22mreturns a complete ABReport
 [32mΓ£ô[39m v3/@claude-flow/guidance/tests/analyzer.test.ts[2m > [22mabBenchmark[2m > [22mA/B execution with differential executor[2m > [22mruns all 20 tasks for both configs
 [32mΓ£ô[39m v3/@claude-flow/guidance/tests/analyzer.test.ts[2m > [22mabBenchmark[2m > [22mA/B execution with differential executor[2m > [22mConfig B has higher success rate than Config A
 [32mΓ£ô[39m v3/@claude-flow/guidance/tests/analyzer.test.ts[2m > [22mabBenchmark[2m > [22mA/B execution with differential executor[2m > [22mConfig B has fewer violations than Config A
 [32mΓ£ô[39m v3/@claude-flow/guidance/tests/analyzer.test.ts[2m > [22mabBenchmark[2m > [22mA/B execution with differential executor[2m > [22mConfig B has fewer human interventions than Config A
 [32mΓ£ô[39m v3/@claude-flow/guidance/tests/analyzer.test.ts[2m > [22mabBenchmark[2m > [22mA/B execution with differential executor[2m > [22mConfig B has higher composite score than Config A
 [32mΓ£ô[39m v3/@claude-flow/guidance/tests/analyzer.test.ts[2m > [22mabBenchmark[2m > [22mA/B execution with differential executor[2m > [22mcomposite delta is positive
 [32mΓ£ô[39m v3/@claude-flow/guidance/tests/analyzer.test.ts[2m > [22mabBenchmark[2m > [22mcomposite score formula[2m > [22mcomposite score is between -1 and 1
 [32mΓ£ô[39m v3/@claude-flow/guidance/tests/analyzer.test.ts[2m > [22mabBenchmark[2m > [22mcomposite score formula[2m > [22mcomposite = success_rate - 0.1*cost - 0.2*violations - 0.1*interventions
 [32mΓ£ô[39m v3/@claude-flow/guidance/tests/analyzer.test.ts[2m > [22mabBenchmark[2m > [22mper-task-class breakdown[2m > [22mcomputes success rates for all 7 classes
 [32mΓ£ô[39m v3/@claude-flow/guidance/tests/analyzer.test.ts[2m > [22mabBenchmark[2m > [22mper-task-class breakdown[2m > [22mcomputes per-class deltas
 [32mΓ£ô[39m v3/@claude-flow/guidance/tests/analyzer.test.ts[2m > [22mabBenchmark[2m > [22mper-task-class breakdown[2m > [22msecurity class shows improvement with well-structured guidance
 [32mΓ£ô[39m v3/@claude-flow/guidance/tests/analyzer.test.ts[2m > [22mabBenchmark[2m > [22mcategory shift detection[2m > [22mdetects category shift when B beats A by ΓëÑ0.2 across ΓëÑ3 classes
 [32mΓ£ô[39m v3/@claude-flow/guidance/tests/analyzer.test.ts[2m > [22mabBenchmark[2m > [22mcategory shift detection[2m > [22mcategory shift requires ΓëÑ3 classes with ΓëÑ0.2 improvement
 [32mΓ£ô[39m v3/@claude-flow/guidance/tests/analyzer.test.ts[2m > [22mabBenchmark[2m > [22mgate simulation[2m > [22mdetects violations in Config A output
 [32mΓ£ô[39m v3/@claude-flow/guidance/tests/analyzer.test.ts[2m > [22mabBenchmark[2m > [22mgate simulation[2m > [22mgate patterns detect destructive commands
 [32mΓ£ô[39m v3/@claude-flow/guidance/tests/analyzer.test.ts[2m > [22mabBenchmark[2m > [22mgate simulation[2m > [22mgate patterns detect hardcoded secrets
 [32mΓ£ô[39m v3/@claude-flow/guidance/tests/analyzer.test.ts[2m > [22mabBenchmark[2m > [22mKPI tracking[2m > [22mtracks tool calls per task
 [32mΓ£ô[39m v3/@claude-flow/guidance/tests/analyzer.test.ts[2m > [22mabBenchmark[2m > [22mKPI tracking[2m > [22mtracks token spend per task
 [32mΓ£ô[39m v3/@claude-flow/guidance/tests/analyzer.test.ts[2m > [22mabBenchmark[2m > [22mKPI tracking[2m > [22mtracks duration per task
 [32mΓ£ô[39m v3/@claude-flow/guidance/tests/analyzer.test.ts[2m > [22mabBenchmark[2m > [22mKPI tracking[2m > [22mtracks wall clock time
 [32mΓ£ô[39m v3/@claude-flow/guidance/tests/analyzer.test.ts[2m > [22mabBenchmark[2m > [22mreport formatting[2m > [22mproduces a human-readable report
 [32mΓ£ô[39m v3/@claude-flow/guidance/tests/analyzer.test.ts[2m > [22mabBenchmark[2m > [22mreport formatting[2m > [22mreport includes composite scores
 [32mΓ£ô[39m v3/@claude-flow/guidance/tests/analyzer.test.ts[2m > [22mabBenchmark[2m > [22mreport formatting[2m > [22mreport includes KPI comparison table
 [32mΓ£ô[39m v3/@claude-flow/guidance/tests/analyzer.test.ts[2m > [22mabBenchmark[2m > [22mreport formatting[2m > [22mreport includes per-task-class breakdown
 [32mΓ£ô[39m v3/@claude-flow/guidance/tests/analyzer.test.ts[2m > [22mabBenchmark[2m > [22mreport formatting[2m > [22mreport includes per-task results
 [32mΓ£ô[39m v3/@claude-flow/guidance/tests/analyzer.test.ts[2m > [22mabBenchmark[2m > [22mreport formatting[2m > [22mreport includes failure ledger for Config B failures
 [32mΓ£ô[39m v3/@claude-flow/guidance/tests/analyzer.test.ts[2m > [22mabBenchmark[2m > [22mreport formatting[2m > [22mreport includes verdict section
 [32mΓ£ô[39m v3/@claude-flow/guidance/tests/analyzer.test.ts[2m > [22mabBenchmark[2m > [22mproof chain[2m > [22mgenerates proof envelopes when proofKey provided
 [32mΓ£ô[39m v3/@claude-flow/guidance/tests/analyzer.test.ts[2m > [22mabBenchmark[2m > [22mproof chain[2m > [22mproduces no proof without proofKey
 [32mΓ£ô[39m v3/@claude-flow/guidance/tests/analyzer.test.ts[2m > [22mabBenchmark[2m > [22mproof chain[2m > [22mproof chain includes in report when present
 [32mΓ£ô[39m v3/@claude-flow/guidance/tests/analyzer.test.ts[2m > [22mabBenchmark[2m > [22mpoor CLAUDE.md shows minimal improvement[2m > [22mpoor guidance still shows some improvement over no guidance
 [32mΓ£ô[39m v3/@claude-flow/guidance/tests/analyzer.test.ts[2m > [22mabBenchmark[2m > [22mpoor CLAUDE.md shows minimal improvement[2m > [22mpoor guidance has lower composite than well-structured guidance
 [32mΓ£ô[39m v3/@claude-flow/guidance/tests/analyzer.test.ts[2m > [22mabBenchmark[2m > [22mcustom tasks[2m > [22maccepts custom task list
 [32mΓ£ô[39m v3/@claude-flow/cli/__tests__/memory-ruvector-deep.test.ts[2m > [22mAST Analyzer[2m > [22manalyze[2m > [22mshould detect TypeScript functions
 [32mΓ£ô[39m v3/@claude-flow/cli/__tests__/memory-ruvector-deep.test.ts[2m > [22mAST Analyzer[2m > [22manalyze[2m > [22mshould detect Python functions and classes
 [32mΓ£ô[39m v3/@claude-flow/cli/__tests__/memory-ruvector-deep.test.ts[2m > [22mAST Analyzer[2m > [22manalyze[2m > [22mshould extract imports
 [32mΓ£ô[39m v3/@claude-flow/cli/__tests__/memory-ruvector-deep.test.ts[2m > [22mAST Analyzer[2m > [22manalyze[2m > [22mshould extract exports
 [32mΓ£ô[39m v3/@claude-flow/cli/__tests__/memory-ruvector-deep.test.ts[2m > [22mAST Analyzer[2m > [22manalyze[2m > [22mshould calculate cyclomatic complexity
 [32mΓ£ô[39m v3/@claude-flow/cli/__tests__/memory-ruvector-deep.test.ts[2m > [22mAST Analyzer[2m > [22manalyze[2m > [22mshould compute comment density
 [32mΓ£ô[39m v3/@claude-flow/cli/__tests__/memory-ruvector-deep.test.ts[2m > [22mAST Analyzer[2m > [22manalyze[2m > [22mshould throw for files exceeding maxFileSize
 [32mΓ£ô[39m v3/@claude-flow/cli/__tests__/memory-ruvector-deep.test.ts[2m > [22mAST Analyzer[2m > [22manalyze[2m > [22mshould cache analysis results
 [32mΓ£ô[39m v3/@claude-flow/cli/__tests__/memory-ruvector-deep.test.ts[2m > [22mAST Analyzer[2m > [22mgetFunctionAtLine[2m > [22mshould find function containing a given line
 [32mΓ£ô[39m v3/@claude-flow/cli/__tests__/memory-ruvector-deep.test.ts[2m > [22mAST Analyzer[2m > [22mgetFunctionAtLine[2m > [22mshould return null for lines not in any function
 [32mΓ£ô[39m v3/@claude-flow/cli/__tests__/memory-ruvector-deep.test.ts[2m > [22mAST Analyzer[2m > [22mgetSymbols[2m > [22mshould list function and class names
 [32mΓ£ô[39m v3/@claude-flow/cli/__tests__/memory-ruvector-deep.test.ts[2m > [22mAST Analyzer[2m > [22mgetStats / clearCache[2m > [22mshould track and clear cache
 [32mΓ£ô[39m v3/@claude-flow/cli/__tests__/memory-ruvector-deep.test.ts[2m > [22mAST Analyzer[2m > [22mcreateASTAnalyzer factory[2m > [22mshould create analyzer with custom config
 [32mΓ£ô[39m v3/@claude-flow/cli/__tests__/memory-ruvector-deep.test.ts[2m > [22mDiff Classifier[2m > [22mclassifyCommitMessage[2m > [22mshould classify feat as feature[33m 426[2mms[22m[39m
 [32mΓ£ô[39m v3/@claude-flow/cli/__tests__/memory-ruvector-deep.test.ts[2m > [22mDiff Classifier[2m > [22mclassifyCommitMessage[2m > [22mshould classify fix as bugfix
 [32mΓ£ô[39m v3/@claude-flow/cli/__tests__/memory-ruvector-deep.test.ts[2m > [22mDiff Classifier[2m > [22mclassifyCommitMessage[2m > [22mshould classify refactor as refactor
 [32mΓ£ô[39m v3/@claude-flow/cli/__tests__/memory-ruvector-deep.test.ts[2m > [22mDiff Classifier[2m > [22mclassifyCommitMessage[2m > [22mshould classify docs as docs
 [32mΓ£ô[39m v3/@claude-flow/cli/__tests__/memory-ruvector-deep.test.ts[2m > [22mDiff Classifier[2m > [22mclassifyCommitMessage[2m > [22mshould classify test as test
 [32mΓ£ô[39m v3/@claude-flow/cli/__tests__/memory-ruvector-deep.test.ts[2m > [22mDiff Classifier[2m > [22mclassifyCommitMessage[2m > [22mshould return unknown for unrecognized
 [32mΓ£ô[39m v3/@claude-flow/cli/__tests__/memory-ruvector-deep.test.ts[2m > [22mDiff Classifier[2m > [22mparseDiff[2m > [22mshould parse a git diff into file diffs
 [32mΓ£ô[39m v3/@claude-flow/cli/__tests__/memory-ruvector-deep.test.ts[2m > [22mDiff Classifier[2m > [22mparseDiff[2m > [22mshould handle empty diff
 [32mΓ£ô[39m v3/@claude-flow/cli/__tests__/memory-ruvector-deep.test.ts[2m > [22mDiff Classifier[2m > [22mclassify[2m > [22mshould compute overall classification from file diffs
 [32mΓ£ô[39m v3/@claude-flow/cli/__tests__/memory-ruvector-deep.test.ts[2m > [22mDiff Classifier[2m > [22mclassify[2m > [22mshould handle empty files array
 [32mΓ£ô[39m v3/@claude-flow/cli/__tests__/memory-ruvector-deep.test.ts[2m > [22mDiff Classifier[2m > [22massessFileRisk[2m > [22mshould assess security files as high risk
 [32mΓ£ô[39m v3/@claude-flow/cli/__tests__/memory-ruvector-deep.test.ts[2m > [22mDiff Classifier[2m > [22massessFileRisk[2m > [22mshould assess test files as low risk
 [32mΓ£ô[39m v3/@claude-flow/cli/__tests__/memory-ruvector-deep.test.ts[2m > [22mDiff Classifier[2m > [22massessOverallRisk[2m > [22mshould compute overall risk from file risks
 [32mΓ£ô[39m v3/@claude-flow/cli/__tests__/memory-ruvector-deep.test.ts[2m > [22mDiff Classifier[2m > [22mvalidateGitRef[2m > [22mshould reject refs with shell metacharacters
 [32mΓ£ô[39m v3/plugins/gastown-bridge/tests/wasm-loader.test.ts[2m > [22mWasmLoader[2m > [22minitialization[2m > [22mshould start uninitialized
 [32mΓ£ô[39m v3/plugins/gastown-bridge/tests/convoy.test.ts[2m > [22mConvoy[2m > [22mcreation[2m > [22mshould create convoy with required fields
 [32mΓ£ô[39m v3/plugins/gastown-bridge/tests/convoy.test.ts[2m > [22mConvoy[2m > [22mcreation[2m > [22mshould create convoy with optional description
 [32mΓ£ô[39m v3/plugins/gastown-bridge/tests/convoy.test.ts[2m > [22mConvoy[2m > [22mcreation[2m > [22mshould create convoy without description
 [32mΓ£ô[39m v3/plugins/gastown-bridge/tests/convoy.test.ts[2m > [22mConvoy[2m > [22mcreation[2m > [22mshould start with active status
 [32mΓ£ô[39m v3/plugins/gastown-bridge/tests/convoy.test.ts[2m > [22mConvoy[2m > [22mcreation[2m > [22mshould start with no issues
 [32mΓ£ô[39m v3/plugins/gastown-bridge/tests/convoy.test.ts[2m > [22mConvoy[2m > [22mcreation[2m > [22mshould have default autoComplete enabled
 [32mΓ£ô[39m v3/plugins/gastown-bridge/tests/convoy.test.ts[2m > [22mConvoy[2m > [22madding issues[2m > [22mshould add single issue
 [32mΓ£ô[39m v3/plugins/gastown-bridge/tests/convoy.test.ts[2m > [22mConvoy[2m > [22madding issues[2m > [22mshould add multiple issues
 [32mΓ£ô[39m v3/plugins/gastown-bridge/tests/convoy.test.ts[2m > [22mConvoy[2m > [22madding issues[2m > [22mshould reject duplicate issue
 [32mΓ£ô[39m v3/plugins/gastown-bridge/tests/convoy.test.ts[2m > [22mConvoy[2m > [22madding issues[2m > [22mshould reject adding to cancelled convoy
 [32mΓ£ô[39m v3/plugins/gastown-bridge/tests/convoy.test.ts[2m > [22mConvoy[2m > [22madding issues[2m > [22mshould reject adding to completed convoy
 [32mΓ£ô[39m v3/plugins/gastown-bridge/tests/convoy.test.ts[2m > [22mConvoy[2m > [22mremoving issues[2m > [22mshould remove existing issue
 [32mΓ£ô[39m v3/plugins/gastown-bridge/tests/convoy.test.ts[2m > [22mConvoy[2m > [22mremoving issues[2m > [22mshould return false for non-existent issue
 [32mΓ£ô[39m v3/plugins/gastown-bridge/tests/convoy.test.ts[2m > [22mConvoy[2m > [22mremoving issues[2m > [22mshould reject removal from cancelled convoy
 [32mΓ£ô[39m v3/plugins/gastown-bridge/tests/convoy.test.ts[2m > [22mConvoy[2m > [22mretrieving issues[2m > [22mshould get issue by id
 [32mΓ£ô[39m v3/plugins/gastown-bridge/tests/convoy.test.ts[2m > [22mConvoy[2m > [22mretrieving issues[2m > [22mshould return undefined for non-existent issue
 [32mΓ£ô[39m v3/plugins/gastown-bridge/tests/convoy.test.ts[2m > [22mConvoy[2m > [22mretrieving issues[2m > [22mshould return copy of issue, not reference
 [32mΓ£ô[39m v3/plugins/gastown-bridge/tests/convoy.test.ts[2m > [22mConvoy[2m > [22mstatus calculation[2m > [22mshould calculate empty progress correctly
 [32mΓ£ô[39m v3/plugins/gastown-bridge/tests/convoy.test.ts[2m > [22mConvoy[2m > [22mstatus calculation[2m > [22mshould calculate progress with mixed statuses
 [32mΓ£ô[39m v3/plugins/gastown-bridge/tests/convoy.test.ts[2m > [22mConvoy[2m > [22mstatus calculation[2m > [22mshould calculate 100% when all closed
 [32mΓ£ô[39m v3/plugins/gastown-bridge/tests/convoy.test.ts[2m > [22mConvoy[2m > [22mstatus calculation[2m > [22mshould round percentage to integer
 [32mΓ£ô[39m v3/plugins/gastown-bridge/tests/convoy.test.ts[2m > [22mConvoy[2m > [22mcompletion detection[2m > [22mshould not be complete when empty
 [32mΓ£ô[39m v3/plugins/gastown-bridge/tests/convoy.test.ts[2m > [22mConvoy[2m > [22mcompletion detection[2m > [22mshould not be complete with open issues
 [32mΓ£ô[39m v3/plugins/gastown-bridge/tests/convoy.test.ts[2m > [22mConvoy[2m > [22mcompletion detection[2m > [22mshould not be complete with in_progress issues
 [32mΓ£ô[39m v3/plugins/gastown-bridge/tests/convoy.test.ts[2m > [22mConvoy[2m > [22mcompletion detection[2m > [22mshould be complete when all closed
 [32mΓ£ô[39m v3/plugins/gastown-bridge/tests/convoy.test.ts[2m > [22mConvoy[2m > [22mcompletion detection[2m > [22mshould auto-transition to landed status
 [32mΓ£ô[39m v3/plugins/gastown-bridge/tests/convoy.test.ts[2m > [22mConvoy[2m > [22mcompletion detection[2m > [22mshould not auto-complete when autoComplete is false
 [32mΓ£ô[39m v3/plugins/gastown-bridge/tests/convoy.test.ts[2m > [22mConvoy[2m > [22mblocker identification[2m > [22mshould return empty array when no blockers
 [32mΓ£ô[39m v3/plugins/gastown-bridge/tests/convoy.test.ts[2m > [22mConvoy[2m > [22mblocker identification[2m > [22mshould identify blocked issues
 [32mΓ£ô[39m v3/plugins/gastown-bridge/tests/convoy.test.ts[2m > [22mConvoy[2m > [22mblocker identification[2m > [22mshould get blocking chain
 [32mΓ£ô[39m v3/plugins/gastown-bridge/tests/convoy.test.ts[2m > [22mConvoy[2m > [22mblocker identification[2m > [22mshould handle circular blocking references
 [32mΓ£ô[39m v3/plugins/gastown-bridge/tests/convoy.test.ts[2m > [22mConvoy[2m > [22mready issue listing[2m > [22mshould return open issues without blockers
 [32mΓ£ô[39m v3/plugins/gastown-bridge/tests/convoy.test.ts[2m > [22mConvoy[2m > [22mready issue listing[2m > [22mshould exclude issues with unresolved blockers
 [32mΓ£ô[39m v3/plugins/gastown-bridge/tests/convoy.test.ts[2m > [22mConvoy[2m > [22mready issue listing[2m > [22mshould include issues when blockers are closed
 [32mΓ£ô[39m v3/plugins/gastown-bridge/tests/convoy.test.ts[2m > [22mConvoy[2m > [22mready issue listing[2m > [22mshould sort by priority
 [32mΓ£ô[39m v3/plugins/gastown-bridge/tests/convoy.test.ts[2m > [22mConvoy[2m > [22mready issue listing[2m > [22mshould handle external blockers gracefully
 [32mΓ£ô[39m v3/plugins/gastown-bridge/tests/convoy.test.ts[2m > [22mConvoy[2m > [22mobserver callbacks[2m > [22mshould notify on issue added
 [32mΓ£ô[39m v3/plugins/gastown-bridge/tests/convoy.test.ts[2m > [22mConvoy[2m > [22mobserver callbacks[2m > [22mshould notify on issue removed
 [32mΓ£ô[39m v3/plugins/gastown-bridge/tests/convoy.test.ts[2m > [22mConvoy[2m > [22mobserver callbacks[2m > [22mshould notify on status change
 [32mΓ£ô[39m v3/plugins/gastown-bridge/tests/convoy.test.ts[2m > [22mConvoy[2m > [22mobserver callbacks[2m > [22mshould notify on completion
 [32mΓ£ô[39m v3/plugins/gastown-bridge/tests/convoy.test.ts[2m > [22mConvoy[2m > [22mobserver callbacks[2m > [22mshould notify on cancellation
 [32mΓ£ô[39m v3/plugins/gastown-bridge/tests/convoy.test.ts[2m > [22mConvoy[2m > [22mobserver callbacks[2m > [22mshould allow unsubscribe
 [32mΓ£ô[39m v3/plugins/gastown-bridge/tests/convoy.test.ts[2m > [22mConvoy[2m > [22mobserver callbacks[2m > [22mshould handle observer errors gracefully
 [32mΓ£ô[39m v3/plugins/gastown-bridge/tests/convoy.test.ts[2m > [22mConvoy[2m > [22mobserver callbacks[2m > [22mshould include timestamp in events
 [32mΓ£ô[39m v3/plugins/gastown-bridge/tests/convoy.test.ts[2m > [22mConvoy[2m > [22mcancellation[2m > [22mshould cancel active convoy
 [32mΓ£ô[39m v3/plugins/gastown-bridge/tests/convoy.test.ts[2m > [22mConvoy[2m > [22mcancellation[2m > [22mshould not cancel already cancelled convoy
 [32mΓ£ô[39m v3/plugins/gastown-bridge/tests/convoy.test.ts[2m > [22mConvoy[2m > [22mcancellation[2m > [22mshould not cancel completed convoy
 [32mΓ£ô[39m v3/plugins/gastown-bridge/tests/convoy.test.ts[2m > [22mConvoy[2m > [22mcancellation[2m > [22mshould prevent modifications after cancel
 [32mΓ£ô[39m v3/plugins/gastown-bridge/tests/convoy.test.ts[2m > [22mConvoy[2m > [22mcancellation[2m > [22mshould include cancel reason in event
 [32mΓ£ô[39m v3/plugins/gastown-bridge/tests/convoy.test.ts[2m > [22mConvoy[2m > [22mpause and resume[2m > [22mshould pause active convoy
 [32mΓ£ô[39m v3/plugins/gastown-bridge/tests/convoy.test.ts[2m > [22mConvoy[2m > [22mpause and resume[2m > [22mshould resume paused convoy
 [32mΓ£ô[39m v3/plugins/gastown-bridge/tests/convoy.test.ts[2m > [22mConvoy[2m > [22mpause and resume[2m > [22mshould not pause cancelled convoy
 [32mΓ£ô[39m v3/plugins/gastown-bridge/tests/convoy.test.ts[2m > [22mConvoy[2m > [22mpause and resume[2m > [22mshould not resume active convoy
 [32mΓ£ô[39m v3/plugins/gastown-bridge/tests/convoy.test.ts[2m > [22mConvoy[2m > [22mpause and resume[2m > [22mshould not auto-complete while paused
 [32mΓ£ô[39m v3/plugins/gastown-bridge/tests/convoy.test.ts[2m > [22mConvoy[2m > [22mpause and resume[2m > [22mshould check completion on resume
 [32mΓ£ô[39m v3/plugins/gastown-bridge/tests/convoy.test.ts[2m > [22mConvoy[2m > [22mserialization[2m > [22mshould serialize to JSON
 [32mΓ£ô[39m v3/plugins/gastown-bridge/tests/convoy.test.ts[2m > [22mConvoy[2m > [22mserialization[2m > [22mshould include dates in ISO format
 [32mΓ£ô[39m v3/plugins/gastown-bridge/tests/convoy.test.ts[2m > [22mConvoy[2m > [22mserialization[2m > [22mshould include completedAt for landed convoys
 [32mΓ£ô[39m v3/plugins/gastown-bridge/tests/convoy.test.ts[2m > [22mConvoy[2m > [22medge cases[2m > [22mshould handle updating non-existent issue
 [32mΓ£ô[39m v3/plugins/gastown-bridge/tests/convoy.test.ts[2m > [22mConvoy[2m > [22medge cases[2m > [22mshould handle empty issue list operations
 [32mΓ£ô[39m v3/plugins/gastown-bridge/tests/convoy.test.ts[2m > [22mConvoy[2m > [22medge cases[2m > [22mshould preserve issue data integrity
 [32mΓ£ô[39m v3/plugins/gastown-bridge/tests/convoy.test.ts[2m > [22mConvoy[2m > [22medge cases[2m > [22mshould handle failOnBlocked configuration
 [32mΓ£ô[39m v3/plugins/gastown-bridge/tests/convoy.test.ts[2m > [22mConvoy[2m > [22medge cases[2m > [22mshould not fail when there are open issues alongside blocked
 [32mΓ£ô[39m v3/plugins/gastown-bridge/tests/wasm-loader.test.ts[2m > [22mWasmLoader[2m > [22minitialization[2m > [22mshould initialize successfully when WASM is available
 [32mΓ£ô[39m v3/plugins/gastown-bridge/tests/wasm-loader.test.ts[2m > [22mWasmLoader[2m > [22minitialization[2m > [22mshould handle WASM unavailability gracefully
 [32mΓ£ô[39m v3/@claude-flow/plugins/__tests__/ruvector-migrations.test.ts[2m > [22mRuVector Migrations[2m > [22mRunning Migrations[2m > [22mshould run all migrations in order
 [32mΓ£ô[39m v3/@claude-flow/cli/__tests__/memory-ruvector-deep.test.ts[2m > [22mCoverage Router[2m > [22mparseCoverage - JSON[2m > [22mshould parse JSON coverage data
 [32mΓ£ô[39m v3/@claude-flow/cli/__tests__/memory-ruvector-deep.test.ts[2m > [22mCoverage Router[2m > [22mparseCoverage - LCOV[2m > [22mshould parse LCOV format
 [32mΓ£ô[39m v3/@claude-flow/cli/__tests__/memory-ruvector-deep.test.ts[2m > [22mCoverage Router[2m > [22mroute[2m > [22mshould determine add-tests action for low coverage
 [32mΓ£ô[39m v3/@claude-flow/cli/__tests__/memory-ruvector-deep.test.ts[2m > [22mCoverage Router[2m > [22mroute[2m > [22mshould determine skip for good coverage
 [32mΓ£ô[39m v3/@claude-flow/cli/__tests__/memory-ruvector-deep.test.ts[2m > [22mCoverage Router[2m > [22mgetTrend[2m > [22mshould return stable with insufficient history
 [32mΓ£ô[39m v3/@claude-flow/cli/__tests__/memory-ruvector-deep.test.ts[2m > [22mCoverage Router[2m > [22mgetTrend[2m > [22mshould detect upward trend
 [32mΓ£ô[39m v3/@claude-flow/cli/__tests__/memory-ruvector-deep.test.ts[2m > [22mCoverage Router[2m > [22mgetStats[2m > [22mshould return config and runtime stats
 [32mΓ£ô[39m v3/@claude-flow/cli/__tests__/memory-ruvector-deep.test.ts[2m > [22mCoverage Router[2m > [22mclearCoverageCache[2m > [22mshould clear cache without error
 [32mΓ£ô[39m v3/@claude-flow/plugins/__tests__/ruvector-migrations.test.ts[2m > [22mRuVector Migrations[2m > [22mRunning Migrations[2m > [22mshould run migrations up to a specific version
 [32mΓ£ô[39m v3/plugins/gastown-bridge/tests/wasm-loader.test.ts[2m > [22mWasmLoader[2m > [22minitialization[2m > [22mshould not reinitialize if already initialized
 [32mΓ£ô[39m v3/plugins/gastown-bridge/tests/wasm-loader.test.ts[2m > [22mWasmLoader[2m > [22mparseFormula[2m > [22mshould parse valid TOML formula with JS fallback
 [32mΓ£ô[39m v3/plugins/gastown-bridge/tests/wasm-loader.test.ts[2m > [22mWasmLoader[2m > [22mparseFormula[2m > [22mshould use default values for missing fields
 [32mΓ£ô[39m v3/plugins/gastown-bridge/tests/wasm-loader.test.ts[2m > [22mWasmLoader[2m > [22mparseFormula[2m > [22mshould cache parsed formulas
 [32mΓ£ô[39m v3/plugins/gastown-bridge/tests/wasm-loader.test.ts[2m > [22mWasmLoader[2m > [22mparseFormula[2m > [22mshould return cached result for identical content
 [32mΓ£ô[39m v3/plugins/gastown-bridge/tests/wasm-loader.test.ts[2m > [22mWasmLoader[2m > [22mparseFormula[2m > [22mshould record performance metrics
 [32mΓ£ô[39m v3/plugins/gastown-bridge/tests/wasm-loader.test.ts[2m > [22mWasmLoader[2m > [22mcookFormula[2m > [22mshould substitute variables in step titles
 [32mΓ£ô[39m v3/plugins/gastown-bridge/tests/wasm-loader.test.ts[2m > [22mWasmLoader[2m > [22mcookFormula[2m > [22mshould substitute variables in leg fields
 [32mΓ£ô[39m v3/plugins/gastown-bridge/tests/wasm-loader.test.ts[2m > [22mWasmLoader[2m > [22mcookFormula[2m > [22mshould handle missing variables gracefully
 [32mΓ£ô[39m v3/plugins/gastown-bridge/tests/wasm-loader.test.ts[2m > [22mWasmLoader[2m > [22mcookFormula[2m > [22mshould not mutate original formula
 [32mΓ£ô[39m v3/plugins/gastown-bridge/tests/wasm-loader.test.ts[2m > [22mWasmLoader[2m > [22mbatchCook[2m > [22mshould cook multiple formulas at once
 [32mΓ£ô[39m v3/plugins/gastown-bridge/tests/wasm-loader.test.ts[2m > [22mWasmLoader[2m > [22mbatchCook[2m > [22mshould handle empty vars array
 [32mΓ£ô[39m v3/plugins/gastown-bridge/tests/wasm-loader.test.ts[2m > [22mWasmLoader[2m > [22mbatchCook[2m > [22mshould use empty vars when index exceeds vars array
 [32mΓ£ô[39m v3/plugins/gastown-bridge/tests/wasm-loader.test.ts[2m > [22mWasmLoader[2m > [22mbatchCook[2m > [22mshould record batch performance metric
 [32mΓ£ô[39m v3/plugins/gastown-bridge/tests/wasm-loader.test.ts[2m > [22mWasmLoader[2m > [22mtopoSort[2m > [22mshould sort nodes in dependency order
 [32mΓ£ô[39m v3/plugins/gastown-bridge/tests/wasm-loader.test.ts[2m > [22mWasmLoader[2m > [22mtopoSort[2m > [22mshould handle empty graph
 [32mΓ£ô[39m v3/plugins/gastown-bridge/tests/wasm-loader.test.ts[2m > [22mWasmLoader[2m > [22mtopoSort[2m > [22mshould handle disconnected nodes
 [32mΓ£ô[39m v3/plugins/gastown-bridge/tests/wasm-loader.test.ts[2m > [22mWasmLoader[2m > [22mtopoSort[2m > [22mshould detect cycles
 [32mΓ£ô[39m v3/plugins/gastown-bridge/tests/wasm-loader.test.ts[2m > [22mWasmLoader[2m > [22mtopoSort[2m > [22mshould return partial sort when cycle exists
 [32mΓ£ô[39m v3/plugins/gastown-bridge/tests/wasm-loader.test.ts[2m > [22mWasmLoader[2m > [22mdetectCycle[2m > [22mshould detect no cycle in acyclic graph
 [32mΓ£ô[39m v3/plugins/gastown-bridge/tests/wasm-loader.test.ts[2m > [22mWasmLoader[2m > [22mdetectCycle[2m > [22mshould detect simple cycle
 [32mΓ£ô[39m v3/plugins/gastown-bridge/tests/wasm-loader.test.ts[2m > [22mWasmLoader[2m > [22mdetectCycle[2m > [22mshould detect self-loop
 [32mΓ£ô[39m v3/plugins/gastown-bridge/tests/wasm-loader.test.ts[2m > [22mWasmLoader[2m > [22mdetectCycle[2m > [22mshould detect complex cycle
 [32mΓ£ô[39m v3/plugins/gastown-bridge/tests/wasm-loader.test.ts[2m > [22mWasmLoader[2m > [22mdetectCycle[2m > [22mshould return cycle edges
 [32mΓ£ô[39m v3/plugins/gastown-bridge/tests/wasm-loader.test.ts[2m > [22mWasmLoader[2m > [22mcriticalPath[2m > [22mshould calculate critical path for simple graph
 [32mΓ£ô[39m v3/plugins/gastown-bridge/tests/wasm-loader.test.ts[2m > [22mWasmLoader[2m > [22mcriticalPath[2m > [22mshould return empty path for cyclic graph
 [32mΓ£ô[39m v3/plugins/gastown-bridge/tests/wasm-loader.test.ts[2m > [22mWasmLoader[2m > [22mcriticalPath[2m > [22mshould calculate slack for non-critical nodes
 [32mΓ£ô[39m v3/plugins/gastown-bridge/tests/wasm-loader.test.ts[2m > [22mWasmLoader[2m > [22mcriticalPath[2m > [22mshould handle parallel paths correctly
 [32mΓ£ô[39m v3/plugins/gastown-bridge/tests/wasm-loader.test.ts[2m > [22mWasmLoader[2m > [22mfallback behavior[2m > [22mshould use JS implementation when WASM unavailable
 [32mΓ£ô[39m v3/plugins/gastown-bridge/tests/wasm-loader.test.ts[2m > [22mWasmLoader[2m > [22mfallback behavior[2m > [22mshould still work correctly with JS fallback
 [32mΓ£ô[39m v3/plugins/gastown-bridge/tests/wasm-loader.test.ts[2m > [22mWasmLoader[2m > [22mcaching[2m > [22mshould start with empty cache
 [32mΓ£ô[39m v3/plugins/gastown-bridge/tests/wasm-loader.test.ts[2m > [22mWasmLoader[2m > [22mcaching[2m > [22mshould cache parsed formulas
 [32mΓ£ô[39m v3/plugins/gastown-bridge/tests/wasm-loader.test.ts[2m > [22mWasmLoader[2m > [22mcaching[2m > [22mshould clear cache
 [32mΓ£ô[39m v3/plugins/gastown-bridge/tests/wasm-loader.test.ts[2m > [22mWasmLoader[2m > [22mcaching[2m > [22mshould not re-cache identical content
 [32mΓ£ô[39m v3/plugins/gastown-bridge/tests/wasm-loader.test.ts[2m > [22mWasmLoader[2m > [22mperformance timing[2m > [22mshould track all operations
 [32mΓ£ô[39m v3/plugins/gastown-bridge/tests/wasm-loader.test.ts[2m > [22mWasmLoader[2m > [22mperformance timing[2m > [22mshould clear metrics
 [32mΓ£ô[39m v3/plugins/gastown-bridge/tests/wasm-loader.test.ts[2m > [22mWasmLoader[2m > [22mperformance timing[2m > [22mshould measure non-negative durations
 [32mΓ£ô[39m v3/plugins/gastown-bridge/tests/wasm-loader.test.ts[2m > [22mWasmLoader[2m > [22mdisposal[2m > [22mshould clean up resources on dispose
 [32mΓ£ô[39m v3/plugins/gastown-bridge/tests/wasm-loader.test.ts[2m > [22mWasmLoader[2m > [22mdisposal[2m > [22mshould still work after dispose (recreate)
 [32mΓ£ô[39m v3/plugins/gastown-bridge/tests/wasm-loader.test.ts[2m > [22mWasmLoader[2m > [22medge cases[2m > [22mshould handle empty formula content
 [32mΓ£ô[39m v3/plugins/gastown-bridge/tests/wasm-loader.test.ts[2m > [22mWasmLoader[2m > [22medge cases[2m > [22mshould handle formula with special characters
 [32mΓ£ô[39m v3/plugins/gastown-bridge/tests/wasm-loader.test.ts[2m > [22mWasmLoader[2m > [22medge cases[2m > [22mshould handle very large graphs
 [32mΓ£ô[39m v3/plugins/gastown-bridge/tests/wasm-loader.test.ts[2m > [22mWasmLoader[2m > [22medge cases[2m > [22mshould handle multiple variables in same string
 [32mΓ£ô[39m v3/plugins/gastown-bridge/tests/wasm-loader.test.ts[2m > [22mWasmLoader[2m > [22medge cases[2m > [22mshould handle unicode in formulas
 [32mΓ£ô[39m v3/@claude-flow/plugins/__tests__/ruvector-migrations.test.ts[2m > [22mRuVector Migrations[2m > [22mRunning Migrations[2m > [22mshould run migrations up to a specific name
 [32mΓ£ô[39m v3/@claude-flow/guidance/tests/manifest-validator.test.ts[2m > [22mManifestValidator[2m > [22mvalid manifest[2m > [22mshould pass validation for a well-formed manifest
 [32mΓ£ô[39m v3/@claude-flow/guidance/tests/manifest-validator.test.ts[2m > [22mManifestValidator[2m > [22mvalid manifest[2m > [22mshould admit a low-risk manifest
 [32mΓ£ô[39m v3/@claude-flow/guidance/tests/manifest-validator.test.ts[2m > [22mManifestValidator[2m > [22mmissing required fields[2m > [22mshould reject when apiVersion is missing
 [32mΓ£ô[39m v3/@claude-flow/guidance/tests/manifest-validator.test.ts[2m > [22mManifestValidator[2m > [22mmissing required fields[2m > [22mshould reject when cell is missing
 [32mΓ£ô[39m v3/@claude-flow/guidance/tests/manifest-validator.test.ts[2m > [22mManifestValidator[2m > [22mmissing required fields[2m > [22mshould reject when cell.name is missing
 [32mΓ£ô[39m v3/@claude-flow/guidance/tests/manifest-validator.test.ts[2m > [22mManifestValidator[2m > [22mmissing required fields[2m > [22mshould reject when cell.codeRef is missing
 [32mΓ£ô[39m v3/@claude-flow/guidance/tests/manifest-validator.test.ts[2m > [22mManifestValidator[2m > [22mmissing required fields[2m > [22mshould reject when budgets is missing
 [32mΓ£ô[39m v3/@claude-flow/guidance/tests/manifest-validator.test.ts[2m > [22mManifestValidator[2m > [22mmissing required fields[2m > [22mshould reject when memoryPolicy.namespace is missing
 [32mΓ£ô[39m v3/@claude-flow/guidance/tests/manifest-validator.test.ts[2m > [22mManifestValidator[2m > [22minvalid digest format[2m > [22mshould reject a digest without sha256: prefix
 [32mΓ£ô[39m v3/@claude-flow/guidance/tests/manifest-validator.test.ts[2m > [22mManifestValidator[2m > [22minvalid digest format[2m > [22mshould reject a digest with wrong length
 [32mΓ£ô[39m v3/@claude-flow/guidance/tests/manifest-validator.test.ts[2m > [22mManifestValidator[2m > [22minvalid digest format[2m > [22mshould reject a digest with invalid hex chars
 [32mΓ£ô[39m v3/@claude-flow/guidance/tests/manifest-validator.test.ts[2m > [22mManifestValidator[2m > [22minvalid digest format[2m > [22mshould accept a valid sha256 digest
 [32mΓ£ô[39m v3/@claude-flow/guidance/tests/manifest-validator.test.ts[2m > [22mManifestValidator[2m > [22mwildcard in network allowlist[2m > [22mshould reject wildcard in network allowlist for unprivileged cell
 [32mΓ£ô[39m v3/@claude-flow/guidance/tests/manifest-validator.test.ts[2m > [22mManifestValidator[2m > [22mwildcard in network allowlist[2m > [22mshould reject subdomain wildcard for unprivileged cell
 [32mΓ£ô[39m v3/@claude-flow/guidance/tests/manifest-validator.test.ts[2m > [22mManifestValidator[2m > [22mwildcard in network allowlist[2m > [22mshould allow wildcard in network allowlist for privileged cell (has Bash)
 [32mΓ£ô[39m v3/@claude-flow/guidance/tests/manifest-validator.test.ts[2m > [22mManifestValidator[2m > [22mwildcard in network allowlist[2m > [22mshould allow specific hostnames for any cell
 [32mΓ£ô[39m v3/@claude-flow/guidance/tests/manifest-validator.test.ts[2m > [22mManifestValidator[2m > [22mnegative budgets[2m > [22mshould reject negative maxWallClockSeconds
 [32mΓ£ô[39m v3/@claude-flow/guidance/tests/manifest-validator.test.ts[2m > [22mManifestValidator[2m > [22mnegative budgets[2m > [22mshould reject negative maxToolCalls
 [32mΓ£ô[39m v3/@claude-flow/guidance/tests/manifest-validator.test.ts[2m > [22mManifestValidator[2m > [22mnegative budgets[2m > [22mshould reject negative maxBytesEgress
 [32mΓ£ô[39m v3/@claude-flow/guidance/tests/manifest-validator.test.ts[2m > [22mManifestValidator[2m > [22mnegative budgets[2m > [22mshould reject budget exceeding maximum limit
 [32mΓ£ô[39m v3/@claude-flow/guidance/tests/manifest-validator.test.ts[2m > [22mManifestValidator[2m > [22mnegative budgets[2m > [22mshould accept zero budgets
 [32mΓ£ô[39m v3/@claude-flow/guidance/tests/manifest-validator.test.ts[2m > [22mManifestValidator[2m > [22mrisk score computation[2m > [22mshould compute low risk for read-only, public data cell
 [32mΓ£ô[39m v3/@claude-flow/guidance/tests/manifest-validator.test.ts[2m > [22mManifestValidator[2m > [22mrisk score computation[2m > [22mshould compute high risk for Bash + restricted data + global scope
 [32mΓ£ô[39m v3/@claude-flow/guidance/tests/manifest-validator.test.ts[2m > [22mManifestValidator[2m > [22mrisk score computation[2m > [22mshould cap risk score at 100
 [32mΓ£ô[39m v3/@claude-flow/guidance/tests/manifest-validator.test.ts[2m > [22mManifestValidator[2m > [22mrisk score computation[2m > [22mshould increase risk when write confirmation is disabled
 [32mΓ£ô[39m v3/@claude-flow/guidance/tests/manifest-validator.test.ts[2m > [22mManifestValidator[2m > [22mlane selection[2m > [22mshould select wasm when portabilityRequired is true
 [32mΓ£ô[39m v3/@claude-flow/guidance/tests/manifest-validator.test.ts[2m > [22mManifestValidator[2m > [22mlane selection[2m > [22mshould select native when needsNativeThreads and low risk
 [32mΓ£ô[39m v3/@claude-flow/guidance/tests/manifest-validator.test.ts[2m > [22mManifestValidator[2m > [22mlane selection[2m > [22mshould downgrade native to sandboxed when risk is high
 [32mΓ£ô[39m v3/@claude-flow/guidance/tests/manifest-validator.test.ts[2m > [22mManifestValidator[2m > [22mlane selection[2m > [22mshould force wasm when risk exceeds maxRiskScore
 [32mΓ£ô[39m v3/@claude-flow/guidance/tests/manifest-validator.test.ts[2m > [22mManifestValidator[2m > [22mlane selection[2m > [22mshould respect preferredLane at low risk
 [32mΓ£ô[39m v3/@claude-flow/guidance/tests/manifest-validator.test.ts[2m > [22mManifestValidator[2m > [22mlane selection[2m > [22mshould force wasm at very high risk regardless of preference
 [32mΓ£ô[39m v3/@claude-flow/guidance/tests/manifest-validator.test.ts[2m > [22mManifestValidator[2m > [22mdata policy validation[2m > [22mshould reject invalid dataSensitivity value
 [32mΓ£ô[39m v3/@claude-flow/guidance/tests/manifest-validator.test.ts[2m > [22mManifestValidator[2m > [22mdata policy validation[2m > [22mshould reject negative retentionDays
 [32mΓ£ô[39m v3/@claude-flow/guidance/tests/manifest-validator.test.ts[2m > [22mManifestValidator[2m > [22mdata policy validation[2m > [22mshould reject when allowed and blocked regions overlap
 [32mΓ£ô[39m v3/@claude-flow/guidance/tests/manifest-validator.test.ts[2m > [22mManifestValidator[2m > [22mAPI version validation[2m > [22mshould reject unsupported API version
 [32mΓ£ô[39m v3/@claude-flow/guidance/tests/manifest-validator.test.ts[2m > [22mManifestValidator[2m > [22mwarnings[2m > [22mshould warn about unknown tools
 [32mΓ£ô[39m v3/@claude-flow/guidance/tests/manifest-validator.test.ts[2m > [22mManifestValidator[2m > [22mwarnings[2m > [22mshould warn when both memory gates are disabled
 [32mΓ£ô[39m v3/@claude-flow/guidance/tests/manifest-validator.test.ts[2m > [22mManifestValidator[2m > [22mfail-closed behavior[2m > [22mshould reject on any single validation error
 [32mΓ£ô[39m v3/@claude-flow/guidance/tests/manifest-validator.test.ts[2m > [22mManifestValidator[2m > [22mfail-closed behavior[2m > [22mshould still compute risk score even when rejecting
 [32mΓ£ô[39m v3/@claude-flow/guidance/tests/manifest-validator.test.ts[2m > [22mManifestValidator[2m > [22mfactory functions[2m > [22mcreateManifestValidator should return a working instance
 [32mΓ£ô[39m v3/@claude-flow/guidance/tests/manifest-validator.test.ts[2m > [22mManifestValidator[2m > [22mfactory functions[2m > [22mcreateManifestValidator should accept custom thresholds
 [32mΓ£ô[39m v3/@claude-flow/guidance/tests/manifest-validator.test.ts[2m > [22mConformanceSuite[2m > [22mtrace management[2m > [22mshould start with no traces
 [32mΓ£ô[39m v3/@claude-flow/guidance/tests/manifest-validator.test.ts[2m > [22mConformanceSuite[2m > [22mtrace management[2m > [22mshould add traces
 [32mΓ£ô[39m v3/@claude-flow/guidance/tests/manifest-validator.test.ts[2m > [22mConformanceSuite[2m > [22mtrace management[2m > [22mshould return copies from getTraces
 [32mΓ£ô[39m v3/@claude-flow/guidance/tests/manifest-validator.test.ts[2m > [22mConformanceSuite[2m > [22mconformance with matching traces[2m > [22mshould pass when all decisions match expectations
 [32mΓ£ô[39m v3/@claude-flow/guidance/tests/manifest-validator.test.ts[2m > [22mConformanceSuite[2m > [22mconformance with matching traces[2m > [22mshould pass with zero events
 [32mΓ£ô[39m v3/@claude-flow/guidance/tests/manifest-validator.test.ts[2m > [22mConformanceSuite[2m > [22mconformance detects mismatches[2m > [22mshould report mismatches when decisions differ from expectations
 [32mΓ£ô[39m v3/@claude-flow/guidance/tests/manifest-validator.test.ts[2m > [22mConformanceSuite[2m > [22mconformance detects mismatches[2m > [22mshould report multiple mismatches across traces
 [32mΓ£ô[39m v3/@claude-flow/guidance/tests/manifest-validator.test.ts[2m > [22mConformanceSuite[2m > [22mconformance detects mismatches[2m > [22mshould use expectedDecisions over expectedOutcome when both present
 [32mΓ£ô[39m v3/@claude-flow/guidance/tests/manifest-validator.test.ts[2m > [22mConformanceSuite[2m > [22mdefault traces[2m > [22mshould create 5 default traces
 [32mΓ£ô[39m v3/@claude-flow/guidance/tests/manifest-validator.test.ts[2m > [22mConformanceSuite[2m > [22mdefault traces[2m > [22mshould have unique trace IDs
 [32mΓ£ô[39m v3/@claude-flow/guidance/tests/manifest-validator.test.ts[2m > [22mConformanceSuite[2m > [22mdefault traces[2m > [22mshould include destructive command trace
 [32mΓ£ô[39m v3/@claude-flow/guidance/tests/manifest-validator.test.ts[2m > [22mConformanceSuite[2m > [22mdefault traces[2m > [22mshould include secret blocked trace
 [32mΓ£ô[39m v3/@claude-flow/guidance/tests/manifest-validator.test.ts[2m > [22mConformanceSuite[2m > [22mdefault traces[2m > [22mshould include budget exceeded trace
 [32mΓ£ô[39m v3/@claude-flow/guidance/tests/manifest-validator.test.ts[2m > [22mConformanceSuite[2m > [22mdefault traces[2m > [22mshould include memory no-evidence trace
 [32mΓ£ô[39m v3/@claude-flow/guidance/tests/manifest-validator.test.ts[2m > [22mConformanceSuite[2m > [22mdefault traces[2m > [22mshould include valid-allowed trace
 [32mΓ£ô[39m v3/@claude-flow/guidance/tests/manifest-validator.test.ts[2m > [22mConformanceSuite[2m > [22mdefault traces[2m > [22mshould pass when evaluator returns correct decisions for default traces
 [32mΓ£ô[39m v3/@claude-flow/guidance/tests/manifest-validator.test.ts[2m > [22mConformanceSuite[2m > [22mcreateConformanceSuite factory[2m > [22mshould create empty suite by default
 [32mΓ£ô[39m v3/@claude-flow/guidance/tests/manifest-validator.test.ts[2m > [22mConformanceSuite[2m > [22mcreateConformanceSuite factory[2m > [22mshould create suite with default traces when option is set
 [32mΓ£ô[39m v3/@claude-flow/plugins/__tests__/ruvector-migrations.test.ts[2m > [22mRuVector Migrations[2m > [22mRunning Migrations[2m > [22mshould skip already applied migrations
 [32mΓ£ô[39m v3/@claude-flow/cli/__tests__/memory-ruvector-deep.test.ts[2m > [22mGraph Analyzer[2m > [22mdetectCircularDependencies[2m > [22mshould detect simple cycles
 [32mΓ£ô[39m v3/@claude-flow/cli/__tests__/memory-ruvector-deep.test.ts[2m > [22mGraph Analyzer[2m > [22mdetectCircularDependencies[2m > [22mshould detect no cycles in acyclic graph
 [32mΓ£ô[39m v3/@claude-flow/cli/__tests__/memory-ruvector-deep.test.ts[2m > [22mGraph Analyzer[2m > [22mfallbackMinCut[2m > [22mshould partition graph into two groups
 [32mΓ£ô[39m v3/@claude-flow/cli/__tests__/memory-ruvector-deep.test.ts[2m > [22mGraph Analyzer[2m > [22mfallbackMinCut[2m > [22mshould handle single node graph
 [32mΓ£ô[39m v3/@claude-flow/cli/__tests__/memory-ruvector-deep.test.ts[2m > [22mGraph Analyzer[2m > [22mfallbackLouvain[2m > [22mshould detect communities in connected graph
 [32mΓ£ô[39m v3/@claude-flow/cli/__tests__/memory-ruvector-deep.test.ts[2m > [22mGraph Analyzer[2m > [22mfallbackLouvain[2m > [22mshould handle empty graph
 [32mΓ£ô[39m v3/@claude-flow/cli/__tests__/memory-ruvector-deep.test.ts[2m > [22mGraph Analyzer[2m > [22mfallbackLouvain[2m > [22mshould place isolated nodes in separate communities
 [32mΓ£ô[39m v3/@claude-flow/cli/__tests__/memory-ruvector-deep.test.ts[2m > [22mGraph Analyzer[2m > [22mexportToDot[2m > [22mshould generate valid DOT format
 [32mΓ£ô[39m v3/@claude-flow/cli/__tests__/memory-ruvector-deep.test.ts[2m > [22mGraph Analyzer[2m > [22mclearGraphCaches / getGraphCacheStats[2m > [22mshould clear and report cache
 [32mΓ£ô[39m v3/@claude-flow/plugins/__tests__/ruvector-migrations.test.ts[2m > [22mRuVector Migrations[2m > [22mRunning Migrations[2m > [22mshould return empty results when no pending migrations
 [32mΓ£ô[39m v3/@claude-flow/plugins/__tests__/ruvector-migrations.test.ts[2m > [22mRuVector Migrations[2m > [22mRunning Migrations[2m > [22mshould record migration timing
 [32mΓ£ô[39m v3/plugins/gastown-bridge/tests/mcp-tools.test.ts[2m > [22mMCP Tool Definitions[2m > [22mtool registration[2m > [22mshould register all beads tools
 [32mΓ£ô[39m v3/plugins/gastown-bridge/tests/mcp-tools.test.ts[2m > [22mMCP Tool Definitions[2m > [22mtool registration[2m > [22mshould register convoy tools
 [32mΓ£ô[39m v3/plugins/gastown-bridge/tests/mcp-tools.test.ts[2m > [22mMCP Tool Definitions[2m > [22mtool registration[2m > [22mshould register orchestration tools
 [32mΓ£ô[39m v3/plugins/gastown-bridge/tests/mcp-tools.test.ts[2m > [22mMCP Tool Definitions[2m > [22minput schema validation[2m > [22mshould have valid input schemas
 [32mΓ£ô[39m v3/plugins/gastown-bridge/tests/mcp-tools.test.ts[2m > [22mMCP Tool Definitions[2m > [22minput schema validation[2m > [22mshould mark required fields
 [32mΓ£ô[39m v3/plugins/gastown-bridge/tests/mcp-tools.test.ts[2m > [22mMCP Tool Definitions[2m > [22minput schema validation[2m > [22mshould specify enum values for constrained fields
 [32mΓ£ô[39m v3/plugins/gastown-bridge/tests/mcp-tools.test.ts[2m > [22mgt_beads_create[2m > [22mshould create bead with title
 [32mΓ£ô[39m v3/plugins/gastown-bridge/tests/mcp-tools.test.ts[2m > [22mgt_beads_create[2m > [22mshould pass optional parameters
 [32mΓ£ô[39m v3/plugins/gastown-bridge/tests/mcp-tools.test.ts[2m > [22mgt_beads_create[2m > [22mshould return error if title missing
 [32mΓ£ô[39m v3/plugins/gastown-bridge/tests/mcp-tools.test.ts[2m > [22mgt_beads_create[2m > [22mshould return error on bridge failure
 [32mΓ£ô[39m v3/plugins/gastown-bridge/tests/mcp-tools.test.ts[2m > [22mgt_beads_ready[2m > [22mshould list ready beads
 [32mΓ£ô[39m v3/plugins/gastown-bridge/tests/mcp-tools.test.ts[2m > [22mgt_beads_ready[2m > [22mshould apply limit parameter
 [32mΓ£ô[39m v3/plugins/gastown-bridge/tests/mcp-tools.test.ts[2m > [22mgt_beads_ready[2m > [22mshould apply rig filter
 [32mΓ£ô[39m v3/plugins/gastown-bridge/tests/mcp-tools.test.ts[2m > [22mgt_beads_show[2m > [22mshould show bead details
 [32mΓ£ô[39m v3/plugins/gastown-bridge/tests/mcp-tools.test.ts[2m > [22mgt_beads_show[2m > [22mshould validate bead_id is required
 [32mΓ£ô[39m v3/plugins/gastown-bridge/tests/mcp-tools.test.ts[2m > [22mgt_beads_show[2m > [22mshould validate bead_id format
 [32mΓ£ô[39m v3/plugins/gastown-bridge/tests/mcp-tools.test.ts[2m > [22mgt_beads_show[2m > [22mshould accept numeric bead IDs
 [32mΓ£ô[39m v3/plugins/gastown-bridge/tests/mcp-tools.test.ts[2m > [22mgt_beads_dep[2m > [22mshould add dependency
 [32mΓ£ô[39m v3/plugins/gastown-bridge/tests/mcp-tools.test.ts[2m > [22mgt_beads_dep[2m > [22mshould remove dependency
 [32mΓ£ô[39m v3/plugins/gastown-bridge/tests/mcp-tools.test.ts[2m > [22mgt_beads_dep[2m > [22mshould require child and parent for add/remove
 [32mΓ£ô[39m v3/plugins/gastown-bridge/tests/mcp-tools.test.ts[2m > [22mgt_beads_dep[2m > [22mshould validate action enum
 [32mΓ£ô[39m v3/plugins/gastown-bridge/tests/mcp-tools.test.ts[2m > [22mgt_sling[2m > [22mshould sling bead to target
 [32mΓ£ô[39m v3/plugins/gastown-bridge/tests/mcp-tools.test.ts[2m > [22mgt_sling[2m > [22mshould pass formula when provided
 [32mΓ£ô[39m v3/plugins/gastown-bridge/tests/mcp-tools.test.ts[2m > [22mgt_sling[2m > [22mshould validate required parameters
 [32mΓ£ô[39m v3/plugins/gastown-bridge/tests/mcp-tools.test.ts[2m > [22mgt_sling[2m > [22mshould validate target enum
 [32mΓ£ô[39m v3/plugins/gastown-bridge/tests/mcp-tools.test.ts[2m > [22mgt_convoy_create[2m > [22mshould create convoy with name
 [32mΓ£ô[39m v3/plugins/gastown-bridge/tests/mcp-tools.test.ts[2m > [22mgt_convoy_create[2m > [22mshould include issues list
 [32mΓ£ô[39m v3/plugins/gastown-bridge/tests/mcp-tools.test.ts[2m > [22mgt_convoy_create[2m > [22mshould require name
 [32mΓ£ô[39m v3/plugins/gastown-bridge/tests/mcp-tools.test.ts[2m > [22mResponse Format[2m > [22mshould return content array with text type
 [32mΓ£ô[39m v3/plugins/gastown-bridge/tests/mcp-tools.test.ts[2m > [22mResponse Format[2m > [22mshould return valid JSON in text content
 [32mΓ£ô[39m v3/plugins/gastown-bridge/tests/mcp-tools.test.ts[2m > [22mResponse Format[2m > [22mshould set isError flag on errors
 [32mΓ£ô[39m v3/plugins/gastown-bridge/tests/mcp-tools.test.ts[2m > [22mResponse Format[2m > [22mshould include error message in content on failure
 [32mΓ£ô[39m v3/plugins/gastown-bridge/tests/mcp-tools.test.ts[2m > [22mCLI Integration Mocking[2m > [22mshould handle gt command responses
 [32mΓ£ô[39m v3/plugins/gastown-bridge/tests/mcp-tools.test.ts[2m > [22mCLI Integration Mocking[2m > [22mshould handle formula list response
 [32mΓ£ô[39m v3/@claude-flow/guidance/tests/capabilities.test.ts[2m > [22mCapabilityAlgebra[2m > [22mgrant[2m > [22mshould create a capability with correct fields
 [32mΓ£ô[39m v3/@claude-flow/guidance/tests/capabilities.test.ts[2m > [22mCapabilityAlgebra[2m > [22mgrant[2m > [22mshould default to non-delegatable with no expiry and no constraints
 [32mΓ£ô[39m v3/@claude-flow/guidance/tests/capabilities.test.ts[2m > [22mCapabilityAlgebra[2m > [22mgrant[2m > [22mshould store the capability and make it retrievable
 [32mΓ£ô[39m v3/@claude-flow/guidance/tests/capabilities.test.ts[2m > [22mCapabilityAlgebra[2m > [22mgrant[2m > [22mshould index the capability by agent
 [32mΓ£ô[39m v3/@claude-flow/guidance/tests/capabilities.test.ts[2m > [22mCapabilityAlgebra[2m > [22mrestrict[2m > [22mshould create a new capability with tighter actions
 [32mΓ£ô[39m v3/@claude-flow/guidance/tests/capabilities.test.ts[2m > [22mCapabilityAlgebra[2m > [22mrestrict[2m > [22mshould never loosen actions (cannot add actions not in original)
 [32mΓ£ô[39m v3/@claude-flow/guidance/tests/capabilities.test.ts[2m > [22mCapabilityAlgebra[2m > [22mrestrict[2m > [22mshould union constraints (only add, never remove)
 [32mΓ£ô[39m v3/@claude-flow/guidance/tests/capabilities.test.ts[2m > [22mCapabilityAlgebra[2m > [22mrestrict[2m > [22mshould never extend expiry
 [32mΓ£ô[39m v3/@claude-flow/guidance/tests/capabilities.test.ts[2m > [22mCapabilityAlgebra[2m > [22mrestrict[2m > [22mshould allow shortening expiry
 [32mΓ£ô[39m v3/@claude-flow/guidance/tests/capabilities.test.ts[2m > [22mCapabilityAlgebra[2m > [22mrestrict[2m > [22mshould set expiry when original has no expiry
 [32mΓ£ô[39m v3/@claude-flow/guidance/tests/capabilities.test.ts[2m > [22mCapabilityAlgebra[2m > [22mrestrict[2m > [22mshould not promote delegatable from false to true
 [32mΓ£ô[39m v3/@claude-flow/guidance/tests/capabilities.test.ts[2m > [22mCapabilityAlgebra[2m > [22mrestrict[2m > [22mshould allow downgrading delegatable from true to false
 [32mΓ£ô[39m v3/@claude-flow/guidance/tests/capabilities.test.ts[2m > [22mCapabilityAlgebra[2m > [22mdelegate[2m > [22mshould create a child capability with parentCapabilityId
 [32mΓ£ô[39m v3/@claude-flow/guidance/tests/capabilities.test.ts[2m > [22mCapabilityAlgebra[2m > [22mdelegate[2m > [22mshould fail when capability is not delegatable
 [32mΓ£ô[39m v3/@claude-flow/guidance/tests/capabilities.test.ts[2m > [22mCapabilityAlgebra[2m > [22mdelegate[2m > [22mshould fail when capability is revoked
 [32mΓ£ô[39m v3/@claude-flow/guidance/tests/capabilities.test.ts[2m > [22mCapabilityAlgebra[2m > [22mdelegate[2m > [22mshould fail when capability is expired
 [32mΓ£ô[39m v3/@claude-flow/guidance/tests/capabilities.test.ts[2m > [22mCapabilityAlgebra[2m > [22mdelegate[2m > [22mshould apply further restrictions during delegation
 [32mΓ£ô[39m v3/@claude-flow/guidance/tests/capabilities.test.ts[2m > [22mCapabilityAlgebra[2m > [22mdelegate[2m > [22mshould inherit scope and resource from parent
 [32mΓ£ô[39m v3/@claude-flow/guidance/tests/capabilities.test.ts[2m > [22mCapabilityAlgebra[2m > [22mdelegate[2m > [22mshould add delegated constraints on top of parent constraints
 [32mΓ£ô[39m v3/@claude-flow/guidance/tests/capabilities.test.ts[2m > [22mCapabilityAlgebra[2m > [22mexpire[2m > [22mshould set expiresAt to now
 [32mΓ£ô[39m v3/@claude-flow/guidance/tests/capabilities.test.ts[2m > [22mCapabilityAlgebra[2m > [22mexpire[2m > [22mshould cause subsequent checks to deny access
 [32mΓ£ô[39m v3/@claude-flow/guidance/tests/capabilities.test.ts[2m > [22mCapabilityAlgebra[2m > [22mexpire[2m > [22mshould be a no-op for unknown capability IDs
 [32mΓ£ô[39m v3/@claude-flow/guidance/tests/capabilities.test.ts[2m > [22mCapabilityAlgebra[2m > [22mrevoke[2m > [22mshould mark capability as revoked
 [32mΓ£ô[39m v3/@claude-flow/guidance/tests/capabilities.test.ts[2m > [22mCapabilityAlgebra[2m > [22mrevoke[2m > [22mshould cascade revocation to all delegated children
 [32mΓ£ô[39m v3/@claude-flow/guidance/tests/capabilities.test.ts[2m > [22mCapabilityAlgebra[2m > [22mrevoke[2m > [22mshould deny access after revocation
 [32mΓ£ô[39m v3/@claude-flow/guidance/tests/capabilities.test.ts[2m > [22mCapabilityAlgebra[2m > [22mrevoke[2m > [22mshould be a no-op for unknown capability IDs
 [32mΓ£ô[39m v3/@claude-flow/guidance/tests/capabilities.test.ts[2m > [22mCapabilityAlgebra[2m > [22mrevoke[2m > [22mshould not affect sibling capabilities
 [32mΓ£ô[39m v3/@claude-flow/guidance/tests/capabilities.test.ts[2m > [22mCapabilityAlgebra[2m > [22mattest[2m > [22mshould add an attestation with timestamp
 [32mΓ£ô[39m v3/@claude-flow/guidance/tests/capabilities.test.ts[2m > [22mCapabilityAlgebra[2m > [22mattest[2m > [22mshould support multiple attestations
 [32mΓ£ô[39m v3/@claude-flow/guidance/tests/capabilities.test.ts[2m > [22mCapabilityAlgebra[2m > [22mattest[2m > [22mshould be a no-op for unknown capability IDs
 [32mΓ£ô[39m v3/@claude-flow/guidance/tests/capabilities.test.ts[2m > [22mCapabilityAlgebra[2m > [22mcheck[2m > [22mshould allow when a matching capability exists
 [32mΓ£ô[39m v3/@claude-flow/guidance/tests/capabilities.test.ts[2m > [22mCapabilityAlgebra[2m > [22mcheck[2m > [22mshould deny when no capability exists for the agent
 [32mΓ£ô[39m v3/@claude-flow/guidance/tests/capabilities.test.ts[2m > [22mCapabilityAlgebra[2m > [22mcheck[2m > [22mshould deny when the action is not in the capability
 [32mΓ£ô[39m v3/@claude-flow/guidance/tests/capabilities.test.ts[2m > [22mCapabilityAlgebra[2m > [22mcheck[2m > [22mshould deny when the scope does not match
 [32mΓ£ô[39m v3/@claude-flow/guidance/tests/capabilities.test.ts[2m > [22mCapabilityAlgebra[2m > [22mcheck[2m > [22mshould deny when the resource does not match
 [32mΓ£ô[39m v3/@claude-flow/guidance/tests/capabilities.test.ts[2m > [22mCapabilityAlgebra[2m > [22mcheck[2m > [22mshould respect expiry
 [32mΓ£ô[39m v3/@claude-flow/guidance/tests/capabilities.test.ts[2m > [22mCapabilityAlgebra[2m > [22mcheck[2m > [22mshould respect revocation
 [32mΓ£ô[39m v3/@claude-flow/guidance/tests/capabilities.test.ts[2m > [22mCapabilityAlgebra[2m > [22mcheck[2m > [22mshould collect active constraints in result
 [32mΓ£ô[39m v3/@claude-flow/guidance/tests/capabilities.test.ts[2m > [22mCapabilityAlgebra[2m > [22mcheck[2m > [22mshould deny when rate-limit constraint is exceeded via context
 [32mΓ£ô[39m v3/@claude-flow/guidance/tests/capabilities.test.ts[2m > [22mCapabilityAlgebra[2m > [22mcheck[2m > [22mshould deny when budget constraint is exceeded via context
 [32mΓ£ô[39m v3/@claude-flow/guidance/tests/capabilities.test.ts[2m > [22mCapabilityAlgebra[2m > [22mcheck[2m > [22mshould match multiple capabilities and return all
 [32mΓ£ô[39m v3/@claude-flow/guidance/tests/capabilities.test.ts[2m > [22mCapabilityAlgebra[2m > [22mcompose[2m > [22mshould intersect actions
 [32mΓ£ô[39m v3/@claude-flow/guidance/tests/capabilities.test.ts[2m > [22mCapabilityAlgebra[2m > [22mcompose[2m > [22mshould union constraints
 [32mΓ£ô[39m v3/@claude-flow/guidance/tests/capabilities.test.ts[2m > [22mCapabilityAlgebra[2m > [22mcompose[2m > [22mshould pick the tightest expiry when both have expiry
 [32mΓ£ô[39m v3/@claude-flow/guidance/tests/capabilities.test.ts[2m > [22mCapabilityAlgebra[2m > [22mcompose[2m > [22mshould use the non-null expiry when one has no expiry
 [32mΓ£ô[39m v3/@claude-flow/guidance/tests/capabilities.test.ts[2m > [22mCapabilityAlgebra[2m > [22mcompose[2m > [22mshould result in null expiry when both have no expiry
 [32mΓ£ô[39m v3/@claude-flow/guidance/tests/capabilities.test.ts[2m > [22mCapabilityAlgebra[2m > [22mcompose[2m > [22mshould be delegatable only if both are delegatable
 [32mΓ£ô[39m v3/@claude-flow/guidance/tests/capabilities.test.ts[2m > [22mCapabilityAlgebra[2m > [22mcompose[2m > [22mshould throw when scopes differ
 [32mΓ£ô[39m v3/@claude-flow/guidance/tests/capabilities.test.ts[2m > [22mCapabilityAlgebra[2m > [22mcompose[2m > [22mshould throw when resources differ
 [32mΓ£ô[39m v3/@claude-flow/guidance/tests/capabilities.test.ts[2m > [22mCapabilityAlgebra[2m > [22misSubset[2m > [22mshould return true when inner is a strict subset
 [32mΓ£ô[39m v3/@claude-flow/guidance/tests/capabilities.test.ts[2m > [22mCapabilityAlgebra[2m > [22misSubset[2m > [22mshould return true when inner equals outer
 [32mΓ£ô[39m v3/@claude-flow/guidance/tests/capabilities.test.ts[2m > [22mCapabilityAlgebra[2m > [22misSubset[2m > [22mshould return false when inner has actions not in outer
 [32mΓ£ô[39m v3/@claude-flow/guidance/tests/capabilities.test.ts[2m > [22mCapabilityAlgebra[2m > [22misSubset[2m > [22mshould return false when scopes differ
 [32mΓ£ô[39m v3/@claude-flow/guidance/tests/capabilities.test.ts[2m > [22mCapabilityAlgebra[2m > [22misSubset[2m > [22mshould return false when resources differ
 [32mΓ£ô[39m v3/@claude-flow/guidance/tests/capabilities.test.ts[2m > [22mCapabilityAlgebra[2m > [22misSubset[2m > [22mshould return false when inner never expires but outer does
 [32mΓ£ô[39m v3/@claude-flow/guidance/tests/capabilities.test.ts[2m > [22mCapabilityAlgebra[2m > [22misSubset[2m > [22mshould return false when inner expires after outer
 [32mΓ£ô[39m v3/@claude-flow/guidance/tests/capabilities.test.ts[2m > [22mCapabilityAlgebra[2m > [22misSubset[2m > [22mshould return true when inner expires before outer
 [32mΓ£ô[39m v3/@claude-flow/guidance/tests/capabilities.test.ts[2m > [22mCapabilityAlgebra[2m > [22misSubset[2m > [22mshould return true when outer has no expiry
 [32mΓ£ô[39m v3/@claude-flow/guidance/tests/capabilities.test.ts[2m > [22mCapabilityAlgebra[2m > [22mgetDelegationChain[2m > [22mshould return a single-element chain for root capabilities
 [32mΓ£ô[39m v3/@claude-flow/guidance/tests/capabilities.test.ts[2m > [22mCapabilityAlgebra[2m > [22mgetDelegationChain[2m > [22mshould return the full chain from root to leaf
 [32mΓ£ô[39m v3/@claude-flow/guidance/tests/capabilities.test.ts[2m > [22mCapabilityAlgebra[2m > [22mgetDelegationChain[2m > [22mshould return empty for unknown capability IDs
 [32mΓ£ô[39m v3/@claude-flow/guidance/tests/capabilities.test.ts[2m > [22mCapabilityAlgebra[2m > [22mgetDelegationChain[2m > [22mshould work for intermediate nodes in the chain
 [32mΓ£ô[39m v3/@claude-flow/guidance/tests/capabilities.test.ts[2m > [22mCapabilityAlgebra[2m > [22mcreateCapabilityAlgebra[2m > [22mshould create a fresh CapabilityAlgebra instance
 [32mΓ£ô[39m v3/@claude-flow/guidance/tests/capabilities.test.ts[2m > [22mCapabilityAlgebra[2m > [22mconstraint evaluation via check[2m > [22mshould deny when time-window start is in the future
 [32mΓ£ô[39m v3/@claude-flow/guidance/tests/capabilities.test.ts[2m > [22mCapabilityAlgebra[2m > [22mconstraint evaluation via check[2m > [22mshould deny when time-window end is in the past
 [32mΓ£ô[39m v3/@claude-flow/guidance/tests/capabilities.test.ts[2m > [22mCapabilityAlgebra[2m > [22mconstraint evaluation via check[2m > [22mshould allow when within time-window
 [32mΓ£ô[39m v3/@claude-flow/guidance/tests/capabilities.test.ts[2m > [22mCapabilityAlgebra[2m > [22mconstraint evaluation via check[2m > [22mshould deny when condition context key does not match expected value
 [32mΓ£ô[39m v3/@claude-flow/guidance/tests/capabilities.test.ts[2m > [22mCapabilityAlgebra[2m > [22mconstraint evaluation via check[2m > [22mshould allow when condition context matches
 [32mΓ£ô[39m v3/@claude-flow/plugins/__tests__/ruvector-migrations.test.ts[2m > [22mRuVector Migrations[2m > [22mMigration State Tracking[2m > [22mshould track migration state
 [32mΓ£ô[39m v3/@claude-flow/cli/__tests__/memory-ruvector-deep.test.ts[2m > [22mQ-Learning Router[2m > [22mroute[2m > [22mshould return a route decision
 [32mΓ£ô[39m v3/@claude-flow/cli/__tests__/memory-ruvector-deep.test.ts[2m > [22mQ-Learning Router[2m > [22mroute[2m > [22mshould use cache for non-explore queries
 [32mΓ£ô[39m v3/@claude-flow/cli/__tests__/memory-ruvector-deep.test.ts[2m > [22mQ-Learning Router[2m > [22mupdate[2m > [22mshould return TD error on update
 [32mΓ£ô[39m v3/@claude-flow/cli/__tests__/memory-ruvector-deep.test.ts[2m > [22mQ-Learning Router[2m > [22mupdate[2m > [22mshould return 0 for unknown action
 [32mΓ£ô[39m v3/@claude-flow/cli/__tests__/memory-ruvector-deep.test.ts[2m > [22mQ-Learning Router[2m > [22mupdate[2m > [22mshould decrease epsilon over updates
 [32mΓ£ô[39m v3/@claude-flow/cli/__tests__/memory-ruvector-deep.test.ts[2m > [22mQ-Learning Router[2m > [22mupdate[2m > [22mshould populate replay buffer
 [32mΓ£ô[39m v3/@claude-flow/cli/__tests__/memory-ruvector-deep.test.ts[2m > [22mQ-Learning Router[2m > [22mreset[2m > [22mshould clear Q-table and all buffers
 [32mΓ£ô[39m v3/@claude-flow/cli/__tests__/memory-ruvector-deep.test.ts[2m > [22mQ-Learning Router[2m > [22minvalidateCache[2m > [22mshould clear route cache
 [32mΓ£ô[39m v3/@claude-flow/cli/__tests__/memory-ruvector-deep.test.ts[2m > [22mQ-Learning Router[2m > [22mexport / import[2m > [22mshould export and import Q-table
 [32mΓ£ô[39m v3/@claude-flow/cli/__tests__/memory-ruvector-deep.test.ts[2m > [22mQ-Learning Router[2m > [22mgetStats[2m > [22mshould return comprehensive statistics
 [32mΓ£ô[39m v3/@claude-flow/cli/__tests__/memory-ruvector-deep.test.ts[2m > [22mQ-Learning Router[2m > [22mconvergence behavior[2m > [22mshould learn to prefer rewarded routes
 [32mΓ£ô[39m v3/@claude-flow/cli/__tests__/memory-ruvector-deep.test.ts[2m > [22mQ-Learning Router[2m > [22mcreateQLearningRouter factory[2m > [22mshould create router with defaults
 [32mΓ£ô[39m v3/@claude-flow/plugins/__tests__/ruvector-migrations.test.ts[2m > [22mRuVector Migrations[2m > [22mMigration State Tracking[2m > [22mshould track pending migrations
 [32mΓ£ô[39m v3/@claude-flow/plugins/__tests__/ruvector-migrations.test.ts[2m > [22mRuVector Migrations[2m > [22mMigration State Tracking[2m > [22mshould maintain migration history
 [32mΓ£ô[39m ruflo/src/rufloui/src/backend/__tests__/webhook-github.test.ts[2m > [22mverifyGitHubSignature[2m > [22mreturns true for a valid HMAC signature (string payload)
 [32mΓ£ô[39m ruflo/src/rufloui/src/backend/__tests__/webhook-github.test.ts[2m > [22mverifyGitHubSignature[2m > [22mreturns true for a valid HMAC signature (Buffer payload)
 [32mΓ£ô[39m ruflo/src/rufloui/src/backend/__tests__/webhook-github.test.ts[2m > [22mverifyGitHubSignature[2m > [22mreturns false for an invalid HMAC signature
 [32mΓ£ô[39m ruflo/src/rufloui/src/backend/__tests__/webhook-github.test.ts[2m > [22mverifyGitHubSignature[2m > [22mreturns false when the signature header is undefined
 [32mΓ£ô[39m ruflo/src/rufloui/src/backend/__tests__/webhook-github.test.ts[2m > [22mverifyGitHubSignature[2m > [22mreturns false when the signature header is empty string
 [32mΓ£ô[39m ruflo/src/rufloui/src/backend/__tests__/webhook-github.test.ts[2m > [22mverifyGitHubSignature[2m > [22mreturns false when the secret is empty
 [32mΓ£ô[39m ruflo/src/rufloui/src/backend/__tests__/webhook-github.test.ts[2m > [22mverifyGitHubSignature[2m > [22mdetects tampered request body
 [32mΓ£ô[39m ruflo/src/rufloui/src/backend/__tests__/webhook-github.test.ts[2m > [22mverifyGitHubSignature[2m > [22mworks with signature that lacks sha256= prefix
 [32mΓ£ô[39m ruflo/src/rufloui/src/backend/__tests__/webhook-github.test.ts[2m > [22mverifyGitHubSignature[2m > [22mrejects a signature with wrong length
 [32mΓ£ô[39m ruflo/src/rufloui/src/backend/__tests__/webhook-github.test.ts[2m > [22mPOST /github ΓÇö valid issue event[2m > [22mreturns 200 and ok:true for a valid opened issue
 [32mΓ£ô[39m ruflo/src/rufloui/src/backend/__tests__/webhook-github.test.ts[2m > [22mPOST /github ΓÇö valid issue event[2m > [22mstores the event with correct fields
 [32mΓ£ô[39m ruflo/src/rufloui/src/backend/__tests__/webhook-github.test.ts[2m > [22mPOST /github ΓÇö valid issue event[2m > [22mbroadcasts webhook:received event
 [32mΓ£ô[39m ruflo/src/rufloui/src/backend/__tests__/webhook-github.test.ts[2m > [22mPOST /github ΓÇö valid issue event[2m > [22mhandles reopened action
 [32mΓ£ô[39m ruflo/src/rufloui/src/backend/__tests__/webhook-github.test.ts[2m > [22mPOST /github ΓÇö valid issue event[2m > [22mauto-assigns task when autoAssign is true
 [32mΓ£ô[39m ruflo/src/rufloui/src/backend/__tests__/webhook-github.test.ts[2m > [22mGET /github/events ΓÇö returns stored events[2m > [22mreturns an array of events
 [32mΓ£ô[39m ruflo/src/rufloui/src/backend/__tests__/webhook-github.test.ts[2m > [22mGET /github/events ΓÇö returns stored events[2m > [22mreturns events in reverse chronological order (newest first)
 [32mΓ£ô[39m ruflo/src/rufloui/src/backend/__tests__/webhook-github.test.ts[2m > [22mGET /github/events ΓÇö returns stored events[2m > [22mcontains all expected fields on each event
 [32mΓ£ô[39m ruflo/src/rufloui/src/backend/__tests__/webhook-github.test.ts[2m > [22mPOST /github ΓÇö invalid payloads[2m > [22mignores non-issue events gracefully
 [32mΓ£ô[39m ruflo/src/rufloui/src/backend/__tests__/webhook-github.test.ts[2m > [22mPOST /github ΓÇö invalid payloads[2m > [22mignores unhandled issue actions (e.g. closed)
 [32mΓ£ô[39m ruflo/src/rufloui/src/backend/__tests__/webhook-github.test.ts[2m > [22mPOST /github ΓÇö invalid payloads[2m > [22mhandles missing issue fields gracefully (defaults to fallbacks)
 [32mΓ£ô[39m ruflo/src/rufloui/src/backend/__tests__/webhook-github.test.ts[2m > [22mPOST /github ΓÇö invalid payloads[2m > [22mhandles completely empty body
 [32mΓ£ô[39m ruflo/src/rufloui/src/backend/__tests__/webhook-github.test.ts[2m > [22mPOST /github ΓÇö invalid payloads[2m > [22mhandles missing x-github-event header (defaults to unknown)
 [32mΓ£ô[39m ruflo/src/rufloui/src/backend/__tests__/webhook-github.test.ts[2m > [22mPOST /github ΓÇö invalid payloads[2m > [22mreturns 503 when webhooks are disabled
 [32mΓ£ô[39m ruflo/src/rufloui/src/backend/__tests__/webhook-github.test.ts[2m > [22mPOST /github ΓÇö invalid payloads[2m > [22mignores repo not in monitored list
 [32mΓ£ô[39m ruflo/src/rufloui/src/backend/__tests__/webhook-github.test.ts[2m > [22mPOST /github ΓÇö invalid payloads[2m > [22mreturns 401 when signature is missing but secret is configured
 [32mΓ£ô[39m ruflo/src/rufloui/src/backend/__tests__/webhook-github.test.ts[2m > [22mPOST /github ΓÇö invalid payloads[2m > [22mreturns 400 when rawBody is empty and secret is configured
 [32mΓ£ô[39m ruflo/src/rufloui/src/backend/__tests__/webhook-github.test.ts[2m > [22mPOST /github ΓÇö invalid payloads[2m > [22mreturns 401 for invalid signature when secret is configured
 [32mΓ£ô[39m ruflo/src/rufloui/src/backend/__tests__/webhook-github.test.ts[2m > [22mGET /github/config[2m > [22mreturns config with masked secrets
 [32mΓ£ô[39m ruflo/src/rufloui/src/backend/__tests__/webhook-github.test.ts[2m > [22mGET /github/config[2m > [22mshows empty token preview when no token set
 [32mΓ£ô[39m ruflo/src/rufloui/src/backend/__tests__/webhook-github.test.ts[2m > [22mGET /github/config[2m > [22mshows empty secret indicator when no secret set
 [32mΓ£ô[39m ruflo/src/rufloui/src/backend/__tests__/webhook-github.test.ts[2m > [22mPUT /github/config[2m > [22mupdates enabled flag
 [32mΓ£ô[39m ruflo/src/rufloui/src/backend/__tests__/webhook-github.test.ts[2m > [22mPUT /github/config[2m > [22mupdates repos list (filters invalid entries)
 [32mΓ£ô[39m ruflo/src/rufloui/src/backend/__tests__/webhook-github.test.ts[2m > [22mPUT /github/config[2m > [22mupdates autoAssign flag
 [32mΓ£ô[39m ruflo/src/rufloui/src/backend/__tests__/webhook-github.test.ts[2m > [22mPUT /github/config[2m > [22mupdates webhookSecret
 [32mΓ£ô[39m ruflo/src/rufloui/src/backend/__tests__/webhook-github.test.ts[2m > [22mPUT /github/config[2m > [22mupdates taskTemplate
 [32mΓ£ô[39m ruflo/src/rufloui/src/backend/__tests__/webhook-github.test.ts[2m > [22mPUT /github/config[2m > [22mignores unknown fields and wrong types
 [32mΓ£ô[39m ruflo/src/rufloui/src/backend/__tests__/webhook-github.test.ts[2m > [22mPUT /github/config[2m > [22mupdates multiple fields at once
 [32mΓ£ô[39m ruflo/src/rufloui/src/backend/__tests__/webhook-github.test.ts[2m > [22mPOST /github ΓÇö with HMAC signature validation[2m > [22maccepts valid signed request and stores event
 [32mΓ£ô[39m ruflo/src/rufloui/src/backend/__tests__/webhook-github.test.ts[2m > [22mPOST /github ΓÇö with HMAC signature validation[2m > [22mrejects tampered body
 [32mΓ£ô[39m ruflo/src/rufloui/src/backend/__tests__/webhook-github.test.ts[2m > [22mPOST /github/test[2m > [22mreturns 503 when webhooks are disabled
 [32mΓ£ô[39m ruflo/src/rufloui/src/backend/__tests__/webhook-github.test.ts[2m > [22mPOST /github/test[2m > [22mcreates a test event when autoAssign is off
 [32mΓ£ô[39m ruflo/src/rufloui/src/backend/__tests__/webhook-github.test.ts[2m > [22mPOST /github/test[2m > [22mcreates a test event and task when autoAssign is on
 [32mΓ£ô[39m ruflo/src/rufloui/src/backend/__tests__/webhook-github.test.ts[2m > [22mPOST /github/test[2m > [22mhandles createAndAssignTask failure gracefully
 [32mΓ£ô[39m ruflo/src/rufloui/src/backend/__tests__/webhook-github.test.ts[2m > [22mPOST /github/test[2m > [22mbroadcasts webhook:received event
 [32mΓ£ô[39m ruflo/src/rufloui/src/backend/__tests__/webhook-github.test.ts[2m > [22mbuildTaskDescription (via auto-assign)[2m > [22muses default template when taskTemplate is empty
 [32mΓ£ô[39m ruflo/src/rufloui/src/backend/__tests__/webhook-github.test.ts[2m > [22mbuildTaskDescription (via auto-assign)[2m > [22mrenders custom template with all placeholders
 [32mΓ£ô[39m ruflo/src/rufloui/src/backend/__tests__/webhook-github.test.ts[2m > [22mbuildTaskDescription (via auto-assign)[2m > [22mavoids body duplication when template includes {{body}}
 [32mΓ£ô[39m ruflo/src/rufloui/src/backend/__tests__/webhook-github.test.ts[2m > [22mbuildTaskDescription (via auto-assign)[2m > [22mincludes body in header when template does NOT use {{body}}
 [32mΓ£ô[39m ruflo/src/rufloui/src/backend/__tests__/webhook-github.test.ts[2m > [22mbuildTaskDescription (via auto-assign)[2m > [22mtruncates long body to 2000 chars
 [32mΓ£ô[39m ruflo/src/rufloui/src/backend/__tests__/webhook-github.test.ts[2m > [22mPOST /github ΓÇö autoAssign failure path[2m > [22mmarks event as failed when createAndAssignTask throws
 [32mΓ£ô[39m ruflo/src/rufloui/src/backend/__tests__/webhook-github.test.ts[2m > [22mPOST /github ΓÇö autoAssign failure path[2m > [22mbroadcasts webhook:updated with failed status on error
 [32mΓ£ô[39m ruflo/src/rufloui/src/backend/__tests__/webhook-github.test.ts[2m > [22mupdateWebhookEventByTaskId[2m > [22mupdates event status when matching taskId found
 [32mΓ£ô[39m ruflo/src/rufloui/src/backend/__tests__/webhook-github.test.ts[2m > [22mupdateWebhookEventByTaskId[2m > [22mupdates event status to failed
 [32mΓ£ô[39m ruflo/src/rufloui/src/backend/__tests__/webhook-github.test.ts[2m > [22mupdateWebhookEventByTaskId[2m > [22mis a no-op when taskId does not match any event
 [32mΓ£ô[39m ruflo/src/rufloui/src/backend/__tests__/webhook-github.test.ts[2m > [22mGET /github/config ΓÇö taskTemplate field[2m > [22mreturns taskTemplate when set
 [32mΓ£ô[39m ruflo/src/rufloui/src/backend/__tests__/webhook-github.test.ts[2m > [22mGET /github/config ΓÇö taskTemplate field[2m > [22mreturns empty string when taskTemplate is not set
 [31m├ù[39m v3/@claude-flow/cli/__tests__/memory-ruvector-deep.test.ts[2m > [22mAgentic Flow Bridge[2m > [22mshould export getReasoningBank function
[31m   ΓåÆ Missing "./orchestration" specifier in "agentic-flow" package[39m
 [31m├ù[39m v3/@claude-flow/cli/__tests__/memory-ruvector-deep.test.ts[2m > [22mAgentic Flow Bridge[2m > [22mshould export getRouter function
[31m   ΓåÆ Missing "./orchestration" specifier in "agentic-flow" package[39m
 [31m├ù[39m v3/@claude-flow/cli/__tests__/memory-ruvector-deep.test.ts[2m > [22mAgentic Flow Bridge[2m > [22mshould export getOrchestration function
[31m   ΓåÆ Missing "./orchestration" specifier in "agentic-flow" package[39m
 [31m├ù[39m v3/@claude-flow/cli/__tests__/memory-ruvector-deep.test.ts[2m > [22mAgentic Flow Bridge[2m > [22mshould handle missing agentic-flow gracefully in isAvailable
[31m   ΓåÆ Missing "./orchestration" specifier in "agentic-flow" package[39m
 [31m├ù[39m v3/@claude-flow/cli/__tests__/memory-ruvector-deep.test.ts[2m > [22mAgentic Flow Bridge[2m > [22mshould return capabilities summary
[31m   ΓåÆ Missing "./orchestration" specifier in "agentic-flow" package[39m
 [31m├ù[39m v3/@claude-flow/cli/__tests__/memory-ruvector-deep.test.ts[2m > [22mAgentic Flow Bridge[2m > [22mshould return embedding or null for computeEmbedding
[31m   ΓåÆ Missing "./orchestration" specifier in "agentic-flow" package[39m
 [31m├ù[39m v3/@claude-flow/cli/__tests__/memory-ruvector-deep.test.ts[2m > [22mAgentic Flow Bridge[2m > [22mshould return array or handle error for retrieveMemories
[31m   ΓåÆ Missing "./orchestration" specifier in "agentic-flow" package[39m
 [32mΓ£ô[39m v3/@claude-flow/plugins/__tests__/ruvector-migrations.test.ts[2m > [22mRuVector Migrations[2m > [22mMigration State Tracking[2m > [22mshould validate migration checksums
 [32mΓ£ô[39m v3/@claude-flow/plugins/__tests__/ruvector-migrations.test.ts[2m > [22mRuVector Migrations[2m > [22mMigration State Tracking[2m > [22mshould detect missing migration definitions
 [31m├ù[39m v3/@claude-flow/memory/src/auto-memory-bridge.test.ts[2m > [22mresolveAutoMemoryDir[2m > [22mshould derive path from working directory
[31m   ΓåÆ expected 'C:\Users\saima\.claude\projects\-workΓÇª' to contain '.claude/projects/'[39m
 [32mΓ£ô[39m v3/@claude-flow/memory/src/auto-memory-bridge.test.ts[2m > [22mresolveAutoMemoryDir[2m > [22mshould replace slashes with dashes
 [32mΓ£ô[39m v3/@claude-flow/memory/src/auto-memory-bridge.test.ts[2m > [22mresolveAutoMemoryDir[2m > [22mshould produce consistent paths for same input
 [32mΓ£ô[39m v3/@claude-flow/memory/src/auto-memory-bridge.test.ts[2m > [22mfindGitRoot[2m > [22mshould find git root for a directory inside a repo
 [32mΓ£ô[39m v3/@claude-flow/memory/src/auto-memory-bridge.test.ts[2m > [22mfindGitRoot[2m > [22mshould return the directory itself if it is the git root
 [32mΓ£ô[39m v3/@claude-flow/memory/src/auto-memory-bridge.test.ts[2m > [22mfindGitRoot[2m > [22mshould return null for root filesystem
 [32mΓ£ô[39m v3/@claude-flow/memory/src/auto-memory-bridge.test.ts[2m > [22mparseMarkdownEntries[2m > [22mshould parse markdown with ## headings into entries
 [32mΓ£ô[39m v3/@claude-flow/memory/src/auto-memory-bridge.test.ts[2m > [22mparseMarkdownEntries[2m > [22mshould return empty array for content without ## headings
 [32mΓ£ô[39m v3/@claude-flow/memory/src/auto-memory-bridge.test.ts[2m > [22mparseMarkdownEntries[2m > [22mshould handle multiple lines under a heading
 [32mΓ£ô[39m v3/@claude-flow/memory/src/auto-memory-bridge.test.ts[2m > [22mparseMarkdownEntries[2m > [22mshould trim whitespace from section content
 [32mΓ£ô[39m v3/@claude-flow/memory/src/auto-memory-bridge.test.ts[2m > [22mparseMarkdownEntries[2m > [22mshould handle empty content
 [32mΓ£ô[39m v3/@claude-flow/memory/src/auto-memory-bridge.test.ts[2m > [22mextractSummaries[2m > [22mshould extract bullet points from content
 [32mΓ£ô[39m v3/@claude-flow/memory/src/auto-memory-bridge.test.ts[2m > [22mextractSummaries[2m > [22mshould skip "See" references
 [32mΓ£ô[39m v3/@claude-flow/memory/src/auto-memory-bridge.test.ts[2m > [22mextractSummaries[2m > [22mshould return empty array for content without bullets
 [32mΓ£ô[39m v3/@claude-flow/memory/src/auto-memory-bridge.test.ts[2m > [22mextractSummaries[2m > [22mshould strip metadata annotations from summaries
 [32mΓ£ô[39m v3/@claude-flow/memory/src/auto-memory-bridge.test.ts[2m > [22mextractSummaries[2m > [22mshould handle summaries without annotations
 [32mΓ£ô[39m v3/@claude-flow/memory/src/auto-memory-bridge.test.ts[2m > [22mformatInsightLine[2m > [22mshould format insight as a markdown bullet
 [32mΓ£ô[39m v3/@claude-flow/memory/src/auto-memory-bridge.test.ts[2m > [22mformatInsightLine[2m > [22mshould include detail as indented content for multi-line details
 [32mΓ£ô[39m v3/@claude-flow/memory/src/auto-memory-bridge.test.ts[2m > [22mformatInsightLine[2m > [22mshould not add indented detail for single-line details
 [32mΓ£ô[39m v3/@claude-flow/memory/src/auto-memory-bridge.test.ts[2m > [22mhashContent[2m > [22mshould produce consistent hashes
 [32mΓ£ô[39m v3/@claude-flow/memory/src/auto-memory-bridge.test.ts[2m > [22mhashContent[2m > [22mshould produce different hashes for different content
 [32mΓ£ô[39m v3/@claude-flow/memory/src/auto-memory-bridge.test.ts[2m > [22mhashContent[2m > [22mshould return a 16-character hex string
 [32mΓ£ô[39m v3/@claude-flow/memory/src/auto-memory-bridge.test.ts[2m > [22mpruneTopicFile[2m > [22mshould not prune if under limit
 [32mΓ£ô[39m v3/@claude-flow/memory/src/auto-memory-bridge.test.ts[2m > [22mpruneTopicFile[2m > [22mshould keep header and newest entries when pruning
 [32mΓ£ô[39m v3/@claude-flow/memory/src/auto-memory-bridge.test.ts[2m > [22mhasSummaryLine[2m > [22mshould find exact summary at start of bullet line
 [32mΓ£ô[39m v3/@claude-flow/memory/src/auto-memory-bridge.test.ts[2m > [22mhasSummaryLine[2m > [22mshould not match substrings inside other bullets
 [32mΓ£ô[39m v3/@claude-flow/memory/src/auto-memory-bridge.test.ts[2m > [22mhasSummaryLine[2m > [22mshould return false when summary is absent
 [32mΓ£ô[39m v3/@claude-flow/memory/src/auto-memory-bridge.test.ts[2m > [22mhasSummaryLine[2m > [22mshould handle empty content
 [32mΓ£ô[39m v3/@claude-flow/memory/src/auto-memory-bridge.test.ts[2m > [22mAutoMemoryBridge[2m > [22mconstructor[2m > [22mshould initialize with default config
 [32mΓ£ô[39m v3/@claude-flow/memory/src/auto-memory-bridge.test.ts[2m > [22mAutoMemoryBridge[2m > [22mconstructor[2m > [22mshould use provided memory directory
 [32mΓ£ô[39m v3/@claude-flow/memory/src/auto-memory-bridge.test.ts[2m > [22mAutoMemoryBridge[2m > [22mgetIndexPath[2m > [22mshould return path to MEMORY.md
 [32mΓ£ô[39m v3/@claude-flow/memory/src/auto-memory-bridge.test.ts[2m > [22mAutoMemoryBridge[2m > [22mgetTopicPath[2m > [22mshould return path to topic file based on category
 [32mΓ£ô[39m v3/@claude-flow/memory/src/auto-memory-bridge.test.ts[2m > [22mAutoMemoryBridge[2m > [22mgetTopicPath[2m > [22mshould use custom topic mapping
 [32mΓ£ô[39m v3/@claude-flow/memory/src/auto-memory-bridge.test.ts[2m > [22mAutoMemoryBridge[2m > [22mrecordInsight[2m > [22mshould store insight in AgentDB
 [32mΓ£ô[39m v3/@claude-flow/memory/src/auto-memory-bridge.test.ts[2m > [22mAutoMemoryBridge[2m > [22mrecordInsight[2m > [22mshould emit insight:recorded event
 [32mΓ£ô[39m v3/@claude-flow/memory/src/auto-memory-bridge.test.ts[2m > [22mAutoMemoryBridge[2m > [22mrecordInsight[2m > [22mshould write to files immediately in on-write mode
 [32mΓ£ô[39m v3/@claude-flow/memory/src/auto-memory-bridge.test.ts[2m > [22mAutoMemoryBridge[2m > [22mrecordInsight[2m > [22mshould not write to files immediately in on-session-end mode
 [32mΓ£ô[39m v3/@claude-flow/memory/src/auto-memory-bridge.test.ts[2m > [22mAutoMemoryBridge[2m > [22mrecordInsight[2m > [22mshould store confidence in metadata
 [32mΓ£ô[39m v3/@claude-flow/plugins/__tests__/ruvector-migrations.test.ts[2m > [22mRuVector Migrations[2m > [22mMigration Rollback[2m > [22mshould rollback migrations
 [32mΓ£ô[39m v3/@claude-flow/memory/src/auto-memory-bridge.test.ts[2m > [22mAutoMemoryBridge[2m > [22msyncToAutoMemory[2m > [22mshould flush buffered insights to files
 [32mΓ£ô[39m v3/@claude-flow/memory/src/auto-memory-bridge.test.ts[2m > [22mAutoMemoryBridge[2m > [22msyncToAutoMemory[2m > [22mshould create MEMORY.md index
 [32mΓ£ô[39m v3/@claude-flow/memory/src/auto-memory-bridge.test.ts[2m > [22mAutoMemoryBridge[2m > [22msyncToAutoMemory[2m > [22mshould emit sync:completed event
 [32mΓ£ô[39m v3/@claude-flow/cli/__tests__/memory-ruvector-deep.test.ts[2m > [22mRegistry API[2m > [22mshould export rateItem function
 [32mΓ£ô[39m v3/@claude-flow/cli/__tests__/memory-ruvector-deep.test.ts[2m > [22mRegistry API[2m > [22mshould reject invalid item IDs
 [32mΓ£ô[39m v3/@claude-flow/cli/__tests__/memory-ruvector-deep.test.ts[2m > [22mRegistry API[2m > [22mshould reject invalid ratings
 [32mΓ£ô[39m v3/@claude-flow/cli/__tests__/memory-ruvector-deep.test.ts[2m > [22mRegistry API[2m > [22mshould reject non-integer ratings
 [32mΓ£ô[39m v3/@claude-flow/codex/tests/generators.test.ts[2m > [22mgenerateAgentsMd[2m > [22mminimal template[2m > [22mshould generate a minimal AGENTS.md with required sections
 [32mΓ£ô[39m v3/@claude-flow/codex/tests/generators.test.ts[2m > [22mgenerateAgentsMd[2m > [22mminimal template[2m > [22mshould include custom description
 [32mΓ£ô[39m v3/@claude-flow/codex/tests/generators.test.ts[2m > [22mgenerateAgentsMd[2m > [22mminimal template[2m > [22mshould include custom build and test commands
 [32mΓ£ô[39m v3/@claude-flow/codex/tests/generators.test.ts[2m > [22mgenerateAgentsMd[2m > [22mminimal template[2m > [22mshould include default skills for minimal template
 [32mΓ£ô[39m v3/@claude-flow/codex/tests/generators.test.ts[2m > [22mgenerateAgentsMd[2m > [22mminimal template[2m > [22mshould include file organization section
 [32mΓ£ô[39m v3/@claude-flow/codex/tests/generators.test.ts[2m > [22mgenerateAgentsMd[2m > [22mdefault template[2m > [22mshould generate a default AGENTS.md with all sections
 [32mΓ£ô[39m v3/@claude-flow/codex/tests/generators.test.ts[2m > [22mgenerateAgentsMd[2m > [22mdefault template[2m > [22mshould include tech stack
 [32mΓ£ô[39m v3/@claude-flow/codex/tests/generators.test.ts[2m > [22mgenerateAgentsMd[2m > [22mdefault template[2m > [22mshould include swarm configuration
 [32mΓ£ô[39m v3/@claude-flow/codex/tests/generators.test.ts[2m > [22mgenerateAgentsMd[2m > [22mdefault template[2m > [22mshould include agent types table
 [32mΓ£ô[39m v3/@claude-flow/codex/tests/generators.test.ts[2m > [22mgenerateAgentsMd[2m > [22mdefault template[2m > [22mshould include custom skills
 [32mΓ£ô[39m v3/@claude-flow/codex/tests/generators.test.ts[2m > [22mgenerateAgentsMd[2m > [22mdefault template[2m > [22mshould include built-in skill descriptions
 [32mΓ£ô[39m v3/@claude-flow/codex/tests/generators.test.ts[2m > [22mgenerateAgentsMd[2m > [22mdefault template[2m > [22mshould include commit message format
 [32mΓ£ô[39m v3/@claude-flow/codex/tests/generators.test.ts[2m > [22mgenerateAgentsMd[2m > [22mfull template[2m > [22mshould include performance targets
 [32mΓ£ô[39m v3/@claude-flow/codex/tests/generators.test.ts[2m > [22mgenerateAgentsMd[2m > [22mfull template[2m > [22mshould include testing section
 [32mΓ£ô[39m v3/@claude-flow/codex/tests/generators.test.ts[2m > [22mgenerateAgentsMd[2m > [22mfull template[2m > [22mshould include MCP integration
 [32mΓ£ô[39m v3/@claude-flow/codex/tests/generators.test.ts[2m > [22mgenerateAgentsMd[2m > [22mfull template[2m > [22mshould include hooks system
 [32mΓ£ô[39m v3/@claude-flow/codex/tests/generators.test.ts[2m > [22mgenerateAgentsMd[2m > [22menterprise template[2m > [22mshould include governance section
 [32mΓ£ô[39m v3/@claude-flow/codex/tests/generators.test.ts[2m > [22mgenerateAgentsMd[2m > [22menterprise template[2m > [22mshould include compliance standards
 [32mΓ£ô[39m v3/@claude-flow/codex/tests/generators.test.ts[2m > [22mgenerateAgentsMd[2m > [22menterprise template[2m > [22mshould include incident response
 [32mΓ£ô[39m v3/@claude-flow/codex/tests/generators.test.ts[2m > [22mgenerateAgentsMd[2m > [22mtemplate fallback[2m > [22mshould use default template when no template specified
 [32mΓ£ô[39m v3/@claude-flow/codex/tests/generators.test.ts[2m > [22mgenerateAgentsMd[2m > [22mtemplate fallback[2m > [22mshould use default template for invalid template value
 [32mΓ£ô[39m v3/@claude-flow/codex/tests/generators.test.ts[2m > [22mgenerateSkillMd[2m > [22mbasic skill generation[2m > [22mshould generate valid YAML frontmatter
 [32mΓ£ô[39m v3/@claude-flow/codex/tests/generators.test.ts[2m > [22mgenerateSkillMd[2m > [22mbasic skill generation[2m > [22mshould include Purpose section
 [32mΓ£ô[39m v3/@claude-flow/codex/tests/generators.test.ts[2m > [22mgenerateSkillMd[2m > [22mbasic skill generation[2m > [22mshould include When to Trigger section
 [32mΓ£ô[39m v3/@claude-flow/codex/tests/generators.test.ts[2m > [22mgenerateSkillMd[2m > [22mbasic skill generation[2m > [22mshould include When to Skip section
 [32mΓ£ô[39m v3/@claude-flow/codex/tests/generators.test.ts[2m > [22mgenerateSkillMd[2m > [22mbasic skill generation[2m > [22mshould include Best Practices section
 [32mΓ£ô[39m v3/@claude-flow/codex/tests/generators.test.ts[2m > [22mgenerateSkillMd[2m > [22mskill with commands[2m > [22mshould generate Commands section
 [32mΓ£ô[39m v3/@claude-flow/codex/tests/generators.test.ts[2m > [22mgenerateSkillMd[2m > [22mskill with commands[2m > [22mshould include command examples
 [32mΓ£ô[39m v3/@claude-flow/codex/tests/generators.test.ts[2m > [22mgenerateSkillMd[2m > [22mskill with commands[2m > [22mshould handle multiple commands
 [32mΓ£ô[39m v3/@claude-flow/codex/tests/generators.test.ts[2m > [22mgenerateSkillMd[2m > [22mskill with scripts[2m > [22mshould generate Scripts section as table
 [32mΓ£ô[39m v3/@claude-flow/codex/tests/generators.test.ts[2m > [22mgenerateSkillMd[2m > [22mskill with references[2m > [22mshould generate References section as table
 [32mΓ£ô[39m v3/@claude-flow/codex/tests/generators.test.ts[2m > [22mgenerateSkillMd[2m > [22mskill name formatting[2m > [22mshould format kebab-case names to Title Case
 [32mΓ£ô[39m v3/@claude-flow/codex/tests/generators.test.ts[2m > [22mgenerateSkillMd[2m > [22mskill name formatting[2m > [22mshould handle single-word names
 [32mΓ£ô[39m v3/@claude-flow/codex/tests/generators.test.ts[2m > [22mgenerateBuiltInSkill[2m > [22mshould generate swarm-orchestration skill
 [32mΓ£ô[39m v3/@claude-flow/codex/tests/generators.test.ts[2m > [22mgenerateBuiltInSkill[2m > [22mshould generate memory-management skill
 [32mΓ£ô[39m v3/@claude-flow/codex/tests/generators.test.ts[2m > [22mgenerateBuiltInSkill[2m > [22mshould generate sparc-methodology skill
 [32mΓ£ô[39m v3/@claude-flow/codex/tests/generators.test.ts[2m > [22mgenerateBuiltInSkill[2m > [22mshould generate security-audit skill
 [32mΓ£ô[39m v3/@claude-flow/codex/tests/generators.test.ts[2m > [22mgenerateBuiltInSkill[2m > [22mshould generate performance-analysis skill
 [32mΓ£ô[39m v3/@claude-flow/codex/tests/generators.test.ts[2m > [22mgenerateBuiltInSkill[2m > [22mshould generate github-automation skill
 [32mΓ£ô[39m v3/@claude-flow/codex/tests/generators.test.ts[2m > [22mgenerateBuiltInSkill[2m > [22mshould throw for unknown skill
 [32mΓ£ô[39m v3/@claude-flow/codex/tests/generators.test.ts[2m > [22mgenerateBuiltInSkill[2m > [22mshould return generated scripts for skills with scripts
 [32mΓ£ô[39m v3/@claude-flow/codex/tests/generators.test.ts[2m > [22mgenerateBuiltInSkill[2m > [22mshould generate valid bash scripts
 [32mΓ£ô[39m v3/@claude-flow/codex/tests/generators.test.ts[2m > [22mgenerateConfigToml[2m > [22mdefault configuration[2m > [22mshould generate valid TOML with header
 [32mΓ£ô[39m v3/@claude-flow/codex/tests/generators.test.ts[2m > [22mgenerateConfigToml[2m > [22mdefault configuration[2m > [22mshould include core settings section
 [32mΓ£ô[39m v3/@claude-flow/codex/tests/generators.test.ts[2m > [22mgenerateConfigToml[2m > [22mdefault configuration[2m > [22mshould include project documentation settings
 [32mΓ£ô[39m v3/@claude-flow/codex/tests/generators.test.ts[2m > [22mgenerateConfigToml[2m > [22mdefault configuration[2m > [22mshould include features section
 [32mΓ£ô[39m v3/@claude-flow/codex/tests/generators.test.ts[2m > [22mgenerateConfigToml[2m > [22mdefault configuration[2m > [22mshould include default claude-flow MCP server
 [32mΓ£ô[39m v3/@claude-flow/codex/tests/generators.test.ts[2m > [22mgenerateConfigToml[2m > [22mdefault configuration[2m > [22mshould include default profiles
 [32mΓ£ô[39m v3/@claude-flow/codex/tests/generators.test.ts[2m > [22mgenerateConfigToml[2m > [22mdefault configuration[2m > [22mshould include history section
 [32mΓ£ô[39m v3/@claude-flow/codex/tests/generators.test.ts[2m > [22mgenerateConfigToml[2m > [22mdefault configuration[2m > [22mshould include shell environment policy
 [32mΓ£ô[39m v3/@claude-flow/codex/tests/generators.test.ts[2m > [22mgenerateConfigToml[2m > [22mdefault configuration[2m > [22mshould include sandbox workspace settings
 [32mΓ£ô[39m v3/@claude-flow/codex/tests/generators.test.ts[2m > [22mgenerateConfigToml[2m > [22mcustom model and policies[2m > [22mshould accept custom model
 [32mΓ£ô[39m v3/@claude-flow/codex/tests/generators.test.ts[2m > [22mgenerateConfigToml[2m > [22mcustom model and policies[2m > [22mshould accept custom approval policy
 [32mΓ£ô[39m v3/@claude-flow/codex/tests/generators.test.ts[2m > [22mgenerateConfigToml[2m > [22mcustom model and policies[2m > [22mshould accept custom sandbox mode
 [32mΓ£ô[39m v3/@claude-flow/codex/tests/generators.test.ts[2m > [22mgenerateConfigToml[2m > [22mcustom model and policies[2m > [22mshould accept custom web search mode
 [32mΓ£ô[39m v3/@claude-flow/codex/tests/generators.test.ts[2m > [22mgenerateConfigToml[2m > [22mcustom features[2m > [22mshould allow disabling features
 [32mΓ£ô[39m v3/@claude-flow/codex/tests/generators.test.ts[2m > [22mgenerateConfigToml[2m > [22mMCP servers configuration[2m > [22mshould add custom MCP servers
 [32mΓ£ô[39m v3/@claude-flow/codex/tests/generators.test.ts[2m > [22mgenerateConfigToml[2m > [22mMCP servers configuration[2m > [22mshould add MCP server with environment variables
 [32mΓ£ô[39m v3/@claude-flow/codex/tests/generators.test.ts[2m > [22mgenerateConfigToml[2m > [22mMCP servers configuration[2m > [22mshould not duplicate claude-flow server if already specified
 [32mΓ£ô[39m v3/@claude-flow/codex/tests/generators.test.ts[2m > [22mgenerateConfigToml[2m > [22mskills configuration[2m > [22mshould add skill configurations
 [32mΓ£ô[39m v3/@claude-flow/codex/tests/generators.test.ts[2m > [22mgenerateConfigToml[2m > [22mcustom profiles[2m > [22mshould merge custom profiles with defaults
 [32mΓ£ô[39m v3/@claude-flow/codex/tests/generators.test.ts[2m > [22mgenerateConfigToml[2m > [22mhistory persistence[2m > [22mshould allow custom history persistence
 [32mΓ£ô[39m v3/@claude-flow/codex/tests/generators.test.ts[2m > [22mgenerateMinimalConfigToml[2m > [22mshould generate minimal config
 [32mΓ£ô[39m v3/@claude-flow/codex/tests/generators.test.ts[2m > [22mgenerateMinimalConfigToml[2m > [22mshould accept custom options
 [32mΓ£ô[39m v3/@claude-flow/codex/tests/generators.test.ts[2m > [22mgenerateMinimalConfigToml[2m > [22mshould be much shorter than full config
 [32mΓ£ô[39m v3/@claude-flow/codex/tests/generators.test.ts[2m > [22mgenerateCIConfigToml[2m > [22mshould generate CI-specific config
 [32mΓ£ô[39m v3/@claude-flow/codex/tests/generators.test.ts[2m > [22mgenerateCIConfigToml[2m > [22mshould disable shell snapshot for CI
 [32mΓ£ô[39m v3/@claude-flow/codex/tests/generators.test.ts[2m > [22mgenerateCIConfigToml[2m > [22mshould disable history persistence
 [32mΓ£ô[39m v3/@claude-flow/memory/src/auto-memory-bridge.test.ts[2m > [22mAutoMemoryBridge[2m > [22msyncToAutoMemory[2m > [22mshould not duplicate insights on repeated sync
 [32mΓ£ô[39m v3/@claude-flow/plugins/__tests__/ruvector-migrations.test.ts[2m > [22mRuVector Migrations[2m > [22mMigration Rollback[2m > [22mshould rollback to a specific version
 [32mΓ£ô[39m v3/@claude-flow/memory/src/auto-memory-bridge.test.ts[2m > [22mAutoMemoryBridge[2m > [22msyncToAutoMemory[2m > [22mshould clear the insight buffer after sync
 [32mΓ£ô[39m v3/@claude-flow/memory/src/auto-memory-bridge.test.ts[2m > [22mAutoMemoryBridge[2m > [22msyncToAutoMemory[2m > [22mshould skip AgentDB entries already synced from the buffer
 [32mΓ£ô[39m v3/@claude-flow/memory/src/auto-memory-bridge.test.ts[2m > [22mAutoMemoryBridge[2m > [22mimportFromAutoMemory[2m > [22mshould import entries from existing markdown files
 [32mΓ£ô[39m v3/@claude-flow/memory/src/auto-memory-bridge.test.ts[2m > [22mAutoMemoryBridge[2m > [22mimportFromAutoMemory[2m > [22mshould skip entries already in AgentDB
 [32mΓ£ô[39m v3/@claude-flow/memory/src/auto-memory-bridge.test.ts[2m > [22mAutoMemoryBridge[2m > [22mimportFromAutoMemory[2m > [22mshould return zero imported for non-existent directory
 [32mΓ£ô[39m v3/@claude-flow/memory/src/auto-memory-bridge.test.ts[2m > [22mAutoMemoryBridge[2m > [22mimportFromAutoMemory[2m > [22mshould batch imports with bulkInsert
 [32mΓ£ô[39m v3/@claude-flow/memory/src/auto-memory-bridge.test.ts[2m > [22mAutoMemoryBridge[2m > [22mcurateIndex[2m > [22mshould generate MEMORY.md from topic files
 [32mΓ£ô[39m v3/@claude-flow/plugins/__tests__/ruvector-migrations.test.ts[2m > [22mRuVector Migrations[2m > [22mMigration Rollback[2m > [22mshould rollback all migrations on reset
 [32mΓ£ô[39m v3/@claude-flow/memory/src/auto-memory-bridge.test.ts[2m > [22mAutoMemoryBridge[2m > [22mcurateIndex[2m > [22mshould stay under maxIndexLines
 [32mΓ£ô[39m v3/@claude-flow/memory/src/auto-memory-bridge.test.ts[2m > [22mAutoMemoryBridge[2m > [22mcurateIndex[2m > [22mshould strip metadata from summaries in the index
 [32mΓ£ô[39m v3/plugins/agentic-qe/__tests__/tools/chaos-inject.test.ts[2m > [22mChaosInjectTool[2m > [22minput validation[2m > [22mshould require target
 [32mΓ£ô[39m v3/plugins/agentic-qe/__tests__/tools/chaos-inject.test.ts[2m > [22mChaosInjectTool[2m > [22minput validation[2m > [22mshould require failureType
 [32mΓ£ô[39m v3/plugins/agentic-qe/__tests__/tools/chaos-inject.test.ts[2m > [22mChaosInjectTool[2m > [22minput validation[2m > [22mshould validate failureType
 [32mΓ£ô[39m v3/plugins/agentic-qe/__tests__/tools/chaos-inject.test.ts[2m > [22mChaosInjectTool[2m > [22minput validation[2m > [22mshould validate duration minimum
 [32mΓ£ô[39m v3/plugins/agentic-qe/__tests__/tools/chaos-inject.test.ts[2m > [22mChaosInjectTool[2m > [22minput validation[2m > [22mshould validate duration maximum
 [32mΓ£ô[39m v3/plugins/agentic-qe/__tests__/tools/chaos-inject.test.ts[2m > [22mChaosInjectTool[2m > [22minput validation[2m > [22mshould validate intensity range
 [32mΓ£ô[39m v3/plugins/agentic-qe/__tests__/tools/chaos-inject.test.ts[2m > [22mChaosInjectTool[2m > [22minput validation[2m > [22mshould require test in target name for non-dryRun
 [32mΓ£ô[39m v3/plugins/agentic-qe/__tests__/tools/chaos-inject.test.ts[2m > [22mChaosInjectTool[2m > [22mdry run mode (default)[2m > [22mshould default to dryRun mode
 [32mΓ£ô[39m v3/plugins/agentic-qe/__tests__/tools/chaos-inject.test.ts[2m > [22mChaosInjectTool[2m > [22mdry run mode (default)[2m > [22mshould complete simulation immediately
 [32mΓ£ô[39m v3/plugins/agentic-qe/__tests__/tools/chaos-inject.test.ts[2m > [22mChaosInjectTool[2m > [22mdry run mode (default)[2m > [22mshould include simulation details
 [32mΓ£ô[39m v3/plugins/agentic-qe/__tests__/tools/chaos-inject.test.ts[2m > [22mChaosInjectTool[2m > [22mdry run mode (default)[2m > [22mshould generate simulated metrics
 [32mΓ£ô[39m v3/plugins/agentic-qe/__tests__/tools/chaos-inject.test.ts[2m > [22mChaosInjectTool[2m > [22mfailure types[2m > [22mshould handle network-latency failure type
 [32mΓ£ô[39m v3/plugins/agentic-qe/__tests__/tools/chaos-inject.test.ts[2m > [22mChaosInjectTool[2m > [22mfailure types[2m > [22mshould handle network-partition failure type
 [32mΓ£ô[39m v3/plugins/agentic-qe/__tests__/tools/chaos-inject.test.ts[2m > [22mChaosInjectTool[2m > [22mfailure types[2m > [22mshould handle network-packet-loss failure type
 [32mΓ£ô[39m v3/plugins/agentic-qe/__tests__/tools/chaos-inject.test.ts[2m > [22mChaosInjectTool[2m > [22mfailure types[2m > [22mshould handle cpu-stress failure type
 [32mΓ£ô[39m v3/plugins/agentic-qe/__tests__/tools/chaos-inject.test.ts[2m > [22mChaosInjectTool[2m > [22mfailure types[2m > [22mshould handle memory-pressure failure type
 [32mΓ£ô[39m v3/plugins/agentic-qe/__tests__/tools/chaos-inject.test.ts[2m > [22mChaosInjectTool[2m > [22mfailure types[2m > [22mshould handle disk-fill failure type
 [32mΓ£ô[39m v3/plugins/agentic-qe/__tests__/tools/chaos-inject.test.ts[2m > [22mChaosInjectTool[2m > [22mfailure types[2m > [22mshould handle process-kill failure type
 [32mΓ£ô[39m v3/plugins/agentic-qe/__tests__/tools/chaos-inject.test.ts[2m > [22mChaosInjectTool[2m > [22mfailure types[2m > [22mshould handle dns-failure failure type
 [32mΓ£ô[39m v3/plugins/agentic-qe/__tests__/tools/chaos-inject.test.ts[2m > [22mChaosInjectTool[2m > [22mfailure types[2m > [22mshould handle http-error failure type
 [32mΓ£ô[39m v3/plugins/agentic-qe/__tests__/tools/chaos-inject.test.ts[2m > [22mChaosInjectTool[2m > [22mfailure types[2m > [22mshould handle timeout failure type
 [32mΓ£ô[39m v3/plugins/agentic-qe/__tests__/tools/chaos-inject.test.ts[2m > [22mChaosInjectTool[2m > [22mexperiment creation[2m > [22mshould generate unique experiment ID
 [32mΓ£ô[39m v3/plugins/agentic-qe/__tests__/tools/chaos-inject.test.ts[2m > [22mChaosInjectTool[2m > [22mexperiment creation[2m > [22mshould use default duration of 30 seconds
 [32mΓ£ô[39m v3/plugins/agentic-qe/__tests__/tools/chaos-inject.test.ts[2m > [22mChaosInjectTool[2m > [22mexperiment creation[2m > [22mshould use default intensity of 0.5
 [32mΓ£ô[39m v3/plugins/agentic-qe/__tests__/tools/chaos-inject.test.ts[2m > [22mChaosInjectTool[2m > [22mexperiment creation[2m > [22mshould use specified duration
 [32mΓ£ô[39m v3/plugins/agentic-qe/__tests__/tools/chaos-inject.test.ts[2m > [22mChaosInjectTool[2m > [22mexperiment creation[2m > [22mshould use specified intensity
 [32mΓ£ô[39m v3/plugins/agentic-qe/__tests__/tools/chaos-inject.test.ts[2m > [22mChaosInjectTool[2m > [22mimpact assessment[2m > [22mshould list affected services
 [32mΓ£ô[39m v3/plugins/agentic-qe/__tests__/tools/chaos-inject.test.ts[2m > [22mChaosInjectTool[2m > [22mimpact assessment[2m > [22mshould include dependent services for network-partition
 [32mΓ£ô[39m v3/plugins/agentic-qe/__tests__/tools/chaos-inject.test.ts[2m > [22mChaosInjectTool[2m > [22mimpact assessment[2m > [22mshould estimate downtime
 [32mΓ£ô[39m v3/plugins/agentic-qe/__tests__/tools/chaos-inject.test.ts[2m > [22mChaosInjectTool[2m > [22mimpact assessment[2m > [22mshould calculate risk level based on intensity
 [32mΓ£ô[39m v3/plugins/agentic-qe/__tests__/tools/chaos-inject.test.ts[2m > [22mChaosInjectTool[2m > [22mimpact assessment[2m > [22mshould consider failure type in risk assessment
 [32mΓ£ô[39m v3/plugins/agentic-qe/__tests__/tools/chaos-inject.test.ts[2m > [22mChaosInjectTool[2m > [22mmetrics simulation[2m > [22mshould show degraded metrics during experiment
 [32mΓ£ô[39m v3/plugins/agentic-qe/__tests__/tools/chaos-inject.test.ts[2m > [22mChaosInjectTool[2m > [22mmetrics simulation[2m > [22mshould show recovery in post-experiment metrics
 [32mΓ£ô[39m v3/plugins/agentic-qe/__tests__/tools/chaos-inject.test.ts[2m > [22mChaosInjectTool[2m > [22mmetrics simulation[2m > [22mshould scale impact with intensity
 [32mΓ£ô[39m v3/plugins/agentic-qe/__tests__/tools/chaos-inject.test.ts[2m > [22mChaosInjectTool[2m > [22mrecovery steps[2m > [22mshould include common recovery steps
 [32mΓ£ô[39m v3/plugins/agentic-qe/__tests__/tools/chaos-inject.test.ts[2m > [22mChaosInjectTool[2m > [22mrecovery steps[2m > [22mshould include failure-type specific steps
 [32mΓ£ô[39m v3/plugins/agentic-qe/__tests__/tools/chaos-inject.test.ts[2m > [22mChaosInjectTool Safety[2m > [22mshould always default to dry run
 [32mΓ£ô[39m v3/plugins/agentic-qe/__tests__/tools/chaos-inject.test.ts[2m > [22mChaosInjectTool Safety[2m > [22mshould prevent non-test targets in live mode
 [32mΓ£ô[39m v3/plugins/agentic-qe/__tests__/tools/chaos-inject.test.ts[2m > [22mChaosInjectTool Safety[2m > [22mshould allow test targets in live mode
 [32mΓ£ô[39m v3/plugins/agentic-qe/__tests__/tools/chaos-inject.test.ts[2m > [22mChaosInjectTool Safety[2m > [22mshould limit maximum duration
 [32mΓ£ô[39m v3/plugins/agentic-qe/__tests__/tools/chaos-inject.test.ts[2m > [22mChaosInjectTool Experiment Management[2m > [22mshould track active experiments in live mode
 [32mΓ£ô[39m v3/plugins/agentic-qe/__tests__/tools/chaos-inject.test.ts[2m > [22mChaosInjectTool Experiment Management[2m > [22mshould stop active experiment
 [32mΓ£ô[39m v3/plugins/agentic-qe/__tests__/tools/chaos-inject.test.ts[2m > [22mChaosInjectTool Experiment Management[2m > [22mshould return false when stopping non-existent experiment
 [32mΓ£ô[39m v3/@claude-flow/memory/src/auto-memory-bridge.test.ts[2m > [22mAutoMemoryBridge[2m > [22mcurateIndex[2m > [22mshould handle pruneStrategy=fifo by removing oldest entries
 [32mΓ£ô[39m v3/@claude-flow/memory/src/auto-memory-bridge.test.ts[2m > [22mAutoMemoryBridge[2m > [22mcurateIndex[2m > [22mshould not overwrite hand-curated MEMORY.md when no topic files match (#1556)
 [32mΓ£ô[39m v3/@claude-flow/memory/src/auto-memory-bridge.test.ts[2m > [22mAutoMemoryBridge[2m > [22mgetStatus[2m > [22mshould report status for existing directory
 [32mΓ£ô[39m v3/@claude-flow/memory/src/auto-memory-bridge.test.ts[2m > [22mAutoMemoryBridge[2m > [22mgetStatus[2m > [22mshould report status for non-existent directory
 [32mΓ£ô[39m v3/@claude-flow/memory/src/auto-memory-bridge.test.ts[2m > [22mAutoMemoryBridge[2m > [22mgetStatus[2m > [22mshould count buffered insights
 [32mΓ£ô[39m v3/@claude-flow/memory/src/auto-memory-bridge.test.ts[2m > [22mAutoMemoryBridge[2m > [22mgetStatus[2m > [22mshould report lastSyncTime after sync
 [32mΓ£ô[39m v3/@claude-flow/memory/src/auto-memory-bridge.test.ts[2m > [22mAutoMemoryBridge[2m > [22mrecordInsight - key uniqueness[2m > [22mshould generate unique keys for rapid sequential inserts
 [32mΓ£ô[39m v3/@claude-flow/plugins/__tests__/ruvector-migrations.test.ts[2m > [22mRuVector Migrations[2m > [22mMigration Rollback[2m > [22mshould handle rollback of never-applied migration
 [32mΓ£ô[39m v3/@claude-flow/memory/src/auto-memory-bridge.test.ts[2m > [22mAutoMemoryBridge[2m > [22msyncToAutoMemory - error handling[2m > [22mshould emit sync:failed on backend query error
 [32mΓ£ô[39m v3/@claude-flow/memory/src/auto-memory-bridge.test.ts[2m > [22mAutoMemoryBridge[2m > [22msyncToAutoMemory - error handling[2m > [22mshould report errors for individual insight write failures
 [32mΓ£ô[39m v3/@claude-flow/memory/src/auto-memory-bridge.test.ts[2m > [22mAutoMemoryBridge[2m > [22msyncToAutoMemory - append to existing topic file[2m > [22mshould append new insight to existing topic file
 [32mΓ£ô[39m v3/@claude-flow/memory/src/auto-memory-bridge.test.ts[2m > [22mAutoMemoryBridge[2m > [22msyncToAutoMemory - append to existing topic file[2m > [22mshould prune topic file when it exceeds maxTopicFileLines
 [32mΓ£ô[39m v3/@claude-flow/plugins/__tests__/ruvector-migrations.test.ts[2m > [22mRuVector Migrations[2m > [22mMigration Rollback[2m > [22mshould track affected tables during rollback
 [32mΓ£ô[39m v3/@claude-flow/cli/__tests__/memory-ruvector-deep.test.ts[2m > [22mRegistry API[2m > [22mshould accept valid item IDs with scopes[33m 762[2mms[22m[39m
 [32mΓ£ô[39m v3/@claude-flow/cli/__tests__/memory-ruvector-deep.test.ts[2m > [22mRegistry API[2m > [22mshould validate bulk rating IDs
 [32mΓ£ô[39m v3/@claude-flow/memory/src/auto-memory-bridge.test.ts[2m > [22mAutoMemoryBridge[2m > [22msyncToAutoMemory - classifyEntry coverage[2m > [22mshould classify by metadata category when present
 [32mΓ£ô[39m v3/@claude-flow/memory/src/auto-memory-bridge.test.ts[2m > [22mAutoMemoryBridge[2m > [22msyncToAutoMemory - classifyEntry coverage[2m > [22mshould classify by tags when metadata category is absent
 [32mΓ£ô[39m v3/@claude-flow/plugins/__tests__/ruvector-migrations.test.ts[2m > [22mRuVector Migrations[2m > [22mPartial Failure Handling[2m > [22mshould stop on migration failure
 [32mΓ£ô[39m v3/@claude-flow/memory/src/auto-memory-bridge.test.ts[2m > [22mAutoMemoryBridge[2m > [22msyncToAutoMemory - classifyEntry coverage[2m > [22mshould default to project-patterns for unclassifiable entries
 [32mΓ£ô[39m v3/@claude-flow/memory/src/auto-memory-bridge.test.ts[2m > [22mAutoMemoryBridge[2m > [22msyncToAutoMemory - classifyEntry coverage[2m > [22mshould classify debugging tags correctly
 [32mΓ£ô[39m v3/@claude-flow/guidance/tests/evolution.test.ts[2m > [22mEvolutionPipeline[2m > [22mpropose[2m > [22mshould create a signed proposal with a UUID
 [32mΓ£ô[39m v3/@claude-flow/guidance/tests/evolution.test.ts[2m > [22mEvolutionPipeline[2m > [22mpropose[2m > [22mshould produce a valid HMAC-SHA256 signature
 [32mΓ£ô[39m v3/@claude-flow/guidance/tests/evolution.test.ts[2m > [22mEvolutionPipeline[2m > [22mpropose[2m > [22mshould set status to signed after creation
 [32mΓ£ô[39m v3/@claude-flow/guidance/tests/evolution.test.ts[2m > [22mEvolutionPipeline[2m > [22mpropose[2m > [22mshould preserve all proposal fields
 [32mΓ£ô[39m v3/@claude-flow/guidance/tests/evolution.test.ts[2m > [22mEvolutionPipeline[2m > [22mpropose[2m > [22mshould produce different signatures for different proposals
 [32mΓ£ô[39m v3/@claude-flow/guidance/tests/evolution.test.ts[2m > [22mEvolutionPipeline[2m > [22mpropose[2m > [22mshould store the proposal for later retrieval
 [32mΓ£ô[39m v3/@claude-flow/guidance/tests/evolution.test.ts[2m > [22mEvolutionPipeline[2m > [22msimulate[2m > [22mshould compute zero divergence for identical evaluators
 [32mΓ£ô[39m v3/@claude-flow/guidance/tests/evolution.test.ts[2m > [22mEvolutionPipeline[2m > [22msimulate[2m > [22mshould compute non-zero divergence when decisions differ
 [32mΓ£ô[39m v3/@claude-flow/guidance/tests/evolution.test.ts[2m > [22mEvolutionPipeline[2m > [22msimulate[2m > [22mshould include baseline and candidate trace hashes
 [32mΓ£ô[39m v3/@claude-flow/guidance/tests/evolution.test.ts[2m > [22mEvolutionPipeline[2m > [22msimulate[2m > [22mshould aggregate metrics from all traces
 [32mΓ£ô[39m v3/@claude-flow/guidance/tests/evolution.test.ts[2m > [22mEvolutionPipeline[2m > [22msimulate[2m > [22mshould set proposal status to simulating during evaluation
 [32mΓ£ô[39m v3/@claude-flow/guidance/tests/evolution.test.ts[2m > [22mEvolutionPipeline[2m > [22msimulate[2m > [22mshould throw for unknown proposal
 [32mΓ£ô[39m v3/@claude-flow/guidance/tests/evolution.test.ts[2m > [22mEvolutionPipeline[2m > [22mcompare[2m > [22mshould approve low-divergence changes
 [32mΓ£ô[39m v3/@claude-flow/guidance/tests/evolution.test.ts[2m > [22mEvolutionPipeline[2m > [22mcompare[2m > [22mshould reject high-divergence changes
 [32mΓ£ô[39m v3/@claude-flow/guidance/tests/evolution.test.ts[2m > [22mEvolutionPipeline[2m > [22mcompare[2m > [22mshould reject changes with significant metric regressions
 [32mΓ£ô[39m v3/@claude-flow/guidance/tests/evolution.test.ts[2m > [22mEvolutionPipeline[2m > [22mcompare[2m > [22mshould set proposal status to compared on approval
 [32mΓ£ô[39m v3/@claude-flow/guidance/tests/evolution.test.ts[2m > [22mEvolutionPipeline[2m > [22mcompare[2m > [22mshould set proposal status to rejected on rejection
 [32mΓ£ô[39m v3/@claude-flow/guidance/tests/evolution.test.ts[2m > [22mEvolutionPipeline[2m > [22mstage[2m > [22mshould create a staged rollout plan with default stages
 [32mΓ£ô[39m v3/@claude-flow/guidance/tests/evolution.test.ts[2m > [22mEvolutionPipeline[2m > [22mstage[2m > [22mshould start the first stage immediately
 [32mΓ£ô[39m v3/@claude-flow/guidance/tests/evolution.test.ts[2m > [22mEvolutionPipeline[2m > [22mstage[2m > [22mshould set proposal status to staged
 [32mΓ£ô[39m v3/@claude-flow/guidance/tests/evolution.test.ts[2m > [22mEvolutionPipeline[2m > [22mstage[2m > [22mshould use custom stages when provided
 [32mΓ£ô[39m v3/@claude-flow/guidance/tests/evolution.test.ts[2m > [22mEvolutionPipeline[2m > [22mstage[2m > [22mshould store rollout for later retrieval
 [32mΓ£ô[39m v3/@claude-flow/guidance/tests/evolution.test.ts[2m > [22mEvolutionPipeline[2m > [22madvanceStage[2m > [22mshould progress to the next stage when metrics pass
 [32mΓ£ô[39m v3/@claude-flow/guidance/tests/evolution.test.ts[2m > [22mEvolutionPipeline[2m > [22madvanceStage[2m > [22mshould auto-rollback when divergence exceeds threshold
 [32mΓ£ô[39m v3/@claude-flow/guidance/tests/evolution.test.ts[2m > [22mEvolutionPipeline[2m > [22madvanceStage[2m > [22mshould promote after all stages pass
 [32mΓ£ô[39m v3/@claude-flow/guidance/tests/evolution.test.ts[2m > [22mEvolutionPipeline[2m > [22madvanceStage[2m > [22mshould record metrics on the current stage
 [32mΓ£ô[39m v3/@claude-flow/guidance/tests/evolution.test.ts[2m > [22mEvolutionPipeline[2m > [22madvanceStage[2m > [22mshould reject advance on non-in-progress rollout
 [32mΓ£ô[39m v3/@claude-flow/guidance/tests/evolution.test.ts[2m > [22mEvolutionPipeline[2m > [22mrollback[2m > [22mshould mark rollout as rolled-back
 [32mΓ£ô[39m v3/@claude-flow/guidance/tests/evolution.test.ts[2m > [22mEvolutionPipeline[2m > [22mrollback[2m > [22mshould mark the proposal as rolled-back
 [32mΓ£ô[39m v3/@claude-flow/guidance/tests/evolution.test.ts[2m > [22mEvolutionPipeline[2m > [22mrollback[2m > [22mshould throw for unknown rollout
 [32mΓ£ô[39m v3/@claude-flow/guidance/tests/evolution.test.ts[2m > [22mEvolutionPipeline[2m > [22mpromote[2m > [22mshould mark rollout as completed
 [32mΓ£ô[39m v3/@claude-flow/guidance/tests/evolution.test.ts[2m > [22mEvolutionPipeline[2m > [22mpromote[2m > [22mshould mark proposal as promoted
 [32mΓ£ô[39m v3/@claude-flow/guidance/tests/evolution.test.ts[2m > [22mEvolutionPipeline[2m > [22mpromote[2m > [22mshould throw for unknown rollout
 [32mΓ£ô[39m v3/@claude-flow/guidance/tests/evolution.test.ts[2m > [22mEvolutionPipeline[2m > [22mgetProposals[2m > [22mshould return all proposals when no filter is given
 [32mΓ£ô[39m v3/@claude-flow/guidance/tests/evolution.test.ts[2m > [22mEvolutionPipeline[2m > [22mgetProposals[2m > [22mshould filter proposals by status
 [32mΓ£ô[39m v3/@claude-flow/guidance/tests/evolution.test.ts[2m > [22mEvolutionPipeline[2m > [22mgetHistory[2m > [22mshould return empty history for fresh pipeline
 [32mΓ£ô[39m v3/@claude-flow/guidance/tests/evolution.test.ts[2m > [22mEvolutionPipeline[2m > [22mgetHistory[2m > [22mshould return full timeline for a proposal through all stages
 [32mΓ£ô[39m v3/@claude-flow/guidance/tests/evolution.test.ts[2m > [22mEvolutionPipeline[2m > [22mgetHistory[2m > [22mshould include proposals without simulations or rollouts
 [32mΓ£ô[39m v3/@claude-flow/guidance/tests/evolution.test.ts[2m > [22mEvolutionPipeline[2m > [22mgetHistory[2m > [22mshould track multiple proposals independently
 [32mΓ£ô[39m v3/@claude-flow/guidance/tests/evolution.test.ts[2m > [22mEvolutionPipeline[2m > [22mcreateEvolutionPipeline[2m > [22mshould throw when no signingKey is provided
 [32mΓ£ô[39m v3/@claude-flow/guidance/tests/evolution.test.ts[2m > [22mEvolutionPipeline[2m > [22mcreateEvolutionPipeline[2m > [22mshould create a pipeline with an explicit signing key
 [32mΓ£ô[39m v3/@claude-flow/guidance/tests/evolution.test.ts[2m > [22mEvolutionPipeline[2m > [22mcreateEvolutionPipeline[2m > [22mshould create a pipeline with custom config
 [32mΓ£ô[39m v3/@claude-flow/guidance/tests/evolution.test.ts[2m > [22mEvolutionPipeline[2m > [22mend-to-end lifecycle[2m > [22mshould handle propose -> simulate -> compare -> stage -> advance -> promote
 [32mΓ£ô[39m v3/@claude-flow/guidance/tests/evolution.test.ts[2m > [22mEvolutionPipeline[2m > [22mend-to-end lifecycle[2m > [22mshould handle propose -> simulate -> compare(reject) flow
 [32mΓ£ô[39m v3/@claude-flow/memory/src/auto-memory-bridge.test.ts[2m > [22mAutoMemoryBridge[2m > [22msyncToAutoMemory - classifyEntry coverage[2m > [22mshould classify swarm/agent tags correctly
 [32mΓ£ô[39m v3/@claude-flow/memory/src/auto-memory-bridge.test.ts[2m > [22mAutoMemoryBridge[2m > [22mimportFromAutoMemory - edge cases[2m > [22mshould emit import:completed event
 [32mΓ£ô[39m v3/@claude-flow/memory/src/auto-memory-bridge.test.ts[2m > [22mAutoMemoryBridge[2m > [22mimportFromAutoMemory - edge cases[2m > [22mshould handle files with no ## headings
 [32mΓ£ô[39m v3/@claude-flow/memory/src/auto-memory-bridge.test.ts[2m > [22mAutoMemoryBridge[2m > [22mcurateIndex - edge cases[2m > [22mshould skip index write when topic files have no extractable summaries
 [32mΓ£ô[39m v3/@claude-flow/memory/src/auto-memory-bridge.test.ts[2m > [22mAutoMemoryBridge[2m > [22mcurateIndex - edge cases[2m > [22mshould emit index:curated event
 [32mΓ£ô[39m v3/@claude-flow/memory/src/auto-memory-bridge.test.ts[2m > [22mAutoMemoryBridge[2m > [22mcurateIndex - edge cases[2m > [22mshould handle pruneStrategy=lru same as fifo
 [32mΓ£ô[39m v3/@claude-flow/memory/src/auto-memory-bridge.test.ts[2m > [22mAutoMemoryBridge[2m > [22mdestroy[2m > [22mshould clean up periodic sync timer
 [32mΓ£ô[39m v3/@claude-flow/memory/src/auto-memory-bridge.test.ts[2m > [22mAutoMemoryBridge[2m > [22mdestroy[2m > [22mshould remove all listeners
 [32mΓ£ô[39m v3/@claude-flow/plugins/__tests__/ruvector-migrations.test.ts[2m > [22mRuVector Migrations[2m > [22mPartial Failure Handling[2m > [22mshould record failure in history
 [32mΓ£ô[39m v3/@claude-flow/plugins/__tests__/ruvector-migrations.test.ts[2m > [22mRuVector Migrations[2m > [22mPartial Failure Handling[2m > [22mshould not apply subsequent migrations after failure
 [32mΓ£ô[39m v3/@claude-flow/plugins/__tests__/ruvector-migrations.test.ts[2m > [22mRuVector Migrations[2m > [22mPartial Failure Handling[2m > [22mshould handle rollback failure
 [32mΓ£ô[39m v3/@claude-flow/plugins/__tests__/ruvector-streaming.test.ts[2m > [22mRuVector Streaming[2m > [22mStreaming Search Results[2m > [22mshould stream large result sets[33m 1350[2mms[22m[39m
 [32mΓ£ô[39m v3/@claude-flow/plugins/__tests__/ruvector-migrations.test.ts[2m > [22mRuVector Migrations[2m > [22mPartial Failure Handling[2m > [22mshould provide error details on failure
 [32mΓ£ô[39m v3/@claude-flow/plugins/__tests__/ruvector-migrations.test.ts[2m > [22mRuVector Migrations[2m > [22mMigration Locking[2m > [22mshould acquire lock during migration
 [32mΓ£ô[39m v3/@claude-flow/plugins/__tests__/ruvector-migrations.test.ts[2m > [22mRuVector Migrations[2m > [22mMigration Locking[2m > [22mshould prevent concurrent migrations
 [32mΓ£ô[39m v3/plugins/gastown-bridge/tests/types.test.ts[2m > [22mBeadSchema[2m > [22mvalid beads[2m > [22mshould accept minimal valid bead
 [32mΓ£ô[39m v3/plugins/gastown-bridge/tests/types.test.ts[2m > [22mBeadSchema[2m > [22mvalid beads[2m > [22mshould accept full bead with all fields
 [32mΓ£ô[39m v3/plugins/gastown-bridge/tests/types.test.ts[2m > [22mBeadSchema[2m > [22mvalid beads[2m > [22mshould accept Date objects for timestamps
 [32mΓ£ô[39m v3/plugins/gastown-bridge/tests/types.test.ts[2m > [22mBeadSchema[2m > [22mvalid beads[2m > [22mshould apply default values
 [32mΓ£ô[39m v3/plugins/gastown-bridge/tests/types.test.ts[2m > [22mBeadSchema[2m > [22minvalid beads[2m > [22mshould reject empty id
 [32mΓ£ô[39m v3/plugins/gastown-bridge/tests/types.test.ts[2m > [22mBeadSchema[2m > [22minvalid beads[2m > [22mshould reject empty title
 [32mΓ£ô[39m v3/plugins/gastown-bridge/tests/types.test.ts[2m > [22mBeadSchema[2m > [22minvalid beads[2m > [22mshould reject title exceeding max length
 [32mΓ£ô[39m v3/plugins/gastown-bridge/tests/types.test.ts[2m > [22mBeadSchema[2m > [22minvalid beads[2m > [22mshould reject invalid status
 [32mΓ£ô[39m v3/plugins/gastown-bridge/tests/types.test.ts[2m > [22mBeadSchema[2m > [22minvalid beads[2m > [22mshould reject invalid priority
 [32mΓ£ô[39m v3/plugins/gastown-bridge/tests/types.test.ts[2m > [22mBeadSchema[2m > [22minvalid beads[2m > [22mshould reject negative priority
 [32mΓ£ô[39m v3/plugins/gastown-bridge/tests/types.test.ts[2m > [22mBeadSchema[2m > [22minvalid beads[2m > [22mshould reject invalid datetime format
 [32mΓ£ô[39m v3/plugins/gastown-bridge/tests/types.test.ts[2m > [22mCreateBeadOptionsSchema[2m > [22mshould accept minimal create options
 [32mΓ£ô[39m v3/plugins/gastown-bridge/tests/types.test.ts[2m > [22mCreateBeadOptionsSchema[2m > [22mshould accept full create options
 [32mΓ£ô[39m v3/plugins/gastown-bridge/tests/types.test.ts[2m > [22mCreateBeadOptionsSchema[2m > [22mshould reject missing title
 [32mΓ£ô[39m v3/plugins/gastown-bridge/tests/types.test.ts[2m > [22mFormulaSchema[2m > [22mvalid formulas[2m > [22mshould accept workflow formula with steps
 [32mΓ£ô[39m v3/plugins/gastown-bridge/tests/types.test.ts[2m > [22mFormulaSchema[2m > [22mvalid formulas[2m > [22mshould accept convoy formula with legs
 [32mΓ£ô[39m v3/plugins/gastown-bridge/tests/types.test.ts[2m > [22mFormulaSchema[2m > [22mvalid formulas[2m > [22mshould accept expansion formula with templates
 [32mΓ£ô[39m v3/plugins/gastown-bridge/tests/types.test.ts[2m > [22mFormulaSchema[2m > [22mvalid formulas[2m > [22mshould accept aspect formula
 [32mΓ£ô[39m v3/plugins/gastown-bridge/tests/types.test.ts[2m > [22mFormulaSchema[2m > [22minvalid formulas[2m > [22mshould reject formula without name
 [32mΓ£ô[39m v3/plugins/gastown-bridge/tests/types.test.ts[2m > [22mFormulaSchema[2m > [22minvalid formulas[2m > [22mshould reject formula with invalid name format
 [32mΓ£ô[39m v3/plugins/gastown-bridge/tests/types.test.ts[2m > [22mFormulaSchema[2m > [22minvalid formulas[2m > [22mshould reject formula with special chars in name
 [32mΓ£ô[39m v3/plugins/gastown-bridge/tests/types.test.ts[2m > [22mFormulaSchema[2m > [22minvalid formulas[2m > [22mshould reject invalid formula type
 [32mΓ£ô[39m v3/plugins/gastown-bridge/tests/types.test.ts[2m > [22mFormulaSchema[2m > [22minvalid formulas[2m > [22mshould reject non-positive version
 [32mΓ£ô[39m v3/plugins/gastown-bridge/tests/types.test.ts[2m > [22mConvoySchema[2m > [22mvalid convoys[2m > [22mshould accept active convoy
 [32mΓ£ô[39m v3/plugins/gastown-bridge/tests/types.test.ts[2m > [22mConvoySchema[2m > [22mvalid convoys[2m > [22mshould accept completed convoy
 [32mΓ£ô[39m v3/plugins/gastown-bridge/tests/types.test.ts[2m > [22mConvoySchema[2m > [22mvalid convoys[2m > [22mshould apply default status
 [32mΓ£ô[39m v3/plugins/gastown-bridge/tests/types.test.ts[2m > [22mConvoySchema[2m > [22minvalid convoys[2m > [22mshould reject missing name
 [32mΓ£ô[39m v3/plugins/gastown-bridge/tests/types.test.ts[2m > [22mConvoySchema[2m > [22minvalid convoys[2m > [22mshould reject invalid status
 [32mΓ£ô[39m v3/plugins/gastown-bridge/tests/types.test.ts[2m > [22mConvoySchema[2m > [22minvalid convoys[2m > [22mshould reject negative progress counts
 [32mΓ£ô[39m v3/plugins/gastown-bridge/tests/types.test.ts[2m > [22mAgentSchema[2m > [22mvalid agents[2m > [22mshould accept mayor agent
 [32mΓ£ô[39m v3/plugins/gastown-bridge/tests/types.test.ts[2m > [22mAgentSchema[2m > [22mvalid agents[2m > [22mshould accept polecat with current work
 [32mΓ£ô[39m v3/plugins/gastown-bridge/tests/types.test.ts[2m > [22mAgentSchema[2m > [22mvalid agents[2m > [22mshould accept all valid roles
 [32mΓ£ô[39m v3/plugins/gastown-bridge/tests/types.test.ts[2m > [22mAgentSchema[2m > [22minvalid agents[2m > [22mshould reject invalid role
 [32mΓ£ô[39m v3/plugins/gastown-bridge/tests/types.test.ts[2m > [22mAgentSchema[2m > [22minvalid agents[2m > [22mshould reject invalid status
 [32mΓ£ô[39m v3/plugins/gastown-bridge/tests/types.test.ts[2m > [22mStepSchema[2m > [22mshould accept step with dependencies
 [32mΓ£ô[39m v3/plugins/gastown-bridge/tests/types.test.ts[2m > [22mStepSchema[2m > [22mshould accept step without dependencies
 [32mΓ£ô[39m v3/plugins/gastown-bridge/tests/types.test.ts[2m > [22mStepSchema[2m > [22mshould apply default description
 [32mΓ£ô[39m v3/plugins/gastown-bridge/tests/types.test.ts[2m > [22mStepSchema[2m > [22mshould reject missing id
 [32mΓ£ô[39m v3/plugins/gastown-bridge/tests/types.test.ts[2m > [22mCookedFormulaSchema[2m > [22mshould accept cooked formula with applied vars
 [32mΓ£ô[39m v3/plugins/gastown-bridge/tests/types.test.ts[2m > [22mCookedFormulaSchema[2m > [22mshould require cooked_at timestamp
 [32mΓ£ô[39m v3/plugins/gastown-bridge/tests/types.test.ts[2m > [22mCookedFormulaSchema[2m > [22mshould require vars_applied record
 [32mΓ£ô[39m v3/plugins/gastown-bridge/tests/types.test.ts[2m > [22mVarSchema[2m > [22mshould accept string variable
 [32mΓ£ô[39m v3/plugins/gastown-bridge/tests/types.test.ts[2m > [22mVarSchema[2m > [22mshould accept number variable
 [32mΓ£ô[39m v3/plugins/gastown-bridge/tests/types.test.ts[2m > [22mVarSchema[2m > [22mshould accept boolean variable
 [32mΓ£ô[39m v3/plugins/gastown-bridge/tests/types.test.ts[2m > [22mVarSchema[2m > [22mshould accept array variable
 [32mΓ£ô[39m v3/plugins/gastown-bridge/tests/types.test.ts[2m > [22mVarSchema[2m > [22mshould apply defaults
 [32mΓ£ô[39m v3/plugins/gastown-bridge/tests/types.test.ts[2m > [22mVarSchema[2m > [22mshould reject invalid type
 [32mΓ£ô[39m v3/plugins/gastown-bridge/tests/types.test.ts[2m > [22mEdge Cases[2m > [22municode handling[2m > [22mshould accept unicode in bead title
 [32mΓ£ô[39m v3/plugins/gastown-bridge/tests/types.test.ts[2m > [22mEdge Cases[2m > [22municode handling[2m > [22mshould accept emoji in labels
 [32mΓ£ô[39m v3/plugins/gastown-bridge/tests/types.test.ts[2m > [22mEdge Cases[2m > [22mboundary values[2m > [22mshould accept maximum length title
 [32mΓ£ô[39m v3/plugins/gastown-bridge/tests/types.test.ts[2m > [22mEdge Cases[2m > [22mboundary values[2m > [22mshould accept priority boundaries
 [32mΓ£ô[39m v3/plugins/gastown-bridge/tests/types.test.ts[2m > [22mEdge Cases[2m > [22mboundary values[2m > [22mshould accept maximum description length
 [32mΓ£ô[39m v3/plugins/gastown-bridge/tests/types.test.ts[2m > [22mEdge Cases[2m > [22mboundary values[2m > [22mshould reject description exceeding max
 [32mΓ£ô[39m v3/plugins/gastown-bridge/tests/types.test.ts[2m > [22mEdge Cases[2m > [22mempty arrays[2m > [22mshould accept empty labels array
 [32mΓ£ô[39m v3/plugins/gastown-bridge/tests/types.test.ts[2m > [22mEdge Cases[2m > [22mempty arrays[2m > [22mshould accept empty tracked_issues in convoy
TAP version 13
 [32mΓ£ô[39m v3/@claude-flow/guidance/tests/memory-gate.test.ts[2m > [22mMemoryWriteGate[2m > [22mauthority checks[2m > [22mshould allow a worker to write to an allowed namespace
 [32mΓ£ô[39m v3/@claude-flow/guidance/tests/memory-gate.test.ts[2m > [22mMemoryWriteGate[2m > [22mauthority checks[2m > [22mshould block a worker writing to a disallowed namespace
 [32mΓ£ô[39m v3/@claude-flow/guidance/tests/memory-gate.test.ts[2m > [22mMemoryWriteGate[2m > [22mauthority checks[2m > [22mshould block an observer from writing
 [32mΓ£ô[39m v3/@claude-flow/guidance/tests/memory-gate.test.ts[2m > [22mMemoryWriteGate[2m > [22mauthority checks[2m > [22mshould allow a queen to write to any namespace
 [32mΓ£ô[39m v3/@claude-flow/guidance/tests/memory-gate.test.ts[2m > [22mMemoryWriteGate[2m > [22mauthority checks[2m > [22mshould allow a coordinator to write to allowed namespaces
 [32mΓ£ô[39m v3/@claude-flow/guidance/tests/memory-gate.test.ts[2m > [22mMemoryWriteGate[2m > [22mauthority checks[2m > [22mshould block a coordinator writing to disallowed namespace
 [32mΓ£ô[39m v3/@claude-flow/guidance/tests/memory-gate.test.ts[2m > [22mMemoryWriteGate[2m > [22mrate limiting[2m > [22mshould allow writes within the rate limit
 [32mΓ£ô[39m v3/@claude-flow/guidance/tests/memory-gate.test.ts[2m > [22mMemoryWriteGate[2m > [22mrate limiting[2m > [22mshould block writes exceeding the rate limit
 [32mΓ£ô[39m v3/@claude-flow/guidance/tests/memory-gate.test.ts[2m > [22mMemoryWriteGate[2m > [22mrate limiting[2m > [22mshould track rate limits per agent independently
 [32mΓ£ô[39m v3/@claude-flow/guidance/tests/memory-gate.test.ts[2m > [22mMemoryWriteGate[2m > [22mrate limiting[2m > [22mshould report rate limit status
 [32mΓ£ô[39m v3/@claude-flow/guidance/tests/memory-gate.test.ts[2m > [22mMemoryWriteGate[2m > [22moverwrite permissions[2m > [22mshould allow overwrite when authority has canOverwrite
 [32mΓ£ô[39m v3/@claude-flow/guidance/tests/memory-gate.test.ts[2m > [22mMemoryWriteGate[2m > [22moverwrite permissions[2m > [22mshould block overwrite when authority lacks canOverwrite
 [32mΓ£ô[39m v3/@claude-flow/guidance/tests/memory-gate.test.ts[2m > [22mMemoryWriteGate[2m > [22moverwrite permissions[2m > [22mshould not flag as overwrite when key does not exist
 [32mΓ£ô[39m v3/@claude-flow/guidance/tests/memory-gate.test.ts[2m > [22mMemoryWriteGate[2m > [22moverwrite permissions[2m > [22mshould not flag as overwrite when existing entries is empty
 [32mΓ£ô[39m v3/@claude-flow/guidance/tests/memory-gate.test.ts[2m > [22mMemoryWriteGate[2m > [22mcontradiction detection[2m > [22mshould detect "must" vs "never" contradictions
 [32mΓ£ô[39m v3/@claude-flow/guidance/tests/memory-gate.test.ts[2m > [22mMemoryWriteGate[2m > [22mcontradiction detection[2m > [22mshould detect "always" vs "never" contradictions
 [32mΓ£ô[39m v3/@claude-flow/guidance/tests/memory-gate.test.ts[2m > [22mMemoryWriteGate[2m > [22mcontradiction detection[2m > [22mshould detect "require" vs "forbid" contradictions
 [32mΓ£ô[39m v3/@claude-flow/guidance/tests/memory-gate.test.ts[2m > [22mMemoryWriteGate[2m > [22mcontradiction detection[2m > [22mshould detect "enable" vs "disable" contradictions
 [32mΓ£ô[39m v3/@claude-flow/guidance/tests/memory-gate.test.ts[2m > [22mMemoryWriteGate[2m > [22mcontradiction detection[2m > [22mshould return empty when no contradictions exist
 [32mΓ£ô[39m v3/@claude-flow/guidance/tests/memory-gate.test.ts[2m > [22mMemoryWriteGate[2m > [22mcontradiction detection[2m > [22mshould include contradictions in write decision
 [32mΓ£ô[39m v3/@claude-flow/guidance/tests/memory-gate.test.ts[2m > [22mMemoryWriteGate[2m > [22mcontradiction detection[2m > [22mshould not detect contradictions when tracking is disabled
 [32mΓ£ô[39m v3/@claude-flow/guidance/tests/memory-gate.test.ts[2m > [22mMemoryWriteGate[2m > [22mcontradiction detection[2m > [22mshould detect contradictions across multiple existing entries
 [32mΓ£ô[39m v3/@claude-flow/guidance/tests/memory-gate.test.ts[2m > [22mMemoryWriteGate[2m > [22mTTL expiry[2m > [22mshould identify expired entries
 [32mΓ£ô[39m v3/@claude-flow/guidance/tests/memory-gate.test.ts[2m > [22mMemoryWriteGate[2m > [22mTTL expiry[2m > [22mshould return empty when no entries are expired
 [32mΓ£ô[39m v3/@claude-flow/guidance/tests/memory-gate.test.ts[2m > [22mMemoryWriteGate[2m > [22mTTL expiry[2m > [22mshould handle all entries expired
 [32mΓ£ô[39m v3/@claude-flow/guidance/tests/memory-gate.test.ts[2m > [22mMemoryWriteGate[2m > [22mconfidence decay[2m > [22mshould return full confidence when decayRate is 0
 [32mΓ£ô[39m v3/@claude-flow/guidance/tests/memory-gate.test.ts[2m > [22mMemoryWriteGate[2m > [22mconfidence decay[2m > [22mshould return 0 confidence when decayRate is 1
 [32mΓ£ô[39m v3/@claude-flow/guidance/tests/memory-gate.test.ts[2m > [22mMemoryWriteGate[2m > [22mconfidence decay[2m > [22mshould decay confidence over time
 [32mΓ£ô[39m v3/@claude-flow/guidance/tests/memory-gate.test.ts[2m > [22mMemoryWriteGate[2m > [22mconfidence decay[2m > [22mshould return near-full confidence for very recent entries
 [32mΓ£ô[39m v3/@claude-flow/guidance/tests/memory-gate.test.ts[2m > [22mMemoryWriteGate[2m > [22mconfidence decay[2m > [22mshould identify decayed entries below threshold
 [32mΓ£ô[39m v3/@claude-flow/guidance/tests/memory-gate.test.ts[2m > [22mMemoryWriteGate[2m > [22mlineage tracking[2m > [22mshould create entries with lineage via createMemoryEntry
 [32mΓ£ô[39m v3/@claude-flow/guidance/tests/memory-gate.test.ts[2m > [22mMemoryWriteGate[2m > [22mlineage tracking[2m > [22mshould default lineage operation to "create"
 [32mΓ£ô[39m v3/@claude-flow/guidance/tests/memory-gate.test.ts[2m > [22mMemoryWriteGate[2m > [22mlineage tracking[2m > [22mshould preserve lineage through entry creation
 [32mΓ£ô[39m v3/@claude-flow/guidance/tests/memory-gate.test.ts[2m > [22mMemoryWriteGate[2m > [22mcreateMemoryWriteGate[2m > [22mshould create a gate with default config
 [32mΓ£ô[39m v3/@claude-flow/guidance/tests/memory-gate.test.ts[2m > [22mMemoryWriteGate[2m > [22mcreateMemoryWriteGate[2m > [22mshould create a gate with custom config
 [32mΓ£ô[39m v3/@claude-flow/guidance/tests/memory-gate.test.ts[2m > [22mMemoryWriteGate[2m > [22mregisterAuthority[2m > [22mshould register and retrieve an authority
 [32mΓ£ô[39m v3/@claude-flow/guidance/tests/memory-gate.test.ts[2m > [22mMemoryWriteGate[2m > [22mregisterAuthority[2m > [22mshould update an existing authority
 [32mΓ£ô[39m v3/@claude-flow/guidance/tests/memory-gate.test.ts[2m > [22mMemoryWriteGate[2m > [22mregisterAuthority[2m > [22mshould return undefined for unknown agent
 [32mΓ£ô[39m v3/@claude-flow/guidance/tests/memory-gate.test.ts[2m > [22mMemoryWriteGate[2m > [22mresolveContradiction[2m > [22mshould store and retrieve a resolution
 [32mΓ£ô[39m v3/@claude-flow/guidance/tests/memory-gate.test.ts[2m > [22mMemoryWriteGate[2m > [22mresolveContradiction[2m > [22mshould return undefined for unresolved contradictions
 [32mΓ£ô[39m v3/@claude-flow/guidance/tests/memory-gate.test.ts[2m > [22mMemoryWriteGate[2m > [22mcreateMemoryEntry[2m > [22mshould create an entry with computed value hash
 [32mΓ£ô[39m v3/@claude-flow/guidance/tests/memory-gate.test.ts[2m > [22mMemoryWriteGate[2m > [22mcreateMemoryEntry[2m > [22mshould apply TTL and decay options
 [32mΓ£ô[39m v3/@claude-flow/guidance/tests/memory-gate.test.ts[2m > [22mMemoryWriteGate[2m > [22mcreateMemoryEntry[2m > [22mshould default to no TTL, no decay, full confidence
 [32mΓ£ô[39m v3/@claude-flow/guidance/tests/memory-gate.test.ts[2m > [22mMemoryWriteGate[2m > [22mcreateMemoryEntry[2m > [22mshould set timestamps close to now
 [32mΓ£ô[39m v3/@claude-flow/guidance/tests/memory-gate.test.ts[2m > [22mMemoryWriteGate[2m > [22mcreateMemoryEntry[2m > [22mshould initialize with empty contradictions
 [32mΓ£ô[39m v3/@claude-flow/guidance/tests/memory-gate.test.ts[2m > [22mMemoryWriteGate[2m > [22mcreateMemoryEntry[2m > [22mshould produce different hashes for different values
 [32mΓ£ô[39m v3/@claude-flow/guidance/tests/memory-gate.test.ts[2m > [22mMemoryWriteGate[2m > [22mcombined write evaluation[2m > [22mshould report multiple failure reasons
 [32mΓ£ô[39m v3/@claude-flow/guidance/tests/memory-gate.test.ts[2m > [22mMemoryWriteGate[2m > [22mcombined write evaluation[2m > [22mshould allow a fully authorized write with no contradictions
 [32mΓ£ô[39m v3/@claude-flow/plugins/__tests__/ruvector-migrations.test.ts[2m > [22mRuVector Migrations[2m > [22mMigration Locking[2m > [22mshould release lock after failure
 [32mΓ£ô[39m v3/plugins/agentic-qe/__tests__/bridges.test.ts[2m > [22mQEMemoryBridge[2m > [22mstore and retrieve[2m > [22mshould store and retrieve entries
 [32mΓ£ô[39m v3/plugins/agentic-qe/__tests__/bridges.test.ts[2m > [22mQEMemoryBridge[2m > [22mstore and retrieve[2m > [22mshould store entries with metadata
 [32mΓ£ô[39m v3/plugins/agentic-qe/__tests__/bridges.test.ts[2m > [22mQEMemoryBridge[2m > [22mstore and retrieve[2m > [22mshould return null for non-existent entries
 [32mΓ£ô[39m v3/plugins/agentic-qe/__tests__/bridges.test.ts[2m > [22mQEMemoryBridge[2m > [22mstore and retrieve[2m > [22mshould use namespace prefix
 [32mΓ£ô[39m v3/plugins/agentic-qe/__tests__/bridges.test.ts[2m > [22mQEMemoryBridge[2m > [22mvector search[2m > [22mshould search by similarity
 [32mΓ£ô[39m v3/plugins/agentic-qe/__tests__/bridges.test.ts[2m > [22mQEMemoryBridge[2m > [22mvector search[2m > [22mshould respect topK limit
 [32mΓ£ô[39m v3/plugins/agentic-qe/__tests__/bridges.test.ts[2m > [22mQEMemoryBridge[2m > [22mvector search[2m > [22mshould return scores between 0 and 1
 [32mΓ£ô[39m v3/plugins/agentic-qe/__tests__/bridges.test.ts[2m > [22mQEMemoryBridge[2m > [22mdelete and clear[2m > [22mshould delete entries
 [32mΓ£ô[39m v3/plugins/agentic-qe/__tests__/bridges.test.ts[2m > [22mQEMemoryBridge[2m > [22mdelete and clear[2m > [22mshould return false for non-existent delete
 [32mΓ£ô[39m v3/plugins/agentic-qe/__tests__/bridges.test.ts[2m > [22mQEMemoryBridge[2m > [22mdelete and clear[2m > [22mshould clear all entries in namespace
 [32mΓ£ô[39m v3/plugins/agentic-qe/__tests__/bridges.test.ts[2m > [22mQESecurityBridge[2m > [22mpath validation[2m > [22mshould allow safe paths
 [32mΓ£ô[39m v3/plugins/agentic-qe/__tests__/bridges.test.ts[2m > [22mQESecurityBridge[2m > [22mpath validation[2m > [22mshould block /etc access
 [32mΓ£ô[39m v3/plugins/agentic-qe/__tests__/bridges.test.ts[2m > [22mQESecurityBridge[2m > [22mpath validation[2m > [22mshould block ~/.ssh access
 [32mΓ£ô[39m v3/plugins/agentic-qe/__tests__/bridges.test.ts[2m > [22mQESecurityBridge[2m > [22mpath validation[2m > [22mshould detect path traversal
 [32mΓ£ô[39m v3/plugins/agentic-qe/__tests__/bridges.test.ts[2m > [22mQESecurityBridge[2m > [22mcommand validation[2m > [22mshould allow permitted commands
 [32mΓ£ô[39m v3/plugins/agentic-qe/__tests__/bridges.test.ts[2m > [22mQESecurityBridge[2m > [22mcommand validation[2m > [22mshould allow vitest commands
 [32mΓ£ô[39m v3/plugins/agentic-qe/__tests__/bridges.test.ts[2m > [22mQESecurityBridge[2m > [22mcommand validation[2m > [22mshould block unpermitted commands
 [32mΓ£ô[39m v3/plugins/agentic-qe/__tests__/bridges.test.ts[2m > [22mQESecurityBridge[2m > [22mcommand validation[2m > [22mshould detect dangerous patterns
 [32mΓ£ô[39m v3/plugins/agentic-qe/__tests__/bridges.test.ts[2m > [22mQESecurityBridge[2m > [22minput sanitization[2m > [22mshould remove script tags
 [32mΓ£ô[39m v3/plugins/agentic-qe/__tests__/bridges.test.ts[2m > [22mQESecurityBridge[2m > [22minput sanitization[2m > [22mshould remove javascript: protocol
 [32mΓ£ô[39m v3/plugins/agentic-qe/__tests__/bridges.test.ts[2m > [22mQESecurityBridge[2m > [22minput sanitization[2m > [22mshould remove event handlers
 [32mΓ£ô[39m v3/plugins/agentic-qe/__tests__/bridges.test.ts[2m > [22mQESecurityBridge[2m > [22mtoken generation[2m > [22mshould generate unique tokens
 [32mΓ£ô[39m v3/plugins/agentic-qe/__tests__/bridges.test.ts[2m > [22mQESecurityBridge[2m > [22mtoken generation[2m > [22mshould prefix tokens with aqe-token
 [32mΓ£ô[39m v3/plugins/agentic-qe/__tests__/bridges.test.ts[2m > [22mQECoreBridge[2m > [22magent management[2m > [22mshould spawn agents
 [32mΓ£ô[39m v3/plugins/agentic-qe/__tests__/bridges.test.ts[2m > [22mQECoreBridge[2m > [22magent management[2m > [22mshould get agent status
 [32mΓ£ô[39m v3/plugins/agentic-qe/__tests__/bridges.test.ts[2m > [22mQECoreBridge[2m > [22magent management[2m > [22mshould return null for non-existent agent
 [32mΓ£ô[39m v3/plugins/agentic-qe/__tests__/bridges.test.ts[2m > [22mQECoreBridge[2m > [22magent management[2m > [22mshould terminate agents
 [32mΓ£ô[39m v3/plugins/agentic-qe/__tests__/bridges.test.ts[2m > [22mQECoreBridge[2m > [22mtask management[2m > [22mshould create tasks
 [32mΓ£ô[39m v3/plugins/agentic-qe/__tests__/bridges.test.ts[2m > [22mQECoreBridge[2m > [22mtask management[2m > [22mshould assign tasks to agents
 [32mΓ£ô[39m v3/plugins/agentic-qe/__tests__/bridges.test.ts[2m > [22mQECoreBridge[2m > [22mtask management[2m > [22mshould complete tasks
 [32mΓ£ô[39m v3/plugins/agentic-qe/__tests__/bridges.test.ts[2m > [22mQECoreBridge[2m > [22mtask management[2m > [22mshould return false for non-existent task operations
 [32mΓ£ô[39m v3/plugins/agentic-qe/__tests__/bridges.test.ts[2m > [22mQECoreBridge[2m > [22mstatistics[2m > [22mshould track agent and task counts
 [32mΓ£ô[39m v3/plugins/agentic-qe/__tests__/bridges.test.ts[2m > [22mQEHiveBridge[2m > [22mmembership[2m > [22mshould join hive
 [32mΓ£ô[39m v3/plugins/agentic-qe/__tests__/bridges.test.ts[2m > [22mQEHiveBridge[2m > [22mmembership[2m > [22mshould leave hive
 [32mΓ£ô[39m v3/plugins/agentic-qe/__tests__/bridges.test.ts[2m > [22mQEHiveBridge[2m > [22mmembership[2m > [22mshould support different roles
 [32mΓ£ô[39m v3/plugins/agentic-qe/__tests__/bridges.test.ts[2m > [22mQEHiveBridge[2m > [22mconsensus[2m > [22mshould create proposals
 [32mΓ£ô[39m v3/plugins/agentic-qe/__tests__/bridges.test.ts[2m > [22mQEHiveBridge[2m > [22mconsensus[2m > [22mshould record votes
 [32mΓ£ô[39m v3/plugins/agentic-qe/__tests__/bridges.test.ts[2m > [22mQEHiveBridge[2m > [22mconsensus[2m > [22mshould achieve consensus with 2/3 majority
 [32mΓ£ô[39m v3/plugins/agentic-qe/__tests__/bridges.test.ts[2m > [22mQEHiveBridge[2m > [22mconsensus[2m > [22mshould not achieve consensus without majority
 [32mΓ£ô[39m v3/plugins/agentic-qe/__tests__/bridges.test.ts[2m > [22mQEHiveBridge[2m > [22mconsensus[2m > [22mshould return no consensus for non-existent proposal
 [32mΓ£ô[39m v3/plugins/agentic-qe/__tests__/bridges.test.ts[2m > [22mQEHiveBridge[2m > [22mbroadcast[2m > [22mshould broadcast to all members
 [32mΓ£ô[39m v3/plugins/agentic-qe/__tests__/bridges.test.ts[2m > [22mQEHiveBridge[2m > [22mbroadcast[2m > [22mshould return 0 with no members
 [32mΓ£ô[39m v3/plugins/agentic-qe/__tests__/bridges.test.ts[2m > [22mBridge Integration[2m > [22mshould coordinate test execution workflow
 [32mΓ£ô[39m v3/plugins/agentic-qe/__tests__/bridges.test.ts[2m > [22mBridge Integration[2m > [22mshould handle security violations in workflow
 [32mΓ£ô[39m v3/@claude-flow/memory/src/controller-registry.test.ts[2m > [22mControllerRegistry[2m > [22minitialization lifecycle[2m > [22mshould initialize with default config
 [32mΓ£ô[39m v3/@claude-flow/cli/__tests__/p1-commands.test.ts[2m > [22mInit Command[2m > [22minit (default)[2m > [22mshould fail if already initialized without force
 [32mΓ£ô[39m v3/@claude-flow/cli/__tests__/p1-commands.test.ts[2m > [22mInit Command[2m > [22minit check[2m > [22mshould report initialized status
 [32mΓ£ô[39m v3/@claude-flow/cli/__tests__/p1-commands.test.ts[2m > [22mInit Command[2m > [22minit check[2m > [22mshould report not initialized status
 [32mΓ£ô[39m v3/@claude-flow/cli/__tests__/p1-commands.test.ts[2m > [22mStart Command[2m > [22mstart (default)[2m > [22mshould start system with defaults
 [32mΓ£ô[39m v3/@claude-flow/cli/__tests__/p1-commands.test.ts[2m > [22mStart Command[2m > [22mstart (default)[2m > [22mshould start with custom port
 [32mΓ£ô[39m v3/@claude-flow/cli/__tests__/p1-commands.test.ts[2m > [22mStart Command[2m > [22mstart (default)[2m > [22mshould start with custom topology
 [32mΓ£ô[39m v3/@claude-flow/cli/__tests__/p1-commands.test.ts[2m > [22mStart Command[2m > [22mstart (default)[2m > [22mshould start in daemon mode
 [32mΓ£ô[39m v3/@claude-flow/cli/__tests__/p1-commands.test.ts[2m > [22mStart Command[2m > [22mstart (default)[2m > [22mshould skip MCP server when requested
 [32mΓ£ô[39m v3/@claude-flow/cli/__tests__/p1-commands.test.ts[2m > [22mStart Command[2m > [22mstart (default)[2m > [22mshould fail if not initialized
 [32mΓ£ô[39m v3/@claude-flow/cli/__tests__/p1-commands.test.ts[2m > [22mStart Command[2m > [22mstart stop[2m > [22mshould stop system
 [32mΓ£ô[39m v3/@claude-flow/memory/src/controller-registry.test.ts[2m > [22mControllerRegistry[2m > [22minitialization lifecycle[2m > [22mshould not initialize twice
 [32mΓ£ô[39m v3/@claude-flow/memory/src/controller-registry.test.ts[2m > [22mControllerRegistry[2m > [22minitialization lifecycle[2m > [22mshould initialize with empty config
 [32mΓ£ô[39m v3/@claude-flow/memory/src/controller-registry.test.ts[2m > [22mControllerRegistry[2m > [22minitialization lifecycle[2m > [22mshould emit initialized event
 [32mΓ£ô[39m v3/@claude-flow/memory/src/controller-registry.test.ts[2m > [22mControllerRegistry[2m > [22minitialization lifecycle[2m > [22mshould emit controller:initialized events
 [32mΓ£ô[39m v3/@claude-flow/memory/src/controller-registry.test.ts[2m > [22mControllerRegistry[2m > [22minitialization lifecycle[2m > [22mshould track init time
 [32mΓ£ô[39m v3/@claude-flow/memory/src/controller-registry.test.ts[2m > [22mControllerRegistry[2m > [22mlevel-based initialization ordering[2m > [22mshould define 7 initialization levels (0-6)
 [32mΓ£ô[39m v3/@claude-flow/memory/src/controller-registry.test.ts[2m > [22mControllerRegistry[2m > [22mlevel-based initialization ordering[2m > [22mshould have monotonically increasing levels
 [32mΓ£ô[39m v3/@claude-flow/memory/src/controller-registry.test.ts[2m > [22mControllerRegistry[2m > [22mlevel-based initialization ordering[2m > [22mshould include core controllers in level 1
 [32mΓ£ô[39m v3/@claude-flow/memory/src/controller-registry.test.ts[2m > [22mControllerRegistry[2m > [22mlevel-based initialization ordering[2m > [22mshould include graph controllers in level 2
 [32mΓ£ô[39m v3/@claude-flow/memory/src/controller-registry.test.ts[2m > [22mControllerRegistry[2m > [22mlevel-based initialization ordering[2m > [22mshould include specialization controllers in level 3
 [32mΓ£ô[39m v3/@claude-flow/memory/src/controller-registry.test.ts[2m > [22mControllerRegistry[2m > [22mlevel-based initialization ordering[2m > [22mshould include causal controllers in level 4
 [32mΓ£ô[39m v3/@claude-flow/memory/src/controller-registry.test.ts[2m > [22mControllerRegistry[2m > [22mlevel-based initialization ordering[2m > [22mshould include advanced services in level 5
 [32mΓ£ô[39m v3/@claude-flow/memory/src/controller-registry.test.ts[2m > [22mControllerRegistry[2m > [22mlevel-based initialization ordering[2m > [22mshould include session management in level 6
 [32mΓ£ô[39m v3/@claude-flow/memory/src/controller-registry.test.ts[2m > [22mControllerRegistry[2m > [22mlevel-based initialization ordering[2m > [22mshould not have duplicate controller names across levels
 [32mΓ£ô[39m v3/@claude-flow/memory/src/controller-registry.test.ts[2m > [22mControllerRegistry[2m > [22mgraceful degradation[2m > [22mshould continue when AgentDB is unavailable
 [32mΓ£ô[39m v3/@claude-flow/memory/src/controller-registry.test.ts[2m > [22mControllerRegistry[2m > [22mgraceful degradation[2m > [22mshould mark failed controllers as unavailable without crashing
 [32mΓ£ô[39m v3/@claude-flow/memory/src/controller-registry.test.ts[2m > [22mControllerRegistry[2m > [22mgraceful degradation[2m > [22mshould emit controller:failed for failed controllers
 [32mΓ£ô[39m v3/@claude-flow/memory/src/controller-registry.test.ts[2m > [22mControllerRegistry[2m > [22mgraceful degradation[2m > [22mshould handle null backend gracefully
 [32mΓ£ô[39m v3/@claude-flow/memory/src/controller-registry.test.ts[2m > [22mControllerRegistry[2m > [22mgraceful degradation[2m > [22mshould isolate controller failures from each other
 [32mΓ£ô[39m v3/@claude-flow/memory/src/controller-registry.test.ts[2m > [22mControllerRegistry[2m > [22mconfig-driven activation[2m > [22mshould respect explicit controller enable/disable
 [32mΓ£ô[39m v3/@claude-flow/memory/src/controller-registry.test.ts[2m > [22mControllerRegistry[2m > [22mconfig-driven activation[2m > [22mshould enable learningBridge by default when backend is available
 [32mΓ£ô[39m v3/@claude-flow/memory/src/controller-registry.test.ts[2m > [22mControllerRegistry[2m > [22mconfig-driven activation[2m > [22mshould enable tieredCache by default
 [32mΓ£ô[39m v3/@claude-flow/memory/src/controller-registry.test.ts[2m > [22mControllerRegistry[2m > [22mconfig-driven activation[2m > [22mshould pass SONA mode to LearningBridge
 [32mΓ£ô[39m v3/@claude-flow/memory/src/controller-registry.test.ts[2m > [22mControllerRegistry[2m > [22mconfig-driven activation[2m > [22mshould pass memoryGraph config
 [32mΓ£ô[39m v3/@claude-flow/memory/src/controller-registry.test.ts[2m > [22mControllerRegistry[2m > [22mconfig-driven activation[2m > [22mshould pass tieredCache config
 [32mΓ£ô[39m v3/@claude-flow/memory/src/controller-registry.test.ts[2m > [22mControllerRegistry[2m > [22mconfig-driven activation[2m > [22mshould not enable optional controllers by default
 [32mΓ£ô[39m v3/@claude-flow/memory/src/controller-registry.test.ts[2m > [22mControllerRegistry[2m > [22mcontroller access (get/isEnabled)[2m > [22mshould return null for unregistered controllers
 [32mΓ£ô[39m v3/@claude-flow/memory/src/controller-registry.test.ts[2m > [22mControllerRegistry[2m > [22mcontroller access (get/isEnabled)[2m > [22mshould return typed controller instances
 [32mΓ£ô[39m v3/@claude-flow/memory/src/controller-registry.test.ts[2m > [22mControllerRegistry[2m > [22mcontroller access (get/isEnabled)[2m > [22mshould return false for disabled controllers
 [32mΓ£ô[39m v3/@claude-flow/memory/src/controller-registry.test.ts[2m > [22mControllerRegistry[2m > [22mhealth check[2m > [22mshould return healthy when controllers are active
 [32mΓ£ô[39m v3/@claude-flow/memory/src/controller-registry.test.ts[2m > [22mControllerRegistry[2m > [22mhealth check[2m > [22mshould report active and total controller counts
 [32mΓ£ô[39m v3/@claude-flow/memory/src/controller-registry.test.ts[2m > [22mControllerRegistry[2m > [22mhealth check[2m > [22mshould report agentdb availability
 [32mΓ£ô[39m v3/@claude-flow/memory/src/controller-registry.test.ts[2m > [22mControllerRegistry[2m > [22mhealth check[2m > [22mshould classify status correctly
 [32mΓ£ô[39m v3/@claude-flow/memory/src/controller-registry.test.ts[2m > [22mControllerRegistry[2m > [22mhealth check[2m > [22mshould include individual controller health
 [32mΓ£ô[39m v3/@claude-flow/memory/src/controller-registry.test.ts[2m > [22mControllerRegistry[2m > [22mshutdown[2m > [22mshould shutdown cleanly
 [32mΓ£ô[39m v3/@claude-flow/memory/src/controller-registry.test.ts[2m > [22mControllerRegistry[2m > [22mshutdown[2m > [22mshould emit shutdown event
 [32mΓ£ô[39m v3/@claude-flow/memory/src/controller-registry.test.ts[2m > [22mControllerRegistry[2m > [22mshutdown[2m > [22mshould handle double shutdown
 [32mΓ£ô[39m v3/@claude-flow/memory/src/controller-registry.test.ts[2m > [22mControllerRegistry[2m > [22mshutdown[2m > [22mshould handle shutdown without initialization
 [32mΓ£ô[39m v3/@claude-flow/plugins/__tests__/ruvector-migrations.test.ts[2m > [22mRuVector Migrations[2m > [22mMigration Locking[2m > [22mshould release lock on all paths[33m 509[2mms[22m[39m
 [32mΓ£ô[39m v3/@claude-flow/memory/src/controller-registry.test.ts[2m > [22mControllerRegistry[2m > [22mshutdown[2m > [22mshould clean up controllers
 [32mΓ£ô[39m v3/@claude-flow/memory/src/learning-bridge.test.ts[2m > [22mLearningBridge[2m > [22mconstructor[2m > [22mshould create with default config
 [32mΓ£ô[39m v3/@claude-flow/memory/src/learning-bridge.test.ts[2m > [22mLearningBridge[2m > [22mconstructor[2m > [22mshould create with custom config
 [32mΓ£ô[39m v3/@claude-flow/memory/src/learning-bridge.test.ts[2m > [22mLearningBridge[2m > [22mconstructor[2m > [22mshould respect enabled=false
 [32mΓ£ô[39m v3/@claude-flow/memory/src/learning-bridge.test.ts[2m > [22mLearningBridge[2m > [22monInsightRecorded[2m > [22mshould store trajectory when neural available
 [32mΓ£ô[39m v3/@claude-flow/memory/src/learning-bridge.test.ts[2m > [22mLearningBridge[2m > [22monInsightRecorded[2m > [22mshould emit insight:learning-started event
 [32mΓ£ô[39m v3/@claude-flow/memory/src/learning-bridge.test.ts[2m > [22mLearningBridge[2m > [22monInsightRecorded[2m > [22mshould no-op when disabled
 [32mΓ£ô[39m v3/@claude-flow/memory/src/learning-bridge.test.ts[2m > [22mLearningBridge[2m > [22monInsightRecorded[2m > [22mshould no-op when destroyed
 [32mΓ£ô[39m v3/@claude-flow/memory/src/learning-bridge.test.ts[2m > [22mLearningBridge[2m > [22monInsightRecorded[2m > [22mshould handle neural unavailable gracefully
 [32mΓ£ô[39m v3/@claude-flow/memory/src/learning-bridge.test.ts[2m > [22mLearningBridge[2m > [22monInsightRecorded[2m > [22mshould pass hash embedding as stateEmbedding
 [32mΓ£ô[39m v3/@claude-flow/memory/src/learning-bridge.test.ts[2m > [22mLearningBridge[2m > [22monInsightRecorded[2m > [22mshould create unique trajectory per entry
 [32mΓ£ô[39m v3/@claude-flow/memory/src/learning-bridge.test.ts[2m > [22mLearningBridge[2m > [22monInsightRecorded[2m > [22mshould survive beginTask throwing
 [32mΓ£ô[39m v3/@claude-flow/memory/src/learning-bridge.test.ts[2m > [22mLearningBridge[2m > [22monInsightAccessed[2m > [22mshould boost confidence by accessBoostAmount
 [32mΓ£ô[39m v3/@claude-flow/memory/src/learning-bridge.test.ts[2m > [22mLearningBridge[2m > [22monInsightAccessed[2m > [22mshould cap confidence at maxConfidence
 [32mΓ£ô[39m v3/@claude-flow/memory/src/learning-bridge.test.ts[2m > [22mLearningBridge[2m > [22monInsightAccessed[2m > [22mshould handle missing entry gracefully
 [32mΓ£ô[39m v3/@claude-flow/memory/src/learning-bridge.test.ts[2m > [22mLearningBridge[2m > [22monInsightAccessed[2m > [22mshould emit insight:accessed event
 [32mΓ£ô[39m v3/@claude-flow/memory/src/learning-bridge.test.ts[2m > [22mLearningBridge[2m > [22monInsightAccessed[2m > [22mshould update entry metadata in backend preserving existing fields
 [32mΓ£ô[39m v3/@claude-flow/memory/src/learning-bridge.test.ts[2m > [22mLearningBridge[2m > [22monInsightAccessed[2m > [22mshould record neural step when trajectory exists
 [32mΓ£ô[39m v3/@claude-flow/memory/src/learning-bridge.test.ts[2m > [22mLearningBridge[2m > [22monInsightAccessed[2m > [22mshould not record neural step without trajectory
 [32mΓ£ô[39m v3/@claude-flow/memory/src/learning-bridge.test.ts[2m > [22mLearningBridge[2m > [22monInsightAccessed[2m > [22mshould use default 0.5 when metadata lacks confidence
 [32mΓ£ô[39m v3/@claude-flow/memory/src/learning-bridge.test.ts[2m > [22mLearningBridge[2m > [22monInsightAccessed[2m > [22mshould no-op when disabled
 [32mΓ£ô[39m v3/@claude-flow/memory/src/learning-bridge.test.ts[2m > [22mLearningBridge[2m > [22monInsightAccessed[2m > [22mshould track boost stats
 [32mΓ£ô[39m v3/@claude-flow/memory/src/learning-bridge.test.ts[2m > [22mLearningBridge[2m > [22mconsolidate[2m > [22mshould complete active trajectories
 [32mΓ£ô[39m v3/@claude-flow/memory/src/learning-bridge.test.ts[2m > [22mLearningBridge[2m > [22mconsolidate[2m > [22mshould return early when below threshold
 [32mΓ£ô[39m v3/@claude-flow/memory/src/learning-bridge.test.ts[2m > [22mLearningBridge[2m > [22mconsolidate[2m > [22mshould return early when neural unavailable
 [32mΓ£ô[39m v3/@claude-flow/memory/src/learning-bridge.test.ts[2m > [22mLearningBridge[2m > [22mconsolidate[2m > [22mshould clear completed trajectories
 [32mΓ£ô[39m v3/@claude-flow/memory/src/learning-bridge.test.ts[2m > [22mLearningBridge[2m > [22mconsolidate[2m > [22mshould emit consolidation:completed event
 [32mΓ£ô[39m v3/@claude-flow/memory/src/learning-bridge.test.ts[2m > [22mLearningBridge[2m > [22mconsolidate[2m > [22mshould track stats correctly
 [32mΓ£ô[39m v3/@claude-flow/memory/src/learning-bridge.test.ts[2m > [22mLearningBridge[2m > [22mconsolidate[2m > [22mshould handle completeTask failure for individual trajectories
 [32mΓ£ô[39m v3/@claude-flow/memory/src/learning-bridge.test.ts[2m > [22mLearningBridge[2m > [22mconsolidate[2m > [22mshould respect custom consolidationThreshold
 [32mΓ£ô[39m v3/@claude-flow/memory/src/learning-bridge.test.ts[2m > [22mLearningBridge[2m > [22mdecayConfidences[2m > [22mshould decay entries older than 1 hour
 [32mΓ£ô[39m v3/@claude-flow/memory/src/learning-bridge.test.ts[2m > [22mLearningBridge[2m > [22mdecayConfidences[2m > [22mshould respect minConfidence floor
 [32mΓ£ô[39m v3/@claude-flow/memory/src/learning-bridge.test.ts[2m > [22mLearningBridge[2m > [22mdecayConfidences[2m > [22mshould skip recent entries
 [32mΓ£ô[39m v3/@claude-flow/memory/src/learning-bridge.test.ts[2m > [22mLearningBridge[2m > [22mdecayConfidences[2m > [22mshould return count of decayed entries
 [32mΓ£ô[39m v3/@claude-flow/memory/src/learning-bridge.test.ts[2m > [22mLearningBridge[2m > [22mdecayConfidences[2m > [22mshould handle empty namespace
 [32mΓ£ô[39m v3/@claude-flow/memory/src/learning-bridge.test.ts[2m > [22mLearningBridge[2m > [22mdecayConfidences[2m > [22mshould handle query failure gracefully
 [32mΓ£ô[39m v3/@claude-flow/memory/src/learning-bridge.test.ts[2m > [22mLearningBridge[2m > [22mdecayConfidences[2m > [22mshould track total decays in stats
 [32mΓ£ô[39m v3/@claude-flow/memory/src/learning-bridge.test.ts[2m > [22mLearningBridge[2m > [22mfindSimilarPatterns[2m > [22mshould return patterns when neural available
 [32mΓ£ô[39m v3/@claude-flow/memory/src/learning-bridge.test.ts[2m > [22mLearningBridge[2m > [22mfindSimilarPatterns[2m > [22mshould return empty when neural unavailable
 [32mΓ£ô[39m v3/@claude-flow/memory/src/learning-bridge.test.ts[2m > [22mLearningBridge[2m > [22mfindSimilarPatterns[2m > [22mshould map results to PatternMatch format
 [32mΓ£ô[39m v3/@claude-flow/memory/src/learning-bridge.test.ts[2m > [22mLearningBridge[2m > [22mfindSimilarPatterns[2m > [22mshould pass k parameter to neural
 [32mΓ£ô[39m v3/@claude-flow/memory/src/learning-bridge.test.ts[2m > [22mLearningBridge[2m > [22mfindSimilarPatterns[2m > [22mshould handle findPatterns throwing
 [32mΓ£ô[39m v3/@claude-flow/memory/src/learning-bridge.test.ts[2m > [22mLearningBridge[2m > [22mfindSimilarPatterns[2m > [22mshould handle non-array result from findPatterns
 [32mΓ£ô[39m v3/@claude-flow/memory/src/learning-bridge.test.ts[2m > [22mLearningBridge[2m > [22mgetStats[2m > [22mshould return correct initial stats
 [32mΓ£ô[39m v3/@claude-flow/memory/src/learning-bridge.test.ts[2m > [22mLearningBridge[2m > [22mgetStats[2m > [22mshould reflect operations in stats
 [32mΓ£ô[39m v3/@claude-flow/memory/src/learning-bridge.test.ts[2m > [22mLearningBridge[2m > [22mgetStats[2m > [22mshould show neuralAvailable=false before init
 [32mΓ£ô[39m v3/@claude-flow/memory/src/learning-bridge.test.ts[2m > [22mLearningBridge[2m > [22mdestroy[2m > [22mshould set destroyed state
 [32mΓ£ô[39m v3/@claude-flow/memory/src/learning-bridge.test.ts[2m > [22mLearningBridge[2m > [22mdestroy[2m > [22mshould clear trajectories
 [32mΓ£ô[39m v3/@claude-flow/memory/src/learning-bridge.test.ts[2m > [22mLearningBridge[2m > [22mdestroy[2m > [22mshould make subsequent onInsightRecorded no-op
 [32mΓ£ô[39m v3/@claude-flow/memory/src/learning-bridge.test.ts[2m > [22mLearningBridge[2m > [22mdestroy[2m > [22mshould make subsequent onInsightAccessed no-op
 [32mΓ£ô[39m v3/@claude-flow/memory/src/learning-bridge.test.ts[2m > [22mLearningBridge[2m > [22mdestroy[2m > [22mshould make subsequent consolidate no-op
 [32mΓ£ô[39m v3/@claude-flow/memory/src/learning-bridge.test.ts[2m > [22mLearningBridge[2m > [22mdestroy[2m > [22mshould make subsequent decayConfidences no-op
 [32mΓ£ô[39m v3/@claude-flow/memory/src/learning-bridge.test.ts[2m > [22mLearningBridge[2m > [22mdestroy[2m > [22mshould make subsequent findSimilarPatterns no-op
 [32mΓ£ô[39m v3/@claude-flow/memory/src/learning-bridge.test.ts[2m > [22mLearningBridge[2m > [22mdestroy[2m > [22mshould call neural cleanup if available
 [32mΓ£ô[39m v3/@claude-flow/memory/src/learning-bridge.test.ts[2m > [22mLearningBridge[2m > [22mdestroy[2m > [22mshould remove all event listeners
 [32mΓ£ô[39m v3/@claude-flow/memory/src/learning-bridge.test.ts[2m > [22mLearningBridge[2m > [22mneural initialization[2m > [22mshould only attempt neural load once
 [32mΓ£ô[39m v3/@claude-flow/memory/src/learning-bridge.test.ts[2m > [22mLearningBridge[2m > [22mneural initialization[2m > [22mshould cache failed init and not retry
 [32mΓ£ô[39m v3/@claude-flow/cli/__tests__/memory-ruvector-deep.test.ts[2m > [22mRuVector Index[2m > [22mshould export all major components[33m 1319[2mms[22m[39m
 [32mΓ£ô[39m v3/@claude-flow/cli/__tests__/memory-ruvector-deep.test.ts[2m > [22mRuVector Index[2m > [22mshould export factory functions
 [32mΓ£ô[39m v3/@claude-flow/memory/src/controller-registry.test.ts[2m > [22mControllerRegistry[2m > [22mshutdown[2m > [22mshould allow re-initialization after shutdown
 [32mΓ£ô[39m v3/@claude-flow/memory/src/controller-registry.test.ts[2m > [22mControllerRegistry[2m > [22mlistControllers[2m > [22mshould return list of all registered controllers
 [32mΓ£ô[39m v3/@claude-flow/plugins/__tests__/ruvector-migrations.test.ts[2m > [22mRuVector Migrations[2m > [22mMigration Validation[2m > [22mshould validate applied migrations
 [32mΓ£ô[39m v3/@claude-flow/memory/src/controller-registry.test.ts[2m > [22mControllerRegistry[2m > [22mAgentDB integration[2m > [22mshould handle missing agentdb module
 [32mΓ£ô[39m v3/@claude-flow/memory/src/controller-registry.test.ts[2m > [22mControllerRegistry[2m > [22mAgentDB integration[2m > [22mshould return null AgentDB when unavailable
 [32mΓ£ô[39m v3/@claude-flow/plugins/__tests__/ruvector-migrations.test.ts[2m > [22mRuVector Migrations[2m > [22mMigration Validation[2m > [22mshould detect sequence gaps
 [32mΓ£ô[39m v3/@claude-flow/plugins/__tests__/ruvector-migrations.test.ts[2m > [22mRuVector Migrations[2m > [22mMigration Validation[2m > [22mshould validate empty state
 [32mΓ£ô[39m v3/@claude-flow/plugins/__tests__/ruvector-streaming.test.ts[2m > [22mRuVector Streaming[2m > [22mStreaming Search Results[2m > [22mshould respect batch size during streaming[33m 663[2mms[22m[39m
 [32mΓ£ô[39m v3/@claude-flow/memory/src/controller-registry.test.ts[2m > [22mControllerRegistry[2m > [22mcross-platform compatibility[2m > [22mshould handle forward slash paths
 [32mΓ£ô[39m v3/@claude-flow/memory/src/controller-registry.test.ts[2m > [22mControllerRegistry[2m > [22mcross-platform compatibility[2m > [22mshould handle relative paths
 [32mΓ£ô[39m v3/@claude-flow/memory/src/controller-registry.test.ts[2m > [22mControllerRegistry[2m > [22mcross-platform compatibility[2m > [22mshould handle :memory: path
 [32mΓ£ô[39m v3/@claude-flow/memory/src/controller-registry.test.ts[2m > [22mControllerRegistry[2m > [22mLearningBridge via registry[2m > [22mshould create LearningBridge with backend
 [32mΓ£ô[39m v3/@claude-flow/memory/src/controller-registry.test.ts[2m > [22mControllerRegistry[2m > [22mLearningBridge via registry[2m > [22mshould pass config to LearningBridge
 [32mΓ£ô[39m v3/@claude-flow/cli/__tests__/memory-ruvector-deep.test.ts[2m > [22mRuVector Index[2m > [22mshould export isRuvectorAvailable
 [32mΓ£ô[39m v3/@claude-flow/cli/__tests__/memory-ruvector-deep.test.ts[2m > [22mRuVector Index[2m > [22mshould export graph analyzer utilities
 [32mΓ£ô[39m v3/@claude-flow/cli/__tests__/memory-ruvector-deep.test.ts[2m > [22mRuVector Index[2m > [22mshould export diff analysis tools
 [32mΓ£ô[39m v3/@claude-flow/cli/__tests__/memory-ruvector-deep.test.ts[2m > [22mRuVector Index[2m > [22mshould export cache control functions
 [32mΓ£ô[39m v3/@claude-flow/cli/__tests__/memory-ruvector-deep.test.ts[2m > [22mEdge Cases[2m > [22mAST Analyzer with arrow functions[2m > [22mshould detect arrow function assignments
 [32mΓ£ô[39m v3/@claude-flow/cli/__tests__/memory-ruvector-deep.test.ts[2m > [22mEdge Cases[2m > [22mDiff Classifier with refactoring detection[2m > [22mshould detect balanced adds/removes as refactoring
 [32mΓ£ô[39m v3/@claude-flow/cli/__tests__/memory-ruvector-deep.test.ts[2m > [22mEdge Cases[2m > [22mCoverage Router with changed files[2m > [22mshould prioritize changed files in routing
 [32mΓ£ô[39m v3/@claude-flow/cli/__tests__/memory-ruvector-deep.test.ts[2m > [22mEdge Cases[2m > [22mQ-Learning exploration decay types[2m > [22mshould support linear decay
 [32mΓ£ô[39m v3/@claude-flow/cli/__tests__/memory-ruvector-deep.test.ts[2m > [22mEdge Cases[2m > [22mQ-Learning exploration decay types[2m > [22mshould support cosine decay
 [32mΓ£ô[39m v3/@claude-flow/cli/__tests__/memory-ruvector-deep.test.ts[2m > [22mEdge Cases[2m > [22mSONA Optimizer keyword extraction[2m > [22mshould extract architecture keywords
 [32mΓ£ô[39m v3/@claude-flow/cli/__tests__/memory-ruvector-deep.test.ts[2m > [22mEdge Cases[2m > [22mEWC resetFisher[2m > [22mshould zero out Fisher matrix
 [32mΓ£ô[39m v3/@claude-flow/plugins/__tests__/ruvector-migrations.test.ts[2m > [22mRuVector Migrations[2m > [22mMigration Performance[2m > [22mshould complete migrations in reasonable time
 [32mΓ£ô[39m v3/@claude-flow/memory/src/controller-registry.test.ts[2m > [22mControllerRegistry[2m > [22mLearningBridge via registry[2m > [22mshould not create LearningBridge without backend
 [32mΓ£ô[39m v3/@claude-flow/memory/src/controller-registry.test.ts[2m > [22mControllerRegistry[2m > [22mMemoryGraph via registry[2m > [22mshould create MemoryGraph when configured
 [32mΓ£ô[39m v3/@claude-flow/memory/src/controller-registry.test.ts[2m > [22mControllerRegistry[2m > [22mMemoryGraph via registry[2m > [22mshould report graph stats
 [32mΓ£ô[39m v3/@claude-flow/memory/src/controller-registry.test.ts[2m > [22mControllerRegistry[2m > [22mTieredCacheManager via registry[2m > [22mshould create TieredCacheManager
 [32mΓ£ô[39m v3/@claude-flow/memory/src/controller-registry.test.ts[2m > [22mControllerRegistry[2m > [22mTieredCacheManager via registry[2m > [22mshould respect cache config
 [32mΓ£ô[39m v3/@claude-flow/memory/src/controller-registry.test.ts[2m > [22mControllerRegistry[2m > [22mevents[2m > [22mshould emit agentdb:unavailable when module missing
 [32mΓ£ô[39m v3/@claude-flow/memory/src/controller-registry.test.ts[2m > [22mControllerRegistry[2m > [22mevents[2m > [22mshould emit all lifecycle events
 [32mΓ£ô[39m v3/@claude-flow/memory/src/controller-registry.test.ts[2m > [22mControllerRegistry[2m > [22mperformance[2m > [22mshould initialize within 500ms
 [32mΓ£ô[39m v3/@claude-flow/memory/src/controller-registry.test.ts[2m > [22mControllerRegistry[2m > [22mperformance[2m > [22mshould shutdown within 100ms
 [32mΓ£ô[39m v3/@claude-flow/memory/src/controller-registry.test.ts[2m > [22mControllerRegistry[2m > [22mperformance[2m > [22mshould have low overhead for controller access
 [32mΓ£ô[39m v3/@claude-flow/cli/__tests__/commands.test.ts[2m > [22mAgent Commands[2m > [22magent spawn[2m > [22mshould fail without agent type in non-interactive mode
 [32mΓ£ô[39m v3/@claude-flow/cli/__tests__/commands.test.ts[2m > [22mAgent Commands[2m > [22magent spawn[2m > [22mshould pass provider and model options
 [32mΓ£ô[39m v3/@claude-flow/cli/__tests__/commands.test.ts[2m > [22mAgent Commands[2m > [22magent spawn[2m > [22mshould handle task option
 [32mΓ£ô[39m v3/@claude-flow/cli/__tests__/commands.test.ts[2m > [22mAgent Commands[2m > [22magent status[2m > [22mshould fail without agent ID
 [32mΓ£ô[39m v3/@claude-flow/cli/__tests__/commands.test.ts[2m > [22mAgent Commands[2m > [22magent stop[2m > [22mshould fail without agent ID
 [32mΓ£ô[39m v3/@claude-flow/cli/__tests__/commands.test.ts[2m > [22mAgent Commands[2m > [22magent metrics[2m > [22mshould show agent metrics
 [32mΓ£ô[39m v3/@claude-flow/cli/__tests__/commands.test.ts[2m > [22mAgent Commands[2m > [22magent metrics[2m > [22mshould accept period option
 [32mΓ£ô[39m v3/@claude-flow/cli/__tests__/commands.test.ts[2m > [22mSwarm Commands[2m > [22mswarm start[2m > [22mshould start swarm with objective
 [32mΓ£ô[39m v3/@claude-flow/cli/__tests__/commands.test.ts[2m > [22mSwarm Commands[2m > [22mswarm start[2m > [22mshould fail without objective
 [32mΓ£ô[39m v3/@claude-flow/cli/__tests__/commands.test.ts[2m > [22mSwarm Commands[2m > [22mswarm start[2m > [22mshould accept strategy option
 [32mΓ£ô[39m v3/@claude-flow/cli/__tests__/commands.test.ts[2m > [22mSwarm Commands[2m > [22mswarm status[2m > [22mshould show swarm status
 [32mΓ£ô[39m v3/@claude-flow/cli/__tests__/commands.test.ts[2m > [22mSwarm Commands[2m > [22mswarm stop[2m > [22mshould stop swarm
 [32mΓ£ô[39m v3/@claude-flow/cli/__tests__/commands.test.ts[2m > [22mSwarm Commands[2m > [22mswarm stop[2m > [22mshould fail without swarm ID
 [32mΓ£ô[39m v3/@claude-flow/cli/__tests__/commands.test.ts[2m > [22mSwarm Commands[2m > [22mswarm scale[2m > [22mshould scale swarm
 [32mΓ£ô[39m v3/@claude-flow/cli/__tests__/commands.test.ts[2m > [22mSwarm Commands[2m > [22mswarm scale[2m > [22mshould fail without target agent count
 [32mΓ£ô[39m v3/@claude-flow/cli/__tests__/commands.test.ts[2m > [22mSwarm Commands[2m > [22mswarm coordinate[2m > [22mshould show V3 coordination structure
 [32mΓ£ô[39m v3/@claude-flow/cli/__tests__/commands.test.ts[2m > [22mMemory Commands[2m > [22mmemory store[2m > [22mshould fail without key
 [32mΓ£ô[39m v3/@claude-flow/cli/__tests__/ruvector/coverage-router.test.ts[2m > [22mCoverageRouter[2m > [22mconstructor[2m > [22mshould create router with default config
 [32mΓ£ô[39m v3/@claude-flow/cli/__tests__/ruvector/coverage-router.test.ts[2m > [22mCoverageRouter[2m > [22mconstructor[2m > [22mshould create router with custom config
 [32mΓ£ô[39m v3/@claude-flow/cli/__tests__/ruvector/coverage-router.test.ts[2m > [22mCoverageRouter[2m > [22minitialize[2m > [22mshould initialize without ruvector (fallback mode)
 [32mΓ£ô[39m v3/@claude-flow/cli/__tests__/ruvector/coverage-router.test.ts[2m > [22mCoverageRouter[2m > [22mparseCoverage[2m > [22mJSON format[2m > [22mshould parse JSON coverage data
 [32mΓ£ô[39m v3/@claude-flow/cli/__tests__/ruvector/coverage-router.test.ts[2m > [22mCoverageRouter[2m > [22mparseCoverage[2m > [22mJSON format[2m > [22mshould parse array of FileCoverage
 [32mΓ£ô[39m v3/@claude-flow/cli/__tests__/ruvector/coverage-router.test.ts[2m > [22mCoverageRouter[2m > [22mparseCoverage[2m > [22mLCOV format[2m > [22mshould parse LCOV data
 [32mΓ£ô[39m v3/@claude-flow/cli/__tests__/ruvector/coverage-router.test.ts[2m > [22mCoverageRouter[2m > [22mparseCoverage[2m > [22mLCOV format[2m > [22mshould extract uncovered lines from LCOV
 [32mΓ£ô[39m v3/@claude-flow/cli/__tests__/ruvector/coverage-router.test.ts[2m > [22mCoverageRouter[2m > [22mparseCoverage[2m > [22mIstanbul format[2m > [22mshould parse Istanbul coverage data
 [32mΓ£ô[39m v3/@claude-flow/cli/__tests__/ruvector/coverage-router.test.ts[2m > [22mCoverageRouter[2m > [22mparseCoverage[2m > [22mCobertura format[2m > [22mshould parse Cobertura XML data
 [32mΓ£ô[39m v3/@claude-flow/cli/__tests__/ruvector/coverage-router.test.ts[2m > [22mCoverageRouter[2m > [22mroute[2m > [22mshould return CoverageRouteResult
 [32mΓ£ô[39m v3/@claude-flow/cli/__tests__/ruvector/coverage-router.test.ts[2m > [22mCoverageRouter[2m > [22mroute[2m > [22mshould return prioritize action for low coverage
 [32mΓ£ô[39m v3/@claude-flow/cli/__tests__/ruvector/coverage-router.test.ts[2m > [22mCoverageRouter[2m > [22mroute[2m > [22mshould return skip action for high coverage
 [32mΓ£ô[39m v3/@claude-flow/cli/__tests__/ruvector/coverage-router.test.ts[2m > [22mCoverageRouter[2m > [22mroute[2m > [22mshould identify coverage gaps
 [32mΓ£ô[39m v3/@claude-flow/cli/__tests__/ruvector/coverage-router.test.ts[2m > [22mCoverageRouter[2m > [22mroute[2m > [22mshould prioritize changed files
 [32mΓ£ô[39m v3/@claude-flow/cli/__tests__/ruvector/coverage-router.test.ts[2m > [22mCoverageRouter[2m > [22mroute[2m > [22mshould recommend test types based on files
 [32mΓ£ô[39m v3/@claude-flow/cli/__tests__/ruvector/coverage-router.test.ts[2m > [22mCoverageRouter[2m > [22mroute[2m > [22mshould calculate estimated effort
 [32mΓ£ô[39m v3/@claude-flow/cli/__tests__/ruvector/coverage-router.test.ts[2m > [22mCoverageRouter[2m > [22mgetTrend[2m > [22mshould return stable for insufficient history
 [32mΓ£ô[39m v3/@claude-flow/cli/__tests__/ruvector/coverage-router.test.ts[2m > [22mCoverageRouter[2m > [22mgetTrend[2m > [22mshould detect upward trend
 [32mΓ£ô[39m v3/@claude-flow/cli/__tests__/ruvector/coverage-router.test.ts[2m > [22mCoverageRouter[2m > [22mgetTrend[2m > [22mshould detect downward trend
 [32mΓ£ô[39m v3/@claude-flow/cli/__tests__/ruvector/coverage-router.test.ts[2m > [22mCoverageRouter[2m > [22mgetTrend[2m > [22mshould detect stable trend for small changes
 [32mΓ£ô[39m v3/@claude-flow/cli/__tests__/ruvector/coverage-router.test.ts[2m > [22mCoverageRouter[2m > [22maddToHistory[2m > [22mshould add report to history
 [32mΓ£ô[39m v3/@claude-flow/cli/__tests__/ruvector/coverage-router.test.ts[2m > [22mCoverageRouter[2m > [22maddToHistory[2m > [22mshould limit history to 10 entries
 [32mΓ£ô[39m v3/@claude-flow/cli/__tests__/ruvector/coverage-router.test.ts[2m > [22mCoverageRouter[2m > [22mcritical file detection[2m > [22mshould identify uncovered critical files
 [32mΓ£ô[39m v3/@claude-flow/cli/__tests__/ruvector/coverage-router.test.ts[2m > [22mCoverageRouter[2m > [22medge cases[2m > [22mshould handle empty coverage data
 [32mΓ£ô[39m v3/@claude-flow/cli/__tests__/ruvector/coverage-router.test.ts[2m > [22mCoverageRouter[2m > [22medge cases[2m > [22mshould handle 100% coverage
 [32mΓ£ô[39m v3/@claude-flow/cli/__tests__/ruvector/coverage-router.test.ts[2m > [22mCoverageRouter[2m > [22medge cases[2m > [22mshould handle 0% coverage
 [32mΓ£ô[39m v3/@claude-flow/cli/__tests__/ruvector/coverage-router.test.ts[2m > [22mcreateCoverageRouter[2m > [22mshould create router instance
 [32mΓ£ô[39m v3/@claude-flow/cli/__tests__/ruvector/coverage-router.test.ts[2m > [22mcreateCoverageRouter[2m > [22mshould accept config
 [32mΓ£ô[39m v3/@claude-flow/cli/__tests__/ruvector/coverage-router.test.ts[2m > [22mCoverageRouter Advanced Scenarios[2m > [22mincremental coverage[2m > [22mshould track coverage changes over time
 [32mΓ£ô[39m v3/@claude-flow/cli/__tests__/ruvector/coverage-router.test.ts[2m > [22mCoverageRouter Advanced Scenarios[2m > [22mpriority scoring[2m > [22mshould prioritize critical files with low coverage
 [32mΓ£ô[39m v3/@claude-flow/cli/__tests__/ruvector/coverage-router.test.ts[2m > [22mCoverageRouter Advanced Scenarios[2m > [22mpriority scoring[2m > [22mshould consider file complexity in priority
 [32mΓ£ô[39m v3/@claude-flow/cli/__tests__/ruvector/coverage-router.test.ts[2m > [22mCoverageRouter Advanced Scenarios[2m > [22mtest type recommendations[2m > [22mshould recommend e2e tests for UI files
 [32mΓ£ô[39m v3/@claude-flow/cli/__tests__/ruvector/coverage-router.test.ts[2m > [22mCoverageRouter Advanced Scenarios[2m > [22mtest type recommendations[2m > [22mshould recommend integration tests for API handlers
 [32mΓ£ô[39m v3/@claude-flow/cli/__tests__/ruvector/coverage-router.test.ts[2m > [22mCoverageRouter Advanced Scenarios[2m > [22mgap analysis[2m > [22mshould identify branch coverage gaps
 [32mΓ£ô[39m v3/@claude-flow/cli/__tests__/ruvector/coverage-router.test.ts[2m > [22mCoverageRouter Advanced Scenarios[2m > [22mgap analysis[2m > [22mshould calculate gap delta from target
 [32mΓ£ô[39m v3/@claude-flow/cli/__tests__/ruvector/coverage-router.test.ts[2m > [22mCoverageRouter Advanced Scenarios[2m > [22meffort estimation[2m > [22mshould estimate higher effort for more uncovered lines
 [32mΓ£ô[39m v3/@claude-flow/cli/__tests__/ruvector/coverage-router.test.ts[2m > [22mCoverageRouter Advanced Scenarios[2m > [22mformat handling[2m > [22mshould handle clover format
 [32mΓ£ô[39m v3/@claude-flow/cli/__tests__/ruvector/coverage-router.test.ts[2m > [22mCoverageRouter Advanced Scenarios[2m > [22mformat handling[2m > [22mshould handle malformed LCOV gracefully
 [32mΓ£ô[39m v3/@claude-flow/cli/__tests__/ruvector/coverage-router.test.ts[2m > [22mCoverageRouter Advanced Scenarios[2m > [22mimpact scoring[2m > [22mshould calculate impact score based on file criticality
 [32mΓ£ô[39m v3/@claude-flow/plugins/__tests__/ruvector-migrations.test.ts[2m > [22mRuVector Migrations[2m > [22mMigration Performance[2m > [22mshould track individual migration timing
 [32mΓ£ô[39m v3/@claude-flow/guidance/tests/generators.test.ts[2m > [22mgenerateClaudeMd[2m > [22mgenerates valid markdown with project name as heading
 [32mΓ£ô[39m v3/@claude-flow/guidance/tests/generators.test.ts[2m > [22mgenerateClaudeMd[2m > [22mincludes language-specific invariants
 [32mΓ£ô[39m v3/@claude-flow/guidance/tests/generators.test.ts[2m > [22mgenerateClaudeMd[2m > [22mincludes build and test section
 [32mΓ£ô[39m v3/@claude-flow/guidance/tests/generators.test.ts[2m > [22mgenerateClaudeMd[2m > [22muses custom package manager
 [32mΓ£ô[39m v3/@claude-flow/guidance/tests/generators.test.ts[2m > [22mgenerateClaudeMd[2m > [22muses custom build and test commands
 [32mΓ£ô[39m v3/@claude-flow/guidance/tests/generators.test.ts[2m > [22mgenerateClaudeMd[2m > [22mincludes lint command when provided
 [32mΓ£ô[39m v3/@claude-flow/guidance/tests/generators.test.ts[2m > [22mgenerateClaudeMd[2m > [22mincludes description when provided
 [32mΓ£ô[39m v3/@claude-flow/guidance/tests/generators.test.ts[2m > [22mgenerateClaudeMd[2m > [22mincludes monorepo note
 [32mΓ£ô[39m v3/@claude-flow/guidance/tests/generators.test.ts[2m > [22mgenerateClaudeMd[2m > [22mincludes source and test directories
 [32mΓ£ô[39m v3/@claude-flow/guidance/tests/generators.test.ts[2m > [22mgenerateClaudeMd[2m > [22mincludes domain rules
 [32mΓ£ô[39m v3/@claude-flow/guidance/tests/generators.test.ts[2m > [22mgenerateClaudeMd[2m > [22mincludes forbidden patterns
 [32mΓ£ô[39m v3/@claude-flow/guidance/tests/generators.test.ts[2m > [22mgenerateClaudeMd[2m > [22mincludes required patterns
 [32mΓ£ô[39m v3/@claude-flow/guidance/tests/generators.test.ts[2m > [22mgenerateClaudeMd[2m > [22mincludes conventions
 [32mΓ£ô[39m v3/@claude-flow/guidance/tests/generators.test.ts[2m > [22mgenerateClaudeMd[2m > [22mincludes framework rules
 [32mΓ£ô[39m v3/@claude-flow/guidance/tests/generators.test.ts[2m > [22mgenerateClaudeMd[2m > [22malways includes security section
 [32mΓ£ô[39m v3/@claude-flow/guidance/tests/generators.test.ts[2m > [22mgenerateClaudeMd[2m > [22mincludes guidance control plane section when enabled
 [32mΓ£ô[39m v3/@claude-flow/guidance/tests/generators.test.ts[2m > [22mgenerateClaudeMd[2m > [22mincludes WASM kernel note when enabled
 [32mΓ£ô[39m v3/@claude-flow/guidance/tests/generators.test.ts[2m > [22mgenerateClaudeMd[2m > [22mincludes swarm configuration
 [32mΓ£ô[39m v3/@claude-flow/guidance/tests/generators.test.ts[2m > [22mgenerateClaudeMd[2m > [22mincludes @imports
 [32mΓ£ô[39m v3/@claude-flow/guidance/tests/generators.test.ts[2m > [22mgenerateClaudeMd[2m > [22mhandles Python language
 [32mΓ£ô[39m v3/@claude-flow/guidance/tests/generators.test.ts[2m > [22mgenerateClaudeMd[2m > [22mhandles Rust language
 [32mΓ£ô[39m v3/@claude-flow/guidance/tests/generators.test.ts[2m > [22mgenerateClaudeMd[2m > [22mhandles Go language
 [32mΓ£ô[39m v3/@claude-flow/guidance/tests/generators.test.ts[2m > [22mgenerateClaudeMd[2m > [22mhandles unknown language with generic rule
 [32mΓ£ô[39m v3/@claude-flow/guidance/tests/generators.test.ts[2m > [22mgenerateClaudeMd[2m > [22mhandles multiple languages
 [32mΓ£ô[39m v3/@claude-flow/guidance/tests/generators.test.ts[2m > [22mgenerateClaudeMd[2m > [22mgenerates constitution-friendly structure (invariants near top)
 [32mΓ£ô[39m v3/@claude-flow/guidance/tests/generators.test.ts[2m > [22mgenerateClaudeLocalMd[2m > [22mgenerates markdown with local development header
 [32mΓ£ô[39m v3/@claude-flow/guidance/tests/generators.test.ts[2m > [22mgenerateClaudeLocalMd[2m > [22mincludes developer name
 [32mΓ£ô[39m v3/@claude-flow/guidance/tests/generators.test.ts[2m > [22mgenerateClaudeLocalMd[2m > [22mincludes local URLs
 [32mΓ£ô[39m v3/@claude-flow/guidance/tests/generators.test.ts[2m > [22mgenerateClaudeLocalMd[2m > [22mincludes database connections
 [32mΓ£ô[39m v3/@claude-flow/guidance/tests/generators.test.ts[2m > [22mgenerateClaudeLocalMd[2m > [22mincludes environment variables as bash exports
 [32mΓ£ô[39m v3/@claude-flow/guidance/tests/generators.test.ts[2m > [22mgenerateClaudeLocalMd[2m > [22mincludes preferences
 [32mΓ£ô[39m v3/@claude-flow/guidance/tests/generators.test.ts[2m > [22mgenerateClaudeLocalMd[2m > [22mincludes machine notes with OS and editor
 [32mΓ£ô[39m v3/@claude-flow/guidance/tests/generators.test.ts[2m > [22mgenerateClaudeLocalMd[2m > [22mincludes debug settings
 [32mΓ£ô[39m v3/@claude-flow/guidance/tests/generators.test.ts[2m > [22mgenerateSkillMd[2m > [22mgenerates valid YAML frontmatter
 [32mΓ£ô[39m v3/@claude-flow/guidance/tests/generators.test.ts[2m > [22mgenerateSkillMd[2m > [22mincludes tags as array
 [32mΓ£ô[39m v3/@claude-flow/guidance/tests/generators.test.ts[2m > [22mgenerateSkillMd[2m > [22mincludes requires list
 [32mΓ£ô[39m v3/@claude-flow/guidance/tests/generators.test.ts[2m > [22mgenerateSkillMd[2m > [22mincludes capabilities list
 [32mΓ£ô[39m v3/@claude-flow/guidance/tests/generators.test.ts[2m > [22mgenerateSkillMd[2m > [22mincludes skill title in title case
 [32mΓ£ô[39m v3/@claude-flow/guidance/tests/generators.test.ts[2m > [22mgenerateSkillMd[2m > [22mincludes instructions body
 [32mΓ£ô[39m v3/@claude-flow/guidance/tests/generators.test.ts[2m > [22mgenerateSkillMd[2m > [22muses custom version
 [32mΓ£ô[39m v3/@claude-flow/guidance/tests/generators.test.ts[2m > [22mgenerateSkillMd[2m > [22momits optional fields when not provided
 [32mΓ£ô[39m v3/@claude-flow/guidance/tests/generators.test.ts[2m > [22mgenerateAgentMd[2m > [22mgenerates valid YAML frontmatter
 [32mΓ£ô[39m v3/@claude-flow/guidance/tests/generators.test.ts[2m > [22mgenerateAgentMd[2m > [22mincludes capabilities list
 [32mΓ£ô[39m v3/@claude-flow/guidance/tests/generators.test.ts[2m > [22mgenerateAgentMd[2m > [22mincludes focus areas
 [32mΓ£ô[39m v3/@claude-flow/guidance/tests/generators.test.ts[2m > [22mgenerateAgentMd[2m > [22mincludes system prompt section
 [32mΓ£ô[39m v3/@claude-flow/guidance/tests/generators.test.ts[2m > [22mgenerateAgentMd[2m > [22mincludes instructions section
 [32mΓ£ô[39m v3/@claude-flow/guidance/tests/generators.test.ts[2m > [22mgenerateAgentMd[2m > [22mincludes agent title in title case
 [32mΓ£ô[39m v3/@claude-flow/guidance/tests/generators.test.ts[2m > [22mgenerateAgentMd[2m > [22mincludes hooks when provided
 [32mΓ£ô[39m v3/@claude-flow/guidance/tests/generators.test.ts[2m > [22mgenerateAgentMd[2m > [22mdefaults temperature to 0.2
 [32mΓ£ô[39m v3/@claude-flow/guidance/tests/generators.test.ts[2m > [22mgenerateAgentMd[2m > [22momits optional fields when not provided
 [32mΓ£ô[39m v3/@claude-flow/guidance/tests/generators.test.ts[2m > [22mgenerateAgentIndex[2m > [22mlists all agents
 [32mΓ£ô[39m v3/@claude-flow/guidance/tests/generators.test.ts[2m > [22mgenerateAgentIndex[2m > [22mgroups agents by type
 [32mΓ£ô[39m v3/@claude-flow/guidance/tests/generators.test.ts[2m > [22mgenerateAgentIndex[2m > [22mhandles empty list
 [32mΓ£ô[39m v3/@claude-flow/guidance/tests/generators.test.ts[2m > [22mscaffold[2m > [22mgenerates CLAUDE.md
 [32mΓ£ô[39m v3/@claude-flow/guidance/tests/generators.test.ts[2m > [22mscaffold[2m > [22mgenerates CLAUDE.local.md when local profile provided
 [32mΓ£ô[39m v3/@claude-flow/guidance/tests/generators.test.ts[2m > [22mscaffold[2m > [22mdoes not generate CLAUDE.local.md when not provided
 [32mΓ£ô[39m v3/@claude-flow/guidance/tests/generators.test.ts[2m > [22mscaffold[2m > [22mgenerates custom agents in correct paths
 [32mΓ£ô[39m v3/@claude-flow/guidance/tests/generators.test.ts[2m > [22mscaffold[2m > [22mgenerates custom skills in correct paths
 [32mΓ£ô[39m v3/@claude-flow/guidance/tests/generators.test.ts[2m > [22mscaffold[2m > [22mincludes default agents when requested
 [32mΓ£ô[39m v3/@claude-flow/guidance/tests/generators.test.ts[2m > [22mscaffold[2m > [22mincludes security agent when guidance control plane is enabled
 [32mΓ£ô[39m v3/@claude-flow/guidance/tests/generators.test.ts[2m > [22mscaffold[2m > [22mincludes default skills when requested
 [32mΓ£ô[39m v3/@claude-flow/guidance/tests/generators.test.ts[2m > [22mscaffold[2m > [22mincludes guidance skill when control plane is enabled
 [32mΓ£ô[39m v3/@claude-flow/guidance/tests/generators.test.ts[2m > [22mscaffold[2m > [22mmerges custom and default agents
 [32mΓ£ô[39m v3/@claude-flow/guidance/tests/generators.test.ts[2m > [22mscaffold[2m > [22mgenerates a full project scaffold with all features
 [32mΓ£ô[39m v3/@claude-flow/guidance/tests/generators.test.ts[2m > [22medge cases[2m > [22mhandles empty arrays gracefully
 [32mΓ£ô[39m v3/@claude-flow/guidance/tests/generators.test.ts[2m > [22medge cases[2m > [22mhandles all framework types
 [32mΓ£ô[39m v3/@claude-flow/guidance/tests/generators.test.ts[2m > [22medge cases[2m > [22mhandles unknown framework gracefully
 [32mΓ£ô[39m v3/@claude-flow/guidance/tests/generators.test.ts[2m > [22medge cases[2m > [22magent index correctly groups multiple agents of same type
 [32mΓ£ô[39m v3/@claude-flow/cli/__tests__/p1-commands.test.ts[2m > [22mStart Command[2m > [22mstart restart[2m > [22mshould restart system[33m 1006[2mms[22m[39m
 [32mΓ£ô[39m v3/@claude-flow/cli/__tests__/p1-commands.test.ts[2m > [22mStatus Command[2m > [22mstatus (default)[2m > [22mshould show system status
 [32mΓ£ô[39m v3/@claude-flow/cli/__tests__/p1-commands.test.ts[2m > [22mStatus Command[2m > [22mstatus (default)[2m > [22mshould output JSON when requested
 [32mΓ£ô[39m v3/@claude-flow/cli/__tests__/p1-commands.test.ts[2m > [22mStatus Command[2m > [22mstatus (default)[2m > [22mshould fail if not initialized
 [32mΓ£ô[39m v3/@claude-flow/cli/__tests__/p1-commands.test.ts[2m > [22mStatus Command[2m > [22mstatus agents[2m > [22mshould show agent status
 [32mΓ£ô[39m v3/@claude-flow/cli/__tests__/p1-commands.test.ts[2m > [22mTask Command[2m > [22mtask create[2m > [22mshould fail without type
 [32mΓ£ô[39m v3/@claude-flow/cli/__tests__/p1-commands.test.ts[2m > [22mTask Command[2m > [22mtask create[2m > [22mshould fail without description
 [32mΓ£ô[39m v3/@claude-flow/cli/__tests__/p1-commands.test.ts[2m > [22mTask Command[2m > [22mtask status[2m > [22mshould fail without task ID
 [32mΓ£ô[39m v3/@claude-flow/cli/__tests__/p1-commands.test.ts[2m > [22mTask Command[2m > [22mtask cancel[2m > [22mshould fail without task ID
 [32mΓ£ô[39m v3/@claude-flow/cli/__tests__/p1-commands.test.ts[2m > [22mTask Command[2m > [22mtask assign[2m > [22mshould unassign task
 [32mΓ£ô[39m v3/@claude-flow/cli/__tests__/p1-commands.test.ts[2m > [22mTask Command[2m > [22mtask assign[2m > [22mshould fail without task ID
 [32mΓ£ô[39m v3/@claude-flow/cli/__tests__/p1-commands.test.ts[2m > [22mTask Command[2m > [22mtask retry[2m > [22mshould fail without task ID
 [32mΓ£ô[39m v3/@claude-flow/cli/__tests__/p1-commands.test.ts[2m > [22mSession Command[2m > [22msession restore[2m > [22mshould fail without session ID in non-interactive mode
 [32mΓ£ô[39m v3/@claude-flow/cli/__tests__/p1-commands.test.ts[2m > [22mSession Command[2m > [22msession delete[2m > [22mshould fail without session ID
 [32mΓ£ô[39m v3/@claude-flow/cli/__tests__/p1-commands.test.ts[2m > [22mSession Command[2m > [22msession export[2m > [22mshould export session to file
 [32mΓ£ô[39m v3/@claude-flow/cli/__tests__/p1-commands.test.ts[2m > [22mSession Command[2m > [22msession import[2m > [22mshould fail if file not found
 [32mΓ£ô[39m v3/@claude-flow/cli/__tests__/p1-commands.test.ts[2m > [22mSession Command[2m > [22msession import[2m > [22mshould fail without file path
 [32mΓ£ô[39m v3/@claude-flow/plugins/__tests__/ruvector-migrations.test.ts[2m > [22mRuVector Migrations[2m > [22mMigration Performance[2m > [22mshould handle rapid up/down cycles[33m 567[2mms[22m[39m
 [31m├ù[39m v3/@claude-flow/cli/__tests__/commands.test.ts[2m > [22mMemory Commands[2m > [22mmemory search[2m > [22mshould search memory[33m 572[2mms[22m[39m
[31m   ΓåÆ expected false to be true // Object.is equality[39m
 [32mΓ£ô[39m v3/@claude-flow/cli/__tests__/commands.test.ts[2m > [22mMemory Commands[2m > [22mmemory search[2m > [22mshould fail without query
 [31m├ù[39m v3/@claude-flow/cli/__tests__/commands.test.ts[2m > [22mMemory Commands[2m > [22mmemory list[2m > [22mshould list memory entries
[31m   ΓåÆ expected false to be true // Object.is equality[39m
 [32mΓ£ô[39m v3/@claude-flow/cli/__tests__/commands.test.ts[2m > [22mMemory Commands[2m > [22mmemory configure[2m > [22mshould configure memory backend
 [32mΓ£ô[39m v3/@claude-flow/cli/__tests__/commands.test.ts[2m > [22mConfig Commands[2m > [22mconfig init[2m > [22mshould initialize configuration
 [32mΓ£ô[39m v3/@claude-flow/cli/__tests__/commands.test.ts[2m > [22mConfig Commands[2m > [22mconfig init[2m > [22mshould initialize with V3 mode
 [32mΓ£ô[39m v3/@claude-flow/cli/__tests__/commands.test.ts[2m > [22mConfig Commands[2m > [22mconfig get[2m > [22mshould get configuration value
 [32mΓ£ô[39m v3/@claude-flow/cli/__tests__/commands.test.ts[2m > [22mConfig Commands[2m > [22mconfig get[2m > [22mshould show all config when no key provided
 [31m├ù[39m v3/@claude-flow/cli/__tests__/commands.test.ts[2m > [22mConfig Commands[2m > [22mconfig set[2m > [22mshould set configuration value
[31m   ΓåÆ expected true to be false // Object.is equality[39m
 [32mΓ£ô[39m v3/@claude-flow/cli/__tests__/commands.test.ts[2m > [22mConfig Commands[2m > [22mconfig set[2m > [22mshould fail without key and value
 [32mΓ£ô[39m v3/@claude-flow/cli/__tests__/commands.test.ts[2m > [22mConfig Commands[2m > [22mconfig providers[2m > [22mshould list providers
 [31m├ù[39m v3/@claude-flow/cli/__tests__/commands.test.ts[2m > [22mConfig Commands[2m > [22mconfig reset[2m > [22mshould reset configuration
[31m   ΓåÆ expected true to be false // Object.is equality[39m
 [31m├ù[39m v3/@claude-flow/cli/__tests__/commands.test.ts[2m > [22mConfig Commands[2m > [22mconfig export[2m > [22mshould export configuration
[31m   ΓåÆ expected true to be false // Object.is equality[39m
 [32mΓ£ô[39m v3/@claude-flow/cli/__tests__/commands.test.ts[2m > [22mConfig Commands[2m > [22mconfig import[2m > [22mshould import configuration
 [32mΓ£ô[39m v3/@claude-flow/cli/__tests__/commands.test.ts[2m > [22mConfig Commands[2m > [22mconfig import[2m > [22mshould fail without file path
 [32mΓ£ô[39m v3/@claude-flow/memory/src/memory-graph.test.ts[2m > [22mMemoryGraph[2m > [22mconstructor[2m > [22mshould create with default configuration
 [32mΓ£ô[39m v3/@claude-flow/memory/src/memory-graph.test.ts[2m > [22mMemoryGraph[2m > [22mconstructor[2m > [22mshould accept custom configuration
 [32mΓ£ô[39m v3/@claude-flow/memory/src/memory-graph.test.ts[2m > [22mMemoryGraph[2m > [22maddNode[2m > [22mshould add a node from a MemoryEntry
 [32mΓ£ô[39m v3/@claude-flow/memory/src/memory-graph.test.ts[2m > [22mMemoryGraph[2m > [22maddNode[2m > [22mshould extract category from metadata
 [32mΓ£ô[39m v3/@claude-flow/memory/src/memory-graph.test.ts[2m > [22mMemoryGraph[2m > [22maddNode[2m > [22mshould ignore when at maxNodes capacity
 [32mΓ£ô[39m v3/@claude-flow/memory/src/memory-graph.test.ts[2m > [22mMemoryGraph[2m > [22maddNode[2m > [22mshould allow re-adding an existing node without counting toward capacity
 [32mΓ£ô[39m v3/@claude-flow/memory/src/memory-graph.test.ts[2m > [22mMemoryGraph[2m > [22maddNode[2m > [22mshould mark graph as dirty
 [32mΓ£ô[39m v3/@claude-flow/memory/src/memory-graph.test.ts[2m > [22mMemoryGraph[2m > [22mremoveNode[2m > [22mshould remove a node and clean up edges
 [32mΓ£ô[39m v3/@claude-flow/memory/src/memory-graph.test.ts[2m > [22mMemoryGraph[2m > [22mremoveNode[2m > [22mshould remove incoming edges to the deleted node
 [32mΓ£ô[39m v3/@claude-flow/memory/src/memory-graph.test.ts[2m > [22mMemoryGraph[2m > [22mremoveNode[2m > [22mshould handle removing a non-existent node gracefully
 [32mΓ£ô[39m v3/@claude-flow/memory/src/memory-graph.test.ts[2m > [22mMemoryGraph[2m > [22mremoveNode[2m > [22mshould clean up pageRank and community entries
 [32mΓ£ô[39m v3/@claude-flow/memory/src/memory-graph.test.ts[2m > [22mMemoryGraph[2m > [22maddEdge[2m > [22mshould add an edge between existing nodes
 [32mΓ£ô[39m v3/@claude-flow/memory/src/memory-graph.test.ts[2m > [22mMemoryGraph[2m > [22maddEdge[2m > [22mshould update weight to max when edge already exists
 [32mΓ£ô[39m v3/@claude-flow/memory/src/memory-graph.test.ts[2m > [22mMemoryGraph[2m > [22maddEdge[2m > [22mshould not downgrade weight when adding with lower value
 [32mΓ£ô[39m v3/@claude-flow/memory/src/memory-graph.test.ts[2m > [22mMemoryGraph[2m > [22maddEdge[2m > [22mshould skip when source node is missing
 [32mΓ£ô[39m v3/@claude-flow/memory/src/memory-graph.test.ts[2m > [22mMemoryGraph[2m > [22maddEdge[2m > [22mshould skip when target node is missing
 [32mΓ£ô[39m v3/@claude-flow/memory/src/memory-graph.test.ts[2m > [22mMemoryGraph[2m > [22maddEdge[2m > [22mshould create reverse edge entry
 [32mΓ£ô[39m v3/@claude-flow/memory/src/memory-graph.test.ts[2m > [22mMemoryGraph[2m > [22maddEdge[2m > [22mshould support multiple edge types
 [32mΓ£ô[39m v3/@claude-flow/memory/src/memory-graph.test.ts[2m > [22mMemoryGraph[2m > [22mbuildFromBackend[2m > [22mshould build graph from backend entries with references
 [32mΓ£ô[39m v3/@claude-flow/memory/src/memory-graph.test.ts[2m > [22mMemoryGraph[2m > [22mbuildFromBackend[2m > [22mshould handle an empty backend
 [32mΓ£ô[39m v3/@claude-flow/memory/src/memory-graph.test.ts[2m > [22mMemoryGraph[2m > [22mbuildFromBackend[2m > [22mshould respect maxNodes limit
 [32mΓ£ô[39m v3/@claude-flow/memory/src/memory-graph.test.ts[2m > [22mMemoryGraph[2m > [22mbuildFromBackend[2m > [22mshould skip reference edges to nodes not in graph
 [32mΓ£ô[39m v3/@claude-flow/memory/src/memory-graph.test.ts[2m > [22mMemoryGraph[2m > [22mbuildFromBackend[2m > [22mshould emit graph:built event
 [32mΓ£ô[39m v3/@claude-flow/memory/src/memory-graph.test.ts[2m > [22mMemoryGraph[2m > [22mcomputePageRank[2m > [22mshould return empty map for empty graph
 [32mΓ£ô[39m v3/@claude-flow/memory/src/memory-graph.test.ts[2m > [22mMemoryGraph[2m > [22mcomputePageRank[2m > [22mshould compute rank of 1.0 for a single node
 [32mΓ£ô[39m v3/@claude-flow/memory/src/memory-graph.test.ts[2m > [22mMemoryGraph[2m > [22mcomputePageRank[2m > [22mshould converge for two connected nodes
 [32mΓ£ô[39m v3/@claude-flow/memory/src/memory-graph.test.ts[2m > [22mMemoryGraph[2m > [22mcomputePageRank[2m > [22mshould give higher rank to node with more incoming edges
 [32mΓ£ô[39m v3/@claude-flow/memory/src/memory-graph.test.ts[2m > [22mMemoryGraph[2m > [22mcomputePageRank[2m > [22mshould respect damping factor
 [32mΓ£ô[39m v3/@claude-flow/memory/src/memory-graph.test.ts[2m > [22mMemoryGraph[2m > [22mcomputePageRank[2m > [22mshould converge within maxIterations
 [32mΓ£ô[39m v3/@claude-flow/memory/src/memory-graph.test.ts[2m > [22mMemoryGraph[2m > [22mcomputePageRank[2m > [22mshould handle disconnected components
 [32mΓ£ô[39m v3/@claude-flow/memory/src/memory-graph.test.ts[2m > [22mMemoryGraph[2m > [22mcomputePageRank[2m > [22mshould mark graph as not dirty after computation
 [32mΓ£ô[39m v3/@claude-flow/memory/src/memory-graph.test.ts[2m > [22mMemoryGraph[2m > [22mcomputePageRank[2m > [22mshould emit pagerank:computed event
 [32mΓ£ô[39m v3/@claude-flow/memory/src/memory-graph.test.ts[2m > [22mMemoryGraph[2m > [22mdetectCommunities[2m > [22mshould assign isolated nodes to individual communities
 [32mΓ£ô[39m v3/@claude-flow/memory/src/memory-graph.test.ts[2m > [22mMemoryGraph[2m > [22mdetectCommunities[2m > [22mshould group connected nodes into the same community
 [32mΓ£ô[39m v3/@claude-flow/memory/src/memory-graph.test.ts[2m > [22mMemoryGraph[2m > [22mdetectCommunities[2m > [22mshould detect two disconnected clusters
 [32mΓ£ô[39m v3/@claude-flow/memory/src/memory-graph.test.ts[2m > [22mMemoryGraph[2m > [22mdetectCommunities[2m > [22mshould emit communities:detected event
 [32mΓ£ô[39m v3/@claude-flow/memory/src/memory-graph.test.ts[2m > [22mMemoryGraph[2m > [22mdetectCommunities[2m > [22mshould handle empty graph
 [32mΓ£ô[39m v3/@claude-flow/memory/src/memory-graph.test.ts[2m > [22mMemoryGraph[2m > [22mrankWithGraph[2m > [22mshould blend vector score and pagerank
 [32mΓ£ô[39m v3/@claude-flow/memory/src/memory-graph.test.ts[2m > [22mMemoryGraph[2m > [22mrankWithGraph[2m > [22mshould respect alpha parameter
 [32mΓ£ô[39m v3/@claude-flow/memory/src/memory-graph.test.ts[2m > [22mMemoryGraph[2m > [22mrankWithGraph[2m > [22mshould handle entries not in graph
 [32mΓ£ô[39m v3/@claude-flow/memory/src/memory-graph.test.ts[2m > [22mMemoryGraph[2m > [22mrankWithGraph[2m > [22mshould sort results by combinedScore descending
 [32mΓ£ô[39m v3/@claude-flow/memory/src/memory-graph.test.ts[2m > [22mMemoryGraph[2m > [22mrankWithGraph[2m > [22mshould include community info when communities are detected
 [32mΓ£ô[39m v3/@claude-flow/memory/src/memory-graph.test.ts[2m > [22mMemoryGraph[2m > [22mgetTopNodes[2m > [22mshould return top N nodes by pageRank
 [32mΓ£ô[39m v3/@claude-flow/memory/src/memory-graph.test.ts[2m > [22mMemoryGraph[2m > [22mgetTopNodes[2m > [22mshould handle requesting more nodes than available
 [32mΓ£ô[39m v3/@claude-flow/memory/src/memory-graph.test.ts[2m > [22mMemoryGraph[2m > [22mgetTopNodes[2m > [22mshould return empty array for empty graph
 [32mΓ£ô[39m v3/@claude-flow/memory/src/memory-graph.test.ts[2m > [22mMemoryGraph[2m > [22mgetTopNodes[2m > [22mshould include community label
 [32mΓ£ô[39m v3/@claude-flow/memory/src/memory-graph.test.ts[2m > [22mMemoryGraph[2m > [22mgetNeighbors[2m > [22mshould return direct neighbors at depth 1
 [32mΓ£ô[39m v3/@claude-flow/memory/src/memory-graph.test.ts[2m > [22mMemoryGraph[2m > [22mgetNeighbors[2m > [22mshould return extended neighbors at depth 2
 [32mΓ£ô[39m v3/@claude-flow/memory/src/memory-graph.test.ts[2m > [22mMemoryGraph[2m > [22mgetNeighbors[2m > [22mshould return all reachable nodes at depth 3
 [32mΓ£ô[39m v3/@claude-flow/memory/src/memory-graph.test.ts[2m > [22mMemoryGraph[2m > [22mgetNeighbors[2m > [22mshould handle node with no neighbors
 [32mΓ£ô[39m v3/@claude-flow/memory/src/memory-graph.test.ts[2m > [22mMemoryGraph[2m > [22mgetNeighbors[2m > [22mshould not include the start node in results
 [32mΓ£ô[39m v3/@claude-flow/memory/src/memory-graph.test.ts[2m > [22mMemoryGraph[2m > [22mgetNeighbors[2m > [22mshould default to depth 1
 [32mΓ£ô[39m v3/@claude-flow/memory/src/memory-graph.test.ts[2m > [22mMemoryGraph[2m > [22maddSimilarityEdges[2m > [22mshould add edges for similar entries above threshold
 [32mΓ£ô[39m v3/@claude-flow/memory/src/memory-graph.test.ts[2m > [22mMemoryGraph[2m > [22maddSimilarityEdges[2m > [22mshould return 0 if entry has no embedding
 [32mΓ£ô[39m v3/@claude-flow/memory/src/memory-graph.test.ts[2m > [22mMemoryGraph[2m > [22maddSimilarityEdges[2m > [22mshould return 0 if entry does not exist
 [32mΓ£ô[39m v3/@claude-flow/memory/src/memory-graph.test.ts[2m > [22mMemoryGraph[2m > [22maddSimilarityEdges[2m > [22mshould skip self-references in search results
 [32mΓ£ô[39m v3/@claude-flow/memory/src/memory-graph.test.ts[2m > [22mMemoryGraph[2m > [22mgetStats[2m > [22mshould return correct initial stats
 [32mΓ£ô[39m v3/@claude-flow/memory/src/memory-graph.test.ts[2m > [22mMemoryGraph[2m > [22mgetStats[2m > [22mshould reflect graph state after adding nodes and edges
 [32mΓ£ô[39m v3/@claude-flow/memory/src/memory-graph.test.ts[2m > [22mMemoryGraph[2m > [22mgetStats[2m > [22mshould report pageRank min/max after computation
 [32mΓ£ô[39m v3/@claude-flow/memory/src/memory-graph.test.ts[2m > [22mMemoryGraph[2m > [22mgetStats[2m > [22mshould count communities after detection
 [32mΓ£ô[39m v3/@claude-flow/plugins/__tests__/ruvector-streaming.test.ts[2m > [22mRuVector Streaming[2m > [22mStreaming Search Results[2m > [22mshould include vectors when requested[33m 954[2mms[22m[39m
 [32mΓ£ô[39m v3/@claude-flow/plugins/__tests__/ruvector-migrations.test.ts[2m > [22mRuVector Migrations[2m > [22mEdge Cases[2m > [22mshould handle migration with no changes
 [32mΓ£ô[39m v3/@claude-flow/plugins/__tests__/ruvector-migrations.test.ts[2m > [22mRuVector Migrations[2m > [22mEdge Cases[2m > [22mshould handle version 0 migration
 [32mΓ£ô[39m v3/@claude-flow/plugins/__tests__/ruvector-migrations.test.ts[2m > [22mRuVector Migrations[2m > [22mEdge Cases[2m > [22mshould handle large version numbers
 [32mΓ£ô[39m v3/@claude-flow/guidance/tests/artifacts.test.ts[2m > [22mArtifactLedger[2m > [22mrecord[2m > [22mshould create an artifact with correct fields and signature
 [32mΓ£ô[39m v3/@claude-flow/guidance/tests/artifacts.test.ts[2m > [22mArtifactLedger[2m > [22mrecord[2m > [22mshould default metadata to empty object when not provided
 [32mΓ£ô[39m v3/@claude-flow/guidance/tests/artifacts.test.ts[2m > [22mArtifactLedger[2m > [22mrecord[2m > [22mshould default tags to empty array when not provided
 [32mΓ£ô[39m v3/@claude-flow/guidance/tests/artifacts.test.ts[2m > [22mArtifactLedger[2m > [22mrecord[2m > [22mshould produce unique artifact IDs
 [32mΓ£ô[39m v3/@claude-flow/guidance/tests/artifacts.test.ts[2m > [22mArtifactLedger[2m > [22mrecord[2m > [22mshould compute correct content size for string content
 [32mΓ£ô[39m v3/@claude-flow/guidance/tests/artifacts.test.ts[2m > [22mArtifactLedger[2m > [22mrecord[2m > [22mshould compute correct content size for object content
 [32mΓ£ô[39m v3/@claude-flow/guidance/tests/artifacts.test.ts[2m > [22mArtifactLedger[2m > [22mrecord[2m > [22mshould handle all artifact kinds
 [32mΓ£ô[39m v3/@claude-flow/guidance/tests/artifacts.test.ts[2m > [22mArtifactLedger[2m > [22mverify[2m > [22mshould detect valid artifacts
 [32mΓ£ô[39m v3/@claude-flow/guidance/tests/artifacts.test.ts[2m > [22mArtifactLedger[2m > [22mverify[2m > [22mshould detect tampered content
 [32mΓ£ô[39m v3/@claude-flow/guidance/tests/artifacts.test.ts[2m > [22mArtifactLedger[2m > [22mverify[2m > [22mshould detect invalid signature
 [32mΓ£ô[39m v3/@claude-flow/guidance/tests/artifacts.test.ts[2m > [22mArtifactLedger[2m > [22mverify[2m > [22mshould detect incomplete lineage (missing parent)
 [32mΓ£ô[39m v3/@claude-flow/guidance/tests/artifacts.test.ts[2m > [22mArtifactLedger[2m > [22mverify[2m > [22mshould verify complete lineage when parents exist
 [32mΓ£ô[39m v3/@claude-flow/guidance/tests/artifacts.test.ts[2m > [22mArtifactLedger[2m > [22mverify[2m > [22mshould return all-false for unknown artifact ID
 [32mΓ£ô[39m v3/@claude-flow/guidance/tests/artifacts.test.ts[2m > [22mArtifactLedger[2m > [22mverify[2m > [22mshould use different signatures for different signing keys
 [32mΓ£ô[39m v3/@claude-flow/guidance/tests/artifacts.test.ts[2m > [22mArtifactLedger[2m > [22mget[2m > [22mshould return the artifact by ID
 [32mΓ£ô[39m v3/@claude-flow/guidance/tests/artifacts.test.ts[2m > [22mArtifactLedger[2m > [22mget[2m > [22mshould return undefined for unknown ID
 [32mΓ£ô[39m v3/@claude-flow/guidance/tests/artifacts.test.ts[2m > [22mArtifactLedger[2m > [22mgetByRun[2m > [22mshould return all artifacts for a run
 [32mΓ£ô[39m v3/@claude-flow/guidance/tests/artifacts.test.ts[2m > [22mArtifactLedger[2m > [22mgetByRun[2m > [22mshould return empty array for unknown run
 [32mΓ£ô[39m v3/@claude-flow/guidance/tests/artifacts.test.ts[2m > [22mArtifactLedger[2m > [22mgetByRun[2m > [22mshould return artifacts sorted by creation time
 [32mΓ£ô[39m v3/@claude-flow/guidance/tests/artifacts.test.ts[2m > [22mArtifactLedger[2m > [22mgetByKind[2m > [22mshould return all artifacts of a specific kind
 [32mΓ£ô[39m v3/@claude-flow/guidance/tests/artifacts.test.ts[2m > [22mArtifactLedger[2m > [22mgetByKind[2m > [22mshould return empty array when no artifacts match
 [32mΓ£ô[39m v3/@claude-flow/guidance/tests/artifacts.test.ts[2m > [22mArtifactLedger[2m > [22mgetByCell[2m > [22mshould return all artifacts from a specific cell
 [32mΓ£ô[39m v3/@claude-flow/guidance/tests/artifacts.test.ts[2m > [22mArtifactLedger[2m > [22mgetLineage[2m > [22mshould traverse ancestry depth-first
 [32mΓ£ô[39m v3/@claude-flow/guidance/tests/artifacts.test.ts[2m > [22mArtifactLedger[2m > [22mgetLineage[2m > [22mshould handle multiple parents
 [32mΓ£ô[39m v3/@claude-flow/guidance/tests/artifacts.test.ts[2m > [22mArtifactLedger[2m > [22mgetLineage[2m > [22mshould handle diamond ancestry without duplicates
 [32mΓ£ô[39m v3/@claude-flow/guidance/tests/artifacts.test.ts[2m > [22mArtifactLedger[2m > [22mgetLineage[2m > [22mshould return empty array for artifact with no parents
 [32mΓ£ô[39m v3/@claude-flow/guidance/tests/artifacts.test.ts[2m > [22mArtifactLedger[2m > [22mgetLineage[2m > [22mshould return empty array for unknown artifact ID
 [32mΓ£ô[39m v3/@claude-flow/guidance/tests/artifacts.test.ts[2m > [22mArtifactLedger[2m > [22mgetLineage[2m > [22mshould handle missing parent gracefully
 [32mΓ£ô[39m v3/@claude-flow/guidance/tests/artifacts.test.ts[2m > [22mArtifactLedger[2m > [22msearch[2m > [22mshould filter by kind
 [32mΓ£ô[39m v3/@claude-flow/guidance/tests/artifacts.test.ts[2m > [22mArtifactLedger[2m > [22msearch[2m > [22mshould filter by runId
 [32mΓ£ô[39m v3/@claude-flow/guidance/tests/artifacts.test.ts[2m > [22mArtifactLedger[2m > [22msearch[2m > [22mshould filter by tags (AND logic)
 [32mΓ£ô[39m v3/@claude-flow/guidance/tests/artifacts.test.ts[2m > [22mArtifactLedger[2m > [22msearch[2m > [22mshould filter by time range (since)
 [32mΓ£ô[39m v3/@claude-flow/guidance/tests/artifacts.test.ts[2m > [22mArtifactLedger[2m > [22msearch[2m > [22mshould filter by time range (until)
 [32mΓ£ô[39m v3/@claude-flow/guidance/tests/artifacts.test.ts[2m > [22mArtifactLedger[2m > [22msearch[2m > [22mshould combine multiple filters with AND
 [32mΓ£ô[39m v3/@claude-flow/guidance/tests/artifacts.test.ts[2m > [22mArtifactLedger[2m > [22msearch[2m > [22mshould return all artifacts with empty query
 [32mΓ£ô[39m v3/@claude-flow/guidance/tests/artifacts.test.ts[2m > [22mArtifactLedger[2m > [22msearch[2m > [22mshould return empty array when no artifacts match
 [32mΓ£ô[39m v3/@claude-flow/guidance/tests/artifacts.test.ts[2m > [22mArtifactLedger[2m > [22mexport and import[2m > [22mshould roundtrip all artifacts through export/import
 [32mΓ£ô[39m v3/@claude-flow/guidance/tests/artifacts.test.ts[2m > [22mArtifactLedger[2m > [22mexport and import[2m > [22mshould preserve artifact contents through roundtrip
 [32mΓ£ô[39m v3/@claude-flow/guidance/tests/artifacts.test.ts[2m > [22mArtifactLedger[2m > [22mexport and import[2m > [22mshould verify imported artifacts with the same signing key
 [32mΓ£ô[39m v3/@claude-flow/guidance/tests/artifacts.test.ts[2m > [22mArtifactLedger[2m > [22mexport and import[2m > [22mshould reject imports with unsupported version
 [32mΓ£ô[39m v3/@claude-flow/guidance/tests/artifacts.test.ts[2m > [22mArtifactLedger[2m > [22mexport and import[2m > [22mshould replace existing ledger contents on import
 [32mΓ£ô[39m v3/@claude-flow/guidance/tests/artifacts.test.ts[2m > [22mArtifactLedger[2m > [22mgetStats[2m > [22mshould count artifacts correctly
 [32mΓ£ô[39m v3/@claude-flow/guidance/tests/artifacts.test.ts[2m > [22mArtifactLedger[2m > [22mgetStats[2m > [22mshould return zeros for empty ledger
 [32mΓ£ô[39m v3/@claude-flow/guidance/tests/artifacts.test.ts[2m > [22mArtifactLedger[2m > [22mgetStats[2m > [22mshould track total content size
 [32mΓ£ô[39m v3/@claude-flow/guidance/tests/artifacts.test.ts[2m > [22mArtifactLedger[2m > [22mgetStats[2m > [22mshould include all artifact kinds in byKind even when zero
 [32mΓ£ô[39m v3/@claude-flow/guidance/tests/artifacts.test.ts[2m > [22mArtifactLedger[2m > [22mcapacity management[2m > [22mshould evict oldest artifact when exceeding maxArtifacts
 [32mΓ£ô[39m v3/@claude-flow/guidance/tests/artifacts.test.ts[2m > [22mArtifactLedger[2m > [22mcreateArtifactLedger factory[2m > [22mshould throw when no signingKey is provided
 [32mΓ£ô[39m v3/@claude-flow/guidance/tests/artifacts.test.ts[2m > [22mArtifactLedger[2m > [22mcreateArtifactLedger factory[2m > [22mshould create a ledger with an explicit signing key
 [32mΓ£ô[39m v3/@claude-flow/guidance/tests/artifacts.test.ts[2m > [22mArtifactLedger[2m > [22mcreateArtifactLedger factory[2m > [22mshould create a ledger with custom signing key
 [32mΓ£ô[39m v3/@claude-flow/plugins/__tests__/ruvector-migrations.test.ts[2m > [22mRuVector Migrations[2m > [22mEdge Cases[2m > [22mshould handle migration with special characters in name
 [32mΓ£ô[39m v3/@claude-flow/plugins/__tests__/ruvector-migrations.test.ts[2m > [22mRuVector Migrations[2m > [22mEdge Cases[2m > [22mshould handle empty rollback request
 [32mΓ£ô[39m v3/@claude-flow/plugins/__tests__/ruvector-migrations.test.ts[2m > [22mRuVector Migrations[2m > [22mEdge Cases[2m > [22mshould handle rollback when nothing applied
 [32mΓ£ô[39m v3/@claude-flow/guidance/tests/coherence.test.ts[2m > [22mCoherenceScheduler[2m > [22mcomputeCoherence[2m > [22mshould compute a healthy score with clean metrics and consistent events
 [32mΓ£ô[39m v3/@claude-flow/guidance/tests/coherence.test.ts[2m > [22mCoherenceScheduler[2m > [22mcomputeCoherence[2m > [22mshould compute a degraded score with moderate violations and rework
 [32mΓ£ô[39m v3/@claude-flow/guidance/tests/coherence.test.ts[2m > [22mCoherenceScheduler[2m > [22mcomputeCoherence[2m > [22mshould compute a critical score with high violations, rework, and drift
 [32mΓ£ô[39m v3/@claude-flow/guidance/tests/coherence.test.ts[2m > [22mCoherenceScheduler[2m > [22mcomputeCoherence[2m > [22mshould clamp violation rate above 10 to 0
 [32mΓ£ô[39m v3/@claude-flow/guidance/tests/coherence.test.ts[2m > [22mCoherenceScheduler[2m > [22mcomputeCoherence[2m > [22mshould clamp rework lines above 100 to 0
 [32mΓ£ô[39m v3/@claude-flow/guidance/tests/coherence.test.ts[2m > [22mCoherenceScheduler[2m > [22mcomputeCoherence[2m > [22mshould handle empty events with drift component 1
 [32mΓ£ô[39m v3/@claude-flow/guidance/tests/coherence.test.ts[2m > [22mCoherenceScheduler[2m > [22mcomputeCoherence[2m > [22mshould respect custom window size
 [32mΓ£ô[39m v3/@claude-flow/guidance/tests/coherence.test.ts[2m > [22mCoherenceScheduler[2m > [22mcomputeCoherence[2m > [22mshould add scores to history
 [32mΓ£ô[39m v3/@claude-flow/guidance/tests/coherence.test.ts[2m > [22mCoherenceScheduler[2m > [22mgetPrivilegeLevel[2m > [22mshould return "full" for healthy scores
 [32mΓ£ô[39m v3/@claude-flow/guidance/tests/coherence.test.ts[2m > [22mCoherenceScheduler[2m > [22mgetPrivilegeLevel[2m > [22mshould return "full" at exactly the healthy threshold
 [32mΓ£ô[39m v3/@claude-flow/guidance/tests/coherence.test.ts[2m > [22mCoherenceScheduler[2m > [22mgetPrivilegeLevel[2m > [22mshould return "restricted" between warning and healthy thresholds
 [32mΓ£ô[39m v3/@claude-flow/guidance/tests/coherence.test.ts[2m > [22mCoherenceScheduler[2m > [22mgetPrivilegeLevel[2m > [22mshould return "read-only" between read-only and warning thresholds
 [32mΓ£ô[39m v3/@claude-flow/guidance/tests/coherence.test.ts[2m > [22mCoherenceScheduler[2m > [22mgetPrivilegeLevel[2m > [22mshould return "suspended" below read-only threshold
 [32mΓ£ô[39m v3/@claude-flow/guidance/tests/coherence.test.ts[2m > [22mCoherenceScheduler[2m > [22mgetPrivilegeLevel[2m > [22mshould use custom thresholds
 [32mΓ£ô[39m v3/@claude-flow/guidance/tests/coherence.test.ts[2m > [22mCoherenceScheduler[2m > [22mdrift detection[2m > [22mshould detect drift when score is below warning threshold
 [32mΓ£ô[39m v3/@claude-flow/guidance/tests/coherence.test.ts[2m > [22mCoherenceScheduler[2m > [22mdrift detection[2m > [22mshould not detect drift when score is healthy
 [32mΓ£ô[39m v3/@claude-flow/guidance/tests/coherence.test.ts[2m > [22mCoherenceScheduler[2m > [22mdrift detection[2m > [22mshould not detect drift at exactly the warning threshold
 [32mΓ£ô[39m v3/@claude-flow/guidance/tests/coherence.test.ts[2m > [22mCoherenceScheduler[2m > [22mdrift detection[2m > [22mshould measure intent drift from diverse events
 [32mΓ£ô[39m v3/@claude-flow/guidance/tests/coherence.test.ts[2m > [22mCoherenceScheduler[2m > [22misHealthy[2m > [22mshould return true for scores at or above healthy threshold
 [32mΓ£ô[39m v3/@claude-flow/guidance/tests/coherence.test.ts[2m > [22mCoherenceScheduler[2m > [22misHealthy[2m > [22mshould return false for scores below healthy threshold
 [32mΓ£ô[39m v3/@claude-flow/guidance/tests/coherence.test.ts[2m > [22mCoherenceScheduler[2m > [22mshouldRestrict[2m > [22mshould restrict when below warning threshold
 [32mΓ£ô[39m v3/@claude-flow/guidance/tests/coherence.test.ts[2m > [22mCoherenceScheduler[2m > [22mshouldRestrict[2m > [22mshould not restrict at or above warning threshold
 [32mΓ£ô[39m v3/@claude-flow/guidance/tests/coherence.test.ts[2m > [22mCoherenceScheduler[2m > [22mgetRecommendation[2m > [22mshould include escalation note for very high scores
 [32mΓ£ô[39m v3/@claude-flow/guidance/tests/coherence.test.ts[2m > [22mCoherenceScheduler[2m > [22mgetRecommendation[2m > [22mshould warn about violations when violation component is low
 [32mΓ£ô[39m v3/@claude-flow/guidance/tests/coherence.test.ts[2m > [22mCoherenceScheduler[2m > [22mgetRecommendation[2m > [22mshould warn about rework when rework component is low
 [32mΓ£ô[39m v3/@claude-flow/guidance/tests/coherence.test.ts[2m > [22mCoherenceScheduler[2m > [22mgetRecommendation[2m > [22mshould warn about drift when drift component is low
 [32mΓ£ô[39m v3/@claude-flow/guidance/tests/coherence.test.ts[2m > [22mCoherenceScheduler[2m > [22mgetRecommendation[2m > [22mshould mention suspension for very low scores
 [32mΓ£ô[39m v3/@claude-flow/guidance/tests/coherence.test.ts[2m > [22mCoherenceScheduler[2m > [22mscore history[2m > [22mshould cap history at 100 entries
 [32mΓ£ô[39m v3/@claude-flow/guidance/tests/coherence.test.ts[2m > [22mCoherenceScheduler[2m > [22mscore history[2m > [22mshould preserve most recent scores when capped
 [32mΓ£ô[39m v3/@claude-flow/guidance/tests/coherence.test.ts[2m > [22mCoherenceScheduler[2m > [22mfactory function[2m > [22mshould create a scheduler via createCoherenceScheduler
 [32mΓ£ô[39m v3/@claude-flow/guidance/tests/coherence.test.ts[2m > [22mCoherenceScheduler[2m > [22mfactory function[2m > [22mshould create a scheduler with defaults
 [32mΓ£ô[39m v3/@claude-flow/guidance/tests/coherence.test.ts[2m > [22mEconomicGovernor[2m > [22mrecordTokenUsage[2m > [22mshould accumulate token usage
 [32mΓ£ô[39m v3/@claude-flow/guidance/tests/coherence.test.ts[2m > [22mEconomicGovernor[2m > [22mrecordToolCall[2m > [22mshould track tool calls
 [32mΓ£ô[39m v3/@claude-flow/guidance/tests/coherence.test.ts[2m > [22mEconomicGovernor[2m > [22mrecordStorageUsage[2m > [22mshould accumulate storage bytes
 [32mΓ£ô[39m v3/@claude-flow/guidance/tests/coherence.test.ts[2m > [22mEconomicGovernor[2m > [22mcheckBudget[2m > [22mshould report within budget when usage is low
 [32mΓ£ô[39m v3/@claude-flow/guidance/tests/coherence.test.ts[2m > [22mEconomicGovernor[2m > [22mcheckBudget[2m > [22mshould emit NOTICE alert at 75% usage
 [32mΓ£ô[39m v3/@claude-flow/guidance/tests/coherence.test.ts[2m > [22mEconomicGovernor[2m > [22mcheckBudget[2m > [22mshould emit WARNING alert at 90% usage
 [32mΓ£ô[39m v3/@claude-flow/guidance/tests/coherence.test.ts[2m > [22mEconomicGovernor[2m > [22mcheckBudget[2m > [22mshould emit CRITICAL alert at 95% usage
 [32mΓ£ô[39m v3/@claude-flow/guidance/tests/coherence.test.ts[2m > [22mEconomicGovernor[2m > [22mcheckBudget[2m > [22mshould report budget exceeded at 100%
 [32mΓ£ô[39m v3/@claude-flow/guidance/tests/coherence.test.ts[2m > [22mEconomicGovernor[2m > [22mcheckBudget[2m > [22mshould generate alerts for multiple dimensions simultaneously
 [32mΓ£ô[39m v3/@claude-flow/guidance/tests/coherence.test.ts[2m > [22mEconomicGovernor[2m > [22mbudget alerts[2m > [22mshould include cost alerts when cost exceeds thresholds
 [32mΓ£ô[39m v3/@claude-flow/guidance/tests/coherence.test.ts[2m > [22mEconomicGovernor[2m > [22mgetCostEstimate[2m > [22mshould compute cost from token usage
 [32mΓ£ô[39m v3/@claude-flow/guidance/tests/coherence.test.ts[2m > [22mEconomicGovernor[2m > [22mgetCostEstimate[2m > [22mshould compute cost from tool call usage
 [32mΓ£ô[39m v3/@claude-flow/guidance/tests/coherence.test.ts[2m > [22mEconomicGovernor[2m > [22mgetCostEstimate[2m > [22mshould sum token and tool call costs
 [32mΓ£ô[39m v3/@claude-flow/guidance/tests/coherence.test.ts[2m > [22mEconomicGovernor[2m > [22mgetCostEstimate[2m > [22mshould report zero cost with no usage
 [32mΓ£ô[39m v3/@claude-flow/guidance/tests/coherence.test.ts[2m > [22mEconomicGovernor[2m > [22mestimateRemainingCapacity[2m > [22mshould show full capacity at start
 [32mΓ£ô[39m v3/@claude-flow/guidance/tests/coherence.test.ts[2m > [22mEconomicGovernor[2m > [22mestimateRemainingCapacity[2m > [22mshould decrease remaining tokens after usage
 [32mΓ£ô[39m v3/@claude-flow/guidance/tests/coherence.test.ts[2m > [22mEconomicGovernor[2m > [22mestimateRemainingCapacity[2m > [22mshould decrease remaining calls after usage
 [32mΓ£ô[39m v3/@claude-flow/guidance/tests/coherence.test.ts[2m > [22mEconomicGovernor[2m > [22mestimateRemainingCapacity[2m > [22mshould not go below zero
 [32mΓ£ô[39m v3/@claude-flow/guidance/tests/coherence.test.ts[2m > [22mEconomicGovernor[2m > [22mresetPeriod[2m > [22mshould reset all counters
 [32mΓ£ô[39m v3/@claude-flow/guidance/tests/coherence.test.ts[2m > [22mEconomicGovernor[2m > [22mresetPeriod[2m > [22mshould reset cost estimate to zero
 [32mΓ£ô[39m v3/@claude-flow/guidance/tests/coherence.test.ts[2m > [22mEconomicGovernor[2m > [22mresetPeriod[2m > [22mshould reset time tracking
 [32mΓ£ô[39m v3/@claude-flow/guidance/tests/coherence.test.ts[2m > [22mEconomicGovernor[2m > [22mresetPeriod[2m > [22mshould allow budget to pass again after reset
 [32mΓ£ô[39m v3/@claude-flow/guidance/tests/coherence.test.ts[2m > [22mEconomicGovernor[2m > [22mfactory function[2m > [22mshould create a governor via createEconomicGovernor
 [32mΓ£ô[39m v3/@claude-flow/guidance/tests/coherence.test.ts[2m > [22mEconomicGovernor[2m > [22mfactory function[2m > [22mshould create a governor with defaults
 [32mΓ£ô[39m v3/@claude-flow/guidance/tests/coherence.test.ts[2m > [22mEconomicGovernor[2m > [22mgetUsageSummary[2m > [22mshould return complete usage breakdown
 [32mΓ£ô[39m v3/@claude-flow/memory/src/controller-registry.test.ts[2m > [22mHybridBackend proxy methods[2m > [22mshould export recordFeedback method[33m 1286[2mms[22m[39m
 [32mΓ£ô[39m v3/@claude-flow/memory/src/controller-registry.test.ts[2m > [22mHybridBackend proxy methods[2m > [22mshould export verifyWitnessChain method
 [32mΓ£ô[39m v3/@claude-flow/memory/src/controller-registry.test.ts[2m > [22mHybridBackend proxy methods[2m > [22mshould export getWitnessChain method
 [32mΓ£ô[39m v3/@claude-flow/plugins/__tests__/ruvector-migrations.test.ts[2m > [22mRuVector Migrations[2m > [22mEdge Cases[2m > [22mshould handle rollbackTo current version
 [32mΓ£ô[39m v3/@claude-flow/cli/__tests__/mcp-tools-deep.test.ts[2m > [22mMCP Tools Deep Test Suite[2m > [22mModule Loading & Registration[2m > [22mshould load all 24 tool modules
 [32mΓ£ô[39m v3/@claude-flow/cli/__tests__/mcp-tools-deep.test.ts[2m > [22mMCP Tools Deep Test Suite[2m > [22mModule Loading & Registration[2m > [22mshould have at least 100 total tools across all modules
 [32mΓ£ô[39m v3/@claude-flow/cli/__tests__/mcp-tools-deep.test.ts[2m > [22mMCP Tools Deep Test Suite[2m > [22mModule Loading & Registration[2m > [22mshould export arrays from each module
 [32mΓ£ô[39m v3/@claude-flow/cli/__tests__/mcp-tools-deep.test.ts[2m > [22mMCP Tools Deep Test Suite[2m > [22mModule Loading & Registration[2m > [22mshould have no duplicate tool names across all modules
 [32mΓ£ô[39m v3/@claude-flow/cli/__tests__/mcp-tools-deep.test.ts[2m > [22mMCP Tools Deep Test Suite[2m > [22mModule Loading & Registration[2m > [22mshould register expected tool counts per module
 [32mΓ£ô[39m v3/@claude-flow/cli/__tests__/mcp-tools-deep.test.ts[2m > [22mMCP Tools Deep Test Suite[2m > [22mSchema Validation - All Tools[2m > [22mevery tool has a non-empty name
 [32mΓ£ô[39m v3/@claude-flow/cli/__tests__/mcp-tools-deep.test.ts[2m > [22mMCP Tools Deep Test Suite[2m > [22mSchema Validation - All Tools[2m > [22mevery tool has a non-empty description
 [32mΓ£ô[39m v3/@claude-flow/cli/__tests__/mcp-tools-deep.test.ts[2m > [22mMCP Tools Deep Test Suite[2m > [22mSchema Validation - All Tools[2m > [22mevery tool has an inputSchema with type "object"
 [32mΓ£ô[39m v3/@claude-flow/cli/__tests__/mcp-tools-deep.test.ts[2m > [22mMCP Tools Deep Test Suite[2m > [22mSchema Validation - All Tools[2m > [22mevery tool inputSchema has a properties field
 [32mΓ£ô[39m v3/@claude-flow/cli/__tests__/mcp-tools-deep.test.ts[2m > [22mMCP Tools Deep Test Suite[2m > [22mSchema Validation - All Tools[2m > [22mevery tool has a handler function
 [32mΓ£ô[39m v3/@claude-flow/cli/__tests__/mcp-tools-deep.test.ts[2m > [22mMCP Tools Deep Test Suite[2m > [22mSchema Validation - All Tools[2m > [22mrequired field is either absent or an array of strings
 [32mΓ£ô[39m v3/@claude-flow/cli/__tests__/mcp-tools-deep.test.ts[2m > [22mMCP Tools Deep Test Suite[2m > [22mSchema Validation - All Tools[2m > [22mrequired fields reference existing properties
 [32mΓ£ô[39m v3/@claude-flow/cli/__tests__/mcp-tools-deep.test.ts[2m > [22mMCP Tools Deep Test Suite[2m > [22mSchema Validation - All Tools[2m > [22mtool names follow naming conventions (category_action or category_action-detail)
 [32mΓ£ô[39m v3/@claude-flow/cli/__tests__/mcp-tools-deep.test.ts[2m > [22mMCP Tools Deep Test Suite[2m > [22mArray Schema Validation[2m > [22mall array-typed properties have an items field
 [32mΓ£ô[39m v3/@claude-flow/cli/__tests__/mcp-tools-deep.test.ts[2m > [22mMCP Tools Deep Test Suite[2m > [22mArray Schema Validation[2m > [22marray items field specifies a type
 [32mΓ£ô[39m v3/@claude-flow/cli/__tests__/mcp-tools-deep.test.ts[2m > [22mMCP Tools Deep Test Suite[2m > [22mCategory Consistency[2m > [22mtool name prefix matches category when category is set
node.exe : [90mstderr[2m | v3/@claude-flow/memory/src/controller-registry.test.ts[2m > [22m[2mHybridBackend 
proxy methods[2m > [22m[2mshould return false for recordFeedback when AgentDB unavailable[22m[39m
At C:\Users\saima\Desktop\code\ruflo_project\node_modules\.bin\vitest.ps1:24 char:5
+     & "node$exe"  "$basedir/../vitest/vitest.mjs" $args
+     ~~~~~~~~~~~~~~~~~~~~~~~~~~~~~~~~~~~~~~~~~~~~~~~~~~~
    + CategoryInfo          : NotSpecified: ([90mstderr[2m...lable[22m[39m:String) [], RemoteException
    + FullyQualifiedErrorId : NativeCommandError
 
AgentDB not available, using fallback in-memory storage

[90mstderr[2m | v3/@claude-flow/memory/src/controller-registry.test.ts[2m > [22m[2mHybridBackend proxy 
methods[2m > [22m[2mshould return invalid for verifyWitnessChain when AgentDB unavailable[22m[39m
AgentDB not available, using fallback in-memory storage

[90mstderr[2m | v3/@claude-flow/memory/src/controller-registry.test.ts[2m > [22m[2mHybridBackend proxy 
methods[2m > [22m[2mshould return empty array for getWitnessChain when AgentDB unavailable[22m[39m
AgentDB not available, using fallback in-memory storage

 [32mΓ£ô[39m v3/@claude-flow/memory/src/controller-registry.test.ts[2m > [22mHybridBackend proxy methods[2m > [22mshould return false for recordFeedback when AgentDB unavailable
 [32mΓ£ô[39m v3/@claude-flow/memory/src/controller-registry.test.ts[2m > [22mHybridBackend proxy methods[2m > [22mshould return invalid for verifyWitnessChain when AgentDB unavailable
 [32mΓ£ô[39m v3/@claude-flow/memory/src/controller-registry.test.ts[2m > [22mHybridBackend proxy methods[2m > [22mshould return empty array for getWitnessChain when AgentDB unavailable
 [32mΓ£ô[39m v3/@claude-flow/plugins/__tests__/ruvector-migrations.test.ts[2m > [22mRuVector Migrations[2m > [22mEdge Cases[2m > [22mshould handle rollbackTo future version
 [32mΓ£ô[39m v3/@claude-flow/cli/__tests__/p1-commands.test.ts[2m > [22mCommand Index Exports[2m > [22mshould export all P1 commands[33m 1115[2mms[22m[39m
 [32mΓ£ô[39m v3/@claude-flow/plugins/__tests__/ruvector-migrations.test.ts[2m > [22mRuVector Migrations[2m > [22mIntegration Patterns[2m > [22mshould support conditional migrations
[90mstderr[2m | v3/@claude-flow/cli/__tests__/plugins-transfer-deep.test.ts[2m > [22m[2mPluginManager[2m > 
[22m[2mgetPluginManager returns singleton[22m[39m
[PluginManager] Warning: getPluginManager called with different baseDir. Using existing instance. Call 
resetPluginManager() first to change.

 [32mΓ£ô[39m v3/@claude-flow/cli/__tests__/plugins-transfer-deep.test.ts[2m > [22mPluginManager[2m > [22mshould initialize and create plugins directory
 [32mΓ£ô[39m v3/@claude-flow/cli/__tests__/plugins-transfer-deep.test.ts[2m > [22mPluginManager[2m > [22mshould return empty list when no plugins installed
 [32mΓ£ô[39m v3/@claude-flow/cli/__tests__/plugins-transfer-deep.test.ts[2m > [22mPluginManager[2m > [22mshould report not installed for unknown plugin
 [32mΓ£ô[39m v3/@claude-flow/cli/__tests__/plugins-transfer-deep.test.ts[2m > [22mPluginManager[2m > [22mshould return undefined for unknown plugin get
 [32mΓ£ô[39m v3/@claude-flow/cli/__tests__/plugins-transfer-deep.test.ts[2m > [22mPluginManager[2m > [22mshould fail enable on non-installed plugin
 [32mΓ£ô[39m v3/@claude-flow/cli/__tests__/plugins-transfer-deep.test.ts[2m > [22mPluginManager[2m > [22mshould fail disable on non-installed plugin
 [32mΓ£ô[39m v3/@claude-flow/cli/__tests__/plugins-transfer-deep.test.ts[2m > [22mPluginManager[2m > [22mshould fail toggle on non-installed plugin
 [32mΓ£ô[39m v3/@claude-flow/cli/__tests__/plugins-transfer-deep.test.ts[2m > [22mPluginManager[2m > [22mshould fail uninstall on non-installed plugin
 [32mΓ£ô[39m v3/@claude-flow/cli/__tests__/plugins-transfer-deep.test.ts[2m > [22mPluginManager[2m > [22mshould fail upgrade on non-installed plugin
 [32mΓ£ô[39m v3/@claude-flow/cli/__tests__/plugins-transfer-deep.test.ts[2m > [22mPluginManager[2m > [22mshould fail setConfig on non-installed plugin
 [32mΓ£ô[39m v3/@claude-flow/cli/__tests__/plugins-transfer-deep.test.ts[2m > [22mPluginManager[2m > [22mshould fail installFromLocal with nonexistent path
 [31m├ù[39m v3/@claude-flow/cli/__tests__/plugins-transfer-deep.test.ts[2m > [22mPluginManager[2m > [22mshould return correct plugins dir and manifest path
[31m   ΓåÆ expected '\tmp\plugin-test-1777627822680\.claudΓÇª' to contain '.claude-flow/plugins'[39m
 [32mΓ£ô[39m v3/@claude-flow/cli/__tests__/plugins-transfer-deep.test.ts[2m > [22mPluginManager[2m > [22mgetPluginManager returns singleton
 [32mΓ£ô[39m v3/@claude-flow/cli/__tests__/plugins-transfer-deep.test.ts[2m > [22mPlugin Store Types[2m > [22mshould allow creating a valid PluginEntry
 [32mΓ£ô[39m v3/@claude-flow/cli/__tests__/plugins-transfer-deep.test.ts[2m > [22mPlugin Store Types[2m > [22mshould accept all PluginType values
 [32mΓ£ô[39m v3/@claude-flow/cli/__tests__/plugins-transfer-deep.test.ts[2m > [22mPlugin Store Types[2m > [22mshould accept all PluginPermission values
 [32mΓ£ô[39m v3/@claude-flow/cli/__tests__/plugins-transfer-deep.test.ts[2m > [22mPlugin Search[2m > [22mshould return all plugins with no options
 [32mΓ£ô[39m v3/@claude-flow/cli/__tests__/plugins-transfer-deep.test.ts[2m > [22mPlugin Search[2m > [22mshould filter by text query
 [32mΓ£ô[39m v3/@claude-flow/cli/__tests__/plugins-transfer-deep.test.ts[2m > [22mPlugin Search[2m > [22mshould filter by category
 [32mΓ£ô[39m v3/@claude-flow/cli/__tests__/plugins-transfer-deep.test.ts[2m > [22mPlugin Search[2m > [22mshould filter by type
 [32mΓ£ô[39m v3/@claude-flow/cli/__tests__/plugins-transfer-deep.test.ts[2m > [22mPlugin Search[2m > [22mshould filter by tags
 [32mΓ£ô[39m v3/@claude-flow/cli/__tests__/plugins-transfer-deep.test.ts[2m > [22mPlugin Search[2m > [22mshould filter by minRating
 [32mΓ£ô[39m v3/@claude-flow/cli/__tests__/plugins-transfer-deep.test.ts[2m > [22mPlugin Search[2m > [22mshould filter by minDownloads
 [32mΓ£ô[39m v3/@claude-flow/cli/__tests__/plugins-transfer-deep.test.ts[2m > [22mPlugin Search[2m > [22mshould filter by verified
 [32mΓ£ô[39m v3/@claude-flow/cli/__tests__/plugins-transfer-deep.test.ts[2m > [22mPlugin Search[2m > [22mshould filter by trustLevel
 [32mΓ£ô[39m v3/@claude-flow/cli/__tests__/plugins-transfer-deep.test.ts[2m > [22mPlugin Search[2m > [22mshould filter by permissions
 [32mΓ£ô[39m v3/@claude-flow/cli/__tests__/plugins-transfer-deep.test.ts[2m > [22mPlugin Search[2m > [22mshould sort by name ascending
 [32mΓ£ô[39m v3/@claude-flow/cli/__tests__/plugins-transfer-deep.test.ts[2m > [22mPlugin Search[2m > [22mshould sort by rating descending
 [32mΓ£ô[39m v3/@claude-flow/cli/__tests__/plugins-transfer-deep.test.ts[2m > [22mPlugin Search[2m > [22mshould paginate results
 [32mΓ£ô[39m v3/@claude-flow/cli/__tests__/plugins-transfer-deep.test.ts[2m > [22mPlugin Search[2m > [22mgetPluginSearchSuggestions returns suggestions
 [32mΓ£ô[39m v3/@claude-flow/cli/__tests__/plugins-transfer-deep.test.ts[2m > [22mPlugin Search[2m > [22mgetPluginTagCloud returns tag counts
 [32mΓ£ô[39m v3/@claude-flow/cli/__tests__/plugins-transfer-deep.test.ts[2m > [22mPlugin Search[2m > [22mgetPluginCategoryStats returns category counts
 [32mΓ£ô[39m v3/@claude-flow/cli/__tests__/plugins-transfer-deep.test.ts[2m > [22mPlugin Search[2m > [22mfindSimilarPlugins finds related plugins
 [32mΓ£ô[39m v3/@claude-flow/cli/__tests__/plugins-transfer-deep.test.ts[2m > [22mPlugin Search[2m > [22mfindSimilarPlugins returns empty for unknown plugin
 [32mΓ£ô[39m v3/@claude-flow/cli/__tests__/plugins-transfer-deep.test.ts[2m > [22mPlugin Search[2m > [22mgetFeaturedPlugins returns featured
 [32mΓ£ô[39m v3/@claude-flow/cli/__tests__/plugins-transfer-deep.test.ts[2m > [22mPlugin Search[2m > [22mgetTrendingPlugins returns trending
 [32mΓ£ô[39m v3/@claude-flow/cli/__tests__/plugins-transfer-deep.test.ts[2m > [22mPlugin Search[2m > [22mgetNewestPlugins returns newest
 [32mΓ£ô[39m v3/@claude-flow/cli/__tests__/plugins-transfer-deep.test.ts[2m > [22mPlugin Search[2m > [22mgetOfficialPlugins returns official
 [32mΓ£ô[39m v3/@claude-flow/cli/__tests__/plugins-transfer-deep.test.ts[2m > [22mPlugin Search[2m > [22mgetPluginsByPermission filters by permission
 [32mΓ£ô[39m v3/@claude-flow/cli/__tests__/plugins-transfer-deep.test.ts[2m > [22mPluginStore High-Level API[2m > [22mshould not be initialized by default
 [32mΓ£ô[39m v3/@claude-flow/cli/__tests__/plugins-transfer-deep.test.ts[2m > [22mPluginStore High-Level API[2m > [22mshould return empty results when not initialized
 [32mΓ£ô[39m v3/@claude-flow/cli/__tests__/plugins-transfer-deep.test.ts[2m > [22mPluginStore High-Level API[2m > [22mshould return empty featured when not initialized
 [32mΓ£ô[39m v3/@claude-flow/cli/__tests__/plugins-transfer-deep.test.ts[2m > [22mPluginStore High-Level API[2m > [22mshould return undefined for getPlugin when not initialized
 [32mΓ£ô[39m v3/@claude-flow/cli/__tests__/plugins-transfer-deep.test.ts[2m > [22mPluginStore High-Level API[2m > [22mshould return empty similar when not initialized
 [32mΓ£ô[39m v3/@claude-flow/cli/__tests__/plugins-transfer-deep.test.ts[2m > [22mCFP Serialization[2m > [22mshould create a valid CFP document
 [32mΓ£ô[39m v3/@claude-flow/cli/__tests__/plugins-transfer-deep.test.ts[2m > [22mCFP Serialization[2m > [22mshould calculate average confidence from routing patterns
 [32mΓ£ô[39m v3/@claude-flow/cli/__tests__/plugins-transfer-deep.test.ts[2m > [22mCFP Serialization[2m > [22mshould round-trip JSON serialize/deserialize
 [32mΓ£ô[39m v3/@claude-flow/cli/__tests__/plugins-transfer-deep.test.ts[2m > [22mCFP Serialization[2m > [22mshould set checksum on serialization
 [32mΓ£ô[39m v3/@claude-flow/cli/__tests__/plugins-transfer-deep.test.ts[2m > [22mCFP Serialization[2m > [22mshould serialize to Buffer for JSON format
 [32mΓ£ô[39m v3/@claude-flow/cli/__tests__/plugins-transfer-deep.test.ts[2m > [22mCFP Serialization[2m > [22mshould throw error for unsupported formats (fixed C-5)
 [32mΓ£ô[39m v3/@claude-flow/cli/__tests__/plugins-transfer-deep.test.ts[2m > [22mCFP Serialization[2m > [22mshould deserialize from Buffer
 [32mΓ£ô[39m v3/@claude-flow/cli/__tests__/plugins-transfer-deep.test.ts[2m > [22mCFP Serialization[2m > [22mshould reject invalid magic bytes
 [32mΓ£ô[39m v3/@claude-flow/cli/__tests__/plugins-transfer-deep.test.ts[2m > [22mCFP Serialization[2m > [22mshould validate a valid CFP
 [32mΓ£ô[39m v3/@claude-flow/cli/__tests__/plugins-transfer-deep.test.ts[2m > [22mCFP Serialization[2m > [22mshould invalidate CFP with wrong magic
 [32mΓ£ô[39m v3/@claude-flow/cli/__tests__/plugins-transfer-deep.test.ts[2m > [22mCFP Serialization[2m > [22mshould invalidate CFP with missing version
 [32mΓ£ô[39m v3/@claude-flow/cli/__tests__/plugins-transfer-deep.test.ts[2m > [22mCFP Serialization[2m > [22mshould invalidate CFP with missing metadata.id
 [32mΓ£ô[39m v3/@claude-flow/cli/__tests__/plugins-transfer-deep.test.ts[2m > [22mCFP Serialization[2m > [22mgetFileExtension returns correct extensions
 [32mΓ£ô[39m v3/@claude-flow/cli/__tests__/plugins-transfer-deep.test.ts[2m > [22mCFP Serialization[2m > [22mdetectFormat detects format from file path
 [32mΓ£ô[39m v3/@claude-flow/cli/__tests__/plugins-transfer-deep.test.ts[2m > [22mAnonymization[2m > [22mshould detect email PII
 [32mΓ£ô[39m v3/@claude-flow/cli/__tests__/plugins-transfer-deep.test.ts[2m > [22mAnonymization[2m > [22mshould detect phone PII
 [32mΓ£ô[39m v3/@claude-flow/cli/__tests__/plugins-transfer-deep.test.ts[2m > [22mAnonymization[2m > [22mshould detect IPv4 PII
 [32mΓ£ô[39m v3/@claude-flow/cli/__tests__/plugins-transfer-deep.test.ts[2m > [22mAnonymization[2m > [22mshould detect API key PII
 [32mΓ£ô[39m v3/@claude-flow/cli/__tests__/plugins-transfer-deep.test.ts[2m > [22mAnonymization[2m > [22mshould detect JWT PII
 [32mΓ£ô[39m v3/@claude-flow/cli/__tests__/plugins-transfer-deep.test.ts[2m > [22mAnonymization[2m > [22mshould detect home path PII
 [32mΓ£ô[39m v3/@claude-flow/cli/__tests__/plugins-transfer-deep.test.ts[2m > [22mAnonymization[2m > [22mshould not find PII in clean content
 [32mΓ£ô[39m v3/@claude-flow/cli/__tests__/plugins-transfer-deep.test.ts[2m > [22mAnonymization[2m > [22mshould redact email
 [32mΓ£ô[39m v3/@claude-flow/cli/__tests__/plugins-transfer-deep.test.ts[2m > [22mAnonymization[2m > [22mshould redact IP addresses
 [32mΓ£ô[39m v3/@claude-flow/cli/__tests__/plugins-transfer-deep.test.ts[2m > [22mAnonymization[2m > [22mshould redact API keys
 [32mΓ£ô[39m v3/@claude-flow/cli/__tests__/plugins-transfer-deep.test.ts[2m > [22mAnonymization[2m > [22mshould apply minimal anonymization (remove author name)
 [32mΓ£ô[39m v3/@claude-flow/cli/__tests__/plugins-transfer-deep.test.ts[2m > [22mAnonymization[2m > [22mshould apply standard anonymization (PII redacted)
 [32mΓ£ô[39m v3/@claude-flow/cli/__tests__/plugins-transfer-deep.test.ts[2m > [22mAnonymization[2m > [22mshould apply strict anonymization (hash IDs, remove context)
 [32mΓ£ô[39m v3/@claude-flow/cli/__tests__/plugins-transfer-deep.test.ts[2m > [22mAnonymization[2m > [22mshould apply paranoid anonymization (differential privacy, remove learnings)
 [32mΓ£ô[39m v3/@claude-flow/cli/__tests__/plugins-transfer-deep.test.ts[2m > [22mAnonymization[2m > [22mscanCFPForPII detects PII in patterns
 [32mΓ£ô[39m v3/@claude-flow/cli/__tests__/plugins-transfer-deep.test.ts[2m > [22mIPFS Client[2m > [22mshould validate CIDv0
 [32mΓ£ô[39m v3/@claude-flow/cli/__tests__/plugins-transfer-deep.test.ts[2m > [22mIPFS Client[2m > [22mshould reject invalid CID
 [32mΓ£ô[39m v3/@claude-flow/cli/__tests__/plugins-transfer-deep.test.ts[2m > [22mIPFS Client[2m > [22mshould validate IPNS domain
 [32mΓ£ô[39m v3/@claude-flow/cli/__tests__/plugins-transfer-deep.test.ts[2m > [22mIPFS Client[2m > [22mshould reject invalid IPNS
 [32mΓ£ô[39m v3/@claude-flow/cli/__tests__/plugins-transfer-deep.test.ts[2m > [22mIPFS Client[2m > [22mshould generate gateway URL
 [32mΓ£ô[39m v3/@claude-flow/cli/__tests__/plugins-transfer-deep.test.ts[2m > [22mIPFS Client[2m > [22mshould generate multiple gateway URLs
 [32mΓ£ô[39m v3/@claude-flow/cli/__tests__/plugins-transfer-deep.test.ts[2m > [22mIPFS Client[2m > [22mshould hash content consistently
 [32mΓ£ô[39m v3/@claude-flow/cli/__tests__/plugins-transfer-deep.test.ts[2m > [22mIPFS Client[2m > [22mshould hash Buffer content
 [32mΓ£ô[39m v3/@claude-flow/cli/__tests__/plugins-transfer-deep.test.ts[2m > [22mIPFS Client[2m > [22mshould parse CIDv0
 [32mΓ£ô[39m v3/@claude-flow/cli/__tests__/plugins-transfer-deep.test.ts[2m > [22mIPFS Client[2m > [22mshould return null for invalid CID parse
 [32mΓ£ô[39m v3/@claude-flow/cli/__tests__/plugins-transfer-deep.test.ts[2m > [22mIPFS Client[2m > [22mshould format bytes correctly
 [32mΓ£ô[39m v3/@claude-flow/cli/__tests__/plugins-transfer-deep.test.ts[2m > [22mIPFS Client[2m > [22mIPFS_GATEWAYS should include known gateways
 [32mΓ£ô[39m v3/@claude-flow/cli/__tests__/plugins-transfer-deep.test.ts[2m > [22mIPFS Client[2m > [22mIPNS_RESOLVERS should have resolvers
 [32mΓ£ô[39m v3/@claude-flow/cli/__tests__/plugins-transfer-deep.test.ts[2m > [22mIPFS Upload Helpers[2m > [22mgetGatewayURL creates correct URL
 [32mΓ£ô[39m v3/@claude-flow/cli/__tests__/plugins-transfer-deep.test.ts[2m > [22mIPFS Upload Helpers[2m > [22mgetIPNSURL creates correct URL
 [32mΓ£ô[39m v3/@claude-flow/cli/__tests__/plugins-transfer-deep.test.ts[2m > [22mIPFS Upload Helpers[2m > [22mhasIPFSCredentials returns false without env vars
 [32mΓ£ô[39m v3/@claude-flow/cli/__tests__/plugins-transfer-deep.test.ts[2m > [22mIPFS Upload Helpers[2m > [22mgetIPFSServiceStatus returns demo when no credentials
 [32mΓ£ô[39m v3/@claude-flow/cli/__tests__/plugins-transfer-deep.test.ts[2m > [22mConfig Adapter[2m > [22mshould convert minimal SystemConfig to V3Config
 [32mΓ£ô[39m v3/@claude-flow/cli/__tests__/plugins-transfer-deep.test.ts[2m > [22mConfig Adapter[2m > [22mshould normalize topology adaptive -> hybrid
 [32mΓ£ô[39m v3/@claude-flow/cli/__tests__/plugins-transfer-deep.test.ts[2m > [22mConfig Adapter[2m > [22mshould handle hierarchical-mesh topology
 [32mΓ£ô[39m v3/@claude-flow/cli/__tests__/plugins-transfer-deep.test.ts[2m > [22mConfig Adapter[2m > [22mshould normalize memory backend redis -> memory
 [32mΓ£ô[39m v3/@claude-flow/cli/__tests__/plugins-transfer-deep.test.ts[2m > [22mConfig Adapter[2m > [22mshould convert V3Config back to SystemConfig
 [32mΓ£ô[39m v3/@claude-flow/cli/__tests__/plugins-transfer-deep.test.ts[2m > [22mConfig Adapter[2m > [22mshould denormalize hybrid topology to hierarchical-mesh
 [32mΓ£ô[39m v3/@claude-flow/cli/__tests__/plugins-transfer-deep.test.ts[2m > [22mConfig Adapter[2m > [22mshould preserve maxAgents in round trip
 [32mΓ£ô[39m v3/@claude-flow/cli/__tests__/plugins-transfer-deep.test.ts[2m > [22mConfig Adapter[2m > [22mshould set HNSW from agentdb config
 [32mΓ£ô[39m v3/@claude-flow/cli/__tests__/plugins-transfer-deep.test.ts[2m > [22mConfig Adapter[2m > [22mshould preserve MCP port in round trip
 [32mΓ£ô[39m v3/@claude-flow/cli/__tests__/plugins-transfer-deep.test.ts[2m > [22mCircuit Breaker[2m > [22mshould start in closed state
 [32mΓ£ô[39m v3/@claude-flow/cli/__tests__/plugins-transfer-deep.test.ts[2m > [22mCircuit Breaker[2m > [22mshould allow requests in closed state
 [32mΓ£ô[39m v3/@claude-flow/cli/__tests__/plugins-transfer-deep.test.ts[2m > [22mCircuit Breaker[2m > [22mshould open after reaching failure threshold
 [32mΓ£ô[39m v3/@claude-flow/cli/__tests__/plugins-transfer-deep.test.ts[2m > [22mCircuit Breaker[2m > [22mshould reject requests in open state
 [32mΓ£ô[39m v3/@claude-flow/plugins/__tests__/ruvector-migrations.test.ts[2m > [22mRuVector Migrations[2m > [22mIntegration Patterns[2m > [22mshould support data migrations
 [32mΓ£ô[39m v3/@claude-flow/cli/__tests__/plugins-transfer-deep.test.ts[2m > [22mCircuit Breaker[2m > [22mshould transition to half-open after timeout
 [32mΓ£ô[39m v3/@claude-flow/cli/__tests__/mcp-tools-deep.test.ts[2m > [22mMCP Tools Deep Test Suite[2m > [22mAgent Tools - Handler Invocation[2m > [22magent_spawn creates an agent with required agentType[33m 332[2mms[22m[39m
 [32mΓ£ô[39m v3/@claude-flow/cli/__tests__/mcp-tools-deep.test.ts[2m > [22mMCP Tools Deep Test Suite[2m > [22mAgent Tools - Handler Invocation[2m > [22magent_list returns agents array
 [32mΓ£ô[39m v3/@claude-flow/cli/__tests__/mcp-tools-deep.test.ts[2m > [22mMCP Tools Deep Test Suite[2m > [22mAgent Tools - Handler Invocation[2m > [22magent_status returns not_found for unknown agent
 [32mΓ£ô[39m v3/@claude-flow/cli/__tests__/mcp-tools-deep.test.ts[2m > [22mMCP Tools Deep Test Suite[2m > [22mAgent Tools - Handler Invocation[2m > [22magent_terminate returns error for unknown agent
 [32mΓ£ô[39m v3/@claude-flow/cli/__tests__/mcp-tools-deep.test.ts[2m > [22mMCP Tools Deep Test Suite[2m > [22mAgent Tools - Handler Invocation[2m > [22magent_pool status action returns pool info
 [32mΓ£ô[39m v3/@claude-flow/cli/__tests__/mcp-tools-deep.test.ts[2m > [22mMCP Tools Deep Test Suite[2m > [22mAgent Tools - Handler Invocation[2m > [22magent_health returns overall health info
 [32mΓ£ô[39m v3/@claude-flow/cli/__tests__/mcp-tools-deep.test.ts[2m > [22mMCP Tools Deep Test Suite[2m > [22mAgent Tools - Handler Invocation[2m > [22magent_update returns error for unknown agent
 [32mΓ£ô[39m v3/@claude-flow/cli/__tests__/mcp-tools-deep.test.ts[2m > [22mMCP Tools Deep Test Suite[2m > [22mSystem Tools - Handler Invocation[2m > [22msystem_status returns version and status
 [32mΓ£ô[39m v3/@claude-flow/cli/__tests__/mcp-tools-deep.test.ts[2m > [22mMCP Tools Deep Test Suite[2m > [22mSystem Tools - Handler Invocation[2m > [22msystem_info returns system information
 [32mΓ£ô[39m v3/@claude-flow/cli/__tests__/mcp-tools-deep.test.ts[2m > [22mMCP Tools Deep Test Suite[2m > [22mSystem Tools - Handler Invocation[2m > [22msystem_health returns health checks
 [32mΓ£ô[39m v3/@claude-flow/plugins/__tests__/ruvector-migrations.test.ts[2m > [22mRuVector Migrations[2m > [22mIntegration Patterns[2m > [22mshould support multi-step migrations
 [32mΓ£ô[39m v3/@claude-flow/cli/__tests__/plugins-transfer-deep.test.ts[2m > [22mCircuit Breaker[2m > [22mshould close after enough successes in half-open
 [32mΓ£ô[39m v3/@claude-flow/plugins/__tests__/ruvector-streaming.test.ts[2m > [22mRuVector Streaming[2m > [22mStreaming Search Results[2m > [22mshould allow filtering with transform stream[33m 980[2mms[22m[39m
 [32mΓ£ô[39m v3/@claude-flow/cli/__tests__/plugins-transfer-deep.test.ts[2m > [22mCircuit Breaker[2m > [22mshould go back to open on failure in half-open
 [32mΓ£ô[39m v3/@claude-flow/cli/__tests__/plugins-transfer-deep.test.ts[2m > [22mCircuit Breaker[2m > [22mexecute should run function in closed state
 [32mΓ£ô[39m v3/@claude-flow/cli/__tests__/plugins-transfer-deep.test.ts[2m > [22mCircuit Breaker[2m > [22mexecute should throw in open state
 [32mΓ£ô[39m v3/@claude-flow/cli/__tests__/plugins-transfer-deep.test.ts[2m > [22mCircuit Breaker[2m > [22mshould track stats correctly
 [32mΓ£ô[39m v3/@claude-flow/cli/__tests__/plugins-transfer-deep.test.ts[2m > [22mCircuit Breaker[2m > [22mgetFailureRate returns correct rate
 [32mΓ£ô[39m v3/@claude-flow/cli/__tests__/plugins-transfer-deep.test.ts[2m > [22mCircuit Breaker[2m > [22mreset clears all state
 [32mΓ£ô[39m v3/@claude-flow/cli/__tests__/plugins-transfer-deep.test.ts[2m > [22mCircuit Breaker[2m > [22mmanual open/close works
 [32mΓ£ô[39m v3/@claude-flow/cli/__tests__/plugins-transfer-deep.test.ts[2m > [22mCircuit Breaker[2m > [22mgetCircuitBreaker returns named breakers
 [32mΓ£ô[39m v3/@claude-flow/cli/__tests__/plugins-transfer-deep.test.ts[2m > [22mRate Limiter[2m > [22mshould allow requests below limit
 [32mΓ£ô[39m v3/@claude-flow/cli/__tests__/plugins-transfer-deep.test.ts[2m > [22mRate Limiter[2m > [22mshould block when limit exceeded
 [32mΓ£ô[39m v3/@claude-flow/cli/__tests__/plugins-transfer-deep.test.ts[2m > [22mRate Limiter[2m > [22mshould allow burst above limit
 [32mΓ£ô[39m v3/@claude-flow/cli/__tests__/plugins-transfer-deep.test.ts[2m > [22mRate Limiter[2m > [22mshould skip whitelisted operations
 [32mΓ£ô[39m v3/@claude-flow/cli/__tests__/plugins-transfer-deep.test.ts[2m > [22mRate Limiter[2m > [22mshould apply per-operation limits
 [32mΓ£ô[39m v3/@claude-flow/cli/__tests__/plugins-transfer-deep.test.ts[2m > [22mRate Limiter[2m > [22mgetStatus reports current usage
 [32mΓ£ô[39m v3/@claude-flow/cli/__tests__/plugins-transfer-deep.test.ts[2m > [22mRate Limiter[2m > [22mreset clears specific key
 [32mΓ£ô[39m v3/@claude-flow/cli/__tests__/plugins-transfer-deep.test.ts[2m > [22mRate Limiter[2m > [22mresetAll clears all
 [32mΓ£ô[39m v3/@claude-flow/cli/__tests__/plugins-transfer-deep.test.ts[2m > [22mRate Limiter[2m > [22mcreateRateLimiter factory works
 [32mΓ£ô[39m v3/@claude-flow/cli/__tests__/plugins-transfer-deep.test.ts[2m > [22mRetry[2m > [22mshould succeed on first attempt
 [32mΓ£ô[39m v3/@claude-flow/cli/__tests__/plugins-transfer-deep.test.ts[2m > [22mRetry[2m > [22mshould retry on failure
 [32mΓ£ô[39m v3/@claude-flow/cli/__tests__/plugins-transfer-deep.test.ts[2m > [22mRetry[2m > [22mshould fail after max attempts
 [32mΓ£ô[39m v3/@claude-flow/cli/__tests__/plugins-transfer-deep.test.ts[2m > [22mRetry[2m > [22mshould not retry non-retryable errors
 [32mΓ£ô[39m v3/plugins/prime-radiant/__tests__/plugin.test.ts[2m > [22mPrimeRadiantPlugin[2m > [22mmetadata[2m > [22mshould have correct plugin name
 [32mΓ£ô[39m v3/plugins/prime-radiant/__tests__/plugin.test.ts[2m > [22mPrimeRadiantPlugin[2m > [22mmetadata[2m > [22mshould have correct version
 [32mΓ£ô[39m v3/plugins/prime-radiant/__tests__/plugin.test.ts[2m > [22mPrimeRadiantPlugin[2m > [22mmetadata[2m > [22mshould specify WASM size
 [32mΓ£ô[39m v3/plugins/prime-radiant/__tests__/plugin.test.ts[2m > [22mPrimeRadiantPlugin[2m > [22mmetadata[2m > [22mshould have required dependencies
 [32mΓ£ô[39m v3/plugins/prime-radiant/__tests__/plugin.test.ts[2m > [22mPrimeRadiantPlugin[2m > [22mmetadata[2m > [22mshould have expected tags
 [32mΓ£ô[39m v3/plugins/prime-radiant/__tests__/plugin.test.ts[2m > [22mPrimeRadiantPlugin[2m > [22mmetadata[2m > [22mshould freeze metadata
 [32mΓ£ô[39m v3/plugins/prime-radiant/__tests__/plugin.test.ts[2m > [22mPrimeRadiantPlugin[2m > [22minitialization[2m > [22mshould start in uninitialized state
 [32mΓ£ô[39m v3/plugins/teammate-plugin/tests/utils.test.ts[2m > [22mRateLimiter[2m > [22mcheckLimit[2m > [22mshould allow operations within limit
 [32mΓ£ô[39m v3/plugins/teammate-plugin/tests/utils.test.ts[2m > [22mRateLimiter[2m > [22mcheckLimit[2m > [22mshould block operations exceeding limit
 [32mΓ£ô[39m v3/plugins/teammate-plugin/tests/utils.test.ts[2m > [22mRateLimiter[2m > [22mcheckLimit[2m > [22mshould track different operations independently
 [32mΓ£ô[39m v3/plugins/teammate-plugin/tests/utils.test.ts[2m > [22mRateLimiter[2m > [22mcheckLimit[2m > [22mshould reset after window expires
 [32mΓ£ô[39m v3/plugins/teammate-plugin/tests/utils.test.ts[2m > [22mRateLimiter[2m > [22mgetState[2m > [22mshould return undefined for unused operations
 [32mΓ£ô[39m v3/plugins/teammate-plugin/tests/utils.test.ts[2m > [22mRateLimiter[2m > [22mgetState[2m > [22mshould return state after operation is used
 [32mΓ£ô[39m v3/plugins/teammate-plugin/tests/utils.test.ts[2m > [22mRateLimiter[2m > [22mgetState[2m > [22mshould mark state as blocked when limit exceeded
 [32mΓ£ô[39m v3/plugins/teammate-plugin/tests/utils.test.ts[2m > [22mRateLimiter[2m > [22mgetRemaining[2m > [22mshould return full limit when no operations used
 [32mΓ£ô[39m v3/plugins/teammate-plugin/tests/utils.test.ts[2m > [22mRateLimiter[2m > [22mgetRemaining[2m > [22mshould decrease as operations are used
 [32mΓ£ô[39m v3/plugins/teammate-plugin/tests/utils.test.ts[2m > [22mRateLimiter[2m > [22mgetRemaining[2m > [22mshould return 0 when limit exhausted
 [32mΓ£ô[39m v3/plugins/teammate-plugin/tests/utils.test.ts[2m > [22mRateLimiter[2m > [22mreset[2m > [22mshould reset specific operation
 [32mΓ£ô[39m v3/plugins/teammate-plugin/tests/utils.test.ts[2m > [22mRateLimiter[2m > [22mreset[2m > [22mshould reset all operations when no argument provided
 [32mΓ£ô[39m v3/plugins/teammate-plugin/tests/utils.test.ts[2m > [22mRateLimiter[2m > [22misBlocked[2m > [22mshould return false when not blocked
 [32mΓ£ô[39m v3/plugins/teammate-plugin/tests/utils.test.ts[2m > [22mRateLimiter[2m > [22misBlocked[2m > [22mshould return true when blocked
 [32mΓ£ô[39m v3/plugins/teammate-plugin/tests/utils.test.ts[2m > [22mCircuitBreaker[2m > [22minitial state[2m > [22mshould start in closed state
 [32mΓ£ô[39m v3/plugins/teammate-plugin/tests/utils.test.ts[2m > [22mCircuitBreaker[2m > [22minitial state[2m > [22mshould have zero failures and successes
 [32mΓ£ô[39m v3/plugins/teammate-plugin/tests/utils.test.ts[2m > [22mCircuitBreaker[2m > [22mexecute[2m > [22mshould execute function and return result when closed
 [32mΓ£ô[39m v3/plugins/teammate-plugin/tests/utils.test.ts[2m > [22mCircuitBreaker[2m > [22mexecute[2m > [22mshould record success after successful execution
 [32mΓ£ô[39m v3/plugins/teammate-plugin/tests/utils.test.ts[2m > [22mCircuitBreaker[2m > [22mexecute[2m > [22mshould record failure after failed execution
 [32mΓ£ô[39m v3/plugins/teammate-plugin/tests/utils.test.ts[2m > [22mCircuitBreaker[2m > [22mexecute[2m > [22mshould open circuit after failure threshold reached
 [32mΓ£ô[39m v3/plugins/teammate-plugin/tests/utils.test.ts[2m > [22mCircuitBreaker[2m > [22mexecute[2m > [22mshould reject immediately when open
 [32mΓ£ô[39m v3/plugins/teammate-plugin/tests/utils.test.ts[2m > [22mCircuitBreaker[2m > [22mexecute[2m > [22mshould include error code in CircuitBreakerOpenError
 [32mΓ£ô[39m v3/plugins/teammate-plugin/tests/utils.test.ts[2m > [22mCircuitBreaker[2m > [22mstate transitions[2m > [22mshould transition from closed to open after failures
 [32mΓ£ô[39m v3/@claude-flow/cli/__tests__/plugins-transfer-deep.test.ts[2m > [22mRetry[2m > [22mshould call onRetry callback
 [32mΓ£ô[39m v3/@claude-flow/cli/__tests__/plugins-transfer-deep.test.ts[2m > [22mRetry[2m > [22mshould record retry history
 [32mΓ£ô[39m v3/@claude-flow/cli/__tests__/plugins-transfer-deep.test.ts[2m > [22mRetry[2m > [22mshould use custom shouldRetry function
 [32mΓ£ô[39m v3/@claude-flow/cli/__tests__/plugins-transfer-deep.test.ts[2m > [22mError Handler[2m > [22mshould classify validation errors
 [32mΓ£ô[39m v3/@claude-flow/cli/__tests__/plugins-transfer-deep.test.ts[2m > [22mError Handler[2m > [22mshould classify timeout errors
 [32mΓ£ô[39m v3/@claude-flow/cli/__tests__/plugins-transfer-deep.test.ts[2m > [22mError Handler[2m > [22mshould classify authentication errors
 [32mΓ£ô[39m v3/@claude-flow/cli/__tests__/plugins-transfer-deep.test.ts[2m > [22mError Handler[2m > [22mshould classify rate limit errors
 [32mΓ£ô[39m v3/@claude-flow/cli/__tests__/plugins-transfer-deep.test.ts[2m > [22mError Handler[2m > [22mshould classify unknown errors
 [32mΓ£ô[39m v3/@claude-flow/cli/__tests__/plugins-transfer-deep.test.ts[2m > [22mError Handler[2m > [22mshould identify retryable categories
 [32mΓ£ô[39m v3/@claude-flow/cli/__tests__/plugins-transfer-deep.test.ts[2m > [22mError Handler[2m > [22mshould sanitize sensitive data
 [32mΓ£ô[39m v3/@claude-flow/cli/__tests__/plugins-transfer-deep.test.ts[2m > [22mError Handler[2m > [22mshould sanitize nested objects with sensitive keys
 [32mΓ£ô[39m v3/@claude-flow/cli/__tests__/plugins-transfer-deep.test.ts[2m > [22mError Handler[2m > [22mshould handle errors and return structured response
 [32mΓ£ô[39m v3/@claude-flow/cli/__tests__/plugins-transfer-deep.test.ts[2m > [22mError Handler[2m > [22mshould track error statistics
 [32mΓ£ô[39m v3/@claude-flow/cli/__tests__/plugins-transfer-deep.test.ts[2m > [22mError Handler[2m > [22mshould clear error log
 [32mΓ£ô[39m v3/@claude-flow/cli/__tests__/plugins-transfer-deep.test.ts[2m > [22mMonitoring[2m > [22mshould record counter metrics
 [32mΓ£ô[39m v3/@claude-flow/cli/__tests__/plugins-transfer-deep.test.ts[2m > [22mMonitoring[2m > [22mshould record gauge metrics
 [32mΓ£ô[39m v3/@claude-flow/cli/__tests__/plugins-transfer-deep.test.ts[2m > [22mMonitoring[2m > [22mshould track requests
 [32mΓ£ô[39m v3/@claude-flow/cli/__tests__/plugins-transfer-deep.test.ts[2m > [22mMonitoring[2m > [22mshould track errors
 [32mΓ£ô[39m v3/@claude-flow/cli/__tests__/plugins-transfer-deep.test.ts[2m > [22mMonitoring[2m > [22mshould calculate performance percentiles
 [32mΓ£ô[39m v3/@claude-flow/cli/__tests__/plugins-transfer-deep.test.ts[2m > [22mMonitoring[2m > [22mshould register and run health checks
 [32mΓ£ô[39m v3/@claude-flow/cli/__tests__/plugins-transfer-deep.test.ts[2m > [22mMonitoring[2m > [22mshould generate alerts when threshold exceeded
 [32mΓ£ô[39m v3/@claude-flow/cli/__tests__/plugins-transfer-deep.test.ts[2m > [22mMonitoring[2m > [22mshould acknowledge alerts
 [32mΓ£ô[39m v3/@claude-flow/cli/__tests__/plugins-transfer-deep.test.ts[2m > [22mMonitoring[2m > [22mshould get metrics summary
 [32mΓ£ô[39m v3/@claude-flow/cli/__tests__/plugins-transfer-deep.test.ts[2m > [22mMonitoring[2m > [22mreset clears all data
 [32mΓ£ô[39m v3/@claude-flow/cli/__tests__/plugins-transfer-deep.test.ts[2m > [22mUpdate Validator[2m > [22mshould validate compatible update
 [32mΓ£ô[39m v3/@claude-flow/cli/__tests__/plugins-transfer-deep.test.ts[2m > [22mUpdate Validator[2m > [22mshould warn about major version bumps
 [32mΓ£ô[39m v3/@claude-flow/cli/__tests__/plugins-transfer-deep.test.ts[2m > [22mUpdate Validator[2m > [22mshould detect incompatible peer dependency
 [32mΓ£ô[39m v3/@claude-flow/cli/__tests__/plugins-transfer-deep.test.ts[2m > [22mUpdate Validator[2m > [22mshould handle unknown packages gracefully
 [32mΓ£ô[39m v3/@claude-flow/cli/__tests__/plugins-transfer-deep.test.ts[2m > [22mUpdate Validator[2m > [22mvalidateBulkUpdate checks all updates
 [32mΓ£ô[39m v3/@claude-flow/cli/__tests__/plugins-transfer-deep.test.ts[2m > [22mUpdate Rate Limiter[2m > [22mshould block in CI environment
 [32mΓ£ô[39m v3/@claude-flow/cli/__tests__/plugins-transfer-deep.test.ts[2m > [22mUpdate Rate Limiter[2m > [22mshould block when auto-update disabled
 [32mΓ£ô[39m v3/@claude-flow/cli/__tests__/plugins-transfer-deep.test.ts[2m > [22mUpdate Rate Limiter[2m > [22mshould allow when force update requested
 [32mΓ£ô[39m v3/@claude-flow/cli/__tests__/plugins-transfer-deep.test.ts[2m > [22mBenchmark Infrastructure[2m > [22mshould run a benchmark and return results
 [32mΓ£ô[39m v3/plugins/prime-radiant/__tests__/plugin.test.ts[2m > [22mPrimeRadiantPlugin[2m > [22minitialization[2m > [22mshould initialize successfully with valid context
 [32mΓ£ô[39m v3/plugins/prime-radiant/__tests__/plugin.test.ts[2m > [22mPrimeRadiantPlugin[2m > [22minitialization[2m > [22mshould log initialization success
 [32mΓ£ô[39m v3/plugins/prime-radiant/__tests__/plugin.test.ts[2m > [22mPrimeRadiantPlugin[2m > [22minitialization[2m > [22mshould reject double initialization
 [32mΓ£ô[39m v3/plugins/prime-radiant/__tests__/plugin.test.ts[2m > [22mPrimeRadiantPlugin[2m > [22minitialization[2m > [22mshould load WASM during initialization
 [32mΓ£ô[39m v3/plugins/prime-radiant/__tests__/plugin.test.ts[2m > [22mPrimeRadiantPlugin[2m > [22minitialization[2m > [22mshould initialize all 6 engines
 [32mΓ£ô[39m v3/plugins/teammate-plugin/tests/utils.test.ts[2m > [22mCircuitBreaker[2m > [22mstate transitions[2m > [22mshould transition from open to half-open after reset time
 [32mΓ£ô[39m v3/plugins/teammate-plugin/tests/utils.test.ts[2m > [22mCircuitBreaker[2m > [22mstate transitions[2m > [22mshould transition from half-open to closed after successes
 [32mΓ£ô[39m v3/plugins/teammate-plugin/tests/utils.test.ts[2m > [22mCircuitBreaker[2m > [22mstate transitions[2m > [22mshould transition from half-open to open on failure
 [32mΓ£ô[39m v3/plugins/teammate-plugin/tests/utils.test.ts[2m > [22mCircuitBreaker[2m > [22mreset[2m > [22mshould reset to initial closed state
 [32mΓ£ô[39m v3/plugins/teammate-plugin/tests/utils.test.ts[2m > [22mCircuitBreaker[2m > [22mdisabled circuit breaker[2m > [22mshould pass through when disabled
 [32mΓ£ô[39m v3/plugins/teammate-plugin/tests/utils.test.ts[2m > [22mCircuitBreaker[2m > [22mtimeout[2m > [22mshould timeout slow operations
 [32mΓ£ô[39m v3/plugins/teammate-plugin/tests/utils.test.ts[2m > [22mMetricsCollector[2m > [22mincrement[2m > [22mshould increment counter metrics
 [32mΓ£ô[39m v3/plugins/teammate-plugin/tests/utils.test.ts[2m > [22mMetricsCollector[2m > [22mincrement[2m > [22mshould increment by custom amount
 [32mΓ£ô[39m v3/plugins/teammate-plugin/tests/utils.test.ts[2m > [22mMetricsCollector[2m > [22mincrement[2m > [22mshould update lastActivityAt
 [32mΓ£ô[39m v3/plugins/teammate-plugin/tests/utils.test.ts[2m > [22mMetricsCollector[2m > [22mdecrement[2m > [22mshould decrement counter metrics
 [32mΓ£ô[39m v3/plugins/teammate-plugin/tests/utils.test.ts[2m > [22mMetricsCollector[2m > [22mdecrement[2m > [22mshould not go below zero
 [32mΓ£ô[39m v3/plugins/teammate-plugin/tests/utils.test.ts[2m > [22mMetricsCollector[2m > [22mset[2m > [22mshould set gauge metrics to specific value
 [32mΓ£ô[39m v3/plugins/teammate-plugin/tests/utils.test.ts[2m > [22mMetricsCollector[2m > [22mrecordLatency[2m > [22mshould record latency measurements
 [32mΓ£ô[39m v3/plugins/teammate-plugin/tests/utils.test.ts[2m > [22mMetricsCollector[2m > [22mgetPercentile[2m > [22mshould calculate percentiles correctly
 [32mΓ£ô[39m v3/plugins/teammate-plugin/tests/utils.test.ts[2m > [22mMetricsCollector[2m > [22mgetPercentile[2m > [22mshould return 0 for empty histogram
 [32mΓ£ô[39m v3/plugins/teammate-plugin/tests/utils.test.ts[2m > [22mMetricsCollector[2m > [22mgetAverageLatency[2m > [22mshould calculate average correctly
 [32mΓ£ô[39m v3/plugins/teammate-plugin/tests/utils.test.ts[2m > [22mMetricsCollector[2m > [22mgetAverageLatency[2m > [22mshould return 0 for empty histogram
 [32mΓ£ô[39m v3/plugins/teammate-plugin/tests/utils.test.ts[2m > [22mMetricsCollector[2m > [22mgetSnapshot[2m > [22mshould include calculated rates
 [32mΓ£ô[39m v3/plugins/teammate-plugin/tests/utils.test.ts[2m > [22mMetricsCollector[2m > [22mgetSnapshot[2m > [22mshould include timestamp
 [32mΓ£ô[39m v3/plugins/teammate-plugin/tests/utils.test.ts[2m > [22mMetricsCollector[2m > [22mreset[2m > [22mshould reset all metrics to initial values
 [32mΓ£ô[39m v3/plugins/teammate-plugin/tests/utils.test.ts[2m > [22mHealthChecker[2m > [22mstartChecking[2m > [22mshould add teammate to checks
 [32mΓ£ô[39m v3/plugins/prime-radiant/__tests__/plugin.test.ts[2m > [22mPrimeRadiantPlugin[2m > [22minitialization[2m > [22mshould mark all engines as ready
 [32mΓ£ô[39m v3/plugins/prime-radiant/__tests__/plugin.test.ts[2m > [22mPrimeRadiantPlugin[2m > [22mshutdown[2m > [22mshould shutdown gracefully
 [32mΓ£ô[39m v3/plugins/prime-radiant/__tests__/plugin.test.ts[2m > [22mPrimeRadiantPlugin[2m > [22mshutdown[2m > [22mshould clear engines on shutdown
 [32mΓ£ô[39m v3/plugins/prime-radiant/__tests__/plugin.test.ts[2m > [22mPrimeRadiantPlugin[2m > [22mshutdown[2m > [22mshould unload WASM on shutdown
 [32mΓ£ô[39m v3/plugins/prime-radiant/__tests__/plugin.test.ts[2m > [22mPrimeRadiantPlugin[2m > [22mshutdown[2m > [22mshould be safe to call shutdown multiple times
 [32mΓ£ô[39m v3/plugins/prime-radiant/__tests__/plugin.test.ts[2m > [22mPrimeRadiantPlugin[2m > [22mshutdown[2m > [22mshould be safe to shutdown uninitialized plugin
 [32mΓ£ô[39m v3/@claude-flow/cli/__tests__/plugins-transfer-deep.test.ts[2m > [22mBenchmark Infrastructure[2m > [22mshould detect when target is not met
 [32mΓ£ô[39m v3/@claude-flow/cli/__tests__/plugins-transfer-deep.test.ts[2m > [22mBenchmark Infrastructure[2m > [22mshould format benchmark result as string
 [32mΓ£ô[39m v3/@claude-flow/cli/__tests__/plugins-transfer-deep.test.ts[2m > [22mTransfer Types Completeness[2m > [22mshould have all AnonymizationLevel values
 [32mΓ£ô[39m v3/@claude-flow/cli/__tests__/plugins-transfer-deep.test.ts[2m > [22mTransfer Types Completeness[2m > [22mshould have all SerializationFormat values
 [32mΓ£ô[39m v3/@claude-flow/cli/__tests__/plugins-transfer-deep.test.ts[2m > [22mTransfer Types Completeness[2m > [22mshould have all PatternType values
 [32mΓ£ô[39m v3/@claude-flow/cli/__tests__/plugins-transfer-deep.test.ts[2m > [22mTransfer Types Completeness[2m > [22mshould have all ImportStrategy values
 [32mΓ£ô[39m v3/@claude-flow/cli/__tests__/plugins-transfer-deep.test.ts[2m > [22mTransfer Types Completeness[2m > [22mshould have all TrustLevel values
 [32mΓ£ô[39m v3/@claude-flow/cli/__tests__/plugins-transfer-deep.test.ts[2m > [22mTransfer Types Completeness[2m > [22mshould have all PinningService values
 [32mΓ£ô[39m v3/@claude-flow/cli/__tests__/plugins-transfer-deep.test.ts[2m > [22mTransfer Types Completeness[2m > [22mshould construct valid CFPFormat
 [32mΓ£ô[39m v3/@claude-flow/cli/__tests__/plugins-transfer-deep.test.ts[2m > [22mTransfer Store Search[2m > [22mshould search all patterns
 [32mΓ£ô[39m v3/@claude-flow/cli/__tests__/plugins-transfer-deep.test.ts[2m > [22mTransfer Store Search[2m > [22mshould search by text query
 [32mΓ£ô[39m v3/@claude-flow/cli/__tests__/plugins-transfer-deep.test.ts[2m > [22mTransfer Store Search[2m > [22mshould search by category
 [32mΓ£ô[39m v3/@claude-flow/cli/__tests__/plugins-transfer-deep.test.ts[2m > [22mTransfer Store Search[2m > [22mshould search by tags
 [32mΓ£ô[39m v3/@claude-flow/cli/__tests__/plugins-transfer-deep.test.ts[2m > [22mTransfer Store Search[2m > [22mgetPatternById finds pattern
 [32mΓ£ô[39m v3/@claude-flow/cli/__tests__/plugins-transfer-deep.test.ts[2m > [22mTransfer Store Search[2m > [22mgetPatternById returns undefined for missing
 [32mΓ£ô[39m v3/@claude-flow/cli/__tests__/plugins-transfer-deep.test.ts[2m > [22mTransfer Store Search[2m > [22mgetPatternByName finds pattern
 [32mΓ£ô[39m v3/@claude-flow/cli/__tests__/plugins-transfer-deep.test.ts[2m > [22mTransfer Store Search[2m > [22mgetPatternsByCategory returns matching
 [32mΓ£ô[39m v3/@claude-flow/cli/__tests__/plugins-transfer-deep.test.ts[2m > [22mTransfer Store Search[2m > [22mgetSearchSuggestions returns suggestions
 [32mΓ£ô[39m v3/@claude-flow/cli/__tests__/plugins-transfer-deep.test.ts[2m > [22mTransfer Store Search[2m > [22mgetTagCloud returns tag counts
 [32mΓ£ô[39m v3/@claude-flow/cli/__tests__/plugins-transfer-deep.test.ts[2m > [22mTransfer Store Search[2m > [22mgetCategoryStats returns stats
 [32mΓ£ô[39m v3/@claude-flow/cli/__tests__/plugins-transfer-deep.test.ts[2m > [22mTransfer Store Registry[2m > [22mshould create a new registry
 [32mΓ£ô[39m v3/@claude-flow/cli/__tests__/plugins-transfer-deep.test.ts[2m > [22mTransfer Store Registry[2m > [22mshould add pattern to registry
 [32mΓ£ô[39m v3/@claude-flow/cli/__tests__/plugins-transfer-deep.test.ts[2m > [22mTransfer Store Registry[2m > [22mshould remove pattern from registry
 [32mΓ£ô[39m v3/@claude-flow/cli/__tests__/plugins-transfer-deep.test.ts[2m > [22mTransfer Store Registry[2m > [22mshould serialize and deserialize registry
 [32mΓ£ô[39m v3/@claude-flow/cli/__tests__/plugins-transfer-deep.test.ts[2m > [22mTransfer Store Registry[2m > [22mshould generate unique pattern IDs
 [32mΓ£ô[39m v3/@claude-flow/cli/__tests__/plugins-transfer-deep.test.ts[2m > [22mTransfer Store Registry[2m > [22mshould merge two registries
 [32mΓ£ô[39m v3/@claude-flow/cli/__tests__/plugins-transfer-deep.test.ts[2m > [22mGCS Storage[2m > [22mgetGCSConfig returns null without env vars
 [32mΓ£ô[39m v3/@claude-flow/cli/__tests__/plugins-transfer-deep.test.ts[2m > [22mGCS Storage[2m > [22mgetGCSStatus reflects configuration state
 [32mΓ£ô[39m v3/@claude-flow/cli/__tests__/plugins-transfer-deep.test.ts[2m > [22mProduction Module Exports[2m > [22mshould export ErrorHandler
 [32mΓ£ô[39m v3/@claude-flow/cli/__tests__/plugins-transfer-deep.test.ts[2m > [22mProduction Module Exports[2m > [22mshould export withErrorHandling
 [32mΓ£ô[39m v3/@claude-flow/cli/__tests__/plugins-transfer-deep.test.ts[2m > [22mProduction Module Exports[2m > [22mshould export RateLimiter
 [32mΓ£ô[39m v3/@claude-flow/cli/__tests__/plugins-transfer-deep.test.ts[2m > [22mProduction Module Exports[2m > [22mshould export createRateLimiter
 [32mΓ£ô[39m v3/@claude-flow/cli/__tests__/plugins-transfer-deep.test.ts[2m > [22mProduction Module Exports[2m > [22mshould export withRetry
 [32mΓ£ô[39m v3/@claude-flow/cli/__tests__/plugins-transfer-deep.test.ts[2m > [22mProduction Module Exports[2m > [22mshould export CircuitBreaker
 [32mΓ£ô[39m v3/@claude-flow/cli/__tests__/plugins-transfer-deep.test.ts[2m > [22mProduction Module Exports[2m > [22mshould export MonitoringHooks
 [32mΓ£ô[39m v3/@claude-flow/cli/__tests__/plugins-transfer-deep.test.ts[2m > [22mProduction Module Exports[2m > [22mshould export createMonitor
 [32mΓ£ô[39m v3/@claude-flow/cli/__tests__/plugins-transfer-deep.test.ts[2m > [22mTransfer Module Exports[2m > [22mshould export CFP serialization functions
 [32mΓ£ô[39m v3/@claude-flow/cli/__tests__/plugins-transfer-deep.test.ts[2m > [22mTransfer Module Exports[2m > [22mshould export anonymization functions
 [32mΓ£ô[39m v3/@claude-flow/cli/__tests__/plugins-transfer-deep.test.ts[2m > [22mTransfer Module Exports[2m > [22mshould export IPFS upload functions
 [32mΓ£ô[39m v3/@claude-flow/cli/__tests__/plugins-transfer-deep.test.ts[2m > [22mTransfer Module Exports[2m > [22mshould export Seraphine model functions
 [32mΓ£ô[39m v3/@claude-flow/cli/__tests__/plugins-transfer-deep.test.ts[2m > [22mTransfer Module Exports[2m > [22mshould export Store classes and functions
 [32mΓ£ô[39m v3/@claude-flow/cli/__tests__/plugins-transfer-deep.test.ts[2m > [22mPlugin Store Module Exports[2m > [22mshould export PluginDiscoveryService
 [32mΓ£ô[39m v3/@claude-flow/cli/__tests__/plugins-transfer-deep.test.ts[2m > [22mPlugin Store Module Exports[2m > [22mshould export createPluginDiscoveryService
 [32mΓ£ô[39m v3/@claude-flow/cli/__tests__/plugins-transfer-deep.test.ts[2m > [22mPlugin Store Module Exports[2m > [22mshould export search functions
 [32mΓ£ô[39m v3/@claude-flow/cli/__tests__/plugins-transfer-deep.test.ts[2m > [22mPlugin Store Module Exports[2m > [22mshould export PluginStore class
 [32mΓ£ô[39m v3/plugins/prime-radiant/__tests__/plugin.test.ts[2m > [22mPrimeRadiantPlugin[2m > [22mhealth check[2m > [22mshould report healthy when initialized
 [32mΓ£ô[39m v3/plugins/prime-radiant/__tests__/plugin.test.ts[2m > [22mPrimeRadiantPlugin[2m > [22mhealth check[2m > [22mshould report unhealthy when not initialized
 [32mΓ£ô[39m v3/plugins/prime-radiant/__tests__/plugin.test.ts[2m > [22mPrimeRadiantPlugin[2m > [22mhealth check[2m > [22mshould include WASM check
 [32mΓ£ô[39m v3/plugins/prime-radiant/__tests__/plugin.test.ts[2m > [22mPrimeRadiantPlugin[2m > [22mhealth check[2m > [22mshould include engines check
 [32mΓ£ô[39m v3/plugins/teammate-plugin/tests/utils.test.ts[2m > [22mHealthChecker[2m > [22mstartChecking[2m > [22mshould perform initial check
 [32mΓ£ô[39m v3/plugins/teammate-plugin/tests/utils.test.ts[2m > [22mHealthChecker[2m > [22mstopChecking[2m > [22mshould remove teammate from checks
 [32mΓ£ô[39m v3/plugins/prime-radiant/__tests__/plugin.test.ts[2m > [22mPrimeRadiantPlugin[2m > [22mhealth check[2m > [22mshould include tools check
 [32mΓ£ô[39m v3/plugins/prime-radiant/__tests__/plugin.test.ts[2m > [22mPrimeRadiantPlugin[2m > [22mMCP tools[2m > [22mshould register MCP tools after initialization
 [32mΓ£ô[39m v3/plugins/prime-radiant/__tests__/plugin.test.ts[2m > [22mPrimeRadiantPlugin[2m > [22mMCP tools[2m > [22mshould include coherence_check tool
 [32mΓ£ô[39m v3/plugins/prime-radiant/__tests__/plugin.test.ts[2m > [22mPrimeRadiantPlugin[2m > [22mMCP tools[2m > [22mshould include spectral_analyze tool
 [32mΓ£ô[39m v3/plugins/prime-radiant/__tests__/plugin.test.ts[2m > [22mPrimeRadiantPlugin[2m > [22mMCP tools[2m > [22mshould include causal_infer tool
 [32mΓ£ô[39m v3/@claude-flow/codex/tests/migrations.test.ts[2m > [22manalyzeClaudeMd[2m > [22msection extraction[2m > [22mshould extract all level-2 sections
 [32mΓ£ô[39m v3/@claude-flow/codex/tests/migrations.test.ts[2m > [22manalyzeClaudeMd[2m > [22msection extraction[2m > [22mshould handle CLAUDE.md with no level-2 sections
 [32mΓ£ô[39m v3/@claude-flow/codex/tests/migrations.test.ts[2m > [22manalyzeClaudeMd[2m > [22mskill extraction[2m > [22mshould extract skill references
 [32mΓ£ô[39m v3/@claude-flow/codex/tests/migrations.test.ts[2m > [22manalyzeClaudeMd[2m > [22mskill extraction[2m > [22mshould extract multiple skills without duplicates
 [32mΓ£ô[39m v3/@claude-flow/codex/tests/migrations.test.ts[2m > [22manalyzeClaudeMd[2m > [22mskill extraction[2m > [22mshould extract skills from skill-heavy document
 [32mΓ£ô[39m v3/@claude-flow/codex/tests/migrations.test.ts[2m > [22manalyzeClaudeMd[2m > [22mhook extraction[2m > [22mshould detect referenced hooks
 [32mΓ£ô[39m v3/@claude-flow/codex/tests/migrations.test.ts[2m > [22manalyzeClaudeMd[2m > [22mhook extraction[2m > [22mshould handle document with no hooks
 [32mΓ£ô[39m v3/@claude-flow/codex/tests/migrations.test.ts[2m > [22manalyzeClaudeMd[2m > [22mhook extraction[2m > [22mshould detect all hook types
 [32mΓ£ô[39m v3/@claude-flow/codex/tests/migrations.test.ts[2m > [22manalyzeClaudeMd[2m > [22mcustom instructions extraction[2m > [22mshould extract behavioral rules
 [32mΓ£ô[39m v3/@claude-flow/codex/tests/migrations.test.ts[2m > [22manalyzeClaudeMd[2m > [22mcustom instructions extraction[2m > [22mshould handle document without Behavioral Rules section
 [32mΓ£ô[39m v3/@claude-flow/codex/tests/migrations.test.ts[2m > [22manalyzeClaudeMd[2m > [22mwarnings generation[2m > [22mshould warn about EnterPlanMode usage
 [32mΓ£ô[39m v3/@claude-flow/codex/tests/migrations.test.ts[2m > [22manalyzeClaudeMd[2m > [22mwarnings generation[2m > [22mshould warn about claude -p usage
 [32mΓ£ô[39m v3/@claude-flow/codex/tests/migrations.test.ts[2m > [22manalyzeClaudeMd[2m > [22mwarnings generation[2m > [22mshould warn about TodoWrite usage
 [32mΓ£ô[39m v3/@claude-flow/codex/tests/migrations.test.ts[2m > [22manalyzeClaudeMd[2m > [22mwarnings generation[2m > [22mshould not generate warnings for clean CLAUDE.md
 [32mΓ£ô[39m v3/@claude-flow/codex/tests/migrations.test.ts[2m > [22mmigrateFromClaudeCode[2m > [22msuccessful migration[2m > [22mshould return success result
 [32mΓ£ô[39m v3/@claude-flow/codex/tests/migrations.test.ts[2m > [22mmigrateFromClaudeCode[2m > [22msuccessful migration[2m > [22mshould generate AGENTS.md path
 [32mΓ£ô[39m v3/@claude-flow/codex/tests/migrations.test.ts[2m > [22mmigrateFromClaudeCode[2m > [22msuccessful migration[2m > [22mshould generate config.toml path
 [32mΓ£ô[39m v3/@claude-flow/codex/tests/migrations.test.ts[2m > [22mmigrateFromClaudeCode[2m > [22msuccessful migration[2m > [22mshould create default skills when generateSkills is true
 [32mΓ£ô[39m v3/@claude-flow/codex/tests/migrations.test.ts[2m > [22mmigrateFromClaudeCode[2m > [22msuccessful migration[2m > [22mshould not create skills when generateSkills is false
 [32mΓ£ô[39m v3/@claude-flow/codex/tests/migrations.test.ts[2m > [22mmigrateFromClaudeCode[2m > [22msuccessful migration[2m > [22mshould include feature mappings
 [32mΓ£ô[39m v3/@claude-flow/codex/tests/migrations.test.ts[2m > [22mmigrateFromClaudeCode[2m > [22msuccessful migration[2m > [22mshould include migration warnings
 [32mΓ£ô[39m v3/@claude-flow/codex/tests/migrations.test.ts[2m > [22mmigrateFromClaudeCode[2m > [22mmigration options[2m > [22mshould respect preserveComments option
 [32mΓ£ô[39m v3/@claude-flow/codex/tests/migrations.test.ts[2m > [22mmigrateFromClaudeCode[2m > [22mmigration options[2m > [22mshould use custom target path
 [32mΓ£ô[39m v3/@claude-flow/codex/tests/migrations.test.ts[2m > [22mconvertSkillSyntax[2m > [22mshould convert /skill-name to $skill-name
 [32mΓ£ô[39m v3/@claude-flow/codex/tests/migrations.test.ts[2m > [22mconvertSkillSyntax[2m > [22mshould convert multiple skill references
 [32mΓ£ô[39m v3/@claude-flow/codex/tests/migrations.test.ts[2m > [22mconvertSkillSyntax[2m > [22mshould preserve URLs (improved regex)
 [32mΓ£ô[39m v3/@claude-flow/codex/tests/migrations.test.ts[2m > [22mconvertSkillSyntax[2m > [22mshould handle complex skill names
 [32mΓ£ô[39m v3/@claude-flow/codex/tests/migrations.test.ts[2m > [22mconvertSkillSyntax[2m > [22mshould preserve surrounding text
 [32mΓ£ô[39m v3/@claude-flow/codex/tests/migrations.test.ts[2m > [22mconvertSkillSyntax[2m > [22mshould handle content with no skills
 [32mΓ£ô[39m v3/@claude-flow/codex/tests/migrations.test.ts[2m > [22mconvertSkillSyntax[2m > [22mshould convert skills at line start
 [32mΓ£ô[39m v3/@claude-flow/codex/tests/migrations.test.ts[2m > [22mconvertSkillSyntax[2m > [22mshould convert skills at line end
 [32mΓ£ô[39m v3/@claude-flow/codex/tests/migrations.test.ts[2m > [22mconvertSettingsToToml[2m > [22mshould include migration header
 [32mΓ£ô[39m v3/@claude-flow/codex/tests/migrations.test.ts[2m > [22mconvertSettingsToToml[2m > [22mshould convert model setting
 [32mΓ£ô[39m v3/@claude-flow/codex/tests/migrations.test.ts[2m > [22mconvertSettingsToToml[2m > [22mshould convert autoApprove true to never policy
 [32mΓ£ô[39m v3/@claude-flow/codex/tests/migrations.test.ts[2m > [22mconvertSettingsToToml[2m > [22mshould convert autoApprove read-only
 [32mΓ£ô[39m v3/@claude-flow/codex/tests/migrations.test.ts[2m > [22mconvertSettingsToToml[2m > [22mshould use on-request as default approval policy
 [32mΓ£ô[39m v3/@claude-flow/codex/tests/migrations.test.ts[2m > [22mconvertSettingsToToml[2m > [22mshould convert MCP servers
 [32mΓ£ô[39m v3/@claude-flow/codex/tests/migrations.test.ts[2m > [22mconvertSettingsToToml[2m > [22mshould add default claude-flow server when no mcpServers
 [32mΓ£ô[39m v3/@claude-flow/codex/tests/migrations.test.ts[2m > [22mconvertSettingsToToml[2m > [22mshould handle empty settings
 [32mΓ£ô[39m v3/@claude-flow/codex/tests/migrations.test.ts[2m > [22mgenerateMigrationReport[2m > [22msuccessful migration report[2m > [22mshould show success status
 [32mΓ£ô[39m v3/@claude-flow/codex/tests/migrations.test.ts[2m > [22mgenerateMigrationReport[2m > [22msuccessful migration report[2m > [22mshould list generated files
 [32mΓ£ô[39m v3/@claude-flow/codex/tests/migrations.test.ts[2m > [22mgenerateMigrationReport[2m > [22msuccessful migration report[2m > [22mshould list created skills
 [32mΓ£ô[39m v3/@claude-flow/codex/tests/migrations.test.ts[2m > [22mgenerateMigrationReport[2m > [22msuccessful migration report[2m > [22mshould include feature mappings table
 [32mΓ£ô[39m v3/@claude-flow/codex/tests/migrations.test.ts[2m > [22mgenerateMigrationReport[2m > [22msuccessful migration report[2m > [22mshould include warnings
 [32mΓ£ô[39m v3/@claude-flow/codex/tests/migrations.test.ts[2m > [22mgenerateMigrationReport[2m > [22mfailed migration report[2m > [22mshould show failed status
 [32mΓ£ô[39m v3/@claude-flow/codex/tests/migrations.test.ts[2m > [22mgenerateMigrationReport[2m > [22mfailed migration report[2m > [22mshould include error warnings
 [32mΓ£ô[39m v3/@claude-flow/codex/tests/migrations.test.ts[2m > [22mgenerateMigrationReport[2m > [22mminimal report[2m > [22mshould handle minimal result
 [32mΓ£ô[39m v3/@claude-flow/codex/tests/migrations.test.ts[2m > [22mFEATURE_MAPPINGS[2m > [22mshould contain CLAUDE.md to AGENTS.md mapping
 [32mΓ£ô[39m v3/@claude-flow/codex/tests/migrations.test.ts[2m > [22mFEATURE_MAPPINGS[2m > [22mshould contain skill invocation syntax mapping
 [32mΓ£ô[39m v3/@claude-flow/codex/tests/migrations.test.ts[2m > [22mFEATURE_MAPPINGS[2m > [22mshould contain MCP servers mapping
 [32mΓ£ô[39m v3/@claude-flow/codex/tests/migrations.test.ts[2m > [22mFEATURE_MAPPINGS[2m > [22mshould mark EnterPlanMode as unsupported
 [32mΓ£ô[39m v3/@claude-flow/codex/tests/migrations.test.ts[2m > [22mFEATURE_MAPPINGS[2m > [22mshould mark hooks as partial
 [32mΓ£ô[39m v3/@claude-flow/codex/tests/migrations.test.ts[2m > [22mFEATURE_MAPPINGS[2m > [22mshould include notes for all mappings
 [32mΓ£ô[39m v3/@claude-flow/codex/tests/migrations.test.ts[2m > [22mFEATURE_MAPPINGS[2m > [22mshould have at least 8 mappings
 [32mΓ£ô[39m v3/@claude-flow/codex/tests/migrations.test.ts[2m > [22mmigration integration[2m > [22mshould analyze and migrate consistently
 [32mΓ£ô[39m v3/@claude-flow/codex/tests/migrations.test.ts[2m > [22mmigration integration[2m > [22mshould convert analyzed content correctly
 [32mΓ£ô[39m v3/plugins/prime-radiant/__tests__/plugin.test.ts[2m > [22mPrimeRadiantPlugin[2m > [22mMCP tools[2m > [22mshould include consensus_verify tool
 [32mΓ£ô[39m v3/plugins/prime-radiant/__tests__/plugin.test.ts[2m > [22mPrimeRadiantPlugin[2m > [22mMCP tools[2m > [22mshould include quantum_topology tool
 [32mΓ£ô[39m v3/plugins/prime-radiant/__tests__/plugin.test.ts[2m > [22mPrimeRadiantPlugin[2m > [22mMCP tools[2m > [22mshould include memory_gate tool
 [32mΓ£ô[39m v3/plugins/prime-radiant/__tests__/plugin.test.ts[2m > [22mPrimeRadiantPlugin[2m > [22mMCP tools[2m > [22mshould have valid input schemas
 [32mΓ£ô[39m v3/plugins/prime-radiant/__tests__/plugin.test.ts[2m > [22mPrimeRadiantPlugin[2m > [22mMCP tools[2m > [22mshould have working handlers
 [32mΓ£ô[39m v3/plugins/prime-radiant/__tests__/plugin.test.ts[2m > [22mPrimeRadiantPlugin[2m > [22mhooks[2m > [22mshould register hooks after initialization
 [32mΓ£ô[39m v3/plugins/prime-radiant/__tests__/plugin.test.ts[2m > [22mPrimeRadiantPlugin[2m > [22mhooks[2m > [22mshould include pre-memory-store hook
 [32mΓ£ô[39m v3/plugins/prime-radiant/__tests__/plugin.test.ts[2m > [22mPrimeRadiantPlugin[2m > [22mhooks[2m > [22mshould include pre-consensus hook
 [32mΓ£ô[39m v3/plugins/prime-radiant/__tests__/plugin.test.ts[2m > [22mPrimeRadiantPlugin[2m > [22mhooks[2m > [22mshould include post-swarm-task hook
 [32mΓ£ô[39m v3/plugins/prime-radiant/__tests__/plugin.test.ts[2m > [22mPrimeRadiantPlugin[2m > [22mhooks[2m > [22mshould include pre-rag-retrieval hook
 [32mΓ£ô[39m v3/plugins/teammate-plugin/tests/utils.test.ts[2m > [22mHealthChecker[2m > [22mhealth status transitions[2m > [22mshould become healthy after successful checks[33m 314[2mms[22m[39m
 [32mΓ£ô[39m v3/plugins/prime-radiant/__tests__/plugin.test.ts[2m > [22mPrimeRadiantPlugin[2m > [22mconfiguration[2m > [22mshould access plugin settings
 [32mΓ£ô[39m v3/plugins/prime-radiant/__tests__/plugin.test.ts[2m > [22mPrimeRadiantPlugin[2m > [22mconfiguration[2m > [22mshould access spectral settings
 [32mΓ£ô[39m v3/plugins/prime-radiant/__tests__/plugin.test.ts[2m > [22mPrimeRadiantPlugin[2m > [22mconfiguration[2m > [22mshould access causal settings
 [32mΓ£ô[39m v3/plugins/prime-radiant/__tests__/plugin.test.ts[2m > [22mPrimeRadiantPlugin WASM Loading[2m > [22mshould handle WASM load failure gracefully
 [32mΓ£ô[39m v3/plugins/prime-radiant/__tests__/plugin.test.ts[2m > [22mPrimeRadiantPlugin WASM Loading[2m > [22mshould load WASM within performance target
 [32mΓ£ô[39m v3/@claude-flow/cli/__tests__/mcp-tools-deep.test.ts[2m > [22mMCP Tools Deep Test Suite[2m > [22mSystem Tools - Handler Invocation[2m > [22msystem_metrics returns metrics data
 [32mΓ£ô[39m v3/@claude-flow/cli/__tests__/mcp-tools-deep.test.ts[2m > [22mMCP Tools Deep Test Suite[2m > [22mSystem Tools - Handler Invocation[2m > [22mmcp_status returns MCP server info
 [32mΓ£ô[39m v3/@claude-flow/cli/__tests__/mcp-tools-deep.test.ts[2m > [22mMCP Tools Deep Test Suite[2m > [22mConfig Tools - Handler Invocation[2m > [22mconfig_get returns value for known key
 [32mΓ£ô[39m v3/@claude-flow/cli/__tests__/mcp-tools-deep.test.ts[2m > [22mMCP Tools Deep Test Suite[2m > [22mConfig Tools - Handler Invocation[2m > [22mconfig_set stores a value
 [32mΓ£ô[39m v3/@claude-flow/cli/__tests__/mcp-tools-deep.test.ts[2m > [22mMCP Tools Deep Test Suite[2m > [22mConfig Tools - Handler Invocation[2m > [22mconfig_list returns configurations
 [32mΓ£ô[39m v3/@claude-flow/cli/__tests__/mcp-tools-deep.test.ts[2m > [22mMCP Tools Deep Test Suite[2m > [22mConfig Tools - Handler Invocation[2m > [22mconfig_reset returns success
 [32mΓ£ô[39m v3/@claude-flow/cli/__tests__/mcp-tools-deep.test.ts[2m > [22mMCP Tools Deep Test Suite[2m > [22mConfig Tools - Handler Invocation[2m > [22mconfig_export returns config data
 [32mΓ£ô[39m v3/@claude-flow/cli/__tests__/mcp-tools-deep.test.ts[2m > [22mMCP Tools Deep Test Suite[2m > [22mConfig Tools - Handler Invocation[2m > [22mconfig_import returns success
 [32mΓ£ô[39m v3/@claude-flow/cli/__tests__/mcp-tools-deep.test.ts[2m > [22mMCP Tools Deep Test Suite[2m > [22mSwarm Tools - Handler Invocation[2m > [22mswarm_init returns swarmId and topology
 [32mΓ£ô[39m v3/@claude-flow/cli/__tests__/mcp-tools-deep.test.ts[2m > [22mMCP Tools Deep Test Suite[2m > [22mSwarm Tools - Handler Invocation[2m > [22mswarm_status returns running status after init
 [32mΓ£ô[39m v3/@claude-flow/cli/__tests__/mcp-tools-deep.test.ts[2m > [22mMCP Tools Deep Test Suite[2m > [22mSwarm Tools - Handler Invocation[2m > [22mswarm_shutdown returns success after init
 [32mΓ£ô[39m v3/@claude-flow/cli/__tests__/mcp-tools-deep.test.ts[2m > [22mMCP Tools Deep Test Suite[2m > [22mSwarm Tools - Handler Invocation[2m > [22mswarm_health returns healthy checks after init
 [32mΓ£ô[39m v3/@claude-flow/cli/__tests__/mcp-tools-deep.test.ts[2m > [22mMCP Tools Deep Test Suite[2m > [22mSwarm Tools - Handler Invocation[2m > [22mswarm_health returns not_found for nonexistent swarm ID
 [32mΓ£ô[39m v3/@claude-flow/cli/__tests__/mcp-tools-deep.test.ts[2m > [22mMCP Tools Deep Test Suite[2m > [22mSwarm Tools - Handler Invocation[2m > [22mswarm_init rejects invalid topology
 [32mΓ£ô[39m v3/@claude-flow/cli/__tests__/mcp-tools-deep.test.ts[2m > [22mMCP Tools Deep Test Suite[2m > [22mTask Tools - Handler Invocation[2m > [22mtask_create creates a task
 [32mΓ£ô[39m v3/@claude-flow/cli/__tests__/mcp-tools-deep.test.ts[2m > [22mMCP Tools Deep Test Suite[2m > [22mTask Tools - Handler Invocation[2m > [22mtask_list returns tasks array
 [32mΓ£ô[39m v3/@claude-flow/cli/__tests__/mcp-tools-deep.test.ts[2m > [22mMCP Tools Deep Test Suite[2m > [22mTask Tools - Handler Invocation[2m > [22mtask_status returns not_found for unknown task
 [32mΓ£ô[39m v3/@claude-flow/cli/__tests__/mcp-tools-deep.test.ts[2m > [22mMCP Tools Deep Test Suite[2m > [22mSession Tools - Handler Invocation[2m > [22msession_list returns sessions
 [32mΓ£ô[39m v3/@claude-flow/cli/__tests__/mcp-tools-deep.test.ts[2m > [22mMCP Tools Deep Test Suite[2m > [22mSession Tools - Handler Invocation[2m > [22msession_save creates a session
 [32mΓ£ô[39m v3/@claude-flow/cli/__tests__/mcp-tools-deep.test.ts[2m > [22mMCP Tools Deep Test Suite[2m > [22mHive Mind Tools - Handler Invocation[2m > [22mhive-mind_init initializes the hive
 [32mΓ£ô[39m v3/@claude-flow/cli/__tests__/mcp-tools-deep.test.ts[2m > [22mMCP Tools Deep Test Suite[2m > [22mHive Mind Tools - Handler Invocation[2m > [22mhive-mind_status returns status info
 [32mΓ£ô[39m v3/@claude-flow/cli/__tests__/mcp-tools-deep.test.ts[2m > [22mMCP Tools Deep Test Suite[2m > [22mHive Mind Tools - Handler Invocation[2m > [22mhive-mind_consensus with list action returns data
 [32mΓ£ô[39m v3/@claude-flow/cli/__tests__/mcp-tools-deep.test.ts[2m > [22mMCP Tools Deep Test Suite[2m > [22mWorkflow Tools - Handler Invocation[2m > [22mworkflow_list returns workflows
 [32mΓ£ô[39m v3/@claude-flow/cli/__tests__/mcp-tools-deep.test.ts[2m > [22mMCP Tools Deep Test Suite[2m > [22mWorkflow Tools - Handler Invocation[2m > [22mworkflow_create creates a workflow
 [32mΓ£ô[39m v3/@claude-flow/cli/__tests__/mcp-tools-deep.test.ts[2m > [22mMCP Tools Deep Test Suite[2m > [22mDAA Tools - Handler Invocation[2m > [22mdaa_agent_create creates an agent
 [32mΓ£ô[39m v3/@claude-flow/cli/__tests__/mcp-tools-deep.test.ts[2m > [22mMCP Tools Deep Test Suite[2m > [22mDAA Tools - Handler Invocation[2m > [22mdaa_learning_status returns summary
 [32mΓ£ô[39m v3/@claude-flow/cli/__tests__/mcp-tools-deep.test.ts[2m > [22mMCP Tools Deep Test Suite[2m > [22mDAA Tools - Handler Invocation[2m > [22mdaa_cognitive_pattern returns patterns info
 [32mΓ£ô[39m v3/@claude-flow/cli/__tests__/mcp-tools-deep.test.ts[2m > [22mMCP Tools Deep Test Suite[2m > [22mDAA Tools - Handler Invocation[2m > [22mdaa_performance_metrics returns metrics
 [32mΓ£ô[39m v3/@claude-flow/cli/__tests__/mcp-tools-deep.test.ts[2m > [22mMCP Tools Deep Test Suite[2m > [22mCoordination Tools - Handler Invocation[2m > [22mcoordination_topology get action returns topology
 [32mΓ£ô[39m v3/@claude-flow/cli/__tests__/mcp-tools-deep.test.ts[2m > [22mMCP Tools Deep Test Suite[2m > [22mCoordination Tools - Handler Invocation[2m > [22mcoordination_sync status returns sync state
 [32mΓ£ô[39m v3/@claude-flow/cli/__tests__/mcp-tools-deep.test.ts[2m > [22mMCP Tools Deep Test Suite[2m > [22mCoordination Tools - Handler Invocation[2m > [22mcoordination_node list returns nodes
 [32mΓ£ô[39m v3/@claude-flow/cli/__tests__/mcp-tools-deep.test.ts[2m > [22mMCP Tools Deep Test Suite[2m > [22mCoordination Tools - Handler Invocation[2m > [22mcoordination_metrics returns metrics
 [32mΓ£ô[39m v3/@claude-flow/cli/__tests__/mcp-tools-deep.test.ts[2m > [22mMCP Tools Deep Test Suite[2m > [22mCoordination Tools - Handler Invocation[2m > [22mcoordination_orchestrate accepts task
 [32mΓ£ô[39m v3/@claude-flow/cli/__tests__/mcp-tools-deep.test.ts[2m > [22mMCP Tools Deep Test Suite[2m > [22mGitHub Tools - Handler Invocation[2m > [22mgithub_repo_analyze returns analysis
 [32mΓ£ô[39m v3/@claude-flow/cli/__tests__/mcp-tools-deep.test.ts[2m > [22mMCP Tools Deep Test Suite[2m > [22mGitHub Tools - Handler Invocation[2m > [22mgithub_pr_manage list returns PRs
 [32mΓ£ô[39m v3/@claude-flow/cli/__tests__/mcp-tools-deep.test.ts[2m > [22mMCP Tools Deep Test Suite[2m > [22mGitHub Tools - Handler Invocation[2m > [22mgithub_metrics returns all metrics
 [32mΓ£ô[39m v3/@claude-flow/cli/__tests__/mcp-tools-deep.test.ts[2m > [22mMCP Tools Deep Test Suite[2m > [22mTerminal Tools - Handler Invocation[2m > [22mterminal_create creates a session
 [32mΓ£ô[39m v3/@claude-flow/cli/__tests__/mcp-tools-deep.test.ts[2m > [22mMCP Tools Deep Test Suite[2m > [22mTerminal Tools - Handler Invocation[2m > [22mterminal_list returns sessions
 [32mΓ£ô[39m v3/@claude-flow/cli/__tests__/mcp-tools-deep.test.ts[2m > [22mMCP Tools Deep Test Suite[2m > [22mClaims Tools - Handler Invocation[2m > [22mclaims_list returns claims
 [32mΓ£ô[39m v3/@claude-flow/cli/__tests__/mcp-tools-deep.test.ts[2m > [22mMCP Tools Deep Test Suite[2m > [22mClaims Tools - Handler Invocation[2m > [22mclaims_claim with invalid claimant returns error
 [32mΓ£ô[39m v3/@claude-flow/cli/__tests__/mcp-tools-deep.test.ts[2m > [22mMCP Tools Deep Test Suite[2m > [22mClaims Tools - Handler Invocation[2m > [22mclaims_board returns board view
 [32mΓ£ô[39m v3/@claude-flow/cli/__tests__/mcp-tools-deep.test.ts[2m > [22mMCP Tools Deep Test Suite[2m > [22mClaims Tools - Handler Invocation[2m > [22mclaims_stealable returns stealable issues
 [32mΓ£ô[39m v3/@claude-flow/cli/__tests__/mcp-tools-deep.test.ts[2m > [22mMCP Tools Deep Test Suite[2m > [22mPerformance Tools - Handler Invocation[2m > [22mperformance_report returns a report
 [32mΓ£ô[39m v3/@claude-flow/cli/__tests__/mcp-tools-deep.test.ts[2m > [22mMCP Tools Deep Test Suite[2m > [22mPerformance Tools - Handler Invocation[2m > [22mperformance_metrics returns metrics
 [32mΓ£ô[39m v3/@claude-flow/cli/__tests__/mcp-tools-deep.test.ts[2m > [22mMCP Tools Deep Test Suite[2m > [22mPerformance Tools - Handler Invocation[2m > [22mperformance_benchmark runs a benchmark[33m 792[2mms[22m[39m
 [32mΓ£ô[39m v3/@claude-flow/cli/__tests__/mcp-tools-deep.test.ts[2m > [22mMCP Tools Deep Test Suite[2m > [22mNeural Tools - Handler Invocation[2m > [22mneural_status returns status
 [32mΓ£ô[39m v3/@claude-flow/cli/__tests__/mcp-tools-deep.test.ts[2m > [22mMCP Tools Deep Test Suite[2m > [22mNeural Tools - Handler Invocation[2m > [22mneural_patterns returns patterns list
 [32mΓ£ô[39m v3/@claude-flow/cli/__tests__/mcp-tools-deep.test.ts[2m > [22mMCP Tools Deep Test Suite[2m > [22mAgentDB Tools - Handler Invocation[2m > [22magentdb_health returns availability
 [32mΓ£ô[39m v3/@claude-flow/cli/__tests__/mcp-tools-deep.test.ts[2m > [22mMCP Tools Deep Test Suite[2m > [22mAgentDB Tools - Handler Invocation[2m > [22magentdb_controllers returns controllers list
 [32mΓ£ô[39m v3/@claude-flow/cli/__tests__/mcp-tools-deep.test.ts[2m > [22mMCP Tools Deep Test Suite[2m > [22mAgentDB Tools - Handler Invocation[2m > [22magentdb_pattern-store requires pattern param
 [32mΓ£ô[39m v3/@claude-flow/cli/__tests__/mcp-tools-deep.test.ts[2m > [22mMCP Tools Deep Test Suite[2m > [22mAgentDB Tools - Handler Invocation[2m > [22magentdb_pattern-search requires query param
 [32mΓ£ô[39m v3/@claude-flow/cli/__tests__/mcp-tools-deep.test.ts[2m > [22mMCP Tools Deep Test Suite[2m > [22mAgentDB Tools - Handler Invocation[2m > [22magentdb_causal-edge validates required fields
 [32mΓ£ô[39m v3/@claude-flow/cli/__tests__/mcp-tools-deep.test.ts[2m > [22mMCP Tools Deep Test Suite[2m > [22mAgentDB Tools - Handler Invocation[2m > [22magentdb_route requires task param
 [32mΓ£ô[39m v3/@claude-flow/cli/__tests__/mcp-tools-deep.test.ts[2m > [22mMCP Tools Deep Test Suite[2m > [22mAgentDB Tools - Handler Invocation[2m > [22magentdb_batch validates entries array
 [32mΓ£ô[39m v3/@claude-flow/cli/__tests__/mcp-tools-deep.test.ts[2m > [22mMCP Tools Deep Test Suite[2m > [22mAgentDB Tools - Handler Invocation[2m > [22magentdb_batch validates operation type
 [32mΓ£ô[39m v3/@claude-flow/cli/__tests__/mcp-tools-deep.test.ts[2m > [22mMCP Tools Deep Test Suite[2m > [22mError Handling[2m > [22mtools handle empty input gracefully
 [32mΓ£ô[39m v3/@claude-flow/cli/__tests__/mcp-tools-deep.test.ts[2m > [22mMCP Tools Deep Test Suite[2m > [22mError Handling[2m > [22mtools do not throw on invalid input types
 [32mΓ£ô[39m v3/@claude-flow/cli/__tests__/mcp-tools-deep.test.ts[2m > [22mMCP Tools Deep Test Suite[2m > [22mError Handling[2m > [22magentdb tools validate string inputs
 [32mΓ£ô[39m v3/@claude-flow/cli/__tests__/mcp-tools-deep.test.ts[2m > [22mMCP Tools Deep Test Suite[2m > [22mError Handling[2m > [22magentdb tools enforce max string length
 [32mΓ£ô[39m v3/@claude-flow/cli/__tests__/mcp-tools-deep.test.ts[2m > [22mMCP Tools Deep Test Suite[2m > [22mSecurity Checks[2m > [22mno tool schemas contain hardcoded paths
 [32mΓ£ô[39m v3/@claude-flow/cli/__tests__/mcp-tools-deep.test.ts[2m > [22mMCP Tools Deep Test Suite[2m > [22mSecurity Checks[2m > [22mno tool schemas contain hardcoded secrets or tokens
 [32mΓ£ô[39m v3/@claude-flow/cli/__tests__/mcp-tools-deep.test.ts[2m > [22mMCP Tools Deep Test Suite[2m > [22mSecurity Checks[2m > [22mno tool names expose internal implementation details
 [32mΓ£ô[39m v3/@claude-flow/cli/__tests__/mcp-tools-deep.test.ts[2m > [22mMCP Tools Deep Test Suite[2m > [22mSecurity Checks[2m > [22msession tools sanitize sessionId against path traversal
 [32mΓ£ô[39m v3/@claude-flow/cli/__tests__/mcp-tools-deep.test.ts[2m > [22mMCP Tools Deep Test Suite[2m > [22mReturn Format Consistency[2m > [22magent_spawn returns success field
 [32mΓ£ô[39m v3/@claude-flow/cli/__tests__/mcp-tools-deep.test.ts[2m > [22mMCP Tools Deep Test Suite[2m > [22mReturn Format Consistency[2m > [22mconfig tools return success field
 [32mΓ£ô[39m v3/@claude-flow/cli/__tests__/mcp-tools-deep.test.ts[2m > [22mMCP Tools Deep Test Suite[2m > [22mReturn Format Consistency[2m > [22mtask_create returns taskId and status
 [32mΓ£ô[39m v3/@claude-flow/cli/__tests__/mcp-tools-deep.test.ts[2m > [22mMCP Tools Deep Test Suite[2m > [22mReturn Format Consistency[2m > [22mswarm_init returns success and swarmId
 [32mΓ£ô[39m v3/@claude-flow/cli/__tests__/mcp-tools-deep.test.ts[2m > [22mMCP Tools Deep Test Suite[2m > [22mProgress Tools - Handler Invocation[2m > [22mprogress_check returns progress metrics
 [32mΓ£ô[39m v3/@claude-flow/cli/__tests__/mcp-tools-deep.test.ts[2m > [22mMCP Tools Deep Test Suite[2m > [22mProgress Tools - Handler Invocation[2m > [22mprogress_summary returns summary
 [32mΓ£ô[39m v3/@claude-flow/cli/__tests__/mcp-tools-deep.test.ts[2m > [22mMCP Tools Deep Test Suite[2m > [22mEmbeddings Tools - Handler Invocation[2m > [22membeddings_status returns initialization state
 [32mΓ£ô[39m v3/@claude-flow/cli/__tests__/mcp-tools-deep.test.ts[2m > [22mMCP Tools Deep Test Suite[2m > [22mEmbeddings Tools - Handler Invocation[2m > [22membeddings_init initializes the subsystem
 [32mΓ£ô[39m v3/@claude-flow/cli/__tests__/mcp-tools-deep.test.ts[2m > [22mMCP Tools Deep Test Suite[2m > [22mHooks Tools - Handler Invocation[2m > [22mhooks_list returns hooks list
 [32mΓ£ô[39m v3/@claude-flow/cli/__tests__/mcp-tools-deep.test.ts[2m > [22mMCP Tools Deep Test Suite[2m > [22mHooks Tools - Handler Invocation[2m > [22mhooks_metrics returns metrics
 [32mΓ£ô[39m v3/@claude-flow/cli/__tests__/mcp-tools-deep.test.ts[2m > [22mMCP Tools Deep Test Suite[2m > [22mHooks Tools - Handler Invocation[2m > [22mhooks_worker-list returns workers
 [32mΓ£ô[39m v3/@claude-flow/cli/__tests__/mcp-tools-deep.test.ts[2m > [22mMCP Tools Deep Test Suite[2m > [22mMemory Tools - Handler Invocation[2m > [22mmemory_store stores an entry
 [32mΓ£ô[39m v3/@claude-flow/cli/__tests__/mcp-tools-deep.test.ts[2m > [22mMCP Tools Deep Test Suite[2m > [22mMemory Tools - Handler Invocation[2m > [22mmemory_list returns entries
 [32mΓ£ô[39m v3/@claude-flow/cli/__tests__/mcp-tools-deep.test.ts[2m > [22mMCP Tools Deep Test Suite[2m > [22mMemory Tools - Handler Invocation[2m > [22mmemory_stats returns statistics
 [32mΓ£ô[39m v3/@claude-flow/cli/__tests__/mcp-tools-deep.test.ts[2m > [22mMCP Tools Deep Test Suite[2m > [22mCross-Module Integrity[2m > [22mall tool names are valid MCP tool identifiers
 [32mΓ£ô[39m v3/@claude-flow/cli/__tests__/mcp-tools-deep.test.ts[2m > [22mMCP Tools Deep Test Suite[2m > [22mCross-Module Integrity[2m > [22mall descriptions are human-readable sentences
 [32mΓ£ô[39m v3/@claude-flow/cli/__tests__/mcp-tools-deep.test.ts[2m > [22mMCP Tools Deep Test Suite[2m > [22mCross-Module Integrity[2m > [22mno tool has an empty properties object with required fields
 [32mΓ£ô[39m v3/@claude-flow/cli/__tests__/mcp-tools-deep.test.ts[2m > [22mMCP Tools Deep Test Suite[2m > [22mCross-Module Integrity[2m > [22mevery property in schema has a type or description
 [32mΓ£ô[39m v3/plugins/gastown-bridge/tests/bridges.test.ts[2m > [22mGasTownBridge[2m > [22mgt command execution[2m > [22mshould execute gt command with arguments
 [32mΓ£ô[39m v3/plugins/gastown-bridge/tests/bridges.test.ts[2m > [22mGasTownBridge[2m > [22mgt command execution[2m > [22mshould join multiple arguments with spaces
 [32mΓ£ô[39m v3/plugins/gastown-bridge/tests/bridges.test.ts[2m > [22mGasTownBridge[2m > [22mgt command execution[2m > [22mshould reject on command error
 [32mΓ£ô[39m v3/plugins/gastown-bridge/tests/bridges.test.ts[2m > [22mGasTownBridge[2m > [22mgt command execution[2m > [22mshould use configured timeout
 [32mΓ£ô[39m v3/plugins/gastown-bridge/tests/bridges.test.ts[2m > [22mGasTownBridge[2m > [22mbd command execution[2m > [22mshould execute bd command with --json flag
 [32mΓ£ô[39m v3/plugins/gastown-bridge/tests/bridges.test.ts[2m > [22mGasTownBridge[2m > [22mbd command execution[2m > [22mshould parse JSONL output from bd
 [32mΓ£ô[39m v3/plugins/gastown-bridge/tests/bridges.test.ts[2m > [22mGasTownBridge[2m > [22mcreateBead[2m > [22mshould create a bead with title
 [32mΓ£ô[39m v3/plugins/gastown-bridge/tests/bridges.test.ts[2m > [22mGasTownBridge[2m > [22mcreateBead[2m > [22mshould include priority flag
 [32mΓ£ô[39m v3/plugins/gastown-bridge/tests/bridges.test.ts[2m > [22mGasTownBridge[2m > [22mcreateBead[2m > [22mshould include labels
 [32mΓ£ô[39m v3/plugins/gastown-bridge/tests/bridges.test.ts[2m > [22mGasTownBridge[2m > [22mcreateBead[2m > [22mshould include parent for epics
 [32mΓ£ô[39m v3/plugins/gastown-bridge/tests/bridges.test.ts[2m > [22mGasTownBridge[2m > [22mgetReady[2m > [22mshould list ready beads with limit
 [32mΓ£ô[39m v3/plugins/gastown-bridge/tests/bridges.test.ts[2m > [22mGasTownBridge[2m > [22mgetReady[2m > [22mshould filter by rig
 [32mΓ£ô[39m v3/plugins/gastown-bridge/tests/bridges.test.ts[2m > [22mGasTownBridge[2m > [22mgetReady[2m > [22mshould handle empty result
 [32mΓ£ô[39m v3/plugins/gastown-bridge/tests/bridges.test.ts[2m > [22mGasTownBridge[2m > [22mshowBead[2m > [22mshould show bead details
 [32mΓ£ô[39m v3/plugins/gastown-bridge/tests/bridges.test.ts[2m > [22mGasTownBridge[2m > [22mshowBead[2m > [22mshould validate bead ID format
 [32mΓ£ô[39m v3/plugins/gastown-bridge/tests/bridges.test.ts[2m > [22mGasTownBridge[2m > [22mlistBeads[2m > [22mshould list all beads
 [32mΓ£ô[39m v3/plugins/gastown-bridge/tests/bridges.test.ts[2m > [22mGasTownBridge[2m > [22mlistBeads[2m > [22mshould filter by rig
 [32mΓ£ô[39m v3/plugins/gastown-bridge/tests/bridges.test.ts[2m > [22mGasTownBridge[2m > [22msling[2m > [22mshould sling work to target agent
 [32mΓ£ô[39m v3/plugins/gastown-bridge/tests/bridges.test.ts[2m > [22mGasTownBridge[2m > [22msling[2m > [22mshould include formula when provided
 [32mΓ£ô[39m v3/plugins/gastown-bridge/tests/bridges.test.ts[2m > [22mGasTownBridge[2m > [22msling[2m > [22mshould validate bead ID
 [32mΓ£ô[39m v3/plugins/gastown-bridge/tests/bridges.test.ts[2m > [22mGasTownBridge Input Sanitization[2m > [22mcommand injection prevention[2m > [22mshould block semicolon injection
 [32mΓ£ô[39m v3/plugins/gastown-bridge/tests/bridges.test.ts[2m > [22mGasTownBridge Input Sanitization[2m > [22mcommand injection prevention[2m > [22mshould block pipe injection
 [32mΓ£ô[39m v3/plugins/gastown-bridge/tests/bridges.test.ts[2m > [22mGasTownBridge Input Sanitization[2m > [22mcommand injection prevention[2m > [22mshould block ampersand injection
 [32mΓ£ô[39m v3/plugins/gastown-bridge/tests/bridges.test.ts[2m > [22mGasTownBridge Input Sanitization[2m > [22mcommand injection prevention[2m > [22mshould block backtick injection
 [32mΓ£ô[39m v3/plugins/gastown-bridge/tests/bridges.test.ts[2m > [22mGasTownBridge Input Sanitization[2m > [22mcommand injection prevention[2m > [22mshould block $() command substitution
 [32mΓ£ô[39m v3/plugins/gastown-bridge/tests/bridges.test.ts[2m > [22mGasTownBridge Input Sanitization[2m > [22mcommand injection prevention[2m > [22mshould block curly brace expansion
 [32mΓ£ô[39m v3/plugins/gastown-bridge/tests/bridges.test.ts[2m > [22mGasTownBridge Input Sanitization[2m > [22mcommand injection prevention[2m > [22mshould block redirection operators
 [32mΓ£ô[39m v3/plugins/gastown-bridge/tests/bridges.test.ts[2m > [22mGasTownBridge Input Sanitization[2m > [22mpath traversal prevention[2m > [22mshould block ../ path traversal
 [32mΓ£ô[39m v3/plugins/gastown-bridge/tests/bridges.test.ts[2m > [22mGasTownBridge Input Sanitization[2m > [22mpath traversal prevention[2m > [22mshould block encoded path traversal
 [32mΓ£ô[39m v3/plugins/gastown-bridge/tests/bridges.test.ts[2m > [22mGasTownBridge Input Sanitization[2m > [22mnewline injection prevention[2m > [22mshould block newline characters
 [32mΓ£ô[39m v3/plugins/gastown-bridge/tests/bridges.test.ts[2m > [22mGasTownBridge Input Sanitization[2m > [22mnewline injection prevention[2m > [22mshould block carriage return
 [32mΓ£ô[39m v3/plugins/gastown-bridge/tests/bridges.test.ts[2m > [22mGasTownBridge Input Sanitization[2m > [22msanitization can be disabled[2m > [22mshould allow dangerous characters when sanitize is false
 [32mΓ£ô[39m v3/plugins/gastown-bridge/tests/bridges.test.ts[2m > [22mBdBridge[2m > [22maddDependency[2m > [22mshould add dependency between beads
 [32mΓ£ô[39m v3/plugins/gastown-bridge/tests/bridges.test.ts[2m > [22mBdBridge[2m > [22mremoveDependency[2m > [22mshould remove dependency between beads
 [32mΓ£ô[39m v3/plugins/gastown-bridge/tests/bridges.test.ts[2m > [22mBdBridge[2m > [22mgetDependencies[2m > [22mshould list bead dependencies
 [32mΓ£ô[39m v3/plugins/gastown-bridge/tests/bridges.test.ts[2m > [22mJSONL Parsing[2m > [22mshould parse multiple JSONL lines
 [32mΓ£ô[39m v3/plugins/gastown-bridge/tests/bridges.test.ts[2m > [22mJSONL Parsing[2m > [22mshould handle trailing newline
 [32mΓ£ô[39m v3/plugins/gastown-bridge/tests/bridges.test.ts[2m > [22mJSONL Parsing[2m > [22mshould handle empty lines
 [32mΓ£ô[39m v3/plugins/gastown-bridge/tests/bridges.test.ts[2m > [22mJSONL Parsing[2m > [22mshould throw on malformed JSON
 [32mΓ£ô[39m v3/plugins/gastown-bridge/tests/bridges.test.ts[2m > [22mError Handling[2m > [22mCLI not found[2m > [22mshould handle gt command not found
 [32mΓ£ô[39m v3/plugins/gastown-bridge/tests/bridges.test.ts[2m > [22mError Handling[2m > [22mCLI not found[2m > [22mshould handle bd command not found
 [32mΓ£ô[39m v3/plugins/gastown-bridge/tests/bridges.test.ts[2m > [22mError Handling[2m > [22mtimeout handling[2m > [22mshould handle command timeout
 [32mΓ£ô[39m v3/plugins/gastown-bridge/tests/bridges.test.ts[2m > [22mError Handling[2m > [22mpermission errors[2m > [22mshould handle permission denied
 [32mΓ£ô[39m v3/plugins/teammate-plugin/tests/utils.test.ts[2m > [22mHealthChecker[2m > [22mhealth status transitions[2m > [22mshould become unhealthy after failed checks[33m 418[2mms[22m[39m
 [32mΓ£ô[39m v3/@claude-flow/plugins/__tests__/ruvector-streaming.test.ts[2m > [22mRuVector Streaming[2m > [22mStreaming Search Results[2m > [22mshould support enrichment transforms[33m 1274[2mms[22m[39m
 [32mΓ£ô[39m v3/plugins/teammate-plugin/tests/utils.test.ts[2m > [22mHealthChecker[2m > [22mhealth status transitions[2m > [22mshould call onStatusChange when status changes[33m 307[2mms[22m[39m
 [32mΓ£ô[39m v3/@claude-flow/cli/__tests__/security-verification.test.ts[2m > [22mScenario 1: SQL injection in embeddings search[2m > [22mshould use parameterized queries for namespace filtering
 [32mΓ£ô[39m v3/@claude-flow/cli/__tests__/security-verification.test.ts[2m > [22mScenario 1: SQL injection in embeddings search[2m > [22mshould use parameterized queries for keyword search
 [32mΓ£ô[39m v3/@claude-flow/cli/__tests__/security-verification.test.ts[2m > [22mScenario 1: SQL injection in embeddings search[2m > [22mformatEmbedding should reject non-numeric embedding values
 [32mΓ£ô[39m v3/@claude-flow/cli/__tests__/security-verification.test.ts[2m > [22mScenario 1: SQL injection in embeddings search[2m > [22mimport.ts formatEmbedding must validate array elements
 [32mΓ£ô[39m v3/@claude-flow/cli/__tests__/security-verification.test.ts[2m > [22mScenario 2: Prototype pollution prevention[2m > [22msafeJsonParse should strip __proto__ keys
 [32mΓ£ô[39m v3/@claude-flow/cli/__tests__/security-verification.test.ts[2m > [22mScenario 2: Prototype pollution prevention[2m > [22msafeJsonParse should strip constructor keys
 [32mΓ£ô[39m v3/@claude-flow/cli/__tests__/security-verification.test.ts[2m > [22mScenario 2: Prototype pollution prevention[2m > [22msafeJsonParse should handle nested __proto__
 [32mΓ£ô[39m v3/@claude-flow/cli/__tests__/security-verification.test.ts[2m > [22mScenario 2: Prototype pollution prevention[2m > [22mmemory backends must use safeJsonParse, not JSON.parse for row data
 [32mΓ£ô[39m v3/@claude-flow/cli/__tests__/security-verification.test.ts[2m > [22mScenario 3: Container name injection prevention[2m > [22mimport.ts must not pass shell metacharacters to execSync
 [32mΓ£ô[39m v3/@claude-flow/cli/__tests__/security-verification.test.ts[2m > [22mScenario 3: Container name injection prevention[2m > [22mshould validate container names with strict regex
 [32mΓ£ô[39m v3/@claude-flow/cli/__tests__/security-verification.test.ts[2m > [22mScenario 3: Container name injection prevention[2m > [22mimport.ts must use execFileSync, not execSync
 [32mΓ£ô[39m v3/@claude-flow/cli/__tests__/security-verification.test.ts[2m > [22mScenario 5: Embedding model name injection prevention[2m > [22mshould validate model names with strict regex
 [32mΓ£ô[39m v3/@claude-flow/cli/__tests__/security-verification.test.ts[2m > [22mScenario 5: Embedding model name injection prevention[2m > [22minit.ts must use execFileSync for embedding model commands
 [32mΓ£ô[39m v3/@claude-flow/cli/__tests__/security-verification.test.ts[2m > [22mScenario 6: Browser eval length limit and pattern blocking (defense-in-depth)[2m > [22mshould enforce configurable max script length (default 20KB)
 [32mΓ£ô[39m v3/@claude-flow/cli/__tests__/security-verification.test.ts[2m > [22mScenario 6: Browser eval length limit and pattern blocking (defense-in-depth)[2m > [22mshould block all dangerous eval patterns
 [32mΓ£ô[39m v3/@claude-flow/cli/__tests__/security-verification.test.ts[2m > [22mScenario 7: BoundedSet eviction under load[2m > [22mgossip.ts must use exported BoundedSet for seenMessages
 [32mΓ£ô[39m v3/@claude-flow/cli/__tests__/security-verification.test.ts[2m > [22mScenario 7: BoundedSet eviction under load[2m > [22mBoundedSet FIFO eviction should work correctly
 [32mΓ£ô[39m v3/@claude-flow/cli/__tests__/security-verification.test.ts[2m > [22mScenario 8: Bulk operations with Promise.allSettled[2m > [22magentdb-backend must use Promise.allSettled for bulk ops
 [32mΓ£ô[39m v3/@claude-flow/cli/__tests__/security-verification.test.ts[2m > [22mScenario 8: Bulk operations with Promise.allSettled[2m > [22mPromise.allSettled should not throw on partial failure
 [32mΓ£ô[39m v3/@claude-flow/cli/__tests__/ruvector/diff-classifier.test.ts[2m > [22mDiffClassifier[2m > [22mconstructor[2m > [22mshould create classifier with default config
 [32mΓ£ô[39m v3/@claude-flow/cli/__tests__/ruvector/diff-classifier.test.ts[2m > [22mDiffClassifier[2m > [22mconstructor[2m > [22mshould create classifier with custom config
 [32mΓ£ô[39m v3/@claude-flow/cli/__tests__/ruvector/diff-classifier.test.ts[2m > [22mDiffClassifier[2m > [22minitialize[2m > [22mshould initialize without ruvector (fallback mode)
 [32mΓ£ô[39m v3/@claude-flow/cli/__tests__/ruvector/diff-classifier.test.ts[2m > [22mDiffClassifier[2m > [22mparseDiff[2m > [22mshould parse diff into FileDiff array
 [32mΓ£ô[39m v3/@claude-flow/cli/__tests__/ruvector/diff-classifier.test.ts[2m > [22mDiffClassifier[2m > [22mparseDiff[2m > [22mshould extract file path
 [32mΓ£ô[39m v3/@claude-flow/cli/__tests__/ruvector/diff-classifier.test.ts[2m > [22mDiffClassifier[2m > [22mparseDiff[2m > [22mshould count additions and deletions
 [32mΓ£ô[39m v3/@claude-flow/cli/__tests__/ruvector/diff-classifier.test.ts[2m > [22mDiffClassifier[2m > [22mparseDiff[2m > [22mshould parse hunks
 [32mΓ£ô[39m v3/@claude-flow/cli/__tests__/ruvector/diff-classifier.test.ts[2m > [22mDiffClassifier[2m > [22mparseDiff[2m > [22mshould generate classification for each file
 [32mΓ£ô[39m v3/@claude-flow/cli/__tests__/ruvector/diff-classifier.test.ts[2m > [22mDiffClassifier[2m > [22mparseDiff[2m > [22mshould handle empty diff
 [32mΓ£ô[39m v3/@claude-flow/cli/__tests__/ruvector/diff-classifier.test.ts[2m > [22mDiffClassifier[2m > [22mparseDiff[2m > [22mshould handle multi-file diff
 [32mΓ£ô[39m v3/@claude-flow/cli/__tests__/ruvector/diff-classifier.test.ts[2m > [22mDiffClassifier[2m > [22mclassify[2m > [22mshould return DiffAnalysis
 [32mΓ£ô[39m v3/@claude-flow/cli/__tests__/ruvector/diff-classifier.test.ts[2m > [22mDiffClassifier[2m > [22mclassify[2m > [22mshould calculate overall stats
 [32mΓ£ô[39m v3/@claude-flow/cli/__tests__/ruvector/diff-classifier.test.ts[2m > [22mDiffClassifier[2m > [22mclassify[2m > [22mshould compute average confidence
 [32mΓ£ô[39m v3/@claude-flow/cli/__tests__/ruvector/diff-classifier.test.ts[2m > [22mDiffClassifier[2m > [22mclassify[2m > [22mshould determine overall primary classification by majority
 [32mΓ£ô[39m v3/@claude-flow/cli/__tests__/ruvector/diff-classifier.test.ts[2m > [22mDiffClassifier[2m > [22mclassify[2m > [22mshould use maximum impact level
 [32mΓ£ô[39m v3/@claude-flow/cli/__tests__/ruvector/diff-classifier.test.ts[2m > [22mDiffClassifier[2m > [22mclassify[2m > [22mshould handle empty files array
 [32mΓ£ô[39m v3/@claude-flow/cli/__tests__/ruvector/diff-classifier.test.ts[2m > [22mDiffClassifier[2m > [22mclassifyCommitMessage[2m > [22mshould classify feature commits
 [32mΓ£ô[39m v3/@claude-flow/cli/__tests__/ruvector/diff-classifier.test.ts[2m > [22mDiffClassifier[2m > [22mclassifyCommitMessage[2m > [22mshould classify bugfix commits
 [32mΓ£ô[39m v3/@claude-flow/cli/__tests__/ruvector/diff-classifier.test.ts[2m > [22mDiffClassifier[2m > [22mclassifyCommitMessage[2m > [22mshould classify refactor commits
 [32mΓ£ô[39m v3/@claude-flow/cli/__tests__/ruvector/diff-classifier.test.ts[2m > [22mDiffClassifier[2m > [22mclassifyCommitMessage[2m > [22mshould classify docs commits
 [32mΓ£ô[39m v3/@claude-flow/cli/__tests__/ruvector/diff-classifier.test.ts[2m > [22mDiffClassifier[2m > [22mclassifyCommitMessage[2m > [22mshould classify test commits
 [32mΓ£ô[39m v3/@claude-flow/cli/__tests__/ruvector/diff-classifier.test.ts[2m > [22mDiffClassifier[2m > [22mclassifyCommitMessage[2m > [22mshould classify config commits
 [32mΓ£ô[39m v3/@claude-flow/cli/__tests__/ruvector/diff-classifier.test.ts[2m > [22mDiffClassifier[2m > [22mclassifyCommitMessage[2m > [22mshould classify style commits
 [32mΓ£ô[39m v3/@claude-flow/cli/__tests__/ruvector/diff-classifier.test.ts[2m > [22mDiffClassifier[2m > [22mclassifyCommitMessage[2m > [22mshould return unknown for unclassified commits
 [32mΓ£ô[39m v3/@claude-flow/cli/__tests__/ruvector/diff-classifier.test.ts[2m > [22mDiffClassifier[2m > [22mclassification by file path[2m > [22mshould classify test files
 [32mΓ£ô[39m v3/@claude-flow/cli/__tests__/ruvector/diff-classifier.test.ts[2m > [22mDiffClassifier[2m > [22mclassification by file path[2m > [22mshould classify config files
 [32mΓ£ô[39m v3/@claude-flow/cli/__tests__/ruvector/diff-classifier.test.ts[2m > [22mDiffClassifier[2m > [22mclassification by file path[2m > [22mshould classify documentation files
 [32mΓ£ô[39m v3/@claude-flow/cli/__tests__/ruvector/diff-classifier.test.ts[2m > [22mDiffClassifier[2m > [22mimpact level detection[2m > [22mshould detect critical impact for security files
 [32mΓ£ô[39m v3/@claude-flow/cli/__tests__/ruvector/diff-classifier.test.ts[2m > [22mDiffClassifier[2m > [22mimpact level detection[2m > [22mshould detect low impact for test files
 [32mΓ£ô[39m v3/@claude-flow/cli/__tests__/ruvector/diff-classifier.test.ts[2m > [22mDiffClassifier[2m > [22mreviewer suggestions[2m > [22mshould suggest reviewers based on classification
 [32mΓ£ô[39m v3/@claude-flow/cli/__tests__/ruvector/diff-classifier.test.ts[2m > [22mDiffClassifier[2m > [22mreviewer suggestions[2m > [22mshould suggest security reviewer for high impact
 [32mΓ£ô[39m v3/@claude-flow/cli/__tests__/ruvector/diff-classifier.test.ts[2m > [22mDiffClassifier[2m > [22mtesting strategy[2m > [22mshould recommend unit tests for non-test files
 [32mΓ£ô[39m v3/@claude-flow/cli/__tests__/ruvector/diff-classifier.test.ts[2m > [22mDiffClassifier[2m > [22mtesting strategy[2m > [22mshould recommend integration tests for features
 [32mΓ£ô[39m v3/@claude-flow/cli/__tests__/ruvector/diff-classifier.test.ts[2m > [22mDiffClassifier[2m > [22mrisk factors[2m > [22mshould identify security risk for auth files
 [32mΓ£ô[39m v3/@claude-flow/cli/__tests__/ruvector/diff-classifier.test.ts[2m > [22mDiffClassifier[2m > [22mcaching[2m > [22mshould cache classification results
 [32mΓ£ô[39m v3/@claude-flow/cli/__tests__/ruvector/diff-classifier.test.ts[2m > [22mDiffClassifier[2m > [22mcaching[2m > [22mshould clear cache
 [32mΓ£ô[39m v3/@claude-flow/cli/__tests__/ruvector/diff-classifier.test.ts[2m > [22mDiffClassifier[2m > [22medge cases[2m > [22mshould handle diff without hunks
 [32mΓ£ô[39m v3/@claude-flow/cli/__tests__/ruvector/diff-classifier.test.ts[2m > [22mDiffClassifier[2m > [22medge cases[2m > [22mshould handle binary files
 [32mΓ£ô[39m v3/@claude-flow/cli/__tests__/ruvector/diff-classifier.test.ts[2m > [22mcreateDiffClassifier[2m > [22mshould create classifier instance
 [32mΓ£ô[39m v3/@claude-flow/cli/__tests__/ruvector/diff-classifier.test.ts[2m > [22mcreateDiffClassifier[2m > [22mshould accept config
 [32mΓ£ô[39m v3/@claude-flow/cli/__tests__/ruvector/diff-classifier.test.ts[2m > [22mDiffClassifier Advanced Scenarios[2m > [22mcomplex diff patterns[2m > [22mshould handle large diffs with many files
 [32mΓ£ô[39m v3/@claude-flow/cli/__tests__/ruvector/diff-classifier.test.ts[2m > [22mDiffClassifier Advanced Scenarios[2m > [22mcomplex diff patterns[2m > [22mshould handle renamed files
 [32mΓ£ô[39m v3/@claude-flow/cli/__tests__/ruvector/diff-classifier.test.ts[2m > [22mDiffClassifier Advanced Scenarios[2m > [22mcomplex diff patterns[2m > [22mshould handle deleted files
 [32mΓ£ô[39m v3/@claude-flow/cli/__tests__/ruvector/diff-classifier.test.ts[2m > [22mDiffClassifier Advanced Scenarios[2m > [22mcomplex diff patterns[2m > [22mshould handle new files
 [32mΓ£ô[39m v3/@claude-flow/cli/__tests__/ruvector/diff-classifier.test.ts[2m > [22mDiffClassifier Advanced Scenarios[2m > [22mclassification refinement[2m > [22mshould detect performance changes
 [32mΓ£ô[39m v3/@claude-flow/cli/__tests__/ruvector/diff-classifier.test.ts[2m > [22mDiffClassifier Advanced Scenarios[2m > [22mclassification refinement[2m > [22mshould detect dependency updates
 [32mΓ£ô[39m v3/@claude-flow/cli/__tests__/ruvector/diff-classifier.test.ts[2m > [22mDiffClassifier Advanced Scenarios[2m > [22mclassification refinement[2m > [22mshould detect breaking changes
 [32mΓ£ô[39m v3/@claude-flow/cli/__tests__/ruvector/diff-classifier.test.ts[2m > [22mDiffClassifier Advanced Scenarios[2m > [22mconventional commit message parsing[2m > [22mshould parse conventional commits with scope
 [32mΓ£ô[39m v3/@claude-flow/cli/__tests__/ruvector/diff-classifier.test.ts[2m > [22mDiffClassifier Advanced Scenarios[2m > [22mconventional commit message parsing[2m > [22mshould parse breaking change markers
 [32mΓ£ô[39m v3/@claude-flow/cli/__tests__/ruvector/diff-classifier.test.ts[2m > [22mDiffClassifier Advanced Scenarios[2m > [22mconventional commit message parsing[2m > [22mshould handle mixed case
 [32mΓ£ô[39m v3/@claude-flow/cli/__tests__/ruvector/diff-classifier.test.ts[2m > [22mDiffClassifier Advanced Scenarios[2m > [22msecurity detection[2m > [22mshould flag crypto-related changes
 [32mΓ£ô[39m v3/@claude-flow/cli/__tests__/ruvector/diff-classifier.test.ts[2m > [22mDiffClassifier Advanced Scenarios[2m > [22msecurity detection[2m > [22mshould flag password-related changes
 [32mΓ£ô[39m v3/@claude-flow/cli/__tests__/ruvector/diff-classifier.test.ts[2m > [22mDiffClassifier Advanced Scenarios[2m > [22mtest file handling[2m > [22mshould properly classify test file changes
 [32mΓ£ô[39m v3/@claude-flow/cli/__tests__/security-verification.test.ts[2m > [22mScenario 9: Schema name and timestamp validation[2m > [22mvalidateSchemaName should reject SQL injection payloads
 [32mΓ£ô[39m v3/@claude-flow/cli/__tests__/security-verification.test.ts[2m > [22mScenario 9: Schema name and timestamp validation[2m > [22mvalidateTimestamp should reject crafted timestamps
 [32mΓ£ô[39m v3/@claude-flow/cli/__tests__/security-verification.test.ts[2m > [22mScenario 9: Schema name and timestamp validation[2m > [22mall ruvector commands must validate schema names
 [32mΓ£ô[39m v3/@claude-flow/cli/__tests__/security-verification.test.ts[2m > [22mScenario 10: PID injection prevention in mcp-server[2m > [22misProcessRunning must not use execSync with PID interpolation
 [32mΓ£ô[39m v3/@claude-flow/cli/__tests__/security-verification.test.ts[2m > [22mBonus: ESLint child_process restriction[2m > [22meslintrc should restrict both import and require of child_process
 [32mΓ£ô[39m v3/@claude-flow/cli/__tests__/security-verification.test.ts[2m > [22mBonus: Hive-mind truthiness fix[2m > [22mshould use === true, not !== false for Byzantine consensus
 [32mΓ£ô[39m v3/plugins/teammate-plugin/tests/utils.test.ts[2m > [22mHealthChecker[2m > [22mgetTeamReport[2m > [22mshould aggregate health by team[33m 312[2mms[22m[39m
 [32mΓ£ô[39m v3/plugins/gastown-bridge/tests/validators.test.ts[2m > [22mBeadIdValidator[2m > [22mvalid bead IDs[2m > [22mshould accept gt-hash format
 [32mΓ£ô[39m v3/plugins/gastown-bridge/tests/validators.test.ts[2m > [22mBeadIdValidator[2m > [22mvalid bead IDs[2m > [22mshould accept numeric IDs
 [32mΓ£ô[39m v3/plugins/gastown-bridge/tests/validators.test.ts[2m > [22mBeadIdValidator[2m > [22mvalid bead IDs[2m > [22mshould accept uppercase hash
 [32mΓ£ô[39m v3/plugins/gastown-bridge/tests/validators.test.ts[2m > [22mBeadIdValidator[2m > [22mvalid bead IDs[2m > [22mshould trim whitespace
 [32mΓ£ô[39m v3/plugins/gastown-bridge/tests/validators.test.ts[2m > [22mBeadIdValidator[2m > [22minvalid bead IDs[2m > [22mshould reject empty string
 [32mΓ£ô[39m v3/plugins/gastown-bridge/tests/validators.test.ts[2m > [22mBeadIdValidator[2m > [22minvalid bead IDs[2m > [22mshould reject null/undefined
 [32mΓ£ô[39m v3/plugins/gastown-bridge/tests/validators.test.ts[2m > [22mBeadIdValidator[2m > [22minvalid bead IDs[2m > [22mshould reject IDs that are too long
 [32mΓ£ô[39m v3/plugins/gastown-bridge/tests/validators.test.ts[2m > [22mBeadIdValidator[2m > [22minvalid bead IDs[2m > [22mshould reject invalid characters
 [32mΓ£ô[39m v3/plugins/gastown-bridge/tests/validators.test.ts[2m > [22mBeadIdValidator[2m > [22minvalid bead IDs[2m > [22mshould reject command injection attempts
 [32mΓ£ô[39m v3/plugins/gastown-bridge/tests/validators.test.ts[2m > [22mBeadIdValidator[2m > [22minvalid bead IDs[2m > [22mshould reject path traversal attempts
 [32mΓ£ô[39m v3/plugins/gastown-bridge/tests/validators.test.ts[2m > [22mBeadIdValidator[2m > [22minvalid bead IDs[2m > [22mshould reject hash without prefix
 [32mΓ£ô[39m v3/plugins/gastown-bridge/tests/validators.test.ts[2m > [22mBeadIdValidator[2m > [22minvalid bead IDs[2m > [22mshould reject short hash
 [32mΓ£ô[39m v3/plugins/gastown-bridge/tests/validators.test.ts[2m > [22mBeadIdValidator[2m > [22mvalidation result[2m > [22mshould return sanitized value on success
 [32mΓ£ô[39m v3/plugins/gastown-bridge/tests/validators.test.ts[2m > [22mBeadIdValidator[2m > [22mvalidation result[2m > [22mshould return error message on failure
 [32mΓ£ô[39m v3/plugins/gastown-bridge/tests/validators.test.ts[2m > [22mInputSanitizer[2m > [22mcommand injection prevention[2m > [22mshould block semicolon
 [32mΓ£ô[39m v3/plugins/gastown-bridge/tests/validators.test.ts[2m > [22mInputSanitizer[2m > [22mcommand injection prevention[2m > [22mshould block pipe
 [32mΓ£ô[39m v3/plugins/gastown-bridge/tests/validators.test.ts[2m > [22mInputSanitizer[2m > [22mcommand injection prevention[2m > [22mshould block ampersand
 [32mΓ£ô[39m v3/plugins/gastown-bridge/tests/validators.test.ts[2m > [22mInputSanitizer[2m > [22mcommand injection prevention[2m > [22mshould block backtick
 [32mΓ£ô[39m v3/plugins/gastown-bridge/tests/validators.test.ts[2m > [22mInputSanitizer[2m > [22mcommand injection prevention[2m > [22mshould block $() command substitution
 [32mΓ£ô[39m v3/plugins/gastown-bridge/tests/validators.test.ts[2m > [22mInputSanitizer[2m > [22mcommand injection prevention[2m > [22mshould block ${} variable expansion
 [32mΓ£ô[39m v3/plugins/gastown-bridge/tests/validators.test.ts[2m > [22mInputSanitizer[2m > [22mcommand injection prevention[2m > [22mshould block output redirection
 [32mΓ£ô[39m v3/plugins/gastown-bridge/tests/validators.test.ts[2m > [22mInputSanitizer[2m > [22mcommand injection prevention[2m > [22mshould block input redirection
 [32mΓ£ô[39m v3/plugins/gastown-bridge/tests/validators.test.ts[2m > [22mInputSanitizer[2m > [22mcommand injection prevention[2m > [22mshould block newlines
 [32mΓ£ô[39m v3/plugins/gastown-bridge/tests/validators.test.ts[2m > [22mInputSanitizer[2m > [22mcommand injection prevention[2m > [22mshould block carriage return
 [32mΓ£ô[39m v3/plugins/gastown-bridge/tests/validators.test.ts[2m > [22mInputSanitizer[2m > [22mpath traversal prevention[2m > [22mshould block ../ traversal
 [32mΓ£ô[39m v3/plugins/gastown-bridge/tests/validators.test.ts[2m > [22mInputSanitizer[2m > [22mpath traversal prevention[2m > [22mshould block ..\ windows traversal
 [32mΓ£ô[39m v3/plugins/gastown-bridge/tests/validators.test.ts[2m > [22mInputSanitizer[2m > [22mpath traversal prevention[2m > [22mshould block URL-encoded traversal
 [32mΓ£ô[39m v3/plugins/gastown-bridge/tests/validators.test.ts[2m > [22mInputSanitizer[2m > [22mpath traversal prevention[2m > [22mshould block hex-encoded traversal
 [32mΓ£ô[39m v3/plugins/gastown-bridge/tests/validators.test.ts[2m > [22mInputSanitizer[2m > [22mpath traversal prevention[2m > [22mshould block home directory reference
 [32mΓ£ô[39m v3/plugins/gastown-bridge/tests/validators.test.ts[2m > [22mInputSanitizer[2m > [22mnull byte prevention[2m > [22mshould block null bytes
 [32mΓ£ô[39m v3/plugins/gastown-bridge/tests/validators.test.ts[2m > [22mInputSanitizer[2m > [22mvalid inputs[2m > [22mshould allow clean alphanumeric input
 [32mΓ£ô[39m v3/plugins/gastown-bridge/tests/validators.test.ts[2m > [22mInputSanitizer[2m > [22mvalid inputs[2m > [22mshould allow spaces in normal text
 [32mΓ£ô[39m v3/plugins/gastown-bridge/tests/validators.test.ts[2m > [22mInputSanitizer[2m > [22mvalid inputs[2m > [22mshould allow hyphens and underscores
 [32mΓ£ô[39m v3/plugins/gastown-bridge/tests/validators.test.ts[2m > [22mInputSanitizer[2m > [22mvalid inputs[2m > [22mshould allow dots in filenames
 [32mΓ£ô[39m v3/plugins/gastown-bridge/tests/validators.test.ts[2m > [22mInputSanitizer[2m > [22mvalid inputs[2m > [22mshould allow forward slash in paths
 [32mΓ£ô[39m v3/plugins/gastown-bridge/tests/validators.test.ts[2m > [22mRigValidator[2m > [22mvalid rigs[2m > [22mshould accept lowercase rig names
 [32mΓ£ô[39m v3/plugins/gastown-bridge/tests/validators.test.ts[2m > [22mRigValidator[2m > [22mvalid rigs[2m > [22mshould normalize to lowercase
 [32mΓ£ô[39m v3/plugins/gastown-bridge/tests/validators.test.ts[2m > [22mRigValidator[2m > [22mvalid rigs[2m > [22mshould accept alphanumeric with hyphens
 [32mΓ£ô[39m v3/plugins/gastown-bridge/tests/validators.test.ts[2m > [22mRigValidator[2m > [22minvalid rigs[2m > [22mshould reject empty string
 [32mΓ£ô[39m v3/plugins/gastown-bridge/tests/validators.test.ts[2m > [22mRigValidator[2m > [22minvalid rigs[2m > [22mshould reject starting with number
 [32mΓ£ô[39m v3/plugins/gastown-bridge/tests/validators.test.ts[2m > [22mRigValidator[2m > [22minvalid rigs[2m > [22mshould reject special characters
 [32mΓ£ô[39m v3/plugins/gastown-bridge/tests/validators.test.ts[2m > [22mRigValidator[2m > [22mknown rigs[2m > [22mshould identify known rigs
 [32mΓ£ô[39m v3/plugins/gastown-bridge/tests/validators.test.ts[2m > [22mRigValidator[2m > [22mknown rigs[2m > [22mshould not identify unknown rigs
 [32mΓ£ô[39m v3/plugins/gastown-bridge/tests/validators.test.ts[2m > [22mFormulaValidator[2m > [22mname validation[2m > [22mshould accept valid formula names
 [32mΓ£ô[39m v3/plugins/gastown-bridge/tests/validators.test.ts[2m > [22mFormulaValidator[2m > [22mname validation[2m > [22mshould reject names starting with number
 [32mΓ£ô[39m v3/plugins/gastown-bridge/tests/validators.test.ts[2m > [22mFormulaValidator[2m > [22mname validation[2m > [22mshould reject names with special characters
 [32mΓ£ô[39m v3/plugins/gastown-bridge/tests/validators.test.ts[2m > [22mFormulaValidator[2m > [22mname validation[2m > [22mshould reject empty name
 [32mΓ£ô[39m v3/plugins/gastown-bridge/tests/validators.test.ts[2m > [22mFormulaValidator[2m > [22mtype validation[2m > [22mshould accept valid formula types
 [32mΓ£ô[39m v3/plugins/gastown-bridge/tests/validators.test.ts[2m > [22mFormulaValidator[2m > [22mtype validation[2m > [22mshould normalize type to lowercase
 [32mΓ£ô[39m v3/plugins/gastown-bridge/tests/validators.test.ts[2m > [22mFormulaValidator[2m > [22mtype validation[2m > [22mshould reject invalid types
 [32mΓ£ô[39m v3/plugins/gastown-bridge/tests/validators.test.ts[2m > [22mConvoyValidator[2m > [22mID validation[2m > [22mshould accept convoy hash format
 [32mΓ£ô[39m v3/plugins/gastown-bridge/tests/validators.test.ts[2m > [22mConvoyValidator[2m > [22mID validation[2m > [22mshould accept numeric convoy IDs
 [32mΓ£ô[39m v3/plugins/gastown-bridge/tests/validators.test.ts[2m > [22mConvoyValidator[2m > [22mID validation[2m > [22mshould reject invalid convoy IDs
 [32mΓ£ô[39m v3/plugins/gastown-bridge/tests/validators.test.ts[2m > [22mConvoyValidator[2m > [22missues list validation[2m > [22mshould accept valid issues list
 [32mΓ£ô[39m v3/plugins/gastown-bridge/tests/validators.test.ts[2m > [22mConvoyValidator[2m > [22missues list validation[2m > [22mshould reject empty issues list
 [32mΓ£ô[39m v3/plugins/gastown-bridge/tests/validators.test.ts[2m > [22mConvoyValidator[2m > [22missues list validation[2m > [22mshould reject non-array
 [32mΓ£ô[39m v3/plugins/gastown-bridge/tests/validators.test.ts[2m > [22mConvoyValidator[2m > [22missues list validation[2m > [22mshould reject if any issue is invalid
 [32mΓ£ô[39m v3/plugins/gastown-bridge/tests/validators.test.ts[2m > [22mComplex Attack Scenarios[2m > [22mmulti-stage injection[2m > [22mshould block encoded command in bead title
 [32mΓ£ô[39m v3/plugins/gastown-bridge/tests/validators.test.ts[2m > [22mComplex Attack Scenarios[2m > [22mmulti-stage injection[2m > [22mshould block SQL-like injection in search
 [32mΓ£ô[39m v3/plugins/gastown-bridge/tests/validators.test.ts[2m > [22mComplex Attack Scenarios[2m > [22mmulti-stage injection[2m > [22mshould block template injection
 [32mΓ£ô[39m v3/plugins/gastown-bridge/tests/validators.test.ts[2m > [22mComplex Attack Scenarios[2m > [22municode smuggling[2m > [22mshould handle unicode safely
 [32mΓ£ô[39m v3/plugins/gastown-bridge/tests/validators.test.ts[2m > [22mComplex Attack Scenarios[2m > [22mcombined attacks[2m > [22mshould block combined path traversal and injection
 [32mΓ£ô[39m v3/plugins/gastown-bridge/tests/validators.test.ts[2m > [22mComplex Attack Scenarios[2m > [22mcombined attacks[2m > [22mshould block embedded null with command
 [32mΓ£ô[39m v3/plugins/teammate-plugin/tests/utils.test.ts[2m > [22mHealthChecker[2m > [22mgetTeamReport[2m > [22mshould calculate overall status[33m 310[2mms[22m[39m
 [32mΓ£ô[39m v3/plugins/teammate-plugin/tests/utils.test.ts[2m > [22mHealthChecker[2m > [22mforceCheck[2m > [22mshould perform check immediately
 [32mΓ£ô[39m v3/plugins/teammate-plugin/tests/utils.test.ts[2m > [22mRetry Utilities[2m > [22mwithRetry[2m > [22mshould return result on first success
 [32mΓ£ô[39m v3/plugins/teammate-plugin/tests/utils.test.ts[2m > [22mRetry Utilities[2m > [22mwithRetry[2m > [22mshould retry on failure and eventually succeed
 [32mΓ£ô[39m v3/plugins/teammate-plugin/tests/utils.test.ts[2m > [22mRetry Utilities[2m > [22mwithRetry[2m > [22mshould throw after max retries exhausted
 [32mΓ£ô[39m v3/plugins/teammate-plugin/tests/utils.test.ts[2m > [22mRetry Utilities[2m > [22mwithRetry[2m > [22mshould respect isRetryable filter
 [32mΓ£ô[39m v3/plugins/teammate-plugin/tests/utils.test.ts[2m > [22mRetry Utilities[2m > [22mcalculateBackoffDelay[2m > [22mshould increase exponentially
 [32mΓ£ô[39m v3/plugins/teammate-plugin/tests/utils.test.ts[2m > [22mRetry Utilities[2m > [22mcalculateBackoffDelay[2m > [22mshould cap at maxDelayMs
 [32mΓ£ô[39m v3/plugins/teammate-plugin/tests/utils.test.ts[2m > [22mRetry Utilities[2m > [22msleep[2m > [22mshould delay for specified duration
 [32mΓ£ô[39m v3/plugins/teammate-plugin/tests/utils.test.ts[2m > [22mRetry Utilities[2m > [22mwithTimeout[2m > [22mshould return result if within timeout
 [32mΓ£ô[39m v3/plugins/teammate-plugin/tests/utils.test.ts[2m > [22mRetry Utilities[2m > [22mwithTimeout[2m > [22mshould throw on timeout
 [32mΓ£ô[39m v3/plugins/teammate-plugin/tests/utils.test.ts[2m > [22mRetry Utilities[2m > [22mwithTimeout[2m > [22mshould use custom timeout error
 [32mΓ£ô[39m v3/plugins/teammate-plugin/tests/utils.test.ts[2m > [22mRetry Utilities[2m > [22mcreateRetryState[2m > [22mshould create initial retry state
 [32mΓ£ô[39m v3/@claude-flow/guidance/tests/conformance-kit.test.ts[2m > [22mMemoryClerkCell[2m > [22mshould complete with correct trace structure
 [32mΓ£ô[39m v3/@claude-flow/guidance/tests/conformance-kit.test.ts[2m > [22mMemoryClerkCell[2m > [22mshould perform 20 reads, 1 inference, and 5 write attempts
 [32mΓ£ô[39m v3/@claude-flow/guidance/tests/conformance-kit.test.ts[2m > [22mMemoryClerkCell[2m > [22mshould commit first 2 writes and block last 3 after coherence drop
 [32mΓ£ô[39m v3/@claude-flow/guidance/tests/conformance-kit.test.ts[2m > [22mMemoryClerkCell[2m > [22mshould emit a proof envelope with a valid hash
 [32mΓ£ô[39m v3/@claude-flow/guidance/tests/conformance-kit.test.ts[2m > [22mMemoryClerkCell[2m > [22mshould have sequential seq numbers in all trace events
 [32mΓ£ô[39m v3/@claude-flow/guidance/tests/conformance-kit.test.ts[2m > [22mMemoryClerkCell[2m > [22mshould have monotonically non-decreasing timestamps
 [32mΓ£ô[39m v3/@claude-flow/guidance/tests/conformance-kit.test.ts[2m > [22mMemoryClerkCell[2m > [22mshould track budget usage consistently
 [32mΓ£ô[39m v3/@claude-flow/guidance/tests/conformance-kit.test.ts[2m > [22mMemoryClerkCell[2m > [22mshould record coherence history including the drop
 [32mΓ£ô[39m v3/@claude-flow/guidance/tests/conformance-kit.test.ts[2m > [22mMemoryClerkCell[2m > [22mshould produce "restricted" outcome
 [32mΓ£ô[39m v3/@claude-flow/guidance/tests/conformance-kit.test.ts[2m > [22mMemoryClerkCell[2m > [22mshould have run_start as first event and run_end as last event
 [32mΓ£ô[39m v3/@claude-flow/guidance/tests/conformance-kit.test.ts[2m > [22mMemoryClerkCell[2m > [22mshould include a privilege_change event when coherence drops
 [32mΓ£ô[39m v3/@claude-flow/guidance/tests/conformance-kit.test.ts[2m > [22mSimulatedRuntime[2m > [22mshould allow reads regardless of coherence level
 [32mΓ£ô[39m v3/@claude-flow/guidance/tests/conformance-kit.test.ts[2m > [22mSimulatedRuntime[2m > [22mshould block writes when coherence is below read-only threshold
 [32mΓ£ô[39m v3/@claude-flow/guidance/tests/conformance-kit.test.ts[2m > [22mSimulatedRuntime[2m > [22mshould allow writes when coherence is healthy
 [32mΓ£ô[39m v3/@claude-flow/guidance/tests/conformance-kit.test.ts[2m > [22mSimulatedRuntime[2m > [22mshould return simulated model response
 [32mΓ£ô[39m v3/@claude-flow/guidance/tests/conformance-kit.test.ts[2m > [22mSimulatedRuntime[2m > [22mshould emit privilege_change when score crosses threshold
 [32mΓ£ô[39m v3/@claude-flow/guidance/tests/conformance-kit.test.ts[2m > [22mSimulatedRuntime[2m > [22mshould not emit privilege_change when score stays in same band
 [32mΓ£ô[39m v3/@claude-flow/guidance/tests/conformance-kit.test.ts[2m > [22mSimulatedRuntime[2m > [22mshould accumulate budget usage from reads and writes
 [32mΓ£ô[39m v3/@claude-flow/guidance/tests/conformance-kit.test.ts[2m > [22mSimulatedRuntime[2m > [22mshould emit custom trace events
 [32mΓ£ô[39m v3/@claude-flow/guidance/tests/conformance-kit.test.ts[2m > [22mSimulatedRuntime[2m > [22mshould track memory operations for proof chain
 [32mΓ£ô[39m v3/@claude-flow/guidance/tests/conformance-kit.test.ts[2m > [22mProof envelope[2m > [22mshould be emitted and verifiable
 [32mΓ£ô[39m v3/@claude-flow/guidance/tests/conformance-kit.test.ts[2m > [22mProof envelope[2m > [22mshould reference the correct agent and session
 [32mΓ£ô[39m v3/@claude-flow/guidance/tests/conformance-kit.test.ts[2m > [22mProof envelope[2m > [22mshould include memory lineage entries
 [32mΓ£ô[39m v3/@claude-flow/guidance/tests/conformance-kit.test.ts[2m > [22mReplay test[2m > [22mshould produce identical decisions for the same trace
 [32mΓ£ô[39m v3/@claude-flow/guidance/tests/conformance-kit.test.ts[2m > [22mReplay test[2m > [22mshould detect divergences when trace decisions are altered
 [32mΓ£ô[39m v3/@claude-flow/guidance/tests/conformance-kit.test.ts[2m > [22mReplay test[2m > [22mshould handle empty trace gracefully
 [32mΓ£ô[39m v3/@claude-flow/guidance/tests/conformance-kit.test.ts[2m > [22mConformanceRunner.runConformanceTest[2m > [22mshould pass all conformance checks
 [32mΓ£ô[39m v3/@claude-flow/guidance/tests/conformance-kit.test.ts[2m > [22mConformanceRunner.runConformanceTest[2m > [22mshould have all expected check names
 [32mΓ£ô[39m v3/@claude-flow/guidance/tests/conformance-kit.test.ts[2m > [22mConformanceRunner.runConformanceTest[2m > [22mshould return a valid proof hash
 [32mΓ£ô[39m v3/@claude-flow/guidance/tests/conformance-kit.test.ts[2m > [22mConformanceRunner.runConformanceTest[2m > [22mshould complete within a reasonable duration
 [32mΓ£ô[39m v3/@claude-flow/guidance/tests/conformance-kit.test.ts[2m > [22mConformanceRunner.runConformanceTest[2m > [22mshould produce a non-empty trace
 [32mΓ£ô[39m v3/@claude-flow/guidance/tests/conformance-kit.test.ts[2m > [22mFactory functions[2m > [22mcreateMemoryClerkCell should return a valid cell
 [32mΓ£ô[39m v3/@claude-flow/guidance/tests/conformance-kit.test.ts[2m > [22mFactory functions[2m > [22mcreateMemoryClerkCell without id should generate one
 [32mΓ£ô[39m v3/@claude-flow/guidance/tests/conformance-kit.test.ts[2m > [22mFactory functions[2m > [22mcreateConformanceRunner should return a runner
 [32mΓ£ô[39m v3/@claude-flow/guidance/tests/conformance-kit.test.ts[2m > [22mFactory functions[2m > [22mcreateConformanceRunner with custom authority
 [32mΓ£ô[39m v3/@claude-flow/guidance/tests/conformance-kit.test.ts[2m > [22mEdge cases[2m > [22mshould handle cell with all writes blocked (no coherent period)
 [32mΓ£ô[39m v3/@claude-flow/guidance/tests/conformance-kit.test.ts[2m > [22mEdge cases[2m > [22mshould handle cell with all writes committed (no drop)
 [32mΓ£ô[39m v3/@claude-flow/guidance/tests/conformance-kit.test.ts[2m > [22mEdge cases[2m > [22mshould handle zero reads and zero writes
 [32mΓ£ô[39m v3/@claude-flow/guidance/tests/conformance-kit.test.ts[2m > [22mEdge cases[2m > [22mshould handle coherence drop at write #1 (all blocked)
 [32mΓ£ô[39m v3/@claude-flow/guidance/tests/conformance-kit.test.ts[2m > [22mEdge cases[2m > [22mshould handle coherence drop at last write
 [32mΓ£ô[39m v3/@claude-flow/guidance/tests/conformance-kit.test.ts[2m > [22mInterface conformance[2m > [22mMemoryClerkCell should satisfy AgentCell interface
 [32mΓ£ô[39m v3/@claude-flow/guidance/tests/conformance-kit.test.ts[2m > [22mInterface conformance[2m > [22mSimulatedRuntime should satisfy CellRuntime interface
TAP version 13
# Subtest: RvfaPatcher.createPatch
    # Subtest: creates a patch with RVFP magic bytes
    ok 1 - creates a patch with RVFP magic bytes
      ---
      duration_ms: 40.6641
      type: 'test'
      ...
    # Subtest: creates a patch with correct version number
    ok 2 - creates a patch with correct version number
      ---
      duration_ms: 0.6477
      type: 'test'
      ...
    # Subtest: includes all header fields in the patch
    ok 3 - includes all header fields in the patch
      ---
      duration_ms: 4.4555
      type: 'test'
      ...
    1..3
ok 1 - RvfaPatcher.createPatch
  ---
  duration_ms: 53.3137
  type: 'suite'
  ...
# Subtest: RvfaPatcher.parsePatchHeader
    # Subtest: extracts all fields from a valid patch
    ok 1 - extracts all fields from a valid patch
      ---
      duration_ms: 0.8732
      type: 'test'
      ...
    # Subtest: rejects a buffer with wrong magic
    ok 2 - rejects a buffer with wrong magic
      ---
      duration_ms: 3.7075
      type: 'test'
      ...
    # Subtest: rejects a buffer that is too small
    ok 3 - rejects a buffer that is too small
      ---
      duration_ms: 0.5968
      type: 'test'
      ...
    1..3
ok 2 - RvfaPatcher.parsePatchHeader
  ---
  duration_ms: 5.7147
  type: 'suite'
  ...
# Subtest: RvfaPatcher.verifyPatch
    # Subtest: returns valid=true for a well-formed patch
    ok 1 - returns valid=true for a well-formed patch
      ---
      duration_ms: 7.2145
      type: 'test'
      ...
    # Subtest: returns valid=false for a tampered patch payload
    ok 2 - returns valid=false for a tampered patch payload
      ---
      duration_ms: 0.6885
      type: 'test'
      ...
    # Subtest: returns valid=false for a tampered footer
    ok 3 - returns valid=false for a tampered footer
      ---
      duration_ms: 14.1267
      type: 'test'
      ...
    1..3
ok 3 - RvfaPatcher.verifyPatch
  ---
  duration_ms: 22.595
  type: 'suite'
  ...
 [32mΓ£ô[39m v3/@claude-flow/guidance/tests/gateway.test.ts[2m > [22mDeterministicToolGateway - Idempotency[2m > [22mshould return cached result for identical tool calls
 [32mΓ£ô[39m v3/@claude-flow/guidance/tests/gateway.test.ts[2m > [22mDeterministicToolGateway - Idempotency[2m > [22mshould not return cached result for different params
 [32mΓ£ô[39m v3/@claude-flow/guidance/tests/gateway.test.ts[2m > [22mDeterministicToolGateway - Idempotency[2m > [22mshould not return cached result for different tool names
 [32mΓ£ô[39m v3/@claude-flow/guidance/tests/gateway.test.ts[2m > [22mDeterministicToolGateway - Idempotency[2m > [22mshould expire idempotency records after TTL
 [32mΓ£ô[39m v3/@claude-flow/guidance/tests/gateway.test.ts[2m > [22mDeterministicToolGateway - Idempotency[2m > [22mshould list all call history
 [32mΓ£ô[39m v3/@claude-flow/guidance/tests/gateway.test.ts[2m > [22mDeterministicToolGateway - Idempotency Key Determinism[2m > [22mshould produce the same key for identical inputs
 [32mΓ£ô[39m v3/@claude-flow/guidance/tests/gateway.test.ts[2m > [22mDeterministicToolGateway - Idempotency Key Determinism[2m > [22mshould produce the same key regardless of param order
 [32mΓ£ô[39m v3/@claude-flow/guidance/tests/gateway.test.ts[2m > [22mDeterministicToolGateway - Idempotency Key Determinism[2m > [22mshould produce different keys for different tool names
 [32mΓ£ô[39m v3/@claude-flow/guidance/tests/gateway.test.ts[2m > [22mDeterministicToolGateway - Idempotency Key Determinism[2m > [22mshould produce different keys for different param values
 [32mΓ£ô[39m v3/@claude-flow/guidance/tests/gateway.test.ts[2m > [22mDeterministicToolGateway - Idempotency Key Determinism[2m > [22mshould produce a 64-character hex string (SHA-256)
 [32mΓ£ô[39m v3/@claude-flow/guidance/tests/gateway.test.ts[2m > [22mDeterministicToolGateway - Idempotency Key Determinism[2m > [22mshould handle nested objects deterministically
 [32mΓ£ô[39m v3/@claude-flow/guidance/tests/gateway.test.ts[2m > [22mDeterministicToolGateway - Schema Validation[2m > [22mshould accept valid params matching schema
 [32mΓ£ô[39m v3/@claude-flow/guidance/tests/gateway.test.ts[2m > [22mDeterministicToolGateway - Schema Validation[2m > [22mshould reject missing required params
 [32mΓ£ô[39m v3/@claude-flow/guidance/tests/gateway.test.ts[2m > [22mDeterministicToolGateway - Schema Validation[2m > [22mshould reject unknown params
 [32mΓ£ô[39m v3/@claude-flow/guidance/tests/gateway.test.ts[2m > [22mDeterministicToolGateway - Schema Validation[2m > [22mshould reject wrong param types
 [32mΓ£ô[39m v3/@claude-flow/guidance/tests/gateway.test.ts[2m > [22mDeterministicToolGateway - Schema Validation[2m > [22mshould reject params exceeding max size
 [32mΓ£ô[39m v3/@claude-flow/guidance/tests/gateway.test.ts[2m > [22mDeterministicToolGateway - Schema Validation[2m > [22mshould reject values not in allowed list
 [32mΓ£ô[39m v3/@claude-flow/guidance/tests/gateway.test.ts[2m > [22mDeterministicToolGateway - Schema Validation[2m > [22mshould accept values in allowed list
 [32mΓ£ô[39m v3/@claude-flow/guidance/tests/gateway.test.ts[2m > [22mDeterministicToolGateway - Schema Validation[2m > [22mshould pass through tools without a registered schema
 [32mΓ£ô[39m v3/@claude-flow/guidance/tests/gateway.test.ts[2m > [22mDeterministicToolGateway - Schema Validation[2m > [22mshould detect array type correctly
 [32mΓ£ô[39m v3/@claude-flow/guidance/tests/gateway.test.ts[2m > [22mDeterministicToolGateway - Schema Validation[2m > [22mshould reject array when string is expected
 [32mΓ£ô[39m v3/@claude-flow/guidance/tests/gateway.test.ts[2m > [22mDeterministicToolGateway - Schema Validation[2m > [22mshould block invalid params through evaluate pipeline
 [32mΓ£ô[39m v3/@claude-flow/guidance/tests/gateway.test.ts[2m > [22mDeterministicToolGateway - Budget Enforcement[2m > [22mshould allow calls within budget
 [32mΓ£ô[39m v3/@claude-flow/guidance/tests/gateway.test.ts[2m > [22mDeterministicToolGateway - Budget Enforcement[2m > [22mshould block when tool call budget is exceeded
 [32mΓ£ô[39m v3/@claude-flow/guidance/tests/gateway.test.ts[2m > [22mDeterministicToolGateway - Budget Enforcement[2m > [22mshould block when token budget is exceeded
 [32mΓ£ô[39m v3/@claude-flow/guidance/tests/gateway.test.ts[2m > [22mDeterministicToolGateway - Budget Enforcement[2m > [22mshould block when time budget is exceeded
 [32mΓ£ô[39m v3/@claude-flow/guidance/tests/gateway.test.ts[2m > [22mDeterministicToolGateway - Budget Enforcement[2m > [22mshould block when cost budget is exceeded
 [32mΓ£ô[39m v3/@claude-flow/guidance/tests/gateway.test.ts[2m > [22mDeterministicToolGateway - Budget Enforcement[2m > [22mshould block when storage budget is exceeded
 [32mΓ£ô[39m v3/@claude-flow/guidance/tests/gateway.test.ts[2m > [22mDeterministicToolGateway - Budget Enforcement[2m > [22mshould use infinite limits when no budget is specified
 [32mΓ£ô[39m v3/@claude-flow/guidance/tests/gateway.test.ts[2m > [22mDeterministicToolGateway - Budget Metering[2m > [22mshould increment tool call count on recordCall
 [32mΓ£ô[39m v3/@claude-flow/guidance/tests/gateway.test.ts[2m > [22mDeterministicToolGateway - Budget Metering[2m > [22mshould accumulate time on recordCall
 [32mΓ£ô[39m v3/@claude-flow/guidance/tests/gateway.test.ts[2m > [22mDeterministicToolGateway - Budget Metering[2m > [22mshould accumulate tokens when provided
 [32mΓ£ô[39m v3/@claude-flow/guidance/tests/gateway.test.ts[2m > [22mDeterministicToolGateway - Budget Metering[2m > [22mshould not alter token budget when tokenCount is omitted
 [32mΓ£ô[39m v3/@claude-flow/guidance/tests/gateway.test.ts[2m > [22mDeterministicToolGateway - Budget Metering[2m > [22mshould accumulate storage from result size
 [32mΓ£ô[39m v3/@claude-flow/guidance/tests/gateway.test.ts[2m > [22mDeterministicToolGateway - Budget Metering[2m > [22mshould estimate cost based on tokens
 [32mΓ£ô[39m v3/@claude-flow/guidance/tests/gateway.test.ts[2m > [22mDeterministicToolGateway - Budget Metering[2m > [22mshould reset budget to zero
 [32mΓ£ô[39m v3/@claude-flow/guidance/tests/gateway.test.ts[2m > [22mDeterministicToolGateway - Budget Metering[2m > [22mshould preserve limits after reset
 [32mΓ£ô[39m v3/@claude-flow/guidance/tests/gateway.test.ts[2m > [22mDeterministicToolGateway - Budget Metering[2m > [22mshould block after budget is exhausted through metering
 [32mΓ£ô[39m v3/@claude-flow/guidance/tests/gateway.test.ts[2m > [22mDeterministicToolGateway - EnforcementGates Integration[2m > [22mshould block destructive commands through context
 [32mΓ£ô[39m v3/@claude-flow/guidance/tests/gateway.test.ts[2m > [22mDeterministicToolGateway - EnforcementGates Integration[2m > [22mshould block tools not in allowlist
 [32mΓ£ô[39m v3/@claude-flow/guidance/tests/gateway.test.ts[2m > [22mDeterministicToolGateway - EnforcementGates Integration[2m > [22mshould allow tools in the allowlist
 [32mΓ£ô[39m v3/@claude-flow/guidance/tests/gateway.test.ts[2m > [22mDeterministicToolGateway - EnforcementGates Integration[2m > [22mshould detect secrets in tool params
 [32mΓ£ô[39m v3/@claude-flow/guidance/tests/gateway.test.ts[2m > [22mDeterministicToolGateway - EnforcementGates Integration[2m > [22mshould allow clean tool params
 [32mΓ£ô[39m v3/@claude-flow/guidance/tests/gateway.test.ts[2m > [22mDeterministicToolGateway - EnforcementGates Integration[2m > [22mshould run schema validation before gates
 [32mΓ£ô[39m v3/@claude-flow/guidance/tests/gateway.test.ts[2m > [22mDeterministicToolGateway - EnforcementGates Integration[2m > [22mshould run budget check before gates
 [32mΓ£ô[39m v3/@claude-flow/guidance/tests/gateway.test.ts[2m > [22mcreateToolGateway[2m > [22mshould create a gateway with default config
 [32mΓ£ô[39m v3/@claude-flow/guidance/tests/gateway.test.ts[2m > [22mcreateToolGateway[2m > [22mshould create a gateway with custom config
 [32mΓ£ô[39m v3/@claude-flow/guidance/tests/gateway.test.ts[2m > [22mcreateToolGateway[2m > [22mshould return a fully functional gateway
 [32mΓ£ô[39m v3/@claude-flow/guidance/tests/gateway.test.ts[2m > [22mDeterministicToolGateway - Edge Cases[2m > [22mshould handle empty params
 [32mΓ£ô[39m v3/@claude-flow/guidance/tests/gateway.test.ts[2m > [22mDeterministicToolGateway - Edge Cases[2m > [22mshould handle null-like param values
 [32mΓ£ô[39m v3/@claude-flow/guidance/tests/gateway.test.ts[2m > [22mDeterministicToolGateway - Edge Cases[2m > [22mshould produce consistent keys with undefined values
 [32mΓ£ô[39m v3/@claude-flow/guidance/tests/gateway.test.ts[2m > [22mDeterministicToolGateway - Edge Cases[2m > [22mshould return budget remaining on allow
 [32mΓ£ô[39m v3/@claude-flow/guidance/tests/gateway.test.ts[2m > [22mDeterministicToolGateway - Edge Cases[2m > [22mshould return budget remaining on budget rejection
 [32mΓ£ô[39m v3/@claude-flow/guidance/tests/gateway.test.ts[2m > [22mDeterministicToolGateway - Edge Cases[2m > [22mshould not mutate the budget through getBudget
 [32mΓ£ô[39m v3/plugins/financial-risk/tests/mcp-tools.test.ts[2m > [22mFinancial Risk MCP Tools[2m > [22mTool Registry[2m > [22mshould export all 5 tools
 [32mΓ£ô[39m v3/plugins/financial-risk/tests/mcp-tools.test.ts[2m > [22mFinancial Risk MCP Tools[2m > [22mTool Registry[2m > [22mshould have correct tool names
 [32mΓ£ô[39m v3/plugins/financial-risk/tests/mcp-tools.test.ts[2m > [22mFinancial Risk MCP Tools[2m > [22mTool Registry[2m > [22mshould have category finance
 [32mΓ£ô[39m v3/plugins/financial-risk/tests/mcp-tools.test.ts[2m > [22mFinancial Risk MCP Tools[2m > [22mTool Registry[2m > [22mshould have version 1.0.0
 [32mΓ£ô[39m v3/plugins/financial-risk/tests/mcp-tools.test.ts[2m > [22mFinancial Risk MCP Tools[2m > [22mTool Registry[2m > [22mshould get tool by name
 [32mΓ£ô[39m v3/plugins/financial-risk/tests/mcp-tools.test.ts[2m > [22mFinancial Risk MCP Tools[2m > [22mTool Registry[2m > [22mshould return undefined for unknown tool
 [32mΓ£ô[39m v3/plugins/financial-risk/tests/mcp-tools.test.ts[2m > [22mFinancial Risk MCP Tools[2m > [22mTool Registry[2m > [22mshould get all tool names
 [32mΓ£ô[39m v3/plugins/financial-risk/tests/mcp-tools.test.ts[2m > [22mFinancial Risk MCP Tools[2m > [22mfinance/portfolio-risk[2m > [22mshould have correct tool definition
 [31m├ù[39m v3/plugins/financial-risk/tests/mcp-tools.test.ts[2m > [22mFinancial Risk MCP Tools[2m > [22mfinance/portfolio-risk[2m > [22mshould handle valid input
[31m   ΓåÆ Cannot read properties of undefined (reading '0')[39m
 [31m├ù[39m v3/plugins/financial-risk/tests/mcp-tools.test.ts[2m > [22mFinancial Risk MCP Tools[2m > [22mfinance/portfolio-risk[2m > [22mshould calculate concentration risk
[31m   ΓåÆ Cannot read properties of undefined (reading '0')[39m
 [31m├ù[39m v3/plugins/financial-risk/tests/mcp-tools.test.ts[2m > [22mFinancial Risk MCP Tools[2m > [22mfinance/portfolio-risk[2m > [22mshould reject unauthorized access
[31m   ΓåÆ expected undefined to be true // Object.is equality[39m
 [32mΓ£ô[39m v3/plugins/financial-risk/tests/mcp-tools.test.ts[2m > [22mFinancial Risk MCP Tools[2m > [22mfinance/portfolio-risk[2m > [22mshould reject rate limit exceeded
 [31m├ù[39m v3/plugins/financial-risk/tests/mcp-tools.test.ts[2m > [22mFinancial Risk MCP Tools[2m > [22mfinance/portfolio-risk[2m > [22mshould reject empty holdings
[31m   ΓåÆ expected undefined to be true // Object.is equality[39m
 [31m├ù[39m v3/plugins/financial-risk/tests/mcp-tools.test.ts[2m > [22mFinancial Risk MCP Tools[2m > [22mfinance/portfolio-risk[2m > [22mshould reject invalid symbol format
[31m   ΓåÆ expected undefined to be true // Object.is equality[39m
 [31m├ù[39m v3/plugins/financial-risk/tests/mcp-tools.test.ts[2m > [22mFinancial Risk MCP Tools[2m > [22mfinance/portfolio-risk[2m > [22mshould log audit entries
[31m   ΓåÆ expected "spy" to be called with arguments: [ ObjectContaining{ΓÇª} ][90m

Received: 

[31m[90m

Number of calls: [1m0[22m
[31m[39m
 [32mΓ£ô[39m v3/plugins/financial-risk/tests/mcp-tools.test.ts[2m > [22mFinancial Risk MCP Tools[2m > [22mfinance/anomaly-detect[2m > [22mshould have correct tool definition
 [31m├ù[39m v3/plugins/financial-risk/tests/mcp-tools.test.ts[2m > [22mFinancial Risk MCP Tools[2m > [22mfinance/anomaly-detect[2m > [22mshould handle valid input
[31m   ΓåÆ Cannot read properties of undefined (reading '0')[39m
 [32mΓ£ô[39m v3/plugins/financial-risk/tests/mcp-tools.test.ts[2m > [22mFinancial Risk MCP Tools[2m > [22mfinance/anomaly-detect[2m > [22mshould handle context types
 [31m├ù[39m v3/plugins/financial-risk/tests/mcp-tools.test.ts[2m > [22mFinancial Risk MCP Tools[2m > [22mfinance/anomaly-detect[2m > [22mshould reject unauthorized access
[31m   ΓåÆ expected undefined to be true // Object.is equality[39m
 [31m├ù[39m v3/plugins/financial-risk/tests/mcp-tools.test.ts[2m > [22mFinancial Risk MCP Tools[2m > [22mfinance/anomaly-detect[2m > [22mshould reject invalid transaction UUID
[31m   ΓåÆ expected undefined to be true // Object.is equality[39m
 [31m├ù[39m v3/plugins/financial-risk/tests/mcp-tools.test.ts[2m > [22mFinancial Risk MCP Tools[2m > [22mfinance/anomaly-detect[2m > [22mshould reject invalid timestamp
[31m   ΓåÆ expected undefined to be true // Object.is equality[39m
 [31m├ù[39m v3/plugins/financial-risk/tests/mcp-tools.test.ts[2m > [22mFinancial Risk MCP Tools[2m > [22mfinance/anomaly-detect[2m > [22mshould reject empty transactions
[31m   ΓåÆ expected undefined to be true // Object.is equality[39m
 [32mΓ£ô[39m v3/plugins/financial-risk/tests/mcp-tools.test.ts[2m > [22mFinancial Risk MCP Tools[2m > [22mfinance/market-regime[2m > [22mshould have correct tool definition
 [31m├ù[39m v3/plugins/financial-risk/tests/mcp-tools.test.ts[2m > [22mFinancial Risk MCP Tools[2m > [22mfinance/market-regime[2m > [22mshould handle valid input
[31m   ΓåÆ Cannot read properties of undefined (reading '0')[39m
 [31m├ù[39m v3/plugins/financial-risk/tests/mcp-tools.test.ts[2m > [22mFinancial Risk MCP Tools[2m > [22mfinance/market-regime[2m > [22mshould include regime characteristics
[31m   ΓåÆ Cannot read properties of undefined (reading '0')[39m
 [32mΓ£ô[39m v3/plugins/financial-risk/tests/mcp-tools.test.ts[2m > [22mFinancial Risk MCP Tools[2m > [22mfinance/market-regime[2m > [22mshould handle lookback period
 [31m├ù[39m v3/plugins/financial-risk/tests/mcp-tools.test.ts[2m > [22mFinancial Risk MCP Tools[2m > [22mfinance/market-regime[2m > [22mshould reject missing market data
[31m   ΓåÆ expected undefined to be true // Object.is equality[39m
 [31m├ù[39m v3/plugins/financial-risk/tests/mcp-tools.test.ts[2m > [22mFinancial Risk MCP Tools[2m > [22mfinance/market-regime[2m > [22mshould reject insufficient price data
[31m   ΓåÆ expected undefined to be true // Object.is equality[39m
 [32mΓ£ô[39m v3/plugins/financial-risk/tests/mcp-tools.test.ts[2m > [22mFinancial Risk MCP Tools[2m > [22mfinance/compliance-check[2m > [22mshould have correct tool definition
 [31m├ù[39m v3/plugins/financial-risk/tests/mcp-tools.test.ts[2m > [22mFinancial Risk MCP Tools[2m > [22mfinance/compliance-check[2m > [22mshould handle valid input
[31m   ΓåÆ Cannot read properties of undefined (reading '0')[39m
 [31m├ù[39m v3/plugins/financial-risk/tests/mcp-tools.test.ts[2m > [22mFinancial Risk MCP Tools[2m > [22mfinance/compliance-check[2m > [22mshould check Basel III compliance
[31m   ΓåÆ Cannot read properties of undefined (reading '0')[39m
 [32mΓ£ô[39m v3/plugins/financial-risk/tests/mcp-tools.test.ts[2m > [22mFinancial Risk MCP Tools[2m > [22mfinance/compliance-check[2m > [22mshould handle all regulation types
 [31m├ù[39m v3/plugins/financial-risk/tests/mcp-tools.test.ts[2m > [22mFinancial Risk MCP Tools[2m > [22mfinance/compliance-check[2m > [22mshould handle as-of date
[31m   ΓåÆ Cannot read properties of undefined (reading '0')[39m
 [31m├ù[39m v3/plugins/financial-risk/tests/mcp-tools.test.ts[2m > [22mFinancial Risk MCP Tools[2m > [22mfinance/compliance-check[2m > [22mshould reject missing entity
[31m   ΓåÆ expected undefined to be true // Object.is equality[39m
 [31m├ù[39m v3/plugins/financial-risk/tests/mcp-tools.test.ts[2m > [22mFinancial Risk MCP Tools[2m > [22mfinance/compliance-check[2m > [22mshould reject empty regulations
[31m   ΓåÆ expected undefined to be true // Object.is equality[39m
 [32mΓ£ô[39m v3/plugins/financial-risk/tests/mcp-tools.test.ts[2m > [22mFinancial Risk MCP Tools[2m > [22mfinance/stress-test[2m > [22mshould have correct tool definition
 [31m├ù[39m v3/plugins/financial-risk/tests/mcp-tools.test.ts[2m > [22mFinancial Risk MCP Tools[2m > [22mfinance/stress-test[2m > [22mshould handle valid input
[31m   ΓåÆ Cannot read properties of undefined (reading '0')[39m
 [31m├ù[39m v3/plugins/financial-risk/tests/mcp-tools.test.ts[2m > [22mFinancial Risk MCP Tools[2m > [22mfinance/stress-test[2m > [22mshould handle multiple scenarios
[31m   ΓåÆ Cannot read properties of undefined (reading '0')[39m
 [31m├ù[39m v3/plugins/financial-risk/tests/mcp-tools.test.ts[2m > [22mFinancial Risk MCP Tools[2m > [22mfinance/stress-test[2m > [22mshould identify VaR breaches
[31m   ΓåÆ Cannot read properties of undefined (reading '0')[39m
 [31m├ù[39m v3/plugins/financial-risk/tests/mcp-tools.test.ts[2m > [22mFinancial Risk MCP Tools[2m > [22mfinance/stress-test[2m > [22mshould reject unauthorized access
[31m   ΓåÆ expected undefined to be true // Object.is equality[39m
 [31m├ù[39m v3/plugins/financial-risk/tests/mcp-tools.test.ts[2m > [22mFinancial Risk MCP Tools[2m > [22mfinance/stress-test[2m > [22mshould reject empty scenarios
[31m   ΓåÆ expected undefined to be true // Object.is equality[39m
 [31m├ù[39m v3/plugins/financial-risk/tests/mcp-tools.test.ts[2m > [22mFinancial Risk MCP Tools[2m > [22mfinance/stress-test[2m > [22mshould reject empty portfolio holdings
[31m   ΓåÆ expected undefined to be true // Object.is equality[39m
 [32mΓ£ô[39m v3/plugins/financial-risk/tests/mcp-tools.test.ts[2m > [22mFinancial Risk MCP Tools[2m > [22mRate Limiting[2m > [22mshould enforce rate limits on portfolio-risk
 [32mΓ£ô[39m v3/plugins/financial-risk/tests/mcp-tools.test.ts[2m > [22mFinancial Risk MCP Tools[2m > [22mRate Limiting[2m > [22mshould enforce rate limits on anomaly-detect
 [32mΓ£ô[39m v3/plugins/financial-risk/tests/mcp-tools.test.ts[2m > [22mFinancial Risk MCP Tools[2m > [22mRate Limiting[2m > [22mshould enforce rate limits on stress-test
 [31m├ù[39m v3/plugins/financial-risk/tests/mcp-tools.test.ts[2m > [22mFinancial Risk MCP Tools[2m > [22mAudit Logging[2m > [22mshould log audit entries with required fields
[31m   ΓåÆ expected "spy" to be called with arguments: [ ObjectContaining{ΓÇª} ][90m

Received: 

[31m[90m

Number of calls: [1m0[22m
[31m[39m
 [32mΓ£ô[39m v3/plugins/financial-risk/tests/mcp-tools.test.ts[2m > [22mFinancial Risk MCP Tools[2m > [22mError Handling[2m > [22mshould handle bridge errors gracefully
 [31m├ù[39m v3/plugins/financial-risk/tests/mcp-tools.test.ts[2m > [22mFinancial Risk MCP Tools[2m > [22mError Handling[2m > [22mshould include error details in response
[31m   ΓåÆ expected undefined to be true // Object.is equality[39m
 [32mΓ£ô[39m v3/@claude-flow/cli/__tests__/integration-docker.test.ts[2m > [22mDocker Compose Configuration[2m > [22mdocker-compose.yml exists
 [31m├ù[39m v3/@claude-flow/cli/__tests__/integration-docker.test.ts[2m > [22mDocker Compose Configuration[2m > [22mdefines exactly 4 services (mongodb, mcp-bridge, nginx, chat-ui)
[31m   ΓåÆ expected [ 'mongodb', 'mcp-bridge', ΓÇª(4) ] to have a length of 4 but got 6[39m
 [32mΓ£ô[39m v3/@claude-flow/cli/__tests__/integration-docker.test.ts[2m > [22mDocker Compose Configuration[2m > [22mmongodb uses mongo:7 image
 [32mΓ£ô[39m v3/@claude-flow/cli/__tests__/integration-docker.test.ts[2m > [22mDocker Compose Configuration[2m > [22mmongodb exposes port 27017
 [32mΓ£ô[39m v3/@claude-flow/cli/__tests__/integration-docker.test.ts[2m > [22mDocker Compose Configuration[2m > [22mmongodb has a named volume for data persistence
 [32mΓ£ô[39m v3/@claude-flow/cli/__tests__/integration-docker.test.ts[2m > [22mDocker Compose Configuration[2m > [22mmcp-bridge builds from correct context
 [32mΓ£ô[39m v3/@claude-flow/cli/__tests__/integration-docker.test.ts[2m > [22mDocker Compose Configuration[2m > [22mmcp-bridge publishes port 3001
 [32mΓ£ô[39m v3/@claude-flow/cli/__tests__/integration-docker.test.ts[2m > [22mDocker Compose Configuration[2m > [22mmcp-bridge has a healthcheck
 [32mΓ£ô[39m v3/@claude-flow/cli/__tests__/integration-docker.test.ts[2m > [22mDocker Compose Configuration[2m > [22mnginx depends on chat-ui and mcp-bridge
 [32mΓ£ô[39m v3/@claude-flow/cli/__tests__/integration-docker.test.ts[2m > [22mDocker Compose Configuration[2m > [22mnginx publishes port 3000
 [32mΓ£ô[39m v3/@claude-flow/cli/__tests__/integration-docker.test.ts[2m > [22mDocker Compose Configuration[2m > [22mnginx has a healthcheck
 [31m├ù[39m v3/@claude-flow/cli/__tests__/integration-docker.test.ts[2m > [22mDocker Compose Configuration[2m > [22mchat-ui depends on mongodb and mcp-bridge
[31m   ΓåÆ expected '' to contain 'mongodb'[39m
 [31m├ù[39m v3/@claude-flow/cli/__tests__/integration-docker.test.ts[2m > [22mDocker Compose Configuration[2m > [22mchat-ui exposes port 3000 internally only
[31m   ΓåÆ expected '\r\n        condition: service_healthΓÇª' to contain 'expose'[39m
 [32mΓ£ô[39m v3/@claude-flow/cli/__tests__/integration-docker.test.ts[2m > [22mDocker Compose Configuration[2m > [22mchat-ui injects DOTENV_LOCAL with required env vars
 [32mΓ£ô[39m v3/@claude-flow/cli/__tests__/integration-docker.test.ts[2m > [22mDocker Compose Configuration[2m > [22mall services use restart: unless-stopped
 [32mΓ£ô[39m v3/@claude-flow/cli/__tests__/integration-docker.test.ts[2m > [22mDocker Compose Configuration[2m > [22mMCP tool group env vars are defined for mcp-bridge
 [32mΓ£ô[39m v3/@claude-flow/cli/__tests__/integration-docker.test.ts[2m > [22mNginx Configuration[2m > [22mnginx.conf exists
 [32mΓ£ô[39m v3/@claude-flow/cli/__tests__/integration-docker.test.ts[2m > [22mNginx Configuration[2m > [22mlistens on port 3000
 [32mΓ£ô[39m v3/@claude-flow/cli/__tests__/integration-docker.test.ts[2m > [22mNginx Configuration[2m > [22mgzip is disabled (required for sub_filter)
 [32mΓ£ô[39m v3/@claude-flow/cli/__tests__/integration-docker.test.ts[2m > [22mNginx Configuration[2m > [22msets Access-Control-Allow-Origin header
 [32mΓ£ô[39m v3/@claude-flow/cli/__tests__/integration-docker.test.ts[2m > [22mNginx Configuration[2m > [22msets Access-Control-Allow-Methods header
 [32mΓ£ô[39m v3/@claude-flow/cli/__tests__/integration-docker.test.ts[2m > [22mNginx Configuration[2m > [22msets Access-Control-Allow-Headers header
 [32mΓ£ô[39m v3/@claude-flow/cli/__tests__/integration-docker.test.ts[2m > [22mNginx Configuration[2m > [22mhandles OPTIONS preflight requests with 204
 [32mΓ£ô[39m v3/@claude-flow/cli/__tests__/integration-docker.test.ts[2m > [22mNginx Configuration[2m > [22mproxies root location to chat-ui:3000
 [32mΓ£ô[39m v3/@claude-flow/cli/__tests__/integration-docker.test.ts[2m > [22mNginx Configuration[2m > [22msets WebSocket upgrade headers
 [32mΓ£ô[39m v3/@claude-flow/cli/__tests__/integration-docker.test.ts[2m > [22mNginx Configuration[2m > [22mdisables upstream gzip via Accept-Encoding header
 [32mΓ£ô[39m v3/@claude-flow/cli/__tests__/integration-docker.test.ts[2m > [22mNginx Configuration[2m > [22minjects RuFlo welcome.js script via sub_filter
 [32mΓ£ô[39m v3/@claude-flow/cli/__tests__/integration-docker.test.ts[2m > [22mNginx Configuration[2m > [22mhas sub_filter_once off for multiple replacements
 [32mΓ£ô[39m v3/@claude-flow/cli/__tests__/integration-docker.test.ts[2m > [22mNginx Configuration[2m > [22mapplies sub_filter to text/html and application/json
 [32mΓ£ô[39m v3/@claude-flow/cli/__tests__/integration-docker.test.ts[2m > [22mNginx Configuration[2m > [22mserves /chatui/ static assets from /etc/nginx/static/
 [32mΓ£ô[39m v3/@claude-flow/cli/__tests__/integration-docker.test.ts[2m > [22mNginx Configuration[2m > [22mserves /ruflo/ static assets from /etc/nginx/static/
 [32mΓ£ô[39m v3/@claude-flow/cli/__tests__/integration-docker.test.ts[2m > [22mNginx Configuration[2m > [22mrewrites localhost:3000 URLs to relative paths via sub_filter
 [32mΓ£ô[39m v3/@claude-flow/cli/__tests__/integration-docker.test.ts[2m > [22mNginx Dockerfile[2m > [22mNginx Dockerfile exists
 [32mΓ£ô[39m v3/@claude-flow/cli/__tests__/integration-docker.test.ts[2m > [22mNginx Dockerfile[2m > [22muses nginx alpine base image
 [32mΓ£ô[39m v3/@claude-flow/cli/__tests__/integration-docker.test.ts[2m > [22mNginx Dockerfile[2m > [22mcopies nginx.conf into container
 [32mΓ£ô[39m v3/@claude-flow/cli/__tests__/integration-docker.test.ts[2m > [22mNginx Dockerfile[2m > [22mcopies static assets into container
 [32mΓ£ô[39m v3/@claude-flow/cli/__tests__/integration-docker.test.ts[2m > [22mNginx Dockerfile[2m > [22mexposes port 3000
 [32mΓ£ô[39m v3/@claude-flow/cli/__tests__/integration-docker.test.ts[2m > [22mMCP Bridge (index.js)[2m > [22mMCP bridge index.js exists
 [32mΓ£ô[39m v3/@claude-flow/cli/__tests__/integration-docker.test.ts[2m > [22mMCP Bridge (index.js)[2m > [22msets up CORS middleware with Access-Control-Allow-Origin
 [32mΓ£ô[39m v3/@claude-flow/cli/__tests__/integration-docker.test.ts[2m > [22mMCP Bridge (index.js)[2m > [22msets CORS Access-Control-Allow-Methods
 [32mΓ£ô[39m v3/@claude-flow/cli/__tests__/integration-docker.test.ts[2m > [22mMCP Bridge (index.js)[2m > [22msets CORS Access-Control-Allow-Headers
 [32mΓ£ô[39m v3/@claude-flow/cli/__tests__/integration-docker.test.ts[2m > [22mMCP Bridge (index.js)[2m > [22mhandles OPTIONS preflight with 204
 [32mΓ£ô[39m v3/@claude-flow/cli/__tests__/integration-docker.test.ts[2m > [22mMCP Bridge (index.js)[2m > [22mdefines /health endpoint
 [32mΓ£ô[39m v3/@claude-flow/cli/__tests__/integration-docker.test.ts[2m > [22mMCP Bridge (index.js)[2m > [22m/health endpoint returns status and tool counts
 [32mΓ£ô[39m v3/@claude-flow/cli/__tests__/integration-docker.test.ts[2m > [22mMCP Bridge (index.js)[2m > [22mdefines /models endpoint
 [32mΓ£ô[39m v3/@claude-flow/cli/__tests__/integration-docker.test.ts[2m > [22mMCP Bridge (index.js)[2m > [22mdefines /groups endpoint
 [32mΓ£ô[39m v3/@claude-flow/cli/__tests__/integration-docker.test.ts[2m > [22mMCP Bridge (index.js)[2m > [22mdefines /chat/completions endpoint
 [32mΓ£ô[39m v3/@claude-flow/cli/__tests__/integration-docker.test.ts[2m > [22mMCP Bridge (index.js)[2m > [22mdefines per-group MCP endpoints
 [32mΓ£ô[39m v3/@claude-flow/cli/__tests__/integration-docker.test.ts[2m > [22mMCP Bridge (index.js)[2m > [22mdefines tool group configuration with at least 8 groups
 [32mΓ£ô[39m v3/@claude-flow/cli/__tests__/integration-docker.test.ts[2m > [22mMCP Bridge (index.js)[2m > [22muses express with 10mb JSON body limit
 [32mΓ£ô[39m v3/@claude-flow/cli/__tests__/integration-docker.test.ts[2m > [22mMCP Bridge (index.js)[2m > [22mdefaults to port 3001
 [32mΓ£ô[39m v3/@claude-flow/cli/__tests__/integration-docker.test.ts[2m > [22mMCP Bridge (index.js)[2m > [22mlistens on the configured PORT
 [32mΓ£ô[39m v3/@claude-flow/cli/__tests__/integration-docker.test.ts[2m > [22mMCP Bridge Dockerfile[2m > [22mMCP Bridge Dockerfile exists
 [31m├ù[39m v3/@claude-flow/cli/__tests__/integration-docker.test.ts[2m > [22mMCP Bridge Dockerfile[2m > [22muses Node.js 20 slim base image
[31m   ΓåÆ expected 'FROM node:22-slim\r\n\r\nWORKDIR /appΓÇª' to match /FROM\s+node:20-slim/[39m
 [32mΓ£ô[39m v3/@claude-flow/cli/__tests__/integration-docker.test.ts[2m > [22mMCP Bridge Dockerfile[2m > [22minstalls production dependencies
 [32mΓ£ô[39m v3/@claude-flow/cli/__tests__/integration-docker.test.ts[2m > [22mMCP Bridge Dockerfile[2m > [22mcopies index.js and mcp-stdio-kernel.js
 [32mΓ£ô[39m v3/@claude-flow/cli/__tests__/integration-docker.test.ts[2m > [22mMCP Bridge Dockerfile[2m > [22mcreates writable .claude-flow directories
 [32mΓ£ô[39m v3/@claude-flow/cli/__tests__/integration-docker.test.ts[2m > [22mMCP Bridge Dockerfile[2m > [22mruns as non-root user
 [32mΓ£ô[39m v3/@claude-flow/cli/__tests__/integration-docker.test.ts[2m > [22mMCP Bridge Dockerfile[2m > [22mexposes port 3001
 [31m├ù[39m v3/@claude-flow/cli/__tests__/integration-docker.test.ts[2m > [22mMCP Bridge Dockerfile[2m > [22msets default tool group environment variables
[31m   ΓåÆ expected 'FROM node:22-slim\r\n\r\nWORKDIR /appΓÇª' to contain 'MCP_GROUP_SECURITY=false'[39m
 [32mΓ£ô[39m v3/@claude-flow/cli/__tests__/integration-docker.test.ts[2m > [22mMCP Bridge Dockerfile[2m > [22mCMD runs node index.js
 [32mΓ£ô[39m v3/@claude-flow/cli/__tests__/integration-docker.test.ts[2m > [22mCLI Dockerfile (ruflo:lite)[2m > [22mCLI Dockerfile exists
 [32mΓ£ô[39m v3/@claude-flow/cli/__tests__/integration-docker.test.ts[2m > [22mCLI Dockerfile (ruflo:lite)[2m > [22muses multi-stage build with build and production stages
 [32mΓ£ô[39m v3/@claude-flow/cli/__tests__/integration-docker.test.ts[2m > [22mCLI Dockerfile (ruflo:lite)[2m > [22mbuild stage uses Node 22 alpine
 [32mΓ£ô[39m v3/@claude-flow/cli/__tests__/integration-docker.test.ts[2m > [22mCLI Dockerfile (ruflo:lite)[2m > [22mproduction stage uses Node 22 alpine
 [32mΓ£ô[39m v3/@claude-flow/cli/__tests__/integration-docker.test.ts[2m > [22mCLI Dockerfile (ruflo:lite)[2m > [22minstalls ruflo globally in the build stage
 [32mΓ£ô[39m v3/@claude-flow/cli/__tests__/integration-docker.test.ts[2m > [22mCLI Dockerfile (ruflo:lite)[2m > [22mprunes heavy optional dependencies to reduce image size
 [32mΓ£ô[39m v3/@claude-flow/cli/__tests__/integration-docker.test.ts[2m > [22mCLI Dockerfile (ruflo:lite)[2m > [22mcreates a non-root user (ruflo)
 [32mΓ£ô[39m v3/@claude-flow/cli/__tests__/integration-docker.test.ts[2m > [22mCLI Dockerfile (ruflo:lite)[2m > [22minstalls dumb-init for PID 1 signal handling
 [32mΓ£ô[39m v3/@claude-flow/cli/__tests__/integration-docker.test.ts[2m > [22mCLI Dockerfile (ruflo:lite)[2m > [22msets NODE_ENV=production
 [32mΓ£ô[39m v3/@claude-flow/cli/__tests__/integration-docker.test.ts[2m > [22mCLI Dockerfile (ruflo:lite)[2m > [22mhas a HEALTHCHECK using ruflo doctor
 [32mΓ£ô[39m v3/@claude-flow/cli/__tests__/integration-docker.test.ts[2m > [22mCLI Dockerfile (ruflo:lite)[2m > [22mdefault CMD starts MCP server
 [32mΓ£ô[39m v3/@claude-flow/cli/__tests__/integration-docker.test.ts[2m > [22mEnvironment Example (.env.example)[2m > [22m.env.example exists
 [32mΓ£ô[39m v3/@claude-flow/cli/__tests__/integration-docker.test.ts[2m > [22mEnvironment Example (.env.example)[2m > [22mdefines BRAND_NAME and BRAND_DESCRIPTION
 [32mΓ£ô[39m v3/@claude-flow/cli/__tests__/integration-docker.test.ts[2m > [22mEnvironment Example (.env.example)[2m > [22mdefines at least one AI provider key placeholder
 [32mΓ£ô[39m v3/@claude-flow/cli/__tests__/integration-docker.test.ts[2m > [22mEnvironment Example (.env.example)[2m > [22mdefines MONGODB_DB_NAME
 [32mΓ£ô[39m v3/@claude-flow/cli/__tests__/integration-docker.test.ts[2m > [22mEnvironment Example (.env.example)[2m > [22mdefines all MCP tool group toggles
 [32mΓ£ô[39m v3/@claude-flow/cli/__tests__/integration-docker.test.ts[2m > [22mEnvironment Example (.env.example)[2m > [22mcontains security warning about never committing real keys
 [32mΓ£ô[39m v3/@claude-flow/cli/__tests__/integration-docker.test.ts[2m > [22mCLI Build[2m > [22mpackage.json exists and has correct name
 [32mΓ£ô[39m v3/@claude-flow/cli/__tests__/integration-docker.test.ts[2m > [22mCLI Build[2m > [22mpackage.json defines build script as tsc
 [32mΓ£ô[39m v3/@claude-flow/cli/__tests__/integration-docker.test.ts[2m > [22mCLI Build[2m > [22mpackage.json defines test script using vitest
 [32mΓ£ô[39m v3/@claude-flow/cli/__tests__/integration-docker.test.ts[2m > [22mCLI Build[2m > [22mtsconfig.json exists
 [32mΓ£ô[39m v3/@claude-flow/cli/__tests__/integration-docker.test.ts[2m > [22mCLI Build[2m > [22mvitest.config.ts exists and includes __tests__
 [31m├ù[39m v3/@claude-flow/cli/__tests__/integration-docker.test.ts[2m > [22mCLI Build[2m > [22mnpm run build succeeds[33m 3026[2mms[22m[39m
[31m   ΓåÆ Command failed: npm run build 2>&1[39m
 [32mΓ£ô[39m v3/@claude-flow/cli/__tests__/integration-docker.test.ts[2m > [22mCLI Build[2m > [22mdist directory exists after build
 [32mΓ£ô[39m v3/@claude-flow/cli/__tests__/integration-docker.test.ts[2m > [22mCLI Build[2m > [22mbin/cli.js entry point exists
 [31m├ù[39m v3/@claude-flow/cli/__tests__/integration-docker.test.ts[2m > [22mCross-Service Port Consistency[2m > [22mnginx proxies to chat-ui:3000 matching chat-ui expose port
[31m   ΓåÆ expected '\r\n        condition: service_healthΓÇª' to contain '"3000"'[39m
 [32mΓ£ô[39m v3/@claude-flow/cli/__tests__/integration-docker.test.ts[2m > [22mCross-Service Port Consistency[2m > [22mchat-ui OPENAI_BASE_URL points to mcp-bridge:3001
 [32mΓ£ô[39m v3/@claude-flow/cli/__tests__/integration-docker.test.ts[2m > [22mCross-Service Port Consistency[2m > [22mMCP bridge Dockerfile EXPOSE matches compose published port
 [32mΓ£ô[39m v3/@claude-flow/cli/__tests__/integration-docker.test.ts[2m > [22mCross-Service Port Consistency[2m > [22mnginx Dockerfile EXPOSE matches compose published port
 [32mΓ£ô[39m v3/@claude-flow/cli/__tests__/integration-docker.test.ts[2m > [22mSecurity Checks[2m > [22mdocker-compose.yml does not contain hardcoded API keys
 [31m├ù[39m v3/@claude-flow/cli/__tests__/integration-docker.test.ts[2m > [22mSecurity Checks[2m > [22m.env.example does not contain actual API key values
[31m   ΓåÆ expected 'OPENAI_API_KEY=\r' to be 'OPENAI_API_KEY=' // Object.is equality[39m
 [32mΓ£ô[39m v3/@claude-flow/cli/__tests__/integration-docker.test.ts[2m > [22mSecurity Checks[2m > [22mMCP bridge Dockerfile runs as non-root
 [32mΓ£ô[39m v3/@claude-flow/cli/__tests__/integration-docker.test.ts[2m > [22mSecurity Checks[2m > [22mCLI Dockerfile runs as non-root
 [32mΓ£ô[39m v3/@claude-flow/cli/__tests__/integration-docker.test.ts[2m > [22mSecurity Checks[2m > [22mnginx CORS allows all origins (expected for development)
 [32mΓ£ô[39m v3/plugins/legal-contracts/tests/mcp-tools.test.ts[2m > [22mLegal Contracts MCP Tools[2m > [22mTool Registry[2m > [22mshould export all 5 tools
 [32mΓ£ô[39m v3/plugins/legal-contracts/tests/mcp-tools.test.ts[2m > [22mLegal Contracts MCP Tools[2m > [22mTool Registry[2m > [22mshould have correct tool names
 [32mΓ£ô[39m v3/plugins/legal-contracts/tests/mcp-tools.test.ts[2m > [22mLegal Contracts MCP Tools[2m > [22mTool Registry[2m > [22mshould have category legal
 [32mΓ£ô[39m v3/plugins/legal-contracts/tests/mcp-tools.test.ts[2m > [22mLegal Contracts MCP Tools[2m > [22mTool Registry[2m > [22mshould have version 1.0.0
 [32mΓ£ô[39m v3/plugins/legal-contracts/tests/mcp-tools.test.ts[2m > [22mLegal Contracts MCP Tools[2m > [22mTool Registry[2m > [22mshould get tool by name
 [32mΓ£ô[39m v3/plugins/legal-contracts/tests/mcp-tools.test.ts[2m > [22mLegal Contracts MCP Tools[2m > [22mTool Registry[2m > [22mshould return undefined for unknown tool
 [32mΓ£ô[39m v3/plugins/legal-contracts/tests/mcp-tools.test.ts[2m > [22mLegal Contracts MCP Tools[2m > [22mTool Registry[2m > [22mshould get all tool names
 [32mΓ£ô[39m v3/plugins/legal-contracts/tests/mcp-tools.test.ts[2m > [22mLegal Contracts MCP Tools[2m > [22mlegal/clause-extract[2m > [22mshould have correct tool definition
 [32mΓ£ô[39m v3/plugins/legal-contracts/tests/mcp-tools.test.ts[2m > [22mLegal Contracts MCP Tools[2m > [22mlegal/clause-extract[2m > [22mshould handle valid input
 [32mΓ£ô[39m v3/plugins/legal-contracts/tests/mcp-tools.test.ts[2m > [22mLegal Contracts MCP Tools[2m > [22mlegal/clause-extract[2m > [22mshould use default options
 [32mΓ£ô[39m v3/plugins/legal-contracts/tests/mcp-tools.test.ts[2m > [22mLegal Contracts MCP Tools[2m > [22mlegal/clause-extract[2m > [22mshould handle matter context
 [32mΓ£ô[39m v3/plugins/legal-contracts/tests/mcp-tools.test.ts[2m > [22mLegal Contracts MCP Tools[2m > [22mlegal/clause-extract[2m > [22mshould reject unauthorized access
 [32mΓ£ô[39m v3/plugins/legal-contracts/tests/mcp-tools.test.ts[2m > [22mLegal Contracts MCP Tools[2m > [22mlegal/clause-extract[2m > [22mshould reject document exceeding size limit
 [32mΓ£ô[39m v3/plugins/legal-contracts/tests/mcp-tools.test.ts[2m > [22mLegal Contracts MCP Tools[2m > [22mlegal/risk-assess[2m > [22mshould have correct tool definition
 [32mΓ£ô[39m v3/plugins/legal-contracts/tests/mcp-tools.test.ts[2m > [22mLegal Contracts MCP Tools[2m > [22mlegal/risk-assess[2m > [22mshould handle valid input
 [32mΓ£ô[39m v3/plugins/legal-contracts/tests/mcp-tools.test.ts[2m > [22mLegal Contracts MCP Tools[2m > [22mlegal/risk-assess[2m > [22mshould handle industry context
 [32mΓ£ô[39m v3/plugins/legal-contracts/tests/mcp-tools.test.ts[2m > [22mLegal Contracts MCP Tools[2m > [22mlegal/risk-assess[2m > [22mshould reject missing partyRole
 [32mΓ£ô[39m v3/plugins/legal-contracts/tests/mcp-tools.test.ts[2m > [22mLegal Contracts MCP Tools[2m > [22mlegal/risk-assess[2m > [22mshould reject invalid partyRole
 [32mΓ£ô[39m v3/plugins/legal-contracts/tests/mcp-tools.test.ts[2m > [22mLegal Contracts MCP Tools[2m > [22mlegal/risk-assess[2m > [22mshould handle all party roles
 [32mΓ£ô[39m v3/plugins/legal-contracts/tests/mcp-tools.test.ts[2m > [22mLegal Contracts MCP Tools[2m > [22mlegal/contract-compare[2m > [22mshould have correct tool definition
 [32mΓ£ô[39m v3/plugins/legal-contracts/tests/mcp-tools.test.ts[2m > [22mLegal Contracts MCP Tools[2m > [22mlegal/contract-compare[2m > [22mshould handle valid input
 [32mΓ£ô[39m v3/plugins/legal-contracts/tests/mcp-tools.test.ts[2m > [22mLegal Contracts MCP Tools[2m > [22mlegal/contract-compare[2m > [22mshould use default comparison mode
 [32mΓ£ô[39m v3/plugins/legal-contracts/tests/mcp-tools.test.ts[2m > [22mLegal Contracts MCP Tools[2m > [22mlegal/contract-compare[2m > [22mshould handle focus clause types
 [32mΓ£ô[39m v3/plugins/legal-contracts/tests/mcp-tools.test.ts[2m > [22mLegal Contracts MCP Tools[2m > [22mlegal/contract-compare[2m > [22mshould handle all comparison modes
 [32mΓ£ô[39m v3/plugins/legal-contracts/tests/mcp-tools.test.ts[2m > [22mLegal Contracts MCP Tools[2m > [22mlegal/contract-compare[2m > [22mshould reject missing base document
 [32mΓ£ô[39m v3/plugins/legal-contracts/tests/mcp-tools.test.ts[2m > [22mLegal Contracts MCP Tools[2m > [22mlegal/contract-compare[2m > [22mshould reject documents exceeding size limit
 [32mΓ£ô[39m v3/plugins/legal-contracts/tests/mcp-tools.test.ts[2m > [22mLegal Contracts MCP Tools[2m > [22mlegal/obligation-track[2m > [22mshould have correct tool definition
 [32mΓ£ô[39m v3/plugins/legal-contracts/tests/mcp-tools.test.ts[2m > [22mLegal Contracts MCP Tools[2m > [22mlegal/obligation-track[2m > [22mshould handle valid input
 [32mΓ£ô[39m v3/plugins/legal-contracts/tests/mcp-tools.test.ts[2m > [22mLegal Contracts MCP Tools[2m > [22mlegal/obligation-track[2m > [22mshould handle minimal input
 [32mΓ£ô[39m v3/plugins/legal-contracts/tests/mcp-tools.test.ts[2m > [22mLegal Contracts MCP Tools[2m > [22mlegal/obligation-track[2m > [22mshould handle timeframe filter
 [32mΓ£ô[39m v3/plugins/legal-contracts/tests/mcp-tools.test.ts[2m > [22mLegal Contracts MCP Tools[2m > [22mlegal/obligation-track[2m > [22mshould handle all obligation types
 [32mΓ£ô[39m v3/plugins/legal-contracts/tests/mcp-tools.test.ts[2m > [22mLegal Contracts MCP Tools[2m > [22mlegal/obligation-track[2m > [22mshould reject missing document
 [32mΓ£ô[39m v3/plugins/legal-contracts/tests/mcp-tools.test.ts[2m > [22mLegal Contracts MCP Tools[2m > [22mlegal/playbook-match[2m > [22mshould have correct tool definition
 [32mΓ£ô[39m v3/plugins/legal-contracts/tests/mcp-tools.test.ts[2m > [22mLegal Contracts MCP Tools[2m > [22mlegal/playbook-match[2m > [22mshould handle valid input
 [32mΓ£ô[39m v3/plugins/legal-contracts/tests/mcp-tools.test.ts[2m > [22mLegal Contracts MCP Tools[2m > [22mlegal/playbook-match[2m > [22mshould use default strictness
 [32mΓ£ô[39m v3/plugins/legal-contracts/tests/mcp-tools.test.ts[2m > [22mLegal Contracts MCP Tools[2m > [22mlegal/playbook-match[2m > [22mshould handle priority clauses
 [32mΓ£ô[39m v3/plugins/legal-contracts/tests/mcp-tools.test.ts[2m > [22mLegal Contracts MCP Tools[2m > [22mlegal/playbook-match[2m > [22mshould handle all strictness levels
 [32mΓ£ô[39m v3/plugins/legal-contracts/tests/mcp-tools.test.ts[2m > [22mLegal Contracts MCP Tools[2m > [22mlegal/playbook-match[2m > [22mshould reject unauthorized access (playbook-match is partner only)
 [32mΓ£ô[39m v3/plugins/legal-contracts/tests/mcp-tools.test.ts[2m > [22mLegal Contracts MCP Tools[2m > [22mlegal/playbook-match[2m > [22mshould reject playbook exceeding size limit
 [32mΓ£ô[39m v3/plugins/legal-contracts/tests/mcp-tools.test.ts[2m > [22mLegal Contracts MCP Tools[2m > [22mAuthorization & Role Permissions[2m > [22mshould allow partner access to all tools
 [32mΓ£ô[39m v3/plugins/legal-contracts/tests/mcp-tools.test.ts[2m > [22mLegal Contracts MCP Tools[2m > [22mAuthorization & Role Permissions[2m > [22mshould restrict paralegal access
 [32mΓ£ô[39m v3/plugins/legal-contracts/tests/mcp-tools.test.ts[2m > [22mLegal Contracts MCP Tools[2m > [22mAuthorization & Role Permissions[2m > [22mshould deny client access to all tools
 [32mΓ£ô[39m v3/plugins/legal-contracts/tests/mcp-tools.test.ts[2m > [22mLegal Contracts MCP Tools[2m > [22mAuthorization & Role Permissions[2m > [22mshould allow access without roles (no RBAC)
 [32mΓ£ô[39m v3/plugins/legal-contracts/tests/mcp-tools.test.ts[2m > [22mLegal Contracts MCP Tools[2m > [22mMatter Isolation[2m > [22mshould include matter context in audit logs
 [32mΓ£ô[39m v3/plugins/legal-contracts/tests/mcp-tools.test.ts[2m > [22mLegal Contracts MCP Tools[2m > [22mAudit Logging[2m > [22mshould log successful operations
 [32mΓ£ô[39m v3/plugins/legal-contracts/tests/mcp-tools.test.ts[2m > [22mLegal Contracts MCP Tools[2m > [22mAudit Logging[2m > [22mshould include document hash in audit
 [32mΓ£ô[39m v3/plugins/legal-contracts/tests/mcp-tools.test.ts[2m > [22mLegal Contracts MCP Tools[2m > [22mError Handling[2m > [22mshould handle validation errors gracefully
 [32mΓ£ô[39m v3/plugins/legal-contracts/tests/mcp-tools.test.ts[2m > [22mLegal Contracts MCP Tools[2m > [22mError Handling[2m > [22mshould include error code in response
 [32mΓ£ô[39m v3/plugins/legal-contracts/tests/mcp-tools.test.ts[2m > [22mLegal Contracts MCP Tools[2m > [22mPerformance[2m > [22mshould include analysis time in results
 [32mΓ£ô[39m v3/@claude-flow/cli/__tests__/parser.test.ts[2m > [22mCommandParser[2m > [22mflag parsing[2m > [22mshould parse long boolean flag
 [32mΓ£ô[39m v3/@claude-flow/cli/__tests__/parser.test.ts[2m > [22mCommandParser[2m > [22mflag parsing[2m > [22mshould parse --flag=value syntax
 [32mΓ£ô[39m v3/@claude-flow/cli/__tests__/parser.test.ts[2m > [22mCommandParser[2m > [22mflag parsing[2m > [22mshould parse --flag value syntax (non-boolean)
 [32mΓ£ô[39m v3/@claude-flow/cli/__tests__/parser.test.ts[2m > [22mCommandParser[2m > [22mflag parsing[2m > [22mshould parse --no-flag as boolean false
 [32mΓ£ô[39m v3/@claude-flow/cli/__tests__/parser.test.ts[2m > [22mCommandParser[2m > [22mflag parsing[2m > [22mshould parse short flag -V via global alias
 [32mΓ£ô[39m v3/@claude-flow/cli/__tests__/parser.test.ts[2m > [22mCommandParser[2m > [22mflag parsing[2m > [22mshould parse combined short flags like -abc
 [32mΓ£ô[39m v3/@claude-flow/cli/__tests__/parser.test.ts[2m > [22mCommandParser[2m > [22mflag parsing[2m > [22mshould stop parsing flags after "--"
 [32mΓ£ô[39m v3/@claude-flow/cli/__tests__/parser.test.ts[2m > [22mCommandParser[2m > [22mvalue coercion[2m > [22mshould coerce "true" to boolean true
 [32mΓ£ô[39m v3/@claude-flow/cli/__tests__/parser.test.ts[2m > [22mCommandParser[2m > [22mvalue coercion[2m > [22mshould coerce "false" to boolean false
 [32mΓ£ô[39m v3/@claude-flow/cli/__tests__/parser.test.ts[2m > [22mCommandParser[2m > [22mvalue coercion[2m > [22mshould coerce numeric strings to numbers
 [32mΓ£ô[39m v3/@claude-flow/cli/__tests__/parser.test.ts[2m > [22mCommandParser[2m > [22mvalue coercion[2m > [22mshould coerce decimal strings to numbers
 [32mΓ£ô[39m v3/@claude-flow/cli/__tests__/parser.test.ts[2m > [22mCommandParser[2m > [22mvalue coercion[2m > [22mshould keep non-numeric strings as strings
 [32mΓ£ô[39m v3/@claude-flow/cli/__tests__/parser.test.ts[2m > [22mCommandParser[2m > [22mvalue coercion[2m > [22mshould coerce "TRUE" case-insensitively
 [32mΓ£ô[39m v3/@claude-flow/cli/__tests__/parser.test.ts[2m > [22mCommandParser[2m > [22mvalue coercion[2m > [22mshould coerce "FALSE" case-insensitively
 [32mΓ£ô[39m v3/@claude-flow/cli/__tests__/parser.test.ts[2m > [22mCommandParser[2m > [22mkey normalization[2m > [22mshould convert kebab-case keys to camelCase
 [32mΓ£ô[39m v3/@claude-flow/cli/__tests__/parser.test.ts[2m > [22mCommandParser[2m > [22mkey normalization[2m > [22mshould leave simple keys unchanged
 [32mΓ£ô[39m v3/@claude-flow/cli/__tests__/parser.test.ts[2m > [22mCommandParser[2m > [22mcommand resolution[2m > [22mshould detect registered command
 [32mΓ£ô[39m v3/@claude-flow/cli/__tests__/parser.test.ts[2m > [22mCommandParser[2m > [22mcommand resolution[2m > [22mshould detect subcommand
 [32mΓ£ô[39m v3/@claude-flow/cli/__tests__/parser.test.ts[2m > [22mCommandParser[2m > [22mcommand resolution[2m > [22mshould detect nested subcommand (3 levels)
 [32mΓ£ô[39m v3/@claude-flow/cli/__tests__/parser.test.ts[2m > [22mCommandParser[2m > [22mcommand resolution[2m > [22mshould resolve subcommand by alias
 [32mΓ£ô[39m v3/@claude-flow/cli/__tests__/parser.test.ts[2m > [22mCommandParser[2m > [22mcommand resolution[2m > [22mshould treat unregistered words as positional args
 [32mΓ£ô[39m v3/@claude-flow/cli/__tests__/parser.test.ts[2m > [22mCommandParser[2m > [22mcommand resolution[2m > [22mshould register command aliases
 [32mΓ£ô[39m v3/@claude-flow/cli/__tests__/parser.test.ts[2m > [22mCommandParser[2m > [22mpositional arguments[2m > [22mshould collect positional args after command
 [32mΓ£ô[39m v3/@claude-flow/cli/__tests__/parser.test.ts[2m > [22mCommandParser[2m > [22mpositional arguments[2m > [22mshould collect args after "--" as positional
 [32mΓ£ô[39m v3/@claude-flow/cli/__tests__/parser.test.ts[2m > [22mCommandParser[2m > [22mdefaults[2m > [22mshould apply global option defaults
 [32mΓ£ô[39m v3/@claude-flow/cli/__tests__/parser.test.ts[2m > [22mCommandParser[2m > [22mdefaults[2m > [22mshould not overwrite explicitly set flags with defaults
 [32mΓ£ô[39m v3/@claude-flow/cli/__tests__/parser.test.ts[2m > [22mCommandParser[2m > [22mdefaults[2m > [22mshould apply custom defaults from options
 [32mΓ£ô[39m v3/@claude-flow/cli/__tests__/parser.test.ts[2m > [22mCommandParser[2m > [22malias resolution[2m > [22mshould resolve short flags from command options
 [32mΓ£ô[39m v3/@claude-flow/cli/__tests__/parser.test.ts[2m > [22mCommandParser[2m > [22malias resolution[2m > [22mshould resolve short flags from subcommand options
 [32mΓ£ô[39m v3/@claude-flow/cli/__tests__/parser.test.ts[2m > [22mCommandParser[2m > [22mvalidateFlags[2m > [22mshould return empty array for valid flags
 [32mΓ£ô[39m v3/@claude-flow/cli/__tests__/parser.test.ts[2m > [22mCommandParser[2m > [22mvalidateFlags[2m > [22mshould report missing required flags
 [32mΓ£ô[39m v3/@claude-flow/cli/__tests__/parser.test.ts[2m > [22mCommandParser[2m > [22mvalidateFlags[2m > [22mshould report invalid choice values
 [32mΓ£ô[39m v3/@claude-flow/cli/__tests__/parser.test.ts[2m > [22mCommandParser[2m > [22mvalidateFlags[2m > [22mshould accept valid choice values
 [32mΓ£ô[39m v3/@claude-flow/cli/__tests__/parser.test.ts[2m > [22mCommandParser[2m > [22mvalidateFlags[2m > [22mshould run custom validator returning string error
 [32mΓ£ô[39m v3/@claude-flow/cli/__tests__/parser.test.ts[2m > [22mCommandParser[2m > [22mvalidateFlags[2m > [22mshould run custom validator returning false
 [32mΓ£ô[39m v3/@claude-flow/cli/__tests__/parser.test.ts[2m > [22mCommandParser[2m > [22mvalidateFlags[2m > [22mshould report unknown flags when allowUnknownFlags is false
 [32mΓ£ô[39m v3/@claude-flow/cli/__tests__/parser.test.ts[2m > [22mCommandParser[2m > [22mvalidateFlags[2m > [22mshould not report unknown flags when allowUnknownFlags is true
 [32mΓ£ô[39m v3/@claude-flow/cli/__tests__/parser.test.ts[2m > [22mCommandParser[2m > [22mgetAllCommands[2m > [22mshould return unique commands (no duplicates from aliases)
 [32mΓ£ô[39m v3/@claude-flow/cli/__tests__/parser.test.ts[2m > [22mCommandParser[2m > [22mgetAllCommands[2m > [22mshould return all registered commands
 [32mΓ£ô[39m v3/@claude-flow/cli/__tests__/parser.test.ts[2m > [22mCommandParser[2m > [22mgetCommand[2m > [22mshould return command by name
 [32mΓ£ô[39m v3/@claude-flow/cli/__tests__/parser.test.ts[2m > [22mCommandParser[2m > [22mgetCommand[2m > [22mshould return command by alias
 [32mΓ£ô[39m v3/@claude-flow/cli/__tests__/parser.test.ts[2m > [22mCommandParser[2m > [22mgetCommand[2m > [22mshould return undefined for unregistered command
 [32mΓ£ô[39m v3/@claude-flow/cli/__tests__/parser.test.ts[2m > [22mCommandParser[2m > [22mgetGlobalOptions[2m > [22mshould return a copy of global options
 [32mΓ£ô[39m v3/@claude-flow/cli/__tests__/parser.test.ts[2m > [22mCommandParser[2m > [22mraw args[2m > [22mshould preserve the original args array in raw
 [32mΓ£ô[39m v3/@claude-flow/cli/__tests__/parser.test.ts[2m > [22mCommandParser[2m > [22mboolean flag from command options[2m > [22mshould recognize command-level boolean flags
 [32mΓ£ô[39m v3/@claude-flow/cli/__tests__/parser.test.ts[2m > [22mCommandParser[2m > [22mboolean flag from command options[2m > [22mshould recognize boolean flags from subcommand options
 [32mΓ£ô[39m v3/@claude-flow/cli/__tests__/parser.test.ts[2m > [22mCommandParser[2m > [22mbooleanFlags option[2m > [22mshould recognize custom boolean flags passed via constructor
 [32mΓ£ô[39m v3/@claude-flow/cli/__tests__/parser.test.ts[2m > [22mCommandParser[2m > [22mlazy command routing (#1596)[2m > [22mshould not mis-route "daemon start" to the sync "start" command
 [32mΓ£ô[39m v3/@claude-flow/cli/__tests__/parser.test.ts[2m > [22mCommandParser[2m > [22mlazy command routing (#1596)[2m > [22mshould still recognize bare "start" as the sync start command
 [32mΓ£ô[39m v3/@claude-flow/cli/__tests__/parser.test.ts[2m > [22mCommandParser[2m > [22mlazy command routing (#1596)[2m > [22mshould route lazy command even when a global flag comes first
 [32mΓ£ô[39m v3/@claude-flow/cli/__tests__/parser.test.ts[2m > [22mCommandParser[2m > [22mlazy command routing (#1596)[2m > [22mshould resolve bare lazy command (e.g. "doctor")
 [32mΓ£ô[39m v3/@claude-flow/cli/__tests__/parser.test.ts[2m > [22mCommandParser[2m > [22mshort flag with value[2m > [22mshould parse single short non-boolean flag followed by value
 [32mΓ£ô[39m v3/@claude-flow/guidance/tests/persistence.test.ts[2m > [22mEventStore[2m > [22mdirectory creation[2m > [22mshould create the storage directory if it does not exist
 [32mΓ£ô[39m v3/@claude-flow/guidance/tests/persistence.test.ts[2m > [22mEventStore[2m > [22mdirectory creation[2m > [22mshould create the storage directory if it does not exist
 [32mΓ£ô[39m v3/@claude-flow/guidance/tests/persistence.test.ts[2m > [22mEventStore[2m > [22mappend and read[2m > [22mshould append an event and read it back
 [32mΓ£ô[39m v3/plugins/agentic-qe/__tests__/tools/security-scan.test.ts[2m > [22mSecurityScanTool[2m > [22minput validation[2m > [22mshould require targetPath
 [32mΓ£ô[39m v3/plugins/agentic-qe/__tests__/tools/security-scan.test.ts[2m > [22mSecurityScanTool[2m > [22minput validation[2m > [22mshould validate targetPath format
 [32mΓ£ô[39m v3/plugins/agentic-qe/__tests__/tools/security-scan.test.ts[2m > [22mSecurityScanTool[2m > [22minput validation[2m > [22mshould accept valid paths
 [32mΓ£ô[39m v3/plugins/agentic-qe/__tests__/tools/security-scan.test.ts[2m > [22mSecurityScanTool[2m > [22minput validation[2m > [22mshould validate timeout minimum
 [32mΓ£ô[39m v3/plugins/agentic-qe/__tests__/tools/security-scan.test.ts[2m > [22mSecurityScanTool[2m > [22minput validation[2m > [22mshould validate maxFindings minimum
 [32mΓ£ô[39m v3/plugins/agentic-qe/__tests__/tools/security-scan.test.ts[2m > [22mSecurityScanTool[2m > [22mfinding detection[2m > [22mshould detect security findings
 [32mΓ£ô[39m v3/plugins/agentic-qe/__tests__/tools/security-scan.test.ts[2m > [22mSecurityScanTool[2m > [22mfinding detection[2m > [22mshould include finding ID
 [32mΓ£ô[39m v3/plugins/agentic-qe/__tests__/tools/security-scan.test.ts[2m > [22mSecurityScanTool[2m > [22mfinding detection[2m > [22mshould include finding title and description
 [32mΓ£ô[39m v3/plugins/agentic-qe/__tests__/tools/security-scan.test.ts[2m > [22mSecurityScanTool[2m > [22mfinding detection[2m > [22mshould include severity level
 [32mΓ£ô[39m v3/plugins/agentic-qe/__tests__/tools/security-scan.test.ts[2m > [22mSecurityScanTool[2m > [22mfinding detection[2m > [22mshould include CWE reference when available
 [32mΓ£ô[39m v3/plugins/agentic-qe/__tests__/tools/security-scan.test.ts[2m > [22mSecurityScanTool[2m > [22mfinding detection[2m > [22mshould include OWASP reference when available
 [32mΓ£ô[39m v3/plugins/agentic-qe/__tests__/tools/security-scan.test.ts[2m > [22mSecurityScanTool[2m > [22mfinding detection[2m > [22mshould include file and line for SAST findings
 [32mΓ£ô[39m v3/plugins/agentic-qe/__tests__/tools/security-scan.test.ts[2m > [22mSecurityScanTool[2m > [22mfinding detection[2m > [22mshould include confidence score
 [32mΓ£ô[39m v3/plugins/agentic-qe/__tests__/tools/security-scan.test.ts[2m > [22mSecurityScanTool[2m > [22mfinding detection[2m > [22mshould include remediation by default
 [32mΓ£ô[39m v3/plugins/agentic-qe/__tests__/tools/security-scan.test.ts[2m > [22mSecurityScanTool[2m > [22mfinding detection[2m > [22mshould exclude remediation when disabled
 [32mΓ£ô[39m v3/plugins/agentic-qe/__tests__/tools/security-scan.test.ts[2m > [22mSecurityScanTool[2m > [22mscan type filtering[2m > [22mshould default to both scan types
 [32mΓ£ô[39m v3/plugins/agentic-qe/__tests__/tools/security-scan.test.ts[2m > [22mSecurityScanTool[2m > [22mscan type filtering[2m > [22mshould filter for SAST only
 [32mΓ£ô[39m v3/plugins/agentic-qe/__tests__/tools/security-scan.test.ts[2m > [22mSecurityScanTool[2m > [22mscan type filtering[2m > [22mshould filter for DAST only
 [32mΓ£ô[39m v3/plugins/agentic-qe/__tests__/tools/security-scan.test.ts[2m > [22mSecurityScanTool[2m > [22mseverity filtering[2m > [22mshould filter by severity threshold
 [32mΓ£ô[39m v3/plugins/agentic-qe/__tests__/tools/security-scan.test.ts[2m > [22mSecurityScanTool[2m > [22mseverity filtering[2m > [22mshould include critical and high for high threshold
 [32mΓ£ô[39m v3/plugins/agentic-qe/__tests__/tools/security-scan.test.ts[2m > [22mSecurityScanTool[2m > [22mcompliance checking[2m > [22mshould check OWASP compliance
 [32mΓ£ô[39m v3/plugins/agentic-qe/__tests__/tools/security-scan.test.ts[2m > [22mSecurityScanTool[2m > [22mcompliance checking[2m > [22mshould check SANS compliance
 [32mΓ£ô[39m v3/plugins/agentic-qe/__tests__/tools/security-scan.test.ts[2m > [22mSecurityScanTool[2m > [22mcompliance checking[2m > [22mshould check multiple standards
 [32mΓ£ô[39m v3/plugins/agentic-qe/__tests__/tools/security-scan.test.ts[2m > [22mSecurityScanTool[2m > [22mcompliance checking[2m > [22mshould link findings to compliance failures
 [32mΓ£ô[39m v3/plugins/agentic-qe/__tests__/tools/security-scan.test.ts[2m > [22mSecurityScanTool[2m > [22msummary generation[2m > [22mshould include total finding count
 [32mΓ£ô[39m v3/plugins/agentic-qe/__tests__/tools/security-scan.test.ts[2m > [22mSecurityScanTool[2m > [22msummary generation[2m > [22mshould count findings by severity
 [32mΓ£ô[39m v3/plugins/agentic-qe/__tests__/tools/security-scan.test.ts[2m > [22mSecurityScanTool[2m > [22msummary generation[2m > [22mshould report scan duration
 [32mΓ£ô[39m v3/plugins/agentic-qe/__tests__/tools/security-scan.test.ts[2m > [22mSecurityScanTool[2m > [22msummary generation[2m > [22mshould report files scanned
 [32mΓ£ô[39m v3/plugins/agentic-qe/__tests__/tools/security-scan.test.ts[2m > [22mSecurityScanTool[2m > [22msummary generation[2m > [22mshould report compliance status
 [32mΓ£ô[39m v3/plugins/agentic-qe/__tests__/tools/security-scan.test.ts[2m > [22mSecurityScanTool[2m > [22mfinding limits[2m > [22mshould respect maxFindings limit
 [32mΓ£ô[39m v3/plugins/agentic-qe/__tests__/tools/security-scan.test.ts[2m > [22mSecurityScanTool[2m > [22mfinding limits[2m > [22mshould return all findings when no limit
 [32mΓ£ô[39m v3/plugins/agentic-qe/__tests__/tools/security-scan.test.ts[2m > [22mSecurityScanTool Common Vulnerabilities[2m > [22mshould detect SQL injection
 [32mΓ£ô[39m v3/plugins/agentic-qe/__tests__/tools/security-scan.test.ts[2m > [22mSecurityScanTool Common Vulnerabilities[2m > [22mshould detect XSS vulnerabilities
 [32mΓ£ô[39m v3/plugins/agentic-qe/__tests__/tools/security-scan.test.ts[2m > [22mSecurityScanTool Common Vulnerabilities[2m > [22mshould detect hardcoded secrets
 [32mΓ£ô[39m v3/plugins/agentic-qe/__tests__/tools/security-scan.test.ts[2m > [22mSecurityScanTool Common Vulnerabilities[2m > [22mshould detect access control issues
 [32mΓ£ô[39m v3/plugins/agentic-qe/__tests__/tools/security-scan.test.ts[2m > [22mSecurityScanTool Performance[2m > [22mshould complete scan in reasonable time
 [32mΓ£ô[39m v3/plugins/agentic-qe/__tests__/tools/security-scan.test.ts[2m > [22mSecurityScanTool Performance[2m > [22mshould report scan duration in summary
 [32mΓ£ô[39m v3/__tests__/integration/workflow-integration.test.ts[2m > [22mFull Workflow Integration Tests[2m > [22mshould execute end-to-end agent workflow
 [32mΓ£ô[39m v3/__tests__/integration/workflow-integration.test.ts[2m > [22mFull Workflow Integration Tests[2m > [22mshould persist task execution pipeline to memory
 [32mΓ£ô[39m v3/@claude-flow/guidance/tests/persistence.test.ts[2m > [22mEventStore[2m > [22mappend and read[2m > [22mshould append an event and read it back
 [32mΓ£ô[39m v3/__tests__/integration/workflow-integration.test.ts[2m > [22mFull Workflow Integration Tests[2m > [22mshould handle memory persistence across multiple operations
 [32mΓ£ô[39m v3/__tests__/integration/workflow-integration.test.ts[2m > [22mFull Workflow Integration Tests[2m > [22mshould coordinate multi-agent parallel execution
 [32mΓ£ô[39m v3/__tests__/integration/workflow-integration.test.ts[2m > [22mFull Workflow Integration Tests[2m > [22mshould handle complex workflow with dependencies
 [32mΓ£ô[39m v3/__tests__/integration/workflow-integration.test.ts[2m > [22mFull Workflow Integration Tests[2m > [22mshould integrate plugins into workflow execution
 [32mΓ£ô[39m v3/__tests__/integration/workflow-integration.test.ts[2m > [22mFull Workflow Integration Tests[2m > [22mshould handle workflow failures and rollback
 [32mΓ£ô[39m v3/@claude-flow/guidance/tests/persistence.test.ts[2m > [22mEventStore[2m > [22mappend and read[2m > [22mshould append multiple events preserving order
 [32mΓ£ô[39m v3/@claude-flow/guidance/tests/persistence.test.ts[2m > [22mEventStore[2m > [22mappend and read[2m > [22mshould append multiple events preserving order
 [32mΓ£ô[39m v3/@claude-flow/guidance/tests/persistence.test.ts[2m > [22mEventStore[2m > [22mappend and read[2m > [22mshould return empty array when no events file exists
 [32mΓ£ô[39m v3/@claude-flow/guidance/tests/persistence.test.ts[2m > [22mEventStore[2m > [22mappend and read[2m > [22mshould return empty array when no events file exists
 [31m├ù[39m v3/__tests__/integration/workflow-integration.test.ts[2m > [22mFull Workflow Integration Tests[2m > [22mshould support workflow resume after interruption
[31m   ΓåÆ expected 'completed' to be 'paused' // Object.is equality[39m
 [32mΓ£ô[39m v3/__tests__/integration/workflow-integration.test.ts[2m > [22mFull Workflow Integration Tests[2m > [22mshould monitor and report workflow metrics
 [32mΓ£ô[39m v3/@claude-flow/guidance/tests/persistence.test.ts[2m > [22mEventStore[2m > [22mappend and read[2m > [22mshould store events as valid NDJSON
 [32mΓ£ô[39m v3/@claude-flow/guidance/tests/persistence.test.ts[2m > [22mEventStore[2m > [22mappend and read[2m > [22mshould store events as valid NDJSON
 [32mΓ£ô[39m v3/@claude-flow/guidance/tests/persistence.test.ts[2m > [22mEventStore[2m > [22mappend and read[2m > [22mshould skip malformed lines gracefully
 [32mΓ£ô[39m v3/@claude-flow/plugins/__tests__/ruvector-streaming.test.ts[2m > [22mRuVector Streaming[2m > [22mBackpressure Handling[2m > [22mshould handle backpressure from slow consumers[33m 2882[2mms[22m[39m
 [32mΓ£ô[39m v3/@claude-flow/guidance/tests/persistence.test.ts[2m > [22mEventStore[2m > [22mappend and read[2m > [22mshould skip malformed lines gracefully
 [32mΓ£ô[39m v3/__tests__/integration/workflow-integration.test.ts[2m > [22mFull Workflow Integration Tests[2m > [22mshould integrate event-driven architecture
 [32mΓ£ô[39m v3/__tests__/integration/workflow-integration.test.ts[2m > [22mFull Workflow Integration Tests[2m > [22mshould support distributed workflow execution
 [32mΓ£ô[39m v3/__tests__/integration/workflow-integration.test.ts[2m > [22mFull Workflow Integration Tests[2m > [22mshould persist complete workflow state across restarts
 [32mΓ£ô[39m v3/__tests__/integration/workflow-integration.test.ts[2m > [22mFull Workflow Integration Tests[2m > [22mshould handle concurrent workflow executions
 [32mΓ£ô[39m v3/@claude-flow/testing/src/v2-compat/api-compat.test.ts[2m > [22mV2 API Compatibility[2m > [22mImport Path Aliases[2m > [22mshould resolve V2 import "claude-flow/hive-mind" to V3 "@claude-flow/swarm"
 [32mΓ£ô[39m v3/@claude-flow/testing/src/v2-compat/api-compat.test.ts[2m > [22mV2 API Compatibility[2m > [22mImport Path Aliases[2m > [22mshould resolve V2 import "claude-flow/swarm" to V3 "@claude-flow/swarm"
 [32mΓ£ô[39m v3/@claude-flow/testing/src/v2-compat/api-compat.test.ts[2m > [22mV2 API Compatibility[2m > [22mImport Path Aliases[2m > [22mshould resolve V2 import "claude-flow/memory" to V3 "@claude-flow/memory"
 [32mΓ£ô[39m v3/@claude-flow/testing/src/v2-compat/api-compat.test.ts[2m > [22mV2 API Compatibility[2m > [22mImport Path Aliases[2m > [22mshould resolve V2 import "claude-flow/agents" to V3 "@claude-flow/agent-lifecycle"
 [32mΓ£ô[39m v3/@claude-flow/testing/src/v2-compat/api-compat.test.ts[2m > [22mV2 API Compatibility[2m > [22mImport Path Aliases[2m > [22mshould resolve V2 import "claude-flow/tasks" to V3 "@claude-flow/task-execution"
 [32mΓ£ô[39m v3/@claude-flow/testing/src/v2-compat/api-compat.test.ts[2m > [22mV2 API Compatibility[2m > [22mImport Path Aliases[2m > [22mshould resolve V2 import "claude-flow/hooks" to V3 "@claude-flow/hooks"
 [32mΓ£ô[39m v3/@claude-flow/testing/src/v2-compat/api-compat.test.ts[2m > [22mV2 API Compatibility[2m > [22mImport Path Aliases[2m > [22mshould resolve V2 import "claude-flow/config" to V3 "@claude-flow/config"
 [32mΓ£ô[39m v3/@claude-flow/testing/src/v2-compat/api-compat.test.ts[2m > [22mV2 API Compatibility[2m > [22mImport Path Aliases[2m > [22mshould resolve V2 import "claude-flow" to V3 "@claude-flow/core"
 [32mΓ£ô[39m v3/@claude-flow/testing/src/v2-compat/api-compat.test.ts[2m > [22mV2 API Compatibility[2m > [22mImport Path Aliases[2m > [22mshould resolve claude-flow/hive-mind to @claude-flow/swarm
 [32mΓ£ô[39m v3/@claude-flow/testing/src/v2-compat/api-compat.test.ts[2m > [22mV2 API Compatibility[2m > [22mImport Path Aliases[2m > [22mshould resolve claude-flow/memory to @claude-flow/memory
 [32mΓ£ô[39m v3/@claude-flow/testing/src/v2-compat/api-compat.test.ts[2m > [22mV2 API Compatibility[2m > [22mImport Path Aliases[2m > [22mshould return null for unknown import paths
 [32mΓ£ô[39m v3/@claude-flow/testing/src/v2-compat/api-compat.test.ts[2m > [22mV2 API Compatibility[2m > [22mClass Name Aliases[2m > [22mshould map V2 class "HiveMind" to V3 "UnifiedSwarmCoordinator"
 [32mΓ£ô[39m v3/@claude-flow/testing/src/v2-compat/api-compat.test.ts[2m > [22mV2 API Compatibility[2m > [22mClass Name Aliases[2m > [22mshould map V2 class "SwarmCoordinator" to V3 "UnifiedSwarmCoordinator"
 [32mΓ£ô[39m v3/@claude-flow/testing/src/v2-compat/api-compat.test.ts[2m > [22mV2 API Compatibility[2m > [22mClass Name Aliases[2m > [22mshould map V2 class "MemoryManager" to V3 "UnifiedMemoryService"
 [32mΓ£ô[39m v3/@claude-flow/testing/src/v2-compat/api-compat.test.ts[2m > [22mV2 API Compatibility[2m > [22mClass Name Aliases[2m > [22mshould map V2 class "AgentManager" to V3 "AgentLifecycleService"
 [32mΓ£ô[39m v3/@claude-flow/testing/src/v2-compat/api-compat.test.ts[2m > [22mV2 API Compatibility[2m > [22mClass Name Aliases[2m > [22mshould map V2 class "TaskOrchestrator" to V3 "TaskExecutionService"
 [32mΓ£ô[39m v3/@claude-flow/testing/src/v2-compat/api-compat.test.ts[2m > [22mV2 API Compatibility[2m > [22mClass Name Aliases[2m > [22mshould get HiveMind as UnifiedSwarmCoordinator
 [32mΓ£ô[39m v3/@claude-flow/testing/src/v2-compat/api-compat.test.ts[2m > [22mV2 API Compatibility[2m > [22mClass Name Aliases[2m > [22mshould get MemoryManager as UnifiedMemoryService
 [32mΓ£ô[39m v3/@claude-flow/testing/src/v2-compat/api-compat.test.ts[2m > [22mV2 API Compatibility[2m > [22mHiveMind Interface[2m > [22mshould have all HiveMind methods available
 [32mΓ£ô[39m v3/@claude-flow/testing/src/v2-compat/api-compat.test.ts[2m > [22mV2 API Compatibility[2m > [22mHiveMind Interface[2m > [22mshould have compatible initialize signature
 [32mΓ£ô[39m v3/@claude-flow/testing/src/v2-compat/api-compat.test.ts[2m > [22mV2 API Compatibility[2m > [22mHiveMind Interface[2m > [22mshould have compatible spawn signature
 [32mΓ£ô[39m v3/@claude-flow/testing/src/v2-compat/api-compat.test.ts[2m > [22mV2 API Compatibility[2m > [22mHiveMind Interface[2m > [22mshould have compatible getStatus signature
 [32mΓ£ô[39m v3/@claude-flow/testing/src/v2-compat/api-compat.test.ts[2m > [22mV2 API Compatibility[2m > [22mHiveMind Interface[2m > [22mshould have compatible shutdown signature
 [32mΓ£ô[39m v3/@claude-flow/testing/src/v2-compat/api-compat.test.ts[2m > [22mV2 API Compatibility[2m > [22mSwarmCoordinator Interface[2m > [22mshould have all SwarmCoordinator methods available
 [32mΓ£ô[39m v3/@claude-flow/testing/src/v2-compat/api-compat.test.ts[2m > [22mV2 API Compatibility[2m > [22mSwarmCoordinator Interface[2m > [22mshould have compatible init signature
 [32mΓ£ô[39m v3/@claude-flow/testing/src/v2-compat/api-compat.test.ts[2m > [22mV2 API Compatibility[2m > [22mSwarmCoordinator Interface[2m > [22mshould have compatible addAgent signature
 [32mΓ£ô[39m v3/@claude-flow/testing/src/v2-compat/api-compat.test.ts[2m > [22mV2 API Compatibility[2m > [22mSwarmCoordinator Interface[2m > [22mshould have compatible broadcast signature
 [32mΓ£ô[39m v3/@claude-flow/testing/src/v2-compat/api-compat.test.ts[2m > [22mV2 API Compatibility[2m > [22mSwarmCoordinator Interface[2m > [22mshould have compatible consensus signature
 [32mΓ£ô[39m v3/@claude-flow/testing/src/v2-compat/api-compat.test.ts[2m > [22mV2 API Compatibility[2m > [22mMemoryManager Interface[2m > [22mshould have all MemoryManager methods available
 [32mΓ£ô[39m v3/@claude-flow/testing/src/v2-compat/api-compat.test.ts[2m > [22mV2 API Compatibility[2m > [22mMemoryManager Interface[2m > [22mshould have compatible store signature
 [32mΓ£ô[39m v3/@claude-flow/testing/src/v2-compat/api-compat.test.ts[2m > [22mV2 API Compatibility[2m > [22mMemoryManager Interface[2m > [22mshould have query aliased to search
 [32mΓ£ô[39m v3/@claude-flow/testing/src/v2-compat/api-compat.test.ts[2m > [22mV2 API Compatibility[2m > [22mMemoryManager Interface[2m > [22mshould have compatible delete signature
 [32mΓ£ô[39m v3/@claude-flow/testing/src/v2-compat/api-compat.test.ts[2m > [22mV2 API Compatibility[2m > [22mMemoryManager Interface[2m > [22mshould have compatible getStats signature
 [32mΓ£ô[39m v3/@claude-flow/testing/src/v2-compat/api-compat.test.ts[2m > [22mV2 API Compatibility[2m > [22mAgentManager Interface[2m > [22mshould have all AgentManager methods available
 [32mΓ£ô[39m v3/@claude-flow/testing/src/v2-compat/api-compat.test.ts[2m > [22mV2 API Compatibility[2m > [22mAgentManager Interface[2m > [22mshould have compatible spawn signature
 [32mΓ£ô[39m v3/@claude-flow/testing/src/v2-compat/api-compat.test.ts[2m > [22mV2 API Compatibility[2m > [22mAgentManager Interface[2m > [22mshould have compatible terminate signature
 [32mΓ£ô[39m v3/@claude-flow/testing/src/v2-compat/api-compat.test.ts[2m > [22mV2 API Compatibility[2m > [22mAgentManager Interface[2m > [22mshould have compatible list signature
 [32mΓ£ô[39m v3/@claude-flow/testing/src/v2-compat/api-compat.test.ts[2m > [22mV2 API Compatibility[2m > [22mAgentManager Interface[2m > [22mshould have compatible getInfo signature
 [32mΓ£ô[39m v3/@claude-flow/testing/src/v2-compat/api-compat.test.ts[2m > [22mV2 API Compatibility[2m > [22mTaskOrchestrator Interface[2m > [22mshould have all TaskOrchestrator methods available
 [32mΓ£ô[39m v3/@claude-flow/testing/src/v2-compat/api-compat.test.ts[2m > [22mV2 API Compatibility[2m > [22mTaskOrchestrator Interface[2m > [22mshould have compatible create signature
 [32mΓ£ô[39m v3/@claude-flow/testing/src/v2-compat/api-compat.test.ts[2m > [22mV2 API Compatibility[2m > [22mTaskOrchestrator Interface[2m > [22mshould have compatible assign signature
 [32mΓ£ô[39m v3/@claude-flow/testing/src/v2-compat/api-compat.test.ts[2m > [22mV2 API Compatibility[2m > [22mTaskOrchestrator Interface[2m > [22mshould have compatible complete signature
 [32mΓ£ô[39m v3/@claude-flow/testing/src/v2-compat/api-compat.test.ts[2m > [22mV2 API Compatibility[2m > [22mTaskOrchestrator Interface[2m > [22mshould have compatible getStatus signature
 [32mΓ£ô[39m v3/@claude-flow/testing/src/v2-compat/api-compat.test.ts[2m > [22mV2 API Compatibility[2m > [22mType Compatibility[2m > [22mshould accept any type as compatible
 [32mΓ£ô[39m v3/@claude-flow/testing/src/v2-compat/api-compat.test.ts[2m > [22mV2 API Compatibility[2m > [22mType Compatibility[2m > [22mshould accept same types as compatible
 [32mΓ£ô[39m v3/@claude-flow/testing/src/v2-compat/api-compat.test.ts[2m > [22mV2 API Compatibility[2m > [22mType Compatibility[2m > [22mshould accept subtype compatibility
 [32mΓ£ô[39m v3/@claude-flow/testing/src/v2-compat/api-compat.test.ts[2m > [22mV2 API Compatibility[2m > [22mFull API Validation[2m > [22mshould pass full API validation
 [32mΓ£ô[39m v3/@claude-flow/testing/src/v2-compat/api-compat.test.ts[2m > [22mV2 API Compatibility[2m > [22mFull API Validation[2m > [22mshould detect all V2 API interfaces
 [32mΓ£ô[39m v3/@claude-flow/testing/src/v2-compat/api-compat.test.ts[2m > [22mV2 API Compatibility[2m > [22mFull API Validation[2m > [22mshould verify method signatures
 [32mΓ£ô[39m v3/@claude-flow/testing/src/v2-compat/api-compat.test.ts[2m > [22mV2 API Compatibility[2m > [22mFull API Validation[2m > [22mshould provide migration paths
 [32mΓ£ô[39m v3/@claude-flow/testing/src/v2-compat/api-compat.test.ts[2m > [22mV2 API Compatibility[2m > [22mFull API Validation[2m > [22mshould report minimal breaking changes
 [32mΓ£ô[39m v3/@claude-flow/testing/src/v2-compat/api-compat.test.ts[2m > [22mV2 API Compatibility[2m > [22mBackward Compatible Usage Patterns[2m > [22mshould support V2 HiveMind instantiation pattern
 [32mΓ£ô[39m v3/@claude-flow/testing/src/v2-compat/api-compat.test.ts[2m > [22mV2 API Compatibility[2m > [22mBackward Compatible Usage Patterns[2m > [22mshould support V2 MemoryManager query pattern
 [32mΓ£ô[39m v3/@claude-flow/testing/src/v2-compat/api-compat.test.ts[2m > [22mV2 API Compatibility[2m > [22mBackward Compatible Usage Patterns[2m > [22mshould support V2 agent spawn pattern
 [32mΓ£ô[39m v3/@claude-flow/testing/src/v2-compat/api-compat.test.ts[2m > [22mAPI Coverage[2m > [22mshould define all core V2 API interfaces
 [32mΓ£ô[39m v3/@claude-flow/testing/src/v2-compat/api-compat.test.ts[2m > [22mAPI Coverage[2m > [22mshould have V3 equivalents for all interfaces
 [32mΓ£ô[39m v3/@claude-flow/testing/src/v2-compat/api-compat.test.ts[2m > [22mAPI Coverage[2m > [22mshould define methods for all interfaces
 [32mΓ£ô[39m v3/@claude-flow/testing/src/v2-compat/api-compat.test.ts[2m > [22mAPI Coverage[2m > [22mshould define method signatures correctly
 [32mΓ£ô[39m v3/@claude-flow/testing/src/v2-compat/api-compat.test.ts[2m > [22mAPI Coverage[2m > [22mshould cover common method patterns
 [31m├ù[39m v3/__tests__/integration/workflow-integration.test.ts[2m > [22mFull Workflow Integration Tests[2m > [22mshould support workflow composition and nesting
[31m   ΓåÆ expected 3 to be greater than or equal to 4[39m
 [32mΓ£ô[39m v3/__tests__/integration/workflow-integration.test.ts[2m > [22mFull Workflow Integration Tests[2m > [22mshould provide comprehensive workflow debugging
 [32mΓ£ô[39m v3/@claude-flow/guidance/tests/persistence.test.ts[2m > [22mEventStore[2m > [22mreadRange[2m > [22mshould return events within the specified time range
 [32mΓ£ô[39m v3/@claude-flow/plugins/__tests__/ruvector-quantization.test.ts[2m > [22mRuVector Quantization[2m > [22mInt8 Quantization[2m > [22mshould quantize vectors to int8[33m 305[2mms[22m[39m
 [32mΓ£ô[39m v3/@claude-flow/plugins/__tests__/ruvector-quantization.test.ts[2m > [22mRuVector Quantization[2m > [22mInt8 Quantization[2m > [22mshould dequantize int8 back to float[33m 304[2mms[22m[39m
 [32mΓ£ô[39m v3/@claude-flow/plugins/__tests__/ruvector-quantization.test.ts[2m > [22mRuVector Quantization[2m > [22mInt8 Quantization[2m > [22mshould perform search with int8 quantization[33m 348[2mms[22m[39m
 [32mΓ£ô[39m v3/@claude-flow/plugins/__tests__/ruvector-quantization.test.ts[2m > [22mRuVector Quantization[2m > [22mInt8 Quantization[2m > [22mshould reduce memory by ~4x with int8
 [32mΓ£ô[39m v3/@claude-flow/plugins/__tests__/ruvector-quantization.test.ts[2m > [22mRuVector Quantization[2m > [22mBinary Quantization[2m > [22mshould quantize vectors to binary
 [32mΓ£ô[39m v3/@claude-flow/plugins/__tests__/ruvector-quantization.test.ts[2m > [22mRuVector Quantization[2m > [22mBinary Quantization[2m > [22mshould dequantize binary back to +1/-1
 [32mΓ£ô[39m v3/@claude-flow/plugins/__tests__/ruvector-quantization.test.ts[2m > [22mRuVector Quantization[2m > [22mBinary Quantization[2m > [22mshould perform search with binary quantization
 [32mΓ£ô[39m v3/@claude-flow/plugins/__tests__/ruvector-quantization.test.ts[2m > [22mRuVector Quantization[2m > [22mBinary Quantization[2m > [22mshould reduce memory by ~32x with binary
 [32mΓ£ô[39m v3/@claude-flow/plugins/__tests__/ruvector-quantization.test.ts[2m > [22mRuVector Quantization[2m > [22mBinary Quantization[2m > [22mshould handle Hamming distance correctly
 [32mΓ£ô[39m v3/@claude-flow/plugins/__tests__/ruvector-quantization.test.ts[2m > [22mRuVector Quantization[2m > [22mProduct Quantization[2m > [22mshould train product quantizer codebook[33m 439[2mms[22m[39m
 [32mΓ£ô[39m v3/@claude-flow/plugins/__tests__/ruvector-quantization.test.ts[2m > [22mRuVector Quantization[2m > [22mProduct Quantization[2m > [22mshould encode vectors with PQ[33m 425[2mms[22m[39m
 [32mΓ£ô[39m v3/@claude-flow/plugins/__tests__/ruvector-quantization.test.ts[2m > [22mRuVector Quantization[2m > [22mProduct Quantization[2m > [22mshould decode PQ codes back to approximate vector[33m 444[2mms[22m[39m
 [32mΓ£ô[39m v3/@claude-flow/plugins/__tests__/ruvector-quantization.test.ts[2m > [22mRuVector Quantization[2m > [22mProduct Quantization[2m > [22mshould reduce memory significantly with PQ[33m 443[2mms[22m[39m
 [32mΓ£ô[39m v3/@claude-flow/plugins/__tests__/ruvector-quantization.test.ts[2m > [22mRuVector Quantization[2m > [22mProduct Quantization[2m > [22mshould maintain recall with product quantization[33m 2030[2mms[22m[39m
 [32mΓ£ô[39m v3/@claude-flow/plugins/__tests__/ruvector-quantization.test.ts[2m > [22mRuVector Quantization[2m > [22mInt4 Quantization[2m > [22mshould quantize vectors to int4
 [32mΓ£ô[39m v3/@claude-flow/plugins/__tests__/ruvector-quantization.test.ts[2m > [22mRuVector Quantization[2m > [22mInt4 Quantization[2m > [22mshould dequantize int4 back to float
 [32mΓ£ô[39m v3/@claude-flow/plugins/__tests__/ruvector-quantization.test.ts[2m > [22mRuVector Quantization[2m > [22mInt4 Quantization[2m > [22mshould reduce memory by ~8x with int4
 [32mΓ£ô[39m v3/@claude-flow/plugins/__tests__/ruvector-quantization.test.ts[2m > [22mRuVector Quantization[2m > [22mRecall Analysis[2m > [22mshould calculate recall@k correctly
 [32mΓ£ô[39m v3/@claude-flow/plugins/__tests__/ruvector-quantization.test.ts[2m > [22mRuVector Quantization[2m > [22mRecall Analysis[2m > [22mshould show recall degradation with more aggressive quantization[33m 375[2mms[22m[39m
 [32mΓ£ô[39m v3/@claude-flow/plugins/__tests__/ruvector-quantization.test.ts[2m > [22mRuVector Quantization[2m > [22mPerformance[2m > [22mshould be faster with quantized search
 [32mΓ£ô[39m v3/@claude-flow/plugins/__tests__/ruvector-quantization.test.ts[2m > [22mRuVector Quantization[2m > [22mPerformance[2m > [22mshould handle batch quantization efficiently[33m 478[2mms[22m[39m
 [32mΓ£ô[39m v3/@claude-flow/plugins/__tests__/ruvector-quantization.test.ts[2m > [22mRuVector Quantization[2m > [22mMemory Analysis[2m > [22mshould calculate memory savings correctly
 [32mΓ£ô[39m v3/@claude-flow/plugins/__tests__/ruvector-quantization.test.ts[2m > [22mRuVector Quantization[2m > [22mMemory Analysis[2m > [22mshould report quantization metadata
 [32mΓ£ô[39m v3/@claude-flow/plugins/__tests__/ruvector-quantization.test.ts[2m > [22mRuVector Quantization[2m > [22mEdge Cases[2m > [22mshould handle zero vectors
 [32mΓ£ô[39m v3/@claude-flow/plugins/__tests__/ruvector-quantization.test.ts[2m > [22mRuVector Quantization[2m > [22mEdge Cases[2m > [22mshould handle constant vectors
 [32mΓ£ô[39m v3/@claude-flow/plugins/__tests__/ruvector-quantization.test.ts[2m > [22mRuVector Quantization[2m > [22mEdge Cases[2m > [22mshould handle very small vectors[33m 317[2mms[22m[39m
 [32mΓ£ô[39m v3/@claude-flow/plugins/__tests__/ruvector-quantization.test.ts[2m > [22mRuVector Quantization[2m > [22mEdge Cases[2m > [22mshould handle vectors with extreme values
 [32mΓ£ô[39m v3/@claude-flow/plugins/__tests__/ruvector-quantization.test.ts[2m > [22mRuVector Quantization[2m > [22mEdge Cases[2m > [22mshould handle odd-length vectors for int4
 [32mΓ£ô[39m v3/@claude-flow/guidance/tests/persistence.test.ts[2m > [22mEventStore[2m > [22mreadRange[2m > [22mshould return events within the specified time range
 [32mΓ£ô[39m v3/@claude-flow/guidance/tests/persistence.test.ts[2m > [22mEventStore[2m > [22mreadRange[2m > [22mshould return empty array when no events match range
 [32mΓ£ô[39m v3/@claude-flow/guidance/tests/persistence.test.ts[2m > [22mEventStore[2m > [22mreadRange[2m > [22mshould return empty array when no events match range
 [32mΓ£ô[39m v3/plugins/agentic-qe/__tests__/tools/analyze-coverage.test.ts[2m > [22mAnalyzeCoverageTool[2m > [22minput validation[2m > [22mshould require coverageReport
 [32mΓ£ô[39m v3/plugins/agentic-qe/__tests__/tools/analyze-coverage.test.ts[2m > [22mAnalyzeCoverageTool[2m > [22minput validation[2m > [22mshould validate coverage report format
 [32mΓ£ô[39m v3/plugins/agentic-qe/__tests__/tools/analyze-coverage.test.ts[2m > [22mAnalyzeCoverageTool[2m > [22minput validation[2m > [22mshould accept lcov format
 [32mΓ£ô[39m v3/plugins/agentic-qe/__tests__/tools/analyze-coverage.test.ts[2m > [22mAnalyzeCoverageTool[2m > [22minput validation[2m > [22mshould accept json format
 [32mΓ£ô[39m v3/plugins/agentic-qe/__tests__/tools/analyze-coverage.test.ts[2m > [22mAnalyzeCoverageTool[2m > [22minput validation[2m > [22mshould validate minCoverage range
 [32mΓ£ô[39m v3/plugins/agentic-qe/__tests__/tools/analyze-coverage.test.ts[2m > [22mAnalyzeCoverageTool[2m > [22minput validation[2m > [22mshould validate maxGaps minimum
 [32mΓ£ô[39m v3/plugins/agentic-qe/__tests__/tools/analyze-coverage.test.ts[2m > [22mAnalyzeCoverageTool[2m > [22mgap detection[2m > [22mshould detect coverage gaps
 [32mΓ£ô[39m v3/plugins/agentic-qe/__tests__/tools/analyze-coverage.test.ts[2m > [22mAnalyzeCoverageTool[2m > [22mgap detection[2m > [22mshould include gap file path
 [32mΓ£ô[39m v3/plugins/agentic-qe/__tests__/tools/analyze-coverage.test.ts[2m > [22mAnalyzeCoverageTool[2m > [22mgap detection[2m > [22mshould include gap line numbers
 [32mΓ£ô[39m v3/plugins/agentic-qe/__tests__/tools/analyze-coverage.test.ts[2m > [22mAnalyzeCoverageTool[2m > [22mgap detection[2m > [22mshould categorize gaps by type
 [32mΓ£ô[39m v3/plugins/agentic-qe/__tests__/tools/analyze-coverage.test.ts[2m > [22mAnalyzeCoverageTool[2m > [22mgap detection[2m > [22mshould assign priority to gaps
 [32mΓ£ô[39m v3/plugins/agentic-qe/__tests__/tools/analyze-coverage.test.ts[2m > [22mAnalyzeCoverageTool[2m > [22mgap detection[2m > [22mshould include complexity score
 [32mΓ£ô[39m v3/plugins/agentic-qe/__tests__/tools/analyze-coverage.test.ts[2m > [22mAnalyzeCoverageTool[2m > [22mgap detection[2m > [22mshould include suggestions
 [32mΓ£ô[39m v3/plugins/agentic-qe/__tests__/tools/analyze-coverage.test.ts[2m > [22mAnalyzeCoverageTool[2m > [22mgap detection[2m > [22mshould respect maxGaps limit
 [32mΓ£ô[39m v3/plugins/agentic-qe/__tests__/tools/analyze-coverage.test.ts[2m > [22mAnalyzeCoverageTool[2m > [22malgorithm selection[2m > [22mshould use johnson-lindenstrauss by default
 [32mΓ£ô[39m v3/plugins/agentic-qe/__tests__/tools/analyze-coverage.test.ts[2m > [22mAnalyzeCoverageTool[2m > [22malgorithm selection[2m > [22mshould support naive algorithm
 [32mΓ£ô[39m v3/plugins/agentic-qe/__tests__/tools/analyze-coverage.test.ts[2m > [22mAnalyzeCoverageTool[2m > [22malgorithm selection[2m > [22mshould report execution time
 [32mΓ£ô[39m v3/plugins/agentic-qe/__tests__/tools/analyze-coverage.test.ts[2m > [22mAnalyzeCoverageTool[2m > [22mmetrics reporting[2m > [22mshould include statement coverage
 [32mΓ£ô[39m v3/plugins/agentic-qe/__tests__/tools/analyze-coverage.test.ts[2m > [22mAnalyzeCoverageTool[2m > [22mmetrics reporting[2m > [22mshould include branch coverage
 [32mΓ£ô[39m v3/plugins/agentic-qe/__tests__/tools/analyze-coverage.test.ts[2m > [22mAnalyzeCoverageTool[2m > [22mmetrics reporting[2m > [22mshould include function coverage
 [32mΓ£ô[39m v3/plugins/agentic-qe/__tests__/tools/analyze-coverage.test.ts[2m > [22mAnalyzeCoverageTool[2m > [22mmetrics reporting[2m > [22mshould include line coverage
 [32mΓ£ô[39m v3/plugins/agentic-qe/__tests__/tools/analyze-coverage.test.ts[2m > [22mAnalyzeCoverageTool[2m > [22msummary generation[2m > [22mshould include total gap count
 [32mΓ£ô[39m v3/plugins/agentic-qe/__tests__/tools/analyze-coverage.test.ts[2m > [22mAnalyzeCoverageTool[2m > [22msummary generation[2m > [22mshould count critical gaps
 [32mΓ£ô[39m v3/plugins/agentic-qe/__tests__/tools/analyze-coverage.test.ts[2m > [22mAnalyzeCoverageTool[2m > [22msummary generation[2m > [22mshould estimate effort
 [32mΓ£ô[39m v3/plugins/agentic-qe/__tests__/tools/analyze-coverage.test.ts[2m > [22mAnalyzeCoverageTool[2m > [22msummary generation[2m > [22mshould provide recommendation
 [32mΓ£ô[39m v3/plugins/agentic-qe/__tests__/tools/analyze-coverage.test.ts[2m > [22mAnalyzeCoverageTool[2m > [22mgap prioritization[2m > [22mshould sort gaps by priority
 [32mΓ£ô[39m v3/plugins/agentic-qe/__tests__/tools/analyze-coverage.test.ts[2m > [22mAnalyzeCoverageTool[2m > [22mgap prioritization[2m > [22mshould upgrade priority for high complexity gaps
 [32mΓ£ô[39m v3/plugins/agentic-qe/__tests__/tools/analyze-coverage.test.ts[2m > [22mAnalyzeCoverageTool[2m > [22mgap prioritization[2m > [22mshould provide type-specific suggestions
 [32mΓ£ô[39m v3/plugins/agentic-qe/__tests__/tools/analyze-coverage.test.ts[2m > [22mAnalyzeCoverageTool Performance[2m > [22mshould complete analysis in reasonable time
 [32mΓ£ô[39m v3/plugins/agentic-qe/__tests__/tools/analyze-coverage.test.ts[2m > [22mAnalyzeCoverageTool Performance[2m > [22mshould report O(log n) complexity for J-L algorithm
 [32mΓ£ô[39m v3/plugins/agentic-qe/__tests__/tools/analyze-coverage.test.ts[2m > [22mAnalyzeCoverageTool Performance[2m > [22mshould report O(n) complexity for naive algorithm
 [32mΓ£ô[39m v3/plugins/agentic-qe/__tests__/tools/analyze-coverage.test.ts[2m > [22mAnalyzeCoverageTool Edge Cases[2m > [22mshould handle path with targetPath filter
 [32mΓ£ô[39m v3/plugins/agentic-qe/__tests__/tools/analyze-coverage.test.ts[2m > [22mAnalyzeCoverageTool Edge Cases[2m > [22mshould handle includeUncovered option
 [32mΓ£ô[39m v3/plugins/agentic-qe/__tests__/tools/analyze-coverage.test.ts[2m > [22mAnalyzeCoverageTool Edge Cases[2m > [22mshould handle groupByFile option
 [32mΓ£ô[39m v3/plugins/agentic-qe/__tests__/tools/analyze-coverage.test.ts[2m > [22mAnalyzeCoverageTool Edge Cases[2m > [22mshould handle all options combined
 [32mΓ£ô[39m v3/@claude-flow/guidance/tests/proof.test.ts[2m > [22mProofChain[2m > [22mgenesis envelope[2m > [22mshould create the first envelope with previousHash of all zeros
 [32mΓ£ô[39m v3/@claude-flow/guidance/tests/proof.test.ts[2m > [22mProofChain[2m > [22mgenesis envelope[2m > [22mshould set the runEventId to the event ID
 [32mΓ£ô[39m v3/@claude-flow/guidance/tests/proof.test.ts[2m > [22mProofChain[2m > [22mgenesis envelope[2m > [22mshould have a valid ISO 8601 timestamp
 [32mΓ£ô[39m v3/@claude-flow/guidance/tests/proof.test.ts[2m > [22mProofChain[2m > [22mgenesis envelope[2m > [22mshould have a non-empty content hash
 [32mΓ£ô[39m v3/@claude-flow/guidance/tests/proof.test.ts[2m > [22mProofChain[2m > [22mgenesis envelope[2m > [22mshould have a non-empty HMAC signature
 [32mΓ£ô[39m v3/@claude-flow/guidance/tests/proof.test.ts[2m > [22mProofChain[2m > [22mgenesis envelope[2m > [22mshould produce a unique envelope ID
 [32mΓ£ô[39m v3/@claude-flow/guidance/tests/proof.test.ts[2m > [22mProofChain[2m > [22mhash chaining[2m > [22mshould link the second envelope to the first via contentHash
 [32mΓ£ô[39m v3/@claude-flow/guidance/tests/proof.test.ts[2m > [22mProofChain[2m > [22mhash chaining[2m > [22mshould form a valid chain across multiple envelopes
 [32mΓ£ô[39m v3/@claude-flow/guidance/tests/proof.test.ts[2m > [22mProofChain[2m > [22mhash chaining[2m > [22mshould produce different content hashes for different events
 [32mΓ£ô[39m v3/@claude-flow/guidance/tests/proof.test.ts[2m > [22mProofChain[2m > [22msignature verification[2m > [22mshould verify a valid envelope
 [32mΓ£ô[39m v3/@claude-flow/guidance/tests/proof.test.ts[2m > [22mProofChain[2m > [22msignature verification[2m > [22mshould reject an envelope with a tampered contentHash
 [32mΓ£ô[39m v3/@claude-flow/guidance/tests/proof.test.ts[2m > [22mProofChain[2m > [22msignature verification[2m > [22mshould reject an envelope with a tampered guidanceHash
 [32mΓ£ô[39m v3/@claude-flow/guidance/tests/proof.test.ts[2m > [22mProofChain[2m > [22msignature verification[2m > [22mshould reject an envelope with a tampered metadata field
 [32mΓ£ô[39m v3/@claude-flow/guidance/tests/proof.test.ts[2m > [22mProofChain[2m > [22msignature verification[2m > [22mshould reject an envelope signed with a different key
 [32mΓ£ô[39m v3/@claude-flow/guidance/tests/proof.test.ts[2m > [22mProofChain[2m > [22mchain verification[2m > [22mshould verify an empty chain
 [32mΓ£ô[39m v3/@claude-flow/guidance/tests/proof.test.ts[2m > [22mProofChain[2m > [22mchain verification[2m > [22mshould verify a single-envelope chain
 [32mΓ£ô[39m v3/@claude-flow/guidance/tests/proof.test.ts[2m > [22mProofChain[2m > [22mchain verification[2m > [22mshould verify a multi-envelope chain
 [32mΓ£ô[39m v3/@claude-flow/guidance/tests/proof.test.ts[2m > [22mProofChain[2m > [22mchain verification[2m > [22mshould detect a broken chain when an envelope signature is tampered
 [32mΓ£ô[39m v3/@claude-flow/guidance/tests/proof.test.ts[2m > [22mProofChain[2m > [22mchain verification[2m > [22mshould detect a broken chain when previousHash is tampered
 [32mΓ£ô[39m v3/@claude-flow/guidance/tests/proof.test.ts[2m > [22mProofChain[2m > [22mchain verification[2m > [22mshould detect a chain with a wrong genesis hash
 [32mΓ£ô[39m v3/@claude-flow/guidance/tests/proof.test.ts[2m > [22mProofChain[2m > [22mtool call hashing[2m > [22mshould include tool call hashes in the envelope
 [32mΓ£ô[39m v3/@claude-flow/guidance/tests/proof.test.ts[2m > [22mProofChain[2m > [22mtool call hashing[2m > [22mshould produce different hashes for different tool calls
 [32mΓ£ô[39m v3/@claude-flow/guidance/tests/proof.test.ts[2m > [22mProofChain[2m > [22mtool call hashing[2m > [22mshould produce the same hash for identical tool calls
 [32mΓ£ô[39m v3/@claude-flow/guidance/tests/proof.test.ts[2m > [22mProofChain[2m > [22mtool call hashing[2m > [22mshould handle empty tool calls
 [32mΓ£ô[39m v3/@claude-flow/guidance/tests/proof.test.ts[2m > [22mProofChain[2m > [22mmemory lineage tracking[2m > [22mshould include memory operations in the envelope
 [32mΓ£ô[39m v3/@claude-flow/guidance/tests/proof.test.ts[2m > [22mProofChain[2m > [22mmemory lineage tracking[2m > [22mshould handle all operation types
 [32mΓ£ô[39m v3/@claude-flow/guidance/tests/proof.test.ts[2m > [22mProofChain[2m > [22mmemory lineage tracking[2m > [22mshould handle empty memory operations
 [32mΓ£ô[39m v3/@claude-flow/guidance/tests/proof.test.ts[2m > [22mProofChain[2m > [22mexport and import[2m > [22mshould roundtrip a chain through export/import
 [32mΓ£ô[39m v3/@claude-flow/guidance/tests/proof.test.ts[2m > [22mProofChain[2m > [22mexport and import[2m > [22mshould preserve envelope contents through roundtrip
 [32mΓ£ô[39m v3/@claude-flow/guidance/tests/proof.test.ts[2m > [22mProofChain[2m > [22mexport and import[2m > [22mshould reject imports with an unsupported version
 [32mΓ£ô[39m v3/@claude-flow/guidance/tests/proof.test.ts[2m > [22mProofChain[2m > [22mexport and import[2m > [22mshould replace existing chain on import
 [32mΓ£ô[39m v3/@claude-flow/guidance/tests/proof.test.ts[2m > [22mProofChain[2m > [22mretrieval helpers[2m > [22mgetEnvelope should return undefined for unknown ID
 [32mΓ£ô[39m v3/@claude-flow/guidance/tests/proof.test.ts[2m > [22mProofChain[2m > [22mretrieval helpers[2m > [22mgetEnvelope should find an envelope by ID
 [32mΓ£ô[39m v3/@claude-flow/guidance/tests/proof.test.ts[2m > [22mProofChain[2m > [22mretrieval helpers[2m > [22mgetChainTip should return undefined for empty chain
 [32mΓ£ô[39m v3/@claude-flow/guidance/tests/proof.test.ts[2m > [22mProofChain[2m > [22mretrieval helpers[2m > [22mgetChainTip should return the latest envelope
 [32mΓ£ô[39m v3/@claude-flow/guidance/tests/proof.test.ts[2m > [22mProofChain[2m > [22mretrieval helpers[2m > [22mgetChainLength should return zero for empty chain
 [32mΓ£ô[39m v3/@claude-flow/guidance/tests/proof.test.ts[2m > [22mProofChain[2m > [22mretrieval helpers[2m > [22mgetChainLength should count all envelopes
 [32mΓ£ô[39m v3/@claude-flow/guidance/tests/proof.test.ts[2m > [22mProofChain[2m > [22mcreateProofChain factory[2m > [22mshould throw when no signingKey is provided
 [32mΓ£ô[39m v3/@claude-flow/guidance/tests/proof.test.ts[2m > [22mProofChain[2m > [22mcreateProofChain factory[2m > [22mshould create a ProofChain with an explicit signing key
 [32mΓ£ô[39m v3/@claude-flow/guidance/tests/proof.test.ts[2m > [22mProofChain[2m > [22mcreateProofChain factory[2m > [22mshould create a ProofChain with a custom signing key
 [32mΓ£ô[39m v3/@claude-flow/guidance/tests/proof.test.ts[2m > [22mProofChain[2m > [22mguidance hash[2m > [22mshould capture the guidanceHash from the RunEvent
 [32mΓ£ô[39m v3/@claude-flow/guidance/tests/proof.test.ts[2m > [22mProofChain[2m > [22mmetadata[2m > [22mshould use provided metadata
 [32mΓ£ô[39m v3/@claude-flow/guidance/tests/proof.test.ts[2m > [22mProofChain[2m > [22mmetadata[2m > [22mshould default to unknown agent and event sessionId
 [32mΓ£ô[39m v3/@claude-flow/guidance/tests/proof.test.ts[2m > [22mProofChain[2m > [22mmetadata[2m > [22mshould default sessionId to unknown when event has none
 [32mΓ£ô[39m v3/plugins/prime-radiant/__tests__/wasm-bridge.test.ts[2m > [22mWasmBridge[2m > [22mloading[2m > [22mshould start in unloaded state
 [32mΓ£ô[39m v3/plugins/prime-radiant/__tests__/wasm-bridge.test.ts[2m > [22mWasmBridge[2m > [22mloading[2m > [22mshould load WASM successfully
 [32mΓ£ô[39m v3/plugins/prime-radiant/__tests__/wasm-bridge.test.ts[2m > [22mWasmBridge[2m > [22mloading[2m > [22mshould track load time
 [32mΓ£ô[39m v3/plugins/prime-radiant/__tests__/wasm-bridge.test.ts[2m > [22mWasmBridge[2m > [22mloading[2m > [22mshould track memory usage
 [32mΓ£ô[39m v3/plugins/prime-radiant/__tests__/wasm-bridge.test.ts[2m > [22mWasmBridge[2m > [22mloading[2m > [22mshould load within performance target (<50ms)
 [32mΓ£ô[39m v3/plugins/prime-radiant/__tests__/wasm-bridge.test.ts[2m > [22mWasmBridge[2m > [22mloading[2m > [22mshould use reasonable memory (<10MB)
 [32mΓ£ô[39m v3/plugins/prime-radiant/__tests__/wasm-bridge.test.ts[2m > [22mWasmBridge[2m > [22mengine access[2m > [22mshould provide cohomology engine
 [32mΓ£ô[39m v3/@claude-flow/guidance/tests/persistence.test.ts[2m > [22mEventStore[2m > [22mcompact[2m > [22mshould evict oldest events when exceeding maxEvents
 [32mΓ£ô[39m v3/plugins/prime-radiant/__tests__/wasm-bridge.test.ts[2m > [22mWasmBridge[2m > [22mengine access[2m > [22mshould provide spectral engine
 [32mΓ£ô[39m v3/@claude-flow/guidance/tests/persistence.test.ts[2m > [22mEventStore[2m > [22mcompact[2m > [22mshould evict oldest events when exceeding maxEvents[33m 643[2mms[22m[39m
 [32mΓ£ô[39m v3/plugins/prime-radiant/__tests__/wasm-bridge.test.ts[2m > [22mWasmBridge[2m > [22mengine access[2m > [22mshould provide causal engine
 [32mΓ£ô[39m v3/plugins/prime-radiant/__tests__/wasm-bridge.test.ts[2m > [22mWasmBridge[2m > [22mengine access[2m > [22mshould provide quantum engine
 [32mΓ£ô[39m v3/plugins/prime-radiant/__tests__/wasm-bridge.test.ts[2m > [22mWasmBridge[2m > [22mengine access[2m > [22mshould provide category engine
 [32mΓ£ô[39m v3/plugins/prime-radiant/__tests__/wasm-bridge.test.ts[2m > [22mWasmBridge[2m > [22mengine access[2m > [22mshould provide hott engine
 [32mΓ£ô[39m v3/plugins/prime-radiant/__tests__/wasm-bridge.test.ts[2m > [22mWasmBridge[2m > [22mdispose[2m > [22mshould clean up on dispose
 [32mΓ£ô[39m v3/plugins/prime-radiant/__tests__/wasm-bridge.test.ts[2m > [22mCohomologyEngine[2m > [22mcomputeSheafLaplacian[2m > [22mshould return energy between 0 and 1
TAP version 13
 [32mΓ£ô[39m v3/@claude-flow/guidance/tests/persistence.test.ts[2m > [22mEventStore[2m > [22mcompact[2m > [22mshould return 0 when no compaction needed
 [32mΓ£ô[39m v3/plugins/prime-radiant/__tests__/wasm-bridge.test.ts[2m > [22mCohomologyEngine[2m > [22mcomputeSheafLaplacian[2m > [22mshould return low energy for similar vectors
 [32mΓ£ô[39m v3/plugins/prime-radiant/__tests__/wasm-bridge.test.ts[2m > [22mCohomologyEngine[2m > [22mcheckCoherence[2m > [22mshould detect coherent vectors
 [32mΓ£ô[39m v3/plugins/prime-radiant/__tests__/wasm-bridge.test.ts[2m > [22mCohomologyEngine[2m > [22mcheckCoherence[2m > [22mshould respect threshold parameter
 [32mΓ£ô[39m v3/plugins/prime-radiant/__tests__/tools/consensus-verify.test.ts[2m > [22mConsensusVerifyTool[2m > [22mbasic consensus checking[2m > [22mshould achieve consensus with unanimous agreement
 [32mΓ£ô[39m v3/plugins/prime-radiant/__tests__/tools/consensus-verify.test.ts[2m > [22mConsensusVerifyTool[2m > [22mbasic consensus checking[2m > [22mshould achieve consensus with 2/3 majority
 [32mΓ£ô[39m v3/plugins/prime-radiant/__tests__/tools/consensus-verify.test.ts[2m > [22mConsensusVerifyTool[2m > [22mbasic consensus checking[2m > [22mshould fail consensus below threshold
 [32mΓ£ô[39m v3/plugins/prime-radiant/__tests__/tools/consensus-verify.test.ts[2m > [22mConsensusVerifyTool[2m > [22mbasic consensus checking[2m > [22mshould handle empty input
 [32mΓ£ô[39m v3/plugins/prime-radiant/__tests__/tools/consensus-verify.test.ts[2m > [22mConsensusVerifyTool[2m > [22mthreshold handling[2m > [22mshould use default 2/3 threshold
 [32mΓ£ô[39m v3/plugins/prime-radiant/__tests__/tools/consensus-verify.test.ts[2m > [22mConsensusVerifyTool[2m > [22mthreshold handling[2m > [22mshould respect custom threshold
 [32mΓ£ô[39m v3/plugins/prime-radiant/__tests__/tools/consensus-verify.test.ts[2m > [22mConsensusVerifyTool[2m > [22mthreshold handling[2m > [22mshould fail with strict threshold
 [32mΓ£ô[39m v3/plugins/prime-radiant/__tests__/tools/consensus-verify.test.ts[2m > [22mConsensusVerifyTool[2m > [22mvote counting[2m > [22mshould count votes correctly
 [32mΓ£ô[39m v3/plugins/prime-radiant/__tests__/tools/consensus-verify.test.ts[2m > [22mConsensusVerifyTool[2m > [22mvote counting[2m > [22mshould handle unanimous for
 [32mΓ£ô[39m v3/plugins/prime-radiant/__tests__/tools/consensus-verify.test.ts[2m > [22mConsensusVerifyTool[2m > [22mvote counting[2m > [22mshould handle unanimous against
 [32mΓ£ô[39m v3/plugins/prime-radiant/__tests__/tools/consensus-verify.test.ts[2m > [22mConsensusVerifyTool[2m > [22mcoherence checking[2m > [22mshould report low coherence energy for aligned agents
 [32mΓ£ô[39m v3/plugins/prime-radiant/__tests__/tools/consensus-verify.test.ts[2m > [22mConsensusVerifyTool[2m > [22mcoherence checking[2m > [22mshould report high coherence energy for misaligned agents
 [32mΓ£ô[39m v3/plugins/prime-radiant/__tests__/tools/consensus-verify.test.ts[2m > [22mConsensusVerifyTool[2m > [22mcoherence checking[2m > [22mshould fail consensus if coherence exceeds max
 [32mΓ£ô[39m v3/plugins/prime-radiant/__tests__/tools/consensus-verify.test.ts[2m > [22mConsensusVerifyTool[2m > [22mcoherence checking[2m > [22mshould skip coherence check if disabled
 [32mΓ£ô[39m v3/plugins/prime-radiant/__tests__/tools/consensus-verify.test.ts[2m > [22mConsensusVerifyTool[2m > [22mspectral stability[2m > [22mshould report stable for agreeing similar agents
 [32mΓ£ô[39m v3/plugins/prime-radiant/__tests__/tools/consensus-verify.test.ts[2m > [22mConsensusVerifyTool[2m > [22mspectral stability[2m > [22mshould report unstable for disagreeing dissimilar agents
 [32mΓ£ô[39m v3/plugins/prime-radiant/__tests__/tools/consensus-verify.test.ts[2m > [22mConsensusVerifyTool[2m > [22mspectral stability[2m > [22mshould skip stability check if disabled
 [32mΓ£ô[39m v3/plugins/prime-radiant/__tests__/tools/consensus-verify.test.ts[2m > [22mConsensusVerifyTool[2m > [22mminimum agents[2m > [22mshould require minimum 3 agents by default
 [32mΓ£ô[39m v3/plugins/prime-radiant/__tests__/tools/consensus-verify.test.ts[2m > [22mConsensusVerifyTool[2m > [22mminimum agents[2m > [22mshould respect custom minimum
 [32mΓ£ô[39m v3/plugins/prime-radiant/__tests__/tools/consensus-verify.test.ts[2m > [22mConsensusVerifyTool[2m > [22mrecommendations[2m > [22mshould provide positive recommendation on success
 [32mΓ£ô[39m v3/plugins/prime-radiant/__tests__/tools/consensus-verify.test.ts[2m > [22mConsensusVerifyTool[2m > [22mrecommendations[2m > [22mshould provide actionable recommendation on failure
 [32mΓ£ô[39m v3/plugins/prime-radiant/__tests__/tools/consensus-verify.test.ts[2m > [22mConsensusVerifyTool[2m > [22mperformance[2m > [22mshould verify consensus in reasonable time
 [32mΓ£ô[39m v3/plugins/prime-radiant/__tests__/tools/consensus-verify.test.ts[2m > [22mConsensusVerifyTool Edge Cases[2m > [22mshould handle tie vote
 [32mΓ£ô[39m v3/plugins/prime-radiant/__tests__/tools/consensus-verify.test.ts[2m > [22mConsensusVerifyTool Edge Cases[2m > [22mshould handle agents with varying confidence
 [32mΓ£ô[39m v3/plugins/prime-radiant/__tests__/tools/consensus-verify.test.ts[2m > [22mConsensusVerifyTool Edge Cases[2m > [22mshould handle high-dimensional embeddings
 [32mΓ£ô[39m v3/@claude-flow/guidance/tests/persistence.test.ts[2m > [22mEventStore[2m > [22mcompact[2m > [22mshould return 0 when no compaction needed
 [32mΓ£ô[39m v3/plugins/prime-radiant/__tests__/wasm-bridge.test.ts[2m > [22mCohomologyEngine[2m > [22mperformance[2m > [22mshould complete coherence check in <5ms
 [32mΓ£ô[39m v3/plugins/prime-radiant/__tests__/wasm-bridge.test.ts[2m > [22mSpectralEngine[2m > [22mcomputeEigenvalues[2m > [22mshould return correct number of eigenvalues
# Subtest: RvfBackend
 [32mΓ£ô[39m v3/plugins/prime-radiant/__tests__/wasm-bridge.test.ts[2m > [22mSpectralEngine[2m > [22mcomputeEigenvalues[2m > [22mshould return eigenvalues in descending order
    # Subtest: constructor & config
        # Subtest: should apply default config values
        ok 1 - should apply default config values
          ---
          duration_ms: 125.1184
          type: 'test'
          ...
 [32mΓ£ô[39m v3/plugins/prime-radiant/__tests__/wasm-bridge.test.ts[2m > [22mSpectralEngine[2m > [22manalyzeStability[2m > [22mshould report stability status
 [32mΓ£ô[39m v3/plugins/prime-radiant/__tests__/wasm-bridge.test.ts[2m > [22mSpectralEngine[2m > [22manalyzeStability[2m > [22mshould calculate non-negative spectral gap
 [32mΓ£ô[39m v3/plugins/prime-radiant/__tests__/wasm-bridge.test.ts[2m > [22mSpectralEngine[2m > [22mperformance[2m > [22mshould analyze 100x100 matrix in <20ms
 [32mΓ£ô[39m v3/plugins/prime-radiant/__tests__/wasm-bridge.test.ts[2m > [22mCausalEngine[2m > [22mcomputeCausalEffect[2m > [22mshould detect direct causal effect
 [32mΓ£ô[39m v3/plugins/prime-radiant/__tests__/wasm-bridge.test.ts[2m > [22mCausalEngine[2m > [22mcomputeCausalEffect[2m > [22mshould return 0 for no causal path
 [32mΓ£ô[39m v3/plugins/prime-radiant/__tests__/wasm-bridge.test.ts[2m > [22mCausalEngine[2m > [22mfindBackdoorPaths[2m > [22mshould find confounder paths
 [32mΓ£ô[39m v3/plugins/prime-radiant/__tests__/wasm-bridge.test.ts[2m > [22mCausalEngine[2m > [22mfindBackdoorPaths[2m > [22mshould return empty for no confounders
 [32mΓ£ô[39m v3/plugins/prime-radiant/__tests__/wasm-bridge.test.ts[2m > [22mCausalEngine[2m > [22mperformance[2m > [22mshould compute causal effect in <10ms
 [32mΓ£ô[39m v3/plugins/prime-radiant/__tests__/wasm-bridge.test.ts[2m > [22mQuantumEngine[2m > [22mcomputeBettiNumbers[2m > [22mshould return correct dimensions
 [32mΓ£ô[39m v3/plugins/healthcare-clinical/tests/mcp-tools.test.ts[2m > [22mHealthcare Clinical MCP Tools[2m > [22mTool Registry[2m > [22mshould export all 5 tools
 [32mΓ£ô[39m v3/plugins/healthcare-clinical/tests/mcp-tools.test.ts[2m > [22mHealthcare Clinical MCP Tools[2m > [22mTool Registry[2m > [22mshould have correct tool names
 [32mΓ£ô[39m v3/plugins/healthcare-clinical/tests/mcp-tools.test.ts[2m > [22mHealthcare Clinical MCP Tools[2m > [22mTool Registry[2m > [22mshould have category healthcare
 [32mΓ£ô[39m v3/plugins/healthcare-clinical/tests/mcp-tools.test.ts[2m > [22mHealthcare Clinical MCP Tools[2m > [22mTool Registry[2m > [22mshould have version 1.0.0
 [32mΓ£ô[39m v3/plugins/healthcare-clinical/tests/mcp-tools.test.ts[2m > [22mHealthcare Clinical MCP Tools[2m > [22mTool Registry[2m > [22mshould get tool by name
 [32mΓ£ô[39m v3/plugins/healthcare-clinical/tests/mcp-tools.test.ts[2m > [22mHealthcare Clinical MCP Tools[2m > [22mTool Registry[2m > [22mshould return undefined for unknown tool
 [32mΓ£ô[39m v3/plugins/healthcare-clinical/tests/mcp-tools.test.ts[2m > [22mHealthcare Clinical MCP Tools[2m > [22mTool Registry[2m > [22mshould get all tool names
 [32mΓ£ô[39m v3/plugins/healthcare-clinical/tests/mcp-tools.test.ts[2m > [22mHealthcare Clinical MCP Tools[2m > [22mhealthcare/patient-similarity[2m > [22mshould have correct tool definition
 [32mΓ£ô[39m v3/plugins/healthcare-clinical/tests/mcp-tools.test.ts[2m > [22mHealthcare Clinical MCP Tools[2m > [22mhealthcare/patient-similarity[2m > [22mshould handle valid input
 [32mΓ£ô[39m v3/plugins/healthcare-clinical/tests/mcp-tools.test.ts[2m > [22mHealthcare Clinical MCP Tools[2m > [22mhealthcare/patient-similarity[2m > [22mshould handle cohort filter
 [32mΓ£ô[39m v3/plugins/healthcare-clinical/tests/mcp-tools.test.ts[2m > [22mHealthcare Clinical MCP Tools[2m > [22mhealthcare/patient-similarity[2m > [22mshould reject unauthorized access
 [32mΓ£ô[39m v3/plugins/healthcare-clinical/tests/mcp-tools.test.ts[2m > [22mHealthcare Clinical MCP Tools[2m > [22mhealthcare/patient-similarity[2m > [22mshould reject invalid ICD-10 codes
 [32mΓ£ô[39m v3/plugins/healthcare-clinical/tests/mcp-tools.test.ts[2m > [22mHealthcare Clinical MCP Tools[2m > [22mhealthcare/patient-similarity[2m > [22mshould log audit entries
 [32mΓ£ô[39m v3/plugins/healthcare-clinical/tests/mcp-tools.test.ts[2m > [22mHealthcare Clinical MCP Tools[2m > [22mhealthcare/drug-interactions[2m > [22mshould have correct tool definition
 [32mΓ£ô[39m v3/plugins/healthcare-clinical/tests/mcp-tools.test.ts[2m > [22mHealthcare Clinical MCP Tools[2m > [22mhealthcare/drug-interactions[2m > [22mshould handle valid input
 [32mΓ£ô[39m v3/plugins/healthcare-clinical/tests/mcp-tools.test.ts[2m > [22mHealthcare Clinical MCP Tools[2m > [22mhealthcare/drug-interactions[2m > [22mshould handle conditions
 [32mΓ£ô[39m v3/plugins/healthcare-clinical/tests/mcp-tools.test.ts[2m > [22mHealthcare Clinical MCP Tools[2m > [22mhealthcare/drug-interactions[2m > [22mshould filter by severity
 [32mΓ£ô[39m v3/plugins/healthcare-clinical/tests/mcp-tools.test.ts[2m > [22mHealthcare Clinical MCP Tools[2m > [22mhealthcare/drug-interactions[2m > [22mshould reject empty medications list
 [32mΓ£ô[39m v3/plugins/healthcare-clinical/tests/mcp-tools.test.ts[2m > [22mHealthcare Clinical MCP Tools[2m > [22mhealthcare/drug-interactions[2m > [22mshould reject unauthorized access
 [32mΓ£ô[39m v3/plugins/healthcare-clinical/tests/mcp-tools.test.ts[2m > [22mHealthcare Clinical MCP Tools[2m > [22mhealthcare/clinical-pathways[2m > [22mshould have correct tool definition
 [32mΓ£ô[39m v3/plugins/healthcare-clinical/tests/mcp-tools.test.ts[2m > [22mHealthcare Clinical MCP Tools[2m > [22mhealthcare/clinical-pathways[2m > [22mshould handle valid input
 [32mΓ£ô[39m v3/plugins/healthcare-clinical/tests/mcp-tools.test.ts[2m > [22mHealthcare Clinical MCP Tools[2m > [22mhealthcare/clinical-pathways[2m > [22mshould handle constraints
 [32mΓ£ô[39m v3/plugins/healthcare-clinical/tests/mcp-tools.test.ts[2m > [22mHealthcare Clinical MCP Tools[2m > [22mhealthcare/clinical-pathways[2m > [22mshould handle patient history
 [32mΓ£ô[39m v3/plugins/healthcare-clinical/tests/mcp-tools.test.ts[2m > [22mHealthcare Clinical MCP Tools[2m > [22mhealthcare/clinical-pathways[2m > [22mshould reject missing diagnosis
 [32mΓ£ô[39m v3/plugins/healthcare-clinical/tests/mcp-tools.test.ts[2m > [22mHealthcare Clinical MCP Tools[2m > [22mhealthcare/literature-search[2m > [22mshould have correct tool definition
 [32mΓ£ô[39m v3/plugins/healthcare-clinical/tests/mcp-tools.test.ts[2m > [22mHealthcare Clinical MCP Tools[2m > [22mhealthcare/literature-search[2m > [22mshould handle valid input
 [32mΓ£ô[39m v3/plugins/healthcare-clinical/tests/mcp-tools.test.ts[2m > [22mHealthcare Clinical MCP Tools[2m > [22mhealthcare/literature-search[2m > [22mshould handle source filters
 [32mΓ£ô[39m v3/plugins/healthcare-clinical/tests/mcp-tools.test.ts[2m > [22mHealthcare Clinical MCP Tools[2m > [22mhealthcare/literature-search[2m > [22mshould handle evidence level filter
 [32mΓ£ô[39m v3/plugins/healthcare-clinical/tests/mcp-tools.test.ts[2m > [22mHealthcare Clinical MCP Tools[2m > [22mhealthcare/literature-search[2m > [22mshould handle date range filter
 [32mΓ£ô[39m v3/plugins/healthcare-clinical/tests/mcp-tools.test.ts[2m > [22mHealthcare Clinical MCP Tools[2m > [22mhealthcare/literature-search[2m > [22mshould reject missing query
 [32mΓ£ô[39m v3/plugins/healthcare-clinical/tests/mcp-tools.test.ts[2m > [22mHealthcare Clinical MCP Tools[2m > [22mhealthcare/literature-search[2m > [22mshould reject query exceeding max length
 [32mΓ£ô[39m v3/plugins/healthcare-clinical/tests/mcp-tools.test.ts[2m > [22mHealthcare Clinical MCP Tools[2m > [22mhealthcare/ontology-navigate[2m > [22mshould have correct tool definition
 [32mΓ£ô[39m v3/plugins/healthcare-clinical/tests/mcp-tools.test.ts[2m > [22mHealthcare Clinical MCP Tools[2m > [22mhealthcare/ontology-navigate[2m > [22mshould handle valid input
 [32mΓ£ô[39m v3/plugins/healthcare-clinical/tests/mcp-tools.test.ts[2m > [22mHealthcare Clinical MCP Tools[2m > [22mhealthcare/ontology-navigate[2m > [22mshould handle different ontologies
 [32mΓ£ô[39m v3/plugins/healthcare-clinical/tests/mcp-tools.test.ts[2m > [22mHealthcare Clinical MCP Tools[2m > [22mhealthcare/ontology-navigate[2m > [22mshould handle different directions
 [32mΓ£ô[39m v3/plugins/healthcare-clinical/tests/mcp-tools.test.ts[2m > [22mHealthcare Clinical MCP Tools[2m > [22mhealthcare/ontology-navigate[2m > [22mshould use default depth
 [32mΓ£ô[39m v3/plugins/healthcare-clinical/tests/mcp-tools.test.ts[2m > [22mHealthcare Clinical MCP Tools[2m > [22mhealthcare/ontology-navigate[2m > [22mshould reject missing code
 [32mΓ£ô[39m v3/plugins/healthcare-clinical/tests/mcp-tools.test.ts[2m > [22mHealthcare Clinical MCP Tools[2m > [22mhealthcare/ontology-navigate[2m > [22mshould reject missing ontology
 [32mΓ£ô[39m v3/plugins/healthcare-clinical/tests/mcp-tools.test.ts[2m > [22mHealthcare Clinical MCP Tools[2m > [22mhealthcare/ontology-navigate[2m > [22mshould reject invalid depth
 [32mΓ£ô[39m v3/plugins/healthcare-clinical/tests/mcp-tools.test.ts[2m > [22mHealthcare Clinical MCP Tools[2m > [22mAuthorization[2m > [22mshould allow access without roles (no RBAC)
 [32mΓ£ô[39m v3/plugins/healthcare-clinical/tests/mcp-tools.test.ts[2m > [22mHealthcare Clinical MCP Tools[2m > [22mAuthorization[2m > [22mshould allow physician access to all tools
 [32mΓ£ô[39m v3/plugins/healthcare-clinical/tests/mcp-tools.test.ts[2m > [22mHealthcare Clinical MCP Tools[2m > [22mAuthorization[2m > [22mshould restrict nurse access
 [32mΓ£ô[39m v3/plugins/healthcare-clinical/tests/mcp-tools.test.ts[2m > [22mHealthcare Clinical MCP Tools[2m > [22mAudit Logging[2m > [22mshould log successful operations
 [32mΓ£ô[39m v3/plugins/healthcare-clinical/tests/mcp-tools.test.ts[2m > [22mHealthcare Clinical MCP Tools[2m > [22mAudit Logging[2m > [22mshould log failed operations
 [32mΓ£ô[39m v3/plugins/healthcare-clinical/tests/mcp-tools.test.ts[2m > [22mHealthcare Clinical MCP Tools[2m > [22mError Handling[2m > [22mshould handle bridge initialization failure
 [32mΓ£ô[39m v3/plugins/healthcare-clinical/tests/mcp-tools.test.ts[2m > [22mHealthcare Clinical MCP Tools[2m > [22mError Handling[2m > [22mshould include timestamp in error responses
 [32mΓ£ô[39m v3/plugins/prime-radiant/__tests__/wasm-bridge.test.ts[2m > [22mQuantumEngine[2m > [22mcomputeBettiNumbers[2m > [22mshould have b0 >= 1 (at least one component)
 [32mΓ£ô[39m v3/plugins/prime-radiant/__tests__/engines/causal.test.ts[2m > [22mCausalEngine[2m > [22mcomputeCausalEffect[2m > [22mshould detect direct causal effect
 [32mΓ£ô[39m v3/plugins/prime-radiant/__tests__/engines/causal.test.ts[2m > [22mCausalEngine[2m > [22mcomputeCausalEffect[2m > [22mshould return 0 effect when no causal path
 [32mΓ£ô[39m v3/plugins/prime-radiant/__tests__/engines/causal.test.ts[2m > [22mCausalEngine[2m > [22mcomputeCausalEffect[2m > [22mshould validate treatment variable
 [32mΓ£ô[39m v3/plugins/prime-radiant/__tests__/engines/causal.test.ts[2m > [22mCausalEngine[2m > [22mcomputeCausalEffect[2m > [22mshould validate outcome variable
 [32mΓ£ô[39m v3/plugins/prime-radiant/__tests__/engines/causal.test.ts[2m > [22mCausalEngine[2m > [22mcomputeCausalEffect[2m > [22mshould handle confounded relationship
 [32mΓ£ô[39m v3/plugins/prime-radiant/__tests__/engines/causal.test.ts[2m > [22mCausalEngine[2m > [22mcomputeCausalEffect[2m > [22mshould include confidence score
 [32mΓ£ô[39m v3/plugins/prime-radiant/__tests__/engines/causal.test.ts[2m > [22mCausalEngine[2m > [22mfindBackdoorPaths[2m > [22mshould find no backdoor paths when none exist
 [32mΓ£ô[39m v3/plugins/prime-radiant/__tests__/engines/causal.test.ts[2m > [22mCausalEngine[2m > [22mfindBackdoorPaths[2m > [22mshould find backdoor paths through confounders
 [32mΓ£ô[39m v3/plugins/prime-radiant/__tests__/engines/causal.test.ts[2m > [22mCausalEngine[2m > [22mfindBackdoorPaths[2m > [22mshould identify adjustment sets
 [32mΓ£ô[39m v3/plugins/prime-radiant/__tests__/engines/causal.test.ts[2m > [22mCausalEngine[2m > [22mfindConfounders[2m > [22mshould identify confounders
 [32mΓ£ô[39m v3/plugins/prime-radiant/__tests__/engines/causal.test.ts[2m > [22mCausalEngine[2m > [22mfindConfounders[2m > [22mshould return empty for no confounders
 [32mΓ£ô[39m v3/plugins/prime-radiant/__tests__/engines/causal.test.ts[2m > [22mCausalEngine[2m > [22mfindConfounders[2m > [22mshould provide recommendations
 [32mΓ£ô[39m v3/plugins/prime-radiant/__tests__/engines/causal.test.ts[2m > [22mCausalEngine[2m > [22misInterventionValid[2m > [22mshould validate correct intervention
 [32mΓ£ô[39m v3/plugins/prime-radiant/__tests__/engines/causal.test.ts[2m > [22mCausalEngine[2m > [22misInterventionValid[2m > [22mshould reject same treatment and outcome
 [32mΓ£ô[39m v3/plugins/prime-radiant/__tests__/engines/causal.test.ts[2m > [22mCausalEngine[2m > [22misInterventionValid[2m > [22mshould reject missing treatment
 [32mΓ£ô[39m v3/plugins/prime-radiant/__tests__/engines/causal.test.ts[2m > [22mCausalEngine[2m > [22mgetDescendants[2m > [22mshould find all descendants
 [32mΓ£ô[39m v3/plugins/prime-radiant/__tests__/engines/causal.test.ts[2m > [22mCausalEngine[2m > [22mgetDescendants[2m > [22mshould handle no descendants
 [32mΓ£ô[39m v3/plugins/prime-radiant/__tests__/engines/causal.test.ts[2m > [22mCausalEngine[2m > [22mgetAncestors[2m > [22mshould find all ancestors
 [32mΓ£ô[39m v3/plugins/prime-radiant/__tests__/engines/causal.test.ts[2m > [22mCausalEngine[2m > [22mgetAncestors[2m > [22mshould handle no ancestors
 [32mΓ£ô[39m v3/plugins/prime-radiant/__tests__/engines/causal.test.ts[2m > [22mCausalEngine[2m > [22mperformance[2m > [22mshould compute causal effect in <10ms
 [32mΓ£ô[39m v3/plugins/prime-radiant/__tests__/engines/causal.test.ts[2m > [22mCausalEngine[2m > [22mperformance[2m > [22mshould handle larger graphs efficiently
 [32mΓ£ô[39m v3/plugins/prime-radiant/__tests__/engines/causal.test.ts[2m > [22mCausalEngine Complex Graphs[2m > [22mshould handle diamond structure
 [32mΓ£ô[39m v3/plugins/prime-radiant/__tests__/engines/causal.test.ts[2m > [22mCausalEngine Complex Graphs[2m > [22mshould handle instrumental variable pattern
 [32mΓ£ô[39m v3/plugins/prime-radiant/__tests__/wasm-bridge.test.ts[2m > [22mQuantumEngine[2m > [22mcomputeBettiNumbers[2m > [22mshould have non-negative Betti numbers
 [32mΓ£ô[39m v3/plugins/prime-radiant/__tests__/wasm-bridge.test.ts[2m > [22mQuantumEngine[2m > [22mcomputePersistenceDiagram[2m > [22mshould return birth-death pairs
 [32mΓ£ô[39m ruflo/src/rufloui/src/backend/__tests__/webhook-gitlab.test.ts[2m > [22mPOST /gitlab ΓÇö valid issue event[2m > [22mreturns 200 and ok:true for a valid opened issue
 [32mΓ£ô[39m ruflo/src/rufloui/src/backend/__tests__/webhook-gitlab.test.ts[2m > [22mPOST /gitlab ΓÇö valid issue event[2m > [22mstores the event with correct fields
 [32mΓ£ô[39m ruflo/src/rufloui/src/backend/__tests__/webhook-gitlab.test.ts[2m > [22mPOST /gitlab ΓÇö valid issue event[2m > [22mbroadcasts webhook:received event
 [32mΓ£ô[39m ruflo/src/rufloui/src/backend/__tests__/webhook-gitlab.test.ts[2m > [22mPOST /gitlab ΓÇö valid issue event[2m > [22mhandles reopen action
 [32mΓ£ô[39m ruflo/src/rufloui/src/backend/__tests__/webhook-gitlab.test.ts[2m > [22mPOST /gitlab ΓÇö disabled[2m > [22mreturns 503 when webhooks are disabled
 [32mΓ£ô[39m ruflo/src/rufloui/src/backend/__tests__/webhook-gitlab.test.ts[2m > [22mPOST /gitlab ΓÇö token validation[2m > [22mreturns 401 when X-Gitlab-Token header is missing
 [32mΓ£ô[39m ruflo/src/rufloui/src/backend/__tests__/webhook-gitlab.test.ts[2m > [22mPOST /gitlab ΓÇö token validation[2m > [22mreturns 401 when X-Gitlab-Token does not match
 [32mΓ£ô[39m ruflo/src/rufloui/src/backend/__tests__/webhook-gitlab.test.ts[2m > [22mPOST /gitlab ΓÇö token validation[2m > [22maccepts correct X-Gitlab-Token
 [32mΓ£ô[39m ruflo/src/rufloui/src/backend/__tests__/webhook-gitlab.test.ts[2m > [22mPOST /gitlab ΓÇö token validation[2m > [22mskips token validation when no secret configured
 [32mΓ£ô[39m ruflo/src/rufloui/src/backend/__tests__/webhook-gitlab.test.ts[2m > [22mPOST /gitlab ΓÇö event filtering[2m > [22mignores non-Issue Hook events
 [32mΓ£ô[39m ruflo/src/rufloui/src/backend/__tests__/webhook-gitlab.test.ts[2m > [22mPOST /gitlab ΓÇö event filtering[2m > [22mignores close action on issues
 [32mΓ£ô[39m ruflo/src/rufloui/src/backend/__tests__/webhook-gitlab.test.ts[2m > [22mPOST /gitlab ΓÇö event filtering[2m > [22mignores update action on issues
 [32mΓ£ô[39m ruflo/src/rufloui/src/backend/__tests__/webhook-gitlab.test.ts[2m > [22mPOST /gitlab ΓÇö repo filtering[2m > [22mignores events from non-monitored repos
 [32mΓ£ô[39m ruflo/src/rufloui/src/backend/__tests__/webhook-gitlab.test.ts[2m > [22mPOST /gitlab ΓÇö repo filtering[2m > [22maccepts events when repo is in monitored list
 [32mΓ£ô[39m ruflo/src/rufloui/src/backend/__tests__/webhook-gitlab.test.ts[2m > [22mPOST /gitlab ΓÇö repo filtering[2m > [22maccepts events when repo list is empty (all repos)
 [32mΓ£ô[39m ruflo/src/rufloui/src/backend/__tests__/webhook-gitlab.test.ts[2m > [22mPOST /gitlab ΓÇö autoAssign[2m > [22mcreates and assigns task when autoAssign is enabled
 [32mΓ£ô[39m ruflo/src/rufloui/src/backend/__tests__/webhook-gitlab.test.ts[2m > [22mPOST /gitlab ΓÇö autoAssign[2m > [22mdoes not create task when autoAssign is disabled
 [32mΓ£ô[39m ruflo/src/rufloui/src/backend/__tests__/webhook-gitlab.test.ts[2m > [22mPOST /gitlab ΓÇö autoAssign[2m > [22msets status to failed when task creation throws
 [32mΓ£ô[39m ruflo/src/rufloui/src/backend/__tests__/webhook-gitlab.test.ts[2m > [22mGET /gitlab/config[2m > [22mreturns config with masked token
 [32mΓ£ô[39m ruflo/src/rufloui/src/backend/__tests__/webhook-gitlab.test.ts[2m > [22mGET /gitlab/config[2m > [22mreturns empty preview when no token set
 [32mΓ£ô[39m ruflo/src/rufloui/src/backend/__tests__/webhook-gitlab.test.ts[2m > [22mPUT /gitlab/config[2m > [22mupdates config fields
 [32mΓ£ô[39m ruflo/src/rufloui/src/backend/__tests__/webhook-gitlab.test.ts[2m > [22mPUT /gitlab/config[2m > [22mfilters invalid repos (must contain /)
 [32mΓ£ô[39m ruflo/src/rufloui/src/backend/__tests__/webhook-gitlab.test.ts[2m > [22mPOST /gitlab/test[2m > [22mreturns 503 when disabled
 [32mΓ£ô[39m ruflo/src/rufloui/src/backend/__tests__/webhook-gitlab.test.ts[2m > [22mPOST /gitlab/test[2m > [22mcreates a test event
 [32mΓ£ô[39m ruflo/src/rufloui/src/backend/__tests__/webhook-gitlab.test.ts[2m > [22mPOST /gitlab/test[2m > [22mauto-assigns test event when autoAssign enabled
 [32mΓ£ô[39m ruflo/src/rufloui/src/backend/__tests__/webhook-gitlab.test.ts[2m > [22mPOST /gitlab/test[2m > [22mdoes not auto-assign when disabled
 [32mΓ£ô[39m ruflo/src/rufloui/src/backend/__tests__/webhook-gitlab.test.ts[2m > [22mPOST /gitlab/test[2m > [22mhandles task creation failure on test
 [32mΓ£ô[39m ruflo/src/rufloui/src/backend/__tests__/webhook-gitlab.test.ts[2m > [22mGET /gitlab/events[2m > [22mreturns the events array
 [32mΓ£ô[39m ruflo/src/rufloui/src/backend/__tests__/webhook-gitlab.test.ts[2m > [22mupdateGitLabEventByTaskId[2m > [22mupdates status of event matching taskId
 [32mΓ£ô[39m ruflo/src/rufloui/src/backend/__tests__/webhook-gitlab.test.ts[2m > [22mupdateGitLabEventByTaskId[2m > [22mdoes nothing for unknown taskId
 [32mΓ£ô[39m ruflo/src/rufloui/src/backend/__tests__/webhook-gitlab.test.ts[2m > [22mEdge cases[2m > [22mhandles missing project in payload
 [32mΓ£ô[39m ruflo/src/rufloui/src/backend/__tests__/webhook-gitlab.test.ts[2m > [22mEdge cases[2m > [22mhandles missing labels in payload
 [32mΓ£ô[39m ruflo/src/rufloui/src/backend/__tests__/webhook-gitlab.test.ts[2m > [22mEdge cases[2m > [22mhandles missing user in payload
 [32mΓ£ô[39m ruflo/src/rufloui/src/backend/__tests__/webhook-gitlab.test.ts[2m > [22mEdge cases[2m > [22mtruncates long description in task body
 [32mΓ£ô[39m v3/@claude-flow/guidance/tests/persistence.test.ts[2m > [22mEventStore[2m > [22mcompact[2m > [22mshould update the index after compaction
 [32mΓ£ô[39m v3/@claude-flow/guidance/tests/persistence.test.ts[2m > [22mEventStore[2m > [22mcompact[2m > [22mshould update the index after compaction[33m 405[2mms[22m[39m
 [32mΓ£ô[39m v3/@claude-flow/guidance/tests/persistence.test.ts[2m > [22mEventStore[2m > [22mgetStats[2m > [22mshould return zero stats for empty store
 [32mΓ£ô[39m v3/@claude-flow/guidance/tests/persistence.test.ts[2m > [22mEventStore[2m > [22mgetStats[2m > [22mshould return zero stats for empty store
 [32mΓ£ô[39m v3/@claude-flow/guidance/tests/persistence.test.ts[2m > [22mEventStore[2m > [22mgetStats[2m > [22mshould return correct stats after appending events
 [32mΓ£ô[39m v3/plugins/code-intelligence/tests/mcp-tools.test.ts[2m > [22mCode Intelligence MCP Tools[2m > [22mTool Registry[2m > [22mshould export all 5 tools
 [32mΓ£ô[39m v3/plugins/code-intelligence/tests/mcp-tools.test.ts[2m > [22mCode Intelligence MCP Tools[2m > [22mTool Registry[2m > [22mshould have correct tool names
 [32mΓ£ô[39m v3/plugins/code-intelligence/tests/mcp-tools.test.ts[2m > [22mCode Intelligence MCP Tools[2m > [22mTool Registry[2m > [22mshould have category code-intelligence
 [31m├ù[39m v3/plugins/code-intelligence/tests/mcp-tools.test.ts[2m > [22mCode Intelligence MCP Tools[2m > [22mTool Registry[2m > [22mshould have version 0.1.0
[31m   ΓåÆ expected '3.0.0-alpha.1' to be '0.1.0' // Object.is equality[39m
 [31m├ù[39m v3/plugins/code-intelligence/tests/mcp-tools.test.ts[2m > [22mCode Intelligence MCP Tools[2m > [22mTool Registry[2m > [22mshould get tool by name
[31m   ΓåÆ getTool is not a function[39m
 [31m├ù[39m v3/plugins/code-intelligence/tests/mcp-tools.test.ts[2m > [22mCode Intelligence MCP Tools[2m > [22mTool Registry[2m > [22mshould return undefined for unknown tool
[31m   ΓåÆ getTool is not a function[39m
 [31m├ù[39m v3/plugins/code-intelligence/tests/mcp-tools.test.ts[2m > [22mCode Intelligence MCP Tools[2m > [22mTool Registry[2m > [22mshould get all tool names
[31m   ΓåÆ getToolNames is not a function[39m
 [31m├ù[39m v3/plugins/code-intelligence/tests/mcp-tools.test.ts[2m > [22mCode Intelligence MCP Tools[2m > [22mcode/semantic-search[2m > [22mshould have correct tool definition
[31m   ΓåÆ expected [ undefined ] to include 'query'[39m
 [31m├ù[39m v3/plugins/code-intelligence/tests/mcp-tools.test.ts[2m > [22mCode Intelligence MCP Tools[2m > [22mcode/semantic-search[2m > [22mshould handle valid input
[31m   ΓåÆ expected undefined not to be undefined[39m
 [32mΓ£ô[39m v3/plugins/code-intelligence/tests/mcp-tools.test.ts[2m > [22mCode Intelligence MCP Tools[2m > [22mcode/semantic-search[2m > [22mshould handle language filter
 [32mΓ£ô[39m v3/plugins/code-intelligence/tests/mcp-tools.test.ts[2m > [22mCode Intelligence MCP Tools[2m > [22mcode/semantic-search[2m > [22mshould handle search type filter
 [32mΓ£ô[39m v3/plugins/code-intelligence/tests/mcp-tools.test.ts[2m > [22mCode Intelligence MCP Tools[2m > [22mcode/semantic-search[2m > [22mshould handle path filter
 [31m├ù[39m v3/plugins/code-intelligence/tests/mcp-tools.test.ts[2m > [22mCode Intelligence MCP Tools[2m > [22mcode/semantic-search[2m > [22mshould reject missing query
[31m   ΓåÆ expected undefined to be true // Object.is equality[39m
 [31m├ù[39m v3/plugins/code-intelligence/tests/mcp-tools.test.ts[2m > [22mCode Intelligence MCP Tools[2m > [22mcode/semantic-search[2m > [22mshould reject query exceeding max length
[31m   ΓåÆ expected undefined to be true // Object.is equality[39m
 [31m├ù[39m v3/plugins/code-intelligence/tests/mcp-tools.test.ts[2m > [22mCode Intelligence MCP Tools[2m > [22mcode/semantic-search[2m > [22mshould reject topK outside valid range
[31m   ΓåÆ expected undefined to be true // Object.is equality[39m
 [31m├ù[39m v3/plugins/code-intelligence/tests/mcp-tools.test.ts[2m > [22mCode Intelligence MCP Tools[2m > [22mcode/architecture-analyze[2m > [22mshould have correct tool definition
[31m   ΓåÆ expected [ undefined ] to include 'targetPath'[39m
 [31m├ù[39m v3/plugins/code-intelligence/tests/mcp-tools.test.ts[2m > [22mCode Intelligence MCP Tools[2m > [22mcode/architecture-analyze[2m > [22mshould handle valid input
[31m   ΓåÆ expected undefined not to be undefined[39m
 [32mΓ£ô[39m v3/plugins/code-intelligence/tests/mcp-tools.test.ts[2m > [22mCode Intelligence MCP Tools[2m > [22mcode/architecture-analyze[2m > [22mshould handle all analysis types
 [32mΓ£ô[39m v3/plugins/code-intelligence/tests/mcp-tools.test.ts[2m > [22mCode Intelligence MCP Tools[2m > [22mcode/architecture-analyze[2m > [22mshould handle depth option
 [32mΓ£ô[39m v3/plugins/code-intelligence/tests/mcp-tools.test.ts[2m > [22mCode Intelligence MCP Tools[2m > [22mcode/architecture-analyze[2m > [22mshould handle exclude patterns
 [31m├ù[39m v3/plugins/code-intelligence/tests/mcp-tools.test.ts[2m > [22mCode Intelligence MCP Tools[2m > [22mcode/architecture-analyze[2m > [22mshould reject missing targetPath
[31m   ΓåÆ expected undefined to be true // Object.is equality[39m
 [31m├ù[39m v3/plugins/code-intelligence/tests/mcp-tools.test.ts[2m > [22mCode Intelligence MCP Tools[2m > [22mcode/architecture-analyze[2m > [22mshould reject targetPath exceeding max length
[31m   ΓåÆ expected undefined to be true // Object.is equality[39m
 [31m├ù[39m v3/plugins/code-intelligence/tests/mcp-tools.test.ts[2m > [22mCode Intelligence MCP Tools[2m > [22mcode/refactor-impact[2m > [22mshould have correct tool definition
[31m   ΓåÆ expected [ undefined ] to include 'targetPath'[39m
 [31m├ù[39m v3/plugins/code-intelligence/tests/mcp-tools.test.ts[2m > [22mCode Intelligence MCP Tools[2m > [22mcode/refactor-impact[2m > [22mshould handle valid input
[31m   ΓåÆ expected undefined not to be undefined[39m
 [32mΓ£ô[39m v3/plugins/code-intelligence/tests/mcp-tools.test.ts[2m > [22mCode Intelligence MCP Tools[2m > [22mcode/refactor-impact[2m > [22mshould handle all change types
 [32mΓ£ô[39m v3/plugins/code-intelligence/tests/mcp-tools.test.ts[2m > [22mCode Intelligence MCP Tools[2m > [22mcode/refactor-impact[2m > [22mshould handle include tests option
 [32mΓ£ô[39m v3/plugins/code-intelligence/tests/mcp-tools.test.ts[2m > [22mCode Intelligence MCP Tools[2m > [22mcode/refactor-impact[2m > [22mshould handle depth option
 [31m├ù[39m v3/plugins/code-intelligence/tests/mcp-tools.test.ts[2m > [22mCode Intelligence MCP Tools[2m > [22mcode/refactor-impact[2m > [22mshould reject missing targetPath
[31m   ΓåÆ expected undefined to be true // Object.is equality[39m
 [31m├ù[39m v3/plugins/code-intelligence/tests/mcp-tools.test.ts[2m > [22mCode Intelligence MCP Tools[2m > [22mcode/refactor-impact[2m > [22mshould reject missing changeType
[31m   ΓåÆ expected undefined to be true // Object.is equality[39m
 [31m├ù[39m v3/plugins/code-intelligence/tests/mcp-tools.test.ts[2m > [22mCode Intelligence MCP Tools[2m > [22mcode/refactor-impact[2m > [22mshould reject invalid changeType
[31m   ΓåÆ expected undefined to be true // Object.is equality[39m
 [31m├ù[39m v3/plugins/code-intelligence/tests/mcp-tools.test.ts[2m > [22mCode Intelligence MCP Tools[2m > [22mcode/split-suggest[2m > [22mshould have correct tool definition
[31m   ΓåÆ expected [ undefined ] to include 'targetPath'[39m
 [31m├ù[39m v3/plugins/code-intelligence/tests/mcp-tools.test.ts[2m > [22mCode Intelligence MCP Tools[2m > [22mcode/split-suggest[2m > [22mshould handle valid input
[31m   ΓåÆ expected undefined not to be undefined[39m
 [32mΓ£ô[39m v3/plugins/code-intelligence/tests/mcp-tools.test.ts[2m > [22mCode Intelligence MCP Tools[2m > [22mcode/split-suggest[2m > [22mshould handle all split strategies
 [31m├ù[39m v3/plugins/code-intelligence/tests/mcp-tools.test.ts[2m > [22mCode Intelligence MCP Tools[2m > [22mcode/split-suggest[2m > [22mshould use default threshold
[31m   ΓåÆ expected undefined to be 500 // Object.is equality[39m
 [32mΓ£ô[39m v3/plugins/code-intelligence/tests/mcp-tools.test.ts[2m > [22mCode Intelligence MCP Tools[2m > [22mcode/split-suggest[2m > [22mshould handle include patterns
 [31m├ù[39m v3/plugins/code-intelligence/tests/mcp-tools.test.ts[2m > [22mCode Intelligence MCP Tools[2m > [22mcode/split-suggest[2m > [22mshould reject missing targetPath
[31m   ΓåÆ expected undefined to be true // Object.is equality[39m
 [31m├ù[39m v3/plugins/code-intelligence/tests/mcp-tools.test.ts[2m > [22mCode Intelligence MCP Tools[2m > [22mcode/split-suggest[2m > [22mshould reject threshold outside valid range
[31m   ΓåÆ expected undefined to be true // Object.is equality[39m
 [31m├ù[39m v3/plugins/code-intelligence/tests/mcp-tools.test.ts[2m > [22mCode Intelligence MCP Tools[2m > [22mcode/learn-patterns[2m > [22mshould have correct tool definition
[31m   ΓåÆ expected [ undefined ] to include 'targetPath'[39m
 [31m├ù[39m v3/plugins/code-intelligence/tests/mcp-tools.test.ts[2m > [22mCode Intelligence MCP Tools[2m > [22mcode/learn-patterns[2m > [22mshould handle valid input
[31m   ΓåÆ expected undefined not to be undefined[39m
 [32mΓ£ô[39m v3/plugins/code-intelligence/tests/mcp-tools.test.ts[2m > [22mCode Intelligence MCP Tools[2m > [22mcode/learn-patterns[2m > [22mshould handle all pattern types
 [32mΓ£ô[39m v3/plugins/code-intelligence/tests/mcp-tools.test.ts[2m > [22mCode Intelligence MCP Tools[2m > [22mcode/learn-patterns[2m > [22mshould handle language filter
 [32mΓ£ô[39m v3/plugins/code-intelligence/tests/mcp-tools.test.ts[2m > [22mCode Intelligence MCP Tools[2m > [22mcode/learn-patterns[2m > [22mshould handle min confidence threshold
 [31m├ù[39m v3/plugins/code-intelligence/tests/mcp-tools.test.ts[2m > [22mCode Intelligence MCP Tools[2m > [22mcode/learn-patterns[2m > [22mshould reject missing targetPath
[31m   ΓåÆ expected undefined to be true // Object.is equality[39m
 [31m├ù[39m v3/plugins/code-intelligence/tests/mcp-tools.test.ts[2m > [22mCode Intelligence MCP Tools[2m > [22mcode/learn-patterns[2m > [22mshould reject minConfidence outside valid range
[31m   ΓåÆ expected undefined to be true // Object.is equality[39m
 [31m├ù[39m v3/plugins/code-intelligence/tests/mcp-tools.test.ts[2m > [22mCode Intelligence MCP Tools[2m > [22mSecurity - Secret Masking[2m > [22mshould mask secrets in search results
[31m   ΓåÆ data.results is not iterable[39m
 [31m├ù[39m v3/plugins/code-intelligence/tests/mcp-tools.test.ts[2m > [22mCode Intelligence MCP Tools[2m > [22mError Handling[2m > [22mshould handle validation errors gracefully
[31m   ΓåÆ expected undefined to be true // Object.is equality[39m
 [31m├ù[39m v3/plugins/code-intelligence/tests/mcp-tools.test.ts[2m > [22mCode Intelligence MCP Tools[2m > [22mError Handling[2m > [22mshould include timestamp in error response
[31m   ΓåÆ expected undefined to be true // Object.is equality[39m
 [31m├ù[39m v3/plugins/code-intelligence/tests/mcp-tools.test.ts[2m > [22mCode Intelligence MCP Tools[2m > [22mPerformance Logging[2m > [22mshould log duration on success
[31m   ΓåÆ expected "spy" to be called with arguments: [ StringContaining "completed", ΓÇª(1) ][90m

Received: 

[31m[90m

Number of calls: [1m0[22m
[31m[39m
 [31m├ù[39m v3/plugins/code-intelligence/tests/mcp-tools.test.ts[2m > [22mCode Intelligence MCP Tools[2m > [22mPerformance Logging[2m > [22mshould include analysis time in results
[31m   ΓåÆ expected undefined not to be undefined[39m
 [32mΓ£ô[39m v3/plugins/code-intelligence/tests/mcp-tools.test.ts[2m > [22mCode Intelligence MCP Tools[2m > [22mOutput Format[2m > [22mshould support different output formats
 [32mΓ£ô[39m v3/@claude-flow/guidance/tests/persistence.test.ts[2m > [22mEventStore[2m > [22mgetStats[2m > [22mshould return correct stats after appending events
 [32mΓ£ô[39m v3/@claude-flow/guidance/tests/persistence.test.ts[2m > [22mEventStore[2m > [22mlock file[2m > [22mshould acquire and release lock successfully
 [32mΓ£ô[39m v3/@claude-flow/guidance/tests/persistence.test.ts[2m > [22mEventStore[2m > [22mlock file[2m > [22mshould acquire and release lock successfully
 [32mΓ£ô[39m v3/@claude-flow/guidance/tests/persistence.test.ts[2m > [22mEventStore[2m > [22mlock file[2m > [22mshould reject concurrent lock acquisition
 [32mΓ£ô[39m v3/@claude-flow/guidance/tests/persistence.test.ts[2m > [22mEventStore[2m > [22mlock file[2m > [22mshould reject concurrent lock acquisition
 [32mΓ£ô[39m v3/@claude-flow/guidance/tests/persistence.test.ts[2m > [22mEventStore[2m > [22mlock file[2m > [22mshould handle stale lock by removing it
 [32mΓ£ô[39m v3/@claude-flow/guidance/tests/persistence.test.ts[2m > [22mEventStore[2m > [22mlock file[2m > [22mshould handle stale lock by removing it
 [32mΓ£ô[39m v3/@claude-flow/guidance/tests/persistence.test.ts[2m > [22mEventStore[2m > [22mlock file[2m > [22mshould only release lock owned by the same holder
 [32mΓ£ô[39m v3/@claude-flow/guidance/tests/persistence.test.ts[2m > [22mEventStore[2m > [22mlock file[2m > [22mshould only release lock owned by the same holder
 [32mΓ£ô[39m v3/@claude-flow/guidance/tests/persistence.test.ts[2m > [22mEventStore[2m > [22mlock file[2m > [22mshould succeed when releasing without holding a lock
 [32mΓ£ô[39m v3/@claude-flow/guidance/tests/persistence.test.ts[2m > [22mEventStore[2m > [22mdestroy[2m > [22mshould remove all storage files
 [32mΓ£ô[39m v3/@claude-flow/guidance/tests/persistence.test.ts[2m > [22mEventStore[2m > [22mdestroy[2m > [22mshould remove all storage files
 [32mΓ£ô[39m v3/@claude-flow/guidance/tests/persistence.test.ts[2m > [22mPersistentLedger[2m > [22mevent persistence (log -> save -> load roundtrip)[2m > [22mshould persist events across save/load cycles
 [32mΓ£ô[39m v3/@claude-flow/guidance/tests/persistence.test.ts[2m > [22mPersistentLedger[2m > [22mevent persistence (log -> save -> load roundtrip)[2m > [22mshould persist events across save/load cycles
 [32mΓ£ô[39m v3/@claude-flow/guidance/tests/persistence.test.ts[2m > [22mPersistentLedger[2m > [22mevent persistence (log -> save -> load roundtrip)[2m > [22mshould persist full event structure accurately
 [32mΓ£ô[39m v3/@claude-flow/plugins/__tests__/ruvector-streaming.test.ts[2m > [22mRuVector Streaming[2m > [22mBackpressure Handling[2m > [22mshould not overwhelm memory with large result sets[33m 2996[2mms[22m[39m
 [32mΓ£ô[39m v3/@claude-flow/guidance/tests/persistence.test.ts[2m > [22mPersistentLedger[2m > [22mevent persistence (log -> save -> load roundtrip)[2m > [22mshould persist full event structure accurately
 [32mΓ£ô[39m v3/@claude-flow/cli/__tests__/security-audit.test.ts[2m > [22mPath Traversal Prevention[2m > [22mshould sanitize sessionId to prevent directory traversal
 [32mΓ£ô[39m v3/@claude-flow/cli/__tests__/security-audit.test.ts[2m > [22mPath Traversal Prevention[2m > [22mshould sanitize sessionId with null bytes
 [32mΓ£ô[39m v3/@claude-flow/cli/__tests__/security-audit.test.ts[2m > [22mPath Traversal Prevention[2m > [22mshould sanitize sessionId with Windows-style path traversal
 [32mΓ£ô[39m v3/@claude-flow/cli/__tests__/security-audit.test.ts[2m > [22mPath Traversal Prevention[2m > [22mshould reject shell metacharacters in daemon paths
 [32mΓ£ô[39m v3/@claude-flow/cli/__tests__/security-audit.test.ts[2m > [22mCommand Injection Prevention - Git Ref Validation[2m > [22mshould allow valid git refs
 [32mΓ£ô[39m v3/@claude-flow/cli/__tests__/security-audit.test.ts[2m > [22mCommand Injection Prevention - Git Ref Validation[2m > [22mshould reject command injection via shell metacharacters
 [32mΓ£ô[39m v3/@claude-flow/cli/__tests__/security-audit.test.ts[2m > [22mCommand Injection Prevention - Git Ref Validation[2m > [22mshould reject refs that are too long (DoS prevention)
 [32mΓ£ô[39m v3/@claude-flow/cli/__tests__/security-audit.test.ts[2m > [22mNo Hardcoded Secrets[2m > [22mshould have no hardcoded API keys in source files[33m 503[2mms[22m[39m
 [32mΓ£ô[39m v3/@claude-flow/cli/__tests__/security-audit.test.ts[2m > [22mErrorHandler Sanitization[2m > [22mshould redact password in any casing
 [32mΓ£ô[39m v3/@claude-flow/cli/__tests__/security-audit.test.ts[2m > [22mErrorHandler Sanitization[2m > [22mshould redact apiKey - BUG: case-sensitive comparison leaks camelCase keys (ADR-061 S-1)
 [32mΓ£ô[39m v3/@claude-flow/cli/__tests__/security-audit.test.ts[2m > [22mErrorHandler Sanitization[2m > [22mshould redact api_key in any casing
 [32mΓ£ô[39m v3/@claude-flow/cli/__tests__/security-audit.test.ts[2m > [22mErrorHandler Sanitization[2m > [22mshould redact secret in any casing
 [32mΓ£ô[39m v3/@claude-flow/cli/__tests__/security-audit.test.ts[2m > [22mErrorHandler Sanitization[2m > [22mshould redact token values
 [32mΓ£ô[39m v3/@claude-flow/cli/__tests__/security-audit.test.ts[2m > [22mErrorHandler Sanitization[2m > [22mshould sanitize nested objects recursively (demonstrates apiKey bug)
 [32mΓ£ô[39m v3/@claude-flow/cli/__tests__/security-audit.test.ts[2m > [22mErrorHandler Sanitization[2m > [22mshould sanitize error messages containing secrets
 [32mΓ£ô[39m v3/@claude-flow/cli/__tests__/security-audit.test.ts[2m > [22mMCP Server Input Boundaries[2m > [22mshould have buffer size limits in stdio MCP server (fixed S-5)
 [32mΓ£ô[39m v3/@claude-flow/cli/__tests__/security-audit.test.ts[2m > [22mMCP Server Input Boundaries[2m > [22mshould require method field in MCP messages
 [32mΓ£ô[39m v3/@claude-flow/cli/__tests__/security-audit.test.ts[2m > [22mIPFS CID Validation[2m > [22mshould validate CIDv0 format (starts with Qm, base58)
 [32mΓ£ô[39m v3/@claude-flow/cli/__tests__/security-audit.test.ts[2m > [22mIPFS CID Validation[2m > [22mshould validate CIDv1 format (starts with baf)
 [32mΓ£ô[39m v3/@claude-flow/cli/__tests__/security-audit.test.ts[2m > [22mPrototype Pollution Prevention[2m > [22mshould not allow __proto__ to pollute Object prototype via JSON.parse + spread
 [32mΓ£ô[39m v3/@claude-flow/cli/__tests__/security-audit.test.ts[2m > [22mPrototype Pollution Prevention[2m > [22mshould not allow constructor.prototype pollution
 [32mΓ£ô[39m v3/@claude-flow/cli/__tests__/security-audit.test.ts[2m > [22mPrototype Pollution Prevention[2m > [22mshould filter __proto__ when processing config imports
 [32mΓ£ô[39m v3/@claude-flow/cli/__tests__/security-audit.test.ts[2m > [22mGCS Storage Command Injection[2m > [22mshould use execFileSync instead of execSync for GCS commands (fixed S-1)
 [32mΓ£ô[39m v3/@claude-flow/cli/__tests__/security-audit.test.ts[2m > [22mPlugin Manager NPM Injection[2m > [22mshould use execFileAsync and validate package names for plugin install (fixed S-3)
 [32mΓ£ô[39m v3/@claude-flow/cli/__tests__/security-audit.test.ts[2m > [22mDoctor Command Safety[2m > [22mshould use hardcoded commands only (no user input in shell)
TAP version 13
 [31m├ù[39m v3/@claude-flow/memory/src/agent-memory-scope.test.ts[2m > [22mresolveAgentMemoryDir[2m > [22mshould resolve project scope to gitRoot/.claude/agent-memory/name/
[31m   ΓåÆ expected '\workspaces\my-project\src\.claude\agΓÇª' to be '\workspaces\my-project\.claude\agent-ΓÇª' // Object.is equality[39m
 [31m├ù[39m v3/@claude-flow/memory/src/agent-memory-scope.test.ts[2m > [22mresolveAgentMemoryDir[2m > [22mshould resolve local scope to gitRoot/.claude/agent-memory-local/name/
[31m   ΓåÆ expected '\workspaces\my-project\src\.claude\agΓÇª' to be '\workspaces\my-project\.claude\agent-ΓÇª' // Object.is equality[39m
 [32mΓ£ô[39m v3/@claude-flow/memory/src/agent-memory-scope.test.ts[2m > [22mresolveAgentMemoryDir[2m > [22mshould resolve user scope to ~/.claude/agent-memory/name/
 [32mΓ£ô[39m v3/@claude-flow/memory/src/agent-memory-scope.test.ts[2m > [22mresolveAgentMemoryDir[2m > [22mshould sanitize agent name by replacing special characters
 [32mΓ£ô[39m v3/@claude-flow/memory/src/agent-memory-scope.test.ts[2m > [22mresolveAgentMemoryDir[2m > [22mshould handle path traversal attempts in agent name
 [32mΓ£ô[39m v3/@claude-flow/memory/src/agent-memory-scope.test.ts[2m > [22mresolveAgentMemoryDir[2m > [22mshould handle dots and slashes in agent name
 [32mΓ£ô[39m v3/@claude-flow/memory/src/agent-memory-scope.test.ts[2m > [22mresolveAgentMemoryDir[2m > [22mshould fall back to workingDir when no git root is found
 [32mΓ£ô[39m v3/@claude-flow/memory/src/agent-memory-scope.test.ts[2m > [22mresolveAgentMemoryDir[2m > [22mshould fall back to USERPROFILE when HOME is not set
 [32mΓ£ô[39m v3/@claude-flow/memory/src/agent-memory-scope.test.ts[2m > [22mresolveAgentMemoryDir[2m > [22mshould use cwd as fallback for project scope when workingDir is omitted
 [32mΓ£ô[39m v3/@claude-flow/memory/src/agent-memory-scope.test.ts[2m > [22mresolveAgentMemoryDir[2m > [22mshould preserve hyphens and underscores in agent name
 [32mΓ£ô[39m v3/@claude-flow/memory/src/agent-memory-scope.test.ts[2m > [22mcreateAgentBridge[2m > [22mshould create a bridge with correct memoryDir for project scope
 [32mΓ£ô[39m v3/@claude-flow/memory/src/agent-memory-scope.test.ts[2m > [22mcreateAgentBridge[2m > [22mshould create a bridge with correct memoryDir for user scope
 [32mΓ£ô[39m v3/@claude-flow/memory/src/agent-memory-scope.test.ts[2m > [22mcreateAgentBridge[2m > [22mshould create a bridge with correct memoryDir for local scope
 [32mΓ£ô[39m v3/@claude-flow/memory/src/agent-memory-scope.test.ts[2m > [22mcreateAgentBridge[2m > [22mshould pass through other config options to AutoMemoryBridge
 [32mΓ£ô[39m v3/@claude-flow/memory/src/agent-memory-scope.test.ts[2m > [22mtransferKnowledge[2m > [22mshould transfer high-confidence entries
 [32mΓ£ô[39m v3/@claude-flow/memory/src/agent-memory-scope.test.ts[2m > [22mtransferKnowledge[2m > [22mshould skip entries below minConfidence
 [32mΓ£ô[39m v3/@claude-flow/memory/src/agent-memory-scope.test.ts[2m > [22mtransferKnowledge[2m > [22mshould filter by categories when specified
 [32mΓ£ô[39m v3/@claude-flow/memory/src/agent-memory-scope.test.ts[2m > [22mtransferKnowledge[2m > [22mshould respect maxEntries limit
 [32mΓ£ô[39m v3/@claude-flow/memory/src/agent-memory-scope.test.ts[2m > [22mtransferKnowledge[2m > [22mshould handle empty source
 [32mΓ£ô[39m v3/@claude-flow/memory/src/agent-memory-scope.test.ts[2m > [22mtransferKnowledge[2m > [22mshould set transfer source metadata on insights
 [32mΓ£ô[39m v3/@claude-flow/memory/src/agent-memory-scope.test.ts[2m > [22mtransferKnowledge[2m > [22mshould use default category when entry has no category metadata
 [32mΓ£ô[39m v3/@claude-flow/memory/src/agent-memory-scope.test.ts[2m > [22mtransferKnowledge[2m > [22mshould use first line of content as summary when metadata.summary is missing
 [32mΓ£ô[39m v3/@claude-flow/memory/src/agent-memory-scope.test.ts[2m > [22mtransferKnowledge[2m > [22mshould include entries without category when no category filter is set
 [32mΓ£ô[39m v3/@claude-flow/memory/src/agent-memory-scope.test.ts[2m > [22mtransferKnowledge[2m > [22mshould default minConfidence to 0.8 when not specified
 [32mΓ£ô[39m v3/@claude-flow/memory/src/agent-memory-scope.test.ts[2m > [22mtransferKnowledge[2m > [22mshould default maxEntries to 20 when not specified
 [32mΓ£ô[39m v3/@claude-flow/memory/src/agent-memory-scope.test.ts[2m > [22mlistAgentScopes[2m > [22mshould return empty agents when dirs do not exist
 [32mΓ£ô[39m v3/@claude-flow/memory/src/agent-memory-scope.test.ts[2m > [22mlistAgentScopes[2m > [22mshould list agents from existing directories
 [32mΓ£ô[39m v3/@claude-flow/memory/src/agent-memory-scope.test.ts[2m > [22mlistAgentScopes[2m > [22mshould return all three scopes in order: project, local, user
 [32mΓ£ô[39m v3/@claude-flow/memory/src/agent-memory-scope.test.ts[2m > [22mlistAgentScopes[2m > [22mshould handle readdir errors gracefully
 [32mΓ£ô[39m v3/@claude-flow/memory/src/agent-memory-scope.test.ts[2m > [22mlistAgentScopes[2m > [22mshould skip non-directory entries
 [32mΓ£ô[39m v3/@claude-flow/guidance/tests/persistence.test.ts[2m > [22mPersistentLedger[2m > [22minit()[2m > [22mshould load existing events from storage on init
# Subtest: RvfEmbeddingCache
    # Subtest: CRUD operations
        # Subtest: set/get stores and retrieves an embedding
        ok 1 - set/get stores and retrieves an embedding
          ---
          duration_ms: 45.2232
          type: 'test'
          ...
        # Subtest: has returns true for existing keys and false for missing keys
        ok 2 - has returns true for existing keys and false for missing keys
          ---
          duration_ms: 15.6173
          type: 'test'
          ...
        # Subtest: delete removes an entry and returns correct boolean
        ok 3 - delete removes an entry and returns correct boolean
          ---
          duration_ms: 13.2997
          type: 'test'
          ...
        # Subtest: clear removes all entries
        ok 4 - clear removes all entries
          ---
          duration_ms: 22.6616
          type: 'test'
          ...
        # Subtest: size returns the number of entries
        ok 5 - size returns the number of entries
          ---
          duration_ms: 17.7557
          type: 'test'
          ...
        1..5
    ok 1 - CRUD operations
      ---
      duration_ms: 116.4256
      type: 'suite'
      ...
    # Subtest: LRU eviction
        # Subtest: evicts oldest entries when maxSize is exceeded
        ok 1 - evicts oldest entries when maxSize is exceeded
          ---
          duration_ms: 14.1072
          type: 'test'
          ...
        1..1
    ok 2 - LRU eviction
      ---
      duration_ms: 14.3183
      type: 'suite'
      ...
    # Subtest: TTL expiry
        # Subtest: returns null for expired entries
        ok 1 - returns null for expired entries
          ---
          duration_ms: 55.6306
          type: 'test'
          ...
 [32mΓ£ô[39m v3/@claude-flow/testing/src/v2-compat/hooks-compat.test.ts[2m > [22mV2 Hooks Compatibility[2m > [22mEdit Hooks[2m > [22mshould support V2 hook: 'pre-edit'
 [32mΓ£ô[39m v3/@claude-flow/testing/src/v2-compat/hooks-compat.test.ts[2m > [22mV2 Hooks Compatibility[2m > [22mEdit Hooks[2m > [22mshould support V2 hook: 'post-edit'
 [32mΓ£ô[39m v3/@claude-flow/testing/src/v2-compat/hooks-compat.test.ts[2m > [22mV2 Hooks Compatibility[2m > [22mEdit Hooks[2m > [22mshould support V2 hook: 'pre-create'
 [32mΓ£ô[39m v3/@claude-flow/testing/src/v2-compat/hooks-compat.test.ts[2m > [22mV2 Hooks Compatibility[2m > [22mEdit Hooks[2m > [22mshould support V2 hook: 'post-create'
 [32mΓ£ô[39m v3/@claude-flow/testing/src/v2-compat/hooks-compat.test.ts[2m > [22mV2 Hooks Compatibility[2m > [22mEdit Hooks[2m > [22mshould trigger pre-edit hook with file path
 [32mΓ£ô[39m v3/@claude-flow/testing/src/v2-compat/hooks-compat.test.ts[2m > [22mV2 Hooks Compatibility[2m > [22mEdit Hooks[2m > [22mshould trigger post-edit hook with success status
 [32mΓ£ô[39m v3/@claude-flow/testing/src/v2-compat/hooks-compat.test.ts[2m > [22mV2 Hooks Compatibility[2m > [22mEdit Hooks[2m > [22mshould include learning context in edit hooks
 [32mΓ£ô[39m v3/@claude-flow/testing/src/v2-compat/hooks-compat.test.ts[2m > [22mV2 Hooks Compatibility[2m > [22mCommand Hooks[2m > [22mshould support V2 hook: 'pre-command'
 [32mΓ£ô[39m v3/@claude-flow/testing/src/v2-compat/hooks-compat.test.ts[2m > [22mV2 Hooks Compatibility[2m > [22mCommand Hooks[2m > [22mshould support V2 hook: 'post-command'
 [32mΓ£ô[39m v3/@claude-flow/testing/src/v2-compat/hooks-compat.test.ts[2m > [22mV2 Hooks Compatibility[2m > [22mCommand Hooks[2m > [22mshould support V2 hook: 'pre-bash'
 [32mΓ£ô[39m v3/@claude-flow/testing/src/v2-compat/hooks-compat.test.ts[2m > [22mV2 Hooks Compatibility[2m > [22mCommand Hooks[2m > [22mshould support V2 hook: 'post-bash'
 [32mΓ£ô[39m v3/@claude-flow/testing/src/v2-compat/hooks-compat.test.ts[2m > [22mV2 Hooks Compatibility[2m > [22mCommand Hooks[2m > [22mshould trigger pre-command hook with command details
 [32mΓ£ô[39m v3/@claude-flow/testing/src/v2-compat/hooks-compat.test.ts[2m > [22mV2 Hooks Compatibility[2m > [22mCommand Hooks[2m > [22mshould trigger post-command hook with exit status
 [32mΓ£ô[39m v3/@claude-flow/testing/src/v2-compat/hooks-compat.test.ts[2m > [22mV2 Hooks Compatibility[2m > [22mCommand Hooks[2m > [22mshould handle pre-bash as pre-command
 [32mΓ£ô[39m v3/@claude-flow/testing/src/v2-compat/hooks-compat.test.ts[2m > [22mV2 Hooks Compatibility[2m > [22mTask Hooks[2m > [22mshould support V2 hook: 'pre-task'
 [32mΓ£ô[39m v3/@claude-flow/testing/src/v2-compat/hooks-compat.test.ts[2m > [22mV2 Hooks Compatibility[2m > [22mTask Hooks[2m > [22mshould support V2 hook: 'post-task'
 [32mΓ£ô[39m v3/@claude-flow/testing/src/v2-compat/hooks-compat.test.ts[2m > [22mV2 Hooks Compatibility[2m > [22mTask Hooks[2m > [22mshould support V2 hook: 'task-assign'
 [32mΓ£ô[39m v3/@claude-flow/testing/src/v2-compat/hooks-compat.test.ts[2m > [22mV2 Hooks Compatibility[2m > [22mTask Hooks[2m > [22mshould support V2 hook: 'task-fail'
 [32mΓ£ô[39m v3/@claude-flow/testing/src/v2-compat/hooks-compat.test.ts[2m > [22mV2 Hooks Compatibility[2m > [22mTask Hooks[2m > [22mshould trigger pre-task hook before task execution
 [32mΓ£ô[39m v3/@claude-flow/testing/src/v2-compat/hooks-compat.test.ts[2m > [22mV2 Hooks Compatibility[2m > [22mTask Hooks[2m > [22mshould trigger post-task hook with result
 [32mΓ£ô[39m v3/@claude-flow/testing/src/v2-compat/hooks-compat.test.ts[2m > [22mV2 Hooks Compatibility[2m > [22mTask Hooks[2m > [22mshould trigger task-fail hook on failure
 [32mΓ£ô[39m v3/@claude-flow/testing/src/v2-compat/hooks-compat.test.ts[2m > [22mV2 Hooks Compatibility[2m > [22mAgent Hooks[2m > [22mshould support V2 hook: 'agent-spawn'
 [32mΓ£ô[39m v3/@claude-flow/testing/src/v2-compat/hooks-compat.test.ts[2m > [22mV2 Hooks Compatibility[2m > [22mAgent Hooks[2m > [22mshould support V2 hook: 'agent-terminate'
 [32mΓ£ô[39m v3/@claude-flow/testing/src/v2-compat/hooks-compat.test.ts[2m > [22mV2 Hooks Compatibility[2m > [22mAgent Hooks[2m > [22mshould support V2 hook: 'agent-message'
 [32mΓ£ô[39m v3/@claude-flow/testing/src/v2-compat/hooks-compat.test.ts[2m > [22mV2 Hooks Compatibility[2m > [22mAgent Hooks[2m > [22mshould support V2 hook: 'agent-error'
 [32mΓ£ô[39m v3/@claude-flow/testing/src/v2-compat/hooks-compat.test.ts[2m > [22mV2 Hooks Compatibility[2m > [22mAgent Hooks[2m > [22mshould trigger agent-spawn hook with config
 [32mΓ£ô[39m v3/@claude-flow/testing/src/v2-compat/hooks-compat.test.ts[2m > [22mV2 Hooks Compatibility[2m > [22mAgent Hooks[2m > [22mshould trigger agent-terminate hook with reason
 [32mΓ£ô[39m v3/@claude-flow/testing/src/v2-compat/hooks-compat.test.ts[2m > [22mV2 Hooks Compatibility[2m > [22mAgent Hooks[2m > [22mshould trigger agent-message hook for inter-agent communication
 [32mΓ£ô[39m v3/@claude-flow/testing/src/v2-compat/hooks-compat.test.ts[2m > [22mV2 Hooks Compatibility[2m > [22mSwarm Hooks[2m > [22mshould support V2 hook: 'swarm-init'
 [32mΓ£ô[39m v3/@claude-flow/testing/src/v2-compat/hooks-compat.test.ts[2m > [22mV2 Hooks Compatibility[2m > [22mSwarm Hooks[2m > [22mshould support V2 hook: 'swarm-scale'
 [32mΓ£ô[39m v3/@claude-flow/testing/src/v2-compat/hooks-compat.test.ts[2m > [22mV2 Hooks Compatibility[2m > [22mSwarm Hooks[2m > [22mshould support V2 hook: 'swarm-consensus'
 [32mΓ£ô[39m v3/@claude-flow/testing/src/v2-compat/hooks-compat.test.ts[2m > [22mV2 Hooks Compatibility[2m > [22mSwarm Hooks[2m > [22mshould support V2 hook: 'swarm-broadcast'
 [32mΓ£ô[39m v3/@claude-flow/testing/src/v2-compat/hooks-compat.test.ts[2m > [22mV2 Hooks Compatibility[2m > [22mSwarm Hooks[2m > [22mshould trigger swarm-init hook with topology
 [32mΓ£ô[39m v3/@claude-flow/testing/src/v2-compat/hooks-compat.test.ts[2m > [22mV2 Hooks Compatibility[2m > [22mSwarm Hooks[2m > [22mshould trigger swarm-consensus hook with proposal
 [32mΓ£ô[39m v3/@claude-flow/testing/src/v2-compat/hooks-compat.test.ts[2m > [22mV2 Hooks Compatibility[2m > [22mMemory Hooks[2m > [22mshould support V2 hook: 'memory-store'
 [32mΓ£ô[39m v3/@claude-flow/testing/src/v2-compat/hooks-compat.test.ts[2m > [22mV2 Hooks Compatibility[2m > [22mMemory Hooks[2m > [22mshould support V2 hook: 'memory-retrieve'
 [32mΓ£ô[39m v3/@claude-flow/testing/src/v2-compat/hooks-compat.test.ts[2m > [22mV2 Hooks Compatibility[2m > [22mMemory Hooks[2m > [22mshould support V2 hook: 'memory-delete'
 [32mΓ£ô[39m v3/@claude-flow/testing/src/v2-compat/hooks-compat.test.ts[2m > [22mV2 Hooks Compatibility[2m > [22mMemory Hooks[2m > [22mshould support V2 hook: 'memory-consolidate'
 [32mΓ£ô[39m v3/@claude-flow/testing/src/v2-compat/hooks-compat.test.ts[2m > [22mV2 Hooks Compatibility[2m > [22mMemory Hooks[2m > [22mshould trigger memory-store hook when storing
 [32mΓ£ô[39m v3/@claude-flow/testing/src/v2-compat/hooks-compat.test.ts[2m > [22mV2 Hooks Compatibility[2m > [22mMemory Hooks[2m > [22mshould trigger memory-retrieve hook with results
 [32mΓ£ô[39m v3/@claude-flow/testing/src/v2-compat/hooks-compat.test.ts[2m > [22mV2 Hooks Compatibility[2m > [22mLearning Hooks[2m > [22mshould support V2 hook: 'learning-pattern'
 [32mΓ£ô[39m v3/@claude-flow/testing/src/v2-compat/hooks-compat.test.ts[2m > [22mV2 Hooks Compatibility[2m > [22mLearning Hooks[2m > [22mshould support V2 hook: 'learning-reward'
 [32mΓ£ô[39m v3/@claude-flow/testing/src/v2-compat/hooks-compat.test.ts[2m > [22mV2 Hooks Compatibility[2m > [22mLearning Hooks[2m > [22mshould support V2 hook: 'learning-distill'
 [32mΓ£ô[39m v3/@claude-flow/testing/src/v2-compat/hooks-compat.test.ts[2m > [22mV2 Hooks Compatibility[2m > [22mLearning Hooks[2m > [22mshould support V2 hook: 'learning-consolidate'
 [32mΓ£ô[39m v3/@claude-flow/testing/src/v2-compat/hooks-compat.test.ts[2m > [22mV2 Hooks Compatibility[2m > [22mLearning Hooks[2m > [22mshould trigger learning-pattern hook for new patterns
 [32mΓ£ô[39m v3/@claude-flow/testing/src/v2-compat/hooks-compat.test.ts[2m > [22mV2 Hooks Compatibility[2m > [22mLearning Hooks[2m > [22mshould trigger learning-reward hook with trajectory
 [32mΓ£ô[39m v3/@claude-flow/testing/src/v2-compat/hooks-compat.test.ts[2m > [22mV2 Hooks Compatibility[2m > [22mLearning Hooks[2m > [22mshould trigger learning-distill hook for memory consolidation
 [32mΓ£ô[39m v3/@claude-flow/testing/src/v2-compat/hooks-compat.test.ts[2m > [22mV2 Hooks Compatibility[2m > [22mSession Hooks[2m > [22mshould support V2 hook: 'session-start'
 [32mΓ£ô[39m v3/@claude-flow/testing/src/v2-compat/hooks-compat.test.ts[2m > [22mV2 Hooks Compatibility[2m > [22mSession Hooks[2m > [22mshould support V2 hook: 'session-end'
 [32mΓ£ô[39m v3/@claude-flow/testing/src/v2-compat/hooks-compat.test.ts[2m > [22mV2 Hooks Compatibility[2m > [22mSession Hooks[2m > [22mshould support V2 hook: 'session-resume'
 [32mΓ£ô[39m v3/@claude-flow/testing/src/v2-compat/hooks-compat.test.ts[2m > [22mV2 Hooks Compatibility[2m > [22mSession Hooks[2m > [22mshould support V2 hook: 'session-pause'
 [32mΓ£ô[39m v3/@claude-flow/testing/src/v2-compat/hooks-compat.test.ts[2m > [22mV2 Hooks Compatibility[2m > [22mSession Hooks[2m > [22mshould trigger session-start hook with session ID
 [32mΓ£ô[39m v3/@claude-flow/testing/src/v2-compat/hooks-compat.test.ts[2m > [22mV2 Hooks Compatibility[2m > [22mSession Hooks[2m > [22mshould trigger session-end hook with metrics
 [32mΓ£ô[39m v3/@claude-flow/testing/src/v2-compat/hooks-compat.test.ts[2m > [22mV2 Hooks Compatibility[2m > [22mSecurity Hooks[2m > [22mshould support V2 hook: 'security-alert'
 [32mΓ£ô[39m v3/@claude-flow/testing/src/v2-compat/hooks-compat.test.ts[2m > [22mV2 Hooks Compatibility[2m > [22mSecurity Hooks[2m > [22mshould support V2 hook: 'security-block'
 [32mΓ£ô[39m v3/@claude-flow/testing/src/v2-compat/hooks-compat.test.ts[2m > [22mV2 Hooks Compatibility[2m > [22mSecurity Hooks[2m > [22mshould support V2 hook: 'security-audit'
 [32mΓ£ô[39m v3/@claude-flow/testing/src/v2-compat/hooks-compat.test.ts[2m > [22mV2 Hooks Compatibility[2m > [22mSecurity Hooks[2m > [22mshould trigger security-alert hook for threats
 [32mΓ£ô[39m v3/@claude-flow/testing/src/v2-compat/hooks-compat.test.ts[2m > [22mV2 Hooks Compatibility[2m > [22mSecurity Hooks[2m > [22mshould trigger security-block hook for blocked operations
 [32mΓ£ô[39m v3/@claude-flow/testing/src/v2-compat/hooks-compat.test.ts[2m > [22mV2 Hooks Compatibility[2m > [22mSecurity Hooks[2m > [22mshould trigger security-audit hook for audit trail
 [32mΓ£ô[39m v3/@claude-flow/testing/src/v2-compat/hooks-compat.test.ts[2m > [22mV2 Hooks Compatibility[2m > [22mError Handling[2m > [22mshould return handled=false for unregistered hooks
 [32mΓ£ô[39m v3/@claude-flow/testing/src/v2-compat/hooks-compat.test.ts[2m > [22mV2 Hooks Compatibility[2m > [22mError Handling[2m > [22mshould handle empty parameters gracefully
 [32mΓ£ô[39m v3/@claude-flow/testing/src/v2-compat/hooks-compat.test.ts[2m > [22mV2 Hooks Compatibility[2m > [22mLearning Integration[2m > [22mshould include learning context in hook results
 [32mΓ£ô[39m v3/@claude-flow/testing/src/v2-compat/hooks-compat.test.ts[2m > [22mV2 Hooks Compatibility[2m > [22mLearning Integration[2m > [22mshould track learning metrics
 [32mΓ£ô[39m v3/@claude-flow/testing/src/v2-compat/hooks-compat.test.ts[2m > [22mV2 Hooks Compatibility[2m > [22mLearning Integration[2m > [22mshould provide session ID in learning context
 [32mΓ£ô[39m v3/@claude-flow/testing/src/v2-compat/hooks-compat.test.ts[2m > [22mV2 Hooks Compatibility[2m > [22mFull Hooks Validation[2m > [22mshould pass full hooks validation
 [32mΓ£ô[39m v3/@claude-flow/testing/src/v2-compat/hooks-compat.test.ts[2m > [22mV2 Hooks Compatibility[2m > [22mFull Hooks Validation[2m > [22mshould detect all 42 V2 hooks
 [32mΓ£ô[39m v3/@claude-flow/testing/src/v2-compat/hooks-compat.test.ts[2m > [22mV2 Hooks Compatibility[2m > [22mFull Hooks Validation[2m > [22mshould verify hook parameters
 [32mΓ£ô[39m v3/@claude-flow/testing/src/v2-compat/hooks-compat.test.ts[2m > [22mV2 Hooks Compatibility[2m > [22mFull Hooks Validation[2m > [22mshould verify return type compatibility
 [32mΓ£ô[39m v3/@claude-flow/testing/src/v2-compat/hooks-compat.test.ts[2m > [22mV2 Hooks Compatibility[2m > [22mFull Hooks Validation[2m > [22mshould report minimal breaking changes
 [32mΓ£ô[39m v3/@claude-flow/testing/src/v2-compat/hooks-compat.test.ts[2m > [22mHooks Coverage[2m > [22mshould test all 42 V2 hooks
 [32mΓ£ô[39m v3/@claude-flow/testing/src/v2-compat/hooks-compat.test.ts[2m > [22mHooks Coverage[2m > [22mshould have V3 equivalents for all hooks
 [32mΓ£ô[39m v3/@claude-flow/testing/src/v2-compat/hooks-compat.test.ts[2m > [22mHooks Coverage[2m > [22mshould categorize hooks correctly
 [32mΓ£ô[39m v3/@claude-flow/testing/src/v2-compat/hooks-compat.test.ts[2m > [22mHooks Coverage[2m > [22mshould define triggers correctly
 [32mΓ£ô[39m v3/@claude-flow/testing/src/v2-compat/hooks-compat.test.ts[2m > [22mHooks Coverage[2m > [22mshould define parameters correctly
 [32mΓ£ô[39m v3/@claude-flow/testing/src/v2-compat/hooks-compat.test.ts[2m > [22mHooks Coverage[2m > [22mshould define return types correctly
 [32mΓ£ô[39m v3/@claude-flow/guidance/tests/persistence.test.ts[2m > [22mPersistentLedger[2m > [22minit()[2m > [22mshould load existing events from storage on init
 [32mΓ£ô[39m v3/@claude-flow/guidance/tests/persistence.test.ts[2m > [22mPersistentLedger[2m > [22minit()[2m > [22mshould be idempotent
 [32mΓ£ô[39m v3/@claude-flow/guidance/tests/persistence.test.ts[2m > [22mPersistentLedger[2m > [22minit()[2m > [22mshould be idempotent
 [32mΓ£ô[39m v3/@claude-flow/guidance/tests/persistence.test.ts[2m > [22mPersistentLedger[2m > [22mlogEvent with WAL[2m > [22mshould persist events to storage via fire-and-forget write
 [32mΓ£ô[39m v3/@claude-flow/guidance/tests/persistence.test.ts[2m > [22mPersistentLedger[2m > [22mlogEvent with WAL[2m > [22mshould persist events to storage via fire-and-forget write
 [32mΓ£ô[39m v3/@claude-flow/security/__tests__/acceptance/security-compliance.test.ts[2m > [22mSecurity Compliance Acceptance[2m > [22mCVE-1: Directory Traversal Prevention[2m > [22mshould detect basic directory traversal
 [32mΓ£ô[39m v3/@claude-flow/security/__tests__/acceptance/security-compliance.test.ts[2m > [22mSecurity Compliance Acceptance[2m > [22mCVE-1: Directory Traversal Prevention[2m > [22mshould detect Windows-style traversal
 [32mΓ£ô[39m v3/@claude-flow/security/__tests__/acceptance/security-compliance.test.ts[2m > [22mSecurity Compliance Acceptance[2m > [22mCVE-1: Directory Traversal Prevention[2m > [22mshould detect URL-encoded traversal
 [32mΓ£ô[39m v3/@claude-flow/security/__tests__/acceptance/security-compliance.test.ts[2m > [22mSecurity Compliance Acceptance[2m > [22mCVE-1: Directory Traversal Prevention[2m > [22mshould allow safe paths
 [32mΓ£ô[39m v3/@claude-flow/security/__tests__/acceptance/security-compliance.test.ts[2m > [22mSecurity Compliance Acceptance[2m > [22mCVE-1: Directory Traversal Prevention[2m > [22mshould validate CVE-1 fix
 [32mΓ£ô[39m v3/@claude-flow/security/__tests__/acceptance/security-compliance.test.ts[2m > [22mSecurity Compliance Acceptance[2m > [22mCVE-2: Absolute Path Injection Prevention[2m > [22mshould detect /etc/ access attempts
 [32mΓ£ô[39m v3/@claude-flow/security/__tests__/acceptance/security-compliance.test.ts[2m > [22mSecurity Compliance Acceptance[2m > [22mCVE-2: Absolute Path Injection Prevention[2m > [22mshould detect /tmp/ access attempts
 [32mΓ£ô[39m v3/@claude-flow/security/__tests__/acceptance/security-compliance.test.ts[2m > [22mSecurity Compliance Acceptance[2m > [22mCVE-2: Absolute Path Injection Prevention[2m > [22mshould detect home directory access attempts
 [32mΓ£ô[39m v3/@claude-flow/security/__tests__/acceptance/security-compliance.test.ts[2m > [22mSecurity Compliance Acceptance[2m > [22mCVE-2: Absolute Path Injection Prevention[2m > [22mshould validate CVE-2 fix
 [32mΓ£ô[39m v3/@claude-flow/security/__tests__/acceptance/security-compliance.test.ts[2m > [22mSecurity Compliance Acceptance[2m > [22mCVE-3: Command Injection Prevention[2m > [22mshould detect semicolon injection
 [32mΓ£ô[39m v3/@claude-flow/security/__tests__/acceptance/security-compliance.test.ts[2m > [22mSecurity Compliance Acceptance[2m > [22mCVE-3: Command Injection Prevention[2m > [22mshould detect pipe injection
 [32mΓ£ô[39m v3/@claude-flow/security/__tests__/acceptance/security-compliance.test.ts[2m > [22mSecurity Compliance Acceptance[2m > [22mCVE-3: Command Injection Prevention[2m > [22mshould detect command substitution
 [32mΓ£ô[39m v3/@claude-flow/security/__tests__/acceptance/security-compliance.test.ts[2m > [22mSecurity Compliance Acceptance[2m > [22mCVE-3: Command Injection Prevention[2m > [22mshould detect backtick execution
 [32mΓ£ô[39m v3/@claude-flow/security/__tests__/acceptance/security-compliance.test.ts[2m > [22mSecurity Compliance Acceptance[2m > [22mCVE-3: Command Injection Prevention[2m > [22mshould block dangerous commands
 [32mΓ£ô[39m v3/@claude-flow/security/__tests__/acceptance/security-compliance.test.ts[2m > [22mSecurity Compliance Acceptance[2m > [22mCVE-3: Command Injection Prevention[2m > [22mshould allow safe commands
 [32mΓ£ô[39m v3/@claude-flow/security/__tests__/acceptance/security-compliance.test.ts[2m > [22mSecurity Compliance Acceptance[2m > [22mCVE-3: Command Injection Prevention[2m > [22mshould validate CVE-3 fix
 [32mΓ£ô[39m v3/@claude-flow/security/__tests__/acceptance/security-compliance.test.ts[2m > [22mSecurity Compliance Acceptance[2m > [22mNull Byte Injection Prevention[2m > [22mshould detect null byte in path
 [32mΓ£ô[39m v3/@claude-flow/security/__tests__/acceptance/security-compliance.test.ts[2m > [22mSecurity Compliance Acceptance[2m > [22mNull Byte Injection Prevention[2m > [22mshould detect URL-encoded null byte
 [32mΓ£ô[39m v3/@claude-flow/security/__tests__/acceptance/security-compliance.test.ts[2m > [22mSecurity Compliance Acceptance[2m > [22mNull Byte Injection Prevention[2m > [22mshould allow clean input
 [32mΓ£ô[39m v3/@claude-flow/security/__tests__/acceptance/security-compliance.test.ts[2m > [22mSecurity Compliance Acceptance[2m > [22mPassword Policy Compliance[2m > [22mshould require minimum length
 [32mΓ£ô[39m v3/@claude-flow/security/__tests__/acceptance/security-compliance.test.ts[2m > [22mSecurity Compliance Acceptance[2m > [22mPassword Policy Compliance[2m > [22mshould require uppercase letter
 [32mΓ£ô[39m v3/@claude-flow/security/__tests__/acceptance/security-compliance.test.ts[2m > [22mSecurity Compliance Acceptance[2m > [22mPassword Policy Compliance[2m > [22mshould require lowercase letter
 [32mΓ£ô[39m v3/@claude-flow/security/__tests__/acceptance/security-compliance.test.ts[2m > [22mSecurity Compliance Acceptance[2m > [22mPassword Policy Compliance[2m > [22mshould require number
 [32mΓ£ô[39m v3/@claude-flow/security/__tests__/acceptance/security-compliance.test.ts[2m > [22mSecurity Compliance Acceptance[2m > [22mPassword Policy Compliance[2m > [22mshould accept strong password
 [32mΓ£ô[39m v3/@claude-flow/security/__tests__/acceptance/security-compliance.test.ts[2m > [22mSecurity Compliance Acceptance[2m > [22mFull Security Audit[2m > [22mshould pass full audit with strict config
 [32mΓ£ô[39m v3/@claude-flow/security/__tests__/acceptance/security-compliance.test.ts[2m > [22mSecurity Compliance Acceptance[2m > [22mFull Security Audit[2m > [22mshould verify all security checks pass
 [32mΓ£ô[39m v3/@claude-flow/security/__tests__/acceptance/security-compliance.test.ts[2m > [22mSecurity Compliance Acceptance[2m > [22mFull Security Audit[2m > [22mshould verify path traversal protection is enabled
 [32mΓ£ô[39m v3/@claude-flow/security/__tests__/acceptance/security-compliance.test.ts[2m > [22mSecurity Compliance Acceptance[2m > [22mFull Security Audit[2m > [22mshould verify shell execution is disabled
 [32mΓ£ô[39m v3/@claude-flow/security/__tests__/acceptance/security-compliance.test.ts[2m > [22mSecurity Compliance Acceptance[2m > [22mFull Security Audit[2m > [22mshould verify secure hashing is configured
 [32mΓ£ô[39m v3/@claude-flow/security/__tests__/acceptance/security-compliance.test.ts[2m > [22mSecurity Compliance Acceptance[2m > [22mSecurity Configuration Compliance[2m > [22mshould have 95% security test coverage target
 [32mΓ£ô[39m v3/@claude-flow/security/__tests__/acceptance/security-compliance.test.ts[2m > [22mSecurity Compliance Acceptance[2m > [22mSecurity Configuration Compliance[2m > [22mshould use argon2 for password hashing
 [32mΓ£ô[39m v3/@claude-flow/security/__tests__/acceptance/security-compliance.test.ts[2m > [22mSecurity Compliance Acceptance[2m > [22mSecurity Configuration Compliance[2m > [22mshould disable shell execution by default
 [32mΓ£ô[39m v3/@claude-flow/security/__tests__/acceptance/security-compliance.test.ts[2m > [22mSecurity Compliance Acceptance[2m > [22mSecurity Configuration Compliance[2m > [22mshould block all dangerous commands
 [32mΓ£ô[39m v3/@claude-flow/security/__tests__/acceptance/security-compliance.test.ts[2m > [22mSecurity Compliance Acceptance[2m > [22mSecurity Configuration Compliance[2m > [22mshould have limited allowed commands
 [32mΓ£ô[39m v3/@claude-flow/guidance/tests/persistence.test.ts[2m > [22mPersistentLedger[2m > [22mcompaction[2m > [22mshould evict oldest events and keep maxEvents
 [32mΓ£ô[39m v3/@claude-flow/guidance/tests/persistence.test.ts[2m > [22mPersistentLedger[2m > [22mcompaction[2m > [22mshould evict oldest events and keep maxEvents
 [32mΓ£ô[39m v3/@claude-flow/guidance/tests/persistence.test.ts[2m > [22mPersistentLedger[2m > [22mcompaction[2m > [22mshould return 0 when no compaction is needed
 [32mΓ£ô[39m v3/@claude-flow/guidance/tests/persistence.test.ts[2m > [22mPersistentLedger[2m > [22mcompaction[2m > [22mshould return 0 when no compaction is needed
 [32mΓ£ô[39m v3/@claude-flow/cli/__tests__/ruvector/ast-analyzer.test.ts[2m > [22mASTAnalyzer[2m > [22mconstructor[2m > [22mshould create analyzer with default config
 [32mΓ£ô[39m v3/@claude-flow/cli/__tests__/ruvector/ast-analyzer.test.ts[2m > [22mASTAnalyzer[2m > [22mconstructor[2m > [22mshould create analyzer with custom config
 [32mΓ£ô[39m v3/@claude-flow/cli/__tests__/ruvector/ast-analyzer.test.ts[2m > [22mASTAnalyzer[2m > [22minitialize[2m > [22mshould initialize without ruvector (fallback mode)
 [32mΓ£ô[39m v3/@claude-flow/cli/__tests__/ruvector/ast-analyzer.test.ts[2m > [22mASTAnalyzer[2m > [22manalyze[2m > [22mshould analyze TypeScript code
 [32mΓ£ô[39m v3/@claude-flow/cli/__tests__/ruvector/ast-analyzer.test.ts[2m > [22mASTAnalyzer[2m > [22manalyze[2m > [22mshould extract functions
 [32mΓ£ô[39m v3/@claude-flow/cli/__tests__/ruvector/ast-analyzer.test.ts[2m > [22mASTAnalyzer[2m > [22manalyze[2m > [22mshould extract classes
 [32mΓ£ô[39m v3/@claude-flow/cli/__tests__/ruvector/ast-analyzer.test.ts[2m > [22mASTAnalyzer[2m > [22manalyze[2m > [22mshould extract imports
 [32mΓ£ô[39m v3/@claude-flow/cli/__tests__/ruvector/ast-analyzer.test.ts[2m > [22mASTAnalyzer[2m > [22manalyze[2m > [22mshould extract exports
 [32mΓ£ô[39m v3/@claude-flow/cli/__tests__/ruvector/ast-analyzer.test.ts[2m > [22mASTAnalyzer[2m > [22manalyze[2m > [22mshould calculate complexity metrics
 [32mΓ£ô[39m v3/@claude-flow/cli/__tests__/ruvector/ast-analyzer.test.ts[2m > [22mASTAnalyzer[2m > [22manalyze[2m > [22mshould cache analysis results
 [32mΓ£ô[39m v3/@claude-flow/cli/__tests__/ruvector/ast-analyzer.test.ts[2m > [22mASTAnalyzer[2m > [22manalyze[2m > [22mshould throw on file too large
 [32mΓ£ô[39m v3/@claude-flow/cli/__tests__/ruvector/ast-analyzer.test.ts[2m > [22mASTAnalyzer[2m > [22mlanguage detection[2m > [22mshould detect TypeScript by extension
 [32mΓ£ô[39m v3/@claude-flow/cli/__tests__/ruvector/ast-analyzer.test.ts[2m > [22mASTAnalyzer[2m > [22mlanguage detection[2m > [22mshould detect JavaScript by extension
 [32mΓ£ô[39m v3/@claude-flow/cli/__tests__/ruvector/ast-analyzer.test.ts[2m > [22mASTAnalyzer[2m > [22mlanguage detection[2m > [22mshould detect Python by extension
 [32mΓ£ô[39m v3/@claude-flow/cli/__tests__/ruvector/ast-analyzer.test.ts[2m > [22mASTAnalyzer[2m > [22mlanguage detection[2m > [22mshould detect Rust by extension
 [32mΓ£ô[39m v3/@claude-flow/cli/__tests__/ruvector/ast-analyzer.test.ts[2m > [22mASTAnalyzer[2m > [22mlanguage detection[2m > [22mshould detect Go by extension
 [32mΓ£ô[39m v3/@claude-flow/cli/__tests__/ruvector/ast-analyzer.test.ts[2m > [22mASTAnalyzer[2m > [22mlanguage detection[2m > [22mshould detect TypeScript by content
 [32mΓ£ô[39m v3/@claude-flow/cli/__tests__/ruvector/ast-analyzer.test.ts[2m > [22mASTAnalyzer[2m > [22mlanguage detection[2m > [22mshould detect Python by content
 [32mΓ£ô[39m v3/@claude-flow/cli/__tests__/ruvector/ast-analyzer.test.ts[2m > [22mASTAnalyzer[2m > [22mlanguage detection[2m > [22mshould return unknown for undetectable language
 [32mΓ£ô[39m v3/@claude-flow/cli/__tests__/ruvector/ast-analyzer.test.ts[2m > [22mASTAnalyzer[2m > [22mJavaScript analysis[2m > [22mshould analyze JavaScript code
 [32mΓ£ô[39m v3/@claude-flow/cli/__tests__/ruvector/ast-analyzer.test.ts[2m > [22mASTAnalyzer[2m > [22mJavaScript analysis[2m > [22mshould extract arrow functions
 [32mΓ£ô[39m v3/@claude-flow/cli/__tests__/ruvector/ast-analyzer.test.ts[2m > [22mASTAnalyzer[2m > [22mPython analysis[2m > [22mshould analyze Python code
 [32mΓ£ô[39m v3/@claude-flow/cli/__tests__/ruvector/ast-analyzer.test.ts[2m > [22mASTAnalyzer[2m > [22mPython analysis[2m > [22mshould extract Python functions
 [32mΓ£ô[39m v3/@claude-flow/cli/__tests__/ruvector/ast-analyzer.test.ts[2m > [22mASTAnalyzer[2m > [22mPython analysis[2m > [22mshould extract Python classes
 [32mΓ£ô[39m v3/@claude-flow/cli/__tests__/ruvector/ast-analyzer.test.ts[2m > [22mASTAnalyzer[2m > [22mPython analysis[2m > [22mshould extract Python imports
 [32mΓ£ô[39m v3/@claude-flow/cli/__tests__/ruvector/ast-analyzer.test.ts[2m > [22mASTAnalyzer[2m > [22mgetFunctionAtLine[2m > [22mshould return function containing line
 [32mΓ£ô[39m v3/@claude-flow/cli/__tests__/ruvector/ast-analyzer.test.ts[2m > [22mASTAnalyzer[2m > [22mgetFunctionAtLine[2m > [22mshould return null for line outside functions
 [32mΓ£ô[39m v3/@claude-flow/cli/__tests__/ruvector/ast-analyzer.test.ts[2m > [22mASTAnalyzer[2m > [22mgetClassAtLine[2m > [22mshould return class containing line
 [32mΓ£ô[39m v3/@claude-flow/cli/__tests__/ruvector/ast-analyzer.test.ts[2m > [22mASTAnalyzer[2m > [22mgetClassAtLine[2m > [22mshould return null for line outside classes
 [32mΓ£ô[39m v3/@claude-flow/cli/__tests__/ruvector/ast-analyzer.test.ts[2m > [22mASTAnalyzer[2m > [22mgetSymbols[2m > [22mshould return all symbols
 [32mΓ£ô[39m v3/@claude-flow/cli/__tests__/ruvector/ast-analyzer.test.ts[2m > [22mASTAnalyzer[2m > [22mclearCache[2m > [22mshould clear the analysis cache
 [32mΓ£ô[39m v3/@claude-flow/cli/__tests__/ruvector/ast-analyzer.test.ts[2m > [22mASTAnalyzer[2m > [22mcomplexity calculation[2m > [22mshould calculate higher cyclomatic complexity for branching code
 [32mΓ£ô[39m v3/@claude-flow/cli/__tests__/ruvector/ast-analyzer.test.ts[2m > [22mASTAnalyzer[2m > [22mcomplexity calculation[2m > [22mshould calculate cognitive complexity with nesting
 [32mΓ£ô[39m v3/@claude-flow/cli/__tests__/ruvector/ast-analyzer.test.ts[2m > [22mASTAnalyzer[2m > [22mcomplexity calculation[2m > [22mshould calculate comment density
 [32mΓ£ô[39m v3/@claude-flow/cli/__tests__/ruvector/ast-analyzer.test.ts[2m > [22mASTAnalyzer[2m > [22medge cases[2m > [22mshould handle empty code
 [32mΓ£ô[39m v3/@claude-flow/cli/__tests__/ruvector/ast-analyzer.test.ts[2m > [22mASTAnalyzer[2m > [22medge cases[2m > [22mshould handle code with only comments
 [32mΓ£ô[39m v3/@claude-flow/cli/__tests__/ruvector/ast-analyzer.test.ts[2m > [22mASTAnalyzer[2m > [22medge cases[2m > [22mshould handle malformed code
 [32mΓ£ô[39m v3/@claude-flow/cli/__tests__/ruvector/ast-analyzer.test.ts[2m > [22mASTAnalyzer[2m > [22medge cases[2m > [22mshould handle Unicode identifiers
 [32mΓ£ô[39m v3/@claude-flow/cli/__tests__/ruvector/ast-analyzer.test.ts[2m > [22mcreateASTAnalyzer[2m > [22mshould create analyzer instance
 [32mΓ£ô[39m v3/@claude-flow/cli/__tests__/ruvector/ast-analyzer.test.ts[2m > [22mcreateASTAnalyzer[2m > [22mshould accept config
 [32mΓ£ô[39m v3/@claude-flow/cli/__tests__/ruvector/ast-analyzer.test.ts[2m > [22mASTAnalyzer Advanced Scenarios[2m > [22mTypeScript-specific features[2m > [22mshould extract interfaces
 [32mΓ£ô[39m v3/@claude-flow/cli/__tests__/ruvector/ast-analyzer.test.ts[2m > [22mASTAnalyzer Advanced Scenarios[2m > [22mTypeScript-specific features[2m > [22mshould extract type aliases
 [32mΓ£ô[39m v3/@claude-flow/cli/__tests__/ruvector/ast-analyzer.test.ts[2m > [22mASTAnalyzer Advanced Scenarios[2m > [22mTypeScript-specific features[2m > [22mshould extract generic types
 [32mΓ£ô[39m v3/@claude-flow/cli/__tests__/ruvector/ast-analyzer.test.ts[2m > [22mASTAnalyzer Advanced Scenarios[2m > [22mTypeScript-specific features[2m > [22mshould extract decorators
 [32mΓ£ô[39m v3/@claude-flow/cli/__tests__/ruvector/ast-analyzer.test.ts[2m > [22mASTAnalyzer Advanced Scenarios[2m > [22mTypeScript-specific features[2m > [22mshould handle async/await functions
 [32mΓ£ô[39m v3/@claude-flow/cli/__tests__/ruvector/ast-analyzer.test.ts[2m > [22mASTAnalyzer Advanced Scenarios[2m > [22mJavaScript analysis edge cases[2m > [22mshould handle CommonJS require
 [32mΓ£ô[39m v3/@claude-flow/cli/__tests__/ruvector/ast-analyzer.test.ts[2m > [22mASTAnalyzer Advanced Scenarios[2m > [22mJavaScript analysis edge cases[2m > [22mshould handle mixed import styles
 [32mΓ£ô[39m v3/@claude-flow/cli/__tests__/ruvector/ast-analyzer.test.ts[2m > [22mASTAnalyzer Advanced Scenarios[2m > [22mcomplexity edge cases[2m > [22mshould calculate high complexity for deeply nested code
 [32mΓ£ô[39m v3/@claude-flow/cli/__tests__/ruvector/ast-analyzer.test.ts[2m > [22mASTAnalyzer Advanced Scenarios[2m > [22mcomplexity edge cases[2m > [22mshould calculate low complexity for simple code
 [32mΓ£ô[39m v3/@claude-flow/cli/__tests__/ruvector/ast-analyzer.test.ts[2m > [22mASTAnalyzer Advanced Scenarios[2m > [22mmethod extraction[2m > [22mshould extract class methods with parameters
 [32mΓ£ô[39m v3/@claude-flow/cli/__tests__/ruvector/ast-analyzer.test.ts[2m > [22mASTAnalyzer Advanced Scenarios[2m > [22msymbol extraction from different constructs[2m > [22mshould extract exported constants
 [32mΓ£ô[39m v3/@claude-flow/cli/__tests__/ruvector/ast-analyzer.test.ts[2m > [22mASTAnalyzer Advanced Scenarios[2m > [22msymbol extraction from different constructs[2m > [22mshould extract re-exports
 [32mΓ£ô[39m v3/@claude-flow/guidance/tests/persistence.test.ts[2m > [22mPersistentLedger[2m > [22mstorage stats[2m > [22mshould return correct stats
 [32mΓ£ô[39m v3/@claude-flow/swarm/__tests__/topology.test.ts[2m > [22mTopologyManager[2m > [22mInitialization[2m > [22mshould initialize with mesh topology
 [32mΓ£ô[39m v3/@claude-flow/swarm/__tests__/topology.test.ts[2m > [22mTopologyManager[2m > [22mInitialization[2m > [22mshould initialize with hierarchical topology
 [32mΓ£ô[39m v3/@claude-flow/swarm/__tests__/topology.test.ts[2m > [22mTopologyManager[2m > [22mInitialization[2m > [22mshould initialize with centralized topology
 [32mΓ£ô[39m v3/@claude-flow/swarm/__tests__/topology.test.ts[2m > [22mTopologyManager[2m > [22mInitialization[2m > [22mshould initialize with hybrid topology
 [32mΓ£ô[39m v3/@claude-flow/swarm/__tests__/topology.test.ts[2m > [22mTopologyManager[2m > [22mNode Management[2m > [22mshould add a node
 [32mΓ£ô[39m v3/@claude-flow/swarm/__tests__/topology.test.ts[2m > [22mTopologyManager[2m > [22mNode Management[2m > [22mshould add multiple nodes
 [32mΓ£ô[39m v3/@claude-flow/swarm/__tests__/topology.test.ts[2m > [22mTopologyManager[2m > [22mNode Management[2m > [22mshould throw error for duplicate node
 [32mΓ£ô[39m v3/@claude-flow/swarm/__tests__/topology.test.ts[2m > [22mTopologyManager[2m > [22mNode Management[2m > [22mshould throw error when max agents reached
 [32mΓ£ô[39m v3/@claude-flow/swarm/__tests__/topology.test.ts[2m > [22mTopologyManager[2m > [22mNode Management[2m > [22mshould remove a node
 [32mΓ£ô[39m v3/@claude-flow/swarm/__tests__/topology.test.ts[2m > [22mTopologyManager[2m > [22mNode Management[2m > [22mshould handle removing non-existent node
 [32mΓ£ô[39m v3/@claude-flow/swarm/__tests__/topology.test.ts[2m > [22mTopologyManager[2m > [22mNode Management[2m > [22mshould update node properties
 [32mΓ£ô[39m v3/@claude-flow/swarm/__tests__/topology.test.ts[2m > [22mTopologyManager[2m > [22mNode Management[2m > [22mshould get node by id
 [32mΓ£ô[39m v3/@claude-flow/swarm/__tests__/topology.test.ts[2m > [22mTopologyManager[2m > [22mNode Management[2m > [22mshould get nodes by role
 [32mΓ£ô[39m v3/@claude-flow/swarm/__tests__/topology.test.ts[2m > [22mTopologyManager[2m > [22mNode Management[2m > [22mshould get active nodes
 [32mΓ£ô[39m v3/@claude-flow/swarm/__tests__/topology.test.ts[2m > [22mTopologyManager[2m > [22mMesh Topology[2m > [22mshould connect nodes in mesh
 [32mΓ£ô[39m v3/@claude-flow/swarm/__tests__/topology.test.ts[2m > [22mTopologyManager[2m > [22mMesh Topology[2m > [22mshould maintain average connections
 [32mΓ£ô[39m v3/@claude-flow/swarm/__tests__/topology.test.ts[2m > [22mTopologyManager[2m > [22mMesh Topology[2m > [22mshould get neighbors in mesh
 [32mΓ£ô[39m v3/@claude-flow/swarm/__tests__/topology.test.ts[2m > [22mTopologyManager[2m > [22mHierarchical Topology[2m > [22mshould assign queen role to first node
 [32mΓ£ô[39m v3/@claude-flow/swarm/__tests__/topology.test.ts[2m > [22mTopologyManager[2m > [22mHierarchical Topology[2m > [22mshould assign worker role to subsequent nodes
 [32mΓ£ô[39m v3/@claude-flow/swarm/__tests__/topology.test.ts[2m > [22mTopologyManager[2m > [22mHierarchical Topology[2m > [22mshould connect workers to queen
 [32mΓ£ô[39m v3/@claude-flow/swarm/__tests__/topology.test.ts[2m > [22mTopologyManager[2m > [22mHierarchical Topology[2m > [22mshould elect queen as leader
 [32mΓ£ô[39m v3/@claude-flow/swarm/__tests__/topology.test.ts[2m > [22mTopologyManager[2m > [22mCentralized Topology[2m > [22mshould assign coordinator role to first node
 [32mΓ£ô[39m v3/@claude-flow/swarm/__tests__/topology.test.ts[2m > [22mTopologyManager[2m > [22mCentralized Topology[2m > [22mshould connect all nodes to coordinator
 [32mΓ£ô[39m v3/@claude-flow/swarm/__tests__/topology.test.ts[2m > [22mTopologyManager[2m > [22mCentralized Topology[2m > [22mshould elect coordinator as leader
 [32mΓ£ô[39m v3/@claude-flow/swarm/__tests__/topology.test.ts[2m > [22mTopologyManager[2m > [22mHybrid Topology[2m > [22mshould support mixed roles
 [32mΓ£ô[39m v3/@claude-flow/swarm/__tests__/topology.test.ts[2m > [22mTopologyManager[2m > [22mHybrid Topology[2m > [22mshould create complex connection patterns
 [32mΓ£ô[39m v3/@claude-flow/swarm/__tests__/topology.test.ts[2m > [22mTopologyManager[2m > [22mLeader Election[2m > [22mshould elect leader in mesh topology
 [32mΓ£ô[39m v3/@claude-flow/swarm/__tests__/topology.test.ts[2m > [22mTopologyManager[2m > [22mLeader Election[2m > [22mshould handle leader removal
 [32mΓ£ô[39m v3/@claude-flow/swarm/__tests__/topology.test.ts[2m > [22mTopologyManager[2m > [22mLeader Election[2m > [22mshould throw error when no nodes available
 [32mΓ£ô[39m v3/@claude-flow/swarm/__tests__/topology.test.ts[2m > [22mTopologyManager[2m > [22mPath Finding[2m > [22mshould find direct path between connected nodes
 [32mΓ£ô[39m v3/@claude-flow/swarm/__tests__/topology.test.ts[2m > [22mTopologyManager[2m > [22mPath Finding[2m > [22mshould return self path for same node
 [32mΓ£ô[39m v3/@claude-flow/swarm/__tests__/topology.test.ts[2m > [22mTopologyManager[2m > [22mPath Finding[2m > [22mshould return empty path for unreachable nodes
 [32mΓ£ô[39m v3/@claude-flow/swarm/__tests__/topology.test.ts[2m > [22mTopologyManager[2m > [22mPath Finding[2m > [22mshould find shortest path in mesh
 [32mΓ£ô[39m v3/@claude-flow/swarm/__tests__/topology.test.ts[2m > [22mTopologyManager[2m > [22mRebalancing[2m > [22mshould rebalance mesh topology
 [32mΓ£ô[39m v3/@claude-flow/swarm/__tests__/topology.test.ts[2m > [22mTopologyManager[2m > [22mRebalancing[2m > [22mshould rebalance hierarchical topology
 [32mΓ£ô[39m v3/@claude-flow/swarm/__tests__/topology.test.ts[2m > [22mTopologyManager[2m > [22mRebalancing[2m > [22mshould prevent too frequent rebalancing
 [32mΓ£ô[39m v3/@claude-flow/swarm/__tests__/topology.test.ts[2m > [22mTopologyManager[2m > [22mPartitioning[2m > [22mshould create partitions as nodes are added
 [32mΓ£ô[39m v3/@claude-flow/swarm/__tests__/topology.test.ts[2m > [22mTopologyManager[2m > [22mPartitioning[2m > [22mshould assign nodes to partitions
 [32mΓ£ô[39m v3/@claude-flow/swarm/__tests__/topology.test.ts[2m > [22mTopologyManager[2m > [22mPartitioning[2m > [22mshould get partition by id
 [32mΓ£ô[39m v3/@claude-flow/swarm/__tests__/topology.test.ts[2m > [22mTopologyManager[2m > [22mPartitioning[2m > [22mshould update partition leaders on node removal
 [32mΓ£ô[39m v3/@claude-flow/swarm/__tests__/topology.test.ts[2m > [22mTopologyManager[2m > [22mConnection Management[2m > [22mshould check if nodes are connected
 [32mΓ£ô[39m v3/@claude-flow/swarm/__tests__/topology.test.ts[2m > [22mTopologyManager[2m > [22mConnection Management[2m > [22mshould count total connections
 [32mΓ£ô[39m v3/@claude-flow/swarm/__tests__/topology.test.ts[2m > [22mTopologyManager[2m > [22mConnection Management[2m > [22mshould calculate average connections
 [32mΓ£ô[39m v3/@claude-flow/swarm/__tests__/topology.test.ts[2m > [22mTopologyManager[2m > [22mEvent Emission[2m > [22mshould emit node.added event
 [32mΓ£ô[39m v3/@claude-flow/swarm/__tests__/topology.test.ts[2m > [22mTopologyManager[2m > [22mEvent Emission[2m > [22mshould emit node.removed event
 [32mΓ£ô[39m v3/@claude-flow/guidance/tests/persistence.test.ts[2m > [22mPersistentLedger[2m > [22mstorage stats[2m > [22mshould return correct stats
 [32mΓ£ô[39m v3/@claude-flow/guidance/tests/persistence.test.ts[2m > [22mPersistentLedger[2m > [22mstorage stats[2m > [22mshould return zero stats for empty ledger
 [32mΓ£ô[39m v3/@claude-flow/guidance/tests/persistence.test.ts[2m > [22mPersistentLedger[2m > [22mstorage stats[2m > [22mshould return zero stats for empty ledger
 [32mΓ£ô[39m v3/plugins/teammate-plugin/tests/teammate-bridge.test.ts[2m > [22mTeammateBridge Initialization[2m > [22mshould detect Claude Code version on initialize
 [32mΓ£ô[39m v3/plugins/teammate-plugin/tests/teammate-bridge.test.ts[2m > [22mTeammateBridge Initialization[2m > [22mshould report compatible when version >= 2.1.19
 [32mΓ£ô[39m v3/plugins/teammate-plugin/tests/teammate-bridge.test.ts[2m > [22mTeammateBridge Initialization[2m > [22mshould return version info
 [32mΓ£ô[39m v3/plugins/teammate-plugin/tests/teammate-bridge.test.ts[2m > [22mTeam Management[2m > [22mspawnTeam[2m > [22mshould create a new team with default config
 [32mΓ£ô[39m v3/plugins/teammate-plugin/tests/teammate-bridge.test.ts[2m > [22mTeam Management[2m > [22mspawnTeam[2m > [22mshould create team with custom topology
 [32mΓ£ô[39m v3/plugins/teammate-plugin/tests/teammate-bridge.test.ts[2m > [22mTeam Management[2m > [22mspawnTeam[2m > [22mshould set environment variable for team context
 [32mΓ£ô[39m v3/plugins/teammate-plugin/tests/teammate-bridge.test.ts[2m > [22mTeam Management[2m > [22mspawnTeam[2m > [22mshould emit team:spawned event
 [32mΓ£ô[39m v3/plugins/teammate-plugin/tests/teammate-bridge.test.ts[2m > [22mTeam Management[2m > [22mdiscoverTeams[2m > [22mshould return array of teams
 [32mΓ£ô[39m v3/plugins/teammate-plugin/tests/teammate-bridge.test.ts[2m > [22mTeam Management[2m > [22mdiscoverTeams[2m > [22mshould discover existing teams
 [32mΓ£ô[39m v3/plugins/teammate-plugin/tests/teammate-bridge.test.ts[2m > [22mTeammate Spawning[2m > [22mshould spawn a teammate and return TeammateInfo
 [32mΓ£ô[39m v3/plugins/teammate-plugin/tests/teammate-bridge.test.ts[2m > [22mTeammate Spawning[2m > [22mshould add teammate to team state
 [32mΓ£ô[39m v3/plugins/teammate-plugin/tests/teammate-bridge.test.ts[2m > [22mTeammate Spawning[2m > [22mshould build correct AgentInput
 [32mΓ£ô[39m v3/plugins/teammate-plugin/tests/teammate-bridge.test.ts[2m > [22mMessaging[2m > [22mshould send message to specific teammate
 [32mΓ£ô[39m v3/plugins/teammate-plugin/tests/teammate-bridge.test.ts[2m > [22mMessaging[2m > [22mshould broadcast message to all teammates
 [32mΓ£ô[39m v3/plugins/teammate-plugin/tests/teammate-bridge.test.ts[2m > [22mMessaging[2m > [22mshould increment message count
 [32mΓ£ô[39m v3/plugins/teammate-plugin/tests/teammate-bridge.test.ts[2m > [22mPlan Approval[2m > [22mshould submit a plan
 [32mΓ£ô[39m v3/plugins/teammate-plugin/tests/teammate-bridge.test.ts[2m > [22mPlan Approval[2m > [22mshould approve a plan
 [32mΓ£ô[39m v3/plugins/teammate-plugin/tests/teammate-bridge.test.ts[2m > [22mPlan Approval[2m > [22mshould launch swarm for approved plan
 [32mΓ£ô[39m v3/plugins/teammate-plugin/tests/teammate-bridge.test.ts[2m > [22mDelegation[2m > [22mshould delegate authority to teammate
 [32mΓ£ô[39m v3/plugins/teammate-plugin/tests/teammate-bridge.test.ts[2m > [22mDelegation[2m > [22mshould update teammate delegated permissions
 [32mΓ£ô[39m v3/plugins/teammate-plugin/tests/teammate-bridge.test.ts[2m > [22mDelegation[2m > [22mshould revoke delegation
 [32mΓ£ô[39m v3/plugins/teammate-plugin/tests/teammate-bridge.test.ts[2m > [22mTeam Context[2m > [22mshould update shared variables
 [32mΓ£ô[39m v3/plugins/teammate-plugin/tests/teammate-bridge.test.ts[2m > [22mTeam Context[2m > [22mshould update inherited permissions
 [32mΓ£ô[39m v3/plugins/teammate-plugin/tests/teammate-bridge.test.ts[2m > [22mTeam Context[2m > [22mshould update working directory
 [32mΓ£ô[39m v3/plugins/teammate-plugin/tests/teammate-bridge.test.ts[2m > [22mError Handling[2m > [22mshould throw TeammateError for non-existent team
 [32mΓ£ô[39m v3/plugins/teammate-plugin/tests/teammate-bridge.test.ts[2m > [22mError Handling[2m > [22mshould include error code in TeammateError
 [32mΓ£ô[39m v3/plugins/teammate-plugin/tests/teammate-bridge.test.ts[2m > [22mError Handling[2m > [22mshould throw for unapproved plan launch
 [32mΓ£ô[39m v3/plugins/teammate-plugin/tests/teammate-bridge.test.ts[2m > [22mCleanup[2m > [22mshould cleanup team resources
 [32mΓ£ô[39m v3/plugins/teammate-plugin/tests/teammate-bridge.test.ts[2m > [22mCleanup[2m > [22mshould clear environment variable on cleanup
 [32mΓ£ô[39m v3/plugins/teammate-plugin/tests/teammate-bridge.test.ts[2m > [22mCleanup[2m > [22mshould emit cleanup event
 [32mΓ£ô[39m v3/plugins/teammate-plugin/tests/teammate-bridge.test.ts[2m > [22mcreateTeammateBridge[2m > [22mshould create and initialize bridge
 [32mΓ£ô[39m v3/plugins/teammate-plugin/tests/teammate-bridge.test.ts[2m > [22mcreateTeammateBridge[2m > [22mshould accept custom config
 [32mΓ£ô[39m v3/@claude-flow/guidance/tests/persistence.test.ts[2m > [22mPersistentLedger[2m > [22mimport/export compatibility with base RunLedger[2m > [22mshould export events compatible with base RunLedger.importEvents()
 [32mΓ£ô[39m v3/@claude-flow/guidance/tests/persistence.test.ts[2m > [22mPersistentLedger[2m > [22mimport/export compatibility with base RunLedger[2m > [22mshould export events compatible with base RunLedger.importEvents()
 [32mΓ£ô[39m v3/@claude-flow/codex/tests/validators.test.ts[2m > [22mvalidateAgentsMd[2m > [22mvalid AGENTS.md files[2m > [22mshould pass for a well-formed AGENTS.md with all sections
 [32mΓ£ô[39m v3/@claude-flow/codex/tests/validators.test.ts[2m > [22mvalidateAgentsMd[2m > [22mvalid AGENTS.md files[2m > [22mshould pass with minimal required structure
 [32mΓ£ô[39m v3/@claude-flow/codex/tests/validators.test.ts[2m > [22mvalidateAgentsMd[2m > [22minvalid AGENTS.md files[2m > [22mshould fail when file does not start with heading
 [32mΓ£ô[39m v3/@claude-flow/codex/tests/validators.test.ts[2m > [22mvalidateAgentsMd[2m > [22minvalid AGENTS.md files[2m > [22mshould detect hardcoded API keys
 [32mΓ£ô[39m v3/@claude-flow/codex/tests/validators.test.ts[2m > [22mvalidateAgentsMd[2m > [22minvalid AGENTS.md files[2m > [22mshould detect hardcoded passwords
 [32mΓ£ô[39m v3/@claude-flow/codex/tests/validators.test.ts[2m > [22mvalidateAgentsMd[2m > [22minvalid AGENTS.md files[2m > [22mshould detect generic API key patterns
 [32mΓ£ô[39m v3/@claude-flow/codex/tests/validators.test.ts[2m > [22mvalidateAgentsMd[2m > [22mwarnings[2m > [22mshould warn about missing recommended sections
 [32mΓ£ô[39m v3/@claude-flow/codex/tests/validators.test.ts[2m > [22mvalidateAgentsMd[2m > [22mwarnings[2m > [22mshould warn when no skill references found
 [32mΓ£ô[39m v3/@claude-flow/codex/tests/validators.test.ts[2m > [22mvalidateAgentsMd[2m > [22mwarnings[2m > [22mshould warn when no code examples
 [32mΓ£ô[39m v3/@claude-flow/codex/tests/validators.test.ts[2m > [22mvalidateAgentsMd[2m > [22mwarnings[2m > [22mshould provide suggestions for warnings
 [32mΓ£ô[39m v3/@claude-flow/codex/tests/validators.test.ts[2m > [22mvalidateSkillMd[2m > [22mvalid SKILL.md files[2m > [22mshould pass for a well-formed SKILL.md
 [32mΓ£ô[39m v3/@claude-flow/codex/tests/validators.test.ts[2m > [22mvalidateSkillMd[2m > [22mvalid SKILL.md files[2m > [22mshould pass with minimal valid structure
 [32mΓ£ô[39m v3/@claude-flow/codex/tests/validators.test.ts[2m > [22mvalidateSkillMd[2m > [22minvalid SKILL.md files[2m > [22mshould fail when frontmatter is missing
 [32mΓ£ô[39m v3/@claude-flow/codex/tests/validators.test.ts[2m > [22mvalidateSkillMd[2m > [22minvalid SKILL.md files[2m > [22mshould fail when frontmatter is not closed
 [32mΓ£ô[39m v3/@claude-flow/codex/tests/validators.test.ts[2m > [22mvalidateSkillMd[2m > [22minvalid SKILL.md files[2m > [22mshould fail when name is missing in frontmatter
 [32mΓ£ô[39m v3/@claude-flow/codex/tests/validators.test.ts[2m > [22mvalidateSkillMd[2m > [22minvalid SKILL.md files[2m > [22mshould fail when description is missing in frontmatter
 [32mΓ£ô[39m v3/@claude-flow/codex/tests/validators.test.ts[2m > [22mvalidateSkillMd[2m > [22mwarnings[2m > [22mshould warn about missing Purpose section
 [32mΓ£ô[39m v3/@claude-flow/codex/tests/validators.test.ts[2m > [22mvalidateSkillMd[2m > [22mwarnings[2m > [22mshould warn about missing skip conditions when not specified
 [32mΓ£ô[39m v3/@claude-flow/codex/tests/validators.test.ts[2m > [22mvalidateSkillMd[2m > [22mwarnings[2m > [22mshould not warn about triggers when frontmatter has triggers field
 [32mΓ£ô[39m v3/@claude-flow/codex/tests/validators.test.ts[2m > [22mvalidateSkillMd[2m > [22mwarnings[2m > [22mshould provide suggestions for warnings
 [32mΓ£ô[39m v3/@claude-flow/codex/tests/validators.test.ts[2m > [22mvalidateConfigToml[2m > [22mvalid config.toml files[2m > [22mshould pass for a complete config.toml
 [32mΓ£ô[39m v3/@claude-flow/codex/tests/validators.test.ts[2m > [22mvalidateConfigToml[2m > [22mvalid config.toml files[2m > [22mshould pass with minimal required fields
 [32mΓ£ô[39m v3/@claude-flow/codex/tests/validators.test.ts[2m > [22mvalidateConfigToml[2m > [22mvalid config.toml files[2m > [22mshould pass with all valid approval policies
 [32mΓ£ô[39m v3/@claude-flow/codex/tests/validators.test.ts[2m > [22mvalidateConfigToml[2m > [22mvalid config.toml files[2m > [22mshould pass with all valid sandbox modes
 [32mΓ£ô[39m v3/@claude-flow/codex/tests/validators.test.ts[2m > [22mvalidateConfigToml[2m > [22minvalid config.toml files[2m > [22mshould fail when model is missing
 [32mΓ£ô[39m v3/@claude-flow/codex/tests/validators.test.ts[2m > [22mvalidateConfigToml[2m > [22minvalid config.toml files[2m > [22mshould fail when approval_policy is missing
 [32mΓ£ô[39m v3/@claude-flow/codex/tests/validators.test.ts[2m > [22mvalidateConfigToml[2m > [22minvalid config.toml files[2m > [22mshould fail when sandbox_mode is missing
 [32mΓ£ô[39m v3/@claude-flow/codex/tests/validators.test.ts[2m > [22mvalidateConfigToml[2m > [22minvalid config.toml files[2m > [22mshould fail with invalid approval_policy value
 [32mΓ£ô[39m v3/@claude-flow/codex/tests/validators.test.ts[2m > [22mvalidateConfigToml[2m > [22minvalid config.toml files[2m > [22mshould fail with invalid sandbox_mode value
 [32mΓ£ô[39m v3/@claude-flow/codex/tests/validators.test.ts[2m > [22mvalidateConfigToml[2m > [22mwarnings[2m > [22mshould warn when no MCP servers configured
 [32mΓ£ô[39m v3/@claude-flow/codex/tests/validators.test.ts[2m > [22mvalidateConfigToml[2m > [22mwarnings[2m > [22mshould warn about never approval policy without profiles
 [32mΓ£ô[39m v3/@claude-flow/codex/tests/validators.test.ts[2m > [22mvalidateConfigToml[2m > [22mwarnings[2m > [22mshould not warn about never policy when profiles section exists
 [32mΓ£ô[39m v3/@claude-flow/codex/tests/validators.test.ts[2m > [22mvalidateConfigToml[2m > [22mwarnings[2m > [22mshould warn about danger-full-access sandbox mode
 [32mΓ£ô[39m v3/@claude-flow/codex/tests/validators.test.ts[2m > [22mvalidateConfigToml[2m > [22mwarnings[2m > [22mshould provide suggestions for all warnings
 [32mΓ£ô[39m v3/@claude-flow/codex/tests/validators.test.ts[2m > [22mvalidateConfigToml[2m > [22medge cases[2m > [22mshould handle empty content
 [32mΓ£ô[39m v3/@claude-flow/codex/tests/validators.test.ts[2m > [22mvalidateConfigToml[2m > [22medge cases[2m > [22mshould handle content with only comments
 [32mΓ£ô[39m v3/@claude-flow/codex/tests/validators.test.ts[2m > [22mvalidateConfigToml[2m > [22medge cases[2m > [22mshould handle multiline values
 [32mΓ£ô[39m v3/@claude-flow/codex/tests/validators.test.ts[2m > [22mvalidator integration[2m > [22mshould validate realistic generator output
 [32mΓ£ô[39m v3/@claude-flow/testing/src/v2-compat/mcp-compat.test.ts[2m > [22mV2 MCP Tool Compatibility[2m > [22mAgent Tools[2m > [22mshould support V2 tool: 'dispatch_agent'
 [32mΓ£ô[39m v3/@claude-flow/testing/src/v2-compat/mcp-compat.test.ts[2m > [22mV2 MCP Tool Compatibility[2m > [22mAgent Tools[2m > [22mshould support V2 tool: 'agents/spawn'
 [32mΓ£ô[39m v3/@claude-flow/testing/src/v2-compat/mcp-compat.test.ts[2m > [22mV2 MCP Tool Compatibility[2m > [22mAgent Tools[2m > [22mshould support V2 tool: 'agents/list'
 [32mΓ£ô[39m v3/@claude-flow/testing/src/v2-compat/mcp-compat.test.ts[2m > [22mV2 MCP Tool Compatibility[2m > [22mAgent Tools[2m > [22mshould support V2 tool: 'agents/terminate'
 [32mΓ£ô[39m v3/@claude-flow/testing/src/v2-compat/mcp-compat.test.ts[2m > [22mV2 MCP Tool Compatibility[2m > [22mAgent Tools[2m > [22mshould support V2 tool: 'agents/info'
 [32mΓ£ô[39m v3/@claude-flow/testing/src/v2-compat/mcp-compat.test.ts[2m > [22mV2 MCP Tool Compatibility[2m > [22mAgent Tools[2m > [22mshould support V2 tool: 'agent/create'
 [32mΓ£ô[39m v3/@claude-flow/testing/src/v2-compat/mcp-compat.test.ts[2m > [22mV2 MCP Tool Compatibility[2m > [22mAgent Tools[2m > [22mshould support V2 tool: 'mcp__ruv-swarm__agent_spawn'
 [32mΓ£ô[39m v3/@claude-flow/testing/src/v2-compat/mcp-compat.test.ts[2m > [22mV2 MCP Tool Compatibility[2m > [22mAgent Tools[2m > [22mshould support V2 tool: 'mcp__ruv-swarm__agent_list'
 [32mΓ£ô[39m v3/@claude-flow/testing/src/v2-compat/mcp-compat.test.ts[2m > [22mV2 MCP Tool Compatibility[2m > [22mAgent Tools[2m > [22mshould support V2 tool: 'mcp__ruv-swarm__agent_metrics'
 [32mΓ£ô[39m v3/@claude-flow/testing/src/v2-compat/mcp-compat.test.ts[2m > [22mV2 MCP Tool Compatibility[2m > [22mAgent Tools[2m > [22mshould translate dispatch_agent to agent/spawn
 [32mΓ£ô[39m v3/@claude-flow/testing/src/v2-compat/mcp-compat.test.ts[2m > [22mV2 MCP Tool Compatibility[2m > [22mAgent Tools[2m > [22mshould translate agents/spawn to agent/spawn
 [32mΓ£ô[39m v3/@claude-flow/testing/src/v2-compat/mcp-compat.test.ts[2m > [22mV2 MCP Tool Compatibility[2m > [22mAgent Tools[2m > [22mshould translate agents/info to agent/status
 [32mΓ£ô[39m v3/@claude-flow/testing/src/v2-compat/mcp-compat.test.ts[2m > [22mV2 MCP Tool Compatibility[2m > [22mAgent Tools[2m > [22mshould translate agent parameters correctly
 [32mΓ£ô[39m v3/@claude-flow/testing/src/v2-compat/mcp-compat.test.ts[2m > [22mV2 MCP Tool Compatibility[2m > [22mAgent Tools[2m > [22mshould handle mcp__ruv-swarm__agent_spawn
 [32mΓ£ô[39m v3/@claude-flow/testing/src/v2-compat/mcp-compat.test.ts[2m > [22mV2 MCP Tool Compatibility[2m > [22mSwarm Tools[2m > [22mshould support V2 tool: 'swarm_status'
 [32mΓ£ô[39m v3/@claude-flow/testing/src/v2-compat/mcp-compat.test.ts[2m > [22mV2 MCP Tool Compatibility[2m > [22mSwarm Tools[2m > [22mshould support V2 tool: 'swarm/get-status'
 [32mΓ£ô[39m v3/@claude-flow/testing/src/v2-compat/mcp-compat.test.ts[2m > [22mV2 MCP Tool Compatibility[2m > [22mSwarm Tools[2m > [22mshould support V2 tool: 'swarm/get-comprehensive-status'
 [32mΓ£ô[39m v3/@claude-flow/testing/src/v2-compat/mcp-compat.test.ts[2m > [22mV2 MCP Tool Compatibility[2m > [22mSwarm Tools[2m > [22mshould support V2 tool: 'mcp__ruv-swarm__swarm_init'
 [32mΓ£ô[39m v3/@claude-flow/testing/src/v2-compat/mcp-compat.test.ts[2m > [22mV2 MCP Tool Compatibility[2m > [22mSwarm Tools[2m > [22mshould support V2 tool: 'mcp__ruv-swarm__swarm_status'
 [32mΓ£ô[39m v3/@claude-flow/testing/src/v2-compat/mcp-compat.test.ts[2m > [22mV2 MCP Tool Compatibility[2m > [22mSwarm Tools[2m > [22mshould support V2 tool: 'mcp__ruv-swarm__agent_spawn'
 [32mΓ£ô[39m v3/@claude-flow/testing/src/v2-compat/mcp-compat.test.ts[2m > [22mV2 MCP Tool Compatibility[2m > [22mSwarm Tools[2m > [22mshould support V2 tool: 'mcp__ruv-swarm__agent_list'
 [32mΓ£ô[39m v3/@claude-flow/testing/src/v2-compat/mcp-compat.test.ts[2m > [22mV2 MCP Tool Compatibility[2m > [22mSwarm Tools[2m > [22mshould support V2 tool: 'mcp__ruv-swarm__agent_metrics'
 [32mΓ£ô[39m v3/@claude-flow/testing/src/v2-compat/mcp-compat.test.ts[2m > [22mV2 MCP Tool Compatibility[2m > [22mSwarm Tools[2m > [22mshould support V2 tool: 'mcp__ruv-swarm__memory_usage'
 [32mΓ£ô[39m v3/@claude-flow/testing/src/v2-compat/mcp-compat.test.ts[2m > [22mV2 MCP Tool Compatibility[2m > [22mSwarm Tools[2m > [22mshould support V2 tool: 'mcp__ruv-swarm__neural_status'
 [32mΓ£ô[39m v3/@claude-flow/testing/src/v2-compat/mcp-compat.test.ts[2m > [22mV2 MCP Tool Compatibility[2m > [22mSwarm Tools[2m > [22mshould support V2 tool: 'mcp__ruv-swarm__neural_train'
 [32mΓ£ô[39m v3/@claude-flow/testing/src/v2-compat/mcp-compat.test.ts[2m > [22mV2 MCP Tool Compatibility[2m > [22mSwarm Tools[2m > [22mshould translate swarm_status to swarm/status
 [32mΓ£ô[39m v3/@claude-flow/testing/src/v2-compat/mcp-compat.test.ts[2m > [22mV2 MCP Tool Compatibility[2m > [22mSwarm Tools[2m > [22mshould translate swarm/get-comprehensive-status to swarm/status
 [32mΓ£ô[39m v3/@claude-flow/testing/src/v2-compat/mcp-compat.test.ts[2m > [22mV2 MCP Tool Compatibility[2m > [22mSwarm Tools[2m > [22mshould translate swarm init parameters
 [32mΓ£ô[39m v3/@claude-flow/testing/src/v2-compat/mcp-compat.test.ts[2m > [22mV2 MCP Tool Compatibility[2m > [22mSwarm Tools[2m > [22mshould return compatible swarm status response
 [32mΓ£ô[39m v3/@claude-flow/testing/src/v2-compat/mcp-compat.test.ts[2m > [22mV2 MCP Tool Compatibility[2m > [22mMemory Tools[2m > [22mshould support V2 tool: 'memory/query'
 [32mΓ£ô[39m v3/@claude-flow/testing/src/v2-compat/mcp-compat.test.ts[2m > [22mV2 MCP Tool Compatibility[2m > [22mMemory Tools[2m > [22mshould support V2 tool: 'memory/store'
 [32mΓ£ô[39m v3/@claude-flow/testing/src/v2-compat/mcp-compat.test.ts[2m > [22mV2 MCP Tool Compatibility[2m > [22mMemory Tools[2m > [22mshould support V2 tool: 'memory/delete'
 [32mΓ£ô[39m v3/@claude-flow/testing/src/v2-compat/mcp-compat.test.ts[2m > [22mV2 MCP Tool Compatibility[2m > [22mMemory Tools[2m > [22mshould support V2 tool: 'mcp__ruv-swarm__memory_usage'
 [32mΓ£ô[39m v3/@claude-flow/testing/src/v2-compat/mcp-compat.test.ts[2m > [22mV2 MCP Tool Compatibility[2m > [22mMemory Tools[2m > [22mshould translate memory/query to memory/search
 [32mΓ£ô[39m v3/@claude-flow/testing/src/v2-compat/mcp-compat.test.ts[2m > [22mV2 MCP Tool Compatibility[2m > [22mMemory Tools[2m > [22mshould translate memory query parameters
 [32mΓ£ô[39m v3/@claude-flow/testing/src/v2-compat/mcp-compat.test.ts[2m > [22mV2 MCP Tool Compatibility[2m > [22mMemory Tools[2m > [22mshould return array from memory search
 [32mΓ£ô[39m v3/@claude-flow/testing/src/v2-compat/mcp-compat.test.ts[2m > [22mV2 MCP Tool Compatibility[2m > [22mConfig Tools[2m > [22mshould translate config/get to config/load
 [32mΓ£ô[39m v3/@claude-flow/testing/src/v2-compat/mcp-compat.test.ts[2m > [22mV2 MCP Tool Compatibility[2m > [22mConfig Tools[2m > [22mshould translate config/update to config/save
 [32mΓ£ô[39m v3/@claude-flow/testing/src/v2-compat/mcp-compat.test.ts[2m > [22mV2 MCP Tool Compatibility[2m > [22mConfig Tools[2m > [22mshould handle config get operation
 [32mΓ£ô[39m v3/@claude-flow/testing/src/v2-compat/mcp-compat.test.ts[2m > [22mV2 MCP Tool Compatibility[2m > [22mConfig Tools[2m > [22mshould handle config update operation
 [32mΓ£ô[39m v3/@claude-flow/testing/src/v2-compat/mcp-compat.test.ts[2m > [22mV2 MCP Tool Compatibility[2m > [22mTask Tools[2m > [22mshould support V2 tool: 'task/create'
 [32mΓ£ô[39m v3/@claude-flow/testing/src/v2-compat/mcp-compat.test.ts[2m > [22mV2 MCP Tool Compatibility[2m > [22mTask Tools[2m > [22mshould support V2 tool: 'task/assign'
 [32mΓ£ô[39m v3/@claude-flow/testing/src/v2-compat/mcp-compat.test.ts[2m > [22mV2 MCP Tool Compatibility[2m > [22mTask Tools[2m > [22mshould support V2 tool: 'task/status'
 [32mΓ£ô[39m v3/@claude-flow/testing/src/v2-compat/mcp-compat.test.ts[2m > [22mV2 MCP Tool Compatibility[2m > [22mTask Tools[2m > [22mshould support V2 tool: 'task/complete'
 [32mΓ£ô[39m v3/@claude-flow/testing/src/v2-compat/mcp-compat.test.ts[2m > [22mV2 MCP Tool Compatibility[2m > [22mTask Tools[2m > [22mshould create task with description
 [32mΓ£ô[39m v3/@claude-flow/testing/src/v2-compat/mcp-compat.test.ts[2m > [22mV2 MCP Tool Compatibility[2m > [22mTask Tools[2m > [22mshould assign task to agent
 [32mΓ£ô[39m v3/@claude-flow/testing/src/v2-compat/mcp-compat.test.ts[2m > [22mV2 MCP Tool Compatibility[2m > [22mNeural/Learning Tools[2m > [22mshould translate neural_status to hooks/metrics
 [32mΓ£ô[39m v3/@claude-flow/testing/src/v2-compat/mcp-compat.test.ts[2m > [22mV2 MCP Tool Compatibility[2m > [22mNeural/Learning Tools[2m > [22mshould translate neural_train to hooks/pretrain
 [32mΓ£ô[39m v3/@claude-flow/testing/src/v2-compat/mcp-compat.test.ts[2m > [22mV2 MCP Tool Compatibility[2m > [22mNeural/Learning Tools[2m > [22mshould return compatible metrics response
 [32mΓ£ô[39m v3/@claude-flow/testing/src/v2-compat/mcp-compat.test.ts[2m > [22mV2 MCP Tool Compatibility[2m > [22mNeural/Learning Tools[2m > [22mshould handle pretrain operation
 [32mΓ£ô[39m v3/@claude-flow/testing/src/v2-compat/mcp-compat.test.ts[2m > [22mV2 MCP Tool Compatibility[2m > [22mGitHub Tools[2m > [22mshould support V2 tool: 'github/pr-create'
 [32mΓ£ô[39m v3/@claude-flow/testing/src/v2-compat/mcp-compat.test.ts[2m > [22mV2 MCP Tool Compatibility[2m > [22mGitHub Tools[2m > [22mshould support V2 tool: 'github/pr-review'
 [32mΓ£ô[39m v3/@claude-flow/testing/src/v2-compat/mcp-compat.test.ts[2m > [22mV2 MCP Tool Compatibility[2m > [22mGitHub Tools[2m > [22mshould support V2 tool: 'github/issue-create'
 [32mΓ£ô[39m v3/@claude-flow/testing/src/v2-compat/mcp-compat.test.ts[2m > [22mV2 MCP Tool Compatibility[2m > [22mGitHub Tools[2m > [22mshould handle PR creation
 [32mΓ£ô[39m v3/@claude-flow/testing/src/v2-compat/mcp-compat.test.ts[2m > [22mV2 MCP Tool Compatibility[2m > [22mGitHub Tools[2m > [22mshould handle PR review
 [32mΓ£ô[39m v3/@claude-flow/testing/src/v2-compat/mcp-compat.test.ts[2m > [22mV2 MCP Tool Compatibility[2m > [22mError Handling[2m > [22mshould throw for unknown tool
 [32mΓ£ô[39m v3/@claude-flow/testing/src/v2-compat/mcp-compat.test.ts[2m > [22mV2 MCP Tool Compatibility[2m > [22mError Handling[2m > [22mshould handle missing required parameters gracefully
 [32mΓ£ô[39m v3/@claude-flow/testing/src/v2-compat/mcp-compat.test.ts[2m > [22mV2 MCP Tool Compatibility[2m > [22mFull MCP Validation[2m > [22mshould pass full MCP validation
 [32mΓ£ô[39m v3/@claude-flow/testing/src/v2-compat/mcp-compat.test.ts[2m > [22mV2 MCP Tool Compatibility[2m > [22mFull MCP Validation[2m > [22mshould detect all V2 MCP tools
 [32mΓ£ô[39m v3/@claude-flow/testing/src/v2-compat/mcp-compat.test.ts[2m > [22mV2 MCP Tool Compatibility[2m > [22mFull MCP Validation[2m > [22mshould verify parameter translation
 [32mΓ£ô[39m v3/@claude-flow/testing/src/v2-compat/mcp-compat.test.ts[2m > [22mV2 MCP Tool Compatibility[2m > [22mFull MCP Validation[2m > [22mshould identify V3 equivalents
 [32mΓ£ô[39m v3/@claude-flow/testing/src/v2-compat/mcp-compat.test.ts[2m > [22mV2 MCP Tool Compatibility[2m > [22mFull MCP Validation[2m > [22mshould report breaking changes correctly
 [32mΓ£ô[39m v3/@claude-flow/testing/src/v2-compat/mcp-compat.test.ts[2m > [22mV2 MCP Tool Compatibility[2m > [22mResponse Format Compatibility[2m > [22mshould return consistent agent info format
 [32mΓ£ô[39m v3/@claude-flow/testing/src/v2-compat/mcp-compat.test.ts[2m > [22mV2 MCP Tool Compatibility[2m > [22mResponse Format Compatibility[2m > [22mshould return array for list operations
 [32mΓ£ô[39m v3/@claude-flow/testing/src/v2-compat/mcp-compat.test.ts[2m > [22mV2 MCP Tool Compatibility[2m > [22mResponse Format Compatibility[2m > [22mshould return success boolean for mutations
 [32mΓ£ô[39m v3/@claude-flow/testing/src/v2-compat/mcp-compat.test.ts[2m > [22mMCP Tool Coverage[2m > [22mshould define at least 30 V2 MCP tools
 [32mΓ£ô[39m v3/@claude-flow/testing/src/v2-compat/mcp-compat.test.ts[2m > [22mMCP Tool Coverage[2m > [22mshould have V3 equivalents for most tools
 [32mΓ£ô[39m v3/@claude-flow/testing/src/v2-compat/mcp-compat.test.ts[2m > [22mMCP Tool Coverage[2m > [22mshould categorize tools correctly
 [32mΓ£ô[39m v3/@claude-flow/testing/src/v2-compat/mcp-compat.test.ts[2m > [22mMCP Tool Coverage[2m > [22mshould define required parameters correctly
 [32mΓ£ô[39m v3/@claude-flow/guidance/tests/persistence.test.ts[2m > [22mPersistentLedger[2m > [22mimport/export compatibility with base RunLedger[2m > [22mshould import events from base RunLedger.exportEvents()
TAP version 13
 [32mΓ£ô[39m v3/plugins/financial-risk/tests/types.test.ts[2m > [22mFinancial Risk Types[2m > [22mPortfolioRiskInputSchema[2m > [22mshould validate valid portfolio risk input
 [32mΓ£ô[39m v3/plugins/financial-risk/tests/types.test.ts[2m > [22mFinancial Risk Types[2m > [22mPortfolioRiskInputSchema[2m > [22mshould use defaults when not provided
 [32mΓ£ô[39m v3/plugins/financial-risk/tests/types.test.ts[2m > [22mFinancial Risk Types[2m > [22mPortfolioRiskInputSchema[2m > [22mshould validate stock symbol format
 [32mΓ£ô[39m v3/plugins/financial-risk/tests/types.test.ts[2m > [22mFinancial Risk Types[2m > [22mPortfolioRiskInputSchema[2m > [22mshould reject invalid stock symbols
 [32mΓ£ô[39m v3/plugins/financial-risk/tests/types.test.ts[2m > [22mFinancial Risk Types[2m > [22mPortfolioRiskInputSchema[2m > [22mshould reject empty holdings array
 [32mΓ£ô[39m v3/plugins/financial-risk/tests/types.test.ts[2m > [22mFinancial Risk Types[2m > [22mPortfolioRiskInputSchema[2m > [22mshould reject confidence level outside range
 [32mΓ£ô[39m v3/plugins/financial-risk/tests/types.test.ts[2m > [22mFinancial Risk Types[2m > [22mPortfolioRiskInputSchema[2m > [22mshould validate all horizon values
 [32mΓ£ô[39m v3/plugins/financial-risk/tests/types.test.ts[2m > [22mFinancial Risk Types[2m > [22mPortfolioRiskInputSchema[2m > [22mshould validate all risk metric types
 [32mΓ£ô[39m v3/plugins/financial-risk/tests/types.test.ts[2m > [22mFinancial Risk Types[2m > [22mPortfolioRiskInputSchema[2m > [22mshould reject too many holdings
 [32mΓ£ô[39m v3/plugins/financial-risk/tests/types.test.ts[2m > [22mFinancial Risk Types[2m > [22mAnomalyDetectInputSchema[2m > [22mshould validate valid anomaly detection input
 [32mΓ£ô[39m v3/plugins/financial-risk/tests/types.test.ts[2m > [22mFinancial Risk Types[2m > [22mAnomalyDetectInputSchema[2m > [22mshould use defaults when not provided
 [32mΓ£ô[39m v3/plugins/financial-risk/tests/types.test.ts[2m > [22mFinancial Risk Types[2m > [22mAnomalyDetectInputSchema[2m > [22mshould reject invalid UUID
 [32mΓ£ô[39m v3/plugins/financial-risk/tests/types.test.ts[2m > [22mFinancial Risk Types[2m > [22mAnomalyDetectInputSchema[2m > [22mshould reject invalid timestamp format
 [32mΓ£ô[39m v3/plugins/financial-risk/tests/types.test.ts[2m > [22mFinancial Risk Types[2m > [22mAnomalyDetectInputSchema[2m > [22mshould validate all context types
 [32mΓ£ô[39m v3/plugins/financial-risk/tests/types.test.ts[2m > [22mFinancial Risk Types[2m > [22mAnomalyDetectInputSchema[2m > [22mshould reject sensitivity outside range
 [32mΓ£ô[39m v3/plugins/financial-risk/tests/types.test.ts[2m > [22mFinancial Risk Types[2m > [22mAnomalyDetectInputSchema[2m > [22mshould reject empty transactions array
 [32mΓ£ô[39m v3/plugins/financial-risk/tests/types.test.ts[2m > [22mFinancial Risk Types[2m > [22mMarketRegimeInputSchema[2m > [22mshould validate valid market regime input
 [32mΓ£ô[39m v3/plugins/financial-risk/tests/types.test.ts[2m > [22mFinancial Risk Types[2m > [22mMarketRegimeInputSchema[2m > [22mshould use default lookback period
 [32mΓ£ô[39m v3/plugins/financial-risk/tests/types.test.ts[2m > [22mFinancial Risk Types[2m > [22mMarketRegimeInputSchema[2m > [22mshould reject too few prices
 [32mΓ£ô[39m v3/plugins/financial-risk/tests/types.test.ts[2m > [22mFinancial Risk Types[2m > [22mMarketRegimeInputSchema[2m > [22mshould validate with optional data
 [32mΓ£ô[39m v3/plugins/financial-risk/tests/types.test.ts[2m > [22mFinancial Risk Types[2m > [22mMarketRegimeInputSchema[2m > [22mshould validate all regime types
 [32mΓ£ô[39m v3/plugins/financial-risk/tests/types.test.ts[2m > [22mFinancial Risk Types[2m > [22mComplianceCheckInputSchema[2m > [22mshould validate valid compliance check input
 [32mΓ£ô[39m v3/plugins/financial-risk/tests/types.test.ts[2m > [22mFinancial Risk Types[2m > [22mComplianceCheckInputSchema[2m > [22mshould use default scope
 [32mΓ£ô[39m v3/plugins/financial-risk/tests/types.test.ts[2m > [22mFinancial Risk Types[2m > [22mComplianceCheckInputSchema[2m > [22mshould validate all regulation types
 [32mΓ£ô[39m v3/plugins/financial-risk/tests/types.test.ts[2m > [22mFinancial Risk Types[2m > [22mComplianceCheckInputSchema[2m > [22mshould validate all scope types
 [32mΓ£ô[39m v3/plugins/financial-risk/tests/types.test.ts[2m > [22mFinancial Risk Types[2m > [22mComplianceCheckInputSchema[2m > [22mshould reject empty regulations array
 [32mΓ£ô[39m v3/plugins/financial-risk/tests/types.test.ts[2m > [22mFinancial Risk Types[2m > [22mComplianceCheckInputSchema[2m > [22mshould validate date format
 [32mΓ£ô[39m v3/plugins/financial-risk/tests/types.test.ts[2m > [22mFinancial Risk Types[2m > [22mStressTestInputSchema[2m > [22mshould validate valid stress test input
 [32mΓ£ô[39m v3/plugins/financial-risk/tests/types.test.ts[2m > [22mFinancial Risk Types[2m > [22mStressTestInputSchema[2m > [22mshould validate all scenario types
 [32mΓ£ô[39m v3/plugins/financial-risk/tests/types.test.ts[2m > [22mFinancial Risk Types[2m > [22mStressTestInputSchema[2m > [22mshould validate shock ranges
 [32mΓ£ô[39m v3/plugins/financial-risk/tests/types.test.ts[2m > [22mFinancial Risk Types[2m > [22mStressTestInputSchema[2m > [22mshould reject shocks outside valid range
 [32mΓ£ô[39m v3/plugins/financial-risk/tests/types.test.ts[2m > [22mFinancial Risk Types[2m > [22mStressTestInputSchema[2m > [22mshould reject too many scenarios
 [32mΓ£ô[39m v3/plugins/financial-risk/tests/types.test.ts[2m > [22mFinancial Risk Types[2m > [22mStressTestInputSchema[2m > [22mshould reject empty scenarios array
 [32mΓ£ô[39m v3/plugins/financial-risk/tests/types.test.ts[2m > [22mFinancial Risk Types[2m > [22mResult Helpers[2m > [22mshould create success result
 [32mΓ£ô[39m v3/plugins/financial-risk/tests/types.test.ts[2m > [22mFinancial Risk Types[2m > [22mResult Helpers[2m > [22mshould create error result from string
 [32mΓ£ô[39m v3/plugins/financial-risk/tests/types.test.ts[2m > [22mFinancial Risk Types[2m > [22mResult Helpers[2m > [22mshould create error result from Error object
 [32mΓ£ô[39m v3/plugins/financial-risk/tests/types.test.ts[2m > [22mFinancial Risk Types[2m > [22mDefault Configuration[2m > [22mshould have valid default configuration
 [32mΓ£ô[39m v3/plugins/financial-risk/tests/types.test.ts[2m > [22mFinancial Risk Types[2m > [22mDefault Configuration[2m > [22mshould have valid risk configuration
 [32mΓ£ô[39m v3/plugins/financial-risk/tests/types.test.ts[2m > [22mFinancial Risk Types[2m > [22mDefault Configuration[2m > [22mshould have valid anomaly configuration
 [32mΓ£ô[39m v3/plugins/financial-risk/tests/types.test.ts[2m > [22mFinancial Risk Types[2m > [22mDefault Configuration[2m > [22mshould have valid stress test configuration
 [32mΓ£ô[39m v3/plugins/financial-risk/tests/types.test.ts[2m > [22mFinancial Risk Types[2m > [22mError Codes[2m > [22mshould have all expected error codes
 [32mΓ£ô[39m v3/plugins/financial-risk/tests/types.test.ts[2m > [22mFinancial Risk Types[2m > [22mRole Permissions[2m > [22mshould define permissions for TRADER
 [32mΓ£ô[39m v3/plugins/financial-risk/tests/types.test.ts[2m > [22mFinancial Risk Types[2m > [22mRole Permissions[2m > [22mshould define permissions for RISK_MANAGER
 [32mΓ£ô[39m v3/plugins/financial-risk/tests/types.test.ts[2m > [22mFinancial Risk Types[2m > [22mRole Permissions[2m > [22mshould define permissions for COMPLIANCE_OFFICER
 [32mΓ£ô[39m v3/plugins/financial-risk/tests/types.test.ts[2m > [22mFinancial Risk Types[2m > [22mRole Permissions[2m > [22mshould have full permissions for ADMIN
 [32mΓ£ô[39m v3/plugins/financial-risk/tests/types.test.ts[2m > [22mFinancial Risk Types[2m > [22mRate Limits[2m > [22mshould define rate limits for all tools
 [32mΓ£ô[39m v3/plugins/financial-risk/tests/types.test.ts[2m > [22mFinancial Risk Types[2m > [22mRate Limits[2m > [22mshould have lower limits for stress test
# Subtest: RvfEventLog\#initialize
    # Subtest: creates event file with magic header
    ok 1 - creates event file with magic header
      ---
      duration_ms: 65.8817
      type: 'test'
      ...
    # Subtest: creates snapshot file alongside event file
    ok 2 - creates snapshot file alongside event file
      ---
      duration_ms: 17.2554
      type: 'test'
      ...
    # Subtest: rebuilds indexes on re-open
    ok 3 - rebuilds indexes on re-open
      ---
      duration_ms: 29.5699
      type: 'test'
      ...
    # Subtest: emits initialized event
    ok 4 - emits initialized event
      ---
      duration_ms: 24.9973
      type: 'test'
      ...
    # Subtest: is idempotent when called twice
    ok 5 - is idempotent when called twice
      ---
      duration_ms: 20.2937
      type: 'test'
      ...
    1..5
ok 1 - RvfEventLog\#initialize
  ---
  duration_ms: 175.679
  type: 'suite'
  ...
# Subtest: RvfEventLog\#append
    # Subtest: assigns incrementing versions per aggregate
    ok 1 - assigns incrementing versions per aggregate
      ---
      duration_ms: 22.0716
      type: 'test'
      ...
    # Subtest: persists to disk immediately
    ok 2 - persists to disk immediately
      ---
      duration_ms: 21.352
      type: 'test'
      ...
    # Subtest: emits event:appended
    ok 3 - emits event:appended
      ---
      duration_ms: 34.9466
      type: 'test'
      ...
    # Subtest: throws when not initialized
    ok 4 - throws when not initialized
      ---
      duration_ms: 16.7334
      type: 'test'
      ...
    1..4
ok 2 - RvfEventLog\#append
  ---
  duration_ms: 102.5954
  type: 'suite'
  ...
# Subtest: RvfEventLog\#getEvents
    # Subtest: filters by aggregateId
    ok 1 - filters by aggregateId
      ---
      duration_ms: 25.5321
      type: 'test'
      ...
    # Subtest: filters by fromVersion
    ok 2 - filters by fromVersion
      ---
      duration_ms: 37.5755
      type: 'test'
      ...
    # Subtest: returns empty array for unknown aggregate
    ok 3 - returns empty array for unknown aggregate
      ---
      duration_ms: 25.1112
      type: 'test'
      ...
    1..3
ok 3 - RvfEventLog\#getEvents
  ---
  duration_ms: 88.5727
  type: 'suite'
  ...
# Subtest: RvfEventLog\#getAllEvents
    # Subtest: returns all events sorted by timestamp when no filter
    ok 1 - returns all events sorted by timestamp when no filter
      ---
      duration_ms: 28.9442
      type: 'test'
      ...
    # Subtest: filters by eventTypes
    ok 2 - filters by eventTypes
      ---
      duration_ms: 19.4184
      type: 'test'
      ...
    # Subtest: filters by timestamps (after/before)
    ok 3 - filters by timestamps (after/before)
      ---
      duration_ms: 24.8996
      type: 'test'
      ...
    # Subtest: supports pagination (offset + limit)
    ok 4 - supports pagination (offset + limit)
      ---
      duration_ms: 26.9646
      type: 'test'
      ...
    1..4
ok 4 - RvfEventLog\#getAllEvents
  ---
  duration_ms: 100.6267
  type: 'suite'
  ...
# Subtest: RvfEventLog\#snapshots
    # Subtest: saveSnapshot persists and getSnapshot retrieves
    ok 1 - saveSnapshot persists and getSnapshot retrieves
      ---
      duration_ms: 17.3402
      type: 'test'
      ...
    # Subtest: returns null for missing snapshot
    ok 2 - returns null for missing snapshot
      ---
      duration_ms: 13.152
      type: 'test'
      ...
    # Subtest: multiple snapshots: latest wins
    ok 3 - multiple snapshots: latest wins
      ---
      duration_ms: 23.9433
      type: 'test'
      ...
    # Subtest: snapshots survive close and re-initialize
    ok 4 - snapshots survive close and re-initialize
      ---
      duration_ms: 26.4189
      type: 'test'
      ...
    1..4
ok 5 - RvfEventLog\#snapshots
  ---
  duration_ms: 81.2399
  type: 'suite'
  ...
# Subtest: RvfEventLog\#getStats
    # Subtest: returns correct statistics
    ok 1 - returns correct statistics
      ---
      duration_ms: 21.7989
      type: 'test'
      ...
    # Subtest: returns nulls for empty log
    ok 2 - returns nulls for empty log
      ---
      duration_ms: 9.22
      type: 'test'
      ...
    1..2
ok 6 - RvfEventLog\#getStats
  ---
  duration_ms: 31.2639
  type: 'suite'
  ...
# Subtest: RvfEventLog persistence
    # Subtest: data survives close and re-initialize cycle
    ok 1 - data survives close and re-initialize cycle
      ---
      duration_ms: 35.4293
      type: 'test'
      ...
    # Subtest: truncated records are handled gracefully
    ok 2 - truncated records are handled gracefully
      ---
      duration_ms: 14.494
      type: 'test'
      ...
    1..2
ok 7 - RvfEventLog persistence
  ---
  duration_ms: 50.1648
  type: 'suite'
  ...
# Subtest: RvfEventLog\#close
    # Subtest: clears in-memory state
    ok 1 - clears in-memory state
      ---
      duration_ms: 12.0832
      type: 'test'
      ...
    # Subtest: prevents append after close
    ok 2 - prevents append after close
      ---
      duration_ms: 13.3976
      type: 'test'
      ...
    # Subtest: emits shutdown event
    ok 3 - emits shutdown event
      ---
      duration_ms: 17.0837
      type: 'test'
      ...
    # Subtest: is idempotent
    ok 4 - is idempotent
      ---
      duration_ms: 12.1741
      type: 'test'
      ...
    1..4
ok 8 - RvfEventLog\#close
  ---
  duration_ms: 55.1153
  type: 'suite'
  ...
# Subtest: RvfEventLog edge cases
    # Subtest: empty log returns empty arrays
    ok 1 - empty log returns empty arrays
      ---
      duration_ms: 10.6236
      type: 'test'
      ...
    # Subtest: corrupt JSON records are skipped
    ok 2 - corrupt JSON records are skipped
      ---
      duration_ms: 15.2652
      type: 'test'
      ...
    # Subtest: handles large number of events
    ok 3 - handles large number of events
      ---
      duration_ms: 708.0661
      type: 'test'
      ...
    # Subtest: invalid file header throws
    ok 4 - invalid file header throws
      ---
      duration_ms: 18.3336
      type: 'test'
      ...
    # Subtest: snapshot:recommended emitted at threshold
    ok 5 - snapshot:recommended emitted at threshold
      ---
      duration_ms: 38.2684
      type: 'test'
      ...
    1..5
ok 9 - RvfEventLog edge cases
  ---
  duration_ms: 790.9899
  type: 'suite'
  ...
 [32mΓ£ô[39m v3/@claude-flow/guidance/tests/persistence.test.ts[2m > [22mPersistentLedger[2m > [22mimport/export compatibility with base RunLedger[2m > [22mshould support metrics computation after load
 [32mΓ£ô[39m v3/@claude-flow/guidance/tests/persistence.test.ts[2m > [22mPersistentLedger[2m > [22mimport/export compatibility with base RunLedger[2m > [22mshould support metrics computation after load
 [32mΓ£ô[39m v3/@claude-flow/guidance/tests/persistence.test.ts[2m > [22mPersistentLedger[2m > [22mdestroy[2m > [22mshould clean up resources without removing storage files
 [32mΓ£ô[39m v3/@claude-flow/guidance/tests/persistence.test.ts[2m > [22mPersistentLedger[2m > [22mdestroy[2m > [22mshould clean up resources without removing storage files
 [32mΓ£ô[39m v3/@claude-flow/guidance/tests/persistence.test.ts[2m > [22mFactory functions[2m > [22mcreatePersistentLedger should create a PersistentLedger instance
 [32mΓ£ô[39m v3/@claude-flow/guidance/tests/persistence.test.ts[2m > [22mFactory functions[2m > [22mcreatePersistentLedger should create a PersistentLedger instance
 [32mΓ£ô[39m v3/@claude-flow/guidance/tests/persistence.test.ts[2m > [22mFactory functions[2m > [22mcreateEventStore should create an EventStore instance
 [32mΓ£ô[39m v3/@claude-flow/guidance/tests/persistence.test.ts[2m > [22mFactory functions[2m > [22mcreatePersistentLedger with defaults should use default config
 [32mΓ£ô[39m v3/@claude-flow/guidance/tests/persistence.test.ts[2m > [22mFactory functions[2m > [22mcreatePersistentLedger with defaults should use default config
 [32mΓ£ô[39m v3/@claude-flow/cli/__tests__/commands-deep.test.ts[2m > [22mCommand Definitions[2m > [22magent command[2m > [22mshould have correct name and description
 [32mΓ£ô[39m v3/@claude-flow/cli/__tests__/commands-deep.test.ts[2m > [22mCommand Definitions[2m > [22magent command[2m > [22mshould have 8 subcommands
 [32mΓ£ô[39m v3/@claude-flow/cli/__tests__/commands-deep.test.ts[2m > [22mCommand Definitions[2m > [22magent command[2m > [22mshould have an action or subcommands with actions
 [32mΓ£ô[39m v3/@claude-flow/cli/__tests__/commands-deep.test.ts[2m > [22mCommand Definitions[2m > [22magent command[2m > [22meach subcommand should have name and description
 [32mΓ£ô[39m v3/@claude-flow/cli/__tests__/commands-deep.test.ts[2m > [22mCommand Definitions[2m > [22mswarm command[2m > [22mshould have correct name
 [32mΓ£ô[39m v3/@claude-flow/cli/__tests__/commands-deep.test.ts[2m > [22mCommand Definitions[2m > [22mswarm command[2m > [22mshould have subcommands including init, status, deploy, scale
 [32mΓ£ô[39m v3/@claude-flow/cli/__tests__/commands-deep.test.ts[2m > [22mCommand Definitions[2m > [22mmemory command[2m > [22mshould have correct name
 [32mΓ£ô[39m v3/@claude-flow/cli/__tests__/commands-deep.test.ts[2m > [22mCommand Definitions[2m > [22mmemory command[2m > [22mshould have subcommands for store, retrieve, search, list
 [32mΓ£ô[39m v3/@claude-flow/cli/__tests__/commands-deep.test.ts[2m > [22mCommand Definitions[2m > [22mconfig command[2m > [22mshould have correct name
 [32mΓ£ô[39m v3/@claude-flow/cli/__tests__/commands-deep.test.ts[2m > [22mCommand Definitions[2m > [22mconfig command[2m > [22mshould have subcommands including init, get, set
 [32mΓ£ô[39m v3/@claude-flow/cli/__tests__/commands-deep.test.ts[2m > [22mCommand Definitions[2m > [22minit command[2m > [22mshould have correct name
 [32mΓ£ô[39m v3/@claude-flow/cli/__tests__/commands-deep.test.ts[2m > [22mCommand Definitions[2m > [22minit command[2m > [22mshould have options or subcommands
 [32mΓ£ô[39m v3/@claude-flow/cli/__tests__/commands-deep.test.ts[2m > [22mCommand Definitions[2m > [22mstatus command[2m > [22mshould have correct name
 [32mΓ£ô[39m v3/@claude-flow/cli/__tests__/commands-deep.test.ts[2m > [22mCommand Definitions[2m > [22mtask command[2m > [22mshould have correct name
 [32mΓ£ô[39m v3/@claude-flow/cli/__tests__/commands-deep.test.ts[2m > [22mCommand Definitions[2m > [22mtask command[2m > [22mshould have subcommands
 [32mΓ£ô[39m v3/@claude-flow/cli/__tests__/commands-deep.test.ts[2m > [22mCommand Definitions[2m > [22msession command[2m > [22mshould have correct name
 [32mΓ£ô[39m v3/@claude-flow/cli/__tests__/commands-deep.test.ts[2m > [22mCommand Definitions[2m > [22msession command[2m > [22mshould have subcommands for start, end, restore, list
 [32mΓ£ô[39m v3/@claude-flow/cli/__tests__/commands-deep.test.ts[2m > [22mCommand Definitions[2m > [22mmcp command[2m > [22mshould have correct name
 [32mΓ£ô[39m v3/@claude-flow/cli/__tests__/commands-deep.test.ts[2m > [22mCommand Definitions[2m > [22mmcp command[2m > [22mshould have subcommands
 [32mΓ£ô[39m v3/@claude-flow/cli/__tests__/commands-deep.test.ts[2m > [22mCommand Definitions[2m > [22mhooks command[2m > [22mshould have correct name
 [32mΓ£ô[39m v3/@claude-flow/cli/__tests__/commands-deep.test.ts[2m > [22mCommand Definitions[2m > [22mhooks command[2m > [22mshould have many subcommands (17+)
 [32mΓ£ô[39m v3/@claude-flow/cli/__tests__/commands-deep.test.ts[2m > [22mCommand Definitions[2m > [22mdaemon command[2m > [22mshould have correct name
 [32mΓ£ô[39m v3/@claude-flow/cli/__tests__/commands-deep.test.ts[2m > [22mCommand Definitions[2m > [22mdaemon command[2m > [22mshould have subcommands for start, stop, status
 [32mΓ£ô[39m v3/@claude-flow/cli/__tests__/commands-deep.test.ts[2m > [22mCommand Definitions[2m > [22mdoctor command[2m > [22mshould have correct name
 [32mΓ£ô[39m v3/@claude-flow/cli/__tests__/commands-deep.test.ts[2m > [22mCommand Definitions[2m > [22membeddings command[2m > [22mshould have correct name
 [32mΓ£ô[39m v3/@claude-flow/cli/__tests__/commands-deep.test.ts[2m > [22mCommand Definitions[2m > [22membeddings command[2m > [22mshould have subcommands
 [32mΓ£ô[39m v3/@claude-flow/cli/__tests__/commands-deep.test.ts[2m > [22mCommand Definitions[2m > [22mneural command[2m > [22mshould have correct name
 [32mΓ£ô[39m v3/@claude-flow/cli/__tests__/commands-deep.test.ts[2m > [22mCommand Definitions[2m > [22mneural command[2m > [22mshould have subcommands
 [32mΓ£ô[39m v3/@claude-flow/cli/__tests__/commands-deep.test.ts[2m > [22mCommand Definitions[2m > [22mperformance command[2m > [22mshould have correct name
 [32mΓ£ô[39m v3/@claude-flow/cli/__tests__/commands-deep.test.ts[2m > [22mCommand Definitions[2m > [22mperformance command[2m > [22mshould have subcommands
 [32mΓ£ô[39m v3/@claude-flow/cli/__tests__/commands-deep.test.ts[2m > [22mCommand Definitions[2m > [22msecurity command[2m > [22mshould have correct name
 [32mΓ£ô[39m v3/@claude-flow/cli/__tests__/commands-deep.test.ts[2m > [22mCommand Definitions[2m > [22msecurity command[2m > [22mshould have subcommands
 [32mΓ£ô[39m v3/@claude-flow/cli/__tests__/commands-deep.test.ts[2m > [22mCommand Definitions[2m > [22mhive-mind command[2m > [22mshould have correct name
 [32mΓ£ô[39m v3/@claude-flow/cli/__tests__/commands-deep.test.ts[2m > [22mCommand Definitions[2m > [22mhive-mind command[2m > [22mshould have subcommands
 [32mΓ£ô[39m v3/@claude-flow/cli/__tests__/commands-deep.test.ts[2m > [22mCommand Definitions[2m > [22mcompletions command[2m > [22mshould have correct name
 [32mΓ£ô[39m v3/@claude-flow/cli/__tests__/commands-deep.test.ts[2m > [22mCommand Definitions[2m > [22mcompletions command[2m > [22mshould have subcommands for bash, zsh, fish, powershell
 [32mΓ£ô[39m v3/@claude-flow/cli/__tests__/commands-deep.test.ts[2m > [22mCommand Definitions[2m > [22mmigrate command[2m > [22mshould have correct name
 [32mΓ£ô[39m v3/@claude-flow/cli/__tests__/commands-deep.test.ts[2m > [22mCommand Definitions[2m > [22mmigrate command[2m > [22mshould have subcommands
 [32mΓ£ô[39m v3/@claude-flow/cli/__tests__/commands-deep.test.ts[2m > [22mCommand Definitions[2m > [22mworkflow command[2m > [22mshould have correct name
 [32mΓ£ô[39m v3/@claude-flow/cli/__tests__/commands-deep.test.ts[2m > [22mCommand Definitions[2m > [22mworkflow command[2m > [22mshould have subcommands
 [32mΓ£ô[39m v3/@claude-flow/cli/__tests__/commands-deep.test.ts[2m > [22mCommand Definitions[2m > [22mclaims command[2m > [22mshould have correct name
 [32mΓ£ô[39m v3/@claude-flow/cli/__tests__/commands-deep.test.ts[2m > [22mCommand Definitions[2m > [22mclaims command[2m > [22mshould have subcommands
 [32mΓ£ô[39m v3/@claude-flow/cli/__tests__/commands-deep.test.ts[2m > [22mCommand Definitions[2m > [22mdeployment command[2m > [22mshould have correct name
 [32mΓ£ô[39m v3/@claude-flow/cli/__tests__/commands-deep.test.ts[2m > [22mCommand Definitions[2m > [22mdeployment command[2m > [22mshould have subcommands
 [32mΓ£ô[39m v3/@claude-flow/cli/__tests__/commands-deep.test.ts[2m > [22mCommand Definitions[2m > [22mproviders command[2m > [22mshould have correct name
 [32mΓ£ô[39m v3/@claude-flow/cli/__tests__/commands-deep.test.ts[2m > [22mCommand Definitions[2m > [22mproviders command[2m > [22mshould have subcommands
 [32mΓ£ô[39m v3/@claude-flow/cli/__tests__/commands-deep.test.ts[2m > [22mCommand Definitions[2m > [22mplugins command[2m > [22mshould have correct name
 [32mΓ£ô[39m v3/@claude-flow/cli/__tests__/commands-deep.test.ts[2m > [22mCommand Definitions[2m > [22mplugins command[2m > [22mshould have subcommands
 [32mΓ£ô[39m v3/@claude-flow/cli/__tests__/commands-deep.test.ts[2m > [22mCommand Definitions[2m > [22mprocess command[2m > [22mshould have correct name
 [32mΓ£ô[39m v3/@claude-flow/cli/__tests__/commands-deep.test.ts[2m > [22mCommand Definitions[2m > [22mstart command[2m > [22mshould have correct name
 [32mΓ£ô[39m v3/@claude-flow/cli/__tests__/commands-deep.test.ts[2m > [22mCommand Definitions[2m > [22manalyze command[2m > [22mshould have correct name
 [32mΓ£ô[39m v3/@claude-flow/cli/__tests__/commands-deep.test.ts[2m > [22mCommand Definitions[2m > [22manalyze command[2m > [22mshould have subcommands
 [32mΓ£ô[39m v3/@claude-flow/cli/__tests__/commands-deep.test.ts[2m > [22mCommand Definitions[2m > [22mroute command[2m > [22mshould have correct name
 [32mΓ£ô[39m v3/@claude-flow/cli/__tests__/commands-deep.test.ts[2m > [22mCommand Definitions[2m > [22mprogress command[2m > [22mshould have correct name
 [32mΓ£ô[39m v3/@claude-flow/cli/__tests__/commands-deep.test.ts[2m > [22mCommand Definitions[2m > [22missues command[2m > [22mshould have correct name
 [32mΓ£ô[39m v3/@claude-flow/cli/__tests__/commands-deep.test.ts[2m > [22mCommand Definitions[2m > [22mupdate command[2m > [22mshould have correct name
 [32mΓ£ô[39m v3/@claude-flow/cli/__tests__/commands-deep.test.ts[2m > [22mCommand Definitions[2m > [22mguidance command[2m > [22mshould have correct name
 [32mΓ£ô[39m v3/@claude-flow/cli/__tests__/commands-deep.test.ts[2m > [22mCommand Definitions[2m > [22mguidance command[2m > [22mshould have subcommands
 [32mΓ£ô[39m v3/@claude-flow/cli/__tests__/commands-deep.test.ts[2m > [22mCommand Definitions[2m > [22mappliance command[2m > [22mshould have correct name
 [32mΓ£ô[39m v3/@claude-flow/cli/__tests__/commands-deep.test.ts[2m > [22mCommand Definitions[2m > [22mappliance command[2m > [22mshould have subcommands including build, inspect, verify
 [32mΓ£ô[39m v3/@claude-flow/cli/__tests__/commands-deep.test.ts[2m > [22mCommand Definitions[2m > [22mruvector command[2m > [22mshould have correct name
 [32mΓ£ô[39m v3/@claude-flow/cli/__tests__/commands-deep.test.ts[2m > [22mBulk Command Structure Validation[2m > [22m'agent': should have non-empty description
 [32mΓ£ô[39m v3/@claude-flow/cli/__tests__/commands-deep.test.ts[2m > [22mBulk Command Structure Validation[2m > [22m'swarm': should have non-empty description
 [32mΓ£ô[39m v3/@claude-flow/cli/__tests__/commands-deep.test.ts[2m > [22mBulk Command Structure Validation[2m > [22m'memory': should have non-empty description
 [32mΓ£ô[39m v3/@claude-flow/cli/__tests__/commands-deep.test.ts[2m > [22mBulk Command Structure Validation[2m > [22m'config': should have non-empty description
 [32mΓ£ô[39m v3/@claude-flow/cli/__tests__/commands-deep.test.ts[2m > [22mBulk Command Structure Validation[2m > [22m'init': should have non-empty description
 [32mΓ£ô[39m v3/@claude-flow/cli/__tests__/commands-deep.test.ts[2m > [22mBulk Command Structure Validation[2m > [22m'status': should have non-empty description
 [32mΓ£ô[39m v3/@claude-flow/cli/__tests__/commands-deep.test.ts[2m > [22mBulk Command Structure Validation[2m > [22m'task': should have non-empty description
 [32mΓ£ô[39m v3/@claude-flow/cli/__tests__/commands-deep.test.ts[2m > [22mBulk Command Structure Validation[2m > [22m'session': should have non-empty description
 [32mΓ£ô[39m v3/@claude-flow/cli/__tests__/commands-deep.test.ts[2m > [22mBulk Command Structure Validation[2m > [22m'mcp': should have non-empty description
 [32mΓ£ô[39m v3/@claude-flow/cli/__tests__/commands-deep.test.ts[2m > [22mBulk Command Structure Validation[2m > [22m'hooks': should have non-empty description
 [32mΓ£ô[39m v3/@claude-flow/cli/__tests__/commands-deep.test.ts[2m > [22mBulk Command Structure Validation[2m > [22m'daemon': should have non-empty description
 [32mΓ£ô[39m v3/@claude-flow/cli/__tests__/commands-deep.test.ts[2m > [22mBulk Command Structure Validation[2m > [22m'doctor': should have non-empty description
 [32mΓ£ô[39m v3/@claude-flow/cli/__tests__/commands-deep.test.ts[2m > [22mBulk Command Structure Validation[2m > [22m'embeddings': should have non-empty description
 [32mΓ£ô[39m v3/@claude-flow/cli/__tests__/commands-deep.test.ts[2m > [22mBulk Command Structure Validation[2m > [22m'neural': should have non-empty description
 [32mΓ£ô[39m v3/@claude-flow/cli/__tests__/commands-deep.test.ts[2m > [22mBulk Command Structure Validation[2m > [22m'performance': should have non-empty description
 [32mΓ£ô[39m v3/@claude-flow/cli/__tests__/commands-deep.test.ts[2m > [22mBulk Command Structure Validation[2m > [22m'security': should have non-empty description
 [32mΓ£ô[39m v3/@claude-flow/cli/__tests__/commands-deep.test.ts[2m > [22mBulk Command Structure Validation[2m > [22m'hive-mind': should have non-empty description
 [32mΓ£ô[39m v3/@claude-flow/cli/__tests__/commands-deep.test.ts[2m > [22mBulk Command Structure Validation[2m > [22m'completions': should have non-empty description
 [32mΓ£ô[39m v3/@claude-flow/cli/__tests__/commands-deep.test.ts[2m > [22mBulk Command Structure Validation[2m > [22m'migrate': should have non-empty description
 [32mΓ£ô[39m v3/@claude-flow/cli/__tests__/commands-deep.test.ts[2m > [22mBulk Command Structure Validation[2m > [22m'workflow': should have non-empty description
 [32mΓ£ô[39m v3/@claude-flow/cli/__tests__/commands-deep.test.ts[2m > [22mBulk Command Structure Validation[2m > [22m'claims': should have non-empty description
 [32mΓ£ô[39m v3/@claude-flow/cli/__tests__/commands-deep.test.ts[2m > [22mBulk Command Structure Validation[2m > [22m'deployment': should have non-empty description
 [32mΓ£ô[39m v3/@claude-flow/cli/__tests__/commands-deep.test.ts[2m > [22mBulk Command Structure Validation[2m > [22m'providers': should have non-empty description
 [32mΓ£ô[39m v3/@claude-flow/cli/__tests__/commands-deep.test.ts[2m > [22mBulk Command Structure Validation[2m > [22m'plugins': should have non-empty description
 [32mΓ£ô[39m v3/@claude-flow/cli/__tests__/commands-deep.test.ts[2m > [22mBulk Command Structure Validation[2m > [22m'process': should have non-empty description
 [32mΓ£ô[39m v3/@claude-flow/cli/__tests__/commands-deep.test.ts[2m > [22mBulk Command Structure Validation[2m > [22m'start': should have non-empty description
 [32mΓ£ô[39m v3/@claude-flow/cli/__tests__/commands-deep.test.ts[2m > [22mBulk Command Structure Validation[2m > [22m'analyze': should have non-empty description
 [32mΓ£ô[39m v3/@claude-flow/cli/__tests__/commands-deep.test.ts[2m > [22mBulk Command Structure Validation[2m > [22m'route': should have non-empty description
 [32mΓ£ô[39m v3/@claude-flow/cli/__tests__/commands-deep.test.ts[2m > [22mBulk Command Structure Validation[2m > [22m'progress': should have non-empty description
 [32mΓ£ô[39m v3/@claude-flow/cli/__tests__/commands-deep.test.ts[2m > [22mBulk Command Structure Validation[2m > [22m'issues': should have non-empty description
 [32mΓ£ô[39m v3/@claude-flow/cli/__tests__/commands-deep.test.ts[2m > [22mBulk Command Structure Validation[2m > [22m'update': should have non-empty description
 [32mΓ£ô[39m v3/@claude-flow/cli/__tests__/commands-deep.test.ts[2m > [22mBulk Command Structure Validation[2m > [22m'guidance': should have non-empty description
 [32mΓ£ô[39m v3/@claude-flow/cli/__tests__/commands-deep.test.ts[2m > [22mBulk Command Structure Validation[2m > [22m'appliance': should have non-empty description
 [32mΓ£ô[39m v3/@claude-flow/cli/__tests__/commands-deep.test.ts[2m > [22mBulk Command Structure Validation[2m > [22m'ruvector': should have non-empty description
 [32mΓ£ô[39m v3/@claude-flow/cli/__tests__/commands-deep.test.ts[2m > [22mBulk Command Structure Validation[2m > [22m'agent': description should not contain placeholder text
 [32mΓ£ô[39m v3/@claude-flow/cli/__tests__/commands-deep.test.ts[2m > [22mBulk Command Structure Validation[2m > [22m'swarm': description should not contain placeholder text
 [32mΓ£ô[39m v3/@claude-flow/cli/__tests__/commands-deep.test.ts[2m > [22mBulk Command Structure Validation[2m > [22m'memory': description should not contain placeholder text
 [32mΓ£ô[39m v3/@claude-flow/cli/__tests__/commands-deep.test.ts[2m > [22mBulk Command Structure Validation[2m > [22m'config': description should not contain placeholder text
 [32mΓ£ô[39m v3/@claude-flow/cli/__tests__/commands-deep.test.ts[2m > [22mBulk Command Structure Validation[2m > [22m'init': description should not contain placeholder text
 [32mΓ£ô[39m v3/@claude-flow/cli/__tests__/commands-deep.test.ts[2m > [22mBulk Command Structure Validation[2m > [22m'status': description should not contain placeholder text
 [32mΓ£ô[39m v3/@claude-flow/cli/__tests__/commands-deep.test.ts[2m > [22mBulk Command Structure Validation[2m > [22m'task': description should not contain placeholder text
 [32mΓ£ô[39m v3/@claude-flow/cli/__tests__/commands-deep.test.ts[2m > [22mBulk Command Structure Validation[2m > [22m'session': description should not contain placeholder text
 [32mΓ£ô[39m v3/@claude-flow/cli/__tests__/commands-deep.test.ts[2m > [22mBulk Command Structure Validation[2m > [22m'mcp': description should not contain placeholder text
 [32mΓ£ô[39m v3/@claude-flow/cli/__tests__/commands-deep.test.ts[2m > [22mBulk Command Structure Validation[2m > [22m'hooks': description should not contain placeholder text
 [32mΓ£ô[39m v3/@claude-flow/cli/__tests__/commands-deep.test.ts[2m > [22mBulk Command Structure Validation[2m > [22m'daemon': description should not contain placeholder text
 [32mΓ£ô[39m v3/@claude-flow/cli/__tests__/commands-deep.test.ts[2m > [22mBulk Command Structure Validation[2m > [22m'doctor': description should not contain placeholder text
 [32mΓ£ô[39m v3/@claude-flow/cli/__tests__/commands-deep.test.ts[2m > [22mBulk Command Structure Validation[2m > [22m'embeddings': description should not contain placeholder text
 [32mΓ£ô[39m v3/@claude-flow/cli/__tests__/commands-deep.test.ts[2m > [22mBulk Command Structure Validation[2m > [22m'neural': description should not contain placeholder text
 [32mΓ£ô[39m v3/@claude-flow/cli/__tests__/commands-deep.test.ts[2m > [22mBulk Command Structure Validation[2m > [22m'performance': description should not contain placeholder text
 [32mΓ£ô[39m v3/@claude-flow/cli/__tests__/commands-deep.test.ts[2m > [22mBulk Command Structure Validation[2m > [22m'security': description should not contain placeholder text
 [32mΓ£ô[39m v3/@claude-flow/cli/__tests__/commands-deep.test.ts[2m > [22mBulk Command Structure Validation[2m > [22m'hive-mind': description should not contain placeholder text
 [32mΓ£ô[39m v3/@claude-flow/cli/__tests__/commands-deep.test.ts[2m > [22mBulk Command Structure Validation[2m > [22m'completions': description should not contain placeholder text
 [32mΓ£ô[39m v3/@claude-flow/cli/__tests__/commands-deep.test.ts[2m > [22mBulk Command Structure Validation[2m > [22m'migrate': description should not contain placeholder text
 [32mΓ£ô[39m v3/@claude-flow/cli/__tests__/commands-deep.test.ts[2m > [22mBulk Command Structure Validation[2m > [22m'workflow': description should not contain placeholder text
 [32mΓ£ô[39m v3/@claude-flow/cli/__tests__/commands-deep.test.ts[2m > [22mBulk Command Structure Validation[2m > [22m'claims': description should not contain placeholder text
 [32mΓ£ô[39m v3/@claude-flow/cli/__tests__/commands-deep.test.ts[2m > [22mBulk Command Structure Validation[2m > [22m'deployment': description should not contain placeholder text
 [32mΓ£ô[39m v3/@claude-flow/cli/__tests__/commands-deep.test.ts[2m > [22mBulk Command Structure Validation[2m > [22m'providers': description should not contain placeholder text
 [32mΓ£ô[39m v3/@claude-flow/cli/__tests__/commands-deep.test.ts[2m > [22mBulk Command Structure Validation[2m > [22m'plugins': description should not contain placeholder text
 [32mΓ£ô[39m v3/@claude-flow/cli/__tests__/commands-deep.test.ts[2m > [22mBulk Command Structure Validation[2m > [22m'process': description should not contain placeholder text
 [32mΓ£ô[39m v3/@claude-flow/cli/__tests__/commands-deep.test.ts[2m > [22mBulk Command Structure Validation[2m > [22m'start': description should not contain placeholder text
 [32mΓ£ô[39m v3/@claude-flow/cli/__tests__/commands-deep.test.ts[2m > [22mBulk Command Structure Validation[2m > [22m'analyze': description should not contain placeholder text
 [32mΓ£ô[39m v3/@claude-flow/cli/__tests__/commands-deep.test.ts[2m > [22mBulk Command Structure Validation[2m > [22m'route': description should not contain placeholder text
 [32mΓ£ô[39m v3/@claude-flow/cli/__tests__/commands-deep.test.ts[2m > [22mBulk Command Structure Validation[2m > [22m'progress': description should not contain placeholder text
 [32mΓ£ô[39m v3/@claude-flow/cli/__tests__/commands-deep.test.ts[2m > [22mBulk Command Structure Validation[2m > [22m'issues': description should not contain placeholder text
 [32mΓ£ô[39m v3/@claude-flow/cli/__tests__/commands-deep.test.ts[2m > [22mBulk Command Structure Validation[2m > [22m'update': description should not contain placeholder text
 [32mΓ£ô[39m v3/@claude-flow/cli/__tests__/commands-deep.test.ts[2m > [22mBulk Command Structure Validation[2m > [22m'guidance': description should not contain placeholder text
 [32mΓ£ô[39m v3/@claude-flow/cli/__tests__/commands-deep.test.ts[2m > [22mBulk Command Structure Validation[2m > [22m'appliance': description should not contain placeholder text
 [32mΓ£ô[39m v3/@claude-flow/cli/__tests__/commands-deep.test.ts[2m > [22mBulk Command Structure Validation[2m > [22m'ruvector': description should not contain placeholder text
 [32mΓ£ô[39m v3/@claude-flow/cli/__tests__/commands-deep.test.ts[2m > [22mBulk Command Structure Validation[2m > [22m'agent': subcommands (if any) should have unique names
 [32mΓ£ô[39m v3/@claude-flow/cli/__tests__/commands-deep.test.ts[2m > [22mBulk Command Structure Validation[2m > [22m'swarm': subcommands (if any) should have unique names
 [32mΓ£ô[39m v3/@claude-flow/cli/__tests__/commands-deep.test.ts[2m > [22mBulk Command Structure Validation[2m > [22m'memory': subcommands (if any) should have unique names
 [32mΓ£ô[39m v3/@claude-flow/cli/__tests__/commands-deep.test.ts[2m > [22mBulk Command Structure Validation[2m > [22m'config': subcommands (if any) should have unique names
 [32mΓ£ô[39m v3/@claude-flow/cli/__tests__/commands-deep.test.ts[2m > [22mBulk Command Structure Validation[2m > [22m'init': subcommands (if any) should have unique names
 [32mΓ£ô[39m v3/@claude-flow/cli/__tests__/commands-deep.test.ts[2m > [22mBulk Command Structure Validation[2m > [22m'status': subcommands (if any) should have unique names
 [32mΓ£ô[39m v3/@claude-flow/cli/__tests__/commands-deep.test.ts[2m > [22mBulk Command Structure Validation[2m > [22m'task': subcommands (if any) should have unique names
 [32mΓ£ô[39m v3/@claude-flow/cli/__tests__/commands-deep.test.ts[2m > [22mBulk Command Structure Validation[2m > [22m'session': subcommands (if any) should have unique names
 [32mΓ£ô[39m v3/@claude-flow/cli/__tests__/commands-deep.test.ts[2m > [22mBulk Command Structure Validation[2m > [22m'mcp': subcommands (if any) should have unique names
 [32mΓ£ô[39m v3/@claude-flow/cli/__tests__/commands-deep.test.ts[2m > [22mBulk Command Structure Validation[2m > [22m'hooks': subcommands (if any) should have unique names
 [32mΓ£ô[39m v3/@claude-flow/cli/__tests__/commands-deep.test.ts[2m > [22mBulk Command Structure Validation[2m > [22m'daemon': subcommands (if any) should have unique names
 [32mΓ£ô[39m v3/@claude-flow/cli/__tests__/commands-deep.test.ts[2m > [22mBulk Command Structure Validation[2m > [22m'doctor': subcommands (if any) should have unique names
 [32mΓ£ô[39m v3/@claude-flow/cli/__tests__/commands-deep.test.ts[2m > [22mBulk Command Structure Validation[2m > [22m'embeddings': subcommands (if any) should have unique names
 [32mΓ£ô[39m v3/@claude-flow/cli/__tests__/commands-deep.test.ts[2m > [22mBulk Command Structure Validation[2m > [22m'neural': subcommands (if any) should have unique names
 [32mΓ£ô[39m v3/@claude-flow/cli/__tests__/commands-deep.test.ts[2m > [22mBulk Command Structure Validation[2m > [22m'performance': subcommands (if any) should have unique names
 [32mΓ£ô[39m v3/@claude-flow/cli/__tests__/commands-deep.test.ts[2m > [22mBulk Command Structure Validation[2m > [22m'security': subcommands (if any) should have unique names
 [32mΓ£ô[39m v3/@claude-flow/cli/__tests__/commands-deep.test.ts[2m > [22mBulk Command Structure Validation[2m > [22m'hive-mind': subcommands (if any) should have unique names
 [32mΓ£ô[39m v3/@claude-flow/cli/__tests__/commands-deep.test.ts[2m > [22mBulk Command Structure Validation[2m > [22m'completions': subcommands (if any) should have unique names
 [32mΓ£ô[39m v3/@claude-flow/cli/__tests__/commands-deep.test.ts[2m > [22mBulk Command Structure Validation[2m > [22m'migrate': subcommands (if any) should have unique names
 [32mΓ£ô[39m v3/@claude-flow/cli/__tests__/commands-deep.test.ts[2m > [22mBulk Command Structure Validation[2m > [22m'workflow': subcommands (if any) should have unique names
 [32mΓ£ô[39m v3/@claude-flow/cli/__tests__/commands-deep.test.ts[2m > [22mBulk Command Structure Validation[2m > [22m'claims': subcommands (if any) should have unique names
 [32mΓ£ô[39m v3/@claude-flow/cli/__tests__/commands-deep.test.ts[2m > [22mBulk Command Structure Validation[2m > [22m'deployment': subcommands (if any) should have unique names
 [32mΓ£ô[39m v3/@claude-flow/cli/__tests__/commands-deep.test.ts[2m > [22mBulk Command Structure Validation[2m > [22m'providers': subcommands (if any) should have unique names
 [32mΓ£ô[39m v3/@claude-flow/cli/__tests__/commands-deep.test.ts[2m > [22mBulk Command Structure Validation[2m > [22m'plugins': subcommands (if any) should have unique names
 [32mΓ£ô[39m v3/@claude-flow/cli/__tests__/commands-deep.test.ts[2m > [22mBulk Command Structure Validation[2m > [22m'process': subcommands (if any) should have unique names
 [32mΓ£ô[39m v3/@claude-flow/cli/__tests__/commands-deep.test.ts[2m > [22mBulk Command Structure Validation[2m > [22m'start': subcommands (if any) should have unique names
 [32mΓ£ô[39m v3/@claude-flow/cli/__tests__/commands-deep.test.ts[2m > [22mBulk Command Structure Validation[2m > [22m'analyze': subcommands (if any) should have unique names
 [32mΓ£ô[39m v3/@claude-flow/cli/__tests__/commands-deep.test.ts[2m > [22mBulk Command Structure Validation[2m > [22m'route': subcommands (if any) should have unique names
 [32mΓ£ô[39m v3/@claude-flow/cli/__tests__/commands-deep.test.ts[2m > [22mBulk Command Structure Validation[2m > [22m'progress': subcommands (if any) should have unique names
 [32mΓ£ô[39m v3/@claude-flow/cli/__tests__/commands-deep.test.ts[2m > [22mBulk Command Structure Validation[2m > [22m'issues': subcommands (if any) should have unique names
 [32mΓ£ô[39m v3/@claude-flow/cli/__tests__/commands-deep.test.ts[2m > [22mBulk Command Structure Validation[2m > [22m'update': subcommands (if any) should have unique names
 [32mΓ£ô[39m v3/@claude-flow/cli/__tests__/commands-deep.test.ts[2m > [22mBulk Command Structure Validation[2m > [22m'guidance': subcommands (if any) should have unique names
 [32mΓ£ô[39m v3/@claude-flow/cli/__tests__/commands-deep.test.ts[2m > [22mBulk Command Structure Validation[2m > [22m'appliance': subcommands (if any) should have unique names
 [32mΓ£ô[39m v3/@claude-flow/cli/__tests__/commands-deep.test.ts[2m > [22mBulk Command Structure Validation[2m > [22m'ruvector': subcommands (if any) should have unique names
 [32mΓ£ô[39m v3/@claude-flow/cli/__tests__/commands-deep.test.ts[2m > [22mBulk Command Structure Validation[2m > [22m'agent': options (if any) should have valid types
 [32mΓ£ô[39m v3/@claude-flow/cli/__tests__/commands-deep.test.ts[2m > [22mBulk Command Structure Validation[2m > [22m'swarm': options (if any) should have valid types
 [32mΓ£ô[39m v3/@claude-flow/cli/__tests__/commands-deep.test.ts[2m > [22mBulk Command Structure Validation[2m > [22m'memory': options (if any) should have valid types
 [32mΓ£ô[39m v3/@claude-flow/cli/__tests__/commands-deep.test.ts[2m > [22mBulk Command Structure Validation[2m > [22m'config': options (if any) should have valid types
 [32mΓ£ô[39m v3/@claude-flow/cli/__tests__/commands-deep.test.ts[2m > [22mBulk Command Structure Validation[2m > [22m'init': options (if any) should have valid types
 [32mΓ£ô[39m v3/@claude-flow/cli/__tests__/commands-deep.test.ts[2m > [22mBulk Command Structure Validation[2m > [22m'status': options (if any) should have valid types
 [32mΓ£ô[39m v3/@claude-flow/cli/__tests__/commands-deep.test.ts[2m > [22mBulk Command Structure Validation[2m > [22m'task': options (if any) should have valid types
 [32mΓ£ô[39m v3/@claude-flow/cli/__tests__/commands-deep.test.ts[2m > [22mBulk Command Structure Validation[2m > [22m'session': options (if any) should have valid types
 [32mΓ£ô[39m v3/@claude-flow/cli/__tests__/commands-deep.test.ts[2m > [22mBulk Command Structure Validation[2m > [22m'mcp': options (if any) should have valid types
 [32mΓ£ô[39m v3/@claude-flow/cli/__tests__/commands-deep.test.ts[2m > [22mBulk Command Structure Validation[2m > [22m'hooks': options (if any) should have valid types
 [32mΓ£ô[39m v3/@claude-flow/cli/__tests__/commands-deep.test.ts[2m > [22mBulk Command Structure Validation[2m > [22m'daemon': options (if any) should have valid types
 [32mΓ£ô[39m v3/@claude-flow/cli/__tests__/commands-deep.test.ts[2m > [22mBulk Command Structure Validation[2m > [22m'doctor': options (if any) should have valid types
 [32mΓ£ô[39m v3/@claude-flow/cli/__tests__/commands-deep.test.ts[2m > [22mBulk Command Structure Validation[2m > [22m'embeddings': options (if any) should have valid types
 [32mΓ£ô[39m v3/@claude-flow/cli/__tests__/commands-deep.test.ts[2m > [22mBulk Command Structure Validation[2m > [22m'neural': options (if any) should have valid types
 [32mΓ£ô[39m v3/@claude-flow/cli/__tests__/commands-deep.test.ts[2m > [22mBulk Command Structure Validation[2m > [22m'performance': options (if any) should have valid types
 [32mΓ£ô[39m v3/@claude-flow/cli/__tests__/commands-deep.test.ts[2m > [22mBulk Command Structure Validation[2m > [22m'security': options (if any) should have valid types
 [32mΓ£ô[39m v3/@claude-flow/cli/__tests__/commands-deep.test.ts[2m > [22mBulk Command Structure Validation[2m > [22m'hive-mind': options (if any) should have valid types
 [32mΓ£ô[39m v3/@claude-flow/cli/__tests__/commands-deep.test.ts[2m > [22mBulk Command Structure Validation[2m > [22m'completions': options (if any) should have valid types
 [32mΓ£ô[39m v3/@claude-flow/cli/__tests__/commands-deep.test.ts[2m > [22mBulk Command Structure Validation[2m > [22m'migrate': options (if any) should have valid types
 [32mΓ£ô[39m v3/@claude-flow/cli/__tests__/commands-deep.test.ts[2m > [22mBulk Command Structure Validation[2m > [22m'workflow': options (if any) should have valid types
 [32mΓ£ô[39m v3/@claude-flow/cli/__tests__/commands-deep.test.ts[2m > [22mBulk Command Structure Validation[2m > [22m'claims': options (if any) should have valid types
 [32mΓ£ô[39m v3/@claude-flow/cli/__tests__/commands-deep.test.ts[2m > [22mBulk Command Structure Validation[2m > [22m'deployment': options (if any) should have valid types
 [32mΓ£ô[39m v3/@claude-flow/cli/__tests__/commands-deep.test.ts[2m > [22mBulk Command Structure Validation[2m > [22m'providers': options (if any) should have valid types
 [32mΓ£ô[39m v3/@claude-flow/cli/__tests__/commands-deep.test.ts[2m > [22mBulk Command Structure Validation[2m > [22m'plugins': options (if any) should have valid types
 [32mΓ£ô[39m v3/@claude-flow/cli/__tests__/commands-deep.test.ts[2m > [22mBulk Command Structure Validation[2m > [22m'process': options (if any) should have valid types
 [32mΓ£ô[39m v3/@claude-flow/cli/__tests__/commands-deep.test.ts[2m > [22mBulk Command Structure Validation[2m > [22m'start': options (if any) should have valid types
 [32mΓ£ô[39m v3/@claude-flow/cli/__tests__/commands-deep.test.ts[2m > [22mBulk Command Structure Validation[2m > [22m'analyze': options (if any) should have valid types
 [32mΓ£ô[39m v3/@claude-flow/cli/__tests__/commands-deep.test.ts[2m > [22mBulk Command Structure Validation[2m > [22m'route': options (if any) should have valid types
 [32mΓ£ô[39m v3/@claude-flow/cli/__tests__/commands-deep.test.ts[2m > [22mBulk Command Structure Validation[2m > [22m'progress': options (if any) should have valid types
 [32mΓ£ô[39m v3/@claude-flow/cli/__tests__/commands-deep.test.ts[2m > [22mBulk Command Structure Validation[2m > [22m'issues': options (if any) should have valid types
 [32mΓ£ô[39m v3/@claude-flow/cli/__tests__/commands-deep.test.ts[2m > [22mBulk Command Structure Validation[2m > [22m'update': options (if any) should have valid types
 [32mΓ£ô[39m v3/@claude-flow/cli/__tests__/commands-deep.test.ts[2m > [22mBulk Command Structure Validation[2m > [22m'guidance': options (if any) should have valid types
 [32mΓ£ô[39m v3/@claude-flow/cli/__tests__/commands-deep.test.ts[2m > [22mBulk Command Structure Validation[2m > [22m'appliance': options (if any) should have valid types
 [32mΓ£ô[39m v3/@claude-flow/cli/__tests__/commands-deep.test.ts[2m > [22mBulk Command Structure Validation[2m > [22m'ruvector': options (if any) should have valid types
 [32mΓ£ô[39m v3/@claude-flow/cli/__tests__/commands-deep.test.ts[2m > [22mBulk Command Structure Validation[2m > [22m'agent': subcommand descriptions should be non-empty strings
 [32mΓ£ô[39m v3/@claude-flow/cli/__tests__/commands-deep.test.ts[2m > [22mBulk Command Structure Validation[2m > [22m'swarm': subcommand descriptions should be non-empty strings
 [32mΓ£ô[39m v3/@claude-flow/cli/__tests__/commands-deep.test.ts[2m > [22mBulk Command Structure Validation[2m > [22m'memory': subcommand descriptions should be non-empty strings
 [32mΓ£ô[39m v3/@claude-flow/cli/__tests__/commands-deep.test.ts[2m > [22mBulk Command Structure Validation[2m > [22m'config': subcommand descriptions should be non-empty strings
 [32mΓ£ô[39m v3/@claude-flow/cli/__tests__/commands-deep.test.ts[2m > [22mBulk Command Structure Validation[2m > [22m'init': subcommand descriptions should be non-empty strings
 [32mΓ£ô[39m v3/@claude-flow/cli/__tests__/commands-deep.test.ts[2m > [22mBulk Command Structure Validation[2m > [22m'status': subcommand descriptions should be non-empty strings
 [32mΓ£ô[39m v3/@claude-flow/cli/__tests__/commands-deep.test.ts[2m > [22mBulk Command Structure Validation[2m > [22m'task': subcommand descriptions should be non-empty strings
 [32mΓ£ô[39m v3/@claude-flow/cli/__tests__/commands-deep.test.ts[2m > [22mBulk Command Structure Validation[2m > [22m'session': subcommand descriptions should be non-empty strings
 [32mΓ£ô[39m v3/@claude-flow/cli/__tests__/commands-deep.test.ts[2m > [22mBulk Command Structure Validation[2m > [22m'mcp': subcommand descriptions should be non-empty strings
 [32mΓ£ô[39m v3/@claude-flow/cli/__tests__/commands-deep.test.ts[2m > [22mBulk Command Structure Validation[2m > [22m'hooks': subcommand descriptions should be non-empty strings
 [32mΓ£ô[39m v3/@claude-flow/cli/__tests__/commands-deep.test.ts[2m > [22mBulk Command Structure Validation[2m > [22m'daemon': subcommand descriptions should be non-empty strings
 [32mΓ£ô[39m v3/@claude-flow/cli/__tests__/commands-deep.test.ts[2m > [22mBulk Command Structure Validation[2m > [22m'doctor': subcommand descriptions should be non-empty strings
 [32mΓ£ô[39m v3/@claude-flow/cli/__tests__/commands-deep.test.ts[2m > [22mBulk Command Structure Validation[2m > [22m'embeddings': subcommand descriptions should be non-empty strings
 [32mΓ£ô[39m v3/@claude-flow/cli/__tests__/commands-deep.test.ts[2m > [22mBulk Command Structure Validation[2m > [22m'neural': subcommand descriptions should be non-empty strings
 [32mΓ£ô[39m v3/@claude-flow/cli/__tests__/commands-deep.test.ts[2m > [22mBulk Command Structure Validation[2m > [22m'performance': subcommand descriptions should be non-empty strings
 [32mΓ£ô[39m v3/@claude-flow/cli/__tests__/commands-deep.test.ts[2m > [22mBulk Command Structure Validation[2m > [22m'security': subcommand descriptions should be non-empty strings
 [32mΓ£ô[39m v3/@claude-flow/cli/__tests__/commands-deep.test.ts[2m > [22mBulk Command Structure Validation[2m > [22m'hive-mind': subcommand descriptions should be non-empty strings
 [32mΓ£ô[39m v3/@claude-flow/cli/__tests__/commands-deep.test.ts[2m > [22mBulk Command Structure Validation[2m > [22m'completions': subcommand descriptions should be non-empty strings
 [32mΓ£ô[39m v3/@claude-flow/cli/__tests__/commands-deep.test.ts[2m > [22mBulk Command Structure Validation[2m > [22m'migrate': subcommand descriptions should be non-empty strings
 [32mΓ£ô[39m v3/@claude-flow/cli/__tests__/commands-deep.test.ts[2m > [22mBulk Command Structure Validation[2m > [22m'workflow': subcommand descriptions should be non-empty strings
 [32mΓ£ô[39m v3/@claude-flow/cli/__tests__/commands-deep.test.ts[2m > [22mBulk Command Structure Validation[2m > [22m'claims': subcommand descriptions should be non-empty strings
 [32mΓ£ô[39m v3/@claude-flow/cli/__tests__/commands-deep.test.ts[2m > [22mBulk Command Structure Validation[2m > [22m'deployment': subcommand descriptions should be non-empty strings
 [32mΓ£ô[39m v3/@claude-flow/cli/__tests__/commands-deep.test.ts[2m > [22mBulk Command Structure Validation[2m > [22m'providers': subcommand descriptions should be non-empty strings
 [32mΓ£ô[39m v3/@claude-flow/cli/__tests__/commands-deep.test.ts[2m > [22mBulk Command Structure Validation[2m > [22m'plugins': subcommand descriptions should be non-empty strings
 [32mΓ£ô[39m v3/@claude-flow/cli/__tests__/commands-deep.test.ts[2m > [22mBulk Command Structure Validation[2m > [22m'process': subcommand descriptions should be non-empty strings
 [32mΓ£ô[39m v3/@claude-flow/cli/__tests__/commands-deep.test.ts[2m > [22mBulk Command Structure Validation[2m > [22m'start': subcommand descriptions should be non-empty strings
 [32mΓ£ô[39m v3/@claude-flow/cli/__tests__/commands-deep.test.ts[2m > [22mBulk Command Structure Validation[2m > [22m'analyze': subcommand descriptions should be non-empty strings
 [32mΓ£ô[39m v3/@claude-flow/cli/__tests__/commands-deep.test.ts[2m > [22mBulk Command Structure Validation[2m > [22m'route': subcommand descriptions should be non-empty strings
 [32mΓ£ô[39m v3/@claude-flow/cli/__tests__/commands-deep.test.ts[2m > [22mBulk Command Structure Validation[2m > [22m'progress': subcommand descriptions should be non-empty strings
 [32mΓ£ô[39m v3/@claude-flow/cli/__tests__/commands-deep.test.ts[2m > [22mBulk Command Structure Validation[2m > [22m'issues': subcommand descriptions should be non-empty strings
 [32mΓ£ô[39m v3/@claude-flow/cli/__tests__/commands-deep.test.ts[2m > [22mBulk Command Structure Validation[2m > [22m'update': subcommand descriptions should be non-empty strings
 [32mΓ£ô[39m v3/@claude-flow/cli/__tests__/commands-deep.test.ts[2m > [22mBulk Command Structure Validation[2m > [22m'guidance': subcommand descriptions should be non-empty strings
 [32mΓ£ô[39m v3/@claude-flow/cli/__tests__/commands-deep.test.ts[2m > [22mBulk Command Structure Validation[2m > [22m'appliance': subcommand descriptions should be non-empty strings
 [32mΓ£ô[39m v3/@claude-flow/cli/__tests__/commands-deep.test.ts[2m > [22mBulk Command Structure Validation[2m > [22m'ruvector': subcommand descriptions should be non-empty strings
 [31m├ù[39m v3/@claude-flow/cli/__tests__/commands-deep.test.ts[2m > [22mCommand Registry (commands/index.ts)[2m > [22mshould export all core commands synchronously
[31m   ΓåÆ expected undefined not to be undefined[39m
 [32mΓ£ô[39m v3/@claude-flow/cli/__tests__/commands-deep.test.ts[2m > [22mCommand Registry (commands/index.ts)[2m > [22mshould export commandsByCategory with all categories
 [31m├ù[39m v3/@claude-flow/cli/__tests__/commands-deep.test.ts[2m > [22mCommand Registry (commands/index.ts)[2m > [22mshould export commands array with many entries
[31m   ΓåÆ expected 10 to be greater than or equal to 15[39m
 [32mΓ£ô[39m v3/@claude-flow/cli/__tests__/commands-deep.test.ts[2m > [22mCommand Registry (commands/index.ts)[2m > [22mshould export loadAllCommands as async function
 [32mΓ£ô[39m v3/@claude-flow/cli/__tests__/commands-deep.test.ts[2m > [22mCommand Registry (commands/index.ts)[2m > [22mshould export getCommandAsync as async function
 [32mΓ£ô[39m v3/@claude-flow/cli/__tests__/commands-deep.test.ts[2m > [22mCommandParser[2m > [22mbasic parsing[2m > [22mshould parse empty args
 [32mΓ£ô[39m v3/@claude-flow/cli/__tests__/commands-deep.test.ts[2m > [22mCommandParser[2m > [22mbasic parsing[2m > [22mshould parse a single positional arg as positional (not registered command)
 [32mΓ£ô[39m v3/@claude-flow/cli/__tests__/commands-deep.test.ts[2m > [22mCommandParser[2m > [22mbasic parsing[2m > [22mshould parse long boolean flag --help
 [32mΓ£ô[39m v3/@claude-flow/cli/__tests__/commands-deep.test.ts[2m > [22mCommandParser[2m > [22mbasic parsing[2m > [22mshould parse long boolean flag --verbose
 [32mΓ£ô[39m v3/@claude-flow/cli/__tests__/commands-deep.test.ts[2m > [22mCommandParser[2m > [22mbasic parsing[2m > [22mshould parse --flag=value syntax
 [32mΓ£ô[39m v3/@claude-flow/cli/__tests__/commands-deep.test.ts[2m > [22mCommandParser[2m > [22mbasic parsing[2m > [22mshould parse --flag value syntax for non-boolean flags
 [32mΓ£ô[39m v3/@claude-flow/cli/__tests__/commands-deep.test.ts[2m > [22mCommandParser[2m > [22mbasic parsing[2m > [22mshould parse boolean negation --no-color
 [32mΓ£ô[39m v3/@claude-flow/cli/__tests__/commands-deep.test.ts[2m > [22mCommandParser[2m > [22mbasic parsing[2m > [22mshould parse boolean negation --no-interactive
 [32mΓ£ô[39m v3/@claude-flow/cli/__tests__/commands-deep.test.ts[2m > [22mCommandParser[2m > [22mshort flags[2m > [22mshould resolve short flag -h to help
 [32mΓ£ô[39m v3/@claude-flow/cli/__tests__/commands-deep.test.ts[2m > [22mCommandParser[2m > [22mshort flags[2m > [22mshould resolve short flag -v to verbose
 [32mΓ£ô[39m v3/@claude-flow/cli/__tests__/commands-deep.test.ts[2m > [22mCommandParser[2m > [22mshort flags[2m > [22mshould resolve short flag -Q to quiet
 [32mΓ£ô[39m v3/@claude-flow/cli/__tests__/commands-deep.test.ts[2m > [22mCommandParser[2m > [22mshort flags[2m > [22mshould parse combined short flags -hv
 [32mΓ£ô[39m v3/@claude-flow/cli/__tests__/commands-deep.test.ts[2m > [22mCommandParser[2m > [22mshort flags[2m > [22mshould parse short flag with value -c /path
 [32mΓ£ô[39m v3/@claude-flow/cli/__tests__/commands-deep.test.ts[2m > [22mCommandParser[2m > [22mshort flags[2m > [22mshould parse long flag --format with value
 [32mΓ£ô[39m v3/@claude-flow/cli/__tests__/commands-deep.test.ts[2m > [22mCommandParser[2m > [22mvalue type coercion[2m > [22mshould coerce numeric string to number
 [32mΓ£ô[39m v3/@claude-flow/cli/__tests__/commands-deep.test.ts[2m > [22mCommandParser[2m > [22mvalue type coercion[2m > [22mshould coerce "true" string to boolean true
 [32mΓ£ô[39m v3/@claude-flow/cli/__tests__/commands-deep.test.ts[2m > [22mCommandParser[2m > [22mvalue type coercion[2m > [22mshould coerce "false" string to boolean false
 [32mΓ£ô[39m v3/@claude-flow/cli/__tests__/commands-deep.test.ts[2m > [22mCommandParser[2m > [22mvalue type coercion[2m > [22mshould keep non-numeric strings as strings
 [32mΓ£ô[39m v3/@claude-flow/cli/__tests__/commands-deep.test.ts[2m > [22mCommandParser[2m > [22mvalue type coercion[2m > [22mshould handle empty string value
 [32mΓ£ô[39m v3/@claude-flow/cli/__tests__/commands-deep.test.ts[2m > [22mCommandParser[2m > [22mkebab-case to camelCase normalization[2m > [22mshould convert --no-color to noColor flag (negation)
 [32mΓ£ô[39m v3/@claude-flow/cli/__tests__/commands-deep.test.ts[2m > [22mCommandParser[2m > [22mkebab-case to camelCase normalization[2m > [22mshould convert --some-flag to someFlag
 [32mΓ£ô[39m v3/@claude-flow/cli/__tests__/commands-deep.test.ts[2m > [22mCommandParser[2m > [22mkebab-case to camelCase normalization[2m > [22mshould convert --my-long-option to myLongOption
 [32mΓ£ô[39m v3/@claude-flow/cli/__tests__/commands-deep.test.ts[2m > [22mCommandParser[2m > [22mend-of-flags marker --[2m > [22mshould stop parsing flags after --
 [32mΓ£ô[39m v3/@claude-flow/cli/__tests__/commands-deep.test.ts[2m > [22mCommandParser[2m > [22mcommand recognition[2m > [22mshould recognize registered command
 [32mΓ£ô[39m v3/@claude-flow/cli/__tests__/commands-deep.test.ts[2m > [22mCommandParser[2m > [22mcommand recognition[2m > [22mshould recognize command with subcommand
 [32mΓ£ô[39m v3/@claude-flow/cli/__tests__/commands-deep.test.ts[2m > [22mCommandParser[2m > [22mcommand recognition[2m > [22mshould recognize command with subcommand and flags
 [32mΓ£ô[39m v3/@claude-flow/cli/__tests__/commands-deep.test.ts[2m > [22mCommandParser[2m > [22mcommand recognition[2m > [22mshould handle unknown subcommand as positional
 [32mΓ£ô[39m v3/@claude-flow/cli/__tests__/commands-deep.test.ts[2m > [22mCommandParser[2m > [22mdefaults[2m > [22mshould apply global defaults for help
 [32mΓ£ô[39m v3/@claude-flow/cli/__tests__/commands-deep.test.ts[2m > [22mCommandParser[2m > [22mdefaults[2m > [22mshould apply global defaults for verbose
 [32mΓ£ô[39m v3/@claude-flow/cli/__tests__/commands-deep.test.ts[2m > [22mCommandParser[2m > [22mdefaults[2m > [22mshould apply global defaults for format
 [32mΓ£ô[39m v3/@claude-flow/cli/__tests__/commands-deep.test.ts[2m > [22mCommandParser[2m > [22mdefaults[2m > [22mshould apply global defaults for interactive
 [32mΓ£ô[39m v3/@claude-flow/cli/__tests__/commands-deep.test.ts[2m > [22mCommandParser[2m > [22mdefaults[2m > [22mshould not override explicit values with defaults
 [32mΓ£ô[39m v3/@claude-flow/cli/__tests__/commands-deep.test.ts[2m > [22mCommandParser[2m > [22mvalidation[2m > [22mshould return no errors for valid flags
 [32mΓ£ô[39m v3/@claude-flow/cli/__tests__/commands-deep.test.ts[2m > [22mCommandParser[2m > [22mvalidation[2m > [22mshould validate choices for format flag
 [32mΓ£ô[39m v3/@claude-flow/cli/__tests__/commands-deep.test.ts[2m > [22mCommandParser[2m > [22mvalidation[2m > [22mshould report required options as missing
 [32mΓ£ô[39m v3/@claude-flow/cli/__tests__/commands-deep.test.ts[2m > [22mCommandParser[2m > [22mgetAllCommands[2m > [22mshould return unique commands (no alias duplicates)
 [32mΓ£ô[39m v3/@claude-flow/cli/__tests__/commands-deep.test.ts[2m > [22mCommandParser[2m > [22mgetGlobalOptions[2m > [22mshould return global options array
 [32mΓ£ô[39m v3/@claude-flow/cli/__tests__/commands-deep.test.ts[2m > [22mCommandParser[2m > [22mgetGlobalOptions[2m > [22mshould include help, version, verbose, quiet, config, format
 [32mΓ£ô[39m v3/@claude-flow/cli/__tests__/commands-deep.test.ts[2m > [22mCommandParser[2m > [22msingleton export[2m > [22mcommandParser singleton should be an instance of CommandParser
 [32mΓ£ô[39m v3/@claude-flow/cli/__tests__/commands-deep.test.ts[2m > [22mCommandParser[2m > [22msingleton export[2m > [22mcommandParser should have allowUnknownFlags enabled
 [32mΓ£ô[39m v3/@claude-flow/cli/__tests__/commands-deep.test.ts[2m > [22mOutputFormatter[2m > [22mcolor methods (color disabled)[2m > [22mbold() should return text without ANSI codes when color disabled
 [32mΓ£ô[39m v3/@claude-flow/cli/__tests__/commands-deep.test.ts[2m > [22mOutputFormatter[2m > [22mcolor methods (color disabled)[2m > [22mdim() should return text without ANSI codes when color disabled
 [32mΓ£ô[39m v3/@claude-flow/cli/__tests__/commands-deep.test.ts[2m > [22mOutputFormatter[2m > [22mcolor methods (color disabled)[2m > [22msuccess() should return text without ANSI codes when color disabled
 [32mΓ£ô[39m v3/@claude-flow/cli/__tests__/commands-deep.test.ts[2m > [22mOutputFormatter[2m > [22mcolor methods (color disabled)[2m > [22merror() should return text without ANSI codes when color disabled
 [32mΓ£ô[39m v3/@claude-flow/cli/__tests__/commands-deep.test.ts[2m > [22mOutputFormatter[2m > [22mcolor methods (color disabled)[2m > [22mwarning() should return text without ANSI codes when color disabled
 [32mΓ£ô[39m v3/@claude-flow/cli/__tests__/commands-deep.test.ts[2m > [22mOutputFormatter[2m > [22mcolor methods (color disabled)[2m > [22minfo() should return text without ANSI codes when color disabled
 [32mΓ£ô[39m v3/@claude-flow/cli/__tests__/commands-deep.test.ts[2m > [22mOutputFormatter[2m > [22mcolor methods (color disabled)[2m > [22mhighlight() should return text without ANSI codes when color disabled
 [32mΓ£ô[39m v3/@claude-flow/cli/__tests__/commands-deep.test.ts[2m > [22mOutputFormatter[2m > [22mcolor methods (color enabled)[2m > [22mbold() should wrap text with ANSI bold codes
 [32mΓ£ô[39m v3/@claude-flow/cli/__tests__/commands-deep.test.ts[2m > [22mOutputFormatter[2m > [22mcolor methods (color enabled)[2m > [22merror() should wrap text with red ANSI codes
 [32mΓ£ô[39m v3/@claude-flow/cli/__tests__/commands-deep.test.ts[2m > [22mOutputFormatter[2m > [22mcolor methods (color enabled)[2m > [22msuccess() should wrap text with green ANSI codes
 [32mΓ£ô[39m v3/@claude-flow/cli/__tests__/commands-deep.test.ts[2m > [22mOutputFormatter[2m > [22mcolor methods (color enabled)[2m > [22mwarning() should wrap text with yellow ANSI codes
 [32mΓ£ô[39m v3/@claude-flow/cli/__tests__/commands-deep.test.ts[2m > [22mOutputFormatter[2m > [22mcolor methods (color enabled)[2m > [22minfo() should wrap text with blue ANSI codes
 [32mΓ£ô[39m v3/@claude-flow/cli/__tests__/commands-deep.test.ts[2m > [22mOutputFormatter[2m > [22mverbosity[2m > [22mshould default to normal verbosity
 [32mΓ£ô[39m v3/@claude-flow/cli/__tests__/commands-deep.test.ts[2m > [22mOutputFormatter[2m > [22mverbosity[2m > [22mshould set verbosity
 [32mΓ£ô[39m v3/@claude-flow/cli/__tests__/commands-deep.test.ts[2m > [22mOutputFormatter[2m > [22mverbosity[2m > [22misVerbose should return true for verbose and debug
 [32mΓ£ô[39m v3/@claude-flow/cli/__tests__/commands-deep.test.ts[2m > [22mOutputFormatter[2m > [22mverbosity[2m > [22misDebug should return true only for debug
 [32mΓ£ô[39m v3/@claude-flow/cli/__tests__/commands-deep.test.ts[2m > [22mOutputFormatter[2m > [22mverbosity[2m > [22misQuiet should return true only for quiet
 [32mΓ£ô[39m v3/@claude-flow/cli/__tests__/commands-deep.test.ts[2m > [22mOutputFormatter[2m > [22mtable formatting[2m > [22mshould render a basic table with borders
 [32mΓ£ô[39m v3/@claude-flow/cli/__tests__/commands-deep.test.ts[2m > [22mOutputFormatter[2m > [22mtable formatting[2m > [22mshould render a table without borders
 [32mΓ£ô[39m v3/@claude-flow/cli/__tests__/commands-deep.test.ts[2m > [22mOutputFormatter[2m > [22mtable formatting[2m > [22mshould render a table without header
 [32mΓ£ô[39m v3/@claude-flow/cli/__tests__/commands-deep.test.ts[2m > [22mOutputFormatter[2m > [22mtable formatting[2m > [22mshould apply column formatter
 [32mΓ£ô[39m v3/@claude-flow/cli/__tests__/commands-deep.test.ts[2m > [22mOutputFormatter[2m > [22mtable formatting[2m > [22mshould handle empty data
 [32mΓ£ô[39m v3/@claude-flow/cli/__tests__/commands-deep.test.ts[2m > [22mOutputFormatter[2m > [22mtable formatting[2m > [22mshould handle null/undefined values
 [32mΓ£ô[39m v3/@claude-flow/cli/__tests__/commands-deep.test.ts[2m > [22mOutputFormatter[2m > [22mlist formatting[2m > [22mshould format a bulleted list
 [32mΓ£ô[39m v3/@claude-flow/cli/__tests__/commands-deep.test.ts[2m > [22mOutputFormatter[2m > [22mlist formatting[2m > [22mshould use custom bullet
 [32mΓ£ô[39m v3/@claude-flow/cli/__tests__/commands-deep.test.ts[2m > [22mOutputFormatter[2m > [22mlist formatting[2m > [22mshould format a numbered list
 [32mΓ£ô[39m v3/@claude-flow/cli/__tests__/commands-deep.test.ts[2m > [22mOutputFormatter[2m > [22mbox formatting[2m > [22mshould render a box around content
 [32mΓ£ô[39m v3/@claude-flow/cli/__tests__/commands-deep.test.ts[2m > [22mOutputFormatter[2m > [22mbox formatting[2m > [22mshould render a box with title
 [32mΓ£ô[39m v3/@claude-flow/cli/__tests__/commands-deep.test.ts[2m > [22mOutputFormatter[2m > [22mbox formatting[2m > [22mshould handle multiline content
 [32mΓ£ô[39m v3/@claude-flow/cli/__tests__/commands-deep.test.ts[2m > [22mOutputFormatter[2m > [22mJSON output[2m > [22mshould format JSON with indentation by default
 [32mΓ£ô[39m v3/@claude-flow/cli/__tests__/commands-deep.test.ts[2m > [22mOutputFormatter[2m > [22mJSON output[2m > [22mshould format compact JSON when pretty is false
 [32mΓ£ô[39m v3/@claude-flow/cli/__tests__/commands-deep.test.ts[2m > [22mOutputFormatter[2m > [22mprogress bar[2m > [22mshould render progress bar at 0%
 [32mΓ£ô[39m v3/@claude-flow/cli/__tests__/commands-deep.test.ts[2m > [22mOutputFormatter[2m > [22mprogress bar[2m > [22mshould render progress bar at 50%
 [32mΓ£ô[39m v3/@claude-flow/cli/__tests__/commands-deep.test.ts[2m > [22mOutputFormatter[2m > [22mprogress bar[2m > [22mshould render progress bar at 100%
 [32mΓ£ô[39m v3/@claude-flow/cli/__tests__/commands-deep.test.ts[2m > [22mOutputFormatter[2m > [22mprogress bar[2m > [22mshould clamp above 100%
 [32mΓ£ô[39m v3/@claude-flow/cli/__tests__/commands-deep.test.ts[2m > [22mOutputFormatter[2m > [22mcolor toggle[2m > [22mshould toggle color on and off
 [32mΓ£ô[39m v3/@claude-flow/cli/__tests__/commands-deep.test.ts[2m > [22mOutputFormatter[2m > [22msingleton export[2m > [22moutput should be an instance of OutputFormatter
 [32mΓ£ô[39m v3/@claude-flow/cli/__tests__/commands-deep.test.ts[2m > [22mSuggest Module[2m > [22mlevenshteinDistance[2m > [22mshould return 0 for identical strings
 [32mΓ£ô[39m v3/@claude-flow/cli/__tests__/commands-deep.test.ts[2m > [22mSuggest Module[2m > [22mlevenshteinDistance[2m > [22mshould return length of b for empty a
 [32mΓ£ô[39m v3/@claude-flow/cli/__tests__/commands-deep.test.ts[2m > [22mSuggest Module[2m > [22mlevenshteinDistance[2m > [22mshould return length of a for empty b
 [32mΓ£ô[39m v3/@claude-flow/cli/__tests__/commands-deep.test.ts[2m > [22mSuggest Module[2m > [22mlevenshteinDistance[2m > [22mshould return 0 for two empty strings
 [32mΓ£ô[39m v3/@claude-flow/cli/__tests__/commands-deep.test.ts[2m > [22mSuggest Module[2m > [22mlevenshteinDistance[2m > [22mshould compute correct distance for single char difference
 [32mΓ£ô[39m v3/@claude-flow/cli/__tests__/commands-deep.test.ts[2m > [22mSuggest Module[2m > [22mlevenshteinDistance[2m > [22mshould compute correct distance for insertion
 [32mΓ£ô[39m v3/@claude-flow/cli/__tests__/commands-deep.test.ts[2m > [22mSuggest Module[2m > [22mlevenshteinDistance[2m > [22mshould compute correct distance for deletion
 [32mΓ£ô[39m v3/@claude-flow/cli/__tests__/commands-deep.test.ts[2m > [22mSuggest Module[2m > [22mlevenshteinDistance[2m > [22mshould compute correct distance for completely different strings
 [32mΓ£ô[39m v3/@claude-flow/cli/__tests__/commands-deep.test.ts[2m > [22mSuggest Module[2m > [22mlevenshteinDistance[2m > [22mshould handle longer strings
 [32mΓ£ô[39m v3/@claude-flow/cli/__tests__/commands-deep.test.ts[2m > [22mSuggest Module[2m > [22msimilarityScore[2m > [22mshould return 1 for identical strings
 [32mΓ£ô[39m v3/@claude-flow/cli/__tests__/commands-deep.test.ts[2m > [22mSuggest Module[2m > [22msimilarityScore[2m > [22mshould return 1 for two empty strings
 [32mΓ£ô[39m v3/@claude-flow/cli/__tests__/commands-deep.test.ts[2m > [22mSuggest Module[2m > [22msimilarityScore[2m > [22mshould return 0 for completely different single-char strings
 [32mΓ£ô[39m v3/@claude-flow/cli/__tests__/commands-deep.test.ts[2m > [22mSuggest Module[2m > [22msimilarityScore[2m > [22mshould return a value between 0 and 1
 [32mΓ£ô[39m v3/@claude-flow/cli/__tests__/commands-deep.test.ts[2m > [22mSuggest Module[2m > [22msimilarityScore[2m > [22mshould be case-insensitive
 [32mΓ£ô[39m v3/@claude-flow/cli/__tests__/commands-deep.test.ts[2m > [22mSuggest Module[2m > [22mfindSimilar[2m > [22mshould find similar commands for typo
 [32mΓ£ô[39m v3/@claude-flow/cli/__tests__/commands-deep.test.ts[2m > [22mSuggest Module[2m > [22mfindSimilar[2m > [22mshould find similar commands for prefix
 [32mΓ£ô[39m v3/@claude-flow/cli/__tests__/commands-deep.test.ts[2m > [22mSuggest Module[2m > [22mfindSimilar[2m > [22mshould return empty for completely unrelated input
 [32mΓ£ô[39m v3/@claude-flow/cli/__tests__/commands-deep.test.ts[2m > [22mSuggest Module[2m > [22mfindSimilar[2m > [22mshould limit results to maxSuggestions
 [32mΓ£ô[39m v3/@claude-flow/cli/__tests__/commands-deep.test.ts[2m > [22mSuggest Module[2m > [22mfindSimilar[2m > [22mshould respect minSimilarity threshold
 [32mΓ£ô[39m v3/@claude-flow/cli/__tests__/commands-deep.test.ts[2m > [22mSuggest Module[2m > [22mformatSuggestion[2m > [22mshould return empty string for no suggestions
 [32mΓ£ô[39m v3/@claude-flow/cli/__tests__/commands-deep.test.ts[2m > [22mSuggest Module[2m > [22mformatSuggestion[2m > [22mshould format single suggestion
 [32mΓ£ô[39m v3/@claude-flow/cli/__tests__/commands-deep.test.ts[2m > [22mSuggest Module[2m > [22mformatSuggestion[2m > [22mshould format multiple suggestions
 [32mΓ£ô[39m v3/@claude-flow/cli/__tests__/commands-deep.test.ts[2m > [22mSuggest Module[2m > [22mformatSuggestion[2m > [22mshould use context-appropriate prefix for subcommand
 [32mΓ£ô[39m v3/@claude-flow/cli/__tests__/commands-deep.test.ts[2m > [22mSuggest Module[2m > [22mformatSuggestion[2m > [22mshould use context-appropriate prefix for value
 [32mΓ£ô[39m v3/@claude-flow/cli/__tests__/commands-deep.test.ts[2m > [22mSuggest Module[2m > [22mCOMMON_TYPOS[2m > [22mshould map common agent typos
 [32mΓ£ô[39m v3/@claude-flow/cli/__tests__/commands-deep.test.ts[2m > [22mSuggest Module[2m > [22mCOMMON_TYPOS[2m > [22mshould map common memory typos
 [32mΓ£ô[39m v3/@claude-flow/cli/__tests__/commands-deep.test.ts[2m > [22mSuggest Module[2m > [22mCOMMON_TYPOS[2m > [22mshould map common swarm typos
 [32mΓ£ô[39m v3/@claude-flow/cli/__tests__/commands-deep.test.ts[2m > [22mSuggest Module[2m > [22mCOMMON_TYPOS[2m > [22mshould map common hive-mind typos
 [32mΓ£ô[39m v3/@claude-flow/cli/__tests__/commands-deep.test.ts[2m > [22mSuggest Module[2m > [22mCOMMON_TYPOS[2m > [22mshould map status typos
 [32mΓ£ô[39m v3/@claude-flow/cli/__tests__/commands-deep.test.ts[2m > [22mSuggest Module[2m > [22mCOMMON_TYPOS[2m > [22mshould map daemon typos
 [32mΓ£ô[39m v3/@claude-flow/cli/__tests__/commands-deep.test.ts[2m > [22mSuggest Module[2m > [22mCOMMON_TYPOS[2m > [22mshould map workflow typos
 [32mΓ£ô[39m v3/@claude-flow/cli/__tests__/commands-deep.test.ts[2m > [22mSuggest Module[2m > [22mgetTypoCorrection[2m > [22mshould return correction for known typo
 [32mΓ£ô[39m v3/@claude-flow/cli/__tests__/commands-deep.test.ts[2m > [22mSuggest Module[2m > [22mgetTypoCorrection[2m > [22mshould return undefined for unknown input
 [32mΓ£ô[39m v3/@claude-flow/cli/__tests__/commands-deep.test.ts[2m > [22mSuggest Module[2m > [22mgetTypoCorrection[2m > [22mshould be case-insensitive
 [32mΓ£ô[39m v3/@claude-flow/cli/__tests__/commands-deep.test.ts[2m > [22mSuggest Module[2m > [22msuggestCommand[2m > [22mshould suggest correction for common typo
 [32mΓ£ô[39m v3/@claude-flow/cli/__tests__/commands-deep.test.ts[2m > [22mSuggest Module[2m > [22msuggestCommand[2m > [22mshould suggest similar commands for unknown input
 [32mΓ£ô[39m v3/@claude-flow/cli/__tests__/commands-deep.test.ts[2m > [22mSuggest Module[2m > [22msuggestCommand[2m > [22mshould provide helpful message when no suggestions found
 [32mΓ£ô[39m v3/@claude-flow/cli/__tests__/commands-deep.test.ts[2m > [22mSuggest Module[2m > [22msuggestCommand[2m > [22mshould provide "Did you mean" message for single suggestion
 [32mΓ£ô[39m v3/@claude-flow/cli/__tests__/commands-deep.test.ts[2m > [22mInit System[2m > [22mDEFAULT_INIT_OPTIONS[2m > [22mshould have all components enabled by default
 [32mΓ£ô[39m v3/@claude-flow/cli/__tests__/commands-deep.test.ts[2m > [22mInit System[2m > [22mDEFAULT_INIT_OPTIONS[2m > [22mshould have hierarchical-mesh topology
 [32mΓ£ô[39m v3/@claude-flow/cli/__tests__/commands-deep.test.ts[2m > [22mInit System[2m > [22mDEFAULT_INIT_OPTIONS[2m > [22mshould have HNSW enabled
 [32mΓ£ô[39m v3/@claude-flow/cli/__tests__/commands-deep.test.ts[2m > [22mInit System[2m > [22mDEFAULT_INIT_OPTIONS[2m > [22mshould have neural enabled
 [32mΓ£ô[39m v3/@claude-flow/cli/__tests__/commands-deep.test.ts[2m > [22mInit System[2m > [22mDEFAULT_INIT_OPTIONS[2m > [22mshould have hybrid memory backend
 [32mΓ£ô[39m v3/@claude-flow/cli/__tests__/commands-deep.test.ts[2m > [22mInit System[2m > [22mDEFAULT_INIT_OPTIONS[2m > [22mshould have force=false
 [32mΓ£ô[39m v3/@claude-flow/cli/__tests__/commands-deep.test.ts[2m > [22mInit System[2m > [22mDEFAULT_INIT_OPTIONS[2m > [22mshould have interactive=true
 [32mΓ£ô[39m v3/@claude-flow/cli/__tests__/commands-deep.test.ts[2m > [22mInit System[2m > [22mMINIMAL_INIT_OPTIONS[2m > [22mshould have fewer components enabled
 [32mΓ£ô[39m v3/@claude-flow/cli/__tests__/commands-deep.test.ts[2m > [22mInit System[2m > [22mMINIMAL_INIT_OPTIONS[2m > [22mshould have simpler topology
 [32mΓ£ô[39m v3/@claude-flow/cli/__tests__/commands-deep.test.ts[2m > [22mInit System[2m > [22mMINIMAL_INIT_OPTIONS[2m > [22mshould have HNSW disabled
 [32mΓ£ô[39m v3/@claude-flow/cli/__tests__/commands-deep.test.ts[2m > [22mInit System[2m > [22mMINIMAL_INIT_OPTIONS[2m > [22mshould have fewer max agents
 [32mΓ£ô[39m v3/@claude-flow/cli/__tests__/commands-deep.test.ts[2m > [22mInit System[2m > [22mFULL_INIT_OPTIONS[2m > [22mshould have all components enabled
 [32mΓ£ô[39m v3/@claude-flow/cli/__tests__/commands-deep.test.ts[2m > [22mInit System[2m > [22mFULL_INIT_OPTIONS[2m > [22mshould have dualMode skills enabled
 [32mΓ£ô[39m v3/@claude-flow/cli/__tests__/commands-deep.test.ts[2m > [22mInit System[2m > [22mFULL_INIT_OPTIONS[2m > [22mshould have all MCP servers enabled
 [32mΓ£ô[39m v3/@claude-flow/cli/__tests__/commands-deep.test.ts[2m > [22mInit System[2m > [22mdetectPlatform[2m > [22mshould return valid platform info
 [32mΓ£ô[39m v3/@claude-flow/cli/__tests__/commands-deep.test.ts[2m > [22mInit System[2m > [22mdetectPlatform[2m > [22mshould detect node version starting with v
 [32mΓ£ô[39m v3/@claude-flow/cli/__tests__/commands-deep.test.ts[2m > [22mInit System[2m > [22mgenerateSettings[2m > [22mshould return an object
 [32mΓ£ô[39m v3/@claude-flow/cli/__tests__/commands-deep.test.ts[2m > [22mInit System[2m > [22mgenerateSettings[2m > [22mshould include hooks when settings component is enabled
 [32mΓ£ô[39m v3/@claude-flow/cli/__tests__/commands-deep.test.ts[2m > [22mInit System[2m > [22mgenerateSettings[2m > [22mshould include permissions
 [32mΓ£ô[39m v3/@claude-flow/cli/__tests__/commands-deep.test.ts[2m > [22mInit System[2m > [22mgenerateSettings[2m > [22mshould include attribution
 [32mΓ£ô[39m v3/@claude-flow/cli/__tests__/commands-deep.test.ts[2m > [22mInit System[2m > [22mgenerateSettings[2m > [22mshould include env with agent teams enabled
 [32mΓ£ô[39m v3/@claude-flow/cli/__tests__/commands-deep.test.ts[2m > [22mInit System[2m > [22mgenerateSettings[2m > [22mshould include claudeFlow v3 settings
 [32mΓ£ô[39m v3/@claude-flow/cli/__tests__/commands-deep.test.ts[2m > [22mInit System[2m > [22mgenerateSettings[2m > [22mshould deny reading .env files
 [32mΓ£ô[39m v3/@claude-flow/cli/__tests__/commands-deep.test.ts[2m > [22mInit System[2m > [22mgenerateSettingsJson[2m > [22mshould return valid JSON string
 [32mΓ£ô[39m v3/@claude-flow/cli/__tests__/commands-deep.test.ts[2m > [22mInit System[2m > [22mgenerateClaudeMd[2m > [22mshould return non-empty string
 [32mΓ£ô[39m v3/@claude-flow/cli/__tests__/commands-deep.test.ts[2m > [22mInit System[2m > [22mgenerateClaudeMd[2m > [22mshould contain header with RuFlo V3
 [32mΓ£ô[39m v3/@claude-flow/cli/__tests__/commands-deep.test.ts[2m > [22mInit System[2m > [22mgenerateClaudeMd[2m > [22mshould contain behavioral rules
 [32mΓ£ô[39m v3/@claude-flow/cli/__tests__/commands-deep.test.ts[2m > [22mInit System[2m > [22mgenerateClaudeMd[2m > [22mshould contain file organization
 [32mΓ£ô[39m v3/@claude-flow/cli/__tests__/commands-deep.test.ts[2m > [22mInit System[2m > [22mgenerateClaudeMd[2m > [22mshould contain project architecture
 [32mΓ£ô[39m v3/@claude-flow/cli/__tests__/commands-deep.test.ts[2m > [22mInit System[2m > [22mgenerateClaudeMd[2m > [22mshould contain anti-drift configuration
 [32mΓ£ô[39m v3/@claude-flow/cli/__tests__/commands-deep.test.ts[2m > [22mInit System[2m > [22mgenerateClaudeMd[2m > [22mstandard template should include swarm orchestration
 [32mΓ£ô[39m v3/@claude-flow/cli/__tests__/commands-deep.test.ts[2m > [22mInit System[2m > [22mgenerateClaudeMd[2m > [22mfull template should include hooks system
 [32mΓ£ô[39m v3/@claude-flow/cli/__tests__/commands-deep.test.ts[2m > [22mInit System[2m > [22mgenerateClaudeMd[2m > [22mfull template should include intelligence system
 [32mΓ£ô[39m v3/@claude-flow/cli/__tests__/commands-deep.test.ts[2m > [22mInit System[2m > [22mgenerateClaudeMd[2m > [22msecurity template should include security rules
 [32mΓ£ô[39m v3/@claude-flow/cli/__tests__/commands-deep.test.ts[2m > [22mInit System[2m > [22mgenerateClaudeMd[2m > [22mperformance template should include performance section
 [32mΓ£ô[39m v3/@claude-flow/cli/__tests__/commands-deep.test.ts[2m > [22mInit System[2m > [22mgenerateClaudeMd[2m > [22mminimal template should be shorter than full template
 [32mΓ£ô[39m v3/@claude-flow/cli/__tests__/commands-deep.test.ts[2m > [22mInit System[2m > [22mgenerateMinimalClaudeMd[2m > [22mshould produce same result as generateClaudeMd with minimal template
 [32mΓ£ô[39m v3/@claude-flow/cli/__tests__/commands-deep.test.ts[2m > [22mInit System[2m > [22mCLAUDE_MD_TEMPLATES[2m > [22mshould have 6 templates
 [32mΓ£ô[39m v3/@claude-flow/cli/__tests__/commands-deep.test.ts[2m > [22mInit System[2m > [22mCLAUDE_MD_TEMPLATES[2m > [22mshould include all template names
 [32mΓ£ô[39m v3/@claude-flow/cli/__tests__/commands-deep.test.ts[2m > [22mInit System[2m > [22mCLAUDE_MD_TEMPLATES[2m > [22meach template should have a description
 [32mΓ£ô[39m v3/@claude-flow/cli/__tests__/commands-deep.test.ts[2m > [22mError Types[2m > [22mCLIError[2m > [22mshould have name, message, code, and exitCode
 [32mΓ£ô[39m v3/@claude-flow/cli/__tests__/commands-deep.test.ts[2m > [22mError Types[2m > [22mCLIError[2m > [22mshould default exitCode to 1
 [32mΓ£ô[39m v3/@claude-flow/cli/__tests__/commands-deep.test.ts[2m > [22mError Types[2m > [22mCLIError[2m > [22mshould accept details
 [32mΓ£ô[39m v3/@claude-flow/cli/__tests__/commands-deep.test.ts[2m > [22mError Types[2m > [22mCLIError[2m > [22mshould be an instance of Error
 [32mΓ£ô[39m v3/@claude-flow/cli/__tests__/commands-deep.test.ts[2m > [22mError Types[2m > [22mValidationError[2m > [22mshould have VALIDATION_ERROR code
 [32mΓ£ô[39m v3/@claude-flow/cli/__tests__/commands-deep.test.ts[2m > [22mError Types[2m > [22mValidationError[2m > [22mshould be an instance of CLIError
 [32mΓ£ô[39m v3/@claude-flow/cli/__tests__/commands-deep.test.ts[2m > [22mError Types[2m > [22mConfigError[2m > [22mshould have CONFIG_ERROR code
 [32mΓ£ô[39m v3/@claude-flow/cli/__tests__/commands-deep.test.ts[2m > [22mError Types[2m > [22mCommandNotFoundError[2m > [22mshould include command name in message
 [32mΓ£ô[39m v3/@claude-flow/cli/__tests__/output.test.ts[2m > [22mOutputFormatter[2m > [22mcolor enable/disable[2m > [22mshould disable colors via setColorEnabled(false)
 [32mΓ£ô[39m v3/@claude-flow/cli/__tests__/output.test.ts[2m > [22mOutputFormatter[2m > [22mcolor enable/disable[2m > [22mshould enable colors via setColorEnabled(true)
 [32mΓ£ô[39m v3/@claude-flow/cli/__tests__/output.test.ts[2m > [22mOutputFormatter[2m > [22mcolor enable/disable[2m > [22mshould respect color=false in constructor
 [32mΓ£ô[39m v3/@claude-flow/cli/__tests__/output.test.ts[2m > [22mOutputFormatter[2m > [22mcolor enable/disable[2m > [22mshould respect color=true in constructor
 [32mΓ£ô[39m v3/@claude-flow/cli/__tests__/output.test.ts[2m > [22mOutputFormatter[2m > [22mcolor methods[2m > [22mbold should wrap text with bold ANSI code
 [32mΓ£ô[39m v3/@claude-flow/cli/__tests__/output.test.ts[2m > [22mOutputFormatter[2m > [22mcolor methods[2m > [22mdim should wrap text with dim ANSI code
 [32mΓ£ô[39m v3/@claude-flow/cli/__tests__/output.test.ts[2m > [22mOutputFormatter[2m > [22mcolor methods[2m > [22msuccess should wrap text in green
 [32mΓ£ô[39m v3/@claude-flow/cli/__tests__/output.test.ts[2m > [22mOutputFormatter[2m > [22mcolor methods[2m > [22merror should wrap text in red
 [32mΓ£ô[39m v3/@claude-flow/cli/__tests__/output.test.ts[2m > [22mOutputFormatter[2m > [22mcolor methods[2m > [22mwarning should wrap text in yellow
 [32mΓ£ô[39m v3/@claude-flow/cli/__tests__/output.test.ts[2m > [22mOutputFormatter[2m > [22mcolor methods[2m > [22minfo should wrap text in blue
 [32mΓ£ô[39m v3/@claude-flow/cli/__tests__/output.test.ts[2m > [22mOutputFormatter[2m > [22mcolor methods[2m > [22mhighlight should wrap text in cyan+bold
 [32mΓ£ô[39m v3/@claude-flow/cli/__tests__/output.test.ts[2m > [22mOutputFormatter[2m > [22mcolor methods[2m > [22mcolor with multiple colors should apply all codes
 [32mΓ£ô[39m v3/@claude-flow/cli/__tests__/output.test.ts[2m > [22mOutputFormatter[2m > [22mverbosity[2m > [22mdefault verbosity should be "normal"
 [32mΓ£ô[39m v3/@claude-flow/cli/__tests__/output.test.ts[2m > [22mOutputFormatter[2m > [22mverbosity[2m > [22mshould set verbosity via constructor
 [32mΓ£ô[39m v3/@claude-flow/cli/__tests__/output.test.ts[2m > [22mOutputFormatter[2m > [22mverbosity[2m > [22mshould update verbosity via setVerbosity
 [32mΓ£ô[39m v3/@claude-flow/cli/__tests__/output.test.ts[2m > [22mOutputFormatter[2m > [22mverbosity[2m > [22misVerbose should be true for "verbose" and "debug"
 [32mΓ£ô[39m v3/@claude-flow/cli/__tests__/output.test.ts[2m > [22mOutputFormatter[2m > [22mverbosity[2m > [22misDebug should only be true for "debug"
 [32mΓ£ô[39m v3/@claude-flow/cli/__tests__/output.test.ts[2m > [22mOutputFormatter[2m > [22mformatted output[2m > [22mprintSuccess should always output
 [32mΓ£ô[39m v3/@claude-flow/cli/__tests__/output.test.ts[2m > [22mOutputFormatter[2m > [22mformatted output[2m > [22mprintError should always output to stderr
 [32mΓ£ô[39m v3/@claude-flow/cli/__tests__/output.test.ts[2m > [22mOutputFormatter[2m > [22mformatted output[2m > [22mprintWarning should be suppressed in quiet mode
 [32mΓ£ô[39m v3/@claude-flow/cli/__tests__/output.test.ts[2m > [22mOutputFormatter[2m > [22mformatted output[2m > [22mprintWarning should output in normal mode
 [32mΓ£ô[39m v3/@claude-flow/cli/__tests__/output.test.ts[2m > [22mOutputFormatter[2m > [22mformatted output[2m > [22mprintInfo should be suppressed in quiet mode
 [32mΓ£ô[39m v3/@claude-flow/cli/__tests__/output.test.ts[2m > [22mOutputFormatter[2m > [22mformatted output[2m > [22mprintInfo should output in normal mode
 [32mΓ£ô[39m v3/@claude-flow/cli/__tests__/output.test.ts[2m > [22mOutputFormatter[2m > [22mformatted output[2m > [22mprintDebug should only output in verbose/debug mode
 [32mΓ£ô[39m v3/@claude-flow/cli/__tests__/output.test.ts[2m > [22mOutputFormatter[2m > [22mformatted output[2m > [22mprintTrace should only output in debug mode
 [32mΓ£ô[39m v3/@claude-flow/cli/__tests__/output.test.ts[2m > [22mOutputFormatter[2m > [22mwrite methods[2m > [22mwrite should write to stdout without newline
 [32mΓ£ô[39m v3/@claude-flow/cli/__tests__/output.test.ts[2m > [22mOutputFormatter[2m > [22mwrite methods[2m > [22mwriteln should write to stdout with newline
 [32mΓ£ô[39m v3/@claude-flow/cli/__tests__/output.test.ts[2m > [22mOutputFormatter[2m > [22mwrite methods[2m > [22mwriteln with no argument should write empty newline
 [32mΓ£ô[39m v3/@claude-flow/cli/__tests__/output.test.ts[2m > [22mOutputFormatter[2m > [22mwrite methods[2m > [22mwriteError should write to stderr
 [32mΓ£ô[39m v3/@claude-flow/cli/__tests__/output.test.ts[2m > [22mOutputFormatter[2m > [22mwrite methods[2m > [22mwriteErrorln should write to stderr with newline
 [32mΓ£ô[39m v3/@claude-flow/cli/__tests__/output.test.ts[2m > [22mOutputFormatter[2m > [22mtable formatting[2m > [22mshould render a basic table with borders and header
 [32mΓ£ô[39m v3/@claude-flow/cli/__tests__/output.test.ts[2m > [22mOutputFormatter[2m > [22mtable formatting[2m > [22mshould render table without borders
 [32mΓ£ô[39m v3/@claude-flow/cli/__tests__/output.test.ts[2m > [22mOutputFormatter[2m > [22mtable formatting[2m > [22mshould render table without header
 [32mΓ£ô[39m v3/@claude-flow/cli/__tests__/output.test.ts[2m > [22mOutputFormatter[2m > [22mtable formatting[2m > [22mshould use column formatter
 [32mΓ£ô[39m v3/@claude-flow/cli/__tests__/output.test.ts[2m > [22mOutputFormatter[2m > [22mtable formatting[2m > [22mshould handle null/undefined values gracefully
 [32mΓ£ô[39m v3/@claude-flow/cli/__tests__/output.test.ts[2m > [22mOutputFormatter[2m > [22mtable formatting[2m > [22mshould handle right alignment
 [32mΓ£ô[39m v3/@claude-flow/cli/__tests__/output.test.ts[2m > [22mOutputFormatter[2m > [22mtable formatting[2m > [22mshould handle center alignment
 [32mΓ£ô[39m v3/@claude-flow/cli/__tests__/output.test.ts[2m > [22mOutputFormatter[2m > [22mtable formatting[2m > [22mshould respect column width limit
 [32mΓ£ô[39m v3/@claude-flow/cli/__tests__/output.test.ts[2m > [22mOutputFormatter[2m > [22mtable formatting[2m > [22mshould respect maxWidth constraint
 [32mΓ£ô[39m v3/@claude-flow/cli/__tests__/output.test.ts[2m > [22mOutputFormatter[2m > [22mtable formatting[2m > [22mprintTable should write table to stdout
 [32mΓ£ô[39m v3/@claude-flow/cli/__tests__/output.test.ts[2m > [22mOutputFormatter[2m > [22mprogress bar[2m > [22mshould render progress bar at 0%
 [32mΓ£ô[39m v3/@claude-flow/cli/__tests__/output.test.ts[2m > [22mOutputFormatter[2m > [22mprogress bar[2m > [22mshould render progress bar at 50%
 [32mΓ£ô[39m v3/@claude-flow/cli/__tests__/output.test.ts[2m > [22mOutputFormatter[2m > [22mprogress bar[2m > [22mshould render progress bar at 100%
 [32mΓ£ô[39m v3/@claude-flow/cli/__tests__/output.test.ts[2m > [22mOutputFormatter[2m > [22mprogress bar[2m > [22mshould clamp progress bar above 100%
 [32mΓ£ô[39m v3/@claude-flow/cli/__tests__/output.test.ts[2m > [22mOutputFormatter[2m > [22mprogress bar[2m > [22mshould respect custom width
 [32mΓ£ô[39m v3/@claude-flow/cli/__tests__/output.test.ts[2m > [22mOutputFormatter[2m > [22mJSON output[2m > [22mshould produce pretty JSON by default
 [32mΓ£ô[39m v3/@claude-flow/cli/__tests__/output.test.ts[2m > [22mOutputFormatter[2m > [22mJSON output[2m > [22mshould produce compact JSON when pretty=false
 [32mΓ£ô[39m v3/@claude-flow/cli/__tests__/output.test.ts[2m > [22mOutputFormatter[2m > [22mJSON output[2m > [22mprintJson should write JSON to stdout
 [32mΓ£ô[39m v3/@claude-flow/cli/__tests__/output.test.ts[2m > [22mOutputFormatter[2m > [22mlist output[2m > [22mshould render bulleted list
 [32mΓ£ô[39m v3/@claude-flow/cli/__tests__/output.test.ts[2m > [22mOutputFormatter[2m > [22mlist output[2m > [22mshould use custom bullet
 [32mΓ£ô[39m v3/@claude-flow/cli/__tests__/output.test.ts[2m > [22mOutputFormatter[2m > [22mlist output[2m > [22mprintList should write to stdout
 [32mΓ£ô[39m v3/@claude-flow/cli/__tests__/output.test.ts[2m > [22mOutputFormatter[2m > [22mlist output[2m > [22mshould render numbered list
 [32mΓ£ô[39m v3/@claude-flow/cli/__tests__/output.test.ts[2m > [22mOutputFormatter[2m > [22mlist output[2m > [22mprintNumberedList should write to stdout
 [32mΓ£ô[39m v3/@claude-flow/cli/__tests__/output.test.ts[2m > [22mOutputFormatter[2m > [22mbox output[2m > [22mshould render box without title
 [32mΓ£ô[39m v3/@claude-flow/cli/__tests__/output.test.ts[2m > [22mOutputFormatter[2m > [22mbox output[2m > [22mshould render box with title
 [32mΓ£ô[39m v3/@claude-flow/cli/__tests__/output.test.ts[2m > [22mOutputFormatter[2m > [22mbox output[2m > [22mshould handle multiline content
 [32mΓ£ô[39m v3/@claude-flow/cli/__tests__/output.test.ts[2m > [22mOutputFormatter[2m > [22mbox output[2m > [22mprintBox should write to stdout
 [32mΓ£ô[39m v3/@claude-flow/cli/__tests__/output.test.ts[2m > [22mOutputFormatter[2m > [22msupportsColor environment detection[2m > [22mshould disable color when NO_COLOR is set
 [32mΓ£ô[39m v3/@claude-flow/cli/__tests__/output.test.ts[2m > [22mOutputFormatter[2m > [22msupportsColor environment detection[2m > [22mshould enable color when FORCE_COLOR is set
 [32mΓ£ô[39m v3/@claude-flow/cli/__tests__/services/worker-daemon-resource-thresholds.test.ts[2m > [22mWorkerDaemon resource thresholds[2m > [22msmart CPU-proportional defaults[2m > [22mshould compute maxCpuLoad as max(cpuCount * 0.8, 2.0)[33m 327[2mms[22m[39m
 [32mΓ£ô[39m v3/@claude-flow/cli/__tests__/services/worker-daemon-resource-thresholds.test.ts[2m > [22mWorkerDaemon resource thresholds[2m > [22msmart CPU-proportional defaults[2m > [22mshould always be at least 2.0 regardless of CPU count[33m 304[2mms[22m[39m
 [32mΓ£ô[39m v3/@claude-flow/cli/__tests__/services/worker-daemon-resource-thresholds.test.ts[2m > [22mWorkerDaemon resource thresholds[2m > [22msmart CPU-proportional defaults[2m > [22mshould scale above 2.0 on multi-core machines
 [32mΓ£ô[39m v3/@claude-flow/cli/__tests__/services/worker-daemon-resource-thresholds.test.ts[2m > [22mWorkerDaemon resource thresholds[2m > [22msmart CPU-proportional defaults[2m > [22mshould use platform-aware default for minFreeMemoryPercent
 [32mΓ£ô[39m v3/@claude-flow/cli/__tests__/services/worker-daemon-resource-thresholds.test.ts[2m > [22mWorkerDaemon resource thresholds[2m > [22mresource gating[2m > [22mshould allow workers when CPU load is below threshold
 [32mΓ£ô[39m v3/@claude-flow/cli/__tests__/services/worker-daemon-resource-thresholds.test.ts[2m > [22mWorkerDaemon resource thresholds[2m > [22mresource gating[2m > [22mshould block workers when CPU load exceeds threshold
 [32mΓ£ô[39m v3/@claude-flow/cli/__tests__/services/worker-daemon-resource-thresholds.test.ts[2m > [22mWorkerDaemon resource thresholds[2m > [22mresource gating[2m > [22mshould block workers when free memory is below threshold
 [32mΓ£ô[39m v3/@claude-flow/cli/__tests__/services/worker-daemon-resource-thresholds.test.ts[2m > [22mWorkerDaemon resource thresholds[2m > [22mconfig.json reading[2m > [22mshould read daemon settings from flat dot-notation keys
 [32mΓ£ô[39m v3/@claude-flow/cli/__tests__/services/worker-daemon-resource-thresholds.test.ts[2m > [22mWorkerDaemon resource thresholds[2m > [22mconfig.json reading[2m > [22mshould read daemon settings from scopes.project
 [32mΓ£ô[39m v3/@claude-flow/cli/__tests__/services/worker-daemon-resource-thresholds.test.ts[2m > [22mWorkerDaemon resource thresholds[2m > [22mconfig.json reading[2m > [22mshould handle malformed config.json gracefully
 [32mΓ£ô[39m v3/@claude-flow/cli/__tests__/services/worker-daemon-resource-thresholds.test.ts[2m > [22mWorkerDaemon resource thresholds[2m > [22mconfig priority: constructor arg > config.json > smart default[2m > [22mshould prefer constructor arg over config.json
 [32mΓ£ô[39m v3/@claude-flow/cli/__tests__/services/worker-daemon-resource-thresholds.test.ts[2m > [22mWorkerDaemon resource thresholds[2m > [22mconfig priority: constructor arg > config.json > smart default[2m > [22mshould prefer config.json over smart default
 [32mΓ£ô[39m v3/@claude-flow/cli/__tests__/services/worker-daemon-resource-thresholds.test.ts[2m > [22mWorkerDaemon resource thresholds[2m > [22mstate persistence[2m > [22mshould restore resourceThresholds from daemon-state.json
 [32mΓ£ô[39m v3/@claude-flow/cli/__tests__/services/worker-daemon-resource-thresholds.test.ts[2m > [22mWorkerDaemon resource thresholds[2m > [22mstate persistence[2m > [22mshould restore maxConcurrent and workerTimeoutMs from state[33m 320[2mms[22m[39m
 [32mΓ£ô[39m v3/@claude-flow/cli/__tests__/services/worker-daemon-resource-thresholds.test.ts[2m > [22mWorkerDaemon resource thresholds[2m > [22mstate persistence[2m > [22mshould reject invalid values from saved state[33m 307[2mms[22m[39m
 [32mΓ£ô[39m v3/@claude-flow/cli/__tests__/services/worker-daemon-resource-thresholds.test.ts[2m > [22mWorkerDaemon resource thresholds[2m > [22minput validation[2m > [22mshould ignore non-numeric values in config.json[33m 308[2mms[22m[39m
 [32mΓ£ô[39m v3/@claude-flow/cli/__tests__/services/worker-daemon-resource-thresholds.test.ts[2m > [22mWorkerDaemon resource thresholds[2m > [22minput validation[2m > [22mshould ignore negative values in config.json[33m 3110[2mms[22m[39m
 [32mΓ£ô[39m v3/@claude-flow/cli/__tests__/services/worker-daemon-resource-thresholds.test.ts[2m > [22mWorkerDaemon resource thresholds[2m > [22minput validation[2m > [22mshould reject minFreeMemoryPercent outside 0-100 range[33m 325[2mms[22m[39m
 [32mΓ£ô[39m v3/@claude-flow/cli/__tests__/services/worker-daemon-resource-thresholds.test.ts[2m > [22mWorkerDaemon resource thresholds[2m > [22mprocessPendingWorkers busy-wait prevention[2m > [22mshould not spin when all workers are deferred due to resource pressure[33m 311[2mms[22m[39m
 [32mΓ£ô[39m v3/@claude-flow/cli/__tests__/services/worker-daemon-resource-thresholds.test.ts[2m > [22mWorkerDaemon resource thresholds[2m > [22mprocessPendingWorkers busy-wait prevention[2m > [22mshould schedule a backoff retry when no workers are running and a worker is deferred
 [32mΓ£ô[39m v3/@claude-flow/cli/__tests__/services/worker-daemon-resource-thresholds.test.ts[2m > [22mWorkerDaemon resource thresholds[2m > [22mprocessPendingWorkers busy-wait prevention[2m > [22mshould not schedule backoff when running workers will drain the queue
 [32mΓ£ô[39m v3/@claude-flow/cli/__tests__/services/worker-daemon-resource-thresholds.test.ts[2m > [22mWorkerDaemon resource thresholds[2m > [22mmutation killing[2m > [22mshould NOT use Math.min ΓÇö multi-core default must exceed 2.0[33m 376[2mms[22m[39m
 [32mΓ£ô[39m v3/@claude-flow/cli/__tests__/services/worker-daemon-resource-thresholds.test.ts[2m > [22mWorkerDaemon resource thresholds[2m > [22mmutation killing[2m > [22mshould scale proportionally to CPU count, not be constant[33m 327[2mms[22m[39m
 [32mΓ£ô[39m v3/@claude-flow/cli/__tests__/services/worker-daemon-resource-thresholds.test.ts[2m > [22mWorkerDaemon resource thresholds[2m > [22mmutation killing[2m > [22mshould allow workers when CPU load equals exactly the threshold[33m 303[2mms[22m[39m
 [32mΓ£ô[39m v3/@claude-flow/cli/__tests__/services/worker-daemon-resource-thresholds.test.ts[2m > [22mWorkerDaemon resource thresholds[2m > [22mmutation killing[2m > [22mshould allow workers when free memory equals exactly the threshold
 [32mΓ£ô[39m v3/@claude-flow/cli/__tests__/services/worker-daemon-resource-thresholds.test.ts[2m > [22mWorkerDaemon resource thresholds[2m > [22mmutation killing[2m > [22mshould return at least 1 from getEffectiveCpuCount
 [32mΓ£ô[39m v3/@claude-flow/cli/__tests__/services/worker-daemon-resource-thresholds.test.ts[2m > [22mWorkerDaemon resource thresholds[2m > [22mmutation killing[2m > [22mshould prefer scopes.project over root when both exist[33m 303[2mms[22m[39m
 [32mΓ£ô[39m v3/@claude-flow/cli/__tests__/services/worker-daemon-resource-thresholds.test.ts[2m > [22mWorkerDaemon resource thresholds[2m > [22mmutation killing[2m > [22mshould reject maxCpuLoad of exactly 0 in config.json[33m 319[2mms[22m[39m
 [32mΓ£ô[39m v3/@claude-flow/cli/__tests__/services/worker-daemon-resource-thresholds.test.ts[2m > [22mWorkerDaemon resource thresholds[2m > [22mmutation killing[2m > [22mshould reject minFreeMemoryPercent of exactly 101 in config.json[33m 340[2mms[22m[39m
 [32mΓ£ô[39m v3/@claude-flow/cli/__tests__/services/worker-daemon-resource-thresholds.test.ts[2m > [22mWorkerDaemon resource thresholds[2m > [22mmutation killing[2m > [22mshould accept minFreeMemoryPercent of 0 in config.json (disable memory check)[33m 301[2mms[22m[39m
 [32mΓ£ô[39m v3/@claude-flow/cli/__tests__/services/worker-daemon-resource-thresholds.test.ts[2m > [22mWorkerDaemon resource thresholds[2m > [22mmutation killing[2m > [22mshould reject boolean true as maxCpuLoad (typeof guard)
 [32mΓ£ô[39m v3/@claude-flow/cli/__tests__/services/worker-daemon-resource-thresholds.test.ts[2m > [22mWorkerDaemon resource thresholds[2m > [22mmutation killing[2m > [22mshould reject absurdly large maxCpuLoad from saved state[33m 328[2mms[22m[39m
 [32mΓ£ô[39m v3/@claude-flow/cli/__tests__/services/worker-daemon-resource-thresholds.test.ts[2m > [22mWorkerDaemon resource thresholds[2m > [22mmutation killing[2m > [22mshould independently check CPU and memory (not conflate them)[33m 522[2mms[22m[39m
 [32mΓ£ô[39m v3/@claude-flow/cli/__tests__/services/worker-daemon-resource-thresholds.test.ts[2m > [22mWorkerDaemon resource thresholds[2m > [22mmutation killing[2m > [22mshould use partial constructor resourceThresholds (only maxCpuLoad)
 [32mΓ£ô[39m v3/@claude-flow/cli/__tests__/services/worker-daemon-resource-thresholds.test.ts[2m > [22mWorkerDaemon resource thresholds[2m > [22mmutation killing[2m > [22mshould read maxConcurrent from config.json[33m 351[2mms[22m[39m
 [32mΓ£ô[39m v3/@claude-flow/cli/__tests__/services/worker-daemon-resource-thresholds.test.ts[2m > [22mWorkerDaemon resource thresholds[2m > [22mmutation killing[2m > [22mshould use 30s backoff delay, not 0[33m 330[2mms[22m[39m
 [32mΓ£ô[39m v3/@claude-flow/cli/__tests__/services/worker-daemon-resource-thresholds.test.ts[2m > [22mWorkerDaemon resource thresholds[2m > [22mcontainer-aware CPU detection[2m > [22mshould expose getEffectiveCpuCount as a static method
 [32mΓ£ô[39m v3/@claude-flow/cli/__tests__/services/worker-daemon-resource-thresholds.test.ts[2m > [22mWorkerDaemon resource thresholds[2m > [22mcontainer-aware CPU detection[2m > [22mshould return a positive integer
 [32mΓ£ô[39m v3/@claude-flow/cli/__tests__/services/worker-daemon-resource-thresholds.test.ts[2m > [22mWorkerDaemon resource thresholds[2m > [22mcontainer-aware CPU detection[2m > [22mshould match os.cpus().length on bare-metal (no cgroup quota)
 [32mΓ£ô[39m v3/@claude-flow/cli/__tests__/services/worker-daemon-resource-thresholds.test.ts[2m > [22mWorkerDaemon resource thresholds[2m > [22mcontainer-aware CPU detection[2m > [22mshould be used by the constructor for maxCpuLoad calculation[33m 303[2mms[22m[39m
 [32mΓ£ô[39m v3/@claude-flow/guidance/tests/continue-gate.test.ts[2m > [22mcreateContinueGate()[2m > [22mshould create a ContinueGate with default config
 [32mΓ£ô[39m v3/@claude-flow/guidance/tests/continue-gate.test.ts[2m > [22mcreateContinueGate()[2m > [22mshould create a ContinueGate with custom config
 [32mΓ£ô[39m v3/@claude-flow/guidance/tests/continue-gate.test.ts[2m > [22mContinueGate.evaluate()[2m > [22mshould return continue when all checks pass
 [32mΓ£ô[39m v3/@claude-flow/guidance/tests/continue-gate.test.ts[2m > [22mContinueGate.evaluate()[2m > [22mshould return stop when coherence is below threshold
 [32mΓ£ô[39m v3/@claude-flow/guidance/tests/continue-gate.test.ts[2m > [22mContinueGate.evaluate()[2m > [22mshould return stop when coherence is exactly at threshold
 [32mΓ£ô[39m v3/@claude-flow/guidance/tests/continue-gate.test.ts[2m > [22mContinueGate.evaluate()[2m > [22mshould continue when coherence equals the threshold
 [32mΓ£ô[39m v3/@claude-flow/guidance/tests/continue-gate.test.ts[2m > [22mContinueGate.evaluate()[2m > [22mshould return stop when step limit exceeded without recent checkpoint
 [32mΓ£ô[39m v3/@claude-flow/guidance/tests/continue-gate.test.ts[2m > [22mContinueGate.evaluate()[2m > [22mshould not stop at step limit if recent checkpoint exists
 [32mΓ£ô[39m v3/@claude-flow/guidance/tests/continue-gate.test.ts[2m > [22mContinueGate.evaluate()[2m > [22mshould return stop when token budget is exhausted
 [32mΓ£ô[39m v3/@claude-flow/guidance/tests/continue-gate.test.ts[2m > [22mContinueGate.evaluate()[2m > [22mshould return stop when tool call budget is exhausted
 [32mΓ£ô[39m v3/@claude-flow/guidance/tests/continue-gate.test.ts[2m > [22mContinueGate.evaluate()[2m > [22mshould return stop when time budget is exhausted
 [32mΓ£ô[39m v3/@claude-flow/guidance/tests/continue-gate.test.ts[2m > [22mContinueGate.evaluate()[2m > [22mshould list all exhausted budgets
 [32mΓ£ô[39m v3/@claude-flow/guidance/tests/continue-gate.test.ts[2m > [22mContinueGate.evaluate()[2m > [22mshould return pause when rework ratio exceeds threshold
 [32mΓ£ô[39m v3/@claude-flow/guidance/tests/continue-gate.test.ts[2m > [22mContinueGate.evaluate()[2m > [22mshould not pause when rework ratio is at threshold
 [32mΓ£ô[39m v3/@claude-flow/guidance/tests/continue-gate.test.ts[2m > [22mContinueGate.evaluate()[2m > [22mshould return pause when uncertainty exceeds threshold
 [32mΓ£ô[39m v3/@claude-flow/guidance/tests/continue-gate.test.ts[2m > [22mContinueGate.evaluate()[2m > [22mshould not pause when uncertainty is at threshold
 [32mΓ£ô[39m v3/@claude-flow/guidance/tests/continue-gate.test.ts[2m > [22mContinueGate.evaluate()[2m > [22mshould return throttle when budget slope is accelerating
 [32mΓ£ô[39m v3/@claude-flow/guidance/tests/continue-gate.test.ts[2m > [22mContinueGate.evaluate()[2m > [22mshould return checkpoint when interval reached
 [32mΓ£ô[39m v3/@claude-flow/guidance/tests/continue-gate.test.ts[2m > [22mContinueGate.evaluate()[2m > [22mshould not checkpoint before interval
 [32mΓ£ô[39m v3/@claude-flow/guidance/tests/continue-gate.test.ts[2m > [22mContinueGate.evaluate()[2m > [22mshould prioritize stop over pause
 [32mΓ£ô[39m v3/@claude-flow/guidance/tests/continue-gate.test.ts[2m > [22mContinueGate.evaluate()[2m > [22mshould prioritize pause over throttle
 [32mΓ£ô[39m v3/@claude-flow/guidance/tests/continue-gate.test.ts[2m > [22mContinueGate.evaluate()[2m > [22mshould compute coherence level correctly
 [32mΓ£ô[39m v3/@claude-flow/guidance/tests/continue-gate.test.ts[2m > [22mContinueGate.evaluate()[2m > [22mshould compute uncertainty level correctly
 [32mΓ£ô[39m v3/@claude-flow/guidance/tests/continue-gate.test.ts[2m > [22mContinueGate.evaluate()[2m > [22mshould compute rework ratio correctly
 [32mΓ£ô[39m v3/@claude-flow/guidance/tests/continue-gate.test.ts[2m > [22mContinueGate.evaluate()[2m > [22mshould handle zero step number (division by zero)
 [32mΓ£ô[39m v3/@claude-flow/guidance/tests/continue-gate.test.ts[2m > [22mContinueGate.evaluate()[2m > [22mshould include recommended action for non-continue decisions
 [32mΓ£ô[39m v3/@claude-flow/guidance/tests/continue-gate.test.ts[2m > [22mContinueGate.evaluateWithHistory()[2m > [22mshould record evaluations in history
 [32mΓ£ô[39m v3/@claude-flow/guidance/tests/continue-gate.test.ts[2m > [22mContinueGate.evaluateWithHistory()[2m > [22mshould return continue with minimal metrics during cooldown
 [32mΓ£ô[39m v3/@claude-flow/guidance/tests/continue-gate.test.ts[2m > [22mContinueGate.evaluateWithHistory()[2m > [22mshould still stop during cooldown if coherence collapses
 [32mΓ£ô[39m v3/@claude-flow/guidance/tests/continue-gate.test.ts[2m > [22mContinueGate.evaluateWithHistory()[2m > [22mshould still stop during cooldown if budget exhausted
 [32mΓ£ô[39m v3/@claude-flow/guidance/tests/continue-gate.test.ts[2m > [22mContinueGate.evaluateWithHistory()[2m > [22mshould evict oldest entries when history exceeds max size
 [32mΓ£ô[39m v3/@claude-flow/guidance/tests/continue-gate.test.ts[2m > [22mContinueGate.getStats()[2m > [22mshould return zero stats when no evaluations
 [32mΓ£ô[39m v3/@claude-flow/guidance/tests/continue-gate.test.ts[2m > [22mContinueGate.getStats()[2m > [22mshould count decisions by type
 [32mΓ£ô[39m v3/@claude-flow/guidance/tests/continue-gate.test.ts[2m > [22mContinueGate.reset()[2m > [22mshould clear all internal state
 [32mΓ£ô[39m v3/@claude-flow/guidance/tests/continue-gate.test.ts[2m > [22mBudget slope detection[2m > [22mshould detect zero slope with constant token usage
 [32mΓ£ô[39m v3/@claude-flow/guidance/tests/continue-gate.test.ts[2m > [22mBudget slope detection[2m > [22mshould detect positive slope with increasing token usage
 [32mΓ£ô[39m v3/@claude-flow/guidance/tests/continue-gate.test.ts[2m > [22mBudget slope detection[2m > [22mshould return zero slope with fewer than 2 data points
 [32mΓ£ô[39m v3/@claude-flow/guidance/tests/continue-gate.test.ts[2m > [22mContinueGate.getConfig()[2m > [22mshould return a copy of the config
 [32mΓ£ô[39m v3/@claude-flow/guidance/tests/continue-gate.test.ts[2m > [22mEdge cases[2m > [22mshould handle negative budget remaining
 [32mΓ£ô[39m v3/@claude-flow/guidance/tests/continue-gate.test.ts[2m > [22mEdge cases[2m > [22mshould handle coherence score of exactly 0
 [32mΓ£ô[39m v3/@claude-flow/guidance/tests/continue-gate.test.ts[2m > [22mEdge cases[2m > [22mshould handle uncertainty score of exactly 1
 [32mΓ£ô[39m v3/@claude-flow/guidance/tests/continue-gate.test.ts[2m > [22mEdge cases[2m > [22mshould handle very large step numbers
 [32mΓ£ô[39m v3/plugins/agentic-qe/__tests__/plugin.test.ts[2m > [22mAQEPlugin[2m > [22mmetadata[2m > [22mshould have correct plugin name
 [32mΓ£ô[39m v3/plugins/agentic-qe/__tests__/plugin.test.ts[2m > [22mAQEPlugin[2m > [22mmetadata[2m > [22mshould have correct version
 [32mΓ£ô[39m v3/plugins/agentic-qe/__tests__/plugin.test.ts[2m > [22mAQEPlugin[2m > [22mmetadata[2m > [22mshould have required dependencies
 [32mΓ£ô[39m v3/plugins/agentic-qe/__tests__/plugin.test.ts[2m > [22mAQEPlugin[2m > [22mmetadata[2m > [22mshould have expected tags
 [32mΓ£ô[39m v3/plugins/agentic-qe/__tests__/plugin.test.ts[2m > [22mAQEPlugin[2m > [22mmetadata[2m > [22mshould freeze metadata
 [32mΓ£ô[39m v3/plugins/agentic-qe/__tests__/plugin.test.ts[2m > [22mAQEPlugin[2m > [22mmetadata[2m > [22mshould specify minimum core version
 [32mΓ£ô[39m v3/plugins/agentic-qe/__tests__/plugin.test.ts[2m > [22mAQEPlugin[2m > [22minitialization[2m > [22mshould start in uninitialized state
 [32mΓ£ô[39m v3/plugins/agentic-qe/__tests__/plugin.test.ts[2m > [22mAQEPlugin[2m > [22minitialization[2m > [22mshould initialize successfully with valid context
 [32mΓ£ô[39m v3/plugins/agentic-qe/__tests__/plugin.test.ts[2m > [22mAQEPlugin[2m > [22minitialization[2m > [22mshould log initialization success
 [32mΓ£ô[39m v3/plugins/agentic-qe/__tests__/plugin.test.ts[2m > [22mAQEPlugin[2m > [22minitialization[2m > [22mshould reject double initialization
 [32mΓ£ô[39m v3/plugins/agentic-qe/__tests__/plugin.test.ts[2m > [22mAQEPlugin[2m > [22minitialization[2m > [22mshould reject incompatible core version
 [32mΓ£ô[39m v3/plugins/agentic-qe/__tests__/plugin.test.ts[2m > [22mAQEPlugin[2m > [22minitialization[2m > [22mshould accept compatible core versions
 [32mΓ£ô[39m v3/plugins/agentic-qe/__tests__/plugin.test.ts[2m > [22mAQEPlugin[2m > [22minitialization[2m > [22mshould initialize all bridges
 [32mΓ£ô[39m v3/plugins/agentic-qe/__tests__/plugin.test.ts[2m > [22mAQEPlugin[2m > [22mshutdown[2m > [22mshould shutdown gracefully
 [32mΓ£ô[39m v3/plugins/agentic-qe/__tests__/plugin.test.ts[2m > [22mAQEPlugin[2m > [22mshutdown[2m > [22mshould clear bridges on shutdown
 [32mΓ£ô[39m v3/plugins/agentic-qe/__tests__/plugin.test.ts[2m > [22mAQEPlugin[2m > [22mshutdown[2m > [22mshould be safe to call shutdown multiple times
 [32mΓ£ô[39m v3/plugins/agentic-qe/__tests__/plugin.test.ts[2m > [22mAQEPlugin[2m > [22mshutdown[2m > [22mshould be safe to shutdown uninitialized plugin
 [32mΓ£ô[39m v3/plugins/agentic-qe/__tests__/plugin.test.ts[2m > [22mAQEPlugin[2m > [22mhealth check[2m > [22mshould report healthy when initialized
 [32mΓ£ô[39m v3/plugins/agentic-qe/__tests__/plugin.test.ts[2m > [22mAQEPlugin[2m > [22mhealth check[2m > [22mshould report unhealthy when not initialized
 [32mΓ£ô[39m v3/plugins/agentic-qe/__tests__/plugin.test.ts[2m > [22mAQEPlugin[2m > [22mhealth check[2m > [22mshould include state check
 [32mΓ£ô[39m v3/plugins/agentic-qe/__tests__/plugin.test.ts[2m > [22mAQEPlugin[2m > [22mhealth check[2m > [22mshould include bridges check
 [32mΓ£ô[39m v3/plugins/agentic-qe/__tests__/plugin.test.ts[2m > [22mAQEPlugin[2m > [22mhealth check[2m > [22mshould include tools check
 [32mΓ£ô[39m v3/plugins/agentic-qe/__tests__/plugin.test.ts[2m > [22mAQEPlugin[2m > [22mMCP tools[2m > [22mshould register MCP tools after initialization
 [32mΓ£ô[39m v3/plugins/agentic-qe/__tests__/plugin.test.ts[2m > [22mAQEPlugin[2m > [22mMCP tools[2m > [22mshould include generate-tests tool
 [32mΓ£ô[39m v3/plugins/agentic-qe/__tests__/plugin.test.ts[2m > [22mAQEPlugin[2m > [22mMCP tools[2m > [22mshould include analyze-coverage tool
 [32mΓ£ô[39m v3/plugins/agentic-qe/__tests__/plugin.test.ts[2m > [22mAQEPlugin[2m > [22mMCP tools[2m > [22mshould include security-scan tool
 [32mΓ£ô[39m v3/plugins/agentic-qe/__tests__/plugin.test.ts[2m > [22mAQEPlugin[2m > [22mMCP tools[2m > [22mshould include chaos-inject tool
 [32mΓ£ô[39m v3/plugins/agentic-qe/__tests__/plugin.test.ts[2m > [22mAQEPlugin[2m > [22mMCP tools[2m > [22mshould have valid input schemas
 [32mΓ£ô[39m v3/plugins/agentic-qe/__tests__/plugin.test.ts[2m > [22mAQEPlugin[2m > [22mMCP tools[2m > [22mshould have working handlers
 [32mΓ£ô[39m v3/plugins/agentic-qe/__tests__/plugin.test.ts[2m > [22mAQEPlugin[2m > [22mconfiguration[2m > [22mshould access plugin settings
 [32mΓ£ô[39m v3/plugins/agentic-qe/__tests__/plugin.test.ts[2m > [22mAQEPlugin[2m > [22mconfiguration[2m > [22mshould return empty config when not initialized
 [32mΓ£ô[39m v3/plugins/agentic-qe/__tests__/plugin.test.ts[2m > [22mAQEPlugin Error Handling[2m > [22mshould handle bridge initialization failure gracefully
 [32mΓ£ô[39m v3/plugins/agentic-qe/__tests__/plugin.test.ts[2m > [22mAQEPlugin Error Handling[2m > [22mshould allow re-creation after error
 [32mΓ£ô[39m v3/__tests__/honesty/tool-honesty.test.ts[2m > [22mTool Honesty (v3.5.56-57)[2m > [22mNo Math.random() in metrics[2m > [22mshould not use Math.random() for metrics in performance-tools.ts
 [32mΓ£ô[39m v3/__tests__/honesty/tool-honesty.test.ts[2m > [22mTool Honesty (v3.5.56-57)[2m > [22mNo Math.random() in metrics[2m > [22mshould not use Math.random() for metrics in system-tools.ts
 [32mΓ£ô[39m v3/__tests__/honesty/tool-honesty.test.ts[2m > [22mTool Honesty (v3.5.56-57)[2m > [22mNo Math.random() in metrics[2m > [22mshould not use Math.random() for metrics in hooks-tools.ts
 [32mΓ£ô[39m v3/__tests__/honesty/tool-honesty.test.ts[2m > [22mTool Honesty (v3.5.56-57)[2m > [22mNo Math.random() in metrics[2m > [22mshould not use Math.random() for metrics in daa-tools.ts
 [32mΓ£ô[39m v3/__tests__/honesty/tool-honesty.test.ts[2m > [22mTool Honesty (v3.5.56-57)[2m > [22mNo Math.random() in metrics[2m > [22mshould not use Math.random() for metrics in neural-tools.ts
 [32mΓ£ô[39m v3/__tests__/honesty/tool-honesty.test.ts[2m > [22mTool Honesty (v3.5.56-57)[2m > [22mNo Math.random() in metrics[2m > [22mshould not use Math.random() for metrics in embeddings-tools.ts
 [32mΓ£ô[39m v3/__tests__/honesty/tool-honesty.test.ts[2m > [22mTool Honesty (v3.5.56-57)[2m > [22mNo Math.random() in metrics[2m > [22mshould not use Math.random() for confidence scores anywhere in mcp-tools
 [32mΓ£ô[39m v3/__tests__/honesty/tool-honesty.test.ts[2m > [22mTool Honesty (v3.5.56-57)[2m > [22mNo fake delays in daa_agent_adapt[2m > [22mshould not contain setTimeout in daa-tools.ts
 [32mΓ£ô[39m v3/__tests__/honesty/tool-honesty.test.ts[2m > [22mTool Honesty (v3.5.56-57)[2m > [22mNo fake delays in daa_agent_adapt[2m > [22mshould handle daa_agent_adapt synchronously (< 50ms conceptual)
 [32mΓ£ô[39m v3/__tests__/honesty/tool-honesty.test.ts[2m > [22mTool Honesty (v3.5.56-57)[2m > [22mdaa_workflow_execute does not auto-complete[2m > [22mshould not set step status to completed in the execute handler
 [32mΓ£ô[39m v3/__tests__/honesty/tool-honesty.test.ts[2m > [22mTool Honesty (v3.5.56-57)[2m > [22mdaa_workflow_execute does not auto-complete[2m > [22mshould preserve step status as pending after execute
 [31m├ù[39m v3/__tests__/honesty/tool-honesty.test.ts[2m > [22mTool Honesty (v3.5.56-57)[2m > [22msystem_reset uses real OS values[2m > [22mshould use os.loadavg() for cpu in the reset handler
[31m   ΓåÆ expected 'name: \'system_reset\',\r\n    descriΓÇª' to contain 'os.totalmem()'[39m
 [31m├ù[39m v3/__tests__/honesty/tool-honesty.test.ts[2m > [22mTool Honesty (v3.5.56-57)[2m > [22msystem_reset uses real OS values[2m > [22mshould use os.totalmem() and os.freemem() for memory values
[31m   ΓåÆ expected 'name: \'system_reset\',\r\n    descriΓÇª' to contain 'os.totalmem()'[39m
 [32mΓ£ô[39m v3/__tests__/honesty/tool-honesty.test.ts[2m > [22mTool Honesty (v3.5.56-57)[2m > [22msystem_reset uses real OS values[2m > [22mshould import the os module
 [31m├ù[39m v3/__tests__/honesty/tool-honesty.test.ts[2m > [22mTool Honesty (v3.5.56-57)[2m > [22mhooks_intelligence_attention fallback[2m > [22mshould return empty results array when no backend is available
[31m   ΓåÆ expected 'name: \'hooks_intelligence_attention\ΓÇª' to contain 'implementation = \'none\''[39m
 [31m├ù[39m v3/__tests__/honesty/tool-honesty.test.ts[2m > [22mTool Honesty (v3.5.56-57)[2m > [22mhooks_intelligence_attention fallback[2m > [22mshould mark _stub as true when no backend is available
[31m   ΓåÆ expected 'name: \'hooks_intelligence_attention\ΓÇª' to contain '_stub: implementation === \'none\''[39m
 [31m├ù[39m v3/__tests__/honesty/tool-honesty.test.ts[2m > [22mTool Honesty (v3.5.56-57)[2m > [22mhooks_intelligence_attention fallback[2m > [22mshould not generate fake speedup claims when no backend is available
[31m   ΓåÆ expected 'name: \'hooks_intelligence_attention\ΓÇª' to match /speedup:.*implementation\.startsWith\ΓÇª/[39m
 [32mΓ£ô[39m v3/__tests__/honesty/tool-honesty.test.ts[2m > [22mTool Honesty (v3.5.56-57)[2m > [22mNo "Simulated" text in embeddings[2m > [22mshould not contain "Simulated" in embeddings-tools.ts
 [32mΓ£ô[39m v3/__tests__/honesty/tool-honesty.test.ts[2m > [22mTool Honesty (v3.5.56-57)[2m > [22mNo "Simulated" text in embeddings[2m > [22mshould not contain "simulated" (case-insensitive) in embeddings-tools.ts
 [32mΓ£ô[39m v3/__tests__/honesty/tool-honesty.test.ts[2m > [22mTool Honesty (v3.5.56-57)[2m > [22mNo "Simulated" text in embeddings[2m > [22mshould return honest empty results when no embeddings are indexed
 [32mΓ£ô[39m v3/__tests__/honesty/tool-honesty.test.ts[2m > [22mTool Honesty (v3.5.56-57)[2m > [22mBenchmark fallback returns 0 for searchTimeMs[2m > [22mshould return searchTimeMs: 0 in pattern-search fallback
 [32mΓ£ô[39m v3/__tests__/honesty/tool-honesty.test.ts[2m > [22mTool Honesty (v3.5.56-57)[2m > [22mBenchmark fallback returns 0 for searchTimeMs[2m > [22mshould return searchTimeMs: 0 in error and unavailable paths
 [32mΓ£ô[39m v3/__tests__/honesty/tool-honesty.test.ts[2m > [22mTool Honesty (v3.5.56-57)[2m > [22mperformance_report uses real OS values[2m > [22mshould use process.memoryUsage() and os module for real metrics
 [32mΓ£ô[39m v3/__tests__/honesty/tool-honesty.test.ts[2m > [22mTool Honesty (v3.5.56-57)[2m > [22mperformance_report uses real OS values[2m > [22mshould mark report output with _real: true
 [31m├ù[39m v3/__tests__/honesty/tool-honesty.test.ts[2m > [22mTool Honesty (v3.5.56-57)[2m > [22mperformance_report uses real OS values[2m > [22mshould use real timing in performance_benchmark
[31m   ΓåÆ expected 'name: \'performance_benchmark\',\r\n ΓÇª' to contain 'performance.now()'[39m
 [32mΓ£ô[39m v3/__tests__/honesty/tool-honesty.test.ts[2m > [22mTool Honesty (v3.5.56-57)[2m > [22mPerformance tools are real implementations[2m > [22mshould have real performance_profile (not _stub)
 [32mΓ£ô[39m v3/__tests__/honesty/tool-honesty.test.ts[2m > [22mTool Honesty (v3.5.56-57)[2m > [22mPerformance tools are real implementations[2m > [22mshould have real performance_optimize (not _stub)
 [32mΓ£ô[39m v3/__tests__/honesty/tool-honesty.test.ts[2m > [22mTool Honesty (v3.5.56-57)[2m > [22mPerformance tools are real implementations[2m > [22mshould have real performance_bottleneck (not _stub)
 [32mΓ£ô[39m v3/plugins/code-intelligence/tests/types.test.ts[2m > [22mCode Intelligence Types[2m > [22mLanguage Enum[2m > [22mshould validate all supported languages
 [32mΓ£ô[39m v3/plugins/code-intelligence/tests/types.test.ts[2m > [22mCode Intelligence Types[2m > [22mLanguage Enum[2m > [22mshould reject invalid languages
 [32mΓ£ô[39m v3/plugins/code-intelligence/tests/types.test.ts[2m > [22mCode Intelligence Types[2m > [22mLanguageTier[2m > [22mshould classify TypeScript and JavaScript as tier1
 [32mΓ£ô[39m v3/plugins/code-intelligence/tests/types.test.ts[2m > [22mCode Intelligence Types[2m > [22mLanguageTier[2m > [22mshould classify Python and Java as tier2
 [32mΓ£ô[39m v3/plugins/code-intelligence/tests/types.test.ts[2m > [22mCode Intelligence Types[2m > [22mLanguageTier[2m > [22mshould classify Go and Rust as tier3
 [32mΓ£ô[39m v3/plugins/code-intelligence/tests/types.test.ts[2m > [22mCode Intelligence Types[2m > [22mSearchType Enum[2m > [22mshould validate all search types
 [32mΓ£ô[39m v3/plugins/code-intelligence/tests/types.test.ts[2m > [22mCode Intelligence Types[2m > [22mAnalysisType Enum[2m > [22mshould validate all analysis types
 [32mΓ£ô[39m v3/plugins/code-intelligence/tests/types.test.ts[2m > [22mCode Intelligence Types[2m > [22mOutputFormat Enum[2m > [22mshould validate all output formats
 [32mΓ£ô[39m v3/plugins/code-intelligence/tests/types.test.ts[2m > [22mCode Intelligence Types[2m > [22mChangeType Enum[2m > [22mshould validate all change types
 [32mΓ£ô[39m v3/plugins/code-intelligence/tests/types.test.ts[2m > [22mCode Intelligence Types[2m > [22mSplitStrategy Enum[2m > [22mshould validate all split strategies
 [32mΓ£ô[39m v3/plugins/code-intelligence/tests/types.test.ts[2m > [22mCode Intelligence Types[2m > [22mPatternType Enum[2m > [22mshould validate all pattern types
 [32mΓ£ô[39m v3/plugins/code-intelligence/tests/types.test.ts[2m > [22mCode Intelligence Types[2m > [22mSemanticSearchInputSchema[2m > [22mshould validate valid semantic search input
 [32mΓ£ô[39m v3/plugins/code-intelligence/tests/types.test.ts[2m > [22mCode Intelligence Types[2m > [22mSemanticSearchInputSchema[2m > [22mshould use defaults when not provided
 [32mΓ£ô[39m v3/plugins/code-intelligence/tests/types.test.ts[2m > [22mCode Intelligence Types[2m > [22mSemanticSearchInputSchema[2m > [22mshould validate with scope options
 [32mΓ£ô[39m v3/plugins/code-intelligence/tests/types.test.ts[2m > [22mCode Intelligence Types[2m > [22mSemanticSearchInputSchema[2m > [22mshould reject empty query
 [32mΓ£ô[39m v3/plugins/code-intelligence/tests/types.test.ts[2m > [22mCode Intelligence Types[2m > [22mSemanticSearchInputSchema[2m > [22mshould reject query exceeding max length
 [32mΓ£ô[39m v3/plugins/code-intelligence/tests/types.test.ts[2m > [22mCode Intelligence Types[2m > [22mSemanticSearchInputSchema[2m > [22mshould reject topK outside valid range
 [32mΓ£ô[39m v3/plugins/code-intelligence/tests/types.test.ts[2m > [22mCode Intelligence Types[2m > [22mSemanticSearchInputSchema[2m > [22mshould validate all search types
 [32mΓ£ô[39m v3/plugins/code-intelligence/tests/types.test.ts[2m > [22mCode Intelligence Types[2m > [22mArchitectureAnalyzeInputSchema[2m > [22mshould validate valid architecture analyze input
 [32mΓ£ô[39m v3/plugins/code-intelligence/tests/types.test.ts[2m > [22mCode Intelligence Types[2m > [22mArchitectureAnalyzeInputSchema[2m > [22mshould use default root path
 [32mΓ£ô[39m v3/plugins/code-intelligence/tests/types.test.ts[2m > [22mCode Intelligence Types[2m > [22mArchitectureAnalyzeInputSchema[2m > [22mshould validate with layers configuration
 [32mΓ£ô[39m v3/plugins/code-intelligence/tests/types.test.ts[2m > [22mCode Intelligence Types[2m > [22mArchitectureAnalyzeInputSchema[2m > [22mshould validate with baseline
 [32mΓ£ô[39m v3/plugins/code-intelligence/tests/types.test.ts[2m > [22mCode Intelligence Types[2m > [22mArchitectureAnalyzeInputSchema[2m > [22mshould validate all output formats
 [32mΓ£ô[39m v3/plugins/code-intelligence/tests/types.test.ts[2m > [22mCode Intelligence Types[2m > [22mRefactorImpactInputSchema[2m > [22mshould validate valid refactor impact input
 [32mΓ£ô[39m v3/plugins/code-intelligence/tests/types.test.ts[2m > [22mCode Intelligence Types[2m > [22mRefactorImpactInputSchema[2m > [22mshould use default depth
 [32mΓ£ô[39m v3/plugins/code-intelligence/tests/types.test.ts[2m > [22mCode Intelligence Types[2m > [22mRefactorImpactInputSchema[2m > [22mshould reject empty changes array
 [32mΓ£ô[39m v3/plugins/code-intelligence/tests/types.test.ts[2m > [22mCode Intelligence Types[2m > [22mRefactorImpactInputSchema[2m > [22mshould reject too many changes
 [32mΓ£ô[39m v3/plugins/code-intelligence/tests/types.test.ts[2m > [22mCode Intelligence Types[2m > [22mRefactorImpactInputSchema[2m > [22mshould reject depth outside valid range
 [32mΓ£ô[39m v3/plugins/code-intelligence/tests/types.test.ts[2m > [22mCode Intelligence Types[2m > [22mRefactorImpactInputSchema[2m > [22mshould validate all change types
 [32mΓ£ô[39m v3/plugins/code-intelligence/tests/types.test.ts[2m > [22mCode Intelligence Types[2m > [22mSplitSuggestInputSchema[2m > [22mshould validate valid split suggest input
 [32mΓ£ô[39m v3/plugins/code-intelligence/tests/types.test.ts[2m > [22mCode Intelligence Types[2m > [22mSplitSuggestInputSchema[2m > [22mshould use default strategy
 [32mΓ£ô[39m v3/plugins/code-intelligence/tests/types.test.ts[2m > [22mCode Intelligence Types[2m > [22mSplitSuggestInputSchema[2m > [22mshould validate with constraints
 [32mΓ£ô[39m v3/plugins/code-intelligence/tests/types.test.ts[2m > [22mCode Intelligence Types[2m > [22mSplitSuggestInputSchema[2m > [22mshould reject targetModules outside valid range
 [32mΓ£ô[39m v3/plugins/code-intelligence/tests/types.test.ts[2m > [22mCode Intelligence Types[2m > [22mSplitSuggestInputSchema[2m > [22mshould validate all strategies
 [32mΓ£ô[39m v3/plugins/code-intelligence/tests/types.test.ts[2m > [22mCode Intelligence Types[2m > [22mLearnPatternsInputSchema[2m > [22mshould validate valid learn patterns input
 [32mΓ£ô[39m v3/plugins/code-intelligence/tests/types.test.ts[2m > [22mCode Intelligence Types[2m > [22mLearnPatternsInputSchema[2m > [22mshould use default values
 [32mΓ£ô[39m v3/plugins/code-intelligence/tests/types.test.ts[2m > [22mCode Intelligence Types[2m > [22mLearnPatternsInputSchema[2m > [22mshould validate with scope paths
 [32mΓ£ô[39m v3/plugins/code-intelligence/tests/types.test.ts[2m > [22mCode Intelligence Types[2m > [22mLearnPatternsInputSchema[2m > [22mshould reject minOccurrences outside valid range
 [32mΓ£ô[39m v3/plugins/code-intelligence/tests/types.test.ts[2m > [22mCode Intelligence Types[2m > [22mLearnPatternsInputSchema[2m > [22mshould validate all pattern types
 [32mΓ£ô[39m v3/plugins/code-intelligence/tests/types.test.ts[2m > [22mCode Intelligence Types[2m > [22mDefault Configuration[2m > [22mshould have valid search configuration
 [32mΓ£ô[39m v3/plugins/code-intelligence/tests/types.test.ts[2m > [22mCode Intelligence Types[2m > [22mDefault Configuration[2m > [22mshould have valid architecture configuration
 [32mΓ£ô[39m v3/plugins/code-intelligence/tests/types.test.ts[2m > [22mCode Intelligence Types[2m > [22mDefault Configuration[2m > [22mshould have valid refactoring configuration
 [32mΓ£ô[39m v3/plugins/code-intelligence/tests/types.test.ts[2m > [22mCode Intelligence Types[2m > [22mDefault Configuration[2m > [22mshould have valid security configuration
 [32mΓ£ô[39m v3/plugins/code-intelligence/tests/types.test.ts[2m > [22mCode Intelligence Types[2m > [22mError Codes[2m > [22mshould have all expected error codes
 [32mΓ£ô[39m v3/plugins/code-intelligence/tests/types.test.ts[2m > [22mCode Intelligence Types[2m > [22mCodeIntelligenceError[2m > [22mshould create error with code and message
 [32mΓ£ô[39m v3/plugins/code-intelligence/tests/types.test.ts[2m > [22mCode Intelligence Types[2m > [22mCodeIntelligenceError[2m > [22mshould create error with details
 [32mΓ£ô[39m v3/plugins/code-intelligence/tests/types.test.ts[2m > [22mCode Intelligence Types[2m > [22mCodeIntelligenceError[2m > [22mshould be instance of Error
 [32mΓ£ô[39m v3/plugins/code-intelligence/tests/types.test.ts[2m > [22mCode Intelligence Types[2m > [22mSecret Patterns[2m > [22mshould have defined secret patterns
 [31m├ù[39m v3/plugins/code-intelligence/tests/types.test.ts[2m > [22mCode Intelligence Types[2m > [22mSecret Patterns[2m > [22mshould detect API keys in quotes
[31m   ΓåÆ expected false to be true // Object.is equality[39m
 [32mΓ£ô[39m v3/plugins/code-intelligence/tests/types.test.ts[2m > [22mCode Intelligence Types[2m > [22mmaskSecrets[2m > [22mshould mask API keys
 [31m├ù[39m v3/plugins/code-intelligence/tests/types.test.ts[2m > [22mCode Intelligence Types[2m > [22mmaskSecrets[2m > [22mshould mask GitHub tokens
[31m   ΓåÆ expected 'const token = "ghp_abcdefghijklmnopqrΓÇª' to contain '[REDACTED]'[39m
 [32mΓ£ô[39m v3/plugins/code-intelligence/tests/types.test.ts[2m > [22mCode Intelligence Types[2m > [22mmaskSecrets[2m > [22mshould mask AWS keys
 [32mΓ£ô[39m v3/plugins/code-intelligence/tests/types.test.ts[2m > [22mCode Intelligence Types[2m > [22mmaskSecrets[2m > [22mshould mask private key headers
 [32mΓ£ô[39m v3/plugins/code-intelligence/tests/types.test.ts[2m > [22mCode Intelligence Types[2m > [22mmaskSecrets[2m > [22mshould leave non-secret code unchanged
 [32mΓ£ô[39m v3/@claude-flow/mcp/__tests__/mcp.test.ts[2m > [22m@claude-flow/mcp[2m > [22mModule exports[2m > [22mshould export VERSION
 [32mΓ£ô[39m v3/@claude-flow/mcp/__tests__/mcp.test.ts[2m > [22m@claude-flow/mcp[2m > [22mModule exports[2m > [22mshould export MODULE_NAME
 [32mΓ£ô[39m v3/@claude-flow/mcp/__tests__/mcp.test.ts[2m > [22m@claude-flow/mcp[2m > [22mModule exports[2m > [22mshould export ErrorCodes
 [32mΓ£ô[39m v3/@claude-flow/mcp/__tests__/mcp.test.ts[2m > [22m@claude-flow/mcp[2m > [22mMCPServerError[2m > [22mshould create error with code
 [32mΓ£ô[39m v3/@claude-flow/mcp/__tests__/mcp.test.ts[2m > [22m@claude-flow/mcp[2m > [22mMCPServerError[2m > [22mshould convert to MCP error format
 [32mΓ£ô[39m v3/@claude-flow/mcp/__tests__/mcp.test.ts[2m > [22m@claude-flow/mcp[2m > [22mToolRegistry[2m > [22mshould register a tool
 [32mΓ£ô[39m v3/@claude-flow/mcp/__tests__/mcp.test.ts[2m > [22m@claude-flow/mcp[2m > [22mToolRegistry[2m > [22mshould not register duplicate tools
 [32mΓ£ô[39m v3/@claude-flow/mcp/__tests__/mcp.test.ts[2m > [22m@claude-flow/mcp[2m > [22mToolRegistry[2m > [22mshould override tool with option
 [32mΓ£ô[39m v3/@claude-flow/mcp/__tests__/mcp.test.ts[2m > [22m@claude-flow/mcp[2m > [22mToolRegistry[2m > [22mshould unregister a tool
 [32mΓ£ô[39m v3/@claude-flow/mcp/__tests__/mcp.test.ts[2m > [22m@claude-flow/mcp[2m > [22mToolRegistry[2m > [22mshould execute a tool
 [32mΓ£ô[39m v3/@claude-flow/mcp/__tests__/mcp.test.ts[2m > [22m@claude-flow/mcp[2m > [22mToolRegistry[2m > [22mshould return error for unknown tool
 [32mΓ£ô[39m v3/@claude-flow/mcp/__tests__/mcp.test.ts[2m > [22m@claude-flow/mcp[2m > [22mToolRegistry[2m > [22mshould filter by category
 [32mΓ£ô[39m v3/@claude-flow/mcp/__tests__/mcp.test.ts[2m > [22m@claude-flow/mcp[2m > [22mToolRegistry[2m > [22mshould get stats
 [32mΓ£ô[39m v3/@claude-flow/mcp/__tests__/mcp.test.ts[2m > [22m@claude-flow/mcp[2m > [22mdefineTool[2m > [22mshould create a tool definition
 [32mΓ£ô[39m v3/@claude-flow/mcp/__tests__/mcp.test.ts[2m > [22m@claude-flow/mcp[2m > [22mSessionManager[2m > [22mshould create a session
 [32mΓ£ô[39m v3/@claude-flow/mcp/__tests__/mcp.test.ts[2m > [22m@claude-flow/mcp[2m > [22mSessionManager[2m > [22mshould initialize a session
 [32mΓ£ô[39m v3/@claude-flow/mcp/__tests__/mcp.test.ts[2m > [22m@claude-flow/mcp[2m > [22mSessionManager[2m > [22mshould close a session
 [32mΓ£ô[39m v3/@claude-flow/mcp/__tests__/mcp.test.ts[2m > [22m@claude-flow/mcp[2m > [22mSessionManager[2m > [22mshould get session metrics
 [32mΓ£ô[39m v3/@claude-flow/mcp/__tests__/mcp.test.ts[2m > [22m@claude-flow/mcp[2m > [22mSessionManager[2m > [22mshould update session activity
 [32mΓ£ô[39m v3/@claude-flow/mcp/__tests__/mcp.test.ts[2m > [22m@claude-flow/mcp[2m > [22mConnectionPool[2m > [22mshould acquire a connection
 [32mΓ£ô[39m v3/@claude-flow/mcp/__tests__/mcp.test.ts[2m > [22m@claude-flow/mcp[2m > [22mConnectionPool[2m > [22mshould release a connection
 [32mΓ£ô[39m v3/@claude-flow/mcp/__tests__/mcp.test.ts[2m > [22m@claude-flow/mcp[2m > [22mConnectionPool[2m > [22mshould get stats
 [32mΓ£ô[39m v3/@claude-flow/mcp/__tests__/mcp.test.ts[2m > [22m@claude-flow/mcp[2m > [22mConnectionPool[2m > [22mshould check health
 [32mΓ£ô[39m v3/@claude-flow/mcp/__tests__/mcp.test.ts[2m > [22m@claude-flow/mcp[2m > [22mMCPServer[2m > [22mshould create server with config
 [32mΓ£ô[39m v3/@claude-flow/mcp/__tests__/mcp.test.ts[2m > [22m@claude-flow/mcp[2m > [22mMCPServer[2m > [22mshould register a tool
 [32mΓ£ô[39m v3/@claude-flow/mcp/__tests__/mcp.test.ts[2m > [22m@claude-flow/mcp[2m > [22mMCPServer[2m > [22mshould register multiple tools
 [32mΓ£ô[39m v3/@claude-flow/mcp/__tests__/mcp.test.ts[2m > [22m@claude-flow/mcp[2m > [22mMCPServer[2m > [22mshould start and stop
 [32mΓ£ô[39m v3/@claude-flow/mcp/__tests__/mcp.test.ts[2m > [22m@claude-flow/mcp[2m > [22mMCPServer[2m > [22mshould get metrics
 [32mΓ£ô[39m v3/@claude-flow/mcp/__tests__/mcp.test.ts[2m > [22m@claude-flow/mcp[2m > [22mMCPServer[2m > [22mshould expose resource registry
 [32mΓ£ô[39m v3/@claude-flow/mcp/__tests__/mcp.test.ts[2m > [22m@claude-flow/mcp[2m > [22mMCPServer[2m > [22mshould expose prompt registry
 [32mΓ£ô[39m v3/@claude-flow/mcp/__tests__/mcp.test.ts[2m > [22m@claude-flow/mcp[2m > [22mMCPServer[2m > [22mshould expose task manager
 [32mΓ£ô[39m v3/@claude-flow/mcp/__tests__/mcp.test.ts[2m > [22m@claude-flow/mcp[2m > [22mResourceRegistry (MCP 2025-11-25)[2m > [22mshould register a resource
 [32mΓ£ô[39m v3/@claude-flow/mcp/__tests__/mcp.test.ts[2m > [22m@claude-flow/mcp[2m > [22mResourceRegistry (MCP 2025-11-25)[2m > [22mshould list resources with pagination
 [32mΓ£ô[39m v3/@claude-flow/mcp/__tests__/mcp.test.ts[2m > [22m@claude-flow/mcp[2m > [22mResourceRegistry (MCP 2025-11-25)[2m > [22mshould read resource content
 [32mΓ£ô[39m v3/@claude-flow/mcp/__tests__/mcp.test.ts[2m > [22m@claude-flow/mcp[2m > [22mResourceRegistry (MCP 2025-11-25)[2m > [22mshould subscribe to resource updates
 [32mΓ£ô[39m v3/@claude-flow/mcp/__tests__/mcp.test.ts[2m > [22m@claude-flow/mcp[2m > [22mResourceRegistry (MCP 2025-11-25)[2m > [22mshould get stats
 [32mΓ£ô[39m v3/@claude-flow/mcp/__tests__/mcp.test.ts[2m > [22m@claude-flow/mcp[2m > [22mPromptRegistry (MCP 2025-11-25)[2m > [22mshould register a prompt
 [32mΓ£ô[39m v3/@claude-flow/mcp/__tests__/mcp.test.ts[2m > [22m@claude-flow/mcp[2m > [22mPromptRegistry (MCP 2025-11-25)[2m > [22mshould list prompts with pagination
 [32mΓ£ô[39m v3/@claude-flow/mcp/__tests__/mcp.test.ts[2m > [22m@claude-flow/mcp[2m > [22mPromptRegistry (MCP 2025-11-25)[2m > [22mshould get prompt with arguments
 [32mΓ£ô[39m v3/@claude-flow/mcp/__tests__/mcp.test.ts[2m > [22m@claude-flow/mcp[2m > [22mPromptRegistry (MCP 2025-11-25)[2m > [22mshould validate required arguments
 [32mΓ£ô[39m v3/@claude-flow/mcp/__tests__/mcp.test.ts[2m > [22m@claude-flow/mcp[2m > [22mPromptRegistry (MCP 2025-11-25)[2m > [22mshould interpolate template strings
 [32mΓ£ô[39m v3/@claude-flow/mcp/__tests__/mcp.test.ts[2m > [22m@claude-flow/mcp[2m > [22mTaskManager (MCP 2025-11-25)[2m > [22mshould create a task
 [32mΓ£ô[39m v3/@claude-flow/mcp/__tests__/mcp.test.ts[2m > [22m@claude-flow/mcp[2m > [22mTaskManager (MCP 2025-11-25)[2m > [22mshould get task status
 [32mΓ£ô[39m v3/@claude-flow/mcp/__tests__/mcp.test.ts[2m > [22m@claude-flow/mcp[2m > [22mTaskManager (MCP 2025-11-25)[2m > [22mshould track task progress
 [32mΓ£ô[39m v3/@claude-flow/mcp/__tests__/mcp.test.ts[2m > [22m@claude-flow/mcp[2m > [22mTaskManager (MCP 2025-11-25)[2m > [22mshould cancel a task
 [32mΓ£ô[39m v3/@claude-flow/mcp/__tests__/mcp.test.ts[2m > [22m@claude-flow/mcp[2m > [22mTaskManager (MCP 2025-11-25)[2m > [22mshould get all tasks
 [32mΓ£ô[39m v3/@claude-flow/mcp/__tests__/mcp.test.ts[2m > [22m@claude-flow/mcp[2m > [22mTaskManager (MCP 2025-11-25)[2m > [22mshould get stats
 [32mΓ£ô[39m v3/plugins/prime-radiant/__tests__/engines/spectral.test.ts[2m > [22mSpectralEngine[2m > [22mcomputeEigenvalues[2m > [22mshould return empty for empty matrix
 [32mΓ£ô[39m v3/plugins/prime-radiant/__tests__/engines/spectral.test.ts[2m > [22mSpectralEngine[2m > [22mcomputeEigenvalues[2m > [22mshould return correct number of eigenvalues
 [32mΓ£ô[39m v3/plugins/prime-radiant/__tests__/engines/spectral.test.ts[2m > [22mSpectralEngine[2m > [22mcomputeEigenvalues[2m > [22mshould return eigenvalues in descending order
 [32mΓ£ô[39m v3/plugins/prime-radiant/__tests__/engines/spectral.test.ts[2m > [22mSpectralEngine[2m > [22mcomputeEigenvalues[2m > [22mshould respect topK parameter
 [32mΓ£ô[39m v3/plugins/prime-radiant/__tests__/engines/spectral.test.ts[2m > [22mSpectralEngine[2m > [22manalyzeStability[2m > [22mshould report stable for well-connected graph
 [32mΓ£ô[39m v3/plugins/prime-radiant/__tests__/engines/spectral.test.ts[2m > [22mSpectralEngine[2m > [22manalyzeStability[2m > [22mshould return stability index between 0 and 1
 [32mΓ£ô[39m v3/plugins/prime-radiant/__tests__/engines/spectral.test.ts[2m > [22mSpectralEngine[2m > [22manalyzeStability[2m > [22mshould respect threshold parameter
 [32mΓ£ô[39m v3/plugins/prime-radiant/__tests__/engines/spectral.test.ts[2m > [22mSpectralEngine[2m > [22manalyzeStability[2m > [22mshould handle single node
 [32mΓ£ô[39m v3/plugins/prime-radiant/__tests__/engines/spectral.test.ts[2m > [22mSpectralEngine[2m > [22manalyzeStability[2m > [22mshould provide recommendations
 [32mΓ£ô[39m v3/plugins/prime-radiant/__tests__/engines/spectral.test.ts[2m > [22mSpectralEngine[2m > [22manalyzeClustering[2m > [22mshould detect number of clusters
 [32mΓ£ô[39m v3/plugins/prime-radiant/__tests__/engines/spectral.test.ts[2m > [22mSpectralEngine[2m > [22manalyzeClustering[2m > [22mshould return cluster quality score
 [32mΓ£ô[39m v3/plugins/prime-radiant/__tests__/engines/spectral.test.ts[2m > [22mSpectralEngine[2m > [22manalyzeClustering[2m > [22mshould generate partitions
 [32mΓ£ô[39m v3/plugins/prime-radiant/__tests__/engines/spectral.test.ts[2m > [22mSpectralEngine[2m > [22manalyzeClustering[2m > [22mshould respect maxClusters
 [32mΓ£ô[39m v3/plugins/prime-radiant/__tests__/engines/spectral.test.ts[2m > [22mSpectralEngine[2m > [22manalyzeConnectivity[2m > [22mshould detect connected graph
 [32mΓ£ô[39m v3/plugins/prime-radiant/__tests__/engines/spectral.test.ts[2m > [22mSpectralEngine[2m > [22manalyzeConnectivity[2m > [22mshould compute algebraic connectivity
 [32mΓ£ô[39m v3/plugins/prime-radiant/__tests__/engines/spectral.test.ts[2m > [22mSpectralEngine[2m > [22manalyzeConnectivity[2m > [22mshould handle empty graph
 [32mΓ£ô[39m v3/plugins/prime-radiant/__tests__/engines/spectral.test.ts[2m > [22mSpectralEngine[2m > [22manalyze (combined)[2m > [22mshould dispatch to stability analysis
 [32mΓ£ô[39m v3/plugins/prime-radiant/__tests__/engines/spectral.test.ts[2m > [22mSpectralEngine[2m > [22manalyze (combined)[2m > [22mshould dispatch to clustering analysis
 [32mΓ£ô[39m v3/plugins/prime-radiant/__tests__/engines/spectral.test.ts[2m > [22mSpectralEngine[2m > [22manalyze (combined)[2m > [22mshould dispatch to connectivity analysis
 [32mΓ£ô[39m v3/plugins/prime-radiant/__tests__/engines/spectral.test.ts[2m > [22mSpectralEngine[2m > [22manalyze (combined)[2m > [22mshould default to stability analysis
 [32mΓ£ô[39m v3/plugins/prime-radiant/__tests__/engines/spectral.test.ts[2m > [22mSpectralEngine[2m > [22mperformance[2m > [22mshould analyze 100x100 matrix in <20ms
 [32mΓ£ô[39m v3/plugins/prime-radiant/__tests__/engines/spectral.test.ts[2m > [22mSpectralEngine[2m > [22mperformance[2m > [22mshould handle large sparse matrices efficiently
 [32mΓ£ô[39m v3/plugins/prime-radiant/__tests__/engines/spectral.test.ts[2m > [22mSpectralEngine Graph Types[2m > [22mshould analyze star topology
 [32mΓ£ô[39m v3/plugins/prime-radiant/__tests__/engines/spectral.test.ts[2m > [22mSpectralEngine Graph Types[2m > [22mshould analyze ring topology
 [32mΓ£ô[39m v3/plugins/prime-radiant/__tests__/engines/spectral.test.ts[2m > [22mSpectralEngine Graph Types[2m > [22mshould analyze mesh topology
 [32mΓ£ô[39m v3/plugins/prime-radiant/__tests__/engines/cohomology.test.ts[2m > [22mCohomologyEngine[2m > [22mcomputeEnergy[2m > [22mshould return 0 for empty vectors
 [32mΓ£ô[39m v3/plugins/prime-radiant/__tests__/engines/cohomology.test.ts[2m > [22mCohomologyEngine[2m > [22mcomputeEnergy[2m > [22mshould return 0 for single vector
 [32mΓ£ô[39m v3/plugins/prime-radiant/__tests__/engines/cohomology.test.ts[2m > [22mCohomologyEngine[2m > [22mcomputeEnergy[2m > [22mshould return low energy for similar vectors
 [32mΓ£ô[39m v3/plugins/prime-radiant/__tests__/engines/cohomology.test.ts[2m > [22mCohomologyEngine[2m > [22mcomputeEnergy[2m > [22mshould return high energy for orthogonal vectors
 [32mΓ£ô[39m v3/plugins/prime-radiant/__tests__/engines/cohomology.test.ts[2m > [22mCohomologyEngine[2m > [22mcomputeEnergy[2m > [22mshould return maximum energy for opposite vectors
 [32mΓ£ô[39m v3/plugins/prime-radiant/__tests__/engines/cohomology.test.ts[2m > [22mCohomologyEngine[2m > [22mcomputeEnergy[2m > [22mshould return energy between 0 and ~2
 [32mΓ£ô[39m v3/plugins/prime-radiant/__tests__/engines/cohomology.test.ts[2m > [22mCohomologyEngine[2m > [22mcheckCoherence[2m > [22mshould detect coherent vectors
 [32mΓ£ô[39m v3/plugins/prime-radiant/__tests__/engines/cohomology.test.ts[2m > [22mCohomologyEngine[2m > [22mcheckCoherence[2m > [22mshould detect incoherent vectors
 [32mΓ£ô[39m v3/plugins/prime-radiant/__tests__/engines/cohomology.test.ts[2m > [22mCohomologyEngine[2m > [22mcheckCoherence[2m > [22mshould respect threshold parameter
 [32mΓ£ô[39m v3/plugins/prime-radiant/__tests__/engines/cohomology.test.ts[2m > [22mCohomologyEngine[2m > [22mcheckCoherence[2m > [22mshould include labels in violations
 [32mΓ£ô[39m v3/plugins/prime-radiant/__tests__/engines/cohomology.test.ts[2m > [22mCohomologyEngine[2m > [22mcheckCoherence[2m > [22mshould calculate confidence score
 [32mΓ£ô[39m v3/plugins/prime-radiant/__tests__/engines/cohomology.test.ts[2m > [22mCohomologyEngine[2m > [22mcheckNewVector[2m > [22mshould allow first vector
 [32mΓ£ô[39m v3/plugins/prime-radiant/__tests__/engines/cohomology.test.ts[2m > [22mCohomologyEngine[2m > [22mcheckNewVector[2m > [22mshould allow coherent new vector
 [32mΓ£ô[39m v3/plugins/prime-radiant/__tests__/engines/cohomology.test.ts[2m > [22mCohomologyEngine[2m > [22mcheckNewVector[2m > [22mshould reject incoherent new vector
 [32mΓ£ô[39m v3/plugins/prime-radiant/__tests__/engines/cohomology.test.ts[2m > [22mCohomologyEngine[2m > [22mcheckNewVector[2m > [22mshould identify conflicting vector
 [32mΓ£ô[39m v3/plugins/prime-radiant/__tests__/engines/cohomology.test.ts[2m > [22mCohomologyEngine[2m > [22mfindMostIncoherent[2m > [22mshould return null for less than 2 vectors
 [32mΓ£ô[39m v3/plugins/prime-radiant/__tests__/engines/cohomology.test.ts[2m > [22mCohomologyEngine[2m > [22mfindMostIncoherent[2m > [22mshould find the most incoherent pair
 [32mΓ£ô[39m v3/plugins/prime-radiant/__tests__/engines/cohomology.test.ts[2m > [22mCohomologyEngine[2m > [22mfindMostIncoherent[2m > [22mshould return energy for the most incoherent pair
 [32mΓ£ô[39m v3/plugins/prime-radiant/__tests__/engines/cohomology.test.ts[2m > [22mCohomologyEngine[2m > [22mpartitionCoherent[2m > [22mshould return empty for empty input
 [32mΓ£ô[39m v3/plugins/prime-radiant/__tests__/engines/cohomology.test.ts[2m > [22mCohomologyEngine[2m > [22mpartitionCoherent[2m > [22mshould return single cluster for single vector
 [32mΓ£ô[39m v3/plugins/prime-radiant/__tests__/engines/cohomology.test.ts[2m > [22mCohomologyEngine[2m > [22mpartitionCoherent[2m > [22mshould group coherent vectors together
 [32mΓ£ô[39m v3/plugins/prime-radiant/__tests__/engines/cohomology.test.ts[2m > [22mCohomologyEngine[2m > [22mpartitionCoherent[2m > [22mshould include all vectors
 [32mΓ£ô[39m v3/plugins/prime-radiant/__tests__/engines/cohomology.test.ts[2m > [22mCohomologyEngine[2m > [22mcaching[2m > [22mshould cache results when enabled
 [32mΓ£ô[39m v3/plugins/prime-radiant/__tests__/engines/cohomology.test.ts[2m > [22mCohomologyEngine[2m > [22mcaching[2m > [22mshould not cache when disabled
 [32mΓ£ô[39m v3/plugins/prime-radiant/__tests__/engines/cohomology.test.ts[2m > [22mCohomologyEngine[2m > [22mcaching[2m > [22mshould clear cache
 [32mΓ£ô[39m v3/plugins/prime-radiant/__tests__/engines/cohomology.test.ts[2m > [22mCohomologyEngine[2m > [22mperformance[2m > [22mshould complete coherence check in <5ms
 [32mΓ£ô[39m v3/plugins/prime-radiant/__tests__/engines/cohomology.test.ts[2m > [22mCohomologyEngine[2m > [22mperformance[2m > [22mshould handle larger vector sets efficiently
 [32mΓ£ô[39m v3/plugins/prime-radiant/__tests__/engines/cohomology.test.ts[2m > [22mCohomologyEngine Energy Interpretation[2m > [22mshould categorize fully coherent (0.0-0.1)
 [32mΓ£ô[39m v3/plugins/prime-radiant/__tests__/engines/cohomology.test.ts[2m > [22mCohomologyEngine Energy Interpretation[2m > [22mshould categorize minor inconsistencies (0.1-0.3)
 [32mΓ£ô[39m v3/plugins/prime-radiant/__tests__/engines/cohomology.test.ts[2m > [22mCohomologyEngine Energy Interpretation[2m > [22mshould categorize significant contradictions (0.3-0.7)
[90mstderr[2m | v3/mcp/__tests__/session-tools.test.ts[2m > [22m[2mSession Tools[2m > [22m[2mError 
Handling[2m > [22m[2mshould handle orchestrator errors gracefully[22m[39m
Failed to collect task queue: Error: Orchestrator error
    at [90mC:\Users\saima\Desktop\code\ruflo_project\[39mv3\mcp\__tests__\session-tools.test.ts:535:52
    at [90mfile:///C:/Users/saima/Desktop/code/ruflo_project/[39mnode_modules/[4m@vitest[24m/runner/dist/inde
x.js:135:14
    at [90mfile:///C:/Users/saima/Desktop/code/ruflo_project/[39mnode_modules/[4m@vitest[24m/runner/dist/inde
x.js:60:26
    at runTest [90m(file:///C:/Users/saima/Desktop/code/ruflo_project/[39mnode_modules/[4m@vitest[24m/runner/
dist/index.js:781:17[90m)[39m
    at runSuite [90m(file:///C:/Users/saima/Desktop/code/ruflo_project/[39mnode_modules/[4m@vitest[24m/runner
/dist/index.js:909:15[90m)[39m
    at runSuite [90m(file:///C:/Users/saima/Desktop/code/ruflo_project/[39mnode_modules/[4m@vitest[24m/runner
/dist/index.js:909:15[90m)[39m
    at runSuite [90m(file:///C:/Users/saima/Desktop/code/ruflo_project/[39mnode_modules/[4m@vitest[24m/runner
/dist/index.js:909:15[90m)[39m
    at runFiles [90m(file:///C:/Users/saima/Desktop/code/ruflo_project/[39mnode_modules/[4m@vitest[24m/runner
/dist/index.js:958:5[90m)[39m
    at startTests [90m(file:///C:/Users/saima/Desktop/code/ruflo_project/[39mnode_modules/[4m@vitest[24m/runn
er/dist/index.js:967:3[90m)[39m
    at [90mfile:///C:/Users/saima/Desktop/code/ruflo_project/[39mnode_modules/[4mvitest[24m/dist/chunks/runti
me-runBaseTests.oAvMKtQC.js:116:7

[90mstderr[2m | v3/mcp/__tests__/session-tools.test.ts[2m > [22m[2mSession Tools[2m > [22m[2mError 
Handling[2m > [22m[2mshould handle swarm coordinator errors gracefully[22m[39m
Failed to collect agent states: Error: Swarm error
    at [90mC:\Users\saima\Desktop\code\ruflo_project\[39mv3\mcp\__tests__\session-tools.test.ts:547:56
    at [90mfile:///C:/Users/saima/Desktop/code/ruflo_project/[39mnode_modules/[4m@vitest[24m/runner/dist/inde
x.js:135:14
    at [90mfile:///C:/Users/saima/Desktop/code/ruflo_project/[39mnode_modules/[4m@vitest[24m/runner/dist/inde
x.js:60:26
    at runTest [90m(file:///C:/Users/saima/Desktop/code/ruflo_project/[39mnode_modules/[4m@vitest[24m/runner/
dist/index.js:781:17[90m)[39m
    at runSuite [90m(file:///C:/Users/saima/Desktop/code/ruflo_project/[39mnode_modules/[4m@vitest[24m/runner
/dist/index.js:909:15[90m)[39m
    at runSuite [90m(file:///C:/Users/saima/Desktop/code/ruflo_project/[39mnode_modules/[4m@vitest[24m/runner
/dist/index.js:909:15[90m)[39m
    at runSuite [90m(file:///C:/Users/saima/Desktop/code/ruflo_project/[39mnode_modules/[4m@vitest[24m/runner
/dist/index.js:909:15[90m)[39m
    at runFiles [90m(file:///C:/Users/saima/Desktop/code/ruflo_project/[39mnode_modules/[4m@vitest[24m/runner
/dist/index.js:958:5[90m)[39m
    at startTests [90m(file:///C:/Users/saima/Desktop/code/ruflo_project/[39mnode_modules/[4m@vitest[24m/runn
er/dist/index.js:967:3[90m)[39m
    at [90mfile:///C:/Users/saima/Desktop/code/ruflo_project/[39mnode_modules/[4mvitest[24m/dist/chunks/runti
me-runBaseTests.oAvMKtQC.js:116:7
Failed to collect swarm state: Error: Swarm error
    at [90mC:\Users\saima\Desktop\code\ruflo_project\[39mv3\mcp\__tests__\session-tools.test.ts:547:56
    at [90mfile:///C:/Users/saima/Desktop/code/ruflo_project/[39mnode_modules/[4m@vitest[24m/runner/dist/inde
x.js:135:14
    at [90mfile:///C:/Users/saima/Desktop/code/ruflo_project/[39mnode_modules/[4m@vitest[24m/runner/dist/inde
x.js:60:26
    at runTest [90m(file:///C:/Users/saima/Desktop/code/ruflo_project/[39mnode_modules/[4m@vitest[24m/runner/
dist/index.js:781:17[90m)[39m
    at runSuite [90m(file:///C:/Users/saima/Desktop/code/ruflo_project/[39mnode_modules/[4m@vitest[24m/runner
/dist/index.js:909:15[90m)[39m
    at runSuite [90m(file:///C:/Users/saima/Desktop/code/ruflo_project/[39mnode_modules/[4m@vitest[24m/runner
/dist/index.js:909:15[90m)[39m
    at runSuite [90m(file:///C:/Users/saima/Desktop/code/ruflo_project/[39mnode_modules/[4m@vitest[24m/runner
/dist/index.js:909:15[90m)[39m
    at runFiles [90m(file:///C:/Users/saima/Desktop/code/ruflo_project/[39mnode_modules/[4m@vitest[24m/runner
/dist/index.js:958:5[90m)[39m
    at startTests [90m(file:///C:/Users/saima/Desktop/code/ruflo_project/[39mnode_modules/[4m@vitest[24m/runn
er/dist/index.js:967:3[90m)[39m
    at [90mfile:///C:/Users/saima/Desktop/code/ruflo_project/[39mnode_modules/[4mvitest[24m/dist/chunks/runti
me-runBaseTests.oAvMKtQC.js:116:7

[90mstderr[2m | v3/mcp/__tests__/session-tools.test.ts[2m > [22m[2mSession Tools[2m > [22m[2mError 
Handling[2m > [22m[2mshould handle memory service errors gracefully[22m[39m
Failed to collect memory entries: Error: Memory error
    at [90mC:\Users\saima\Desktop\code\ruflo_project\[39mv3\mcp\__tests__\session-tools.test.ts:559:65
    at [90mfile:///C:/Users/saima/Desktop/code/ruflo_project/[39mnode_modules/[4m@vitest[24m/runner/dist/inde
x.js:135:14
    at [90mfile:///C:/Users/saima/Desktop/code/ruflo_project/[39mnode_modules/[4m@vitest[24m/runner/dist/inde
x.js:60:26
    at runTest [90m(file:///C:/Users/saima/Desktop/code/ruflo_project/[39mnode_modules/[4m@vitest[24m/runner/
dist/index.js:781:17[90m)[39m
    at runSuite [90m(file:///C:/Users/saima/Desktop/code/ruflo_project/[39mnode_modules/[4m@vitest[24m/runner
/dist/index.js:909:15[90m)[39m
    at runSuite [90m(file:///C:/Users/saima/Desktop/code/ruflo_project/[39mnode_modules/[4m@vitest[24m/runner
/dist/index.js:909:15[90m)[39m
    at runSuite [90m(file:///C:/Users/saima/Desktop/code/ruflo_project/[39mnode_modules/[4m@vitest[24m/runner
/dist/index.js:909:15[90m)[39m
    at runFiles [90m(file:///C:/Users/saima/Desktop/code/ruflo_project/[39mnode_modules/[4m@vitest[24m/runner
/dist/index.js:958:5[90m)[39m
    at startTests [90m(file:///C:/Users/saima/Desktop/code/ruflo_project/[39mnode_modules/[4m@vitest[24m/runn
er/dist/index.js:967:3[90m)[39m
    at [90mfile:///C:/Users/saima/Desktop/code/ruflo_project/[39mnode_modules/[4mvitest[24m/dist/chunks/runti
me-runBaseTests.oAvMKtQC.js:116:7

 [32mΓ£ô[39m v3/mcp/__tests__/session-tools.test.ts[2m > [22mSession Tools[2m > [22msession/save[2m > [22mshould have correct tool definition
 [32mΓ£ô[39m v3/mcp/__tests__/session-tools.test.ts[2m > [22mSession Tools[2m > [22msession/save[2m > [22mshould save a session with default options
 [32mΓ£ô[39m v3/mcp/__tests__/session-tools.test.ts[2m > [22mSession Tools[2m > [22msession/save[2m > [22mshould save a session with custom name
 [32mΓ£ô[39m v3/mcp/__tests__/session-tools.test.ts[2m > [22mSession Tools[2m > [22msession/save[2m > [22mshould save a session with description
 [32mΓ£ô[39m v3/mcp/__tests__/session-tools.test.ts[2m > [22mSession Tools[2m > [22msession/save[2m > [22mshould include agent states when requested
 [32mΓ£ô[39m v3/mcp/__tests__/session-tools.test.ts[2m > [22mSession Tools[2m > [22msession/save[2m > [22mshould include tasks when requested
 [32mΓ£ô[39m v3/mcp/__tests__/session-tools.test.ts[2m > [22mSession Tools[2m > [22msession/save[2m > [22mshould include memory entries when requested
 [32mΓ£ô[39m v3/mcp/__tests__/session-tools.test.ts[2m > [22mSession Tools[2m > [22msession/save[2m > [22mshould include swarm state when requested
 [32mΓ£ô[39m v3/mcp/__tests__/session-tools.test.ts[2m > [22mSession Tools[2m > [22msession/save[2m > [22mshould save session with tags
 [32mΓ£ô[39m v3/mcp/__tests__/session-tools.test.ts[2m > [22mSession Tools[2m > [22msession/save[2m > [22mshould save session with metadata
 [32mΓ£ô[39m v3/mcp/__tests__/session-tools.test.ts[2m > [22mSession Tools[2m > [22msession/save[2m > [22mshould exclude components when not requested
 [32mΓ£ô[39m v3/mcp/__tests__/session-tools.test.ts[2m > [22mSession Tools[2m > [22msession/restore[2m > [22mshould have correct tool definition
 [32mΓ£ô[39m v3/mcp/__tests__/session-tools.test.ts[2m > [22mSession Tools[2m > [22msession/restore[2m > [22mshould restore a saved session
 [32mΓ£ô[39m v3/mcp/__tests__/session-tools.test.ts[2m > [22mSession Tools[2m > [22msession/restore[2m > [22mshould restore agents when requested
 [32mΓ£ô[39m v3/mcp/__tests__/session-tools.test.ts[2m > [22mSession Tools[2m > [22msession/restore[2m > [22mshould restore tasks when requested
 [32mΓ£ô[39m v3/mcp/__tests__/session-tools.test.ts[2m > [22mSession Tools[2m > [22msession/restore[2m > [22mshould restore memory when requested
 [32mΓ£ô[39m v3/mcp/__tests__/session-tools.test.ts[2m > [22mSession Tools[2m > [22msession/restore[2m > [22mshould restore swarm state when requested
 [32mΓ£ô[39m v3/mcp/__tests__/session-tools.test.ts[2m > [22mSession Tools[2m > [22msession/restore[2m > [22mshould clear existing state when requested
 [32mΓ£ô[39m v3/mcp/__tests__/session-tools.test.ts[2m > [22mSession Tools[2m > [22msession/restore[2m > [22mshould skip restoring components when not requested
 [32mΓ£ô[39m v3/mcp/__tests__/session-tools.test.ts[2m > [22mSession Tools[2m > [22msession/restore[2m > [22mshould throw error for non-existent session
 [32mΓ£ô[39m v3/mcp/__tests__/session-tools.test.ts[2m > [22mSession Tools[2m > [22msession/restore[2m > [22mshould report errors during restore
 [32mΓ£ô[39m v3/mcp/__tests__/session-tools.test.ts[2m > [22mSession Tools[2m > [22msession/list[2m > [22mshould have correct tool definition
 [32mΓ£ô[39m v3/mcp/__tests__/session-tools.test.ts[2m > [22mSession Tools[2m > [22msession/list[2m > [22mshould list saved sessions
 [32mΓ£ô[39m v3/mcp/__tests__/session-tools.test.ts[2m > [22mSession Tools[2m > [22msession/list[2m > [22mshould apply pagination
 [32mΓ£ô[39m v3/mcp/__tests__/session-tools.test.ts[2m > [22mSession Tools[2m > [22msession/list[2m > [22mshould filter by tags
 [32mΓ£ô[39m v3/mcp/__tests__/session-tools.test.ts[2m > [22mSession Tools[2m > [22msession/list[2m > [22mshould sort by created date
 [32mΓ£ô[39m v3/mcp/__tests__/session-tools.test.ts[2m > [22mSession Tools[2m > [22msession/list[2m > [22mshould sort by name
 [32mΓ£ô[39m v3/mcp/__tests__/session-tools.test.ts[2m > [22mSession Tools[2m > [22msession/list[2m > [22mshould sort by size
 [32mΓ£ô[39m v3/mcp/__tests__/session-tools.test.ts[2m > [22mSession Tools[2m > [22msession/list[2m > [22mshould include metadata when requested
 [32mΓ£ô[39m v3/mcp/__tests__/session-tools.test.ts[2m > [22mSession Tools[2m > [22msession/list[2m > [22mshould exclude metadata when not requested
 [32mΓ£ô[39m v3/mcp/__tests__/session-tools.test.ts[2m > [22mSession Tools[2m > [22msession/list[2m > [22mshould return session summaries
 [32mΓ£ô[39m v3/mcp/__tests__/session-tools.test.ts[2m > [22mSession Tools[2m > [22mSession Persistence[2m > [22mshould persist session to file system
 [32mΓ£ô[39m v3/mcp/__tests__/session-tools.test.ts[2m > [22mSession Tools[2m > [22mSession Persistence[2m > [22mshould load session from file when not in memory
 [32mΓ£ô[39m v3/mcp/__tests__/session-tools.test.ts[2m > [22mSession Tools[2m > [22mTool Collection[2m > [22mshould export all 3 session tools
 [32mΓ£ô[39m v3/mcp/__tests__/session-tools.test.ts[2m > [22mSession Tools[2m > [22mTool Collection[2m > [22mshould have unique tool names
 [32mΓ£ô[39m v3/mcp/__tests__/session-tools.test.ts[2m > [22mSession Tools[2m > [22mTool Collection[2m > [22mshould all have handlers
 [32mΓ£ô[39m v3/mcp/__tests__/session-tools.test.ts[2m > [22mSession Tools[2m > [22mTool Collection[2m > [22mshould all have inputSchema
 [32mΓ£ô[39m v3/mcp/__tests__/session-tools.test.ts[2m > [22mSession Tools[2m > [22mTool Collection[2m > [22mshould all be in session category
 [32mΓ£ô[39m v3/mcp/__tests__/session-tools.test.ts[2m > [22mSession Tools[2m > [22mTool Collection[2m > [22mshould include expected tool names
 [32mΓ£ô[39m v3/mcp/__tests__/session-tools.test.ts[2m > [22mSession Tools[2m > [22mError Handling[2m > [22mshould handle missing context gracefully
 [32mΓ£ô[39m v3/mcp/__tests__/session-tools.test.ts[2m > [22mSession Tools[2m > [22mError Handling[2m > [22mshould handle orchestrator errors gracefully
 [32mΓ£ô[39m v3/mcp/__tests__/session-tools.test.ts[2m > [22mSession Tools[2m > [22mError Handling[2m > [22mshould handle swarm coordinator errors gracefully
 [32mΓ£ô[39m v3/mcp/__tests__/session-tools.test.ts[2m > [22mSession Tools[2m > [22mError Handling[2m > [22mshould handle memory service errors gracefully
 [32mΓ£ô[39m v3/@claude-flow/neural/__tests__/patterns.test.ts[2m > [22mReasoningBank - Pattern Extraction[2m > [22mshould initialize correctly
 [32mΓ£ô[39m v3/@claude-flow/neural/__tests__/patterns.test.ts[2m > [22mReasoningBank - Pattern Extraction[2m > [22mshould store trajectories
 [32mΓ£ô[39m v3/@claude-flow/neural/__tests__/patterns.test.ts[2m > [22mReasoningBank - Pattern Extraction[2m > [22mshould retrieve all trajectories
 [32mΓ£ô[39m v3/@claude-flow/neural/__tests__/patterns.test.ts[2m > [22mReasoningBank - Pattern Extraction[2m > [22mshould judge successful trajectories correctly
 [32mΓ£ô[39m v3/@claude-flow/neural/__tests__/patterns.test.ts[2m > [22mReasoningBank - Pattern Extraction[2m > [22mshould judge failed trajectories correctly
 [32mΓ£ô[39m v3/@claude-flow/neural/__tests__/patterns.test.ts[2m > [22mReasoningBank - Pattern Extraction[2m > [22mshould identify strengths in high-quality trajectories
 [32mΓ£ô[39m v3/@claude-flow/neural/__tests__/patterns.test.ts[2m > [22mReasoningBank - Pattern Extraction[2m > [22mshould identify weaknesses in low-quality trajectories
 [32mΓ£ô[39m v3/@claude-flow/neural/__tests__/patterns.test.ts[2m > [22mReasoningBank - Pattern Extraction[2m > [22mshould generate improvement suggestions
 [32mΓ£ô[39m v3/@claude-flow/neural/__tests__/patterns.test.ts[2m > [22mReasoningBank - Pattern Extraction[2m > [22mshould throw on judging incomplete trajectory
 [32mΓ£ô[39m v3/@claude-flow/neural/__tests__/patterns.test.ts[2m > [22mReasoningBank - Memory Distillation[2m > [22mshould distill successful trajectories
 [32mΓ£ô[39m v3/@claude-flow/neural/__tests__/patterns.test.ts[2m > [22mReasoningBank - Memory Distillation[2m > [22mshould not distill low-quality trajectories
 [32mΓ£ô[39m v3/@claude-flow/neural/__tests__/patterns.test.ts[2m > [22mReasoningBank - Memory Distillation[2m > [22mshould automatically judge before distillation
 [32mΓ£ô[39m v3/@claude-flow/neural/__tests__/patterns.test.ts[2m > [22mReasoningBank - Memory Distillation[2m > [22mshould extract meaningful strategy
 [32mΓ£ô[39m v3/@claude-flow/neural/__tests__/patterns.test.ts[2m > [22mReasoningBank - Memory Distillation[2m > [22mshould extract key learnings
 [32mΓ£ô[39m v3/@claude-flow/neural/__tests__/patterns.test.ts[2m > [22mReasoningBank - Memory Distillation[2m > [22mshould compute aggregate embedding
 [32mΓ£ô[39m v3/@claude-flow/neural/__tests__/patterns.test.ts[2m > [22mReasoningBank - Memory Distillation[2m > [22mshould track distillation performance
 [32mΓ£ô[39m v3/@claude-flow/neural/__tests__/patterns.test.ts[2m > [22mReasoningBank - Memory Distillation[2m > [22mshould link distilled memory to trajectory
 [32mΓ£ô[39m v3/@claude-flow/neural/__tests__/patterns.test.ts[2m > [22mReasoningBank - Retrieval (MMR)[2m > [22mshould retrieve top-k similar memories
 [32mΓ£ô[39m v3/@claude-flow/neural/__tests__/patterns.test.ts[2m > [22mReasoningBank - Retrieval (MMR)[2m > [22mshould apply MMR for diversity
 [32mΓ£ô[39m v3/@claude-flow/neural/__tests__/patterns.test.ts[2m > [22mReasoningBank - Retrieval (MMR)[2m > [22mshould return retrieval results with proper structure
 [32mΓ£ô[39m v3/@claude-flow/neural/__tests__/patterns.test.ts[2m > [22mReasoningBank - Retrieval (MMR)[2m > [22mshould track retrieval performance
 [32mΓ£ô[39m v3/@claude-flow/neural/__tests__/patterns.test.ts[2m > [22mReasoningBank - Retrieval (MMR)[2m > [22mshould handle retrieval with no memories
 [32mΓ£ô[39m v3/@claude-flow/neural/__tests__/patterns.test.ts[2m > [22mReasoningBank - Retrieval (MMR)[2m > [22mshould respect retrieval k parameter
 [32mΓ£ô[39m v3/@claude-flow/neural/__tests__/patterns.test.ts[2m > [22mReasoningBank - Consolidation[2m > [22mshould deduplicate similar memories
 [32mΓ£ô[39m v3/@claude-flow/neural/__tests__/patterns.test.ts[2m > [22mReasoningBank - Consolidation[2m > [22mshould detect contradictions
 [32mΓ£ô[39m v3/@claude-flow/neural/__tests__/patterns.test.ts[2m > [22mReasoningBank - Consolidation[2m > [22mshould merge similar patterns
 [32mΓ£ô[39m v3/@claude-flow/neural/__tests__/patterns.test.ts[2m > [22mReasoningBank - Consolidation[2m > [22mshould prune old patterns
 [32mΓ£ô[39m v3/@claude-flow/neural/__tests__/patterns.test.ts[2m > [22mReasoningBank - Consolidation[2m > [22mshould return consolidation result
 [32mΓ£ô[39m v3/@claude-flow/neural/__tests__/patterns.test.ts[2m > [22mReasoningBank - Consolidation[2m > [22mshould emit consolidation event
 [32mΓ£ô[39m v3/@claude-flow/neural/__tests__/patterns.test.ts[2m > [22mPattern Management[2m > [22mshould convert memory to pattern
 [32mΓ£ô[39m v3/@claude-flow/neural/__tests__/patterns.test.ts[2m > [22mPattern Management[2m > [22mshould evolve pattern based on new experience
 [32mΓ£ô[39m v3/@claude-flow/neural/__tests__/patterns.test.ts[2m > [22mPattern Management[2m > [22mshould track pattern usage
 [32mΓ£ô[39m v3/@claude-flow/neural/__tests__/patterns.test.ts[2m > [22mPattern Management[2m > [22mshould update success rate on evolution
 [32mΓ£ô[39m v3/@claude-flow/neural/__tests__/patterns.test.ts[2m > [22mPattern Management[2m > [22mshould maintain quality history (max 100)
 [32mΓ£ô[39m v3/@claude-flow/neural/__tests__/patterns.test.ts[2m > [22mPattern Management[2m > [22mshould emit pattern evolution event
 [32mΓ£ô[39m v3/@claude-flow/neural/__tests__/patterns.test.ts[2m > [22mPattern Management[2m > [22mshould get all patterns
 [32mΓ£ô[39m v3/@claude-flow/neural/__tests__/patterns.test.ts[2m > [22mEvent System[2m > [22mshould add and remove event listeners
 [32mΓ£ô[39m v3/@claude-flow/neural/__tests__/patterns.test.ts[2m > [22mEvent System[2m > [22mshould emit consolidation events
 [32mΓ£ô[39m v3/@claude-flow/neural/__tests__/patterns.test.ts[2m > [22mEvent System[2m > [22mshould emit pattern evolution events
 [32mΓ£ô[39m v3/@claude-flow/cli/__tests__/ruvector/index.test.ts[2m > [22mRuVector Module Exports[2m > [22misRuvectorAvailable[2m > [22mshould return boolean
 [32mΓ£ô[39m v3/@claude-flow/cli/__tests__/ruvector/index.test.ts[2m > [22mRuVector Module Exports[2m > [22misRuvectorAvailable[2m > [22mshould return false when ruvector is not installed
 [32mΓ£ô[39m v3/@claude-flow/cli/__tests__/ruvector/index.test.ts[2m > [22mRuVector Module Exports[2m > [22mgetRuvectorVersion[2m > [22mshould return version string or null
 [32mΓ£ô[39m v3/@claude-flow/cli/__tests__/ruvector/index.test.ts[2m > [22mRuVector Module Exports[2m > [22mFactory Functions[2m > [22mshould export createQLearningRouter
 [32mΓ£ô[39m v3/@claude-flow/cli/__tests__/ruvector/index.test.ts[2m > [22mRuVector Module Exports[2m > [22mFactory Functions[2m > [22mshould export createASTAnalyzer
 [32mΓ£ô[39m v3/@claude-flow/cli/__tests__/ruvector/index.test.ts[2m > [22mRuVector Module Exports[2m > [22mFactory Functions[2m > [22mshould export createDiffClassifier
 [32mΓ£ô[39m v3/@claude-flow/cli/__tests__/ruvector/index.test.ts[2m > [22mRuVector Module Exports[2m > [22mFactory Functions[2m > [22mshould export createCoverageRouter
 [32mΓ£ô[39m v3/@claude-flow/cli/__tests__/ruvector/index.test.ts[2m > [22mRuVector Module Exports[2m > [22mGraph Analyzer Functions[2m > [22mshould export buildDependencyGraph
 [32mΓ£ô[39m v3/@claude-flow/cli/__tests__/ruvector/index.test.ts[2m > [22mRuVector Module Exports[2m > [22mGraph Analyzer Functions[2m > [22mshould export analyzeGraph
 [32mΓ£ô[39m v3/@claude-flow/cli/__tests__/ruvector/index.test.ts[2m > [22mRuVector Module Exports[2m > [22mGraph Analyzer Functions[2m > [22mshould export analyzeMinCutBoundaries
 [32mΓ£ô[39m v3/@claude-flow/cli/__tests__/ruvector/index.test.ts[2m > [22mRuVector Module Exports[2m > [22mGraph Analyzer Functions[2m > [22mshould export analyzeModuleCommunities
 [32mΓ£ô[39m v3/@claude-flow/cli/__tests__/ruvector/index.test.ts[2m > [22mRuVector Module Exports[2m > [22mGraph Analyzer Functions[2m > [22mshould export detectCircularDependencies
 [32mΓ£ô[39m v3/@claude-flow/cli/__tests__/ruvector/index.test.ts[2m > [22mRuVector Module Exports[2m > [22mGraph Analyzer Functions[2m > [22mshould export exportToDot
 [32mΓ£ô[39m v3/@claude-flow/cli/__tests__/ruvector/index.test.ts[2m > [22mRuVector Module Exports[2m > [22mGraph Analyzer Functions[2m > [22mshould export loadRuVector
 [32mΓ£ô[39m v3/@claude-flow/cli/__tests__/ruvector/index.test.ts[2m > [22mRuVector Module Exports[2m > [22mGraph Analyzer Functions[2m > [22mshould export fallbackMinCut
 [32mΓ£ô[39m v3/@claude-flow/cli/__tests__/ruvector/index.test.ts[2m > [22mRuVector Module Exports[2m > [22mGraph Analyzer Functions[2m > [22mshould export fallbackLouvain
 [32mΓ£ô[39m v3/@claude-flow/cli/__tests__/ruvector/index.test.ts[2m > [22mRuVector Module Exports[2m > [22mClass Exports[2m > [22mshould export QLearningRouter class
 [32mΓ£ô[39m v3/@claude-flow/cli/__tests__/ruvector/index.test.ts[2m > [22mRuVector Module Exports[2m > [22mClass Exports[2m > [22mshould export ASTAnalyzer class
 [32mΓ£ô[39m v3/@claude-flow/cli/__tests__/ruvector/index.test.ts[2m > [22mRuVector Module Exports[2m > [22mClass Exports[2m > [22mshould export DiffClassifier class
 [32mΓ£ô[39m v3/@claude-flow/cli/__tests__/ruvector/index.test.ts[2m > [22mRuVector Module Exports[2m > [22mClass Exports[2m > [22mshould export CoverageRouter class
 [32mΓ£ô[39m v3/@claude-flow/cli/__tests__/ruvector/index.test.ts[2m > [22mRuVector Integration Scenarios[2m > [22mCode Analysis Workflow[2m > [22mshould analyze TypeScript code and extract information
 [32mΓ£ô[39m v3/@claude-flow/cli/__tests__/ruvector/index.test.ts[2m > [22mRuVector Integration Scenarios[2m > [22mDiff Analysis Workflow[2m > [22mshould analyze diff and provide classification
 [32mΓ£ô[39m v3/@claude-flow/cli/__tests__/ruvector/index.test.ts[2m > [22mRuVector Integration Scenarios[2m > [22mCoverage Routing Workflow[2m > [22mshould route based on coverage and suggest improvements
 [32mΓ£ô[39m v3/@claude-flow/cli/__tests__/ruvector/index.test.ts[2m > [22mRuVector Integration Scenarios[2m > [22mDependency Graph Workflow[2m > [22mshould build graph using function-based API
 [32mΓ£ô[39m v3/@claude-flow/cli/__tests__/ruvector/index.test.ts[2m > [22mRuVector Integration Scenarios[2m > [22mDependency Graph Workflow[2m > [22mshould detect circular dependencies in graphs
 [32mΓ£ô[39m v3/@claude-flow/cli/__tests__/ruvector/index.test.ts[2m > [22mRuVector Integration Scenarios[2m > [22mDependency Graph Workflow[2m > [22mshould export graph to DOT format using GraphAnalysisResult
 [32mΓ£ô[39m v3/@claude-flow/cli/__tests__/ruvector/index.test.ts[2m > [22mRuVector Integration Scenarios[2m > [22mQ-Learning Task Routing Workflow[2m > [22mshould learn and improve routing decisions
 [32mΓ£ô[39m v3/@claude-flow/cli/__tests__/ruvector/index.test.ts[2m > [22mRuVector Integration Scenarios[2m > [22mQ-Learning Task Routing Workflow[2m > [22mshould persist and restore learning
 [32mΓ£ô[39m v3/@claude-flow/cli/__tests__/ruvector/index.test.ts[2m > [22mRuVector Integration Scenarios[2m > [22mCombined Workflow[2m > [22mshould use multiple analyzers together
 [32mΓ£ô[39m v3/@claude-flow/cli/__tests__/ruvector/index.test.ts[2m > [22mError Handling[2m > [22mshould handle invalid inputs gracefully
 [32mΓ£ô[39m v3/@claude-flow/cli/__tests__/ruvector/index.test.ts[2m > [22mError Handling[2m > [22mshould handle malformed data gracefully
 [32mΓ£ô[39m v3/@claude-flow/cli/__tests__/ruvector/index.test.ts[2m > [22mPerformance[2m > [22mshould handle large graph operations efficiently
 [32mΓ£ô[39m v3/@claude-flow/cli/__tests__/ruvector/index.test.ts[2m > [22mPerformance[2m > [22mshould cache results for performance
[90mstdout[2m | v3/@claude-flow/guidance/tests/benchmark.test.ts[2m > [22m[2mBenchmark Summary[2m > [22m[2mshould print results table[22m[39m

==========================================================================================
  GUIDANCE CONTROL PLANE ΓÇö PERFORMANCE BENCHMARK REPORT
==========================================================================================
Benchmark                                             ops/sec     avg ╬╝s   total ms
------------------------------------------------------------------------------------------
ContinueGate.evaluate(healthy)                        194,994       5.13      51.28
ContinueGate.evaluate(stop)                           189,686       5.27      52.72
ContinueGate.evaluateWithHistory(cooldown)            535,000       1.87      18.69
ThreatDetector.analyzeInput(clean)                    112,726       8.87      88.71
ThreatDetector.analyzeInput(malicious)                 20,886      47.88     478.79
ThreatDetector.getThreatScore(1k)                      16,160      61.88      61.88
CollusionDetector.detectCollusion(100)                  8,109     123.32     123.32
CollusionDetector.detectCollusion(1k)                   3,323     300.89      30.09
MemoryQuorum.propose(eviction)                         27,839      35.92     179.60
MemoryQuorum.vote+resolve                              12,494      80.04     400.18
Gateway.evaluate(full pipeline)                        27,457      36.42     364.20
MemoryWriteGate.evaluateWrite(clean)                   22,731      43.99     439.92
MemoryWriteGate.evaluateWrite(50 entries)              27,491      36.38      36.38
CoherenceScheduler.computeCoherence(20)               304,719       3.28      32.82
TrustAccumulator.recordOutcome                        526,020       1.90      19.01
TrustAccumulator.getScore+getTier(100)                706,514       1.42      14.15
AuthorityGate.canPerform                            5,231,220       0.19       1.91
AuthorityGate.canPerform(escalation)                  235,166       4.25      42.52
Classifier.classify(reversible)                       204,684       4.89      48.86
Classifier.classify(irreversible)                     468,364       2.14      21.35
MetaGovernor.checkAllInvariants(4)                    233,607       4.28      42.81
MetaGovernor.validateOptimizerAction                1,446,969       0.69       0.69
------------------------------------------------------------------------------------------
Total benchmarks: 22
==========================================================================================


 [32mΓ£ô[39m v3/@claude-flow/guidance/tests/benchmark.test.ts[2m > [22mBenchmark: ContinueGate[2m > [22mevaluate() ΓÇö healthy context
 [32mΓ£ô[39m v3/@claude-flow/guidance/tests/benchmark.test.ts[2m > [22mBenchmark: ContinueGate[2m > [22mevaluate() ΓÇö degraded context (triggers stop)
 [32mΓ£ô[39m v3/@claude-flow/guidance/tests/benchmark.test.ts[2m > [22mBenchmark: ContinueGate[2m > [22mevaluateWithHistory() ΓÇö cooldown bypass safety check
 [32mΓ£ô[39m v3/@claude-flow/guidance/tests/benchmark.test.ts[2m > [22mBenchmark: ThreatDetector[2m > [22manalyzeInput() ΓÇö clean input
 [32mΓ£ô[39m v3/@claude-flow/guidance/tests/benchmark.test.ts[2m > [22mBenchmark: ThreatDetector[2m > [22manalyzeInput() ΓÇö malicious input[33m 492[2mms[22m[39m
 [32mΓ£ô[39m v3/@claude-flow/guidance/tests/benchmark.test.ts[2m > [22mBenchmark: ThreatDetector[2m > [22mgetThreatScore() ΓÇö 1000 signals
 [32mΓ£ô[39m v3/@claude-flow/guidance/tests/benchmark.test.ts[2m > [22mBenchmark: CollusionDetector[2m > [22mdetectCollusion() ΓÇö 100 interactions, 5 agents
 [32mΓ£ô[39m v3/@claude-flow/guidance/tests/benchmark.test.ts[2m > [22mBenchmark: CollusionDetector[2m > [22mdetectCollusion() ΓÇö 1000 interactions, 10 agents
 [32mΓ£ô[39m v3/@claude-flow/guidance/tests/benchmark.test.ts[2m > [22mBenchmark: MemoryQuorum[2m > [22mpropose() ΓÇö at capacity (eviction path)
 [32mΓ£ô[39m v3/@claude-flow/guidance/tests/benchmark.test.ts[2m > [22mBenchmark: MemoryQuorum[2m > [22mvote() + resolve()[33m 406[2mms[22m[39m
 [32mΓ£ô[39m v3/@claude-flow/guidance/tests/benchmark.test.ts[2m > [22mBenchmark: Gateway[2m > [22mevaluate() ΓÇö schema + budget + gates pipeline[33m 382[2mms[22m[39m
 [32mΓ£ô[39m v3/@claude-flow/guidance/tests/benchmark.test.ts[2m > [22mBenchmark: MemoryWriteGate[2m > [22mevaluateWrite() ΓÇö clean write[33m 449[2mms[22m[39m
 [32mΓ£ô[39m v3/@claude-flow/guidance/tests/benchmark.test.ts[2m > [22mBenchmark: MemoryWriteGate[2m > [22mevaluateWrite() ΓÇö with contradiction detection (50 entries)
 [32mΓ£ô[39m v3/@claude-flow/guidance/tests/benchmark.test.ts[2m > [22mBenchmark: CoherenceScheduler[2m > [22mcomputeCoherence() ΓÇö 20 events
 [32mΓ£ô[39m v3/@claude-flow/guidance/tests/benchmark.test.ts[2m > [22mBenchmark: TrustAccumulator[2m > [22mrecordOutcome() ΓÇö throughput
 [32mΓ£ô[39m v3/@claude-flow/guidance/tests/benchmark.test.ts[2m > [22mBenchmark: TrustAccumulator[2m > [22mgetScore() + getTier() ΓÇö 100 agents
 [32mΓ£ô[39m v3/@claude-flow/guidance/tests/benchmark.test.ts[2m > [22mBenchmark: AuthorityGate[2m > [22mcanPerform() ΓÇö permission check
 [32mΓ£ô[39m v3/@claude-flow/guidance/tests/benchmark.test.ts[2m > [22mBenchmark: AuthorityGate[2m > [22mcanPerform() ΓÇö escalation required
 [32mΓ£ô[39m v3/@claude-flow/guidance/tests/benchmark.test.ts[2m > [22mBenchmark: IrreversibilityClassifier[2m > [22mclassify() ΓÇö reversible
 [32mΓ£ô[39m v3/@claude-flow/guidance/tests/benchmark.test.ts[2m > [22mBenchmark: IrreversibilityClassifier[2m > [22mclassify() ΓÇö irreversible
 [32mΓ£ô[39m v3/@claude-flow/guidance/tests/benchmark.test.ts[2m > [22mBenchmark: MetaGovernor[2m > [22mcheckAllInvariants() ΓÇö 4 invariants
 [32mΓ£ô[39m v3/@claude-flow/guidance/tests/benchmark.test.ts[2m > [22mBenchmark: MetaGovernor[2m > [22mvalidateOptimizerAction()
 [32mΓ£ô[39m v3/@claude-flow/guidance/tests/benchmark.test.ts[2m > [22mBenchmark Summary[2m > [22mshould print results table
 [32mΓ£ô[39m v3/@claude-flow/security/__tests__/unit/safe-executor.test.ts[2m > [22mSafeExecutor[2m > [22mexecute[2m > [22mshould extract base command before execution
 [32mΓ£ô[39m v3/@claude-flow/security/__tests__/unit/safe-executor.test.ts[2m > [22mSafeExecutor[2m > [22mexecute[2m > [22mshould spawn process with sanitized arguments
 [32mΓ£ô[39m v3/@claude-flow/security/__tests__/unit/safe-executor.test.ts[2m > [22mSafeExecutor[2m > [22mexecute[2m > [22mshould use config timeout by default
 [32mΓ£ô[39m v3/@claude-flow/security/__tests__/unit/safe-executor.test.ts[2m > [22mSafeExecutor[2m > [22mexecute[2m > [22mshould respect custom timeout option
 [32mΓ£ô[39m v3/@claude-flow/security/__tests__/unit/safe-executor.test.ts[2m > [22mSafeExecutor[2m > [22mexecute[2m > [22mshould always use shell setting from config
 [32mΓ£ô[39m v3/@claude-flow/security/__tests__/unit/safe-executor.test.ts[2m > [22mSafeExecutor[2m > [22mexecute[2m > [22mshould return execution result
 [32mΓ£ô[39m v3/@claude-flow/security/__tests__/unit/safe-executor.test.ts[2m > [22mSafeExecutor[2m > [22mexecute[2m > [22mshould report killed status when signal present
 [32mΓ£ô[39m v3/@claude-flow/security/__tests__/unit/safe-executor.test.ts[2m > [22mSafeExecutor[2m > [22mexecute[2m > [22mshould throw error for blocked command
 [32mΓ£ô[39m v3/@claude-flow/security/__tests__/unit/safe-executor.test.ts[2m > [22mSafeExecutor[2m > [22mexecute[2m > [22mshould throw error for command not in allowed list
 [32mΓ£ô[39m v3/@claude-flow/security/__tests__/unit/safe-executor.test.ts[2m > [22mSafeExecutor[2m > [22misCommandAllowed[2m > [22mshould allow npm command
 [32mΓ£ô[39m v3/@claude-flow/security/__tests__/unit/safe-executor.test.ts[2m > [22mSafeExecutor[2m > [22misCommandAllowed[2m > [22mshould block npx command
 [32mΓ£ô[39m v3/@claude-flow/security/__tests__/unit/safe-executor.test.ts[2m > [22mSafeExecutor[2m > [22misCommandAllowed[2m > [22mshould allow node command
 [32mΓ£ô[39m v3/@claude-flow/security/__tests__/unit/safe-executor.test.ts[2m > [22mSafeExecutor[2m > [22misCommandAllowed[2m > [22mshould allow git command
 [32mΓ£ô[39m v3/@claude-flow/security/__tests__/unit/safe-executor.test.ts[2m > [22mSafeExecutor[2m > [22misCommandAllowed[2m > [22mshould block rm command
 [32mΓ£ô[39m v3/@claude-flow/security/__tests__/unit/safe-executor.test.ts[2m > [22mSafeExecutor[2m > [22misCommandAllowed[2m > [22mshould block del command
 [32mΓ£ô[39m v3/@claude-flow/security/__tests__/unit/safe-executor.test.ts[2m > [22mSafeExecutor[2m > [22misCommandAllowed[2m > [22mshould block format command
 [32mΓ£ô[39m v3/@claude-flow/security/__tests__/unit/safe-executor.test.ts[2m > [22mSafeExecutor[2m > [22misCommandAllowed[2m > [22mshould block dd command
 [32mΓ£ô[39m v3/@claude-flow/security/__tests__/unit/safe-executor.test.ts[2m > [22mSafeExecutor[2m > [22misCommandAllowed[2m > [22mshould block blocked command even if in allowed list
 [32mΓ£ô[39m v3/@claude-flow/security/__tests__/unit/safe-executor.test.ts[2m > [22mSafeExecutor[2m > [22msanitizeArgs[2m > [22mshould remove semicolon from arguments
 [32mΓ£ô[39m v3/@claude-flow/security/__tests__/unit/safe-executor.test.ts[2m > [22mSafeExecutor[2m > [22msanitizeArgs[2m > [22mshould remove pipe operator from arguments
 [32mΓ£ô[39m v3/@claude-flow/security/__tests__/unit/safe-executor.test.ts[2m > [22mSafeExecutor[2m > [22msanitizeArgs[2m > [22mshould remove ampersand from arguments
 [32mΓ£ô[39m v3/@claude-flow/security/__tests__/unit/safe-executor.test.ts[2m > [22mSafeExecutor[2m > [22msanitizeArgs[2m > [22mshould remove backticks from arguments
 [32mΓ£ô[39m v3/@claude-flow/security/__tests__/unit/safe-executor.test.ts[2m > [22mSafeExecutor[2m > [22msanitizeArgs[2m > [22mshould remove $() command substitution from arguments
 [32mΓ£ô[39m v3/@claude-flow/security/__tests__/unit/safe-executor.test.ts[2m > [22mSafeExecutor[2m > [22msanitizeArgs[2m > [22mshould remove newlines from arguments
 [32mΓ£ô[39m v3/@claude-flow/security/__tests__/unit/safe-executor.test.ts[2m > [22mSafeExecutor[2m > [22msanitizeArgs[2m > [22mshould remove redirection operators from arguments
 [32mΓ£ô[39m v3/@claude-flow/security/__tests__/unit/safe-executor.test.ts[2m > [22mSafeExecutor[2m > [22msanitizeArgs[2m > [22mshould preserve safe argument content
 [32mΓ£ô[39m v3/@claude-flow/security/__tests__/unit/safe-executor.test.ts[2m > [22mSafeExecutor[2m > [22msanitizeArgs[2m > [22mshould handle empty arguments array
 [32mΓ£ô[39m v3/@claude-flow/security/__tests__/unit/safe-executor.test.ts[2m > [22mSafeExecutor[2m > [22msanitizeArgs[2m > [22mshould sanitize all arguments in array
 [32mΓ£ô[39m v3/@claude-flow/security/__tests__/unit/safe-executor.test.ts[2m > [22mSafeExecutor[2m > [22mCVE-3 prevention scenarios[2m > [22mshould prevent command injection via arguments
 [32mΓ£ô[39m v3/@claude-flow/security/__tests__/unit/safe-executor.test.ts[2m > [22mSafeExecutor[2m > [22mCVE-3 prevention scenarios[2m > [22mshould prevent command substitution attack
 [32mΓ£ô[39m v3/@claude-flow/security/__tests__/unit/safe-executor.test.ts[2m > [22mSafeExecutor[2m > [22mCVE-3 prevention scenarios[2m > [22mshould prevent shell expansion attack
 [32mΓ£ô[39m v3/@claude-flow/security/__tests__/unit/safe-executor.test.ts[2m > [22mSafeExecutor[2m > [22mCVE-3 prevention scenarios[2m > [22mshould block dangerous commands directly
 [32mΓ£ô[39m v3/@claude-flow/security/__tests__/unit/safe-executor.test.ts[2m > [22mSafeExecutor[2m > [22mCVE-3 prevention scenarios[2m > [22mshould prevent shell mode when disabled in config
 [32mΓ£ô[39m v3/@claude-flow/security/__tests__/unit/safe-executor.test.ts[2m > [22mSafeExecutor[2m > [22merror handling[2m > [22mshould propagate spawner errors
 [32mΓ£ô[39m v3/@claude-flow/security/__tests__/unit/safe-executor.test.ts[2m > [22mSafeExecutor[2m > [22merror handling[2m > [22mshould handle validator errors
 [32mΓ£ô[39m v3/@claude-flow/security/__tests__/unit/safe-executor.test.ts[2m > [22mSafeExecutor[2m > [22minteraction verification[2m > [22mshould not spawn if command validation fails
 [31m├ù[39m v3/@claude-flow/security/__tests__/unit/safe-executor.test.ts[2m > [22mSafeExecutor[2m > [22minteraction verification[2m > [22mshould extract command before checking allowed list
[31m   ΓåÆ Invalid Chai property: toHaveBeenCalledBefore[39m
[90mstderr[2m | v3/mcp/__tests__/task-tools.test.ts[2m > [22m[2mTask Tools[2m > [22m[2mtasks/create[2m 
> [22m[2mshould create a task with required fields[22m[39m
Failed to create task via orchestrator: TypeError: Cannot read properties of undefined (reading 'id')
    at handleCreateTask 
[90m(C:\Users\saima\Desktop\code\ruflo_project\[39mv3\mcp\tools\task-tools.ts:278:24[90m)[39m

[90mstderr[2m | v3/mcp/__tests__/task-tools.test.ts[2m > [22m[2mTask Tools[2m > [22m[2mtasks/create[2m 
> [22m[2mshould create a task with all optional fields[22m[39m
Failed to create task via orchestrator: TypeError: Cannot read properties of undefined (reading 'id')
    at handleCreateTask 
[90m(C:\Users\saima\Desktop\code\ruflo_project\[39mv3\mcp\tools\task-tools.ts:278:24[90m)[39m

[90mstderr[2m | v3/mcp/__tests__/task-tools.test.ts[2m > [22m[2mTask Tools[2m > [22m[2mtasks/list[2m > 
[22m[2mshould list all tasks with no filters[22m[39m
Failed to list tasks via orchestrator: TypeError: Cannot read properties of undefined (reading 'tasks')
    at handleListTasks 
[90m(C:\Users\saima\Desktop\code\ruflo_project\[39mv3\mcp\tools\task-tools.ts:328:23[90m)[39m

[90mstderr[2m | v3/mcp/__tests__/task-tools.test.ts[2m > [22m[2mTask Tools[2m > [22m[2mtasks/list[2m > 
[22m[2mshould filter tasks by status[22m[39m
Failed to create task via orchestrator: TypeError: Cannot read properties of undefined (reading 'id')
    at handleCreateTask 
[90m(C:\Users\saima\Desktop\code\ruflo_project\[39mv3\mcp\tools\task-tools.ts:278:24[90m)[39m
Failed to list tasks via orchestrator: TypeError: Cannot read properties of undefined (reading 'tasks')
    at handleListTasks 
[90m(C:\Users\saima\Desktop\code\ruflo_project\[39mv3\mcp\tools\task-tools.ts:328:23[90m)[39m

[90mstderr[2m | v3/mcp/__tests__/task-tools.test.ts[2m > [22m[2mTask Tools[2m > [22m[2mtasks/list[2m > 
[22m[2mshould apply pagination[22m[39m
Failed to list tasks via orchestrator: TypeError: Cannot read properties of undefined (reading 'tasks')
    at handleListTasks 
[90m(C:\Users\saima\Desktop\code\ruflo_project\[39mv3\mcp\tools\task-tools.ts:328:23[90m)[39m

[90mstderr[2m | v3/mcp/__tests__/task-tools.test.ts[2m > [22m[2mTask Tools[2m > [22m[2mtasks/list[2m > 
[22m[2mshould apply sorting[22m[39m
Failed to list tasks via orchestrator: TypeError: Cannot read properties of undefined (reading 'tasks')
    at handleListTasks 
[90m(C:\Users\saima\Desktop\code\ruflo_project\[39mv3\mcp\tools\task-tools.ts:328:23[90m)[39m

[90mstderr[2m | v3/mcp/__tests__/task-tools.test.ts[2m > [22m[2mTask Tools[2m > [22m[2mtasks/status[2m 
> [22m[2mshould get task status[22m[39m
Failed to create task via orchestrator: TypeError: Cannot read properties of undefined (reading 'id')
    at handleCreateTask 
[90m(C:\Users\saima\Desktop\code\ruflo_project\[39mv3\mcp\tools\task-tools.ts:278:24[90m)[39m
Failed to get task status via orchestrator: TypeError: Cannot read properties of undefined (reading 'id')
    at handleTaskStatus 
[90m(C:\Users\saima\Desktop\code\ruflo_project\[39mv3\mcp\tools\task-tools.ts:434:20[90m)[39m

[90mstderr[2m | v3/mcp/__tests__/task-tools.test.ts[2m > [22m[2mTask Tools[2m > [22m[2mtasks/status[2m 
> [22m[2mshould include metrics when requested[22m[39m
Failed to create task via orchestrator: TypeError: Cannot read properties of undefined (reading 'id')
    at handleCreateTask 
[90m(C:\Users\saima\Desktop\code\ruflo_project\[39mv3\mcp\tools\task-tools.ts:278:24[90m)[39m
Failed to get task status via orchestrator: TypeError: Cannot read properties of undefined (reading 'id')
    at handleTaskStatus 
[90m(C:\Users\saima\Desktop\code\ruflo_project\[39mv3\mcp\tools\task-tools.ts:434:20[90m)[39m

[90mstderr[2m | v3/mcp/__tests__/task-tools.test.ts[2m > [22m[2mTask Tools[2m > [22m[2mtasks/status[2m 
> [22m[2mshould include history when requested[22m[39m
Failed to create task via orchestrator: TypeError: Cannot read properties of undefined (reading 'id')
    at handleCreateTask 
[90m(C:\Users\saima\Desktop\code\ruflo_project\[39mv3\mcp\tools\task-tools.ts:278:24[90m)[39m
Failed to get task status via orchestrator: TypeError: Cannot read properties of undefined (reading 'id')
    at handleTaskStatus 
[90m(C:\Users\saima\Desktop\code\ruflo_project\[39mv3\mcp\tools\task-tools.ts:434:20[90m)[39m

[90mstderr[2m | v3/mcp/__tests__/task-tools.test.ts[2m > [22m[2mTask Tools[2m > [22m[2mtasks/status[2m 
> [22m[2mshould throw error for non-existent task[22m[39m
Failed to get task status via orchestrator: TypeError: Cannot read properties of undefined (reading 'id')
    at handleTaskStatus 
[90m(C:\Users\saima\Desktop\code\ruflo_project\[39mv3\mcp\tools\task-tools.ts:434:20[90m)[39m

[90mstderr[2m | v3/mcp/__tests__/task-tools.test.ts[2m > [22m[2mTask Tools[2m > [22m[2mtasks/cancel[2m 
> [22m[2mshould cancel a pending task[22m[39m
Failed to create task via orchestrator: TypeError: Cannot read properties of undefined (reading 'id')
    at handleCreateTask 
[90m(C:\Users\saima\Desktop\code\ruflo_project\[39mv3\mcp\tools\task-tools.ts:278:24[90m)[39m
Failed to cancel task via orchestrator: TypeError: Cannot read properties of undefined (reading 'cancelled')
    at handleCancelTask 
[90m(C:\Users\saima\Desktop\code\ruflo_project\[39mv3\mcp\tools\task-tools.ts:522:27[90m)[39m

[90mstderr[2m | v3/mcp/__tests__/task-tools.test.ts[2m > [22m[2mTask Tools[2m > [22m[2mtasks/cancel[2m 
> [22m[2mshould include cancellation reason[22m[39m
Failed to create task via orchestrator: TypeError: Cannot read properties of undefined (reading 'id')
    at handleCreateTask 
[90m(C:\Users\saima\Desktop\code\ruflo_project\[39mv3\mcp\tools\task-tools.ts:278:24[90m)[39m
Failed to cancel task via orchestrator: TypeError: Cannot read properties of undefined (reading 'cancelled')
    at handleCancelTask 
[90m(C:\Users\saima\Desktop\code\ruflo_project\[39mv3\mcp\tools\task-tools.ts:522:27[90m)[39m

[90mstderr[2m | v3/mcp/__tests__/task-tools.test.ts[2m > [22m[2mTask Tools[2m > [22m[2mtasks/cancel[2m 
> [22m[2mshould throw error for non-existent task[22m[39m
Failed to cancel task via orchestrator: TypeError: Cannot read properties of undefined (reading 'cancelled')
    at handleCancelTask 
[90m(C:\Users\saima\Desktop\code\ruflo_project\[39mv3\mcp\tools\task-tools.ts:522:27[90m)[39m

[90mstderr[2m | v3/mcp/__tests__/task-tools.test.ts[2m > [22m[2mTask Tools[2m > [22m[2mtasks/assign[2m 
> [22m[2mshould assign a task to an agent[22m[39m
Failed to create task via orchestrator: TypeError: Cannot read properties of undefined (reading 'id')
    at handleCreateTask 
[90m(C:\Users\saima\Desktop\code\ruflo_project\[39mv3\mcp\tools\task-tools.ts:278:24[90m)[39m
Failed to assign task via orchestrator: TypeError: Cannot read properties of undefined (reading 'assigned')
    at handleAssignTask 
[90m(C:\Users\saima\Desktop\code\ruflo_project\[39mv3\mcp\tools\task-tools.ts:600:26[90m)[39m

[90mstderr[2m | v3/mcp/__tests__/task-tools.test.ts[2m > [22m[2mTask Tools[2m > [22m[2mtasks/assign[2m 
> [22m[2mshould fail reassignment without flag[22m[39m
Failed to create task via orchestrator: TypeError: Cannot read properties of undefined (reading 'id')
    at handleCreateTask 
[90m(C:\Users\saima\Desktop\code\ruflo_project\[39mv3\mcp\tools\task-tools.ts:278:24[90m)[39m
Failed to assign task via orchestrator: TypeError: Cannot read properties of undefined (reading 'assigned')
    at handleAssignTask 
[90m(C:\Users\saima\Desktop\code\ruflo_project\[39mv3\mcp\tools\task-tools.ts:600:26[90m)[39m

[90mstderr[2m | v3/mcp/__tests__/task-tools.test.ts[2m > [22m[2mTask Tools[2m > [22m[2mtasks/assign[2m 
> [22m[2mshould allow reassignment with flag[22m[39m
Failed to create task via orchestrator: TypeError: Cannot read properties of undefined (reading 'id')
    at handleCreateTask 
[90m(C:\Users\saima\Desktop\code\ruflo_project\[39mv3\mcp\tools\task-tools.ts:278:24[90m)[39m
Failed to assign task via orchestrator: TypeError: Cannot read properties of undefined (reading 'assigned')
    at handleAssignTask 
[90m(C:\Users\saima\Desktop\code\ruflo_project\[39mv3\mcp\tools\task-tools.ts:600:26[90m)[39m

[90mstderr[2m | v3/mcp/__tests__/task-tools.test.ts[2m > [22m[2mTask Tools[2m > [22m[2mtasks/update[2m 
> [22m[2mshould update task priority[22m[39m
Failed to create task via orchestrator: TypeError: Cannot read properties of undefined (reading 'id')
    at handleCreateTask 
[90m(C:\Users\saima\Desktop\code\ruflo_project\[39mv3\mcp\tools\task-tools.ts:278:24[90m)[39m
Failed to update task via orchestrator: TypeError: Cannot read properties of undefined (reading 'updated')
    at handleUpdateTask 
[90m(C:\Users\saima\Desktop\code\ruflo_project\[39mv3\mcp\tools\task-tools.ts:671:25[90m)[39m

[90mstderr[2m | v3/mcp/__tests__/task-tools.test.ts[2m > [22m[2mTask Tools[2m > [22m[2mtasks/update[2m 
> [22m[2mshould update task description[22m[39m
Failed to create task via orchestrator: TypeError: Cannot read properties of undefined (reading 'id')
    at handleCreateTask 
[90m(C:\Users\saima\Desktop\code\ruflo_project\[39mv3\mcp\tools\task-tools.ts:278:24[90m)[39m
Failed to update task via orchestrator: TypeError: Cannot read properties of undefined (reading 'updated')
    at handleUpdateTask 
[90m(C:\Users\saima\Desktop\code\ruflo_project\[39mv3\mcp\tools\task-tools.ts:671:25[90m)[39m

[90mstderr[2m | v3/mcp/__tests__/task-tools.test.ts[2m > [22m[2mTask Tools[2m > [22m[2mtasks/update[2m 
> [22m[2mshould merge metadata[22m[39m
Failed to create task via orchestrator: TypeError: Cannot read properties of undefined (reading 'id')
    at handleCreateTask 
[90m(C:\Users\saima\Desktop\code\ruflo_project\[39mv3\mcp\tools\task-tools.ts:278:24[90m)[39m
Failed to update task via orchestrator: TypeError: Cannot read properties of undefined (reading 'updated')
    at handleUpdateTask 
[90m(C:\Users\saima\Desktop\code\ruflo_project\[39mv3\mcp\tools\task-tools.ts:671:25[90m)[39m

[90mstderr[2m | v3/mcp/__tests__/task-tools.test.ts[2m > [22m[2mTask Tools[2m > 
[22m[2mtasks/dependencies[2m > [22m[2mshould clear all dependencies[22m[39m
Failed to create task via orchestrator: TypeError: Cannot read properties of undefined (reading 'id')
    at handleCreateTask 
[90m(C:\Users\saima\Desktop\code\ruflo_project\[39mv3\mcp\tools\task-tools.ts:278:24[90m)[39m

[90mstderr[2m | v3/mcp/__tests__/task-tools.test.ts[2m > [22m[2mTask Tools[2m > [22m[2mtasks/results[2m 
> [22m[2mshould get task results[22m[39m
Failed to create task via orchestrator: TypeError: Cannot read properties of undefined (reading 'id')
    at handleCreateTask 
[90m(C:\Users\saima\Desktop\code\ruflo_project\[39mv3\mcp\tools\task-tools.ts:278:24[90m)[39m
Failed to get task results via orchestrator: TypeError: Cannot read properties of undefined (reading 'status')
    at handleTaskResults 
[90m(C:\Users\saima\Desktop\code\ruflo_project\[39mv3\mcp\tools\task-tools.ts:820:24[90m)[39m

[90mstderr[2m | v3/mcp/__tests__/task-tools.test.ts[2m > [22m[2mTask Tools[2m > [22m[2mtasks/results[2m 
> [22m[2mshould support different result formats[22m[39m
Failed to create task via orchestrator: TypeError: Cannot read properties of undefined (reading 'id')
    at handleCreateTask 
[90m(C:\Users\saima\Desktop\code\ruflo_project\[39mv3\mcp\tools\task-tools.ts:278:24[90m)[39m
Failed to get task results via orchestrator: TypeError: Cannot read properties of undefined (reading 'status')
    at handleTaskResults 
[90m(C:\Users\saima\Desktop\code\ruflo_project\[39mv3\mcp\tools\task-tools.ts:820:24[90m)[39m
Failed to get task results via orchestrator: TypeError: Cannot read properties of undefined (reading 'status')
    at handleTaskResults 
[90m(C:\Users\saima\Desktop\code\ruflo_project\[39mv3\mcp\tools\task-tools.ts:820:24[90m)[39m

[90mstderr[2m | v3/mcp/__tests__/task-tools.test.ts[2m > [22m[2mTask Tools[2m > [22m[2mtasks/results[2m 
> [22m[2mshould optionally include artifacts[22m[39m
Failed to create task via orchestrator: TypeError: Cannot read properties of undefined (reading 'id')
    at handleCreateTask 
[90m(C:\Users\saima\Desktop\code\ruflo_project\[39mv3\mcp\tools\task-tools.ts:278:24[90m)[39m
Failed to get task results via orchestrator: TypeError: Cannot read properties of undefined (reading 'status')
    at handleTaskResults 
[90m(C:\Users\saima\Desktop\code\ruflo_project\[39mv3\mcp\tools\task-tools.ts:820:24[90m)[39m

 [32mΓ£ô[39m v3/mcp/__tests__/task-tools.test.ts[2m > [22mTask Tools[2m > [22mtasks/create[2m > [22mshould have correct tool definition
 [32mΓ£ô[39m v3/mcp/__tests__/task-tools.test.ts[2m > [22mTask Tools[2m > [22mtasks/create[2m > [22mshould create a task with required fields
 [32mΓ£ô[39m v3/mcp/__tests__/task-tools.test.ts[2m > [22mTask Tools[2m > [22mtasks/create[2m > [22mshould create a task with all optional fields
 [32mΓ£ô[39m v3/mcp/__tests__/task-tools.test.ts[2m > [22mTask Tools[2m > [22mtasks/create[2m > [22mshould validate priority range
 [32mΓ£ô[39m v3/mcp/__tests__/task-tools.test.ts[2m > [22mTask Tools[2m > [22mtasks/create[2m > [22mshould use orchestrator when available
 [32mΓ£ô[39m v3/mcp/__tests__/task-tools.test.ts[2m > [22mTask Tools[2m > [22mtasks/list[2m > [22mshould have correct tool definition
 [32mΓ£ô[39m v3/mcp/__tests__/task-tools.test.ts[2m > [22mTask Tools[2m > [22mtasks/list[2m > [22mshould list all tasks with no filters
 [32mΓ£ô[39m v3/mcp/__tests__/task-tools.test.ts[2m > [22mTask Tools[2m > [22mtasks/list[2m > [22mshould filter tasks by status
 [32mΓ£ô[39m v3/mcp/__tests__/task-tools.test.ts[2m > [22mTask Tools[2m > [22mtasks/list[2m > [22mshould apply pagination
 [32mΓ£ô[39m v3/mcp/__tests__/task-tools.test.ts[2m > [22mTask Tools[2m > [22mtasks/list[2m > [22mshould apply sorting
 [32mΓ£ô[39m v3/mcp/__tests__/task-tools.test.ts[2m > [22mTask Tools[2m > [22mtasks/status[2m > [22mshould have correct tool definition
 [32mΓ£ô[39m v3/mcp/__tests__/task-tools.test.ts[2m > [22mTask Tools[2m > [22mtasks/status[2m > [22mshould get task status
 [32mΓ£ô[39m v3/mcp/__tests__/task-tools.test.ts[2m > [22mTask Tools[2m > [22mtasks/status[2m > [22mshould include metrics when requested
 [32mΓ£ô[39m v3/mcp/__tests__/task-tools.test.ts[2m > [22mTask Tools[2m > [22mtasks/status[2m > [22mshould include history when requested
 [32mΓ£ô[39m v3/mcp/__tests__/task-tools.test.ts[2m > [22mTask Tools[2m > [22mtasks/status[2m > [22mshould throw error for non-existent task
 [32mΓ£ô[39m v3/mcp/__tests__/task-tools.test.ts[2m > [22mTask Tools[2m > [22mtasks/cancel[2m > [22mshould have correct tool definition
 [32mΓ£ô[39m v3/mcp/__tests__/task-tools.test.ts[2m > [22mTask Tools[2m > [22mtasks/cancel[2m > [22mshould cancel a pending task
 [32mΓ£ô[39m v3/mcp/__tests__/task-tools.test.ts[2m > [22mTask Tools[2m > [22mtasks/cancel[2m > [22mshould include cancellation reason
 [32mΓ£ô[39m v3/mcp/__tests__/task-tools.test.ts[2m > [22mTask Tools[2m > [22mtasks/cancel[2m > [22mshould throw error for non-existent task
 [32mΓ£ô[39m v3/mcp/__tests__/task-tools.test.ts[2m > [22mTask Tools[2m > [22mtasks/assign[2m > [22mshould have correct tool definition
 [32mΓ£ô[39m v3/mcp/__tests__/task-tools.test.ts[2m > [22mTask Tools[2m > [22mtasks/assign[2m > [22mshould assign a task to an agent
 [32mΓ£ô[39m v3/mcp/__tests__/task-tools.test.ts[2m > [22mTask Tools[2m > [22mtasks/assign[2m > [22mshould fail reassignment without flag
 [32mΓ£ô[39m v3/mcp/__tests__/task-tools.test.ts[2m > [22mTask Tools[2m > [22mtasks/assign[2m > [22mshould allow reassignment with flag
 [32mΓ£ô[39m v3/mcp/__tests__/task-tools.test.ts[2m > [22mTask Tools[2m > [22mtasks/update[2m > [22mshould have correct tool definition
 [32mΓ£ô[39m v3/mcp/__tests__/task-tools.test.ts[2m > [22mTask Tools[2m > [22mtasks/update[2m > [22mshould update task priority
 [32mΓ£ô[39m v3/mcp/__tests__/task-tools.test.ts[2m > [22mTask Tools[2m > [22mtasks/update[2m > [22mshould update task description
 [32mΓ£ô[39m v3/mcp/__tests__/task-tools.test.ts[2m > [22mTask Tools[2m > [22mtasks/update[2m > [22mshould merge metadata
 [32mΓ£ô[39m v3/mcp/__tests__/task-tools.test.ts[2m > [22mTask Tools[2m > [22mtasks/dependencies[2m > [22mshould have correct tool definition
 [32mΓ£ô[39m v3/mcp/__tests__/task-tools.test.ts[2m > [22mTask Tools[2m > [22mtasks/dependencies[2m > [22mshould add dependencies
 [32mΓ£ô[39m v3/mcp/__tests__/task-tools.test.ts[2m > [22mTask Tools[2m > [22mtasks/dependencies[2m > [22mshould remove dependencies
 [32mΓ£ô[39m v3/mcp/__tests__/task-tools.test.ts[2m > [22mTask Tools[2m > [22mtasks/dependencies[2m > [22mshould list dependencies
 [32mΓ£ô[39m v3/mcp/__tests__/task-tools.test.ts[2m > [22mTask Tools[2m > [22mtasks/dependencies[2m > [22mshould clear all dependencies
 [32mΓ£ô[39m v3/mcp/__tests__/task-tools.test.ts[2m > [22mTask Tools[2m > [22mtasks/results[2m > [22mshould have correct tool definition
 [32mΓ£ô[39m v3/mcp/__tests__/task-tools.test.ts[2m > [22mTask Tools[2m > [22mtasks/results[2m > [22mshould get task results
 [32mΓ£ô[39m v3/mcp/__tests__/task-tools.test.ts[2m > [22mTask Tools[2m > [22mtasks/results[2m > [22mshould support different result formats
 [32mΓ£ô[39m v3/mcp/__tests__/task-tools.test.ts[2m > [22mTask Tools[2m > [22mtasks/results[2m > [22mshould optionally include artifacts
 [32mΓ£ô[39m v3/mcp/__tests__/task-tools.test.ts[2m > [22mTask Tools[2m > [22mTool Collection[2m > [22mshould export all 8 task tools
 [32mΓ£ô[39m v3/mcp/__tests__/task-tools.test.ts[2m > [22mTask Tools[2m > [22mTool Collection[2m > [22mshould have unique tool names
 [32mΓ£ô[39m v3/mcp/__tests__/task-tools.test.ts[2m > [22mTask Tools[2m > [22mTool Collection[2m > [22mshould all have handlers
 [32mΓ£ô[39m v3/mcp/__tests__/task-tools.test.ts[2m > [22mTask Tools[2m > [22mTool Collection[2m > [22mshould all have inputSchema
 [32mΓ£ô[39m v3/mcp/__tests__/task-tools.test.ts[2m > [22mTask Tools[2m > [22mTool Collection[2m > [22mshould all be in task category
 [32mΓ£ô[39m v3/@claude-flow/hooks/__tests__/workers.test.ts[2m > [22mWorkerManager[2m > [22minitialization[2m > [22mshould create manager with default configs
 [32mΓ£ô[39m v3/@claude-flow/hooks/__tests__/workers.test.ts[2m > [22mWorkerManager[2m > [22minitialization[2m > [22mshould create manager with default configs
 [32mΓ£ô[39m v3/@claude-flow/hooks/__tests__/workers.test.ts[2m > [22mWorkerManager[2m > [22minitialization[2m > [22mshould initialize metrics for all workers
TAP version 13
 [32mΓ£ô[39m v3/@claude-flow/hooks/__tests__/workers.test.ts[2m > [22mWorkerManager[2m > [22minitialization[2m > [22mshould initialize metrics for all workers
 [32mΓ£ô[39m v3/@claude-flow/hooks/__tests__/workers.test.ts[2m > [22mWorkerManager[2m > [22minitialization[2m > [22mshould load persisted state on initialize
 [32mΓ£ô[39m v3/@claude-flow/hooks/__tests__/workers.test.ts[2m > [22mWorkerManager[2m > [22minitialization[2m > [22mshould load persisted state on initialize
TAP version 13
# Subtest: generateKeyPair
    # Subtest: produces a key pair with publicKey, privateKey, and fingerprint
    ok 1 - produces a key pair with publicKey, privateKey, and fingerprint
      ---
      duration_ms: 32.3761
      type: 'test'
      ...
    # Subtest: public key is in PEM format (starts with BEGIN)
    ok 2 - public key is in PEM format (starts with BEGIN)
      ---
      duration_ms: 5.2167
      type: 'test'
      ...
    # Subtest: private key is in PEM format (starts with BEGIN)
    ok 3 - private key is in PEM format (starts with BEGIN)
      ---
      duration_ms: 4.8562
      type: 'test'
      ...
    # Subtest: generates distinct key pairs on each call
    ok 4 - generates distinct key pairs on each call
      ---
      duration_ms: 1.9332
      type: 'test'
      ...
    1..4
ok 1 - generateKeyPair
  ---
  duration_ms: 47.036
  type: 'suite'
  ...
# Subtest: Key fingerprint
    # Subtest: fingerprint is hex and 16 characters long
    ok 1 - fingerprint is hex and 16 characters long
      ---
      duration_ms: 8.3782
      type: 'test'
      ...
 [32mΓ£ô[39m v3/@claude-flow/hooks/__tests__/workers.test.ts[2m > [22mWorkerManager[2m > [22mworker registration[2m > [22mshould register custom worker
 [32mΓ£ô[39m v3/@claude-flow/plugins/examples/ruvector-plugins/ruvector-plugins.test.ts[2m > [22mReasoningBank Types[2m > [22mshould have correct ReasoningStep structure
 [32mΓ£ô[39m v3/@claude-flow/plugins/examples/ruvector-plugins/ruvector-plugins.test.ts[2m > [22mReasoningBank Types[2m > [22mshould have correct ReasoningTrajectory structure
 [32mΓ£ô[39m v3/@claude-flow/plugins/examples/ruvector-plugins/ruvector-plugins.test.ts[2m > [22mReasoningBank Types[2m > [22mshould allow optional metadata
 [32mΓ£ô[39m v3/@claude-flow/plugins/examples/ruvector-plugins/ruvector-plugins.test.ts[2m > [22mSemanticCodeSearch Types[2m > [22mshould have correct CodeChunk structure
 [32mΓ£ô[39m v3/@claude-flow/plugins/examples/ruvector-plugins/ruvector-plugins.test.ts[2m > [22mSemanticCodeSearch Types[2m > [22mshould have correct CodeSearchResult structure
 [32mΓ£ô[39m v3/@claude-flow/plugins/examples/ruvector-plugins/ruvector-plugins.test.ts[2m > [22mSemanticCodeSearch Types[2m > [22mshould allow optional symbols and metadata
 [32mΓ£ô[39m v3/@claude-flow/plugins/examples/ruvector-plugins/ruvector-plugins.test.ts[2m > [22mSONALearning Types[2m > [22mshould have correct LearningPattern structure
 [32mΓ£ô[39m v3/@claude-flow/plugins/examples/ruvector-plugins/ruvector-plugins.test.ts[2m > [22mSONALearning Types[2m > [22mshould have correct AdaptationResult structure
 [32mΓ£ô[39m v3/@claude-flow/plugins/examples/ruvector-plugins/ruvector-plugins.test.ts[2m > [22mIntentRouter Types[2m > [22mshould have correct Intent structure
 [32mΓ£ô[39m v3/@claude-flow/plugins/examples/ruvector-plugins/ruvector-plugins.test.ts[2m > [22mIntentRouter Types[2m > [22mshould have correct IntentHandler structure
 [32mΓ£ô[39m v3/@claude-flow/plugins/examples/ruvector-plugins/ruvector-plugins.test.ts[2m > [22mIntentRouter Types[2m > [22mshould have correct RouteResult structure
 [32mΓ£ô[39m v3/@claude-flow/plugins/examples/ruvector-plugins/ruvector-plugins.test.ts[2m > [22mMCPToolOptimizer Types[2m > [22mshould have correct ToolUsagePattern structure
 [32mΓ£ô[39m v3/@claude-flow/plugins/examples/ruvector-plugins/ruvector-plugins.test.ts[2m > [22mMCPToolOptimizer Types[2m > [22mshould have correct ToolSequence structure
 [32mΓ£ô[39m v3/@claude-flow/plugins/examples/ruvector-plugins/ruvector-plugins.test.ts[2m > [22mMCPToolOptimizer Types[2m > [22mshould have correct OptimizationSuggestion structure
 [32mΓ£ô[39m v3/@claude-flow/plugins/examples/ruvector-plugins/ruvector-plugins.test.ts[2m > [22mHookPatternLibrary Types[2m > [22mshould have correct HookPattern structure
 [32mΓ£ô[39m v3/@claude-flow/plugins/examples/ruvector-plugins/ruvector-plugins.test.ts[2m > [22mHookPatternLibrary Types[2m > [22mshould have correct PatternMatch structure
 [32mΓ£ô[39m v3/@claude-flow/plugins/examples/ruvector-plugins/ruvector-plugins.test.ts[2m > [22mHookPatternLibrary Types[2m > [22mshould have correct HookRecommendation structure
 [32mΓ£ô[39m v3/@claude-flow/hooks/__tests__/workers.test.ts[2m > [22mWorkerManager[2m > [22mworker registration[2m > [22mshould register custom worker
 [32mΓ£ô[39m v3/@claude-flow/hooks/__tests__/workers.test.ts[2m > [22mWorkerManager[2m > [22mworker execution[2m > [22mshould run a registered worker
 [31m├ù[39m v3/@claude-flow/plugins/examples/ruvector-plugins/ruvector-plugins.test.ts[2m > [22mPlugin Integration Types[2m > [22mshould export all plugin types
[31m   ΓåÆ Transform failed with 6 errors:
C:/Users/saima/Desktop/code/ruflo_project/v3/@claude-flow/plugins/examples/ruvector-plugins/index.ts:57:9: ERROR: Multiple exports with the same name "ReasoningBank"
C:/Users/saima/Desktop/code/ruflo_project/v3/@claude-flow/plugins/examples/ruvector-plugins/index.ts:58:9: ERROR: Multiple exports with the same name "SemanticCodeSearch"
C:/Users/saima/Desktop/code/ruflo_project/v3/@claude-flow/plugins/examples/ruvector-plugins/index.ts:59:9: ERROR: Multiple exports with the same name "SONALearning"
C:/Users/saima/Desktop/code/ruflo_project/v3/@claude-flow/plugins/examples/ruvector-plugins/index.ts:60:9: ERROR: Multiple exports with the same name "IntentRouter"
C:/Users/saima/Desktop/code/ruflo_project/v3/@claude-flow/plugins/examples/ruvector-plugins/index.ts:61:9: ERROR: Multiple exports with the same name "MCPToolOptimizer"
...[39m
 [31m├ù[39m v3/@claude-flow/plugins/examples/ruvector-plugins/ruvector-plugins.test.ts[2m > [22mPlugin Integration Types[2m > [22mshould export all class instances
[31m   ΓåÆ Transform failed with 6 errors:
C:/Users/saima/Desktop/code/ruflo_project/v3/@claude-flow/plugins/examples/ruvector-plugins/index.ts:57:9: ERROR: Multiple exports with the same name "ReasoningBank"
C:/Users/saima/Desktop/code/ruflo_project/v3/@claude-flow/plugins/examples/ruvector-plugins/index.ts:58:9: ERROR: Multiple exports with the same name "SemanticCodeSearch"
C:/Users/saima/Desktop/code/ruflo_project/v3/@claude-flow/plugins/examples/ruvector-plugins/index.ts:59:9: ERROR: Multiple exports with the same name "SONALearning"
C:/Users/saima/Desktop/code/ruflo_project/v3/@claude-flow/plugins/examples/ruvector-plugins/index.ts:60:9: ERROR: Multiple exports with the same name "IntentRouter"
C:/Users/saima/Desktop/code/ruflo_project/v3/@claude-flow/plugins/examples/ruvector-plugins/index.ts:61:9: ERROR: Multiple exports with the same name "MCPToolOptimizer"
...[39m
 [31m├ù[39m v3/@claude-flow/plugins/examples/ruvector-plugins/ruvector-plugins.test.ts[2m > [22mPlugin Metadata[2m > [22mreasoningBankPlugin should have correct metadata
[31m   ΓåÆ Transform failed with 6 errors:
C:/Users/saima/Desktop/code/ruflo_project/v3/@claude-flow/plugins/examples/ruvector-plugins/index.ts:57:9: ERROR: Multiple exports with the same name "ReasoningBank"
C:/Users/saima/Desktop/code/ruflo_project/v3/@claude-flow/plugins/examples/ruvector-plugins/index.ts:58:9: ERROR: Multiple exports with the same name "SemanticCodeSearch"
C:/Users/saima/Desktop/code/ruflo_project/v3/@claude-flow/plugins/examples/ruvector-plugins/index.ts:59:9: ERROR: Multiple exports with the same name "SONALearning"
C:/Users/saima/Desktop/code/ruflo_project/v3/@claude-flow/plugins/examples/ruvector-plugins/index.ts:60:9: ERROR: Multiple exports with the same name "IntentRouter"
C:/Users/saima/Desktop/code/ruflo_project/v3/@claude-flow/plugins/examples/ruvector-plugins/index.ts:61:9: ERROR: Multiple exports with the same name "MCPToolOptimizer"
...[39m
 [31m├ù[39m v3/@claude-flow/plugins/examples/ruvector-plugins/ruvector-plugins.test.ts[2m > [22mPlugin Metadata[2m > [22msemanticCodeSearchPlugin should have correct metadata
[31m   ΓåÆ Transform failed with 6 errors:
C:/Users/saima/Desktop/code/ruflo_project/v3/@claude-flow/plugins/examples/ruvector-plugins/index.ts:57:9: ERROR: Multiple exports with the same name "ReasoningBank"
C:/Users/saima/Desktop/code/ruflo_project/v3/@claude-flow/plugins/examples/ruvector-plugins/index.ts:58:9: ERROR: Multiple exports with the same name "SemanticCodeSearch"
C:/Users/saima/Desktop/code/ruflo_project/v3/@claude-flow/plugins/examples/ruvector-plugins/index.ts:59:9: ERROR: Multiple exports with the same name "SONALearning"
C:/Users/saima/Desktop/code/ruflo_project/v3/@claude-flow/plugins/examples/ruvector-plugins/index.ts:60:9: ERROR: Multiple exports with the same name "IntentRouter"
C:/Users/saima/Desktop/code/ruflo_project/v3/@claude-flow/plugins/examples/ruvector-plugins/index.ts:61:9: ERROR: Multiple exports with the same name "MCPToolOptimizer"
...[39m
 [31m├ù[39m v3/@claude-flow/plugins/examples/ruvector-plugins/ruvector-plugins.test.ts[2m > [22mPlugin Metadata[2m > [22msonaLearningPlugin should have correct metadata
[31m   ΓåÆ Transform failed with 6 errors:
C:/Users/saima/Desktop/code/ruflo_project/v3/@claude-flow/plugins/examples/ruvector-plugins/index.ts:57:9: ERROR: Multiple exports with the same name "ReasoningBank"
C:/Users/saima/Desktop/code/ruflo_project/v3/@claude-flow/plugins/examples/ruvector-plugins/index.ts:58:9: ERROR: Multiple exports with the same name "SemanticCodeSearch"
C:/Users/saima/Desktop/code/ruflo_project/v3/@claude-flow/plugins/examples/ruvector-plugins/index.ts:59:9: ERROR: Multiple exports with the same name "SONALearning"
C:/Users/saima/Desktop/code/ruflo_project/v3/@claude-flow/plugins/examples/ruvector-plugins/index.ts:60:9: ERROR: Multiple exports with the same name "IntentRouter"
C:/Users/saima/Desktop/code/ruflo_project/v3/@claude-flow/plugins/examples/ruvector-plugins/index.ts:61:9: ERROR: Multiple exports with the same name "MCPToolOptimizer"
...[39m
 [31m├ù[39m v3/@claude-flow/plugins/examples/ruvector-plugins/ruvector-plugins.test.ts[2m > [22mPlugin Metadata[2m > [22mintentRouterPlugin should have correct metadata
[31m   ΓåÆ Transform failed with 6 errors:
C:/Users/saima/Desktop/code/ruflo_project/v3/@claude-flow/plugins/examples/ruvector-plugins/index.ts:57:9: ERROR: Multiple exports with the same name "ReasoningBank"
C:/Users/saima/Desktop/code/ruflo_project/v3/@claude-flow/plugins/examples/ruvector-plugins/index.ts:58:9: ERROR: Multiple exports with the same name "SemanticCodeSearch"
C:/Users/saima/Desktop/code/ruflo_project/v3/@claude-flow/plugins/examples/ruvector-plugins/index.ts:59:9: ERROR: Multiple exports with the same name "SONALearning"
C:/Users/saima/Desktop/code/ruflo_project/v3/@claude-flow/plugins/examples/ruvector-plugins/index.ts:60:9: ERROR: Multiple exports with the same name "IntentRouter"
C:/Users/saima/Desktop/code/ruflo_project/v3/@claude-flow/plugins/examples/ruvector-plugins/index.ts:61:9: ERROR: Multiple exports with the same name "MCPToolOptimizer"
...[39m
 [31m├ù[39m v3/@claude-flow/plugins/examples/ruvector-plugins/ruvector-plugins.test.ts[2m > [22mPlugin Metadata[2m > [22mmcpToolOptimizerPlugin should have correct metadata
[31m   ΓåÆ Transform failed with 6 errors:
C:/Users/saima/Desktop/code/ruflo_project/v3/@claude-flow/plugins/examples/ruvector-plugins/index.ts:57:9: ERROR: Multiple exports with the same name "ReasoningBank"
C:/Users/saima/Desktop/code/ruflo_project/v3/@claude-flow/plugins/examples/ruvector-plugins/index.ts:58:9: ERROR: Multiple exports with the same name "SemanticCodeSearch"
C:/Users/saima/Desktop/code/ruflo_project/v3/@claude-flow/plugins/examples/ruvector-plugins/index.ts:59:9: ERROR: Multiple exports with the same name "SONALearning"
C:/Users/saima/Desktop/code/ruflo_project/v3/@claude-flow/plugins/examples/ruvector-plugins/index.ts:60:9: ERROR: Multiple exports with the same name "IntentRouter"
C:/Users/saima/Desktop/code/ruflo_project/v3/@claude-flow/plugins/examples/ruvector-plugins/index.ts:61:9: ERROR: Multiple exports with the same name "MCPToolOptimizer"
...[39m
 [31m├ù[39m v3/@claude-flow/plugins/examples/ruvector-plugins/ruvector-plugins.test.ts[2m > [22mPlugin Metadata[2m > [22mhookPatternLibraryPlugin should have correct metadata
[31m   ΓåÆ Transform failed with 6 errors:
C:/Users/saima/Desktop/code/ruflo_project/v3/@claude-flow/plugins/examples/ruvector-plugins/index.ts:57:9: ERROR: Multiple exports with the same name "ReasoningBank"
C:/Users/saima/Desktop/code/ruflo_project/v3/@claude-flow/plugins/examples/ruvector-plugins/index.ts:58:9: ERROR: Multiple exports with the same name "SemanticCodeSearch"
C:/Users/saima/Desktop/code/ruflo_project/v3/@claude-flow/plugins/examples/ruvector-plugins/index.ts:59:9: ERROR: Multiple exports with the same name "SONALearning"
C:/Users/saima/Desktop/code/ruflo_project/v3/@claude-flow/plugins/examples/ruvector-plugins/index.ts:60:9: ERROR: Multiple exports with the same name "IntentRouter"
C:/Users/saima/Desktop/code/ruflo_project/v3/@claude-flow/plugins/examples/ruvector-plugins/index.ts:61:9: ERROR: Multiple exports with the same name "MCPToolOptimizer"
...[39m
 [31m├ù[39m v3/@claude-flow/plugins/examples/ruvector-plugins/ruvector-plugins.test.ts[2m > [22mMCP Tool Definitions[2m > [22mreasoningBankPlugin should define expected tools
[31m   ΓåÆ Transform failed with 6 errors:
C:/Users/saima/Desktop/code/ruflo_project/v3/@claude-flow/plugins/examples/ruvector-plugins/index.ts:57:9: ERROR: Multiple exports with the same name "ReasoningBank"
C:/Users/saima/Desktop/code/ruflo_project/v3/@claude-flow/plugins/examples/ruvector-plugins/index.ts:58:9: ERROR: Multiple exports with the same name "SemanticCodeSearch"
C:/Users/saima/Desktop/code/ruflo_project/v3/@claude-flow/plugins/examples/ruvector-plugins/index.ts:59:9: ERROR: Multiple exports with the same name "SONALearning"
C:/Users/saima/Desktop/code/ruflo_project/v3/@claude-flow/plugins/examples/ruvector-plugins/index.ts:60:9: ERROR: Multiple exports with the same name "IntentRouter"
C:/Users/saima/Desktop/code/ruflo_project/v3/@claude-flow/plugins/examples/ruvector-plugins/index.ts:61:9: ERROR: Multiple exports with the same name "MCPToolOptimizer"
...[39m
 [31m├ù[39m v3/@claude-flow/plugins/examples/ruvector-plugins/ruvector-plugins.test.ts[2m > [22mMCP Tool Definitions[2m > [22msemanticCodeSearchPlugin should define expected tools
[31m   ΓåÆ Transform failed with 6 errors:
C:/Users/saima/Desktop/code/ruflo_project/v3/@claude-flow/plugins/examples/ruvector-plugins/index.ts:57:9: ERROR: Multiple exports with the same name "ReasoningBank"
C:/Users/saima/Desktop/code/ruflo_project/v3/@claude-flow/plugins/examples/ruvector-plugins/index.ts:58:9: ERROR: Multiple exports with the same name "SemanticCodeSearch"
C:/Users/saima/Desktop/code/ruflo_project/v3/@claude-flow/plugins/examples/ruvector-plugins/index.ts:59:9: ERROR: Multiple exports with the same name "SONALearning"
C:/Users/saima/Desktop/code/ruflo_project/v3/@claude-flow/plugins/examples/ruvector-plugins/index.ts:60:9: ERROR: Multiple exports with the same name "IntentRouter"
C:/Users/saima/Desktop/code/ruflo_project/v3/@claude-flow/plugins/examples/ruvector-plugins/index.ts:61:9: ERROR: Multiple exports with the same name "MCPToolOptimizer"
...[39m
 [31m├ù[39m v3/@claude-flow/plugins/examples/ruvector-plugins/ruvector-plugins.test.ts[2m > [22mMCP Tool Definitions[2m > [22msonaLearningPlugin should define expected tools
[31m   ΓåÆ Transform failed with 6 errors:
C:/Users/saima/Desktop/code/ruflo_project/v3/@claude-flow/plugins/examples/ruvector-plugins/index.ts:57:9: ERROR: Multiple exports with the same name "ReasoningBank"
C:/Users/saima/Desktop/code/ruflo_project/v3/@claude-flow/plugins/examples/ruvector-plugins/index.ts:58:9: ERROR: Multiple exports with the same name "SemanticCodeSearch"
C:/Users/saima/Desktop/code/ruflo_project/v3/@claude-flow/plugins/examples/ruvector-plugins/index.ts:59:9: ERROR: Multiple exports with the same name "SONALearning"
C:/Users/saima/Desktop/code/ruflo_project/v3/@claude-flow/plugins/examples/ruvector-plugins/index.ts:60:9: ERROR: Multiple exports with the same name "IntentRouter"
C:/Users/saima/Desktop/code/ruflo_project/v3/@claude-flow/plugins/examples/ruvector-plugins/index.ts:61:9: ERROR: Multiple exports with the same name "MCPToolOptimizer"
...[39m
 [31m├ù[39m v3/@claude-flow/plugins/examples/ruvector-plugins/ruvector-plugins.test.ts[2m > [22mMCP Tool Definitions[2m > [22mintentRouterPlugin should define expected tools
[31m   ΓåÆ Transform failed with 6 errors:
C:/Users/saima/Desktop/code/ruflo_project/v3/@claude-flow/plugins/examples/ruvector-plugins/index.ts:57:9: ERROR: Multiple exports with the same name "ReasoningBank"
C:/Users/saima/Desktop/code/ruflo_project/v3/@claude-flow/plugins/examples/ruvector-plugins/index.ts:58:9: ERROR: Multiple exports with the same name "SemanticCodeSearch"
C:/Users/saima/Desktop/code/ruflo_project/v3/@claude-flow/plugins/examples/ruvector-plugins/index.ts:59:9: ERROR: Multiple exports with the same name "SONALearning"
C:/Users/saima/Desktop/code/ruflo_project/v3/@claude-flow/plugins/examples/ruvector-plugins/index.ts:60:9: ERROR: Multiple exports with the same name "IntentRouter"
C:/Users/saima/Desktop/code/ruflo_project/v3/@claude-flow/plugins/examples/ruvector-plugins/index.ts:61:9: ERROR: Multiple exports with the same name "MCPToolOptimizer"
...[39m
 [31m├ù[39m v3/@claude-flow/plugins/examples/ruvector-plugins/ruvector-plugins.test.ts[2m > [22mMCP Tool Definitions[2m > [22mmcpToolOptimizerPlugin should define expected tools
[31m   ΓåÆ Transform failed with 6 errors:
C:/Users/saima/Desktop/code/ruflo_project/v3/@claude-flow/plugins/examples/ruvector-plugins/index.ts:57:9: ERROR: Multiple exports with the same name "ReasoningBank"
C:/Users/saima/Desktop/code/ruflo_project/v3/@claude-flow/plugins/examples/ruvector-plugins/index.ts:58:9: ERROR: Multiple exports with the same name "SemanticCodeSearch"
C:/Users/saima/Desktop/code/ruflo_project/v3/@claude-flow/plugins/examples/ruvector-plugins/index.ts:59:9: ERROR: Multiple exports with the same name "SONALearning"
C:/Users/saima/Desktop/code/ruflo_project/v3/@claude-flow/plugins/examples/ruvector-plugins/index.ts:60:9: ERROR: Multiple exports with the same name "IntentRouter"
C:/Users/saima/Desktop/code/ruflo_project/v3/@claude-flow/plugins/examples/ruvector-plugins/index.ts:61:9: ERROR: Multiple exports with the same name "MCPToolOptimizer"
...[39m
 [31m├ù[39m v3/@claude-flow/plugins/examples/ruvector-plugins/ruvector-plugins.test.ts[2m > [22mMCP Tool Definitions[2m > [22mhookPatternLibraryPlugin should define expected tools
[31m   ΓåÆ Transform failed with 6 errors:
C:/Users/saima/Desktop/code/ruflo_project/v3/@claude-flow/plugins/examples/ruvector-plugins/index.ts:57:9: ERROR: Multiple exports with the same name "ReasoningBank"
C:/Users/saima/Desktop/code/ruflo_project/v3/@claude-flow/plugins/examples/ruvector-plugins/index.ts:58:9: ERROR: Multiple exports with the same name "SemanticCodeSearch"
C:/Users/saima/Desktop/code/ruflo_project/v3/@claude-flow/plugins/examples/ruvector-plugins/index.ts:59:9: ERROR: Multiple exports with the same name "SONALearning"
C:/Users/saima/Desktop/code/ruflo_project/v3/@claude-flow/plugins/examples/ruvector-plugins/index.ts:60:9: ERROR: Multiple exports with the same name "IntentRouter"
C:/Users/saima/Desktop/code/ruflo_project/v3/@claude-flow/plugins/examples/ruvector-plugins/index.ts:61:9: ERROR: Multiple exports with the same name "MCPToolOptimizer"
...[39m
 [31m├ù[39m v3/@claude-flow/plugins/examples/ruvector-plugins/ruvector-plugins.test.ts[2m > [22mHook Definitions[2m > [22mreasoningBankPlugin should define learning hooks
[31m   ΓåÆ Transform failed with 6 errors:
C:/Users/saima/Desktop/code/ruflo_project/v3/@claude-flow/plugins/examples/ruvector-plugins/index.ts:57:9: ERROR: Multiple exports with the same name "ReasoningBank"
C:/Users/saima/Desktop/code/ruflo_project/v3/@claude-flow/plugins/examples/ruvector-plugins/index.ts:58:9: ERROR: Multiple exports with the same name "SemanticCodeSearch"
C:/Users/saima/Desktop/code/ruflo_project/v3/@claude-flow/plugins/examples/ruvector-plugins/index.ts:59:9: ERROR: Multiple exports with the same name "SONALearning"
C:/Users/saima/Desktop/code/ruflo_project/v3/@claude-flow/plugins/examples/ruvector-plugins/index.ts:60:9: ERROR: Multiple exports with the same name "IntentRouter"
C:/Users/saima/Desktop/code/ruflo_project/v3/@claude-flow/plugins/examples/ruvector-plugins/index.ts:61:9: ERROR: Multiple exports with the same name "MCPToolOptimizer"
...[39m
 [31m├ù[39m v3/@claude-flow/plugins/examples/ruvector-plugins/ruvector-plugins.test.ts[2m > [22mHook Definitions[2m > [22mintentRouterPlugin should define routing hooks
[31m   ΓåÆ Transform failed with 6 errors:
C:/Users/saima/Desktop/code/ruflo_project/v3/@claude-flow/plugins/examples/ruvector-plugins/index.ts:57:9: ERROR: Multiple exports with the same name "ReasoningBank"
C:/Users/saima/Desktop/code/ruflo_project/v3/@claude-flow/plugins/examples/ruvector-plugins/index.ts:58:9: ERROR: Multiple exports with the same name "SemanticCodeSearch"
C:/Users/saima/Desktop/code/ruflo_project/v3/@claude-flow/plugins/examples/ruvector-plugins/index.ts:59:9: ERROR: Multiple exports with the same name "SONALearning"
C:/Users/saima/Desktop/code/ruflo_project/v3/@claude-flow/plugins/examples/ruvector-plugins/index.ts:60:9: ERROR: Multiple exports with the same name "IntentRouter"
C:/Users/saima/Desktop/code/ruflo_project/v3/@claude-flow/plugins/examples/ruvector-plugins/index.ts:61:9: ERROR: Multiple exports with the same name "MCPToolOptimizer"
...[39m
 [31m├ù[39m v3/@claude-flow/plugins/examples/ruvector-plugins/ruvector-plugins.test.ts[2m > [22mHook Definitions[2m > [22mmcpToolOptimizerPlugin should define optimization hooks
[31m   ΓåÆ Transform failed with 6 errors:
C:/Users/saima/Desktop/code/ruflo_project/v3/@claude-flow/plugins/examples/ruvector-plugins/index.ts:57:9: ERROR: Multiple exports with the same name "ReasoningBank"
C:/Users/saima/Desktop/code/ruflo_project/v3/@claude-flow/plugins/examples/ruvector-plugins/index.ts:58:9: ERROR: Multiple exports with the same name "SemanticCodeSearch"
C:/Users/saima/Desktop/code/ruflo_project/v3/@claude-flow/plugins/examples/ruvector-plugins/index.ts:59:9: ERROR: Multiple exports with the same name "SONALearning"
C:/Users/saima/Desktop/code/ruflo_project/v3/@claude-flow/plugins/examples/ruvector-plugins/index.ts:60:9: ERROR: Multiple exports with the same name "IntentRouter"
C:/Users/saima/Desktop/code/ruflo_project/v3/@claude-flow/plugins/examples/ruvector-plugins/index.ts:61:9: ERROR: Multiple exports with the same name "MCPToolOptimizer"
...[39m
 [31m├ù[39m v3/@claude-flow/plugins/examples/ruvector-plugins/ruvector-plugins.test.ts[2m > [22mHook Definitions[2m > [22mhookPatternLibraryPlugin should define file operation hooks
[31m   ΓåÆ Transform failed with 6 errors:
C:/Users/saima/Desktop/code/ruflo_project/v3/@claude-flow/plugins/examples/ruvector-plugins/index.ts:57:9: ERROR: Multiple exports with the same name "ReasoningBank"
C:/Users/saima/Desktop/code/ruflo_project/v3/@claude-flow/plugins/examples/ruvector-plugins/index.ts:58:9: ERROR: Multiple exports with the same name "SemanticCodeSearch"
C:/Users/saima/Desktop/code/ruflo_project/v3/@claude-flow/plugins/examples/ruvector-plugins/index.ts:59:9: ERROR: Multiple exports with the same name "SONALearning"
C:/Users/saima/Desktop/code/ruflo_project/v3/@claude-flow/plugins/examples/ruvector-plugins/index.ts:60:9: ERROR: Multiple exports with the same name "IntentRouter"
C:/Users/saima/Desktop/code/ruflo_project/v3/@claude-flow/plugins/examples/ruvector-plugins/index.ts:61:9: ERROR: Multiple exports with the same name "MCPToolOptimizer"
...[39m
 [31m├ù[39m v3/@claude-flow/swarm/__tests__/topology.test.ts[2m > [22mTopologyManager[2m > [22mEvent Emission[2m > [22mshould emit topology.rebalanced event[33m 5009[2mms[22m[39m
[31m   ΓåÆ Test timed out in 5000ms.
If this is a long-running test, pass a timeout value as the last argument or configure it globally with "testTimeout".[39m
 [32mΓ£ô[39m v3/@claude-flow/hooks/__tests__/workers.test.ts[2m > [22mWorkerManager[2m > [22mworker execution[2m > [22mshould run a registered worker
 [32mΓ£ô[39m v3/plugins/legal-contracts/tests/types.test.ts[2m > [22mLegal Contracts Types[2m > [22mClauseType Enum[2m > [22mshould validate all clause types
 [32mΓ£ô[39m v3/plugins/legal-contracts/tests/types.test.ts[2m > [22mLegal Contracts Types[2m > [22mClauseType Enum[2m > [22mshould reject invalid clause types
 [32mΓ£ô[39m v3/plugins/legal-contracts/tests/types.test.ts[2m > [22mLegal Contracts Types[2m > [22mPartyRole Enum[2m > [22mshould validate all party roles
 [32mΓ£ô[39m v3/plugins/legal-contracts/tests/types.test.ts[2m > [22mLegal Contracts Types[2m > [22mPartyRole Enum[2m > [22mshould reject invalid party roles
 [32mΓ£ô[39m v3/plugins/legal-contracts/tests/types.test.ts[2m > [22mLegal Contracts Types[2m > [22mRiskCategory Enum[2m > [22mshould validate all risk categories
 [32mΓ£ô[39m v3/plugins/legal-contracts/tests/types.test.ts[2m > [22mLegal Contracts Types[2m > [22mRiskSeverity Enum[2m > [22mshould validate all risk severities
 [32mΓ£ô[39m v3/plugins/legal-contracts/tests/types.test.ts[2m > [22mLegal Contracts Types[2m > [22mComparisonMode Enum[2m > [22mshould validate all comparison modes
 [32mΓ£ô[39m v3/plugins/legal-contracts/tests/types.test.ts[2m > [22mLegal Contracts Types[2m > [22mObligationType Enum[2m > [22mshould validate all obligation types
 [32mΓ£ô[39m v3/plugins/legal-contracts/tests/types.test.ts[2m > [22mLegal Contracts Types[2m > [22mPlaybookStrictness Enum[2m > [22mshould validate all strictness levels
 [32mΓ£ô[39m v3/plugins/legal-contracts/tests/types.test.ts[2m > [22mLegal Contracts Types[2m > [22mUserRole Enum[2m > [22mshould validate all user roles
 [32mΓ£ô[39m v3/plugins/legal-contracts/tests/types.test.ts[2m > [22mLegal Contracts Types[2m > [22mClauseExtractInputSchema[2m > [22mshould validate valid clause extract input
 [32mΓ£ô[39m v3/plugins/legal-contracts/tests/types.test.ts[2m > [22mLegal Contracts Types[2m > [22mClauseExtractInputSchema[2m > [22mshould use defaults when not provided
 [32mΓ£ô[39m v3/plugins/legal-contracts/tests/types.test.ts[2m > [22mLegal Contracts Types[2m > [22mClauseExtractInputSchema[2m > [22mshould reject document exceeding size limit
 [32mΓ£ô[39m v3/plugins/legal-contracts/tests/types.test.ts[2m > [22mLegal Contracts Types[2m > [22mClauseExtractInputSchema[2m > [22mshould validate with matter context
 [32mΓ£ô[39m v3/plugins/legal-contracts/tests/types.test.ts[2m > [22mLegal Contracts Types[2m > [22mRiskAssessInputSchema[2m > [22mshould validate valid risk assessment input
 [32mΓ£ô[39m v3/plugins/legal-contracts/tests/types.test.ts[2m > [22mLegal Contracts Types[2m > [22mRiskAssessInputSchema[2m > [22mshould require partyRole
 [32mΓ£ô[39m v3/plugins/legal-contracts/tests/types.test.ts[2m > [22mLegal Contracts Types[2m > [22mRiskAssessInputSchema[2m > [22mshould validate with industry context
 [32mΓ£ô[39m v3/plugins/legal-contracts/tests/types.test.ts[2m > [22mLegal Contracts Types[2m > [22mRiskAssessInputSchema[2m > [22mshould reject invalid party role
 [32mΓ£ô[39m v3/plugins/legal-contracts/tests/types.test.ts[2m > [22mLegal Contracts Types[2m > [22mContractCompareInputSchema[2m > [22mshould validate valid contract compare input
 [32mΓ£ô[39m v3/plugins/legal-contracts/tests/types.test.ts[2m > [22mLegal Contracts Types[2m > [22mContractCompareInputSchema[2m > [22mshould use default comparison mode
 [32mΓ£ô[39m v3/plugins/legal-contracts/tests/types.test.ts[2m > [22mLegal Contracts Types[2m > [22mContractCompareInputSchema[2m > [22mshould validate with focus clause types
 [32mΓ£ô[39m v3/plugins/legal-contracts/tests/types.test.ts[2m > [22mLegal Contracts Types[2m > [22mContractCompareInputSchema[2m > [22mshould reject documents exceeding size limit
 [32mΓ£ô[39m v3/plugins/legal-contracts/tests/types.test.ts[2m > [22mLegal Contracts Types[2m > [22mObligationTrackInputSchema[2m > [22mshould validate valid obligation tracking input
 [32mΓ£ô[39m v3/plugins/legal-contracts/tests/types.test.ts[2m > [22mLegal Contracts Types[2m > [22mObligationTrackInputSchema[2m > [22mshould validate with minimal input
 [32mΓ£ô[39m v3/plugins/legal-contracts/tests/types.test.ts[2m > [22mLegal Contracts Types[2m > [22mObligationTrackInputSchema[2m > [22mshould validate with timeframe
 [32mΓ£ô[39m v3/plugins/legal-contracts/tests/types.test.ts[2m > [22mLegal Contracts Types[2m > [22mObligationTrackInputSchema[2m > [22mshould validate all obligation types
 [32mΓ£ô[39m v3/plugins/legal-contracts/tests/types.test.ts[2m > [22mLegal Contracts Types[2m > [22mPlaybookMatchInputSchema[2m > [22mshould validate valid playbook match input
 [32mΓ£ô[39m v3/plugins/legal-contracts/tests/types.test.ts[2m > [22mLegal Contracts Types[2m > [22mPlaybookMatchInputSchema[2m > [22mshould use default strictness
 [32mΓ£ô[39m v3/plugins/legal-contracts/tests/types.test.ts[2m > [22mLegal Contracts Types[2m > [22mPlaybookMatchInputSchema[2m > [22mshould validate with priority clauses
 [32mΓ£ô[39m v3/plugins/legal-contracts/tests/types.test.ts[2m > [22mLegal Contracts Types[2m > [22mPlaybookMatchInputSchema[2m > [22mshould reject playbook exceeding size limit
 [32mΓ£ô[39m v3/plugins/legal-contracts/tests/types.test.ts[2m > [22mLegal Contracts Types[2m > [22mPlaybookMatchInputSchema[2m > [22mshould validate all strictness levels
 [32mΓ£ô[39m v3/plugins/legal-contracts/tests/types.test.ts[2m > [22mLegal Contracts Types[2m > [22mDefault Configuration[2m > [22mshould have valid default configuration
 [32mΓ£ô[39m v3/plugins/legal-contracts/tests/types.test.ts[2m > [22mLegal Contracts Types[2m > [22mDefault Configuration[2m > [22mshould have valid risk configuration
 [32mΓ£ô[39m v3/plugins/legal-contracts/tests/types.test.ts[2m > [22mLegal Contracts Types[2m > [22mDefault Configuration[2m > [22mshould have valid comparison configuration
 [32mΓ£ô[39m v3/plugins/legal-contracts/tests/types.test.ts[2m > [22mLegal Contracts Types[2m > [22mDefault Configuration[2m > [22mshould have valid security configuration
 [32mΓ£ô[39m v3/plugins/legal-contracts/tests/types.test.ts[2m > [22mLegal Contracts Types[2m > [22mError Codes[2m > [22mshould have all expected error codes
 [32mΓ£ô[39m v3/plugins/legal-contracts/tests/types.test.ts[2m > [22mLegal Contracts Types[2m > [22mLegalContractsError[2m > [22mshould create error with code and message
 [32mΓ£ô[39m v3/plugins/legal-contracts/tests/types.test.ts[2m > [22mLegal Contracts Types[2m > [22mLegalContractsError[2m > [22mshould create error with details
 [32mΓ£ô[39m v3/plugins/legal-contracts/tests/types.test.ts[2m > [22mLegal Contracts Types[2m > [22mLegalContractsError[2m > [22mshould be instance of Error
 [32mΓ£ô[39m v3/plugins/legal-contracts/tests/types.test.ts[2m > [22mLegal Contracts Types[2m > [22mRole Permissions[2m > [22mshould define full permissions for partner
 [32mΓ£ô[39m v3/plugins/legal-contracts/tests/types.test.ts[2m > [22mLegal Contracts Types[2m > [22mRole Permissions[2m > [22mshould define limited permissions for associate
 [32mΓ£ô[39m v3/plugins/legal-contracts/tests/types.test.ts[2m > [22mLegal Contracts Types[2m > [22mRole Permissions[2m > [22mshould define minimal permissions for paralegal
 [32mΓ£ô[39m v3/plugins/legal-contracts/tests/types.test.ts[2m > [22mLegal Contracts Types[2m > [22mRole Permissions[2m > [22mshould define permissions for contract_manager
 [32mΓ£ô[39m v3/plugins/legal-contracts/tests/types.test.ts[2m > [22mLegal Contracts Types[2m > [22mRole Permissions[2m > [22mshould have no permissions for client
 [32mΓ£ô[39m v3/@claude-flow/hooks/__tests__/workers.test.ts[2m > [22mWorkerManager[2m > [22mworker execution[2m > [22mshould handle worker timeout
 [32mΓ£ô[39m v3/@claude-flow/hooks/__tests__/workers.test.ts[2m > [22mWorkerManager[2m > [22mworker execution[2m > [22mshould handle worker timeout[33m 381[2mms[22m[39m
 [32mΓ£ô[39m v3/@claude-flow/hooks/__tests__/workers.test.ts[2m > [22mWorkerManager[2m > [22mworker execution[2m > [22mshould handle worker errors gracefully
 [32mΓ£ô[39m v3/@claude-flow/hooks/__tests__/workers.test.ts[2m > [22mWorkerManager[2m > [22mworker execution[2m > [22mshould handle worker errors gracefully
 [32mΓ£ô[39m v3/@claude-flow/hooks/__tests__/workers.test.ts[2m > [22mWorkerManager[2m > [22mworker execution[2m > [22mshould return error for unknown worker
 [32mΓ£ô[39m v3/@claude-flow/hooks/__tests__/workers.test.ts[2m > [22mWorkerManager[2m > [22mworker execution[2m > [22mshould return error for unknown worker
 [32mΓ£ô[39m v3/@claude-flow/testing/src/v2-compat/cli-compat.test.ts[2m > [22mV2 CLI Compatibility[2m > [22mCore Commands[2m > [22mshould support V2 command: 'init'
 [32mΓ£ô[39m v3/@claude-flow/testing/src/v2-compat/cli-compat.test.ts[2m > [22mV2 CLI Compatibility[2m > [22mCore Commands[2m > [22mshould support V2 command: 'start'
 [32mΓ£ô[39m v3/@claude-flow/testing/src/v2-compat/cli-compat.test.ts[2m > [22mV2 CLI Compatibility[2m > [22mCore Commands[2m > [22mshould support V2 command: 'stop'
 [32mΓ£ô[39m v3/@claude-flow/testing/src/v2-compat/cli-compat.test.ts[2m > [22mV2 CLI Compatibility[2m > [22mCore Commands[2m > [22mshould support V2 command: 'status'
 [32mΓ£ô[39m v3/@claude-flow/testing/src/v2-compat/cli-compat.test.ts[2m > [22mV2 CLI Compatibility[2m > [22mCore Commands[2m > [22mshould support V2 command: 'config'
 [32mΓ£ô[39m v3/@claude-flow/testing/src/v2-compat/cli-compat.test.ts[2m > [22mV2 CLI Compatibility[2m > [22mCore Commands[2m > [22mshould support init command with --force flag
 [32mΓ£ô[39m v3/@claude-flow/testing/src/v2-compat/cli-compat.test.ts[2m > [22mV2 CLI Compatibility[2m > [22mCore Commands[2m > [22mshould support init command with --template flag
 [32mΓ£ô[39m v3/@claude-flow/testing/src/v2-compat/cli-compat.test.ts[2m > [22mV2 CLI Compatibility[2m > [22mCore Commands[2m > [22mshould support status command with --json flag
 [32mΓ£ô[39m v3/@claude-flow/testing/src/v2-compat/cli-compat.test.ts[2m > [22mV2 CLI Compatibility[2m > [22mCore Commands[2m > [22mshould support config command with --list flag
 [32mΓ£ô[39m v3/@claude-flow/testing/src/v2-compat/cli-compat.test.ts[2m > [22mV2 CLI Compatibility[2m > [22mAgent Commands[2m > [22mshould support V2 command: 'agent spawn'
 [32mΓ£ô[39m v3/@claude-flow/testing/src/v2-compat/cli-compat.test.ts[2m > [22mV2 CLI Compatibility[2m > [22mAgent Commands[2m > [22mshould support V2 command: 'agent list'
 [32mΓ£ô[39m v3/@claude-flow/testing/src/v2-compat/cli-compat.test.ts[2m > [22mV2 CLI Compatibility[2m > [22mAgent Commands[2m > [22mshould support V2 command: 'agent terminate'
 [32mΓ£ô[39m v3/@claude-flow/testing/src/v2-compat/cli-compat.test.ts[2m > [22mV2 CLI Compatibility[2m > [22mAgent Commands[2m > [22mshould support V2 command: 'agent info'
 [32mΓ£ô[39m v3/@claude-flow/testing/src/v2-compat/cli-compat.test.ts[2m > [22mV2 CLI Compatibility[2m > [22mAgent Commands[2m > [22mshould support agent spawn with --type flag
 [32mΓ£ô[39m v3/@claude-flow/testing/src/v2-compat/cli-compat.test.ts[2m > [22mV2 CLI Compatibility[2m > [22mAgent Commands[2m > [22mshould support agent spawn with --id flag
 [32mΓ£ô[39m v3/@claude-flow/testing/src/v2-compat/cli-compat.test.ts[2m > [22mV2 CLI Compatibility[2m > [22mAgent Commands[2m > [22mshould support agent list with --status filter
 [32mΓ£ô[39m v3/@claude-flow/testing/src/v2-compat/cli-compat.test.ts[2m > [22mV2 CLI Compatibility[2m > [22mAgent Commands[2m > [22mshould support agent terminate with --force flag
 [32mΓ£ô[39m v3/@claude-flow/testing/src/v2-compat/cli-compat.test.ts[2m > [22mV2 CLI Compatibility[2m > [22mAgent Commands[2m > [22mshould translate agent info to agent status
 [32mΓ£ô[39m v3/@claude-flow/testing/src/v2-compat/cli-compat.test.ts[2m > [22mV2 CLI Compatibility[2m > [22mAgent Commands[2m > [22mshould support alias "a spawn" for "agent spawn"
 [32mΓ£ô[39m v3/@claude-flow/testing/src/v2-compat/cli-compat.test.ts[2m > [22mV2 CLI Compatibility[2m > [22mSwarm Commands[2m > [22mshould support V2 command: 'swarm init'
 [32mΓ£ô[39m v3/@claude-flow/testing/src/v2-compat/cli-compat.test.ts[2m > [22mV2 CLI Compatibility[2m > [22mSwarm Commands[2m > [22mshould support V2 command: 'swarm status'
 [32mΓ£ô[39m v3/@claude-flow/testing/src/v2-compat/cli-compat.test.ts[2m > [22mV2 CLI Compatibility[2m > [22mSwarm Commands[2m > [22mshould support V2 command: 'swarm scale'
 [32mΓ£ô[39m v3/@claude-flow/testing/src/v2-compat/cli-compat.test.ts[2m > [22mV2 CLI Compatibility[2m > [22mSwarm Commands[2m > [22mshould support swarm init with --topology flag
 [32mΓ£ô[39m v3/@claude-flow/testing/src/v2-compat/cli-compat.test.ts[2m > [22mV2 CLI Compatibility[2m > [22mSwarm Commands[2m > [22mshould support swarm init with --max-agents flag
 [32mΓ£ô[39m v3/@claude-flow/testing/src/v2-compat/cli-compat.test.ts[2m > [22mV2 CLI Compatibility[2m > [22mSwarm Commands[2m > [22mshould support swarm status with --detailed flag
 [32mΓ£ô[39m v3/@claude-flow/testing/src/v2-compat/cli-compat.test.ts[2m > [22mV2 CLI Compatibility[2m > [22mSwarm Commands[2m > [22mshould support swarm scale with --up flag
 [32mΓ£ô[39m v3/@claude-flow/testing/src/v2-compat/cli-compat.test.ts[2m > [22mV2 CLI Compatibility[2m > [22mMemory Commands[2m > [22mshould support V2 command: 'memory list'
 [32mΓ£ô[39m v3/@claude-flow/testing/src/v2-compat/cli-compat.test.ts[2m > [22mV2 CLI Compatibility[2m > [22mMemory Commands[2m > [22mshould support V2 command: 'memory query'
 [32mΓ£ô[39m v3/@claude-flow/testing/src/v2-compat/cli-compat.test.ts[2m > [22mV2 CLI Compatibility[2m > [22mMemory Commands[2m > [22mshould support V2 command: 'memory clear'
 [32mΓ£ô[39m v3/@claude-flow/testing/src/v2-compat/cli-compat.test.ts[2m > [22mV2 CLI Compatibility[2m > [22mMemory Commands[2m > [22mshould support memory list with --type filter
 [32mΓ£ô[39m v3/@claude-flow/testing/src/v2-compat/cli-compat.test.ts[2m > [22mV2 CLI Compatibility[2m > [22mMemory Commands[2m > [22mshould translate memory query to memory search
 [32mΓ£ô[39m v3/@claude-flow/testing/src/v2-compat/cli-compat.test.ts[2m > [22mV2 CLI Compatibility[2m > [22mMemory Commands[2m > [22mshould support memory clear with --force flag
 [32mΓ£ô[39m v3/@claude-flow/testing/src/v2-compat/cli-compat.test.ts[2m > [22mV2 CLI Compatibility[2m > [22mHooks Commands[2m > [22mshould support V2 command: 'hooks pre-edit'
 [32mΓ£ô[39m v3/@claude-flow/testing/src/v2-compat/cli-compat.test.ts[2m > [22mV2 CLI Compatibility[2m > [22mHooks Commands[2m > [22mshould support V2 command: 'hooks post-edit'
 [32mΓ£ô[39m v3/@claude-flow/testing/src/v2-compat/cli-compat.test.ts[2m > [22mV2 CLI Compatibility[2m > [22mHooks Commands[2m > [22mshould support V2 command: 'hooks pre-command'
 [32mΓ£ô[39m v3/@claude-flow/testing/src/v2-compat/cli-compat.test.ts[2m > [22mV2 CLI Compatibility[2m > [22mHooks Commands[2m > [22mshould support V2 command: 'hooks post-command'
 [32mΓ£ô[39m v3/@claude-flow/testing/src/v2-compat/cli-compat.test.ts[2m > [22mV2 CLI Compatibility[2m > [22mHooks Commands[2m > [22mshould support V2 command: 'hooks route'
 [32mΓ£ô[39m v3/@claude-flow/testing/src/v2-compat/cli-compat.test.ts[2m > [22mV2 CLI Compatibility[2m > [22mHooks Commands[2m > [22mshould support V2 command: 'hooks pretrain'
 [32mΓ£ô[39m v3/@claude-flow/testing/src/v2-compat/cli-compat.test.ts[2m > [22mV2 CLI Compatibility[2m > [22mHooks Commands[2m > [22mshould support V2 command: 'hooks metrics'
 [32mΓ£ô[39m v3/@claude-flow/testing/src/v2-compat/cli-compat.test.ts[2m > [22mV2 CLI Compatibility[2m > [22mHooks Commands[2m > [22mshould support hooks pre-edit with file path
 [32mΓ£ô[39m v3/@claude-flow/testing/src/v2-compat/cli-compat.test.ts[2m > [22mV2 CLI Compatibility[2m > [22mHooks Commands[2m > [22mshould support hooks post-edit with success flag
 [32mΓ£ô[39m v3/@claude-flow/testing/src/v2-compat/cli-compat.test.ts[2m > [22mV2 CLI Compatibility[2m > [22mHooks Commands[2m > [22mshould support hooks route with task description
 [32mΓ£ô[39m v3/@claude-flow/testing/src/v2-compat/cli-compat.test.ts[2m > [22mV2 CLI Compatibility[2m > [22mHooks Commands[2m > [22mshould support hooks metrics with --dashboard flag
 [32mΓ£ô[39m v3/@claude-flow/testing/src/v2-compat/cli-compat.test.ts[2m > [22mV2 CLI Compatibility[2m > [22mDeprecated Commands[2m > [22mshould support deprecated command: 'hive-mind init' (with warning)
 [32mΓ£ô[39m v3/@claude-flow/testing/src/v2-compat/cli-compat.test.ts[2m > [22mV2 CLI Compatibility[2m > [22mDeprecated Commands[2m > [22mshould support deprecated command: 'neural init' (with warning)
 [32mΓ£ô[39m v3/@claude-flow/testing/src/v2-compat/cli-compat.test.ts[2m > [22mV2 CLI Compatibility[2m > [22mDeprecated Commands[2m > [22mshould support deprecated command: 'goal init' (with warning)
 [32mΓ£ô[39m v3/@claude-flow/testing/src/v2-compat/cli-compat.test.ts[2m > [22mV2 CLI Compatibility[2m > [22mDeprecated Commands[2m > [22mshould translate hive-mind init to swarm init
 [32mΓ£ô[39m v3/@claude-flow/testing/src/v2-compat/cli-compat.test.ts[2m > [22mV2 CLI Compatibility[2m > [22mDeprecated Commands[2m > [22mshould translate neural init to hooks pretrain
 [32mΓ£ô[39m v3/@claude-flow/testing/src/v2-compat/cli-compat.test.ts[2m > [22mV2 CLI Compatibility[2m > [22mDeprecated Commands[2m > [22mshould translate goal init to hooks pretrain
 [32mΓ£ô[39m v3/@claude-flow/testing/src/v2-compat/cli-compat.test.ts[2m > [22mV2 CLI Compatibility[2m > [22mOutput Format Compatibility[2m > [22mshould return JSON output for status command
 [32mΓ£ô[39m v3/@claude-flow/testing/src/v2-compat/cli-compat.test.ts[2m > [22mV2 CLI Compatibility[2m > [22mOutput Format Compatibility[2m > [22mshould return agent list as array
 [32mΓ£ô[39m v3/@claude-flow/testing/src/v2-compat/cli-compat.test.ts[2m > [22mV2 CLI Compatibility[2m > [22mOutput Format Compatibility[2m > [22mshould return swarm status as object
 [32mΓ£ô[39m v3/@claude-flow/testing/src/v2-compat/cli-compat.test.ts[2m > [22mV2 CLI Compatibility[2m > [22mOutput Format Compatibility[2m > [22mshould return memory list as array
 [32mΓ£ô[39m v3/@claude-flow/testing/src/v2-compat/cli-compat.test.ts[2m > [22mV2 CLI Compatibility[2m > [22mOutput Format Compatibility[2m > [22mshould return hooks metrics as object
 [32mΓ£ô[39m v3/@claude-flow/testing/src/v2-compat/cli-compat.test.ts[2m > [22mV2 CLI Compatibility[2m > [22mError Handling[2m > [22mshould return error for unknown command
 [32mΓ£ô[39m v3/@claude-flow/testing/src/v2-compat/cli-compat.test.ts[2m > [22mV2 CLI Compatibility[2m > [22mError Handling[2m > [22mshould handle missing required arguments gracefully
 [32mΓ£ô[39m v3/@claude-flow/testing/src/v2-compat/cli-compat.test.ts[2m > [22mV2 CLI Compatibility[2m > [22mFull CLI Validation[2m > [22mshould pass full CLI validation
 [32mΓ£ô[39m v3/@claude-flow/testing/src/v2-compat/cli-compat.test.ts[2m > [22mV2 CLI Compatibility[2m > [22mFull CLI Validation[2m > [22mshould detect all 25 V2 CLI commands
 [32mΓ£ô[39m v3/@claude-flow/testing/src/v2-compat/cli-compat.test.ts[2m > [22mV2 CLI Compatibility[2m > [22mFull CLI Validation[2m > [22mshould identify deprecated commands
 [32mΓ£ô[39m v3/@claude-flow/testing/src/v2-compat/cli-compat.test.ts[2m > [22mV2 CLI Compatibility[2m > [22mFull CLI Validation[2m > [22mshould verify flag compatibility
 [32mΓ£ô[39m v3/@claude-flow/testing/src/v2-compat/cli-compat.test.ts[2m > [22mV2 CLI Compatibility[2m > [22mFull CLI Validation[2m > [22mshould report breaking changes for unsupported commands
 [32mΓ£ô[39m v3/@claude-flow/testing/src/v2-compat/cli-compat.test.ts[2m > [22mV2 CLI Compatibility[2m > [22mFull CLI Validation[2m > [22mshould provide migration paths
 [32mΓ£ô[39m v3/@claude-flow/testing/src/v2-compat/cli-compat.test.ts[2m > [22mV2 CLI Compatibility[2m > [22mAlias Compatibility[2m > [22mshould check all command aliases
 [32mΓ£ô[39m v3/@claude-flow/testing/src/v2-compat/cli-compat.test.ts[2m > [22mV2 CLI Compatibility[2m > [22mAlias Compatibility[2m > [22mshould verify common aliases work
 [32mΓ£ô[39m v3/@claude-flow/testing/src/v2-compat/cli-compat.test.ts[2m > [22mCLI Command Coverage[2m > [22mshould test all 25 V2 CLI commands
 [32mΓ£ô[39m v3/@claude-flow/testing/src/v2-compat/cli-compat.test.ts[2m > [22mCLI Command Coverage[2m > [22mshould have V3 equivalents for all non-deprecated commands
 [32mΓ£ô[39m v3/@claude-flow/testing/src/v2-compat/cli-compat.test.ts[2m > [22mCLI Command Coverage[2m > [22mshould categorize commands correctly
 [32mΓ£ô[39m v3/@claude-flow/hooks/__tests__/workers.test.ts[2m > [22mWorkerManager[2m > [22mrunAll[2m > [22mshould run all registered workers
 [32mΓ£ô[39m v3/@claude-flow/hooks/__tests__/workers.test.ts[2m > [22mWorkerManager[2m > [22mrunAll[2m > [22mshould run all registered workers
 [32mΓ£ô[39m v3/@claude-flow/hooks/__tests__/workers.test.ts[2m > [22mWorkerManager[2m > [22mrunAll[2m > [22mshould respect concurrency limit
 [32mΓ£ô[39m v3/@claude-flow/hooks/__tests__/workers.test.ts[2m > [22mWorkerManager[2m > [22mrunAll[2m > [22mshould respect concurrency limit[33m 385[2mms[22m[39m
 [32mΓ£ô[39m v3/@claude-flow/cli/__tests__/ruvector/ruvllm-wasm.test.ts[2m > [22mruvllm-wasm integration[2m > [22misRuvllmWasmAvailable[2m > [22mshould return true when module is available
 [32mΓ£ô[39m v3/@claude-flow/hooks/__tests__/workers.test.ts[2m > [22mAlert System[2m > [22mshould generate alerts when thresholds exceeded
 [32mΓ£ô[39m v3/@claude-flow/cli/__tests__/ruvector/ruvllm-wasm.test.ts[2m > [22mruvllm-wasm integration[2m > [22mgetRuvllmStatus[2m > [22mshould return status with version
 [32mΓ£ô[39m v3/@claude-flow/cli/__tests__/ruvector/ruvllm-wasm.test.ts[2m > [22mruvllm-wasm integration[2m > [22mcreateHnswRouter[2m > [22mshould create router with dimensions and maxPatterns
 [32mΓ£ô[39m v3/@claude-flow/hooks/__tests__/workers.test.ts[2m > [22mAlert System[2m > [22mshould generate alerts when thresholds exceeded
 [32mΓ£ô[39m v3/@claude-flow/cli/__tests__/ruvector/ruvllm-wasm.test.ts[2m > [22mruvllm-wasm integration[2m > [22mcreateHnswRouter[2m > [22mshould add patterns successfully
 [32mΓ£ô[39m v3/@claude-flow/cli/__tests__/ruvector/ruvllm-wasm.test.ts[2m > [22mruvllm-wasm integration[2m > [22mcreateHnswRouter[2m > [22mshould enforce HNSW_MAX_SAFE_PATTERNS limit
 [32mΓ£ô[39m v3/@claude-flow/cli/__tests__/ruvector/ruvllm-wasm.test.ts[2m > [22mruvllm-wasm integration[2m > [22mcreateHnswRouter[2m > [22mshould route queries
 [32mΓ£ô[39m v3/@claude-flow/cli/__tests__/ruvector/ruvllm-wasm.test.ts[2m > [22mruvllm-wasm integration[2m > [22mcreateHnswRouter[2m > [22mshould clear patterns
 [32mΓ£ô[39m v3/@claude-flow/cli/__tests__/ruvector/ruvllm-wasm.test.ts[2m > [22mruvllm-wasm integration[2m > [22mcreateSonaInstant[2m > [22mshould create with default config
 [32mΓ£ô[39m v3/@claude-flow/hooks/__tests__/workers.test.ts[2m > [22mAlert System[2m > [22mshould generate critical alerts for critical threshold
 [32mΓ£ô[39m v3/@claude-flow/cli/__tests__/ruvector/ruvllm-wasm.test.ts[2m > [22mruvllm-wasm integration[2m > [22mcreateSonaInstant[2m > [22mshould adapt with quality signal
 [32mΓ£ô[39m v3/@claude-flow/cli/__tests__/ruvector/ruvllm-wasm.test.ts[2m > [22mruvllm-wasm integration[2m > [22mcreateSonaInstant[2m > [22mshould record patterns
 [32mΓ£ô[39m v3/@claude-flow/hooks/__tests__/workers.test.ts[2m > [22mAlert System[2m > [22mshould generate critical alerts for critical threshold
 [32mΓ£ô[39m v3/@claude-flow/cli/__tests__/ruvector/ruvllm-wasm.test.ts[2m > [22mruvllm-wasm integration[2m > [22mcreateSonaInstant[2m > [22mshould suggest actions
 [32mΓ£ô[39m v3/@claude-flow/cli/__tests__/ruvector/ruvllm-wasm.test.ts[2m > [22mruvllm-wasm integration[2m > [22mcreateSonaInstant[2m > [22mshould return stats as JSON
 [32mΓ£ô[39m v3/@claude-flow/cli/__tests__/ruvector/ruvllm-wasm.test.ts[2m > [22mruvllm-wasm integration[2m > [22mcreateMicroLora[2m > [22mshould create with config
 [32mΓ£ô[39m v3/@claude-flow/cli/__tests__/ruvector/ruvllm-wasm.test.ts[2m > [22mruvllm-wasm integration[2m > [22mcreateMicroLora[2m > [22mshould apply transform
 [32mΓ£ô[39m v3/@claude-flow/hooks/__tests__/workers.test.ts[2m > [22mAlert System[2m > [22mshould handle nested metric paths
 [32mΓ£ô[39m v3/@claude-flow/swarm/__tests__/consensus.test.ts[2m > [22mRaft Consensus[2m > [22mInitialization[2m > [22mshould initialize as follower
 [32mΓ£ô[39m v3/@claude-flow/swarm/__tests__/consensus.test.ts[2m > [22mRaft Consensus[2m > [22mInitialization[2m > [22mshould not be leader initially
 [32mΓ£ô[39m v3/@claude-flow/cli/__tests__/ruvector/graph-analyzer.test.ts[2m > [22mGraph Analyzer[2m > [22mloadRuVector[2m > [22mshould return null when ruvector is not installed
 [32mΓ£ô[39m v3/@claude-flow/cli/__tests__/ruvector/ruvllm-wasm.test.ts[2m > [22mruvllm-wasm integration[2m > [22mcreateMicroLora[2m > [22mshould adapt with feedback
 [32mΓ£ô[39m v3/@claude-flow/cli/__tests__/ruvector/ruvllm-wasm.test.ts[2m > [22mruvllm-wasm integration[2m > [22mcreateMicroLora[2m > [22mshould report pending updates
 [32mΓ£ô[39m v3/@claude-flow/cli/__tests__/ruvector/ruvllm-wasm.test.ts[2m > [22mruvllm-wasm integration[2m > [22mformatChat[2m > [22mshould format with preset template
 [32mΓ£ô[39m v3/plugins/agentic-qe/__tests__/live-repo.test.ts[2m > [22mLive Repo: security-scan[2m > [22mshould scan github-tools.ts and return findings with expected structure
 [32mΓ£ô[39m v3/plugins/agentic-qe/__tests__/live-repo.test.ts[2m > [22mLive Repo: security-scan[2m > [22mshould filter by severity when set to critical
 [32mΓ£ô[39m v3/plugins/agentic-qe/__tests__/live-repo.test.ts[2m > [22mLive Repo: analyze-coverage[2m > [22mshould analyze the mcp-tools directory and return coverage data
 [32mΓ£ô[39m v3/plugins/agentic-qe/__tests__/live-repo.test.ts[2m > [22mLive Repo: analyze-coverage[2m > [22mshould also work with full-scan algorithm
 [32mΓ£ô[39m v3/plugins/agentic-qe/__tests__/live-repo.test.ts[2m > [22mLive Repo: generate-tests[2m > [22mshould generate tests for request-tracker.ts
 [32mΓ£ô[39m v3/plugins/agentic-qe/__tests__/live-repo.test.ts[2m > [22mLive Repo: generate-tests[2m > [22mshould auto-detect language as typescript for .ts files
 [32mΓ£ô[39m v3/plugins/agentic-qe/__tests__/live-repo.test.ts[2m > [22mLive Repo: chaos-inject[2m > [22mshould perform a dryRun latency injection without side effects
 [32mΓ£ô[39m v3/plugins/agentic-qe/__tests__/live-repo.test.ts[2m > [22mLive Repo: chaos-inject[2m > [22mshould handle cpu-stress failure type in dryRun mode
 [32mΓ£ô[39m v3/@claude-flow/cli/__tests__/ruvector/graph-analyzer.test.ts[2m > [22mGraph Analyzer[2m > [22mloadRuVector[2m > [22mshould return null when ruvector is not installed[33m 526[2mms[22m[39m
 [32mΓ£ô[39m v3/plugins/agentic-qe/__tests__/tools/generate-tests.test.ts[2m > [22mGenerateTestsTool[2m > [22minput validation[2m > [22mshould require targetPath
 [32mΓ£ô[39m v3/plugins/agentic-qe/__tests__/tools/generate-tests.test.ts[2m > [22mGenerateTestsTool[2m > [22minput validation[2m > [22mshould validate file extension
 [32mΓ£ô[39m v3/plugins/agentic-qe/__tests__/tools/generate-tests.test.ts[2m > [22mGenerateTestsTool[2m > [22minput validation[2m > [22mshould accept valid TypeScript files
 [32mΓ£ô[39m v3/plugins/agentic-qe/__tests__/tools/generate-tests.test.ts[2m > [22mGenerateTestsTool[2m > [22minput validation[2m > [22mshould accept valid JavaScript files
 [32mΓ£ô[39m v3/plugins/agentic-qe/__tests__/tools/generate-tests.test.ts[2m > [22mGenerateTestsTool[2m > [22minput validation[2m > [22mshould accept valid React files
 [32mΓ£ô[39m v3/plugins/agentic-qe/__tests__/tools/generate-tests.test.ts[2m > [22mGenerateTestsTool[2m > [22minput validation[2m > [22mshould accept valid Python files
 [32mΓ£ô[39m v3/plugins/agentic-qe/__tests__/tools/generate-tests.test.ts[2m > [22mGenerateTestsTool[2m > [22minput validation[2m > [22mshould validate coverage target range
 [32mΓ£ô[39m v3/plugins/agentic-qe/__tests__/tools/generate-tests.test.ts[2m > [22mGenerateTestsTool[2m > [22minput validation[2m > [22mshould validate maxTestsPerFunction
 [32mΓ£ô[39m v3/plugins/agentic-qe/__tests__/tools/generate-tests.test.ts[2m > [22mGenerateTestsTool[2m > [22mtest generation[2m > [22mshould generate tests for valid input
 [32mΓ£ô[39m v3/plugins/agentic-qe/__tests__/tools/generate-tests.test.ts[2m > [22mGenerateTestsTool[2m > [22mtest generation[2m > [22mshould use default framework (vitest)
 [32mΓ£ô[39m v3/plugins/agentic-qe/__tests__/tools/generate-tests.test.ts[2m > [22mGenerateTestsTool[2m > [22mtest generation[2m > [22mshould respect specified framework
 [32mΓ£ô[39m v3/plugins/agentic-qe/__tests__/tools/generate-tests.test.ts[2m > [22mGenerateTestsTool[2m > [22mtest generation[2m > [22mshould generate unit tests by default
 [32mΓ£ô[39m v3/plugins/agentic-qe/__tests__/tools/generate-tests.test.ts[2m > [22mGenerateTestsTool[2m > [22mtest generation[2m > [22mshould generate specified test type
 [32mΓ£ô[39m v3/plugins/agentic-qe/__tests__/tools/generate-tests.test.ts[2m > [22mGenerateTestsTool[2m > [22mtest generation[2m > [22mshould include edge case tests when requested
 [32mΓ£ô[39m v3/plugins/agentic-qe/__tests__/tools/generate-tests.test.ts[2m > [22mGenerateTestsTool[2m > [22mtest generation[2m > [22mshould respect maxTestsPerFunction
 [32mΓ£ô[39m v3/plugins/agentic-qe/__tests__/tools/generate-tests.test.ts[2m > [22mGenerateTestsTool[2m > [22msummary generation[2m > [22mshould include test count in summary
 [32mΓ£ô[39m v3/plugins/agentic-qe/__tests__/tools/generate-tests.test.ts[2m > [22mGenerateTestsTool[2m > [22msummary generation[2m > [22mshould include target coverage
 [32mΓ£ô[39m v3/plugins/agentic-qe/__tests__/tools/generate-tests.test.ts[2m > [22mGenerateTestsTool[2m > [22msummary generation[2m > [22mshould use default coverage target of 80
 [32mΓ£ô[39m v3/plugins/agentic-qe/__tests__/tools/generate-tests.test.ts[2m > [22mGenerateTestsTool[2m > [22msummary generation[2m > [22mshould estimate coverage based on test count
 [32mΓ£ô[39m v3/plugins/agentic-qe/__tests__/tools/generate-tests.test.ts[2m > [22mGenerateTestsTool[2m > [22msummary generation[2m > [22mshould categorize tests by type
 [32mΓ£ô[39m v3/plugins/agentic-qe/__tests__/tools/generate-tests.test.ts[2m > [22mGenerateTestsTool[2m > [22mgenerated test quality[2m > [22mshould generate tests with descriptive names
 [32mΓ£ô[39m v3/plugins/agentic-qe/__tests__/tools/generate-tests.test.ts[2m > [22mGenerateTestsTool[2m > [22mgenerated test quality[2m > [22mshould generate tests with descriptions
 [32mΓ£ô[39m v3/plugins/agentic-qe/__tests__/tools/generate-tests.test.ts[2m > [22mGenerateTestsTool[2m > [22mgenerated test quality[2m > [22mshould generate tests with code
 [32mΓ£ô[39m v3/plugins/agentic-qe/__tests__/tools/generate-tests.test.ts[2m > [22mGenerateTestsTool[2m > [22mgenerated test quality[2m > [22mshould include assertion count
 [32mΓ£ô[39m v3/plugins/agentic-qe/__tests__/tools/generate-tests.test.ts[2m > [22mGenerateTestsTool[2m > [22mgenerated test quality[2m > [22mshould follow Arrange-Act-Assert pattern
 [32mΓ£ô[39m v3/plugins/agentic-qe/__tests__/tools/generate-tests.test.ts[2m > [22mGenerateTestsTool Configuration[2m > [22mshould use custom default framework
 [32mΓ£ô[39m v3/plugins/agentic-qe/__tests__/tools/generate-tests.test.ts[2m > [22mGenerateTestsTool Configuration[2m > [22mshould use custom default style
 [32mΓ£ô[39m v3/plugins/agentic-qe/__tests__/tools/generate-tests.test.ts[2m > [22mGenerateTestsTool Configuration[2m > [22mshould use custom maxTestsPerFunction
 [32mΓ£ô[39m v3/plugins/agentic-qe/__tests__/tools/generate-tests.test.ts[2m > [22mGenerateTestsTool Edge Cases[2m > [22mshould handle paths with special characters
 [32mΓ£ô[39m v3/plugins/agentic-qe/__tests__/tools/generate-tests.test.ts[2m > [22mGenerateTestsTool Edge Cases[2m > [22mshould handle deeply nested paths
 [32mΓ£ô[39m v3/plugins/agentic-qe/__tests__/tools/generate-tests.test.ts[2m > [22mGenerateTestsTool Edge Cases[2m > [22mshould handle coverage with focus gaps
 [32mΓ£ô[39m v3/plugins/agentic-qe/__tests__/tools/generate-tests.test.ts[2m > [22mGenerateTestsTool Edge Cases[2m > [22mshould handle coverage with exclude patterns
 [32mΓ£ô[39m v3/plugins/agentic-qe/__tests__/tools/generate-tests.test.ts[2m > [22mGenerateTestsTool Edge Cases[2m > [22mshould handle all options combined
 [32mΓ£ô[39m v3/@claude-flow/cli/__tests__/ruvector/ruvllm-wasm.test.ts[2m > [22mruvllm-wasm integration[2m > [22mformatChat[2m > [22mshould format with model ID auto-detection
 [32mΓ£ô[39m v3/@claude-flow/cli/__tests__/ruvector/ruvllm-wasm.test.ts[2m > [22mruvllm-wasm integration[2m > [22mformatChat[2m > [22mshould format with custom template
 [32mΓ£ô[39m v3/@claude-flow/cli/__tests__/ruvector/ruvllm-wasm.test.ts[2m > [22mruvllm-wasm integration[2m > [22mformatChat[2m > [22mshould reject unknown preset
 [32mΓ£ô[39m v3/@claude-flow/cli/__tests__/ruvector/ruvllm-wasm.test.ts[2m > [22mruvllm-wasm integration[2m > [22mcreateKvCache[2m > [22mshould create with defaults
 [32mΓ£ô[39m v3/@claude-flow/hooks/__tests__/workers.test.ts[2m > [22mAlert System[2m > [22mshould handle nested metric paths
 [32mΓ£ô[39m v3/@claude-flow/cli/__tests__/ruvector/graph-analyzer.test.ts[2m > [22mGraph Analyzer[2m > [22mbuildDependencyGraph[2m > [22mshould build graph from directory with TypeScript files
 [32mΓ£ô[39m v3/@claude-flow/hooks/__tests__/workers.test.ts[2m > [22mAlert System[2m > [22mshould get recent alerts
 [32mΓ£ô[39m v3/@claude-flow/cli/__tests__/ruvector/ruvllm-wasm.test.ts[2m > [22mruvllm-wasm integration[2m > [22mcreateKvCache[2m > [22mshould create with config
 [32mΓ£ô[39m v3/@claude-flow/cli/__tests__/ruvector/ruvllm-wasm.test.ts[2m > [22mruvllm-wasm integration[2m > [22mcreateKvCache[2m > [22mshould append and clear
 [32mΓ£ô[39m v3/@claude-flow/cli/__tests__/ruvector/ruvllm-wasm.test.ts[2m > [22mruvllm-wasm integration[2m > [22mcreateGenerateConfig[2m > [22mshould create config JSON
 [32mΓ£ô[39m v3/@claude-flow/cli/__tests__/ruvector/ruvllm-wasm.test.ts[2m > [22mruvllm-wasm integration[2m > [22mcreateGenerateConfig[2m > [22mshould handle stop sequences
 [32mΓ£ô[39m v3/@claude-flow/swarm/__tests__/consensus.test.ts[2m > [22mRaft Consensus[2m > [22mLeader Election[2m > [22mshould elect itself as leader with no peers
 [32mΓ£ô[39m v3/@claude-flow/swarm/__tests__/consensus.test.ts[2m > [22mRaft Consensus[2m > [22mLeader Election[2m > [22mshould add and remove peers
 [32mΓ£ô[39m v3/@claude-flow/swarm/__tests__/consensus.test.ts[2m > [22mRaft Consensus[2m > [22mLeader Election[2m > [22mshould handle vote requests
 [32mΓ£ô[39m v3/@claude-flow/swarm/__tests__/consensus.test.ts[2m > [22mRaft Consensus[2m > [22mLeader Election[2m > [22mshould reject vote for lower term
 [32mΓ£ô[39m v3/@claude-flow/cli/__tests__/ruvector/graph-analyzer.test.ts[2m > [22mGraph Analyzer[2m > [22mbuildDependencyGraph[2m > [22mshould build graph from directory with TypeScript files
 [32mΓ£ô[39m v3/@claude-flow/hooks/__tests__/workers.test.ts[2m > [22mAlert System[2m > [22mshould get recent alerts
 [32mΓ£ô[39m v3/@claude-flow/hooks/__tests__/workers.test.ts[2m > [22mAlert System[2m > [22mshould clear alerts
[90mstderr[2m | applyAgentDBPatch (file:\C:\Users\saima\Desktop\code\ruflo_project\node_modules\agentic-flow\sr
c\utils\agentdb-runtime-patch.ts:40:15)[22m[39m
[AgentDB Patch] Controller index not found: 
C:\Users\saima\Desktop\code\ruflo_project\node_modules\agentdb\dist\controllers\index.js

 [32mΓ£ô[39m v3/@claude-flow/cli/__tests__/ruvector/ruvllm-wasm.test.ts[2m > [22mruvllm-wasm integration[2m > [22mcreateBufferPool[2m > [22mshould create with capacity
 [32mΓ£ô[39m v3/@claude-flow/cli/__tests__/ruvector/ruvllm-wasm.test.ts[2m > [22mruvllm-wasm integration[2m > [22mcreateBufferPool[2m > [22mshould prewarm buffers
 [32mΓ£ô[39m v3/@claude-flow/cli/__tests__/ruvector/ruvllm-wasm.test.ts[2m > [22mruvllm-wasm integration[2m > [22mcreateInferenceArena[2m > [22mshould create with raw capacity
 [32mΓ£ô[39m v3/@claude-flow/cli/__tests__/ruvector/ruvllm-wasm.test.ts[2m > [22mruvllm-wasm integration[2m > [22mHNSW_MAX_SAFE_PATTERNS[2m > [22mshould be 1024
 [32mΓ£ô[39m v3/@claude-flow/cli/__tests__/ruvector/graph-analyzer.test.ts[2m > [22mGraph Analyzer[2m > [22mbuildDependencyGraph[2m > [22mshould detect imports correctly
 [32mΓ£ô[39m v3/@claude-flow/cli/__tests__/ruvector/graph-analyzer.test.ts[2m > [22mGraph Analyzer[2m > [22mbuildDependencyGraph[2m > [22mshould handle empty directory
 [32mΓ£ô[39m v3/@claude-flow/cli/__tests__/ruvector/graph-analyzer.test.ts[2m > [22mGraph Analyzer[2m > [22mbuildDependencyGraph[2m > [22mshould handle empty directory
 [32mΓ£ô[39m v3/@claude-flow/hooks/__tests__/workers.test.ts[2m > [22mAlert System[2m > [22mshould clear alerts
 [32mΓ£ô[39m v3/@claude-flow/hooks/__tests__/workers.test.ts[2m > [22mHistorical Metrics[2m > [22mshould record history on worker completion
 [32mΓ£ô[39m v3/@claude-flow/swarm/__tests__/consensus.test.ts[2m > [22mRaft Consensus[2m > [22mLog Replication[2m > [22mshould propose value as leader
 [32mΓ£ô[39m v3/@claude-flow/swarm/__tests__/consensus.test.ts[2m > [22mRaft Consensus[2m > [22mLog Replication[2m > [22mshould reject proposal from non-leader
 [32mΓ£ô[39m v3/@claude-flow/swarm/__tests__/consensus.test.ts[2m > [22mRaft Consensus[2m > [22mLog Replication[2m > [22mshould handle append entries from leader
 [32mΓ£ô[39m v3/@claude-flow/cli/__tests__/ruvector/graph-analyzer.test.ts[2m > [22mGraph Analyzer[2m > [22mbuildDependencyGraph[2m > [22mshould exclude node_modules by default
 [32mΓ£ô[39m v3/@claude-flow/cli/__tests__/ruvector/graph-analyzer.test.ts[2m > [22mGraph Analyzer[2m > [22mbuildDependencyGraph[2m > [22mshould exclude node_modules by default
 [32mΓ£ô[39m v3/@claude-flow/hooks/__tests__/workers.test.ts[2m > [22mHistorical Metrics[2m > [22mshould record history on worker completion
 [32mΓ£ô[39m v3/@claude-flow/plugins/__tests__/dependency-graph.test.ts[2m > [22mparseVersion[2m > [22mshould parse valid semver versions
 [32mΓ£ô[39m v3/@claude-flow/plugins/__tests__/dependency-graph.test.ts[2m > [22mparseVersion[2m > [22mshould parse versions with prerelease suffixes
 [32mΓ£ô[39m v3/@claude-flow/plugins/__tests__/dependency-graph.test.ts[2m > [22mparseVersion[2m > [22mshould return null for invalid versions
 [32mΓ£ô[39m v3/@claude-flow/plugins/__tests__/dependency-graph.test.ts[2m > [22mcompareVersions[2m > [22mshould compare major versions
 [32mΓ£ô[39m v3/@claude-flow/plugins/__tests__/dependency-graph.test.ts[2m > [22mcompareVersions[2m > [22mshould compare minor versions
 [32mΓ£ô[39m v3/@claude-flow/plugins/__tests__/dependency-graph.test.ts[2m > [22mcompareVersions[2m > [22mshould compare patch versions
 [32mΓ£ô[39m v3/@claude-flow/plugins/__tests__/dependency-graph.test.ts[2m > [22mcompareVersions[2m > [22mshould handle complex comparisons
 [32mΓ£ô[39m v3/@claude-flow/plugins/__tests__/dependency-graph.test.ts[2m > [22msatisfiesVersion[2m > [22mwildcard[2m > [22mshould match any version with *
 [32mΓ£ô[39m v3/@claude-flow/plugins/__tests__/dependency-graph.test.ts[2m > [22msatisfiesVersion[2m > [22mwildcard[2m > [22mshould match any version with empty string
 [32mΓ£ô[39m v3/@claude-flow/plugins/__tests__/dependency-graph.test.ts[2m > [22msatisfiesVersion[2m > [22mexact match[2m > [22mshould match exact versions
 [32mΓ£ô[39m v3/@claude-flow/plugins/__tests__/dependency-graph.test.ts[2m > [22msatisfiesVersion[2m > [22mexact match[2m > [22mshould reject non-matching versions
 [32mΓ£ô[39m v3/@claude-flow/plugins/__tests__/dependency-graph.test.ts[2m > [22msatisfiesVersion[2m > [22mcaret range (^)[2m > [22mshould match compatible versions
 [32mΓ£ô[39m v3/@claude-flow/plugins/__tests__/dependency-graph.test.ts[2m > [22msatisfiesVersion[2m > [22mcaret range (^)[2m > [22mshould reject incompatible major versions
 [32mΓ£ô[39m v3/@claude-flow/plugins/__tests__/dependency-graph.test.ts[2m > [22msatisfiesVersion[2m > [22mcaret range (^)[2m > [22mshould reject lower minor/patch than minimum
 [32mΓ£ô[39m v3/@claude-flow/plugins/__tests__/dependency-graph.test.ts[2m > [22msatisfiesVersion[2m > [22mtilde range (~)[2m > [22mshould match patch versions
 [32mΓ£ô[39m v3/@claude-flow/plugins/__tests__/dependency-graph.test.ts[2m > [22msatisfiesVersion[2m > [22mtilde range (~)[2m > [22mshould reject different minor versions
 [32mΓ£ô[39m v3/@claude-flow/plugins/__tests__/dependency-graph.test.ts[2m > [22msatisfiesVersion[2m > [22mtilde range (~)[2m > [22mshould reject different major versions
 [32mΓ£ô[39m v3/@claude-flow/plugins/__tests__/dependency-graph.test.ts[2m > [22msatisfiesVersion[2m > [22mcomparison operators[2m > [22mshould handle >=
 [32mΓ£ô[39m v3/@claude-flow/plugins/__tests__/dependency-graph.test.ts[2m > [22msatisfiesVersion[2m > [22mcomparison operators[2m > [22mshould handle <=
 [32mΓ£ô[39m v3/@claude-flow/plugins/__tests__/dependency-graph.test.ts[2m > [22msatisfiesVersion[2m > [22mcomparison operators[2m > [22mshould handle >
 [32mΓ£ô[39m v3/@claude-flow/plugins/__tests__/dependency-graph.test.ts[2m > [22msatisfiesVersion[2m > [22mcomparison operators[2m > [22mshould handle <
 [32mΓ£ô[39m v3/@claude-flow/plugins/__tests__/dependency-graph.test.ts[2m > [22msatisfiesVersion[2m > [22mrange expressions[2m > [22mshould handle AND ranges
 [32mΓ£ô[39m v3/@claude-flow/plugins/__tests__/dependency-graph.test.ts[2m > [22mDependencyGraph[2m > [22maddPlugin[2m > [22mshould add a plugin without dependencies
 [32mΓ£ô[39m v3/@claude-flow/plugins/__tests__/dependency-graph.test.ts[2m > [22mDependencyGraph[2m > [22maddPlugin[2m > [22mshould add a plugin with dependencies
 [32mΓ£ô[39m v3/@claude-flow/plugins/__tests__/dependency-graph.test.ts[2m > [22mDependencyGraph[2m > [22mremovePlugin[2m > [22mshould remove a plugin and its edges
 [32mΓ£ô[39m v3/@claude-flow/plugins/__tests__/dependency-graph.test.ts[2m > [22mDependencyGraph[2m > [22mremovePlugin[2m > [22mshould handle removing a plugin with dependents
 [32mΓ£ô[39m v3/@claude-flow/plugins/__tests__/dependency-graph.test.ts[2m > [22mDependencyGraph[2m > [22mgetDependencies[2m > [22mshould return direct dependencies
 [32mΓ£ô[39m v3/@claude-flow/plugins/__tests__/dependency-graph.test.ts[2m > [22mDependencyGraph[2m > [22mgetDependencies[2m > [22mshould return empty array for plugin with no dependencies
 [32mΓ£ô[39m v3/@claude-flow/plugins/__tests__/dependency-graph.test.ts[2m > [22mDependencyGraph[2m > [22mgetDependents[2m > [22mshould return plugins that depend on this one
 [32mΓ£ô[39m v3/@claude-flow/plugins/__tests__/dependency-graph.test.ts[2m > [22mDependencyGraph[2m > [22mgetAllDependencies[2m > [22mshould return transitive dependencies
 [32mΓ£ô[39m v3/@claude-flow/plugins/__tests__/dependency-graph.test.ts[2m > [22mDependencyGraph[2m > [22mgetAllDependents[2m > [22mshould return transitive dependents
 [32mΓ£ô[39m v3/@claude-flow/plugins/__tests__/dependency-graph.test.ts[2m > [22mDependencyGraph[2m > [22mcanSafelyRemove[2m > [22mshould return true for plugins with no dependents
 [32mΓ£ô[39m v3/@claude-flow/plugins/__tests__/dependency-graph.test.ts[2m > [22mDependencyGraph[2m > [22mcanSafelyRemove[2m > [22mshould return false for plugins with dependents
 [32mΓ£ô[39m v3/@claude-flow/plugins/__tests__/dependency-graph.test.ts[2m > [22mDependencyGraph[2m > [22mgetRemovalOrder[2m > [22mshould return correct removal order (dependents first)
 [32mΓ£ô[39m v3/@claude-flow/plugins/__tests__/dependency-graph.test.ts[2m > [22mDependencyGraph[2m > [22mvalidate[2m > [22mshould detect missing dependencies
 [32mΓ£ô[39m v3/@claude-flow/plugins/__tests__/dependency-graph.test.ts[2m > [22mDependencyGraph[2m > [22mvalidate[2m > [22mshould detect version mismatches
 [32mΓ£ô[39m v3/@claude-flow/plugins/__tests__/dependency-graph.test.ts[2m > [22mDependencyGraph[2m > [22mvalidate[2m > [22mshould detect circular dependencies
 [32mΓ£ô[39m v3/@claude-flow/plugins/__tests__/dependency-graph.test.ts[2m > [22mDependencyGraph[2m > [22mvalidate[2m > [22mshould pass validation for valid dependencies
 [32mΓ£ô[39m v3/@claude-flow/plugins/__tests__/dependency-graph.test.ts[2m > [22mDependencyGraph[2m > [22mdetectCircular[2m > [22mshould detect simple cycles
 [32mΓ£ô[39m v3/@claude-flow/plugins/__tests__/dependency-graph.test.ts[2m > [22mDependencyGraph[2m > [22mdetectCircular[2m > [22mshould detect longer cycles
 [32mΓ£ô[39m v3/@claude-flow/plugins/__tests__/dependency-graph.test.ts[2m > [22mDependencyGraph[2m > [22mdetectCircular[2m > [22mshould return empty array for acyclic graphs
 [32mΓ£ô[39m v3/@claude-flow/plugins/__tests__/dependency-graph.test.ts[2m > [22mDependencyGraph[2m > [22mgetLoadOrder[2m > [22mshould return topological order
 [32mΓ£ô[39m v3/@claude-flow/plugins/__tests__/dependency-graph.test.ts[2m > [22mDependencyGraph[2m > [22mgetLoadOrder[2m > [22mshould handle multiple roots
 [32mΓ£ô[39m v3/@claude-flow/plugins/__tests__/dependency-graph.test.ts[2m > [22mDependencyGraph[2m > [22mgetDepthLevels[2m > [22mshould group plugins by dependency depth
 [32mΓ£ô[39m v3/@claude-flow/plugins/__tests__/dependency-graph.test.ts[2m > [22mDependencyGraph[2m > [22mgetDepthLevels[2m > [22mshould handle complex dependency trees
 [32mΓ£ô[39m v3/@claude-flow/plugins/__tests__/dependency-graph.test.ts[2m > [22mDependencyGraph[2m > [22mtoJSON[2m > [22mshould export graph structure
 [32mΓ£ô[39m v3/@claude-flow/cli/__tests__/ruvector/q-learning-router.test.ts[2m > [22mQLearningRouter[2m > [22mconstructor[2m > [22mshould create router with default config
 [32mΓ£ô[39m v3/@claude-flow/cli/__tests__/ruvector/q-learning-router.test.ts[2m > [22mQLearningRouter[2m > [22mconstructor[2m > [22mshould create router with custom config
 [32mΓ£ô[39m v3/@claude-flow/cli/__tests__/ruvector/q-learning-router.test.ts[2m > [22mQLearningRouter[2m > [22minitialize[2m > [22mshould initialize without ruvector (fallback mode)
 [32mΓ£ô[39m v3/@claude-flow/swarm/__tests__/consensus.test.ts[2m > [22mRaft Consensus[2m > [22mConsensus Process[2m > [22mshould vote on proposal
 [32mΓ£ô[39m v3/@claude-flow/hooks/__tests__/workers.test.ts[2m > [22mHistorical Metrics[2m > [22mshould filter history by worker
 [32mΓ£ô[39m v3/@claude-flow/cli/__tests__/ruvector/graph-analyzer.test.ts[2m > [22mGraph Analyzer[2m > [22mdetectCircularDependencies[2m > [22mshould detect circular dependencies
 [32mΓ£ô[39m v3/@claude-flow/cli/__tests__/ruvector/graph-analyzer.test.ts[2m > [22mGraph Analyzer[2m > [22mdetectCircularDependencies[2m > [22mshould detect circular dependencies
 [32mΓ£ô[39m v3/@claude-flow/swarm/__tests__/consensus.test.ts[2m > [22mRaft Consensus[2m > [22mConsensus Process[2m > [22mshould timeout on consensus
 [32mΓ£ô[39m v3/@claude-flow/swarm/__tests__/consensus.test.ts[2m > [22mByzantine Consensus[2m > [22mInitialization[2m > [22mshould initialize successfully
 [32mΓ£ô[39m v3/@claude-flow/swarm/__tests__/consensus.test.ts[2m > [22mByzantine Consensus[2m > [22mInitialization[2m > [22mshould not be primary initially
 [32mΓ£ô[39m v3/@claude-flow/swarm/__tests__/consensus.test.ts[2m > [22mByzantine Consensus[2m > [22mInitialization[2m > [22mshould calculate max faulty nodes
 [32mΓ£ô[39m v3/@claude-flow/swarm/__tests__/consensus.test.ts[2m > [22mByzantine Consensus[2m > [22mPrimary Election[2m > [22mshould elect primary
 [32mΓ£ô[39m v3/@claude-flow/swarm/__tests__/consensus.test.ts[2m > [22mByzantine Consensus[2m > [22mPrimary Election[2m > [22mshould rotate primary on view change
 [32mΓ£ô[39m v3/@claude-flow/swarm/__tests__/consensus.test.ts[2m > [22mByzantine Consensus[2m > [22mThree-Phase Commit[2m > [22mshould propose value as primary
 [32mΓ£ô[39m v3/@claude-flow/swarm/__tests__/consensus.test.ts[2m > [22mByzantine Consensus[2m > [22mThree-Phase Commit[2m > [22mshould reject proposal from non-primary
 [32mΓ£ô[39m v3/@claude-flow/swarm/__tests__/consensus.test.ts[2m > [22mByzantine Consensus[2m > [22mThree-Phase Commit[2m > [22mshould process pre-prepare message
 [32mΓ£ô[39m v3/@claude-flow/swarm/__tests__/consensus.test.ts[2m > [22mByzantine Consensus[2m > [22mThree-Phase Commit[2m > [22mshould process prepare message
 [32mΓ£ô[39m v3/@claude-flow/swarm/__tests__/consensus.test.ts[2m > [22mByzantine Consensus[2m > [22mThree-Phase Commit[2m > [22mshould process commit message
 [32mΓ£ô[39m v3/@claude-flow/hooks/__tests__/workers.test.ts[2m > [22mHistorical Metrics[2m > [22mshould filter history by worker
 [32mΓ£ô[39m v3/@claude-flow/cli/__tests__/ruvector/graph-analyzer.test.ts[2m > [22mGraph Analyzer[2m > [22mdetectCircularDependencies[2m > [22mshould return empty array when no circular dependencies
 [32mΓ£ô[39m v3/@claude-flow/cli/__tests__/ruvector/graph-analyzer.test.ts[2m > [22mGraph Analyzer[2m > [22mdetectCircularDependencies[2m > [22mshould return empty array when no circular dependencies
 [32mΓ£ô[39m v3/@claude-flow/hooks/__tests__/workers.test.ts[2m > [22mHistorical Metrics[2m > [22mshould limit history entries
 [32mΓ£ô[39m v3/@claude-flow/cli/__tests__/ruvector/graph-analyzer.test.ts[2m > [22mGraph Analyzer[2m > [22mdetectCircularDependencies[2m > [22mshould detect self-referencing imports
 [32mΓ£ô[39m v3/@claude-flow/hooks/__tests__/workers.test.ts[2m > [22mHistorical Metrics[2m > [22mshould limit history entries
 [32mΓ£ô[39m v3/@claude-flow/cli/__tests__/ruvector/graph-analyzer.test.ts[2m > [22mGraph Analyzer[2m > [22mdetectCircularDependencies[2m > [22mshould detect self-referencing imports
 [32mΓ£ô[39m v3/@claude-flow/hooks/__tests__/workers.test.ts[2m > [22mStatusline Integration[2m > [22mshould generate statusline data
 [32mΓ£ô[39m v3/@claude-flow/cli/__tests__/ruvector/graph-analyzer.test.ts[2m > [22mGraph Analyzer[2m > [22manalyzeGraph[2m > [22mshould return comprehensive analysis
 [32mΓ£ô[39m v3/@claude-flow/cli/__tests__/ruvector/graph-analyzer.test.ts[2m > [22mGraph Analyzer[2m > [22manalyzeGraph[2m > [22mshould return comprehensive analysis
 [32mΓ£ô[39m v3/@claude-flow/hooks/__tests__/workers.test.ts[2m > [22mStatusline Integration[2m > [22mshould generate statusline data
 [32mΓ£ô[39m v3/@claude-flow/hooks/__tests__/workers.test.ts[2m > [22mStatusline Integration[2m > [22mshould generate statusline string
 [32mΓ£ô[39m v3/@claude-flow/cli/__tests__/ruvector/graph-analyzer.test.ts[2m > [22mGraph Analyzer[2m > [22manalyzeGraph[2m > [22mshould calculate stats correctly
 [32mΓ£ô[39m v3/@claude-flow/cli/__tests__/ruvector/graph-analyzer.test.ts[2m > [22mGraph Analyzer[2m > [22manalyzeGraph[2m > [22mshould calculate stats correctly
 [32mΓ£ô[39m v3/@claude-flow/security/__tests__/integration/security-flow.test.ts[2m > [22mSecurity Flow Integration[2m > [22mPassword Security Flow[2m > [22mshould validate and hash password end-to-end
 [32mΓ£ô[39m v3/@claude-flow/security/__tests__/integration/security-flow.test.ts[2m > [22mSecurity Flow Integration[2m > [22mPassword Security Flow[2m > [22mshould reject invalid password with multiple errors
 [32mΓ£ô[39m v3/@claude-flow/security/__tests__/integration/security-flow.test.ts[2m > [22mSecurity Flow Integration[2m > [22mPassword Security Flow[2m > [22mshould audit password operations
 [32mΓ£ô[39m v3/@claude-flow/security/__tests__/integration/security-flow.test.ts[2m > [22mSecurity Flow Integration[2m > [22mPassword Security Flow[2m > [22mshould audit failed validation
 [32mΓ£ô[39m v3/@claude-flow/security/__tests__/integration/security-flow.test.ts[2m > [22mSecurity Flow Integration[2m > [22mCommand Execution Security Flow[2m > [22mshould execute allowed command successfully
 [32mΓ£ô[39m v3/@claude-flow/security/__tests__/integration/security-flow.test.ts[2m > [22mSecurity Flow Integration[2m > [22mCommand Execution Security Flow[2m > [22mshould block dangerous commands
 [32mΓ£ô[39m v3/@claude-flow/security/__tests__/integration/security-flow.test.ts[2m > [22mSecurity Flow Integration[2m > [22mCommand Execution Security Flow[2m > [22mshould reject commands not in allowed list
 [32mΓ£ô[39m v3/@claude-flow/security/__tests__/integration/security-flow.test.ts[2m > [22mSecurity Flow Integration[2m > [22mCommand Execution Security Flow[2m > [22mshould sanitize command arguments
 [32mΓ£ô[39m v3/@claude-flow/security/__tests__/integration/security-flow.test.ts[2m > [22mSecurity Flow Integration[2m > [22mCommand Execution Security Flow[2m > [22mshould audit command execution
 [32mΓ£ô[39m v3/@claude-flow/security/__tests__/integration/security-flow.test.ts[2m > [22mSecurity Flow Integration[2m > [22mCommand Execution Security Flow[2m > [22mshould audit blocked commands
 [32mΓ£ô[39m v3/@claude-flow/security/__tests__/integration/security-flow.test.ts[2m > [22mSecurity Flow Integration[2m > [22mPath Validation Security Flow[2m > [22mshould validate safe paths
 [32mΓ£ô[39m v3/@claude-flow/security/__tests__/integration/security-flow.test.ts[2m > [22mSecurity Flow Integration[2m > [22mPath Validation Security Flow[2m > [22mshould block directory traversal
 [32mΓ£ô[39m v3/@claude-flow/security/__tests__/integration/security-flow.test.ts[2m > [22mSecurity Flow Integration[2m > [22mPath Validation Security Flow[2m > [22mshould block absolute system paths
 [32mΓ£ô[39m v3/@claude-flow/security/__tests__/integration/security-flow.test.ts[2m > [22mSecurity Flow Integration[2m > [22mPath Validation Security Flow[2m > [22mshould block null byte injection
 [32mΓ£ô[39m v3/@claude-flow/security/__tests__/integration/security-flow.test.ts[2m > [22mSecurity Flow Integration[2m > [22mPath Validation Security Flow[2m > [22mshould sanitize and return safe path
 [32mΓ£ô[39m v3/@claude-flow/security/__tests__/integration/security-flow.test.ts[2m > [22mSecurity Flow Integration[2m > [22mSecurity Service Lifecycle[2m > [22mshould initialize and audit
 [32mΓ£ô[39m v3/@claude-flow/security/__tests__/integration/security-flow.test.ts[2m > [22mSecurity Flow Integration[2m > [22mSecurity Service Lifecycle[2m > [22mshould shutdown and audit
 [32mΓ£ô[39m v3/@claude-flow/security/__tests__/integration/security-flow.test.ts[2m > [22mSecurity Flow Integration[2m > [22mCVE Prevention Integration[2m > [22mshould prevent CVE-1 (directory traversal) end-to-end
 [32mΓ£ô[39m v3/@claude-flow/security/__tests__/integration/security-flow.test.ts[2m > [22mSecurity Flow Integration[2m > [22mCVE Prevention Integration[2m > [22mshould prevent CVE-2 (absolute path injection) end-to-end
 [32mΓ£ô[39m v3/@claude-flow/security/__tests__/integration/security-flow.test.ts[2m > [22mSecurity Flow Integration[2m > [22mCVE Prevention Integration[2m > [22mshould prevent CVE-3 (command injection) end-to-end
 [32mΓ£ô[39m v3/@claude-flow/hooks/__tests__/workers.test.ts[2m > [22mStatusline Integration[2m > [22mshould generate statusline string
 [32mΓ£ô[39m v3/@claude-flow/cli/__tests__/ruvector/graph-analyzer.test.ts[2m > [22mGraph Analyzer[2m > [22manalyzeGraph[2m > [22mshould respect includeBoundaries option
 [32mΓ£ô[39m v3/@claude-flow/cli/__tests__/ruvector/graph-analyzer.test.ts[2m > [22mGraph Analyzer[2m > [22manalyzeGraph[2m > [22mshould respect includeBoundaries option
 [32mΓ£ô[39m v3/@claude-flow/cli/__tests__/ruvector/graph-analyzer.test.ts[2m > [22mGraph Analyzer[2m > [22manalyzeGraph[2m > [22mshould respect includeModules option
 [32mΓ£ô[39m v3/@claude-flow/hooks/__tests__/workers.test.ts[2m > [22mStatusline Integration[2m > [22mshould export statusline to file
 [32mΓ£ô[39m v3/@claude-flow/cli/__tests__/ruvector/graph-analyzer.test.ts[2m > [22mGraph Analyzer[2m > [22manalyzeGraph[2m > [22mshould respect includeModules option
 [32mΓ£ô[39m v3/@claude-flow/hooks/__tests__/workers.test.ts[2m > [22mStatusline Integration[2m > [22mshould export statusline to file
 [32mΓ£ô[39m v3/@claude-flow/cli/__tests__/ruvector/graph-analyzer.test.ts[2m > [22mGraph Analyzer[2m > [22manalyzeGraph[2m > [22mshould respect numPartitions option
 [32mΓ£ô[39m v3/@claude-flow/hooks/__tests__/workers.test.ts[2m > [22mPersistence[2m > [22mshould save state to disk
 [32mΓ£ô[39m v3/@claude-flow/cli/__tests__/ruvector/graph-analyzer.test.ts[2m > [22mGraph Analyzer[2m > [22manalyzeGraph[2m > [22mshould respect numPartitions option
 [32mΓ£ô[39m v3/@claude-flow/hooks/__tests__/workers.test.ts[2m > [22mPersistence[2m > [22mshould save state to disk
 [32mΓ£ô[39m v3/@claude-flow/cli/__tests__/ruvector/q-learning-router.test.ts[2m > [22mQLearningRouter[2m > [22minitialize[2m > [22mshould handle ruvector import failure gracefully
 [32mΓ£ô[39m v3/@claude-flow/cli/__tests__/ruvector/q-learning-router.test.ts[2m > [22mQLearningRouter[2m > [22mroute[2m > [22mshould return valid route decision
 [32mΓ£ô[39m v3/@claude-flow/cli/__tests__/ruvector/q-learning-router.test.ts[2m > [22mQLearningRouter[2m > [22mroute[2m > [22mshould return route from valid ROUTE_NAMES
 [32mΓ£ô[39m v3/@claude-flow/cli/__tests__/ruvector/q-learning-router.test.ts[2m > [22mQLearningRouter[2m > [22mroute[2m > [22mshould have confidence between 0 and 1
 [32mΓ£ô[39m v3/@claude-flow/cli/__tests__/ruvector/q-learning-router.test.ts[2m > [22mQLearningRouter[2m > [22mroute[2m > [22mshould return qValues array with correct length
 [32mΓ£ô[39m v3/@claude-flow/cli/__tests__/ruvector/q-learning-router.test.ts[2m > [22mQLearningRouter[2m > [22mroute[2m > [22mshould return alternatives sorted by score
 [32mΓ£ô[39m v3/@claude-flow/cli/__tests__/ruvector/q-learning-router.test.ts[2m > [22mQLearningRouter[2m > [22mroute[2m > [22mshould explore with high epsilon
 [32mΓ£ô[39m v3/@claude-flow/cli/__tests__/ruvector/q-learning-router.test.ts[2m > [22mQLearningRouter[2m > [22mroute[2m > [22mshould exploit when explore=false
 [32mΓ£ô[39m v3/@claude-flow/cli/__tests__/ruvector/q-learning-router.test.ts[2m > [22mQLearningRouter[2m > [22mupdate[2m > [22mshould update Q-values and return TD error
 [32mΓ£ô[39m v3/@claude-flow/cli/__tests__/ruvector/q-learning-router.test.ts[2m > [22mQLearningRouter[2m > [22mupdate[2m > [22mshould increase Q-value for positive reward
 [32mΓ£ô[39m v3/@claude-flow/cli/__tests__/ruvector/q-learning-router.test.ts[2m > [22mQLearningRouter[2m > [22mupdate[2m > [22mshould handle invalid action gracefully
 [32mΓ£ô[39m v3/@claude-flow/cli/__tests__/ruvector/q-learning-router.test.ts[2m > [22mQLearningRouter[2m > [22mupdate[2m > [22mshould decay epsilon over updates
 [32mΓ£ô[39m v3/@claude-flow/cli/__tests__/ruvector/q-learning-router.test.ts[2m > [22mQLearningRouter[2m > [22mupdate[2m > [22mshould track average TD error
 [32mΓ£ô[39m v3/@claude-flow/cli/__tests__/ruvector/q-learning-router.test.ts[2m > [22mQLearningRouter[2m > [22mupdate[2m > [22mshould update with next context (non-terminal)
 [32mΓ£ô[39m v3/@claude-flow/cli/__tests__/ruvector/q-learning-router.test.ts[2m > [22mQLearningRouter[2m > [22mupdate[2m > [22mshould prune Q-table when exceeding maxStates
 [32mΓ£ô[39m v3/@claude-flow/cli/__tests__/ruvector/q-learning-router.test.ts[2m > [22mQLearningRouter[2m > [22mgetStats[2m > [22mshould return all expected statistics
 [32mΓ£ô[39m v3/@claude-flow/cli/__tests__/ruvector/q-learning-router.test.ts[2m > [22mQLearningRouter[2m > [22mgetStats[2m > [22mshould update stats after operations
 [32mΓ£ô[39m v3/@claude-flow/cli/__tests__/ruvector/q-learning-router.test.ts[2m > [22mQLearningRouter[2m > [22mreset[2m > [22mshould clear Q-table
 [32mΓ£ô[39m v3/@claude-flow/cli/__tests__/ruvector/q-learning-router.test.ts[2m > [22mQLearningRouter[2m > [22mreset[2m > [22mshould reset epsilon to initial value
 [32mΓ£ô[39m v3/@claude-flow/cli/__tests__/ruvector/q-learning-router.test.ts[2m > [22mQLearningRouter[2m > [22mreset[2m > [22mshould reset update count
 [32mΓ£ô[39m v3/@claude-flow/cli/__tests__/ruvector/q-learning-router.test.ts[2m > [22mQLearningRouter[2m > [22mexport/import[2m > [22mshould export Q-table data
 [32mΓ£ô[39m v3/@claude-flow/cli/__tests__/ruvector/q-learning-router.test.ts[2m > [22mQLearningRouter[2m > [22mexport/import[2m > [22mshould export qValues and visits for each state
 [32mΓ£ô[39m v3/@claude-flow/cli/__tests__/ruvector/q-learning-router.test.ts[2m > [22mQLearningRouter[2m > [22mexport/import[2m > [22mshould import Q-table data
 [32mΓ£ô[39m v3/@claude-flow/cli/__tests__/ruvector/q-learning-router.test.ts[2m > [22mQLearningRouter[2m > [22mexport/import[2m > [22mshould restore Q-values after import
 [32mΓ£ô[39m v3/@claude-flow/cli/__tests__/ruvector/q-learning-router.test.ts[2m > [22mQLearningRouter[2m > [22mexport/import[2m > [22mshould clear existing data on import
 [32mΓ£ô[39m v3/@claude-flow/cli/__tests__/ruvector/q-learning-router.test.ts[2m > [22mQLearningRouter[2m > [22medge cases[2m > [22mshould handle empty context
 [32mΓ£ô[39m v3/@claude-flow/cli/__tests__/ruvector/q-learning-router.test.ts[2m > [22mQLearningRouter[2m > [22medge cases[2m > [22mshould handle very long context
 [32mΓ£ô[39m v3/@claude-flow/cli/__tests__/ruvector/q-learning-router.test.ts[2m > [22mQLearningRouter[2m > [22medge cases[2m > [22mshould handle unicode in context
 [32mΓ£ô[39m v3/@claude-flow/cli/__tests__/ruvector/q-learning-router.test.ts[2m > [22mQLearningRouter[2m > [22medge cases[2m > [22mshould handle special characters in context
 [32mΓ£ô[39m v3/@claude-flow/cli/__tests__/ruvector/q-learning-router.test.ts[2m > [22mQLearningRouter[2m > [22medge cases[2m > [22mshould handle numeric context
 [32mΓ£ô[39m v3/@claude-flow/cli/__tests__/ruvector/q-learning-router.test.ts[2m > [22mQLearningRouter[2m > [22medge cases[2m > [22mshould maintain consistency for same context
 [32mΓ£ô[39m v3/@claude-flow/cli/__tests__/ruvector/q-learning-router.test.ts[2m > [22mcreateQLearningRouter[2m > [22mshould create router instance
 [32mΓ£ô[39m v3/@claude-flow/cli/__tests__/ruvector/q-learning-router.test.ts[2m > [22mcreateQLearningRouter[2m > [22mshould accept config
 [32mΓ£ô[39m v3/@claude-flow/cli/__tests__/ruvector/q-learning-router.test.ts[2m > [22mQLearningRouter Advanced Scenarios[2m > [22mlearning behavior[2m > [22mshould learn from positive reinforcement
 [32mΓ£ô[39m v3/@claude-flow/cli/__tests__/ruvector/q-learning-router.test.ts[2m > [22mQLearningRouter Advanced Scenarios[2m > [22mlearning behavior[2m > [22mshould learn from negative reinforcement
 [32mΓ£ô[39m v3/@claude-flow/cli/__tests__/ruvector/q-learning-router.test.ts[2m > [22mQLearningRouter Advanced Scenarios[2m > [22mlearning behavior[2m > [22mshould balance exploration and exploitation
 [32mΓ£ô[39m v3/@claude-flow/cli/__tests__/ruvector/q-learning-router.test.ts[2m > [22mQLearningRouter Advanced Scenarios[2m > [22mcontext hashing[2m > [22mshould generate consistent hashes for same context
 [32mΓ£ô[39m v3/@claude-flow/cli/__tests__/ruvector/q-learning-router.test.ts[2m > [22mQLearningRouter Advanced Scenarios[2m > [22mcontext hashing[2m > [22mshould generate different hashes for different contexts
 [32mΓ£ô[39m v3/@claude-flow/cli/__tests__/ruvector/q-learning-router.test.ts[2m > [22mQLearningRouter Advanced Scenarios[2m > [22mgamma discount factor[2m > [22mshould value immediate rewards more with low gamma
 [32mΓ£ô[39m v3/@claude-flow/cli/__tests__/ruvector/q-learning-router.test.ts[2m > [22mQLearningRouter Advanced Scenarios[2m > [22mgamma discount factor[2m > [22mshould propagate value further with high gamma
 [32mΓ£ô[39m v3/@claude-flow/cli/__tests__/ruvector/q-learning-router.test.ts[2m > [22mQLearningRouter Advanced Scenarios[2m > [22mconcurrent updates[2m > [22mshould handle rapid sequential updates[33m 467[2mms[22m[39m
 [32mΓ£ô[39m v3/@claude-flow/cli/__tests__/ruvector/q-learning-router.test.ts[2m > [22mQLearningRouter Advanced Scenarios[2m > [22mstate persistence[2m > [22mshould export and import complete state
 [32mΓ£ô[39m v3/__tests__/integration/plugin-integration.test.ts[2m > [22mPlugin Integration Tests[2m > [22mshould load and initialize plugin
 [32mΓ£ô[39m v3/__tests__/integration/plugin-integration.test.ts[2m > [22mPlugin Integration Tests[2m > [22mshould register and invoke extension points
 [32mΓ£ô[39m v3/__tests__/integration/plugin-integration.test.ts[2m > [22mPlugin Integration Tests[2m > [22mshould handle plugin lifecycle correctly
 [32mΓ£ô[39m v3/__tests__/integration/plugin-integration.test.ts[2m > [22mPlugin Integration Tests[2m > [22mshould support multiple plugins with same extension point
 [32mΓ£ô[39m v3/__tests__/integration/plugin-integration.test.ts[2m > [22mPlugin Integration Tests[2m > [22mshould handle plugin dependencies
 [32mΓ£ô[39m v3/@claude-flow/plugins/__tests__/ruvector-streaming.test.ts[2m > [22mRuVector Streaming[2m > [22mBackpressure Handling[2m > [22mshould pause and resume based on consumer speed[33m 2778[2mms[22m[39m
 [32mΓ£ô[39m v3/@claude-flow/plugins/__tests__/ruvector-streaming.test.ts[2m > [22mRuVector Streaming[2m > [22mStream Batch Inserts[2m > [22mshould stream batch inserts[33m 1527[2mms[22m[39m
 [32mΓ£ô[39m v3/@claude-flow/plugins/__tests__/ruvector-streaming.test.ts[2m > [22mRuVector Streaming[2m > [22mStream Batch Inserts[2m > [22mshould handle partial final batch[33m 1186[2mms[22m[39m
 [32mΓ£ô[39m v3/@claude-flow/plugins/__tests__/ruvector-streaming.test.ts[2m > [22mRuVector Streaming[2m > [22mStream Batch Inserts[2m > [22mshould respect insert throughput[33m 1338[2mms[22m[39m
 [32mΓ£ô[39m v3/@claude-flow/plugins/__tests__/ruvector-streaming.test.ts[2m > [22mRuVector Streaming[2m > [22mStream Batch Inserts[2m > [22mshould transform vectors before insert[33m 1463[2mms[22m[39m
 [32mΓ£ô[39m v3/@claude-flow/plugins/__tests__/ruvector-streaming.test.ts[2m > [22mRuVector Streaming[2m > [22mStream Batch Inserts[2m > [22mshould handle insert errors gracefully[33m 1312[2mms[22m[39m
 [32mΓ£ô[39m v3/@claude-flow/hooks/__tests__/workers.test.ts[2m > [22mPersistence[2m > [22mshould load state from disk
 [32mΓ£ô[39m v3/@claude-flow/cli/__tests__/ruvector/graph-analyzer.test.ts[2m > [22mGraph Analyzer[2m > [22manalyzeMinCutBoundaries[2m > [22mshould identify module boundaries
 [32mΓ£ô[39m v3/@claude-flow/cli/__tests__/ruvector/graph-analyzer.test.ts[2m > [22mGraph Analyzer[2m > [22manalyzeMinCutBoundaries[2m > [22mshould identify module boundaries
 [32mΓ£ô[39m v3/@claude-flow/hooks/__tests__/workers.test.ts[2m > [22mPersistence[2m > [22mshould load state from disk
 [32mΓ£ô[39m v3/@claude-flow/cli/__tests__/ruvector/graph-analyzer.test.ts[2m > [22mGraph Analyzer[2m > [22manalyzeModuleCommunities[2m > [22mshould detect module communities
 [32mΓ£ô[39m v3/__tests__/integration/plugin-integration.test.ts[2m > [22mPlugin Integration Tests[2m > [22mshould emit plugin lifecycle events
 [32mΓ£ô[39m v3/__tests__/integration/plugin-integration.test.ts[2m > [22mPlugin Integration Tests[2m > [22mshould validate plugin configuration
 [32mΓ£ô[39m v3/__tests__/integration/plugin-integration.test.ts[2m > [22mPlugin Integration Tests[2m > [22mshould support plugin hot reloading
 [32mΓ£ô[39m v3/__tests__/integration/plugin-integration.test.ts[2m > [22mPlugin Integration Tests[2m > [22mshould isolate plugin errors
 [32mΓ£ô[39m v3/__tests__/integration/plugin-integration.test.ts[2m > [22mPlugin Integration Tests[2m > [22mshould support plugin priority ordering
 [32mΓ£ô[39m v3/__tests__/integration/plugin-integration.test.ts[2m > [22mPlugin Integration Tests[2m > [22mshould provide plugin metadata access
 [32mΓ£ô[39m v3/__tests__/integration/plugin-integration.test.ts[2m > [22mPlugin Integration Tests[2m > [22mshould support plugin communication via shared context
 [32mΓ£ô[39m v3/__tests__/integration/plugin-integration.test.ts[2m > [22mPlugin Integration Tests[2m > [22mshould handle plugin resource cleanup
 [32mΓ£ô[39m v3/__tests__/integration/plugin-integration.test.ts[2m > [22mPlugin Integration Tests[2m > [22mshould support plugin versioning and compatibility checks
 [32mΓ£ô[39m v3/__tests__/integration/plugin-integration.test.ts[2m > [22mPlugin Integration Tests[2m > [22mshould integrate plugins with core workflow
 [32mΓ£ô[39m v3/@claude-flow/cli/__tests__/ruvector/graph-analyzer.test.ts[2m > [22mGraph Analyzer[2m > [22manalyzeModuleCommunities[2m > [22mshould detect module communities
 [32mΓ£ô[39m v3/@claude-flow/hooks/__tests__/workers.test.ts[2m > [22mPersistence[2m > [22mshould handle missing state file gracefully
 [32mΓ£ô[39m v3/@claude-flow/cli/__tests__/ruvector/graph-analyzer.test.ts[2m > [22mGraph Analyzer[2m > [22mexportToDot[2m > [22mshould export graph to DOT format
 [32mΓ£ô[39m v3/@claude-flow/hooks/__tests__/workers.test.ts[2m > [22mPersistence[2m > [22mshould handle missing state file gracefully
 [32mΓ£ô[39m v3/@claude-flow/cli/__tests__/ruvector/graph-analyzer.test.ts[2m > [22mGraph Analyzer[2m > [22mexportToDot[2m > [22mshould export graph to DOT format
 [32mΓ£ô[39m v3/@claude-flow/cli/__tests__/ruvector/graph-analyzer.test.ts[2m > [22mGraph Analyzer[2m > [22mexportToDot[2m > [22mshould handle empty graph
 [32mΓ£ô[39m v3/@claude-flow/hooks/__tests__/workers.test.ts[2m > [22mSecurity[2m > [22mshould reject path traversal in project root
 [32mΓ£ô[39m v3/@claude-flow/cli/__tests__/ruvector/graph-analyzer.test.ts[2m > [22mGraph Analyzer[2m > [22mexportToDot[2m > [22mshould accept custom options
 [32mΓ£ô[39m v3/@claude-flow/hooks/__tests__/workers.test.ts[2m > [22mSecurity[2m > [22mshould reject path traversal in project root
 [32mΓ£ô[39m v3/@claude-flow/cli/__tests__/ruvector/graph-analyzer.test.ts[2m > [22mGraph Analyzer[2m > [22mexportToDot[2m > [22mshould accept custom options
 [32mΓ£ô[39m v3/@claude-flow/cli/__tests__/ruvector/graph-analyzer.test.ts[2m > [22mGraph Analyzer[2m > [22mexportToDot[2m > [22mshould colorByCommunity when option is enabled
 [32mΓ£ô[39m v3/@claude-flow/cli/__tests__/ruvector/graph-analyzer.test.ts[2m > [22mGraph Analyzer[2m > [22mexportToDot[2m > [22mshould colorByCommunity when option is enabled
 [32mΓ£ô[39m v3/@claude-flow/cli/__tests__/ruvector/graph-analyzer.test.ts[2m > [22mGraph Analyzer[2m > [22mexportToDot[2m > [22mshould highlightCycles when option is enabled
 [32mΓ£ô[39m v3/@claude-flow/cli/__tests__/cli.test.ts[2m > [22mCLI[2m > [22mVersion Command[2m > [22mshould show version with --version flag
 [32mΓ£ô[39m v3/@claude-flow/cli/__tests__/cli.test.ts[2m > [22mCLI[2m > [22mVersion Command[2m > [22mshould show version with -V flag
 [32mΓ£ô[39m v3/@claude-flow/cli/__tests__/cli.test.ts[2m > [22mCLI[2m > [22mVersion Command[2m > [22mshould show version with correct format
 [32mΓ£ô[39m v3/@claude-flow/hooks/__tests__/workers.test.ts[2m > [22mSecurity[2m > [22mshould limit file size when loading state
 [32mΓ£ô[39m v3/@claude-flow/cli/__tests__/ruvector/graph-analyzer.test.ts[2m > [22mGraph Analyzer[2m > [22mexportToDot[2m > [22mshould highlightCycles when option is enabled
 [32mΓ£ô[39m v3/@claude-flow/cli/__tests__/ruvector/graph-analyzer.test.ts[2m > [22mGraph Analyzer[2m > [22mfallback implementations[2m > [22mfallbackMinCut should return boundaries
 [32mΓ£ô[39m v3/@claude-flow/cli/__tests__/ruvector/graph-analyzer.test.ts[2m > [22mGraph Analyzer[2m > [22mfallback implementations[2m > [22mfallbackLouvain should return communities
 [32mΓ£ô[39m v3/plugins/healthcare-clinical/tests/types.test.ts[2m > [22mHealthcare Clinical Types[2m > [22mPatientSimilarityInputSchema[2m > [22mshould validate valid patient similarity input
 [32mΓ£ô[39m v3/plugins/healthcare-clinical/tests/types.test.ts[2m > [22mHealthcare Clinical Types[2m > [22mPatientSimilarityInputSchema[2m > [22mshould use default topK when not provided
 [32mΓ£ô[39m v3/plugins/healthcare-clinical/tests/types.test.ts[2m > [22mHealthcare Clinical Types[2m > [22mPatientSimilarityInputSchema[2m > [22mshould reject invalid ICD-10 codes
 [32mΓ£ô[39m v3/plugins/healthcare-clinical/tests/types.test.ts[2m > [22mHealthcare Clinical Types[2m > [22mPatientSimilarityInputSchema[2m > [22mshould reject ICD-10 codes with incorrect format
 [32mΓ£ô[39m v3/plugins/healthcare-clinical/tests/types.test.ts[2m > [22mHealthcare Clinical Types[2m > [22mPatientSimilarityInputSchema[2m > [22mshould validate with optional fields
 [32mΓ£ô[39m v3/plugins/healthcare-clinical/tests/types.test.ts[2m > [22mHealthcare Clinical Types[2m > [22mPatientSimilarityInputSchema[2m > [22mshould reject topK outside valid range
 [32mΓ£ô[39m v3/plugins/healthcare-clinical/tests/types.test.ts[2m > [22mHealthcare Clinical Types[2m > [22mPatientSimilarityInputSchema[2m > [22mshould reject too many diagnoses
 [32mΓ£ô[39m v3/plugins/healthcare-clinical/tests/types.test.ts[2m > [22mHealthcare Clinical Types[2m > [22mDrugInteractionsInputSchema[2m > [22mshould validate valid drug interactions input
 [32mΓ£ô[39m v3/plugins/healthcare-clinical/tests/types.test.ts[2m > [22mHealthcare Clinical Types[2m > [22mDrugInteractionsInputSchema[2m > [22mshould use default severity when not provided
 [32mΓ£ô[39m v3/plugins/healthcare-clinical/tests/types.test.ts[2m > [22mHealthcare Clinical Types[2m > [22mDrugInteractionsInputSchema[2m > [22mshould reject empty medications array
 [32mΓ£ô[39m v3/plugins/healthcare-clinical/tests/types.test.ts[2m > [22mHealthcare Clinical Types[2m > [22mDrugInteractionsInputSchema[2m > [22mshould validate with conditions
 [32mΓ£ô[39m v3/plugins/healthcare-clinical/tests/types.test.ts[2m > [22mHealthcare Clinical Types[2m > [22mDrugInteractionsInputSchema[2m > [22mshould reject invalid severity values
 [32mΓ£ô[39m v3/plugins/healthcare-clinical/tests/types.test.ts[2m > [22mHealthcare Clinical Types[2m > [22mDrugInteractionsInputSchema[2m > [22mshould reject too many medications
 [32mΓ£ô[39m v3/plugins/healthcare-clinical/tests/types.test.ts[2m > [22mHealthcare Clinical Types[2m > [22mClinicalPathwaysInputSchema[2m > [22mshould validate valid clinical pathways input
 [32mΓ£ô[39m v3/plugins/healthcare-clinical/tests/types.test.ts[2m > [22mHealthcare Clinical Types[2m > [22mClinicalPathwaysInputSchema[2m > [22mshould validate with constraints
 [32mΓ£ô[39m v3/plugins/healthcare-clinical/tests/types.test.ts[2m > [22mHealthcare Clinical Types[2m > [22mClinicalPathwaysInputSchema[2m > [22mshould reject diagnosis exceeding max length
 [32mΓ£ô[39m v3/plugins/healthcare-clinical/tests/types.test.ts[2m > [22mHealthcare Clinical Types[2m > [22mLiteratureSearchInputSchema[2m > [22mshould validate valid literature search input
 [32mΓ£ô[39m v3/plugins/healthcare-clinical/tests/types.test.ts[2m > [22mHealthcare Clinical Types[2m > [22mLiteratureSearchInputSchema[2m > [22mshould use default maxResults when not provided
 [32mΓ£ô[39m v3/plugins/healthcare-clinical/tests/types.test.ts[2m > [22mHealthcare Clinical Types[2m > [22mLiteratureSearchInputSchema[2m > [22mshould reject query too short
 [32mΓ£ô[39m v3/plugins/healthcare-clinical/tests/types.test.ts[2m > [22mHealthcare Clinical Types[2m > [22mLiteratureSearchInputSchema[2m > [22mshould reject query too long
 [32mΓ£ô[39m v3/plugins/healthcare-clinical/tests/types.test.ts[2m > [22mHealthcare Clinical Types[2m > [22mLiteratureSearchInputSchema[2m > [22mshould validate with date range and evidence level
 [32mΓ£ô[39m v3/plugins/healthcare-clinical/tests/types.test.ts[2m > [22mHealthcare Clinical Types[2m > [22mLiteratureSearchInputSchema[2m > [22mshould reject invalid sources
 [32mΓ£ô[39m v3/plugins/healthcare-clinical/tests/types.test.ts[2m > [22mHealthcare Clinical Types[2m > [22mLiteratureSearchInputSchema[2m > [22mshould reject invalid evidence levels
 [32mΓ£ô[39m v3/plugins/healthcare-clinical/tests/types.test.ts[2m > [22mHealthcare Clinical Types[2m > [22mOntologyNavigationInputSchema[2m > [22mshould validate valid ontology navigation input
 [32mΓ£ô[39m v3/plugins/healthcare-clinical/tests/types.test.ts[2m > [22mHealthcare Clinical Types[2m > [22mOntologyNavigationInputSchema[2m > [22mshould validate all ontology types
 [32mΓ£ô[39m v3/plugins/healthcare-clinical/tests/types.test.ts[2m > [22mHealthcare Clinical Types[2m > [22mOntologyNavigationInputSchema[2m > [22mshould validate all direction types
 [32mΓ£ô[39m v3/plugins/healthcare-clinical/tests/types.test.ts[2m > [22mHealthcare Clinical Types[2m > [22mOntologyNavigationInputSchema[2m > [22mshould reject invalid ontology
 [32mΓ£ô[39m v3/plugins/healthcare-clinical/tests/types.test.ts[2m > [22mHealthcare Clinical Types[2m > [22mOntologyNavigationInputSchema[2m > [22mshould reject depth outside valid range
 [31m├ù[39m v3/plugins/healthcare-clinical/tests/types.test.ts[2m > [22mHealthcare Clinical Types[2m > [22mResult Helpers[2m > [22mshould create success result
[31m   ΓåÆ expected undefined to be true // Object.is equality[39m
 [31m├ù[39m v3/plugins/healthcare-clinical/tests/types.test.ts[2m > [22mHealthcare Clinical Types[2m > [22mResult Helpers[2m > [22mshould create success result with metadata
[31m   ΓåÆ expected undefined to be true // Object.is equality[39m
 [31m├ù[39m v3/plugins/healthcare-clinical/tests/types.test.ts[2m > [22mHealthcare Clinical Types[2m > [22mResult Helpers[2m > [22mshould create error result from string
[31m   ΓåÆ expected undefined to be false // Object.is equality[39m
 [31m├ù[39m v3/plugins/healthcare-clinical/tests/types.test.ts[2m > [22mHealthcare Clinical Types[2m > [22mResult Helpers[2m > [22mshould create error result from Error object
[31m   ΓåÆ expected undefined to be false // Object.is equality[39m
 [31m├ù[39m v3/plugins/healthcare-clinical/tests/types.test.ts[2m > [22mHealthcare Clinical Types[2m > [22mResult Helpers[2m > [22mshould create error result with metadata
[31m   ΓåÆ expected undefined to be false // Object.is equality[39m
 [32mΓ£ô[39m v3/plugins/healthcare-clinical/tests/types.test.ts[2m > [22mHealthcare Clinical Types[2m > [22mDefault Configuration[2m > [22mshould have valid default configuration
 [32mΓ£ô[39m v3/plugins/healthcare-clinical/tests/types.test.ts[2m > [22mHealthcare Clinical Types[2m > [22mDefault Configuration[2m > [22mshould have valid HNSW configuration
 [32mΓ£ô[39m v3/plugins/healthcare-clinical/tests/types.test.ts[2m > [22mHealthcare Clinical Types[2m > [22mDefault Configuration[2m > [22mshould have valid search configuration
 [32mΓ£ô[39m v3/plugins/healthcare-clinical/tests/types.test.ts[2m > [22mHealthcare Clinical Types[2m > [22mDefault Configuration[2m > [22mshould have valid cache configuration
 [32mΓ£ô[39m v3/plugins/healthcare-clinical/tests/types.test.ts[2m > [22mHealthcare Clinical Types[2m > [22mError Codes[2m > [22mshould have all expected error codes
 [32mΓ£ô[39m v3/plugins/healthcare-clinical/tests/types.test.ts[2m > [22mHealthcare Clinical Types[2m > [22mRole Permissions[2m > [22mshould define permissions for all roles
 [32mΓ£ô[39m v3/plugins/healthcare-clinical/tests/types.test.ts[2m > [22mHealthcare Clinical Types[2m > [22mRole Permissions[2m > [22mshould have limited permissions for NURSE role
 [32mΓ£ô[39m v3/plugins/healthcare-clinical/tests/types.test.ts[2m > [22mHealthcare Clinical Types[2m > [22mRole Permissions[2m > [22mshould have limited permissions for CODER role
 [32mΓ£ô[39m v3/plugins/healthcare-clinical/tests/types.test.ts[2m > [22mHealthcare Clinical Types[2m > [22mRole Permissions[2m > [22mshould have full permissions for ADMIN role
 [32mΓ£ô[39m v3/@claude-flow/hooks/__tests__/workers.test.ts[2m > [22mSecurity[2m > [22mshould limit file size when loading state
 [32mΓ£ô[39m v3/@claude-flow/cli/__tests__/ruvector/graph-analyzer.test.ts[2m > [22mGraph Analyzer[2m > [22medge cases[2m > [22mshould handle files with syntax errors gracefully
 [32mΓ£ô[39m v3/@claude-flow/cli/__tests__/ruvector/graph-analyzer.test.ts[2m > [22mGraph Analyzer[2m > [22medge cases[2m > [22mshould handle files with syntax errors gracefully
 [32mΓ£ô[39m v3/@claude-flow/hooks/__tests__/workers.test.ts[2m > [22mBuilt-in Workers[2m > [22mshould run performance worker
 [32mΓ£ô[39m v3/@claude-flow/hooks/__tests__/workers.test.ts[2m > [22mBuilt-in Workers[2m > [22mshould run performance worker
 [32mΓ£ô[39m v3/@claude-flow/hooks/__tests__/workers.test.ts[2m > [22mBuilt-in Workers[2m > [22mshould run health worker
 [32mΓ£ô[39m v3/@claude-flow/cli/__tests__/ruvector/graph-analyzer.test.ts[2m > [22mGraph Analyzer[2m > [22medge cases[2m > [22mshould handle various import styles
 [32mΓ£ô[39m v3/@claude-flow/cli/__tests__/ruvector/graph-analyzer.test.ts[2m > [22mGraph Analyzer[2m > [22medge cases[2m > [22mshould handle various import styles
 [32mΓ£ô[39m v3/@claude-flow/cli/__tests__/ruvector/graph-analyzer.test.ts[2m > [22mGraph Analyzer[2m > [22medge cases[2m > [22mshould handle re-exports
 [32mΓ£ô[39m v3/@claude-flow/hooks/__tests__/workers.test.ts[2m > [22mBuilt-in Workers[2m > [22mshould run health worker
 [32mΓ£ô[39m v3/@claude-flow/cli/__tests__/ruvector/graph-analyzer.test.ts[2m > [22mGraph Analyzer[2m > [22medge cases[2m > [22mshould handle re-exports
TAP version 13
[90mstderr[2m | v3/@claude-flow/hooks/src/__tests__/guidance-provider.test.ts[2m > 
[22m[2mGuidanceProvider[2m > [22m[2mgenerateSessionContext[2m > [22m[2mshould return V3 development 
context[22m[39m
[ReasoningBank] AgentDB not available, using in-memory mode

 [32mΓ£ô[39m v3/@claude-flow/hooks/src/__tests__/guidance-provider.test.ts[2m > [22mGuidanceProvider[2m > [22mgenerateSessionContext[2m > [22mshould return V3 development context
# Subtest: RvfLearningStore
    # Subtest: initialize
        # Subtest: creates parent directory if it does not exist
        ok 1 - creates parent directory if it does not exist
          ---
          duration_ms: 38.5453
          type: 'test'
          ...
[90mstderr[2m | v3/@claude-flow/hooks/src/__tests__/guidance-provider.test.ts[2m > 
[22m[2mGuidanceProvider[2m > [22m[2mgenerateSessionContext[2m > [22m[2mshould include HNSW performance 
targets[22m[39m
[ReasoningBank] AgentDB not available, using in-memory mode

 [32mΓ£ô[39m v3/@claude-flow/cli/__tests__/ruvector/graph-analyzer.test.ts[2m > [22mGraph Analyzer[2m > [22medge cases[2m > [22mshould handle JavaScript files
        # Subtest: loads existing data on init
        ok 2 - loads existing data on init
          ---
          duration_ms: 69.4695
          type: 'test'
          ...
        # Subtest: is idempotent when called twice
        ok 3 - is idempotent when called twice
          ---
          duration_ms: 7.6793
          type: 'test'
          ...
        1..3
    ok 1 - initialize
      ---
      duration_ms: 117.3173
      type: 'suite'
      ...
 [32mΓ£ô[39m v3/@claude-flow/hooks/src/__tests__/guidance-provider.test.ts[2m > [22mGuidanceProvider[2m > [22mgenerateSessionContext[2m > [22mshould include HNSW performance targets
[90mstderr[2m | v3/@claude-flow/hooks/src/__tests__/guidance-provider.test.ts[2m > 
[22m[2mGuidanceProvider[2m > [22m[2mgenerateSessionContext[2m > [22m[2mshould include code quality 
rules[22m[39m
[ReasoningBank] AgentDB not available, using in-memory mode

 [32mΓ£ô[39m v3/@claude-flow/hooks/__tests__/workers.test.ts[2m > [22mBuilt-in Workers[2m > [22mshould run git worker
 [32mΓ£ô[39m v3/@claude-flow/hooks/__tests__/workers.test.ts[2m > [22mBuilt-in Workers[2m > [22mshould run swarm worker
 [32mΓ£ô[39m v3/@claude-flow/hooks/src/__tests__/guidance-provider.test.ts[2m > [22mGuidanceProvider[2m > [22mgenerateSessionContext[2m > [22mshould include code quality rules
 [32mΓ£ô[39m v3/@claude-flow/cli/__tests__/ruvector/graph-analyzer.test.ts[2m > [22mGraph Analyzer[2m > [22medge cases[2m > [22mshould handle JavaScript files
[90mstderr[2m | v3/@claude-flow/hooks/src/__tests__/guidance-provider.test.ts[2m > 
[22m[2mGuidanceProvider[2m > [22m[2mgenerateSessionContext[2m > [22m[2mshould include learned patterns 
count[22m[39m
[ReasoningBank] AgentDB not available, using in-memory mode

 [32mΓ£ô[39m v3/@claude-flow/hooks/__tests__/workers.test.ts[2m > [22mBuilt-in Workers[2m > [22mshould run swarm worker
 [32mΓ£ô[39m v3/@claude-flow/cli/__tests__/ruvector/graph-analyzer.test.ts[2m > [22mGraph Analyzer[2m > [22medge cases[2m > [22mshould handle mixed TS/JS projects
[90mstderr[2m | v3/@claude-flow/hooks/src/__tests__/guidance-provider.test.ts[2m > 
[22m[2mGuidanceProvider[2m > [22m[2mgeneratePromptContext[2m > [22m[2mshould detect security 
domain[22m[39m
[ReasoningBank] AgentDB not available, using in-memory mode

 [32mΓ£ô[39m v3/@claude-flow/hooks/src/__tests__/guidance-provider.test.ts[2m > [22mGuidanceProvider[2m > [22mgenerateSessionContext[2m > [22mshould include learned patterns count
 [32mΓ£ô[39m v3/@claude-flow/hooks/src/__tests__/guidance-provider.test.ts[2m > [22mGuidanceProvider[2m > [22mgeneratePromptContext[2m > [22mshould detect security domain
 [32mΓ£ô[39m v3/@claude-flow/cli/__tests__/cli.test.ts[2m > [22mCLI[2m > [22mHelp Command[2m > [22mshould show help when no command provided[33m 586[2mms[22m[39m
 [32mΓ£ô[39m v3/@claude-flow/cli/__tests__/cli.test.ts[2m > [22mCLI[2m > [22mHelp Command[2m > [22mshould show help with --help flag
 [32mΓ£ô[39m v3/@claude-flow/cli/__tests__/cli.test.ts[2m > [22mCLI[2m > [22mHelp Command[2m > [22mshould show help with -h flag
 [32mΓ£ô[39m v3/@claude-flow/cli/__tests__/cli.test.ts[2m > [22mCLI[2m > [22mHelp Command[2m > [22mshould show command-specific help
 [32mΓ£ô[39m v3/@claude-flow/cli/__tests__/cli.test.ts[2m > [22mCLI[2m > [22mHelp Command[2m > [22mshould list all available commands
 [32mΓ£ô[39m v3/@claude-flow/cli/__tests__/cli.test.ts[2m > [22mCLI[2m > [22mHelp Command[2m > [22mshould show V3 features in help
 [32mΓ£ô[39m v3/@claude-flow/cli/__tests__/cli.test.ts[2m > [22mCLI[2m > [22mHelp Command[2m > [22mshould show examples in help
 [32mΓ£ô[39m v3/@claude-flow/cli/__tests__/cli.test.ts[2m > [22mCLI[2m > [22mInvalid Commands[2m > [22mshould show error for unknown command
 [32mΓ£ô[39m v3/@claude-flow/cli/__tests__/cli.test.ts[2m > [22mCLI[2m > [22mInvalid Commands[2m > [22mshould suggest help for unknown command
 [32mΓ£ô[39m v3/@claude-flow/cli/__tests__/cli.test.ts[2m > [22mCLI[2m > [22mInvalid Commands[2m > [22mshould handle misspelled commands
 [32mΓ£ô[39m v3/plugins/test-intelligence/tests/mcp-tools.test.ts[2m > [22mTest Intelligence MCP Tools[2m > [22mTool Registry[2m > [22mshould export all 5 tools
 [32mΓ£ô[39m v3/plugins/test-intelligence/tests/mcp-tools.test.ts[2m > [22mTest Intelligence MCP Tools[2m > [22mTool Registry[2m > [22mshould have correct tool names
 [32mΓ£ô[39m v3/plugins/test-intelligence/tests/mcp-tools.test.ts[2m > [22mTest Intelligence MCP Tools[2m > [22mTool Registry[2m > [22mshould have category test-intelligence
 [32mΓ£ô[39m v3/plugins/test-intelligence/tests/mcp-tools.test.ts[2m > [22mTest Intelligence MCP Tools[2m > [22mTool Registry[2m > [22mshould have version 0.1.0
 [32mΓ£ô[39m v3/plugins/test-intelligence/tests/mcp-tools.test.ts[2m > [22mTest Intelligence MCP Tools[2m > [22mtest/select-predictive[2m > [22mshould have correct tool definition
 [32mΓ£ô[39m v3/plugins/test-intelligence/tests/mcp-tools.test.ts[2m > [22mTest Intelligence MCP Tools[2m > [22mtest/select-predictive[2m > [22mshould handle valid input with files
 [32mΓ£ô[39m v3/plugins/test-intelligence/tests/mcp-tools.test.ts[2m > [22mTest Intelligence MCP Tools[2m > [22mtest/select-predictive[2m > [22mshould handle valid input with git diff
 [32mΓ£ô[39m v3/plugins/test-intelligence/tests/mcp-tools.test.ts[2m > [22mTest Intelligence MCP Tools[2m > [22mtest/select-predictive[2m > [22mshould apply budget constraints
 [32mΓ£ô[39m v3/plugins/test-intelligence/tests/mcp-tools.test.ts[2m > [22mTest Intelligence MCP Tools[2m > [22mtest/select-predictive[2m > [22mshould reject invalid input
 [32mΓ£ô[39m v3/plugins/test-intelligence/tests/mcp-tools.test.ts[2m > [22mTest Intelligence MCP Tools[2m > [22mtest/select-predictive[2m > [22mshould use learning bridge when available
 [32mΓ£ô[39m v3/plugins/test-intelligence/tests/mcp-tools.test.ts[2m > [22mTest Intelligence MCP Tools[2m > [22mtest/flaky-detect[2m > [22mshould have correct tool definition
 [32mΓ£ô[39m v3/plugins/test-intelligence/tests/mcp-tools.test.ts[2m > [22mTest Intelligence MCP Tools[2m > [22mtest/flaky-detect[2m > [22mshould handle empty input (uses defaults)
 [32mΓ£ô[39m v3/plugins/test-intelligence/tests/mcp-tools.test.ts[2m > [22mTest Intelligence MCP Tools[2m > [22mtest/flaky-detect[2m > [22mshould handle valid scope and analysis types
 [32mΓ£ô[39m v3/plugins/test-intelligence/tests/mcp-tools.test.ts[2m > [22mTest Intelligence MCP Tools[2m > [22mtest/flaky-detect[2m > [22mshould reject invalid threshold
 [32mΓ£ô[39m v3/plugins/test-intelligence/tests/mcp-tools.test.ts[2m > [22mTest Intelligence MCP Tools[2m > [22mtest/flaky-detect[2m > [22mshould reject invalid historyDepth
 [32mΓ£ô[39m v3/plugins/test-intelligence/tests/mcp-tools.test.ts[2m > [22mTest Intelligence MCP Tools[2m > [22mtest/coverage-gaps[2m > [22mshould have correct tool definition
 [32mΓ£ô[39m v3/plugins/test-intelligence/tests/mcp-tools.test.ts[2m > [22mTest Intelligence MCP Tools[2m > [22mtest/coverage-gaps[2m > [22mshould handle empty input (uses defaults)
 [32mΓ£ô[39m v3/plugins/test-intelligence/tests/mcp-tools.test.ts[2m > [22mTest Intelligence MCP Tools[2m > [22mtest/coverage-gaps[2m > [22mshould handle valid input with all options
 [32mΓ£ô[39m v3/plugins/test-intelligence/tests/mcp-tools.test.ts[2m > [22mTest Intelligence MCP Tools[2m > [22mtest/coverage-gaps[2m > [22mshould reject invalid minCoverage
 [32mΓ£ô[39m v3/plugins/test-intelligence/tests/mcp-tools.test.ts[2m > [22mTest Intelligence MCP Tools[2m > [22mtest/coverage-gaps[2m > [22mshould reject too many target paths
 [32mΓ£ô[39m v3/plugins/test-intelligence/tests/mcp-tools.test.ts[2m > [22mTest Intelligence MCP Tools[2m > [22mtest/mutation-optimize[2m > [22mshould have correct tool definition
 [32mΓ£ô[39m v3/plugins/test-intelligence/tests/mcp-tools.test.ts[2m > [22mTest Intelligence MCP Tools[2m > [22mtest/mutation-optimize[2m > [22mshould handle valid input
 [32mΓ£ô[39m v3/plugins/test-intelligence/tests/mcp-tools.test.ts[2m > [22mTest Intelligence MCP Tools[2m > [22mtest/mutation-optimize[2m > [22mshould handle minimal input (uses defaults)
 [32mΓ£ô[39m v3/plugins/test-intelligence/tests/mcp-tools.test.ts[2m > [22mTest Intelligence MCP Tools[2m > [22mtest/mutation-optimize[2m > [22mshould handle mutation types filter
 [32mΓ£ô[39m v3/plugins/test-intelligence/tests/mcp-tools.test.ts[2m > [22mTest Intelligence MCP Tools[2m > [22mtest/mutation-optimize[2m > [22mshould reject missing targetPath
 [32mΓ£ô[39m v3/plugins/test-intelligence/tests/mcp-tools.test.ts[2m > [22mTest Intelligence MCP Tools[2m > [22mtest/mutation-optimize[2m > [22mshould reject invalid budget
 [32mΓ£ô[39m v3/plugins/test-intelligence/tests/mcp-tools.test.ts[2m > [22mTest Intelligence MCP Tools[2m > [22mtest/generate-suggest[2m > [22mshould have correct tool definition
 [32mΓ£ô[39m v3/plugins/test-intelligence/tests/mcp-tools.test.ts[2m > [22mTest Intelligence MCP Tools[2m > [22mtest/generate-suggest[2m > [22mshould handle valid input
 [32mΓ£ô[39m v3/plugins/test-intelligence/tests/mcp-tools.test.ts[2m > [22mTest Intelligence MCP Tools[2m > [22mtest/generate-suggest[2m > [22mshould use defaults when not provided
 [32mΓ£ô[39m v3/plugins/test-intelligence/tests/mcp-tools.test.ts[2m > [22mTest Intelligence MCP Tools[2m > [22mtest/generate-suggest[2m > [22mshould generate integration tests when requested
 [32mΓ£ô[39m v3/plugins/test-intelligence/tests/mcp-tools.test.ts[2m > [22mTest Intelligence MCP Tools[2m > [22mtest/generate-suggest[2m > [22mshould not generate edge cases when disabled
 [32mΓ£ô[39m v3/plugins/test-intelligence/tests/mcp-tools.test.ts[2m > [22mTest Intelligence MCP Tools[2m > [22mtest/generate-suggest[2m > [22mshould handle pytest framework
 [32mΓ£ô[39m v3/plugins/test-intelligence/tests/mcp-tools.test.ts[2m > [22mTest Intelligence MCP Tools[2m > [22mtest/generate-suggest[2m > [22mshould reject missing targetFunction
 [32mΓ£ô[39m v3/plugins/test-intelligence/tests/mcp-tools.test.ts[2m > [22mTest Intelligence MCP Tools[2m > [22mtest/generate-suggest[2m > [22mshould reject targetFunction exceeding max length
 [32mΓ£ô[39m v3/plugins/test-intelligence/tests/mcp-tools.test.ts[2m > [22mTest Intelligence MCP Tools[2m > [22mError Handling[2m > [22mshould handle handler exceptions gracefully
 [32mΓ£ô[39m v3/plugins/test-intelligence/tests/mcp-tools.test.ts[2m > [22mTest Intelligence MCP Tools[2m > [22mError Handling[2m > [22mshould log errors via context logger
 [32mΓ£ô[39m v3/plugins/test-intelligence/tests/mcp-tools.test.ts[2m > [22mTest Intelligence MCP Tools[2m > [22mPerformance Logging[2m > [22mshould log duration on success
 [32mΓ£ô[39m v3/@claude-flow/cli/__tests__/ruvector/graph-analyzer.test.ts[2m > [22mGraph Analyzer[2m > [22medge cases[2m > [22mshould handle mixed TS/JS projects
 [32mΓ£ô[39m v3/@claude-flow/hooks/__tests__/workers.test.ts[2m > [22mBuilt-in Workers[2m > [22mshould run learning worker
[90mstderr[2m | v3/@claude-flow/hooks/src/__tests__/guidance-provider.test.ts[2m > 
[22m[2mGuidanceProvider[2m > [22m[2mgeneratePromptContext[2m > [22m[2mshould detect testing 
domain[22m[39m
[ReasoningBank] AgentDB not available, using in-memory mode

 [32mΓ£ô[39m v3/mcp/__tests__/system-tools.test.ts[2m > [22mSystem Tools[2m > [22msystem/status[2m > [22mshould have correct tool definition
 [32mΓ£ô[39m v3/mcp/__tests__/system-tools.test.ts[2m > [22mSystem Tools[2m > [22msystem/status[2m > [22mshould return basic system status
 [32mΓ£ô[39m v3/mcp/__tests__/system-tools.test.ts[2m > [22mSystem Tools[2m > [22msystem/status[2m > [22mshould include agent information when requested
 [32mΓ£ô[39m v3/mcp/__tests__/system-tools.test.ts[2m > [22mSystem Tools[2m > [22msystem/status[2m > [22mshould include task information when requested
 [32mΓ£ô[39m v3/mcp/__tests__/system-tools.test.ts[2m > [22mSystem Tools[2m > [22msystem/status[2m > [22mshould include memory usage when requested
 [32mΓ£ô[39m v3/mcp/__tests__/system-tools.test.ts[2m > [22mSystem Tools[2m > [22msystem/status[2m > [22mshould include connection information when requested
 [32mΓ£ô[39m v3/mcp/__tests__/system-tools.test.ts[2m > [22mSystem Tools[2m > [22msystem/status[2m > [22mshould check component health
 [32mΓ£ô[39m v3/mcp/__tests__/system-tools.test.ts[2m > [22mSystem Tools[2m > [22msystem/metrics[2m > [22mshould have correct tool definition
 [32mΓ£ô[39m v3/mcp/__tests__/system-tools.test.ts[2m > [22mSystem Tools[2m > [22msystem/metrics[2m > [22mshould return metrics with default time range
 [32mΓ£ô[39m v3/mcp/__tests__/system-tools.test.ts[2m > [22mSystem Tools[2m > [22msystem/metrics[2m > [22mshould return metrics for different time ranges
 [32mΓ£ô[39m v3/mcp/__tests__/system-tools.test.ts[2m > [22mSystem Tools[2m > [22msystem/metrics[2m > [22mshould include agent metrics when requested
 [32mΓ£ô[39m v3/mcp/__tests__/system-tools.test.ts[2m > [22mSystem Tools[2m > [22msystem/metrics[2m > [22mshould include task metrics when requested
 [32mΓ£ô[39m v3/mcp/__tests__/system-tools.test.ts[2m > [22mSystem Tools[2m > [22msystem/metrics[2m > [22mshould include memory metrics when requested
 [32mΓ£ô[39m v3/mcp/__tests__/system-tools.test.ts[2m > [22mSystem Tools[2m > [22msystem/metrics[2m > [22mshould include swarm metrics when requested
 [32mΓ£ô[39m v3/mcp/__tests__/system-tools.test.ts[2m > [22mSystem Tools[2m > [22msystem/metrics[2m > [22mshould include all components by default
 [32mΓ£ô[39m v3/mcp/__tests__/system-tools.test.ts[2m > [22mSystem Tools[2m > [22msystem/metrics[2m > [22mshould provide summary metrics
 [32mΓ£ô[39m v3/mcp/__tests__/system-tools.test.ts[2m > [22mSystem Tools[2m > [22msystem/health[2m > [22mshould have correct tool definition
 [32mΓ£ô[39m v3/mcp/__tests__/system-tools.test.ts[2m > [22mSystem Tools[2m > [22msystem/health[2m > [22mshould perform basic health check
 [32mΓ£ô[39m v3/mcp/__tests__/system-tools.test.ts[2m > [22mSystem Tools[2m > [22msystem/health[2m > [22mshould include basic checks
 [32mΓ£ô[39m v3/mcp/__tests__/system-tools.test.ts[2m > [22mSystem Tools[2m > [22msystem/health[2m > [22mshould perform deep health check
 [32mΓ£ô[39m v3/mcp/__tests__/system-tools.test.ts[2m > [22mSystem Tools[2m > [22msystem/health[2m > [22mshould respect timeout setting
 [32mΓ£ô[39m v3/mcp/__tests__/system-tools.test.ts[2m > [22mSystem Tools[2m > [22msystem/health[2m > [22mshould check specific components
 [32mΓ£ô[39m v3/mcp/__tests__/system-tools.test.ts[2m > [22mSystem Tools[2m > [22msystem/health[2m > [22mshould report healthy status for passing checks
 [32mΓ£ô[39m v3/mcp/__tests__/system-tools.test.ts[2m > [22mSystem Tools[2m > [22msystem/health[2m > [22mshould report degraded status for warnings
 [32mΓ£ô[39m v3/mcp/__tests__/system-tools.test.ts[2m > [22mSystem Tools[2m > [22msystem/info[2m > [22mshould have correct tool definition
 [32mΓ£ô[39m v3/mcp/__tests__/system-tools.test.ts[2m > [22mSystem Tools[2m > [22msystem/info[2m > [22mshould return basic system information
 [32mΓ£ô[39m v3/mcp/__tests__/system-tools.test.ts[2m > [22mSystem Tools[2m > [22msystem/info[2m > [22mshould not include env by default
 [32mΓ£ô[39m v3/mcp/__tests__/system-tools.test.ts[2m > [22mSystem Tools[2m > [22msystem/info[2m > [22mshould include filtered env when requested
 [32mΓ£ô[39m v3/mcp/__tests__/system-tools.test.ts[2m > [22mSystem Tools[2m > [22msystem/info[2m > [22mshould include versions when requested
 [32mΓ£ô[39m v3/mcp/__tests__/system-tools.test.ts[2m > [22mSystem Tools[2m > [22msystem/info[2m > [22mshould include capabilities when requested
 [32mΓ£ô[39m v3/mcp/__tests__/system-tools.test.ts[2m > [22mSystem Tools[2m > [22msystem/info[2m > [22mshould include expected features
 [32mΓ£ô[39m v3/mcp/__tests__/system-tools.test.ts[2m > [22mSystem Tools[2m > [22msystem/info[2m > [22mshould include expected transports
 [32mΓ£ô[39m v3/mcp/__tests__/system-tools.test.ts[2m > [22mSystem Tools[2m > [22mTool Collection[2m > [22mshould export all 4 system tools
 [32mΓ£ô[39m v3/mcp/__tests__/system-tools.test.ts[2m > [22mSystem Tools[2m > [22mTool Collection[2m > [22mshould have unique tool names
 [32mΓ£ô[39m v3/mcp/__tests__/system-tools.test.ts[2m > [22mSystem Tools[2m > [22mTool Collection[2m > [22mshould all have handlers
 [32mΓ£ô[39m v3/mcp/__tests__/system-tools.test.ts[2m > [22mSystem Tools[2m > [22mTool Collection[2m > [22mshould all have inputSchema
 [32mΓ£ô[39m v3/mcp/__tests__/system-tools.test.ts[2m > [22mSystem Tools[2m > [22mTool Collection[2m > [22mshould all be in system category
 [32mΓ£ô[39m v3/mcp/__tests__/system-tools.test.ts[2m > [22mSystem Tools[2m > [22mTool Collection[2m > [22mshould include expected tool names
[90mstderr[2m | v3/@claude-flow/hooks/src/__tests__/guidance-provider.test.ts[2m > 
[22m[2mGuidanceProvider[2m > [22m[2mgeneratePromptContext[2m > [22m[2mshould include relevant learned 
patterns[22m[39m
[ReasoningBank] AgentDB not available, using in-memory mode

 [32mΓ£ô[39m v3/@claude-flow/hooks/__tests__/workers.test.ts[2m > [22mBuilt-in Workers[2m > [22mshould run learning worker
 [32mΓ£ô[39m v3/@claude-flow/hooks/src/__tests__/guidance-provider.test.ts[2m > [22mGuidanceProvider[2m > [22mgeneratePromptContext[2m > [22mshould detect testing domain
 [32mΓ£ô[39m v3/@claude-flow/hooks/src/__tests__/guidance-provider.test.ts[2m > [22mGuidanceProvider[2m > [22mgeneratePromptContext[2m > [22mshould include relevant learned patterns
 [32mΓ£ô[39m v3/@claude-flow/cli/__tests__/cli.test.ts[2m > [22mCLI[2m > [22mArgument Parsing[2m > [22mshould parse long flags
 [32mΓ£ô[39m v3/@claude-flow/cli/__tests__/cli.test.ts[2m > [22mCLI[2m > [22mArgument Parsing[2m > [22mshould parse short flags
 [32mΓ£ô[39m v3/@claude-flow/cli/__tests__/cli.test.ts[2m > [22mCLI[2m > [22mArgument Parsing[2m > [22mshould parse flags with values
 [32mΓ£ô[39m v3/@claude-flow/cli/__tests__/cli.test.ts[2m > [22mCLI[2m > [22mArgument Parsing[2m > [22mshould parse flags with equals syntax
 [32mΓ£ô[39m v3/@claude-flow/cli/__tests__/cli.test.ts[2m > [22mCLI[2m > [22mArgument Parsing[2m > [22mshould parse positional arguments
[90mstderr[2m | v3/@claude-flow/hooks/src/__tests__/guidance-provider.test.ts[2m > 
[22m[2mGuidanceProvider[2m > [22m[2mgeneratePreEditGuidance[2m > [22m[2msecurity checks[2m > 
[22m[2mshould block .env files[22m[39m
[ReasoningBank] AgentDB not available, using in-memory mode

[90mstderr[2m | v3/@claude-flow/hooks/src/__tests__/guidance-provider.test.ts[2m > 
[22m[2mGuidanceProvider[2m > [22m[2mgeneratePreEditGuidance[2m > [22m[2msecurity checks[2m > 
[22m[2mshould block .pem files[22m[39m
[ReasoningBank] AgentDB not available, using in-memory mode

 [32mΓ£ô[39m v3/@claude-flow/hooks/src/__tests__/guidance-provider.test.ts[2m > [22mGuidanceProvider[2m > [22mgeneratePreEditGuidance[2m > [22msecurity checks[2m > [22mshould block .env files
 [32mΓ£ô[39m v3/@claude-flow/hooks/src/__tests__/guidance-provider.test.ts[2m > [22mGuidanceProvider[2m > [22mgeneratePreEditGuidance[2m > [22msecurity checks[2m > [22mshould block .pem files
 [32mΓ£ô[39m v3/@claude-flow/cli/__tests__/cli.test.ts[2m > [22mCLI[2m > [22mArgument Parsing[2m > [22mshould handle boolean flags correctly
 [32mΓ£ô[39m v3/@claude-flow/cli/__tests__/cli.test.ts[2m > [22mCLI[2m > [22mArgument Parsing[2m > [22mshould handle negated boolean flags
 [32mΓ£ô[39m v3/@claude-flow/cli/__tests__/cli.test.ts[2m > [22mCLI[2m > [22mGlobal Flags[2m > [22mshould handle --quiet flag
[90mstderr[2m | v3/@claude-flow/hooks/src/__tests__/guidance-provider.test.ts[2m > 
[22m[2mGuidanceProvider[2m > [22m[2mgeneratePreEditGuidance[2m > [22m[2msecurity checks[2m > 
[22m[2mshould block credentials files[22m[39m
[ReasoningBank] AgentDB not available, using in-memory mode

 [32mΓ£ô[39m v3/@claude-flow/hooks/src/__tests__/guidance-provider.test.ts[2m > [22mGuidanceProvider[2m > [22mgeneratePreEditGuidance[2m > [22msecurity checks[2m > [22mshould block credentials files
[90mstderr[2m | v3/@claude-flow/hooks/src/__tests__/guidance-provider.test.ts[2m > 
[22m[2mGuidanceProvider[2m > [22m[2mgeneratePreEditGuidance[2m > [22m[2msecurity checks[2m > 
[22m[2mshould block secret files[22m[39m
[ReasoningBank] AgentDB not available, using in-memory mode

[90mstderr[2m | v3/@claude-flow/hooks/src/__tests__/guidance-provider.test.ts[2m > 
[22m[2mGuidanceProvider[2m > [22m[2mgeneratePreEditGuidance[2m > [22m[2msecurity checks[2m > 
[22m[2mshould block password files[22m[39m
[ReasoningBank] AgentDB not available, using in-memory mode

[90mstdout[2m | v3/@claude-flow/plugins/__tests__/enhanced-plugin-registry.test.ts[2m > [22m[2mEnhancedPluginRegistry[2m > [22m[2mregistration[2m > [22m[2mshould register a plugin[22m[39m
[INFO] Plugin registered: test-plugin v1.0.0 { component: [32m'EnhancedPluginRegistry'[39m }

[90mstdout[2m | v3/@claude-flow/plugins/__tests__/enhanced-plugin-registry.test.ts[2m > [22m[2mEnhancedPluginRegistry[2m > [22m[2mregistration[2m > [22m[2mshould reject duplicate plugins[22m[39m
[INFO] Plugin registered: test-plugin v1.0.0 { component: [32m'EnhancedPluginRegistry'[39m }

[90mstdout[2m | v3/@claude-flow/plugins/__tests__/enhanced-plugin-registry.test.ts[2m > [22m[2mEnhancedPluginRegistry[2m > [22m[2mregistration[2m > [22m[2mshould respect max plugins limit[22m[39m
[INFO] Plugin registered: plugin-1 v1.0.0 { component: [32m'EnhancedPluginRegistry'[39m }
[INFO] Plugin registered: plugin-2 v1.0.0 { component: [32m'EnhancedPluginRegistry'[39m }

[90mstdout[2m | v3/@claude-flow/plugins/__tests__/enhanced-plugin-registry.test.ts[2m > [22m[2mEnhancedPluginRegistry[2m > [22m[2mversion constraints[2m > [22m[2mshould check maxCoreVersion[22m[39m
[INFO] Plugin registered: test-plugin v1.0.0 { component: [32m'EnhancedPluginRegistry'[39m }

[90mstdout[2m | v3/@claude-flow/plugins/__tests__/enhanced-plugin-registry.test.ts[2m > [22m[2mEnhancedPluginRegistry[2m > [22m[2mversion constraints[2m > [22m[2mshould validate dependency versions during initialization[22m[39m
[INFO] Plugin registered: dep-plugin v1.0.0 { component: [32m'EnhancedPluginRegistry'[39m }

[90mstdout[2m | v3/@claude-flow/plugins/__tests__/enhanced-plugin-registry.test.ts[2m > [22m[2mEnhancedPluginRegistry[2m > [22m[2mversion constraints[2m > [22m[2mshould pass validation with compatible versions[22m[39m
[INFO] Plugin registered: dep-plugin v1.5.0 { component: [32m'EnhancedPluginRegistry'[39m }

[90mstdout[2m | v3/@claude-flow/plugins/__tests__/enhanced-plugin-registry.test.ts[2m > [22m[2mEnhancedPluginRegistry[2m > [22m[2msafe unload[2m > [22m[2mshould prevent unload of plugins with dependents[22m[39m
[INFO] Plugin registered: base-plugin v1.0.0 { component: [32m'EnhancedPluginRegistry'[39m }

[90mstdout[2m | v3/@claude-flow/plugins/__tests__/enhanced-plugin-registry.test.ts[2m > [22m[2mEnhancedPluginRegistry[2m > [22m[2msafe unload[2m > [22m[2mshould allow cascade unload[22m[39m
[INFO] Plugin registered: base-plugin v1.0.0 { component: [32m'EnhancedPluginRegistry'[39m }

[90mstdout[2m | v3/@claude-flow/plugins/__tests__/enhanced-plugin-registry.test.ts[2m > [22m[2mEnhancedPluginRegistry[2m > [22m[2msafe unload[2m > [22m[2mshould allow force unload[22m[39m
[INFO] Plugin registered: base-plugin v1.0.0 { component: [32m'EnhancedPluginRegistry'[39m }

[90mstdout[2m | v3/@claude-flow/plugins/__tests__/enhanced-plugin-registry.test.ts[2m > [22m[2mEnhancedPluginRegistry[2m > [22m[2minitialization strategies[2m > [22m[2mshould initialize sequentially by default[22m[39m
[INFO] Plugin registered: plugin-1 v1.0.0 { component: [32m'EnhancedPluginRegistry'[39m }
[INFO] Plugin registered: plugin-2 v1.0.0 { component: [32m'EnhancedPluginRegistry'[39m }
[INFO] Plugin initialized: plugin-1 { component: [32m'EnhancedPluginRegistry'[39m }
[INFO] Plugin initialized: plugin-2 { component: [32m'EnhancedPluginRegistry'[39m }
[INFO] Registry initialized with 2 plugins (sequential) { component: [32m'EnhancedPluginRegistry'[39m }

[90mstdout[2m | v3/@claude-flow/plugins/__tests__/enhanced-plugin-registry.test.ts[2m > [22m[2mEnhancedPluginRegistry[2m > [22m[2minitialization strategies[2m > [22m[2mshould support parallel initialization[22m[39m
[INFO] Plugin registered: plugin-1 v1.0.0 { component: [32m'EnhancedPluginRegistry'[39m }
[INFO] Plugin registered: plugin-2 v1.0.0 { component: [32m'EnhancedPluginRegistry'[39m }
[INFO] Plugin registered: plugin-3 v1.0.0 { component: [32m'EnhancedPluginRegistry'[39m }
[INFO] Registry initialized with 3 plugins (parallel) { component: [32m'EnhancedPluginRegistry'[39m }

[90mstdout[2m | v3/@claude-flow/plugins/__tests__/enhanced-plugin-registry.test.ts[2m > [22m[2mEnhancedPluginRegistry[2m > [22m[2minitialization strategies[2m > [22m[2mshould support parallel-safe initialization[22m[39m
[INFO] Plugin registered: base v1.0.0 { component: [32m'EnhancedPluginRegistry'[39m }

[90mstdout[2m | v3/@claude-flow/plugins/__tests__/enhanced-plugin-registry.test.ts[2m > [22m[2mEnhancedPluginRegistry[2m > [22m[2mhot reload[2m > [22m[2mshould reject name mismatch[22m[39m
[INFO] Plugin registered: original v1.0.0 { component: [32m'EnhancedPluginRegistry'[39m }
[INFO] Plugin initialized: original { component: [32m'EnhancedPluginRegistry'[39m }
[INFO] Registry initialized with 1 plugins (sequential) { component: [32m'EnhancedPluginRegistry'[39m }

[90mstdout[2m | v3/@claude-flow/plugins/__tests__/enhanced-plugin-registry.test.ts[2m > [22m[2mEnhancedPluginRegistry[2m > [22m[2mconflict resolution[2m > [22m[2mshould error on conflict by default[22m[39m
[INFO] Plugin registered: plugin-1 v1.0.0 { component: [32m'EnhancedPluginRegistry'[39m }
[INFO] Plugin registered: plugin-2 v1.0.0 { component: [32m'EnhancedPluginRegistry'[39m }
[INFO] Plugin initialized: plugin-1 { component: [32m'EnhancedPluginRegistry'[39m }
[INFO] Registry initialized with 2 plugins (sequential) { component: [32m'EnhancedPluginRegistry'[39m }

[90mstderr[2m | v3/@claude-flow/plugins/__tests__/enhanced-plugin-registry.test.ts[2m > 
[22m[2mEnhancedPluginRegistry[2m > [22m[2mconflict resolution[2m > [22m[2mshould error on conflict by 
default[22m[39m
[ERROR] Failed to initialize plugin plugin-2: mcpTools: shared-tool conflict between plugin-1 and plugin-2 { 
component: [32m'EnhancedPluginRegistry'[39m }

[90mstdout[2m | v3/@claude-flow/plugins/__tests__/enhanced-plugin-registry.test.ts[2m > [22m[2mEnhancedPluginRegistry[2m > [22m[2mconflict resolution[2m > [22m[2mshould support first-wins strategy[22m[39m
[INFO] Plugin registered: plugin-1 v1.0.0 { component: [32m'EnhancedPluginRegistry'[39m }
[INFO] Plugin registered: plugin-2 v1.0.0 { component: [32m'EnhancedPluginRegistry'[39m }
[INFO] Plugin initialized: plugin-1 { component: [32m'EnhancedPluginRegistry'[39m }
[INFO] Plugin initialized: plugin-2 { component: [32m'EnhancedPluginRegistry'[39m }
[INFO] Registry initialized with 2 plugins (sequential) { component: [32m'EnhancedPluginRegistry'[39m }

[90mstderr[2m | v3/@claude-flow/plugins/__tests__/enhanced-plugin-registry.test.ts[2m > 
[22m[2mEnhancedPluginRegistry[2m > [22m[2mconflict resolution[2m > [22m[2mshould support first-wins 
strategy[22m[39m
[WARN] mcpTools: shared-tool already registered by plugin-1, ignoring from plugin-2 { component: 
[32m'EnhancedPluginRegistry'[39m }

[90mstdout[2m | v3/@claude-flow/plugins/__tests__/enhanced-plugin-registry.test.ts[2m > [22m[2mEnhancedPluginRegistry[2m > [22m[2mconflict resolution[2m > [22m[2mshould support namespace strategy[22m[39m
[INFO] Plugin registered: plugin-1 v1.0.0 { component: [32m'EnhancedPluginRegistry'[39m }
[INFO] Plugin registered: plugin-2 v1.0.0 { component: [32m'EnhancedPluginRegistry'[39m }
[INFO] Plugin initialized: plugin-1 { component: [32m'EnhancedPluginRegistry'[39m }
[INFO] Plugin initialized: plugin-2 { component: [32m'EnhancedPluginRegistry'[39m }
[INFO] Registry initialized with 2 plugins (sequential) { component: [32m'EnhancedPluginRegistry'[39m }

[90mstdout[2m | v3/@claude-flow/plugins/__tests__/enhanced-plugin-registry.test.ts[2m > [22m[2mEnhancedPluginRegistry[2m > [22m[2mhealth check[2m > [22m[2mshould return health status for all plugins[22m[39m
[INFO] Plugin registered: healthy-plugin v1.0.0 { component: [32m'EnhancedPluginRegistry'[39m }
[INFO] Plugin initialized: healthy-plugin { component: [32m'EnhancedPluginRegistry'[39m }
[INFO] Registry initialized with 1 plugins (sequential) { component: [32m'EnhancedPluginRegistry'[39m }

[90mstdout[2m | v3/@claude-flow/plugins/__tests__/enhanced-plugin-registry.test.ts[2m > [22m[2mEnhancedPluginRegistry[2m > [22m[2mhealth check[2m > [22m[2mshould report unhealthy for uninitialized plugins[22m[39m
[INFO] Plugin registered: uninitialized-plugin v1.0.0 { component: [32m'EnhancedPluginRegistry'[39m }

[90mstdout[2m | v3/@claude-flow/plugins/__tests__/enhanced-plugin-registry.test.ts[2m > [22m[2mEnhancedPluginRegistry[2m > [22m[2mstats[2m > [22m[2mshould return correct statistics[22m[39m
[INFO] Plugin registered: plugin-1 v1.0.0 { component: [32m'EnhancedPluginRegistry'[39m }
[INFO] Plugin registered: plugin-2 v1.0.0 { component: [32m'EnhancedPluginRegistry'[39m }
[INFO] Plugin initialized: plugin-1 { component: [32m'EnhancedPluginRegistry'[39m }
[INFO] Plugin initialized: plugin-2 { component: [32m'EnhancedPluginRegistry'[39m }
[INFO] Registry initialized with 2 plugins (sequential) { component: [32m'EnhancedPluginRegistry'[39m }

 [32mΓ£ô[39m v3/@claude-flow/plugins/__tests__/enhanced-plugin-registry.test.ts[2m > [22mEnhancedPluginRegistry[2m > [22mregistration[2m > [22mshould register a plugin
 [32mΓ£ô[39m v3/@claude-flow/plugins/__tests__/enhanced-plugin-registry.test.ts[2m > [22mEnhancedPluginRegistry[2m > [22mregistration[2m > [22mshould reject duplicate plugins
 [32mΓ£ô[39m v3/@claude-flow/plugins/__tests__/enhanced-plugin-registry.test.ts[2m > [22mEnhancedPluginRegistry[2m > [22mregistration[2m > [22mshould respect max plugins limit
 [32mΓ£ô[39m v3/@claude-flow/plugins/__tests__/enhanced-plugin-registry.test.ts[2m > [22mEnhancedPluginRegistry[2m > [22mversion constraints[2m > [22mshould check minCoreVersion
 [32mΓ£ô[39m v3/@claude-flow/plugins/__tests__/enhanced-plugin-registry.test.ts[2m > [22mEnhancedPluginRegistry[2m > [22mversion constraints[2m > [22mshould check maxCoreVersion
 [31m├ù[39m v3/@claude-flow/plugins/__tests__/enhanced-plugin-registry.test.ts[2m > [22mEnhancedPluginRegistry[2m > [22mversion constraints[2m > [22mshould validate dependency versions during initialization
[31m   ΓåÆ Invalid plugin: does not implement IPlugin interface[39m
 [31m├ù[39m v3/@claude-flow/plugins/__tests__/enhanced-plugin-registry.test.ts[2m > [22mEnhancedPluginRegistry[2m > [22mversion constraints[2m > [22mshould pass validation with compatible versions
[31m   ΓåÆ Invalid plugin: does not implement IPlugin interface[39m
 [31m├ù[39m v3/@claude-flow/plugins/__tests__/enhanced-plugin-registry.test.ts[2m > [22mEnhancedPluginRegistry[2m > [22msafe unload[2m > [22mshould prevent unload of plugins with dependents
[31m   ΓåÆ Invalid plugin: does not implement IPlugin interface[39m
 [31m├ù[39m v3/@claude-flow/plugins/__tests__/enhanced-plugin-registry.test.ts[2m > [22mEnhancedPluginRegistry[2m > [22msafe unload[2m > [22mshould allow cascade unload
[31m   ΓåÆ Invalid plugin: does not implement IPlugin interface[39m
 [31m├ù[39m v3/@claude-flow/plugins/__tests__/enhanced-plugin-registry.test.ts[2m > [22mEnhancedPluginRegistry[2m > [22msafe unload[2m > [22mshould allow force unload
[31m   ΓåÆ Invalid plugin: does not implement IPlugin interface[39m
 [32mΓ£ô[39m v3/@claude-flow/plugins/__tests__/enhanced-plugin-registry.test.ts[2m > [22mEnhancedPluginRegistry[2m > [22minitialization strategies[2m > [22mshould initialize sequentially by default
 [32mΓ£ô[39m v3/@claude-flow/plugins/__tests__/enhanced-plugin-registry.test.ts[2m > [22mEnhancedPluginRegistry[2m > [22minitialization strategies[2m > [22mshould support parallel initialization
 [31m├ù[39m v3/@claude-flow/plugins/__tests__/enhanced-plugin-registry.test.ts[2m > [22mEnhancedPluginRegistry[2m > [22minitialization strategies[2m > [22mshould support parallel-safe initialization
[31m   ΓåÆ Invalid plugin: does not implement IPlugin interface[39m
 [31m├ù[39m v3/@claude-flow/plugins/__tests__/enhanced-plugin-registry.test.ts[2m > [22mEnhancedPluginRegistry[2m > [22mhot reload[2m > [22mshould reload a plugin
[31m   ΓåÆ Invalid plugin: does not implement IPlugin interface[39m
 [31m├ù[39m v3/@claude-flow/plugins/__tests__/enhanced-plugin-registry.test.ts[2m > [22mEnhancedPluginRegistry[2m > [22mhot reload[2m > [22mshould preserve state during reload
[31m   ΓåÆ Invalid plugin: does not implement IPlugin interface[39m
 [32mΓ£ô[39m v3/@claude-flow/plugins/__tests__/enhanced-plugin-registry.test.ts[2m > [22mEnhancedPluginRegistry[2m > [22mhot reload[2m > [22mshould reject name mismatch
 [31m├ù[39m v3/@claude-flow/plugins/__tests__/enhanced-plugin-registry.test.ts[2m > [22mEnhancedPluginRegistry[2m > [22mconflict resolution[2m > [22mshould error on conflict by default
[31m   ΓåÆ promise resolved "undefined" instead of rejecting[39m
 [32mΓ£ô[39m v3/@claude-flow/plugins/__tests__/enhanced-plugin-registry.test.ts[2m > [22mEnhancedPluginRegistry[2m > [22mconflict resolution[2m > [22mshould support first-wins strategy
 [31m├ù[39m v3/@claude-flow/plugins/__tests__/enhanced-plugin-registry.test.ts[2m > [22mEnhancedPluginRegistry[2m > [22mconflict resolution[2m > [22mshould support namespace strategy
[31m   ΓåÆ expected [ 'tool', 'plugin-2:tool' ] to include 'plugin-1:tool'[39m
 [32mΓ£ô[39m v3/@claude-flow/plugins/__tests__/enhanced-plugin-registry.test.ts[2m > [22mEnhancedPluginRegistry[2m > [22mhealth check[2m > [22mshould return health status for all plugins
 [32mΓ£ô[39m v3/@claude-flow/plugins/__tests__/enhanced-plugin-registry.test.ts[2m > [22mEnhancedPluginRegistry[2m > [22mhealth check[2m > [22mshould report unhealthy for uninitialized plugins
 [32mΓ£ô[39m v3/@claude-flow/plugins/__tests__/enhanced-plugin-registry.test.ts[2m > [22mEnhancedPluginRegistry[2m > [22menhanced service container[2m > [22mshould list all services
 [32mΓ£ô[39m v3/@claude-flow/plugins/__tests__/enhanced-plugin-registry.test.ts[2m > [22mEnhancedPluginRegistry[2m > [22menhanced service container[2m > [22mshould list services by prefix
 [32mΓ£ô[39m v3/@claude-flow/plugins/__tests__/enhanced-plugin-registry.test.ts[2m > [22mEnhancedPluginRegistry[2m > [22menhanced service container[2m > [22mshould store and retrieve metadata
 [32mΓ£ô[39m v3/@claude-flow/plugins/__tests__/enhanced-plugin-registry.test.ts[2m > [22mEnhancedPluginRegistry[2m > [22mstats[2m > [22mshould return correct statistics
 [31m├ù[39m v3/@claude-flow/plugins/__tests__/enhanced-plugin-registry.test.ts[2m > [22mEnhancedPluginRegistry[2m > [22mshutdown[2m > [22mshould shutdown all plugins
[31m   ΓåÆ Invalid plugin: does not implement IPlugin interface[39m
[90mstderr[2m | v3/@claude-flow/hooks/src/__tests__/guidance-provider.test.ts[2m > 
[22m[2mGuidanceProvider[2m > [22m[2mgeneratePreEditGuidance[2m > [22m[2mwarning checks[2m > 
[22m[2mshould warn about production files[22m[39m
[ReasoningBank] AgentDB not available, using in-memory mode

 [32mΓ£ô[39m v3/@claude-flow/cli/__tests__/cli.test.ts[2m > [22mCLI[2m > [22mGlobal Flags[2m > [22mshould handle --format flag
 [32mΓ£ô[39m v3/@claude-flow/cli/__tests__/cli.test.ts[2m > [22mCLI[2m > [22mGlobal Flags[2m > [22mshould handle --config flag
 [32mΓ£ô[39m v3/@claude-flow/cli/__tests__/cli.test.ts[2m > [22mCLI[2m > [22mGlobal Flags[2m > [22mshould disable color with --no-color
 [32mΓ£ô[39m v3/@claude-flow/cli/__tests__/cli.test.ts[2m > [22mCLI[2m > [22mError Handling[2m > [22mshould handle command execution errors
 [32mΓ£ô[39m v3/@claude-flow/cli/__tests__/cli.test.ts[2m > [22mCLI[2m > [22mError Handling[2m > [22mshould handle missing required options
 [32mΓ£ô[39m v3/@claude-flow/cli/__tests__/cli.test.ts[2m > [22mCLI[2m > [22mError Handling[2m > [22mshould show debug info when DEBUG env var is set
 [32mΓ£ô[39m v3/@claude-flow/hooks/src/__tests__/guidance-provider.test.ts[2m > [22mGuidanceProvider[2m > [22mgeneratePreEditGuidance[2m > [22msecurity checks[2m > [22mshould block secret files
 [32mΓ£ô[39m v3/@claude-flow/hooks/src/__tests__/guidance-provider.test.ts[2m > [22mGuidanceProvider[2m > [22mgeneratePreEditGuidance[2m > [22msecurity checks[2m > [22mshould block password files
 [32mΓ£ô[39m v3/@claude-flow/hooks/src/__tests__/guidance-provider.test.ts[2m > [22mGuidanceProvider[2m > [22mgeneratePreEditGuidance[2m > [22mwarning checks[2m > [22mshould warn about production files
[90mstderr[2m | v3/@claude-flow/hooks/src/__tests__/guidance-provider.test.ts[2m > 
[22m[2mGuidanceProvider[2m > [22m[2mgeneratePreEditGuidance[2m > [22m[2mwarning checks[2m > 
[22m[2mshould warn about prod files[22m[39m
[ReasoningBank] AgentDB not available, using in-memory mode

 [32mΓ£ô[39m v3/@claude-flow/hooks/src/__tests__/guidance-provider.test.ts[2m > [22mGuidanceProvider[2m > [22mgeneratePreEditGuidance[2m > [22mwarning checks[2m > [22mshould warn about prod files
[90mstderr[2m | v3/@claude-flow/hooks/src/__tests__/guidance-provider.test.ts[2m > 
[22m[2mGuidanceProvider[2m > [22m[2mgeneratePreEditGuidance[2m > [22m[2mwarning checks[2m > 
[22m[2mshould warn about live files[22m[39m
[ReasoningBank] AgentDB not available, using in-memory mode

 [32mΓ£ô[39m v3/@claude-flow/hooks/src/__tests__/guidance-provider.test.ts[2m > [22mGuidanceProvider[2m > [22mgeneratePreEditGuidance[2m > [22mwarning checks[2m > [22mshould warn about live files
 [32mΓ£ô[39m v3/@claude-flow/cli/__tests__/cli.test.ts[2m > [22mCLI[2m > [22mSubcommands[2m > [22mshould execute subcommand
 [32mΓ£ô[39m v3/@claude-flow/cli/__tests__/cli.test.ts[2m > [22mCLI[2m > [22mSubcommands[2m > [22mshould handle subcommand aliases
 [32mΓ£ô[39m v3/@claude-flow/cli/__tests__/cli.test.ts[2m > [22mCLI[2m > [22mExit Codes[2m > [22mshould exit with code 0 on success
 [32mΓ£ô[39m v3/@claude-flow/cli/__tests__/cli.test.ts[2m > [22mCLI[2m > [22mExit Codes[2m > [22mshould exit with code 1 on unknown command
 [32mΓ£ô[39m v3/@claude-flow/cli/__tests__/cli.test.ts[2m > [22mCLI[2m > [22mExit Codes[2m > [22mshould exit with custom code from command result
[90mstderr[2m | v3/@claude-flow/hooks/src/__tests__/guidance-provider.test.ts[2m > 
[22m[2mGuidanceProvider[2m > [22m[2mgeneratePreEditGuidance[2m > [22m[2mfile type guidance[2m > 
[22m[2mshould provide testing guidance for test files[22m[39m
[ReasoningBank] AgentDB not available, using in-memory mode

[90mstderr[2m | v3/@claude-flow/hooks/src/__tests__/guidance-provider.test.ts[2m > 
[22m[2mGuidanceProvider[2m > [22m[2mgeneratePreEditGuidance[2m > [22m[2mfile type guidance[2m > 
[22m[2mshould provide security guidance for auth files[22m[39m
[ReasoningBank] AgentDB not available, using in-memory mode

 [32mΓ£ô[39m v3/plugins/cognitive-kernel/tests/bridges.test.ts[2m > [22mCognitiveBridge[2m > [22minitialization[2m > [22mshould start in unloaded state
 [32mΓ£ô[39m v3/plugins/cognitive-kernel/tests/bridges.test.ts[2m > [22mCognitiveBridge[2m > [22minitialization[2m > [22mshould have correct name and version
[90mstderr[2m | v3/@claude-flow/hooks/src/__tests__/guidance-provider.test.ts[2m > 
[22m[2mGuidanceProvider[2m > [22m[2mgeneratePreEditGuidance[2m > [22m[2mfile type guidance[2m > 
[22m[2mshould provide memory guidance for cache files[22m[39m
[ReasoningBank] AgentDB not available, using in-memory mode

 [32mΓ£ô[39m v3/@claude-flow/hooks/src/__tests__/guidance-provider.test.ts[2m > [22mGuidanceProvider[2m > [22mgeneratePreEditGuidance[2m > [22mfile type guidance[2m > [22mshould provide testing guidance for test files
 [32mΓ£ô[39m v3/@claude-flow/hooks/src/__tests__/guidance-provider.test.ts[2m > [22mGuidanceProvider[2m > [22mgeneratePreEditGuidance[2m > [22mfile type guidance[2m > [22mshould provide security guidance for auth files
 [32mΓ£ô[39m v3/@claude-flow/hooks/src/__tests__/guidance-provider.test.ts[2m > [22mGuidanceProvider[2m > [22mgeneratePreEditGuidance[2m > [22mfile type guidance[2m > [22mshould provide memory guidance for cache files
[90mstderr[2m | v3/@claude-flow/hooks/src/__tests__/guidance-provider.test.ts[2m > 
[22m[2mGuidanceProvider[2m > [22m[2mgeneratePreEditGuidance[2m > [22m[2mfile type guidance[2m > 
[22m[2mshould provide swarm guidance for coordinator files[22m[39m
[ReasoningBank] AgentDB not available, using in-memory mode

[90mstderr[2m | v3/@claude-flow/hooks/src/__tests__/guidance-provider.test.ts[2m > 
[22m[2mGuidanceProvider[2m > [22m[2mgeneratePreEditGuidance[2m > [22m[2mfile type guidance[2m > 
[22m[2mshould provide TypeScript guidance for .ts files[22m[39m
[ReasoningBank] AgentDB not available, using in-memory mode

[90mstderr[2m | v3/@claude-flow/hooks/src/__tests__/guidance-provider.test.ts[2m > 
[22m[2mGuidanceProvider[2m > [22m[2mgeneratePreEditGuidance[2m > [22m[2mshould allow normal files 
without specific guidance[22m[39m
[ReasoningBank] AgentDB not available, using in-memory mode

 [32mΓ£ô[39m v3/@claude-flow/hooks/src/__tests__/guidance-provider.test.ts[2m > [22mGuidanceProvider[2m > [22mgeneratePreEditGuidance[2m > [22mfile type guidance[2m > [22mshould provide swarm guidance for coordinator files
 [32mΓ£ô[39m v3/@claude-flow/hooks/src/__tests__/guidance-provider.test.ts[2m > [22mGuidanceProvider[2m > [22mgeneratePreEditGuidance[2m > [22mfile type guidance[2m > [22mshould provide TypeScript guidance for .ts files
 [32mΓ£ô[39m v3/@claude-flow/hooks/src/__tests__/guidance-provider.test.ts[2m > [22mGuidanceProvider[2m > [22mgeneratePreEditGuidance[2m > [22mshould allow normal files without specific guidance
[90mstderr[2m | v3/@claude-flow/hooks/src/__tests__/guidance-provider.test.ts[2m > 
[22m[2mGuidanceProvider[2m > [22m[2mgeneratePostEditFeedback[2m > [22m[2mshould detect console.log in 
non-test files[22m[39m
[ReasoningBank] AgentDB not available, using in-memory mode

 [32mΓ£ô[39m v3/@claude-flow/hooks/src/__tests__/guidance-provider.test.ts[2m > [22mGuidanceProvider[2m > [22mgeneratePostEditFeedback[2m > [22mshould detect console.log in non-test files
[90mstderr[2m | v3/@claude-flow/hooks/src/__tests__/guidance-provider.test.ts[2m > 
[22m[2mGuidanceProvider[2m > [22m[2mgeneratePostEditFeedback[2m > [22m[2mshould not flag console.log in 
test files[22m[39m
[ReasoningBank] AgentDB not available, using in-memory mode

 [32mΓ£ô[39m v3/@claude-flow/hooks/src/__tests__/guidance-provider.test.ts[2m > [22mGuidanceProvider[2m > [22mgeneratePostEditFeedback[2m > [22mshould not flag console.log in test files
[90mstderr[2m | v3/@claude-flow/hooks/src/__tests__/guidance-provider.test.ts[2m > 
[22m[2mGuidanceProvider[2m > [22m[2mgeneratePostEditFeedback[2m > [22m[2mshould detect TODO/FIXME 
comments[22m[39m
[ReasoningBank] AgentDB not available, using in-memory mode

 [32mΓ£ô[39m v3/@claude-flow/hooks/src/__tests__/guidance-provider.test.ts[2m > [22mGuidanceProvider[2m > [22mgeneratePostEditFeedback[2m > [22mshould detect TODO/FIXME comments
[90mstderr[2m | v3/@claude-flow/hooks/src/__tests__/guidance-provider.test.ts[2m > 
[22m[2mGuidanceProvider[2m > [22m[2mgeneratePostEditFeedback[2m > [22m[2mshould detect any type in 
TypeScript[22m[39m
[ReasoningBank] AgentDB not available, using in-memory mode

[90mstderr[2m | v3/@claude-flow/hooks/src/__tests__/guidance-provider.test.ts[2m > 
[22m[2mGuidanceProvider[2m > [22m[2mgeneratePostEditFeedback[2m > [22m[2mshould warn about large 
files[22m[39m
[ReasoningBank] AgentDB not available, using in-memory mode

[90mstderr[2m | v3/@claude-flow/hooks/src/__tests__/guidance-provider.test.ts[2m > 
[22m[2mGuidanceProvider[2m > [22m[2mgeneratePostEditFeedback[2m > [22m[2mshould detect hardcoded 
secrets[22m[39m
[ReasoningBank] AgentDB not available, using in-memory mode

[90mstderr[2m | v3/@claude-flow/hooks/src/__tests__/guidance-provider.test.ts[2m > 
[22m[2mGuidanceProvider[2m > [22m[2mgeneratePostEditFeedback[2m > [22m[2mshould allow clean 
files[22m[39m
[ReasoningBank] AgentDB not available, using in-memory mode

 [32mΓ£ô[39m v3/plugins/cognitive-kernel/tests/bridges.test.ts[2m > [22mCognitiveBridge[2m > [22minitialization[2m > [22mshould initialize successfully
 [32mΓ£ô[39m v3/plugins/cognitive-kernel/tests/bridges.test.ts[2m > [22mCognitiveBridge[2m > [22minitialization[2m > [22mshould be idempotent for multiple init calls
 [32mΓ£ô[39m v3/plugins/cognitive-kernel/tests/bridges.test.ts[2m > [22mCognitiveBridge[2m > [22minitialization[2m > [22mshould cleanup on destroy
 [32mΓ£ô[39m v3/plugins/cognitive-kernel/tests/bridges.test.ts[2m > [22mCognitiveBridge[2m > [22mstore[2m > [22mshould store cognitive item
 [32mΓ£ô[39m v3/plugins/cognitive-kernel/tests/bridges.test.ts[2m > [22mCognitiveBridge[2m > [22mstore[2m > [22mshould throw when not initialized
 [31m├ù[39m v3/plugins/cognitive-kernel/tests/bridges.test.ts[2m > [22mCognitiveBridge[2m > [22mretrieve[2m > [22mshould retrieve stored item
[31m   ΓåÆ expected 0.9 to be 0.8 // Object.is equality[39m
 [32mΓ£ô[39m v3/plugins/cognitive-kernel/tests/bridges.test.ts[2m > [22mCognitiveBridge[2m > [22mretrieve[2m > [22mshould return null for non-existent item
 [32mΓ£ô[39m v3/plugins/cognitive-kernel/tests/bridges.test.ts[2m > [22mCognitiveBridge[2m > [22mretrieve[2m > [22mshould update salience on access
 [32mΓ£ô[39m v3/plugins/cognitive-kernel/tests/bridges.test.ts[2m > [22mCognitiveBridge[2m > [22msearch[2m > [22mshould search for similar items
 [32mΓ£ô[39m v3/plugins/cognitive-kernel/tests/bridges.test.ts[2m > [22mCognitiveBridge[2m > [22msearch[2m > [22mshould return empty array when no items stored
 [31m├ù[39m v3/plugins/cognitive-kernel/tests/bridges.test.ts[2m > [22mCognitiveBridge[2m > [22mdecay[2m > [22mshould apply decay to stored items
[31m   ΓåÆ actual value must be number or bigint, received "undefined"[39m
 [32mΓ£ô[39m v3/plugins/cognitive-kernel/tests/bridges.test.ts[2m > [22mCognitiveBridge[2m > [22mdecay[2m > [22mshould remove items below salience threshold
 [32mΓ£ô[39m v3/plugins/cognitive-kernel/tests/bridges.test.ts[2m > [22mCognitiveBridge[2m > [22mconsolidate[2m > [22mshould consolidate memory without throwing
 [32mΓ£ô[39m v3/plugins/cognitive-kernel/tests/bridges.test.ts[2m > [22mCognitiveBridge[2m > [22mfocus[2m > [22mshould focus on specified items
 [31m├ù[39m v3/plugins/cognitive-kernel/tests/bridges.test.ts[2m > [22mCognitiveBridge[2m > [22mfocus[2m > [22mshould handle focus on non-existent items
[31m   ΓåÆ expected [ 'non-existent' ] to not include 'non-existent'[39m
 [32mΓ£ô[39m v3/plugins/cognitive-kernel/tests/bridges.test.ts[2m > [22mCognitiveBridge[2m > [22massess[2m > [22mshould assess metacognitive state
 [32mΓ£ô[39m v3/plugins/cognitive-kernel/tests/bridges.test.ts[2m > [22mCognitiveBridge[2m > [22mscaffold[2m > [22mshould generate scaffold steps
 [32mΓ£ô[39m v3/plugins/hyperbolic-reasoning/tests/bridges.test.ts[2m > [22mMockHyperbolicBridge[2m > [22minitialization[2m > [22mshould start uninitialized
 [32mΓ£ô[39m v3/plugins/hyperbolic-reasoning/tests/bridges.test.ts[2m > [22mMockHyperbolicBridge[2m > [22minitialization[2m > [22mshould initialize successfully
 [32mΓ£ô[39m v3/plugins/hyperbolic-reasoning/tests/bridges.test.ts[2m > [22mMockHyperbolicBridge[2m > [22minitialization[2m > [22mshould cleanup on dispose
 [32mΓ£ô[39m v3/plugins/hyperbolic-reasoning/tests/bridges.test.ts[2m > [22mMockHyperbolicBridge[2m > [22membedHierarchy[2m > [22mshould embed simple hierarchy
 [32mΓ£ô[39m v3/plugins/hyperbolic-reasoning/tests/bridges.test.ts[2m > [22mMockHyperbolicBridge[2m > [22membedHierarchy[2m > [22mshould place root near origin
 [32mΓ£ô[39m v3/plugins/hyperbolic-reasoning/tests/bridges.test.ts[2m > [22mMockHyperbolicBridge[2m > [22membedHierarchy[2m > [22mshould keep all embeddings within ball
 [32mΓ£ô[39m v3/plugins/hyperbolic-reasoning/tests/bridges.test.ts[2m > [22mMockHyperbolicBridge[2m > [22membedHierarchy[2m > [22mshould throw when not initialized
 [32mΓ£ô[39m v3/plugins/hyperbolic-reasoning/tests/bridges.test.ts[2m > [22mMockHyperbolicBridge[2m > [22mcomputeDistance[2m > [22mshould return 0 for same node
 [32mΓ£ô[39m v3/plugins/hyperbolic-reasoning/tests/bridges.test.ts[2m > [22mMockHyperbolicBridge[2m > [22mcomputeDistance[2m > [22mshould return positive distance for different nodes
 [32mΓ£ô[39m v3/plugins/hyperbolic-reasoning/tests/bridges.test.ts[2m > [22mMockHyperbolicBridge[2m > [22mcomputeDistance[2m > [22mshould be symmetric
 [32mΓ£ô[39m v3/plugins/hyperbolic-reasoning/tests/bridges.test.ts[2m > [22mMockHyperbolicBridge[2m > [22mcomputeDistance[2m > [22mshould satisfy triangle inequality
 [32mΓ£ô[39m v3/plugins/hyperbolic-reasoning/tests/bridges.test.ts[2m > [22mMockHyperbolicBridge[2m > [22msearch[2m > [22mshould find k nearest neighbors
 [32mΓ£ô[39m v3/plugins/hyperbolic-reasoning/tests/bridges.test.ts[2m > [22mMockHyperbolicBridge[2m > [22msearch[2m > [22mshould return results sorted by distance
 [32mΓ£ô[39m v3/plugins/hyperbolic-reasoning/tests/bridges.test.ts[2m > [22mMockHyperbolicBridge[2m > [22msearch[2m > [22mshould exclude query node from results
 [32mΓ£ô[39m v3/plugins/hyperbolic-reasoning/tests/bridges.test.ts[2m > [22mMockHyperbolicBridge[2m > [22msearch[2m > [22mshould return empty array for unknown node
 [32mΓ£ô[39m v3/plugins/hyperbolic-reasoning/tests/bridges.test.ts[2m > [22mHyperbolic Geometry Operations[2m > [22mclipToBall[2m > [22mshould not modify vectors within ball
 [32mΓ£ô[39m v3/plugins/hyperbolic-reasoning/tests/bridges.test.ts[2m > [22mHyperbolic Geometry Operations[2m > [22mclipToBall[2m > [22mshould clip vectors outside ball
 [32mΓ£ô[39m v3/plugins/hyperbolic-reasoning/tests/bridges.test.ts[2m > [22mHyperbolic Geometry Operations[2m > [22mclipToBall[2m > [22mshould preserve direction
 [32mΓ£ô[39m v3/plugins/hyperbolic-reasoning/tests/bridges.test.ts[2m > [22mHyperbolic Geometry Operations[2m > [22mpoincareDistance[2m > [22mshould return 0 for identical points
 [32mΓ£ô[39m v3/plugins/hyperbolic-reasoning/tests/bridges.test.ts[2m > [22mHyperbolic Geometry Operations[2m > [22mpoincareDistance[2m > [22mshould increase with Euclidean distance
 [32mΓ£ô[39m v3/plugins/hyperbolic-reasoning/tests/bridges.test.ts[2m > [22mHyperbolic Geometry Operations[2m > [22mpoincareDistance[2m > [22mshould approach infinity near boundary
 [32mΓ£ô[39m v3/plugins/hyperbolic-reasoning/tests/bridges.test.ts[2m > [22mHyperbolic Geometry Operations[2m > [22mmobiusAdd[2m > [22mshould return y when x is zero
 [32mΓ£ô[39m v3/plugins/hyperbolic-reasoning/tests/bridges.test.ts[2m > [22mHyperbolic Geometry Operations[2m > [22mmobiusAdd[2m > [22mshould return x when y is zero
 [32mΓ£ô[39m v3/plugins/hyperbolic-reasoning/tests/bridges.test.ts[2m > [22mHyperbolic Geometry Operations[2m > [22mmobiusAdd[2m > [22mshould keep result within ball
 [32mΓ£ô[39m v3/plugins/hyperbolic-reasoning/tests/bridges.test.ts[2m > [22mHyperbolic Geometry Operations[2m > [22mmobiusAdd[2m > [22mshould be non-commutative
 [32mΓ£ô[39m v3/plugins/hyperbolic-reasoning/tests/bridges.test.ts[2m > [22mHyperbolic Geometry Operations[2m > [22mexpMap and logMap[2m > [22mshould be inverses near origin
 [32mΓ£ô[39m v3/plugins/hyperbolic-reasoning/tests/bridges.test.ts[2m > [22mHyperbolic Geometry Operations[2m > [22mexpMap and logMap[2m > [22mshould return zero for zero input
 [32mΓ£ô[39m v3/plugins/hyperbolic-reasoning/tests/bridges.test.ts[2m > [22mHyperbolic Geometry Operations[2m > [22mexpMap and logMap[2m > [22mshould map to inside ball
 [32mΓ£ô[39m v3/plugins/hyperbolic-reasoning/tests/bridges.test.ts[2m > [22mHierarchy Comparison[2m > [22mshould return 0 for identical trees
 [32mΓ£ô[39m v3/plugins/hyperbolic-reasoning/tests/bridges.test.ts[2m > [22mHierarchy Comparison[2m > [22mshould count insertions
 [32mΓ£ô[39m v3/plugins/hyperbolic-reasoning/tests/bridges.test.ts[2m > [22mHierarchy Comparison[2m > [22mshould count deletions
 [32mΓ£ô[39m v3/plugins/hyperbolic-reasoning/tests/bridges.test.ts[2m > [22mHierarchy Comparison[2m > [22mshould count parent changes
[90mstderr[2m | v3/@claude-flow/hooks/src/__tests__/guidance-provider.test.ts[2m > 
[22m[2mGuidanceProvider[2m > [22m[2mgeneratePreCommandGuidance[2m > [22m[2mdangerous commands[2m > 
[22m[2mshould block rm -rf[22m[39m
[ReasoningBank] AgentDB not available, using in-memory mode

 [32mΓ£ô[39m v3/@claude-flow/hooks/src/__tests__/guidance-provider.test.ts[2m > [22mGuidanceProvider[2m > [22mgeneratePostEditFeedback[2m > [22mshould detect any type in TypeScript
 [32mΓ£ô[39m v3/@claude-flow/hooks/src/__tests__/guidance-provider.test.ts[2m > [22mGuidanceProvider[2m > [22mgeneratePostEditFeedback[2m > [22mshould warn about large files
 [32mΓ£ô[39m v3/@claude-flow/hooks/src/__tests__/guidance-provider.test.ts[2m > [22mGuidanceProvider[2m > [22mgeneratePostEditFeedback[2m > [22mshould detect hardcoded secrets
 [32mΓ£ô[39m v3/@claude-flow/hooks/src/__tests__/guidance-provider.test.ts[2m > [22mGuidanceProvider[2m > [22mgeneratePostEditFeedback[2m > [22mshould allow clean files
 [32mΓ£ô[39m v3/@claude-flow/hooks/src/__tests__/guidance-provider.test.ts[2m > [22mGuidanceProvider[2m > [22mgeneratePreCommandGuidance[2m > [22mdangerous commands[2m > [22mshould block rm -rf
 [32mΓ£ô[39m v3/plugins/cognitive-kernel/tests/bridges.test.ts[2m > [22mCognitiveBridge[2m > [22mscaffold[2m > [22mshould generate more steps for higher difficulty
 [32mΓ£ô[39m v3/plugins/cognitive-kernel/tests/bridges.test.ts[2m > [22mCognitiveBridge[2m > [22mfactory function[2m > [22mshould create bridge with default config
 [32mΓ£ô[39m v3/plugins/cognitive-kernel/tests/bridges.test.ts[2m > [22mCognitiveBridge[2m > [22mfactory function[2m > [22mshould create bridge with custom config
 [32mΓ£ô[39m v3/plugins/cognitive-kernel/tests/bridges.test.ts[2m > [22mSonaBridge[2m > [22minitialization[2m > [22mshould start in unloaded state
 [32mΓ£ô[39m v3/plugins/cognitive-kernel/tests/bridges.test.ts[2m > [22mSonaBridge[2m > [22minitialization[2m > [22mshould have correct name and version
[90mstderr[2m | v3/@claude-flow/hooks/src/__tests__/guidance-provider.test.ts[2m > 
[22m[2mGuidanceProvider[2m > [22m[2mgeneratePreCommandGuidance[2m > [22m[2mdangerous commands[2m > 
[22m[2mshould block DROP DATABASE[22m[39m
[ReasoningBank] AgentDB not available, using in-memory mode

 [32mΓ£ô[39m v3/@claude-flow/neural/__tests__/algorithms.test.ts[2m > [22mQ-Learning Algorithm[2m > [22mshould initialize correctly
 [32mΓ£ô[39m v3/@claude-flow/neural/__tests__/algorithms.test.ts[2m > [22mQ-Learning Algorithm[2m > [22mshould update Q-values from trajectory
 [32mΓ£ô[39m v3/@claude-flow/neural/__tests__/algorithms.test.ts[2m > [22mQ-Learning Algorithm[2m > [22mshould update under performance target (<1ms)
 [32mΓ£ô[39m v3/@claude-flow/neural/__tests__/algorithms.test.ts[2m > [22mQ-Learning Algorithm[2m > [22mshould decay exploration rate
 [32mΓ£ô[39m v3/@claude-flow/neural/__tests__/algorithms.test.ts[2m > [22mQ-Learning Algorithm[2m > [22mshould select actions with epsilon-greedy
 [32mΓ£ô[39m v3/@claude-flow/neural/__tests__/algorithms.test.ts[2m > [22mQ-Learning Algorithm[2m > [22mshould return Q-values for a state
 [32mΓ£ô[39m v3/@claude-flow/neural/__tests__/algorithms.test.ts[2m > [22mQ-Learning Algorithm[2m > [22mshould handle eligibility traces
 [32mΓ£ô[39m v3/@claude-flow/neural/__tests__/algorithms.test.ts[2m > [22mQ-Learning Algorithm[2m > [22mshould prune Q-table when over capacity
 [32mΓ£ô[39m v3/@claude-flow/neural/__tests__/algorithms.test.ts[2m > [22mQ-Learning Algorithm[2m > [22mshould reset correctly
 [32mΓ£ô[39m v3/@claude-flow/neural/__tests__/algorithms.test.ts[2m > [22mSARSA Algorithm[2m > [22mshould initialize correctly
 [32mΓ£ô[39m v3/@claude-flow/neural/__tests__/algorithms.test.ts[2m > [22mSARSA Algorithm[2m > [22mshould update using SARSA rule
 [32mΓ£ô[39m v3/@claude-flow/neural/__tests__/algorithms.test.ts[2m > [22mSARSA Algorithm[2m > [22mshould handle expected SARSA variant
 [32mΓ£ô[39m v3/@claude-flow/neural/__tests__/algorithms.test.ts[2m > [22mSARSA Algorithm[2m > [22mshould return action probabilities
 [32mΓ£ô[39m v3/@claude-flow/neural/__tests__/algorithms.test.ts[2m > [22mSARSA Algorithm[2m > [22mshould select actions with epsilon-greedy policy
 [32mΓ£ô[39m v3/@claude-flow/neural/__tests__/algorithms.test.ts[2m > [22mSARSA Algorithm[2m > [22mshould handle eligibility traces (SARSA-lambda)
 [32mΓ£ô[39m v3/@claude-flow/neural/__tests__/algorithms.test.ts[2m > [22mSARSA Algorithm[2m > [22mshould handle short trajectories gracefully
 [32mΓ£ô[39m v3/@claude-flow/neural/__tests__/algorithms.test.ts[2m > [22mSARSA Algorithm[2m > [22mshould reset algorithm state
 [32mΓ£ô[39m v3/@claude-flow/neural/__tests__/algorithms.test.ts[2m > [22mDQN Algorithm[2m > [22mshould initialize correctly
 [32mΓ£ô[39m v3/@claude-flow/neural/__tests__/algorithms.test.ts[2m > [22mDQN Algorithm[2m > [22mshould add experience to replay buffer
 [32mΓ£ô[39m v3/@claude-flow/neural/__tests__/algorithms.test.ts[2m > [22mDQN Algorithm[2m > [22mshould perform DQN update
 [32mΓ£ô[39m v3/@claude-flow/neural/__tests__/algorithms.test.ts[2m > [22mDQN Algorithm[2m > [22mshould update under performance target (<10ms)
 [32mΓ£ô[39m v3/@claude-flow/neural/__tests__/algorithms.test.ts[2m > [22mDQN Algorithm[2m > [22mshould use double DQN when enabled
 [32mΓ£ô[39m v3/@claude-flow/neural/__tests__/algorithms.test.ts[2m > [22mDQN Algorithm[2m > [22mshould select actions with epsilon-greedy
 [32mΓ£ô[39m v3/@claude-flow/neural/__tests__/algorithms.test.ts[2m > [22mDQN Algorithm[2m > [22mshould return Q-values for a state
 [32mΓ£ô[39m v3/@claude-flow/neural/__tests__/algorithms.test.ts[2m > [22mDQN Algorithm[2m > [22mshould update target network periodically
 [32mΓ£ô[39m v3/@claude-flow/neural/__tests__/algorithms.test.ts[2m > [22mDQN Algorithm[2m > [22mshould handle circular replay buffer correctly
 [32mΓ£ô[39m v3/@claude-flow/neural/__tests__/algorithms.test.ts[2m > [22mPPO Algorithm[2m > [22mshould initialize correctly
 [32mΓ£ô[39m v3/@claude-flow/neural/__tests__/algorithms.test.ts[2m > [22mPPO Algorithm[2m > [22mshould add experience from trajectory
 [32mΓ£ô[39m v3/@claude-flow/neural/__tests__/algorithms.test.ts[2m > [22mPPO Algorithm[2m > [22mshould perform PPO update with clipping
 [32mΓ£ô[39m v3/@claude-flow/neural/__tests__/algorithms.test.ts[2m > [22mPPO Algorithm[2m > [22mshould update under performance target (<10ms for small batches)
 [32mΓ£ô[39m v3/@claude-flow/neural/__tests__/algorithms.test.ts[2m > [22mPPO Algorithm[2m > [22mshould compute GAE advantages
 [32mΓ£ô[39m v3/@claude-flow/neural/__tests__/algorithms.test.ts[2m > [22mPPO Algorithm[2m > [22mshould sample actions from policy
 [32mΓ£ô[39m v3/@claude-flow/neural/__tests__/algorithms.test.ts[2m > [22mPPO Algorithm[2m > [22mshould handle multiple training epochs
 [32mΓ£ô[39m v3/@claude-flow/neural/__tests__/algorithms.test.ts[2m > [22mPPO Algorithm[2m > [22mshould clear buffer after update
 [32mΓ£ô[39m v3/@claude-flow/neural/__tests__/algorithms.test.ts[2m > [22mDecision Transformer[2m > [22mshould initialize correctly
 [32mΓ£ô[39m v3/@claude-flow/neural/__tests__/algorithms.test.ts[2m > [22mDecision Transformer[2m > [22mshould add complete trajectories to buffer
 [32mΓ£ô[39m v3/@claude-flow/neural/__tests__/algorithms.test.ts[2m > [22mDecision Transformer[2m > [22mshould not add incomplete trajectories
 [32mΓ£ô[39m v3/@claude-flow/neural/__tests__/algorithms.test.ts[2m > [22mDecision Transformer[2m > [22mshould train on buffered trajectories[33m 401[2mms[22m[39m
 [31m├ù[39m v3/@claude-flow/neural/__tests__/algorithms.test.ts[2m > [22mDecision Transformer[2m > [22mshould train under performance target (<10ms per batch)
[31m   ΓåÆ expected 171.8140999999996 to be less than 100[39m
 [32mΓ£ô[39m v3/@claude-flow/neural/__tests__/algorithms.test.ts[2m > [22mDecision Transformer[2m > [22mshould get action conditioned on target return
 [32mΓ£ô[39m v3/@claude-flow/neural/__tests__/algorithms.test.ts[2m > [22mDecision Transformer[2m > [22mshould handle causal attention masking[33m 589[2mms[22m[39m
 [32mΓ£ô[39m v3/@claude-flow/neural/__tests__/algorithms.test.ts[2m > [22mDecision Transformer[2m > [22mshould maintain bounded trajectory buffer
 [32mΓ£ô[39m v3/@claude-flow/neural/__tests__/algorithms.test.ts[2m > [22mDecision Transformer[2m > [22mshould handle varying trajectory lengths[33m 723[2mms[22m[39m
 [32mΓ£ô[39m v3/@claude-flow/neural/__tests__/algorithms.test.ts[2m > [22mDecision Transformer[2m > [22mshould compute returns-to-go correctly
[90mstderr[2m | v3/@claude-flow/neural/__tests__/algorithms.test.ts[2m > [22m[2mSARSA Algorithm[2m > 
[22m[2mshould handle eligibility traces (SARSA-lambda)[22m[39m
SARSA update exceeded target: 5.82ms > 1ms

[90mstderr[2m | v3/@claude-flow/neural/__tests__/algorithms.test.ts[2m > [22m[2mDQN Algorithm[2m > 
[22m[2mshould perform DQN update[22m[39m
DQN update exceeded target: 99.66ms > 10ms

[90mstderr[2m | v3/@claude-flow/neural/__tests__/algorithms.test.ts[2m > [22m[2mDQN Algorithm[2m > 
[22m[2mshould update under performance target (<10ms)[22m[39m
DQN update exceeded target: 81.95ms > 10ms

[90mstderr[2m | v3/@claude-flow/neural/__tests__/algorithms.test.ts[2m > [22m[2mDQN Algorithm[2m > 
[22m[2mshould use double DQN when enabled[22m[39m
DQN update exceeded target: 13.80ms > 10ms

[90mstderr[2m | v3/@claude-flow/neural/__tests__/algorithms.test.ts[2m > [22m[2mDQN Algorithm[2m > 
[22m[2mshould update target network periodically[22m[39m
DQN update exceeded target: 29.33ms > 10ms
DQN update exceeded target: 27.75ms > 10ms
DQN update exceeded target: 22.56ms > 10ms
DQN update exceeded target: 31.04ms > 10ms
DQN update exceeded target: 14.53ms > 10ms
DQN update exceeded target: 27.86ms > 10ms
DQN update exceeded target: 25.93ms > 10ms
DQN update exceeded target: 19.43ms > 10ms
DQN update exceeded target: 23.96ms > 10ms
DQN update exceeded target: 25.73ms > 10ms

[90mstderr[2m | v3/@claude-flow/neural/__tests__/algorithms.test.ts[2m > [22m[2mPPO Algorithm[2m > 
[22m[2mshould perform PPO update with clipping[22m[39m
PPO update exceeded target: 111.03ms > 10ms

[90mstderr[2m | v3/@claude-flow/neural/__tests__/algorithms.test.ts[2m > [22m[2mPPO Algorithm[2m > 
[22m[2mshould handle multiple training epochs[22m[39m
PPO update exceeded target: 33.97ms > 10ms

[90mstderr[2m | v3/@claude-flow/neural/__tests__/algorithms.test.ts[2m > [22m[2mPPO Algorithm[2m > 
[22m[2mshould clear buffer after update[22m[39m
PPO update exceeded target: 30.58ms > 10ms

[90mstderr[2m | v3/@claude-flow/neural/__tests__/algorithms.test.ts[2m > [22m[2mDecision Transformer[2m > 
[22m[2mshould train on buffered trajectories[22m[39m
DT training exceeded target: 392.80ms > 10ms

[90mstderr[2m | v3/@claude-flow/neural/__tests__/algorithms.test.ts[2m > [22m[2mDecision Transformer[2m > 
[22m[2mshould train under performance target (<10ms per batch)[22m[39m
DT training exceeded target: 171.69ms > 10ms

[90mstderr[2m | v3/@claude-flow/neural/__tests__/algorithms.test.ts[2m > [22m[2mDecision Transformer[2m > 
[22m[2mshould handle causal attention masking[22m[39m
DT training exceeded target: 587.59ms > 10ms

[90mstderr[2m | v3/@claude-flow/neural/__tests__/algorithms.test.ts[2m > [22m[2mDecision Transformer[2m > 
[22m[2mshould handle varying trajectory lengths[22m[39m
DT training exceeded target: 711.90ms > 10ms

[90mstderr[2m | v3/@claude-flow/neural/__tests__/algorithms.test.ts[2m > [22m[2mDecision Transformer[2m > 
[22m[2mshould compute returns-to-go correctly[22m[39m
DT training exceeded target: 12.11ms > 10ms

[90mstderr[2m | v3/@claude-flow/hooks/src/__tests__/guidance-provider.test.ts[2m > 
[22m[2mGuidanceProvider[2m > [22m[2mgeneratePreCommandGuidance[2m > [22m[2mdangerous commands[2m > 
[22m[2mshould block git reset --hard[22m[39m
[ReasoningBank] AgentDB not available, using in-memory mode

 [32mΓ£ô[39m v3/@claude-flow/hooks/src/__tests__/guidance-provider.test.ts[2m > [22mGuidanceProvider[2m > [22mgeneratePreCommandGuidance[2m > [22mdangerous commands[2m > [22mshould block DROP DATABASE
 [32mΓ£ô[39m v3/@claude-flow/hooks/src/__tests__/guidance-provider.test.ts[2m > [22mGuidanceProvider[2m > [22mgeneratePreCommandGuidance[2m > [22mdangerous commands[2m > [22mshould block git reset --hard
[90mstderr[2m | v3/@claude-flow/hooks/src/__tests__/guidance-provider.test.ts[2m > 
[22m[2mGuidanceProvider[2m > [22m[2mgeneratePreCommandGuidance[2m > [22m[2mdangerous commands[2m > 
[22m[2mshould block force push[22m[39m
[ReasoningBank] AgentDB not available, using in-memory mode

 [32mΓ£ô[39m v3/@claude-flow/hooks/src/__tests__/guidance-provider.test.ts[2m > [22mGuidanceProvider[2m > [22mgeneratePreCommandGuidance[2m > [22mdangerous commands[2m > [22mshould block force push
[90mstderr[2m | v3/@claude-flow/hooks/src/__tests__/guidance-provider.test.ts[2m > 
[22m[2mGuidanceProvider[2m > [22m[2mgeneratePreCommandGuidance[2m > [22m[2mrisky commands[2m > 
[22m[2mshould warn about npm publish[22m[39m
[ReasoningBank] AgentDB not available, using in-memory mode

[90mstderr[2m | v3/@claude-flow/hooks/src/__tests__/guidance-provider.test.ts[2m > 
[22m[2mGuidanceProvider[2m > [22m[2mgeneratePreCommandGuidance[2m > [22m[2mrisky commands[2m > 
[22m[2mshould warn about git push[22m[39m
[ReasoningBank] AgentDB not available, using in-memory mode

 [32mΓ£ô[39m v3/@claude-flow/hooks/src/__tests__/guidance-provider.test.ts[2m > [22mGuidanceProvider[2m > [22mgeneratePreCommandGuidance[2m > [22mrisky commands[2m > [22mshould warn about npm publish
 [32mΓ£ô[39m v3/@claude-flow/hooks/src/__tests__/guidance-provider.test.ts[2m > [22mGuidanceProvider[2m > [22mgeneratePreCommandGuidance[2m > [22mrisky commands[2m > [22mshould warn about git push
 [31m├ù[39m v3/plugins/cognitive-kernel/tests/bridges.test.ts[2m > [22mSonaBridge[2m > [22minitialization[2m > [22mshould initialize successfully
[31m   ΓåÆ this._module.setMode is not a function[39m
 [31m├ù[39m v3/plugins/cognitive-kernel/tests/bridges.test.ts[2m > [22mSonaBridge[2m > [22minitialization[2m > [22mshould cleanup on destroy
[31m   ΓåÆ this._module.setMode is not a function[39m
 [31m├ù[39m v3/plugins/cognitive-kernel/tests/bridges.test.ts[2m > [22mSonaBridge[2m > [22mlearn[2m > [22mshould learn from trajectories
[31m   ΓåÆ this._module.setMode is not a function[39m
 [31m├ù[39m v3/plugins/cognitive-kernel/tests/bridges.test.ts[2m > [22mSonaBridge[2m > [22mlearn[2m > [22mshould return 0 for empty trajectories
[31m   ΓåÆ this._module.setMode is not a function[39m
 [31m├ù[39m v3/plugins/cognitive-kernel/tests/bridges.test.ts[2m > [22mSonaBridge[2m > [22mlearn[2m > [22mshould throw when not initialized
[31m   ΓåÆ this._module.setMode is not a function[39m
 [31m├ù[39m v3/plugins/cognitive-kernel/tests/bridges.test.ts[2m > [22mSonaBridge[2m > [22mpredict[2m > [22mshould predict action from state
[31m   ΓåÆ this._module.setMode is not a function[39m
 [31m├ù[39m v3/plugins/cognitive-kernel/tests/bridges.test.ts[2m > [22mSonaBridge[2m > [22mpredict[2m > [22mshould return explore action for unknown states
[31m   ΓåÆ this._module.setMode is not a function[39m
 [31m├ù[39m v3/plugins/cognitive-kernel/tests/bridges.test.ts[2m > [22mSonaBridge[2m > [22mpattern management[2m > [22mshould store pattern
[31m   ΓåÆ this._module.setMode is not a function[39m
 [31m├ù[39m v3/plugins/cognitive-kernel/tests/bridges.test.ts[2m > [22mSonaBridge[2m > [22mpattern management[2m > [22mshould find similar patterns
[31m   ΓåÆ this._module.setMode is not a function[39m
[90mstderr[2m | v3/@claude-flow/hooks/src/__tests__/guidance-provider.test.ts[2m > 
[22m[2mGuidanceProvider[2m > [22m[2mgeneratePreCommandGuidance[2m > [22m[2mrisky commands[2m > 
[22m[2mshould warn about kubectl apply[22m[39m
[ReasoningBank] AgentDB not available, using in-memory mode

 [32mΓ£ô[39m v3/@claude-flow/hooks/src/__tests__/guidance-provider.test.ts[2m > [22mGuidanceProvider[2m > [22mgeneratePreCommandGuidance[2m > [22mrisky commands[2m > [22mshould warn about kubectl apply
[90mstderr[2m | v3/@claude-flow/hooks/src/__tests__/guidance-provider.test.ts[2m > 
[22m[2mGuidanceProvider[2m > [22m[2mgeneratePreCommandGuidance[2m > [22m[2mhelpful commands[2m > 
[22m[2mshould provide guidance for test commands[22m[39m
[ReasoningBank] AgentDB not available, using in-memory mode

[90mstderr[2m | v3/@claude-flow/hooks/src/__tests__/guidance-provider.test.ts[2m > 
[22m[2mGuidanceProvider[2m > [22m[2mgeneratePreCommandGuidance[2m > [22m[2mhelpful commands[2m > 
[22m[2mshould provide guidance for vitest[22m[39m
[ReasoningBank] AgentDB not available, using in-memory mode

 [32mΓ£ô[39m v3/@claude-flow/hooks/src/__tests__/guidance-provider.test.ts[2m > [22mGuidanceProvider[2m > [22mgeneratePreCommandGuidance[2m > [22mhelpful commands[2m > [22mshould provide guidance for test commands
 [32mΓ£ô[39m v3/@claude-flow/hooks/src/__tests__/guidance-provider.test.ts[2m > [22mGuidanceProvider[2m > [22mgeneratePreCommandGuidance[2m > [22mhelpful commands[2m > [22mshould provide guidance for vitest
 [31m├ù[39m v3/plugins/cognitive-kernel/tests/bridges.test.ts[2m > [22mSonaBridge[2m > [22mpattern management[2m > [22mshould update pattern success rate
[31m   ΓåÆ this._module.setMode is not a function[39m
 [31m├ù[39m v3/plugins/cognitive-kernel/tests/bridges.test.ts[2m > [22mSonaBridge[2m > [22mLoRA operations[2m > [22mshould apply LoRA transformation
[31m   ΓåÆ this._module.setMode is not a function[39m
 [31m├ù[39m v3/plugins/cognitive-kernel/tests/bridges.test.ts[2m > [22mSonaBridge[2m > [22mLoRA operations[2m > [22mshould update LoRA weights
[31m   ΓåÆ this._module.setMode is not a function[39m
 [31m├ù[39m v3/plugins/cognitive-kernel/tests/bridges.test.ts[2m > [22mSonaBridge[2m > [22mEWC operations[2m > [22mshould compute Fisher information
[31m   ΓåÆ this._module.setMode is not a function[39m
 [31m├ù[39m v3/plugins/cognitive-kernel/tests/bridges.test.ts[2m > [22mSonaBridge[2m > [22mEWC operations[2m > [22mshould consolidate without throwing
[31m   ΓåÆ this._module.setMode is not a function[39m
 [31m├ù[39m v3/plugins/cognitive-kernel/tests/bridges.test.ts[2m > [22mSonaBridge[2m > [22mmode management[2m > [22mshould set and get mode
[31m   ΓåÆ this._module.setMode is not a function[39m
 [32mΓ£ô[39m v3/plugins/cognitive-kernel/tests/bridges.test.ts[2m > [22mSonaBridge[2m > [22mfactory function[2m > [22mshould create bridge with default config
 [32mΓ£ô[39m v3/plugins/cognitive-kernel/tests/bridges.test.ts[2m > [22mSonaBridge[2m > [22mfactory function[2m > [22mshould create bridge with custom config
[90mstderr[2m | v3/@claude-flow/hooks/src/__tests__/guidance-provider.test.ts[2m > 
[22m[2mGuidanceProvider[2m > [22m[2mgeneratePreCommandGuidance[2m > [22m[2mhelpful commands[2m > 
[22m[2mshould provide guidance for build commands[22m[39m
[ReasoningBank] AgentDB not available, using in-memory mode

 [32mΓ£ô[39m v3/@claude-flow/hooks/src/__tests__/guidance-provider.test.ts[2m > [22mGuidanceProvider[2m > [22mgeneratePreCommandGuidance[2m > [22mhelpful commands[2m > [22mshould provide guidance for build commands
 [32mΓ£ô[39m v3/@claude-flow/cli/__tests__/config-adapter-deep.test.ts[2m > [22mConfigAdapter deep edge cases[2m > [22mnormalizeTopology[2m > [22mshould map "adaptive" to "hybrid"
 [32mΓ£ô[39m v3/@claude-flow/cli/__tests__/config-adapter-deep.test.ts[2m > [22mConfigAdapter deep edge cases[2m > [22mnormalizeTopology[2m > [22mshould default unknown topology to "hierarchical"
 [32mΓ£ô[39m v3/@claude-flow/cli/__tests__/config-adapter-deep.test.ts[2m > [22mConfigAdapter deep edge cases[2m > [22mnormalizeTopology[2m > [22mshould pass through every recognized topology
 [32mΓ£ô[39m v3/@claude-flow/cli/__tests__/config-adapter-deep.test.ts[2m > [22mConfigAdapter deep edge cases[2m > [22mnormalizeTopology[2m > [22mshould default to "hierarchical" when topology is undefined
 [32mΓ£ô[39m v3/@claude-flow/cli/__tests__/config-adapter-deep.test.ts[2m > [22mConfigAdapter deep edge cases[2m > [22mnormalizeMemoryBackend[2m > [22mshould map "redis" to "memory"
 [32mΓ£ô[39m v3/@claude-flow/cli/__tests__/config-adapter-deep.test.ts[2m > [22mConfigAdapter deep edge cases[2m > [22mnormalizeMemoryBackend[2m > [22mshould default unknown backend to "hybrid"
 [32mΓ£ô[39m v3/@claude-flow/cli/__tests__/config-adapter-deep.test.ts[2m > [22mConfigAdapter deep edge cases[2m > [22mnormalizeMemoryBackend[2m > [22mshould default undefined backend to "hybrid"
 [32mΓ£ô[39m v3/@claude-flow/cli/__tests__/config-adapter-deep.test.ts[2m > [22mConfigAdapter deep edge cases[2m > [22mnormalizeMemoryBackend[2m > [22mshould pass through every recognized backend
 [32mΓ£ô[39m v3/@claude-flow/cli/__tests__/config-adapter-deep.test.ts[2m > [22mConfigAdapter deep edge cases[2m > [22mmissing optional fields in SystemConfig[2m > [22mshould use default projectRoot from process.cwd when dataDir missing
 [32mΓ£ô[39m v3/@claude-flow/cli/__tests__/config-adapter-deep.test.ts[2m > [22mConfigAdapter deep edge cases[2m > [22mmissing optional fields in SystemConfig[2m > [22mshould use default memory path when path is missing
 [32mΓ£ô[39m v3/@claude-flow/cli/__tests__/config-adapter-deep.test.ts[2m > [22mConfigAdapter deep edge cases[2m > [22mmissing optional fields in SystemConfig[2m > [22mshould use default MCP host when transport host is missing
 [32mΓ£ô[39m v3/@claude-flow/cli/__tests__/config-adapter-deep.test.ts[2m > [22mConfigAdapter deep edge cases[2m > [22mmissing optional fields in SystemConfig[2m > [22mshould use default maxAgents of 15 when swarm.maxAgents is missing
 [32mΓ£ô[39m v3/@claude-flow/cli/__tests__/config-adapter-deep.test.ts[2m > [22mConfigAdapter deep edge cases[2m > [22mmissing optional fields in SystemConfig[2m > [22mshould use default cacheSize when memory.maxSize is missing
 [32mΓ£ô[39m v3/@claude-flow/cli/__tests__/config-adapter-deep.test.ts[2m > [22mConfigAdapter deep edge cases[2m > [22mmissing optional fields in SystemConfig[2m > [22mshould set enableHNSW false when agentdb indexType is not hnsw
 [32mΓ£ô[39m v3/@claude-flow/cli/__tests__/config-adapter-deep.test.ts[2m > [22mConfigAdapter deep edge cases[2m > [22mmissing optional fields in SystemConfig[2m > [22mshould set enableHNSW true when agentdb indexType is hnsw
 [32mΓ£ô[39m v3/@claude-flow/cli/__tests__/config-adapter-deep.test.ts[2m > [22mConfigAdapter deep edge cases[2m > [22mswarm coordination mapping in systemConfigToV3Config[2m > [22mshould set coordinationStrategy to "consensus" when consensusRequired is true
 [32mΓ£ô[39m v3/@claude-flow/cli/__tests__/config-adapter-deep.test.ts[2m > [22mConfigAdapter deep edge cases[2m > [22mswarm coordination mapping in systemConfigToV3Config[2m > [22mshould set coordinationStrategy to "leader" when consensusRequired is false
 [32mΓ£ô[39m v3/@claude-flow/cli/__tests__/config-adapter-deep.test.ts[2m > [22mConfigAdapter deep edge cases[2m > [22mswarm coordination mapping in systemConfigToV3Config[2m > [22mshould default autoScale to false when swarm.autoScale is missing
 [32mΓ£ô[39m v3/@claude-flow/cli/__tests__/config-adapter-deep.test.ts[2m > [22mConfigAdapter deep edge cases[2m > [22mswarm coordination mapping in systemConfigToV3Config[2m > [22mshould pick up autoScale enabled from SystemConfig
 [32mΓ£ô[39m v3/@claude-flow/cli/__tests__/config-adapter-deep.test.ts[2m > [22mConfigAdapter deep edge cases[2m > [22mdenormalizeTopology in v3ConfigToSystemConfig[2m > [22mshould map "hybrid" back to "hierarchical-mesh"
 [32mΓ£ô[39m v3/@claude-flow/cli/__tests__/config-adapter-deep.test.ts[2m > [22mConfigAdapter deep edge cases[2m > [22mdenormalizeTopology in v3ConfigToSystemConfig[2m > [22mshould pass through non-hybrid topologies unchanged
 [32mΓ£ô[39m v3/@claude-flow/cli/__tests__/config-adapter-deep.test.ts[2m > [22mConfigAdapter deep edge cases[2m > [22mconsensus mapping in v3ConfigToSystemConfig[2m > [22mshould set consensusRequired to true for "consensus" strategy
 [32mΓ£ô[39m v3/@claude-flow/cli/__tests__/config-adapter-deep.test.ts[2m > [22mConfigAdapter deep edge cases[2m > [22mconsensus mapping in v3ConfigToSystemConfig[2m > [22mshould set consensusRequired to false for non-consensus strategy
 [32mΓ£ô[39m v3/@claude-flow/cli/__tests__/config-adapter-deep.test.ts[2m > [22mConfigAdapter deep edge cases[2m > [22mHNSW toggle in v3ConfigToSystemConfig[2m > [22mshould set indexType "hnsw" when enableHNSW is true
 [32mΓ£ô[39m v3/@claude-flow/cli/__tests__/config-adapter-deep.test.ts[2m > [22mConfigAdapter deep edge cases[2m > [22mHNSW toggle in v3ConfigToSystemConfig[2m > [22mshould set indexType "flat" when enableHNSW is false
 [32mΓ£ô[39m v3/@claude-flow/cli/__tests__/config-adapter-deep.test.ts[2m > [22mConfigAdapter deep edge cases[2m > [22mautoScale mapping in v3ConfigToSystemConfig[2m > [22mshould set autoScale.enabled true when v3 autoScale is true
 [32mΓ£ô[39m v3/@claude-flow/cli/__tests__/config-adapter-deep.test.ts[2m > [22mConfigAdapter deep edge cases[2m > [22mautoScale mapping in v3ConfigToSystemConfig[2m > [22mshould set autoScale.enabled false when v3 autoScale is false
 [32mΓ£ô[39m v3/@claude-flow/cli/__tests__/config-adapter-deep.test.ts[2m > [22mConfigAdapter deep edge cases[2m > [22mautoScale mapping in v3ConfigToSystemConfig[2m > [22mshould carry maxAgents into autoScale.maxAgents
 [32mΓ£ô[39m v3/@claude-flow/cli/__tests__/config-adapter-deep.test.ts[2m > [22mConfigAdapter deep edge cases[2m > [22mMCP transport mapping in v3ConfigToSystemConfig[2m > [22mshould map transportType "http" correctly
 [32mΓ£ô[39m v3/@claude-flow/cli/__tests__/config-adapter-deep.test.ts[2m > [22mConfigAdapter deep edge cases[2m > [22mMCP transport mapping in v3ConfigToSystemConfig[2m > [22mshould map transportType "websocket" correctly
 [32mΓ£ô[39m v3/@claude-flow/cli/__tests__/config-adapter-deep.test.ts[2m > [22mConfigAdapter deep edge cases[2m > [22mround-trip preserves diverse configurations[2m > [22mshould round-trip with agentdb + hnsw enabled
 [32mΓ£ô[39m v3/@claude-flow/cli/__tests__/config-adapter-deep.test.ts[2m > [22mConfigAdapter deep edge cases[2m > [22mround-trip preserves diverse configurations[2m > [22mshould round-trip with consensus coordination
[90mstderr[2m | v3/@claude-flow/hooks/src/__tests__/guidance-provider.test.ts[2m > 
[22m[2mGuidanceProvider[2m > [22m[2mgeneratePreCommandGuidance[2m > [22m[2mhelpful commands[2m > 
[22m[2mshould provide guidance for tsc[22m[39m
[ReasoningBank] AgentDB not available, using in-memory mode

 [32mΓ£ô[39m v3/@claude-flow/hooks/src/__tests__/guidance-provider.test.ts[2m > [22mGuidanceProvider[2m > [22mgeneratePreCommandGuidance[2m > [22mhelpful commands[2m > [22mshould provide guidance for tsc
 [32mΓ£ô[39m v3/@claude-flow/cli/__tests__/ruvector/graph-analyzer.test.ts[2m > [22mGraph Analyzer[2m > [22mperformance[2m > [22mshould handle many files efficiently
[90mstderr[2m | v3/@claude-flow/hooks/src/__tests__/guidance-provider.test.ts[2m > 
[22m[2mGuidanceProvider[2m > [22m[2mgeneratePreCommandGuidance[2m > [22m[2mshould allow safe 
commands[22m[39m
[ReasoningBank] AgentDB not available, using in-memory mode

 [32mΓ£ô[39m v3/@claude-flow/hooks/src/__tests__/guidance-provider.test.ts[2m > [22mGuidanceProvider[2m > [22mgeneratePreCommandGuidance[2m > [22mshould allow safe commands
 [32mΓ£ô[39m v3/@claude-flow/cli/__tests__/ruvector/graph-analyzer.test.ts[2m > [22mGraph Analyzer[2m > [22mperformance[2m > [22mshould handle many files efficiently[33m 844[2mms[22m[39m
[90mstderr[2m | v3/@claude-flow/hooks/src/__tests__/guidance-provider.test.ts[2m > 
[22m[2mGuidanceProvider[2m > [22m[2mgenerateRoutingGuidance[2m > [22m[2mshould recommend 
security-architect for security tasks[22m[39m
[ReasoningBank] AgentDB not available, using in-memory mode

 [32mΓ£ô[39m v3/@claude-flow/hooks/src/__tests__/guidance-provider.test.ts[2m > [22mGuidanceProvider[2m > [22mgenerateRoutingGuidance[2m > [22mshould recommend security-architect for security tasks
 [32mΓ£ô[39m v3/plugins/prime-radiant/__tests__/tools/coherence-check.test.ts[2m > [22mCoherenceCheckTool[2m > [22mbasic coherence checking[2m > [22mshould detect coherent vectors
 [32mΓ£ô[39m v3/plugins/prime-radiant/__tests__/tools/coherence-check.test.ts[2m > [22mCoherenceCheckTool[2m > [22mbasic coherence checking[2m > [22mshould detect incoherent vectors
 [32mΓ£ô[39m v3/plugins/prime-radiant/__tests__/tools/coherence-check.test.ts[2m > [22mCoherenceCheckTool[2m > [22mbasic coherence checking[2m > [22mshould handle empty input
 [32mΓ£ô[39m v3/plugins/prime-radiant/__tests__/tools/coherence-check.test.ts[2m > [22mCoherenceCheckTool[2m > [22mbasic coherence checking[2m > [22mshould handle single vector
 [32mΓ£ô[39m v3/plugins/prime-radiant/__tests__/tools/coherence-check.test.ts[2m > [22mCoherenceCheckTool[2m > [22mthreshold handling[2m > [22mshould use default threshold
 [32mΓ£ô[39m v3/plugins/prime-radiant/__tests__/tools/coherence-check.test.ts[2m > [22mCoherenceCheckTool[2m > [22mthreshold handling[2m > [22mshould respect custom threshold
 [32mΓ£ô[39m v3/plugins/prime-radiant/__tests__/tools/coherence-check.test.ts[2m > [22mCoherenceCheckTool[2m > [22maction determination[2m > [22mshould return allow for low energy
 [32mΓ£ô[39m v3/plugins/prime-radiant/__tests__/tools/coherence-check.test.ts[2m > [22mCoherenceCheckTool[2m > [22maction determination[2m > [22mshould return warn for medium energy
 [32mΓ£ô[39m v3/plugins/prime-radiant/__tests__/tools/coherence-check.test.ts[2m > [22mCoherenceCheckTool[2m > [22maction determination[2m > [22mshould return reject for high energy
 [32mΓ£ô[39m v3/plugins/prime-radiant/__tests__/tools/coherence-check.test.ts[2m > [22mCoherenceCheckTool[2m > [22mviolations reporting[2m > [22mshould report violations with indices
 [32mΓ£ô[39m v3/plugins/prime-radiant/__tests__/tools/coherence-check.test.ts[2m > [22mCoherenceCheckTool[2m > [22mviolations reporting[2m > [22mshould report violations with labels
 [32mΓ£ô[39m v3/plugins/prime-radiant/__tests__/tools/coherence-check.test.ts[2m > [22mCoherenceCheckTool[2m > [22mviolations reporting[2m > [22mshould include dissimilarity score
 [32mΓ£ô[39m v3/plugins/prime-radiant/__tests__/tools/coherence-check.test.ts[2m > [22mCoherenceCheckTool[2m > [22mviolations reporting[2m > [22mshould skip violations when disabled
 [32mΓ£ô[39m v3/plugins/prime-radiant/__tests__/tools/coherence-check.test.ts[2m > [22mCoherenceCheckTool[2m > [22minterpretation[2m > [22mshould provide interpretation for fully coherent
 [32mΓ£ô[39m v3/plugins/prime-radiant/__tests__/tools/coherence-check.test.ts[2m > [22mCoherenceCheckTool[2m > [22minterpretation[2m > [22mshould provide interpretation for contradictions
 [32mΓ£ô[39m v3/plugins/prime-radiant/__tests__/tools/coherence-check.test.ts[2m > [22mCoherenceCheckTool[2m > [22mconfidence scoring[2m > [22mshould return confidence between 0 and 1
 [32mΓ£ô[39m v3/plugins/prime-radiant/__tests__/tools/coherence-check.test.ts[2m > [22mCoherenceCheckTool[2m > [22mconfidence scoring[2m > [22mshould have higher confidence with more vectors
 [32mΓ£ô[39m v3/plugins/prime-radiant/__tests__/tools/coherence-check.test.ts[2m > [22mCoherenceCheckTool[2m > [22mcaching[2m > [22mshould cache results by default
 [32mΓ£ô[39m v3/plugins/prime-radiant/__tests__/tools/coherence-check.test.ts[2m > [22mCoherenceCheckTool[2m > [22mcaching[2m > [22mshould skip cache when disabled
 [32mΓ£ô[39m v3/plugins/prime-radiant/__tests__/tools/coherence-check.test.ts[2m > [22mCoherenceCheckTool[2m > [22mcaching[2m > [22mshould clear cache
 [32mΓ£ô[39m v3/plugins/prime-radiant/__tests__/tools/coherence-check.test.ts[2m > [22mCoherenceCheckTool[2m > [22minput validation[2m > [22mshould throw on dimension mismatch
 [32mΓ£ô[39m v3/plugins/prime-radiant/__tests__/tools/coherence-check.test.ts[2m > [22mCoherenceCheckTool[2m > [22minput validation[2m > [22mshould handle high-dimensional vectors
 [32mΓ£ô[39m v3/plugins/prime-radiant/__tests__/tools/coherence-check.test.ts[2m > [22mCoherenceCheckTool[2m > [22mperformance[2m > [22mshould check coherence in <5ms
 [32mΓ£ô[39m v3/plugins/prime-radiant/__tests__/tools/coherence-check.test.ts[2m > [22mCoherenceCheckTool Energy Interpretation[2m > [22mshould interpret 0.0-0.1 as fully coherent
 [32mΓ£ô[39m v3/plugins/prime-radiant/__tests__/tools/coherence-check.test.ts[2m > [22mCoherenceCheckTool Energy Interpretation[2m > [22mshould interpret 0.1-0.3 as minor inconsistencies
[90mstderr[2m | v3/@claude-flow/hooks/src/__tests__/guidance-provider.test.ts[2m > 
[22m[2mGuidanceProvider[2m > [22m[2mgenerateRoutingGuidance[2m > [22m[2mshould recommend test-architect 
for testing tasks[22m[39m
[ReasoningBank] AgentDB not available, using in-memory mode

 [32mΓ£ô[39m v3/@claude-flow/hooks/src/__tests__/guidance-provider.test.ts[2m > [22mGuidanceProvider[2m > [22mgenerateRoutingGuidance[2m > [22mshould recommend test-architect for testing tasks
[90mstderr[2m | v3/@claude-flow/hooks/src/__tests__/guidance-provider.test.ts[2m > 
[22m[2mGuidanceProvider[2m > [22m[2mgenerateRoutingGuidance[2m > [22m[2mshould include 
alternatives[22m[39m
[ReasoningBank] AgentDB not available, using in-memory mode

 [32mΓ£ô[39m v3/@claude-flow/hooks/src/__tests__/guidance-provider.test.ts[2m > [22mGuidanceProvider[2m > [22mgenerateRoutingGuidance[2m > [22mshould include alternatives
[90mstderr[2m | v3/@claude-flow/hooks/src/__tests__/guidance-provider.test.ts[2m > 
[22m[2mGuidanceProvider[2m > [22m[2mgenerateRoutingGuidance[2m > [22m[2mshould include usage 
instructions[22m[39m
[ReasoningBank] AgentDB not available, using in-memory mode

 [32mΓ£ô[39m v3/@claude-flow/hooks/src/__tests__/guidance-provider.test.ts[2m > [22mGuidanceProvider[2m > [22mgenerateRoutingGuidance[2m > [22mshould include usage instructions
[90mstderr[2m | v3/@claude-flow/hooks/src/__tests__/guidance-provider.test.ts[2m > 
[22m[2mGuidanceProvider[2m > [22m[2mgenerateStopCheck[2m > [22m[2mshould allow stopping when patterns 
are consolidated[22m[39m
[ReasoningBank] AgentDB not available, using in-memory mode

 [32mΓ£ô[39m v3/@claude-flow/hooks/src/__tests__/guidance-provider.test.ts[2m > [22mGuidanceProvider[2m > [22mgenerateStopCheck[2m > [22mshould allow stopping when patterns are consolidated
[90mstderr[2m | v3/@claude-flow/hooks/src/__tests__/guidance-provider.test.ts[2m > 
[22m[2mGuidanceProvider[2m > [22m[2mgenerateStopCheck[2m > [22m[2mshould block stopping when too many 
unconsolidated patterns[22m[39m
[ReasoningBank] AgentDB not available, using in-memory mode

 [32mΓ£ô[39m v3/@claude-flow/hooks/src/__tests__/guidance-provider.test.ts[2m > [22mGuidanceProvider[2m > [22mgenerateStopCheck[2m > [22mshould block stopping when too many unconsolidated patterns
[90mstderr[2m | v3/@claude-flow/hooks/src/__tests__/guidance-provider.test.ts[2m > [22m[2mGuidanceProvider 
with default ReasoningBank[2m > [22m[2mshould create provider without explicit ReasoningBank[22m[39m
[ReasoningBank] AgentDB not available, using in-memory mode

 [32mΓ£ô[39m v3/@claude-flow/hooks/src/__tests__/guidance-provider.test.ts[2m > [22mGuidanceProvider with default ReasoningBank[2m > [22mshould create provider without explicit ReasoningBank
 [32mΓ£ô[39m v3/@claude-flow/plugins/__tests__/ruvector-streaming.test.ts[2m > [22mRuVector Streaming[2m > [22mCursor Operations[2m > [22mshould create and iterate cursor[33m 2502[2mms[22m[39m
 [32mΓ£ô[39m v3/plugins/hyperbolic-reasoning/tests/types.test.ts[2m > [22mHierarchyNodeSchema[2m > [22mshould validate valid node
 [32mΓ£ô[39m v3/plugins/hyperbolic-reasoning/tests/types.test.ts[2m > [22mHierarchyNodeSchema[2m > [22mshould accept root node with null parent
 [32mΓ£ô[39m v3/plugins/hyperbolic-reasoning/tests/types.test.ts[2m > [22mHierarchyNodeSchema[2m > [22mshould reject id exceeding max length
 [32mΓ£ô[39m v3/plugins/hyperbolic-reasoning/tests/types.test.ts[2m > [22mHierarchyNodeSchema[2m > [22mshould reject negative depth
 [32mΓ£ô[39m v3/plugins/hyperbolic-reasoning/tests/types.test.ts[2m > [22mHierarchyEdgeSchema[2m > [22mshould validate valid edge
 [32mΓ£ô[39m v3/plugins/hyperbolic-reasoning/tests/types.test.ts[2m > [22mHierarchyEdgeSchema[2m > [22mshould accept edge without optional fields
 [32mΓ£ô[39m v3/plugins/hyperbolic-reasoning/tests/types.test.ts[2m > [22mHierarchyEdgeSchema[2m > [22mshould reject non-finite weight
 [32mΓ£ô[39m v3/plugins/hyperbolic-reasoning/tests/types.test.ts[2m > [22mHierarchySchema[2m > [22mshould validate valid hierarchy
 [32mΓ£ô[39m v3/plugins/hyperbolic-reasoning/tests/types.test.ts[2m > [22mHierarchySchema[2m > [22mshould require at least one node
 [32mΓ£ô[39m v3/plugins/hyperbolic-reasoning/tests/types.test.ts[2m > [22mEmbedHierarchyInputSchema[2m > [22mshould validate valid embed input
 [32mΓ£ô[39m v3/plugins/hyperbolic-reasoning/tests/types.test.ts[2m > [22mEmbedHierarchyInputSchema[2m > [22mshould accept all model types
 [32mΓ£ô[39m v3/plugins/hyperbolic-reasoning/tests/types.test.ts[2m > [22mEmbedHierarchyInputSchema[2m > [22mshould use default model
 [32mΓ£ô[39m v3/plugins/hyperbolic-reasoning/tests/types.test.ts[2m > [22mEmbedHierarchyInputSchema[2m > [22mshould reject dimensions exceeding max
 [32mΓ£ô[39m v3/plugins/hyperbolic-reasoning/tests/types.test.ts[2m > [22mEmbedHierarchyInputSchema[2m > [22mshould reject positive curvature
 [32mΓ£ô[39m v3/plugins/hyperbolic-reasoning/tests/types.test.ts[2m > [22mTaxonomicReasonInputSchema[2m > [22mshould validate valid taxonomic reason input
 [32mΓ£ô[39m v3/plugins/hyperbolic-reasoning/tests/types.test.ts[2m > [22mTaxonomicReasonInputSchema[2m > [22mshould accept all query types
 [32mΓ£ô[39m v3/plugins/hyperbolic-reasoning/tests/types.test.ts[2m > [22mTaxonomicReasonInputSchema[2m > [22mshould use default inference settings
 [32mΓ£ô[39m v3/plugins/hyperbolic-reasoning/tests/types.test.ts[2m > [22mSemanticSearchInputSchema[2m > [22mshould validate valid semantic search input
 [32mΓ£ô[39m v3/plugins/hyperbolic-reasoning/tests/types.test.ts[2m > [22mSemanticSearchInputSchema[2m > [22mshould accept all search modes
 [32mΓ£ô[39m v3/plugins/hyperbolic-reasoning/tests/types.test.ts[2m > [22mSemanticSearchInputSchema[2m > [22mshould use default topK
 [32mΓ£ô[39m v3/plugins/hyperbolic-reasoning/tests/types.test.ts[2m > [22mSemanticSearchInputSchema[2m > [22mshould reject topK below 1
 [32mΓ£ô[39m v3/plugins/hyperbolic-reasoning/tests/types.test.ts[2m > [22mHierarchyCompareInputSchema[2m > [22mshould validate valid compare input
 [32mΓ£ô[39m v3/plugins/hyperbolic-reasoning/tests/types.test.ts[2m > [22mHierarchyCompareInputSchema[2m > [22mshould accept all alignment methods
 [32mΓ£ô[39m v3/plugins/hyperbolic-reasoning/tests/types.test.ts[2m > [22mHierarchyCompareInputSchema[2m > [22mshould accept all metric types
 [32mΓ£ô[39m v3/plugins/hyperbolic-reasoning/tests/types.test.ts[2m > [22mEntailmentGraphInputSchema[2m > [22mshould validate valid entailment input
 [32mΓ£ô[39m v3/plugins/hyperbolic-reasoning/tests/types.test.ts[2m > [22mEntailmentGraphInputSchema[2m > [22mshould accept all actions
 [32mΓ£ô[39m v3/plugins/hyperbolic-reasoning/tests/types.test.ts[2m > [22mEntailmentGraphInputSchema[2m > [22mshould accept all prune strategies
 [32mΓ£ô[39m v3/plugins/hyperbolic-reasoning/tests/types.test.ts[2m > [22mEntailmentGraphInputSchema[2m > [22mshould reject entailment threshold outside [0, 1]
 [32mΓ£ô[39m v3/plugins/hyperbolic-reasoning/tests/types.test.ts[2m > [22mHyperbolic Math Utilities[2m > [22mclipToBall[2m > [22mshould not modify vectors within ball
 [32mΓ£ô[39m v3/plugins/hyperbolic-reasoning/tests/types.test.ts[2m > [22mHyperbolic Math Utilities[2m > [22mclipToBall[2m > [22mshould clip vectors outside ball
 [32mΓ£ô[39m v3/plugins/hyperbolic-reasoning/tests/types.test.ts[2m > [22mHyperbolic Math Utilities[2m > [22mpoincareDistance[2m > [22mshould return 0 for identical points
 [32mΓ£ô[39m v3/plugins/hyperbolic-reasoning/tests/types.test.ts[2m > [22mHyperbolic Math Utilities[2m > [22mpoincareDistance[2m > [22mshould be symmetric
 [32mΓ£ô[39m v3/plugins/hyperbolic-reasoning/tests/types.test.ts[2m > [22mHyperbolic Math Utilities[2m > [22mpoincareDistance[2m > [22mshould increase with curvature
 [32mΓ£ô[39m v3/plugins/hyperbolic-reasoning/tests/types.test.ts[2m > [22mHyperbolic Math Utilities[2m > [22mmobiusAdd[2m > [22mshould return y when x is zero
 [32mΓ£ô[39m v3/plugins/hyperbolic-reasoning/tests/types.test.ts[2m > [22mHyperbolic Math Utilities[2m > [22mmobiusAdd[2m > [22mshould return x when y is zero
 [32mΓ£ô[39m v3/plugins/hyperbolic-reasoning/tests/types.test.ts[2m > [22mHyperbolic Math Utilities[2m > [22mmobiusAdd[2m > [22mshould keep result within ball
 [32mΓ£ô[39m v3/plugins/hyperbolic-reasoning/tests/types.test.ts[2m > [22mHyperbolic Math Utilities[2m > [22mexpMap[2m > [22mshould return origin for zero vector
 [32mΓ£ô[39m v3/plugins/hyperbolic-reasoning/tests/types.test.ts[2m > [22mHyperbolic Math Utilities[2m > [22mexpMap[2m > [22mshould map to inside the ball
 [32mΓ£ô[39m v3/plugins/hyperbolic-reasoning/tests/types.test.ts[2m > [22mHyperbolic Math Utilities[2m > [22mlogMap[2m > [22mshould return zero for origin
 [32mΓ£ô[39m v3/plugins/hyperbolic-reasoning/tests/types.test.ts[2m > [22mHyperbolic Math Utilities[2m > [22mlogMap[2m > [22mshould be inverse of expMap near origin
 [32mΓ£ô[39m v3/plugins/hyperbolic-reasoning/tests/types.test.ts[2m > [22msuccessResult[2m > [22mshould create success result with JSON data
 [32mΓ£ô[39m v3/plugins/hyperbolic-reasoning/tests/types.test.ts[2m > [22merrorResult[2m > [22mshould create error result
 [32mΓ£ô[39m v3/plugins/hyperbolic-reasoning/tests/types.test.ts[2m > [22mConstants[2m > [22mshould have valid POINCARE_BALL_EPS
 [32mΓ£ô[39m v3/plugins/hyperbolic-reasoning/tests/types.test.ts[2m > [22mConstants[2m > [22mshould have valid MAX_NORM
 [32mΓ£ô[39m v3/plugins/hyperbolic-reasoning/tests/types.test.ts[2m > [22mConstants[2m > [22mshould have valid RESOURCE_LIMITS
 [32mΓ£ô[39m v3/plugins/test-intelligence/tests/types.test.ts[2m > [22mTest Intelligence Types[2m > [22mSelectPredictiveInputSchema[2m > [22mshould validate valid predictive selection input
 [32mΓ£ô[39m v3/plugins/test-intelligence/tests/types.test.ts[2m > [22mTest Intelligence Types[2m > [22mSelectPredictiveInputSchema[2m > [22mshould use default strategy
 [32mΓ£ô[39m v3/plugins/test-intelligence/tests/types.test.ts[2m > [22mTest Intelligence Types[2m > [22mSelectPredictiveInputSchema[2m > [22mshould validate with git diff
 [32mΓ£ô[39m v3/plugins/test-intelligence/tests/types.test.ts[2m > [22mTest Intelligence Types[2m > [22mSelectPredictiveInputSchema[2m > [22mshould validate with git ref
 [32mΓ£ô[39m v3/plugins/test-intelligence/tests/types.test.ts[2m > [22mTest Intelligence Types[2m > [22mSelectPredictiveInputSchema[2m > [22mshould validate all strategy types
 [32mΓ£ô[39m v3/plugins/test-intelligence/tests/types.test.ts[2m > [22mTest Intelligence Types[2m > [22mSelectPredictiveInputSchema[2m > [22mshould validate with budget options
 [32mΓ£ô[39m v3/plugins/test-intelligence/tests/types.test.ts[2m > [22mTest Intelligence Types[2m > [22mSelectPredictiveInputSchema[2m > [22mshould use default confidence in budget
 [32mΓ£ô[39m v3/plugins/test-intelligence/tests/types.test.ts[2m > [22mTest Intelligence Types[2m > [22mSelectPredictiveInputSchema[2m > [22mshould reject too many files
 [32mΓ£ô[39m v3/plugins/test-intelligence/tests/types.test.ts[2m > [22mTest Intelligence Types[2m > [22mSelectPredictiveInputSchema[2m > [22mshould reject git diff exceeding max length
 [32mΓ£ô[39m v3/plugins/test-intelligence/tests/types.test.ts[2m > [22mTest Intelligence Types[2m > [22mSelectPredictiveInputSchema[2m > [22mshould reject confidence outside valid range
 [32mΓ£ô[39m v3/plugins/test-intelligence/tests/types.test.ts[2m > [22mTest Intelligence Types[2m > [22mFlakyDetectInputSchema[2m > [22mshould validate valid flaky detection input
 [32mΓ£ô[39m v3/plugins/test-intelligence/tests/types.test.ts[2m > [22mTest Intelligence Types[2m > [22mFlakyDetectInputSchema[2m > [22mshould use defaults when not provided
 [32mΓ£ô[39m v3/plugins/test-intelligence/tests/types.test.ts[2m > [22mTest Intelligence Types[2m > [22mFlakyDetectInputSchema[2m > [22mshould validate all analysis types
 [32mΓ£ô[39m v3/plugins/test-intelligence/tests/types.test.ts[2m > [22mTest Intelligence Types[2m > [22mFlakyDetectInputSchema[2m > [22mshould reject threshold outside valid range
 [32mΓ£ô[39m v3/plugins/test-intelligence/tests/types.test.ts[2m > [22mTest Intelligence Types[2m > [22mFlakyDetectInputSchema[2m > [22mshould reject historyDepth outside valid range
 [32mΓ£ô[39m v3/plugins/test-intelligence/tests/types.test.ts[2m > [22mTest Intelligence Types[2m > [22mCoverageGapsInputSchema[2m > [22mshould validate valid coverage gaps input
 [32mΓ£ô[39m v3/plugins/test-intelligence/tests/types.test.ts[2m > [22mTest Intelligence Types[2m > [22mCoverageGapsInputSchema[2m > [22mshould use defaults when not provided
 [32mΓ£ô[39m v3/plugins/test-intelligence/tests/types.test.ts[2m > [22mTest Intelligence Types[2m > [22mCoverageGapsInputSchema[2m > [22mshould validate all coverage types
 [32mΓ£ô[39m v3/plugins/test-intelligence/tests/types.test.ts[2m > [22mTest Intelligence Types[2m > [22mCoverageGapsInputSchema[2m > [22mshould validate all prioritization types
 [32mΓ£ô[39m v3/plugins/test-intelligence/tests/types.test.ts[2m > [22mTest Intelligence Types[2m > [22mCoverageGapsInputSchema[2m > [22mshould reject minCoverage outside valid range
 [32mΓ£ô[39m v3/plugins/test-intelligence/tests/types.test.ts[2m > [22mTest Intelligence Types[2m > [22mCoverageGapsInputSchema[2m > [22mshould reject too many target paths
 [32mΓ£ô[39m v3/plugins/test-intelligence/tests/types.test.ts[2m > [22mTest Intelligence Types[2m > [22mMutationOptimizeInputSchema[2m > [22mshould validate valid mutation optimize input
 [32mΓ£ô[39m v3/plugins/test-intelligence/tests/types.test.ts[2m > [22mTest Intelligence Types[2m > [22mMutationOptimizeInputSchema[2m > [22mshould use default strategy
 [32mΓ£ô[39m v3/plugins/test-intelligence/tests/types.test.ts[2m > [22mTest Intelligence Types[2m > [22mMutationOptimizeInputSchema[2m > [22mshould validate all mutation types
 [32mΓ£ô[39m v3/plugins/test-intelligence/tests/types.test.ts[2m > [22mTest Intelligence Types[2m > [22mMutationOptimizeInputSchema[2m > [22mshould validate all strategies
 [32mΓ£ô[39m v3/plugins/test-intelligence/tests/types.test.ts[2m > [22mTest Intelligence Types[2m > [22mMutationOptimizeInputSchema[2m > [22mshould reject budget outside valid range
 [32mΓ£ô[39m v3/plugins/test-intelligence/tests/types.test.ts[2m > [22mTest Intelligence Types[2m > [22mMutationOptimizeInputSchema[2m > [22mshould reject target path exceeding max length
 [32mΓ£ô[39m v3/plugins/test-intelligence/tests/types.test.ts[2m > [22mTest Intelligence Types[2m > [22mGenerateSuggestInputSchema[2m > [22mshould validate valid generate suggest input
 [32mΓ£ô[39m v3/plugins/test-intelligence/tests/types.test.ts[2m > [22mTest Intelligence Types[2m > [22mGenerateSuggestInputSchema[2m > [22mshould use defaults when not provided
 [32mΓ£ô[39m v3/plugins/test-intelligence/tests/types.test.ts[2m > [22mTest Intelligence Types[2m > [22mGenerateSuggestInputSchema[2m > [22mshould validate all test styles
 [32mΓ£ô[39m v3/plugins/test-intelligence/tests/types.test.ts[2m > [22mTest Intelligence Types[2m > [22mGenerateSuggestInputSchema[2m > [22mshould validate all frameworks
 [32mΓ£ô[39m v3/plugins/test-intelligence/tests/types.test.ts[2m > [22mTest Intelligence Types[2m > [22mGenerateSuggestInputSchema[2m > [22mshould validate all mock strategies
 [32mΓ£ô[39m v3/plugins/test-intelligence/tests/types.test.ts[2m > [22mTest Intelligence Types[2m > [22mGenerateSuggestInputSchema[2m > [22mshould reject target function exceeding max length
 [32mΓ£ô[39m v3/plugins/test-intelligence/tests/types.test.ts[2m > [22mTest Intelligence Types[2m > [22mDefault Configuration[2m > [22mshould have valid selection configuration
 [32mΓ£ô[39m v3/plugins/test-intelligence/tests/types.test.ts[2m > [22mTest Intelligence Types[2m > [22mDefault Configuration[2m > [22mshould have valid flaky configuration
 [32mΓ£ô[39m v3/plugins/test-intelligence/tests/types.test.ts[2m > [22mTest Intelligence Types[2m > [22mDefault Configuration[2m > [22mshould have valid coverage configuration
 [32mΓ£ô[39m v3/plugins/test-intelligence/tests/types.test.ts[2m > [22mTest Intelligence Types[2m > [22mDefault Configuration[2m > [22mshould have valid mutation configuration
 [32mΓ£ô[39m v3/plugins/test-intelligence/tests/types.test.ts[2m > [22mTest Intelligence Types[2m > [22mError Codes[2m > [22mshould have all expected error codes
 [32mΓ£ô[39m v3/plugins/test-intelligence/tests/types.test.ts[2m > [22mTest Intelligence Types[2m > [22mResult Helpers[2m > [22mshould create success result
 [32mΓ£ô[39m v3/plugins/test-intelligence/tests/types.test.ts[2m > [22mTest Intelligence Types[2m > [22mResult Helpers[2m > [22mshould create error result from string
 [32mΓ£ô[39m v3/plugins/test-intelligence/tests/types.test.ts[2m > [22mTest Intelligence Types[2m > [22mResult Helpers[2m > [22mshould create error result from Error object
 [32mΓ£ô[39m v3/plugins/test-intelligence/tests/types.test.ts[2m > [22mTest Intelligence Types[2m > [22mResult Helpers[2m > [22mshould include timestamp in error result
[90mstderr[2m | v3/@claude-flow/hooks/src/__tests__/reasoningbank.test.ts[2m > [22m[2mReasoningBank[2m > 
[22m[2minitialization[2m > [22m[2mshould initialize in in-memory mode when dependencies are not 
available[22m[39m
[ReasoningBank] AgentDB not available, using in-memory mode

 [32mΓ£ô[39m v3/@claude-flow/hooks/src/__tests__/reasoningbank.test.ts[2m > [22mReasoningBank[2m > [22minitialization[2m > [22mshould initialize in in-memory mode when dependencies are not available
[90mstderr[2m | v3/@claude-flow/hooks/src/__tests__/reasoningbank.test.ts[2m > [22m[2mReasoningBank[2m > 
[22m[2minitialization[2m > [22m[2mshould only initialize once[22m[39m
[ReasoningBank] AgentDB not available, using in-memory mode

 [32mΓ£ô[39m v3/@claude-flow/hooks/src/__tests__/reasoningbank.test.ts[2m > [22mReasoningBank[2m > [22minitialization[2m > [22mshould only initialize once
[90mstderr[2m | v3/@claude-flow/hooks/src/__tests__/reasoningbank.test.ts[2m > [22m[2mReasoningBank[2m > 
[22m[2mstorePattern[2m > [22m[2mshould store a new pattern[22m[39m
[ReasoningBank] AgentDB not available, using in-memory mode

 [32mΓ£ô[39m v3/@claude-flow/hooks/src/__tests__/reasoningbank.test.ts[2m > [22mReasoningBank[2m > [22mstorePattern[2m > [22mshould store a new pattern
[90mstderr[2m | v3/@claude-flow/hooks/src/__tests__/reasoningbank.test.ts[2m > [22m[2mReasoningBank[2m > 
[22m[2mstorePattern[2m > [22m[2mshould update existing pattern if duplicate detected[22m[39m
[ReasoningBank] AgentDB not available, using in-memory mode

 [32mΓ£ô[39m v3/@claude-flow/hooks/src/__tests__/reasoningbank.test.ts[2m > [22mReasoningBank[2m > [22mstorePattern[2m > [22mshould update existing pattern if duplicate detected
[90mstderr[2m | v3/@claude-flow/hooks/src/__tests__/reasoningbank.test.ts[2m > [22m[2mReasoningBank[2m > 
[22m[2mstorePattern[2m > [22m[2mshould store multiple different patterns[22m[39m
[ReasoningBank] AgentDB not available, using in-memory mode

 [32mΓ£ô[39m v3/@claude-flow/hooks/src/__tests__/reasoningbank.test.ts[2m > [22mReasoningBank[2m > [22mstorePattern[2m > [22mshould store multiple different patterns
[90mstderr[2m | v3/@claude-flow/hooks/src/__tests__/reasoningbank.test.ts[2m > [22m[2mReasoningBank[2m > 
[22m[2mstorePattern[2m > [22m[2mshould store patterns with metadata[22m[39m
[ReasoningBank] AgentDB not available, using in-memory mode

 [32mΓ£ô[39m v3/@claude-flow/hooks/src/__tests__/reasoningbank.test.ts[2m > [22mReasoningBank[2m > [22mstorePattern[2m > [22mshould store patterns with metadata
[90mstderr[2m | v3/@claude-flow/hooks/src/__tests__/reasoningbank.test.ts[2m > [22m[2mReasoningBank[2m > 
[22m[2msearchPatterns[2m > [22m[2mshould return patterns sorted by similarity[22m[39m
[ReasoningBank] AgentDB not available, using in-memory mode

 [32mΓ£ô[39m v3/@claude-flow/hooks/src/__tests__/reasoningbank.test.ts[2m > [22mReasoningBank[2m > [22msearchPatterns[2m > [22mshould return patterns sorted by similarity
[90mstderr[2m | v3/@claude-flow/hooks/src/__tests__/reasoningbank.test.ts[2m > [22m[2mReasoningBank[2m > 
[22m[2msearchPatterns[2m > [22m[2mshould limit results to k[22m[39m
[ReasoningBank] AgentDB not available, using in-memory mode

[90mstderr[2m | v3/@claude-flow/hooks/src/__tests__/reasoningbank.test.ts[2m > [22m[2mReasoningBank[2m > 
[22m[2msearchPatterns[2m > [22m[2mshould accept Float32Array as query[22m[39m
[ReasoningBank] AgentDB not available, using in-memory mode

 [32mΓ£ô[39m v3/@claude-flow/hooks/src/__tests__/reasoningbank.test.ts[2m > [22mReasoningBank[2m > [22msearchPatterns[2m > [22mshould limit results to k
 [32mΓ£ô[39m v3/@claude-flow/hooks/src/__tests__/reasoningbank.test.ts[2m > [22mReasoningBank[2m > [22msearchPatterns[2m > [22mshould accept Float32Array as query
[90mstderr[2m | v3/@claude-flow/hooks/src/__tests__/reasoningbank.test.ts[2m > [22m[2mReasoningBank[2m > 
[22m[2msearchPatterns[2m > [22m[2mshould update metrics on search[22m[39m
[ReasoningBank] AgentDB not available, using in-memory mode

 [32mΓ£ô[39m v3/@claude-flow/swarm/__tests__/coordinator.test.ts[2m > [22mUnifiedSwarmCoordinator[2m > [22mInitialization[2m > [22mshould initialize successfully
 [32mΓ£ô[39m v3/@claude-flow/swarm/__tests__/coordinator.test.ts[2m > [22mUnifiedSwarmCoordinator[2m > [22mInitialization[2m > [22mshould create default configuration
 [32mΓ£ô[39m v3/@claude-flow/swarm/__tests__/coordinator.test.ts[2m > [22mUnifiedSwarmCoordinator[2m > [22mInitialization[2m > [22mshould initialize with mesh topology
 [32mΓ£ô[39m v3/@claude-flow/swarm/__tests__/coordinator.test.ts[2m > [22mUnifiedSwarmCoordinator[2m > [22mAgent Registration[2m > [22mshould register a new agent
 [32mΓ£ô[39m v3/@claude-flow/swarm/__tests__/coordinator.test.ts[2m > [22mUnifiedSwarmCoordinator[2m > [22mAgent Registration[2m > [22mshould register multiple agents
 [32mΓ£ô[39m v3/@claude-flow/swarm/__tests__/coordinator.test.ts[2m > [22mUnifiedSwarmCoordinator[2m > [22mAgent Registration[2m > [22mshould throw error when max agents reached
 [32mΓ£ô[39m v3/@claude-flow/swarm/__tests__/coordinator.test.ts[2m > [22mUnifiedSwarmCoordinator[2m > [22mAgent Registration[2m > [22mshould unregister an agent
 [32mΓ£ô[39m v3/@claude-flow/swarm/__tests__/coordinator.test.ts[2m > [22mUnifiedSwarmCoordinator[2m > [22mTask Management[2m > [22mshould submit a new task
 [32mΓ£ô[39m v3/@claude-flow/swarm/__tests__/coordinator.test.ts[2m > [22mUnifiedSwarmCoordinator[2m > [22mTask Management[2m > [22mshould assign task to available agent
 [32mΓ£ô[39m v3/@claude-flow/swarm/__tests__/coordinator.test.ts[2m > [22mUnifiedSwarmCoordinator[2m > [22mTask Management[2m > [22mshould cancel a task
 [32mΓ£ô[39m v3/@claude-flow/swarm/__tests__/coordinator.test.ts[2m > [22mUnifiedSwarmCoordinator[2m > [22mTask Management[2m > [22mshould get tasks by status
 [32mΓ£ô[39m v3/@claude-flow/swarm/__tests__/coordinator.test.ts[2m > [22mUnifiedSwarmCoordinator[2m > [22mTopology Management[2m > [22mshould maintain hierarchical topology
 [32mΓ£ô[39m v3/@claude-flow/swarm/__tests__/coordinator.test.ts[2m > [22mUnifiedSwarmCoordinator[2m > [22mTopology Management[2m > [22mshould change topology type
 [32mΓ£ô[39m v3/@claude-flow/swarm/__tests__/coordinator.test.ts[2m > [22mUnifiedSwarmCoordinator[2m > [22mLifecycle Management[2m > [22mshould pause and resume coordinator
 [32mΓ£ô[39m v3/@claude-flow/swarm/__tests__/coordinator.test.ts[2m > [22mUnifiedSwarmCoordinator[2m > [22mLifecycle Management[2m > [22mshould shutdown cleanly
 [32mΓ£ô[39m v3/@claude-flow/swarm/__tests__/coordinator.test.ts[2m > [22mUnifiedSwarmCoordinator[2m > [22mDomain-Based Routing[2m > [22mshould assign tasks to specific domains
 [32mΓ£ô[39m v3/@claude-flow/swarm/__tests__/coordinator.test.ts[2m > [22mUnifiedSwarmCoordinator[2m > [22mDomain-Based Routing[2m > [22mshould get agent domain from agent number
 [32mΓ£ô[39m v3/@claude-flow/swarm/__tests__/coordinator.test.ts[2m > [22mUnifiedSwarmCoordinator[2m > [22mDomain-Based Routing[2m > [22mshould spawn full 15-agent hierarchy
 [32mΓ£ô[39m v3/@claude-flow/swarm/__tests__/coordinator.test.ts[2m > [22mUnifiedSwarmCoordinator[2m > [22mPerformance Metrics[2m > [22mshould track coordinator metrics
 [32mΓ£ô[39m v3/@claude-flow/swarm/__tests__/coordinator.test.ts[2m > [22mUnifiedSwarmCoordinator[2m > [22mPerformance Metrics[2m > [22mshould generate performance report
[90mstderr[2m | v3/@claude-flow/hooks/src/__tests__/reasoningbank.test.ts[2m > [22m[2mReasoningBank[2m > 
[22m[2mgenerateGuidance[2m > [22m[2mshould generate guidance with domain detection[22m[39m
[ReasoningBank] AgentDB not available, using in-memory mode

 [32mΓ£ô[39m v3/@claude-flow/hooks/src/__tests__/reasoningbank.test.ts[2m > [22mReasoningBank[2m > [22msearchPatterns[2m > [22mshould update metrics on search
 [32mΓ£ô[39m v3/@claude-flow/hooks/src/__tests__/reasoningbank.test.ts[2m > [22mReasoningBank[2m > [22mgenerateGuidance[2m > [22mshould generate guidance with domain detection
[90mstderr[2m | v3/@claude-flow/hooks/src/__tests__/reasoningbank.test.ts[2m > [22m[2mReasoningBank[2m > 
[22m[2mgenerateGuidance[2m > [22m[2mshould detect security domain[22m[39m
[ReasoningBank] AgentDB not available, using in-memory mode

[90mstderr[2m | v3/@claude-flow/hooks/src/__tests__/reasoningbank.test.ts[2m > [22m[2mReasoningBank[2m > 
[22m[2mgenerateGuidance[2m > [22m[2mshould detect testing domain[22m[39m
[ReasoningBank] AgentDB not available, using in-memory mode

 [32mΓ£ô[39m v3/@claude-flow/hooks/src/__tests__/reasoningbank.test.ts[2m > [22mReasoningBank[2m > [22mgenerateGuidance[2m > [22mshould detect security domain
 [32mΓ£ô[39m v3/@claude-flow/hooks/src/__tests__/reasoningbank.test.ts[2m > [22mReasoningBank[2m > [22mgenerateGuidance[2m > [22mshould detect testing domain
[90mstderr[2m | v3/@claude-flow/hooks/src/__tests__/reasoningbank.test.ts[2m > [22m[2mReasoningBank[2m > 
[22m[2mgenerateGuidance[2m > [22m[2mshould include agent suggestion[22m[39m
[ReasoningBank] AgentDB not available, using in-memory mode

 [32mΓ£ô[39m v3/@claude-flow/hooks/src/__tests__/reasoningbank.test.ts[2m > [22mReasoningBank[2m > [22mgenerateGuidance[2m > [22mshould include agent suggestion
 [32mΓ£ô[39m v3/@claude-flow/mcp/__tests__/integration.test.ts[2m > [22mMCP 2025-11-25 Integration[2m > [22mServer Lifecycle[2m > [22mshould start and report healthy
 [32mΓ£ô[39m v3/@claude-flow/mcp/__tests__/integration.test.ts[2m > [22mMCP 2025-11-25 Integration[2m > [22mServer Lifecycle[2m > [22mshould expose all registries
 [32mΓ£ô[39m v3/@claude-flow/mcp/__tests__/integration.test.ts[2m > [22mMCP 2025-11-25 Integration[2m > [22mResources Integration[2m > [22mshould register and read resources
 [32mΓ£ô[39m v3/@claude-flow/mcp/__tests__/integration.test.ts[2m > [22mMCP 2025-11-25 Integration[2m > [22mResources Integration[2m > [22mshould handle resource subscriptions
 [32mΓ£ô[39m v3/@claude-flow/mcp/__tests__/integration.test.ts[2m > [22mMCP 2025-11-25 Integration[2m > [22mResources Integration[2m > [22mshould cache resources
 [32mΓ£ô[39m v3/@claude-flow/mcp/__tests__/integration.test.ts[2m > [22mMCP 2025-11-25 Integration[2m > [22mPrompts Integration[2m > [22mshould register and execute prompts
 [32mΓ£ô[39m v3/@claude-flow/mcp/__tests__/integration.test.ts[2m > [22mMCP 2025-11-25 Integration[2m > [22mPrompts Integration[2m > [22mshould validate required arguments
 [32mΓ£ô[39m v3/@claude-flow/mcp/__tests__/integration.test.ts[2m > [22mMCP 2025-11-25 Integration[2m > [22mTasks Integration[2m > [22mshould create and complete tasks
[90mstderr[2m | v3/@claude-flow/hooks/src/__tests__/reasoningbank.test.ts[2m > [22m[2mReasoningBank[2m > 
[22m[2mrouteTask[2m > [22m[2mshould route security tasks to security-architect[22m[39m
[ReasoningBank] AgentDB not available, using in-memory mode

[90mstderr[2m | v3/@claude-flow/hooks/src/__tests__/reasoningbank.test.ts[2m > [22m[2mReasoningBank[2m > 
[22m[2mrouteTask[2m > [22m[2mshould route testing tasks to test-architect[22m[39m
[ReasoningBank] AgentDB not available, using in-memory mode

 [32mΓ£ô[39m v3/@claude-flow/hooks/src/__tests__/reasoningbank.test.ts[2m > [22mReasoningBank[2m > [22mrouteTask[2m > [22mshould route security tasks to security-architect
 [32mΓ£ô[39m v3/@claude-flow/hooks/src/__tests__/reasoningbank.test.ts[2m > [22mReasoningBank[2m > [22mrouteTask[2m > [22mshould route testing tasks to test-architect
[90mstderr[2m | v3/@claude-flow/hooks/src/__tests__/reasoningbank.test.ts[2m > [22m[2mReasoningBank[2m > 
[22m[2mrouteTask[2m > [22m[2mshould route performance tasks to performance-engineer[22m[39m
[ReasoningBank] AgentDB not available, using in-memory mode

 [32mΓ£ô[39m v3/@claude-flow/mcp/__tests__/integration.test.ts[2m > [22mMCP 2025-11-25 Integration[2m > [22mTasks Integration[2m > [22mshould track progress
 [32mΓ£ô[39m v3/@claude-flow/hooks/src/__tests__/reasoningbank.test.ts[2m > [22mReasoningBank[2m > [22mrouteTask[2m > [22mshould route performance tasks to performance-engineer
[90mstderr[2m | v3/@claude-flow/hooks/src/__tests__/reasoningbank.test.ts[2m > [22m[2mReasoningBank[2m > 
[22m[2mrouteTask[2m > [22m[2mshould provide alternatives[22m[39m
[ReasoningBank] AgentDB not available, using in-memory mode

 [31m├ù[39m v3/@claude-flow/swarm/__tests__/consensus.test.ts[2m > [22mByzantine Consensus[2m > [22mFault Tolerance[2m > [22mshould achieve consensus with 2f+1 votes[33m 5022[2mms[22m[39m
[31m   ΓåÆ Test timed out in 5000ms.
If this is a long-running test, pass a timeout value as the last argument or configure it globally with "testTimeout".[39m
 [32mΓ£ô[39m v3/@claude-flow/swarm/__tests__/consensus.test.ts[2m > [22mGossip Consensus[2m > [22mInitialization[2m > [22mshould initialize successfully
 [32mΓ£ô[39m v3/@claude-flow/swarm/__tests__/consensus.test.ts[2m > [22mGossip Consensus[2m > [22mInitialization[2m > [22mshould track seen messages
 [32mΓ£ô[39m v3/@claude-flow/swarm/__tests__/consensus.test.ts[2m > [22mGossip Consensus[2m > [22mNeighbor Management[2m > [22mshould add and remove nodes
 [32mΓ£ô[39m v3/@claude-flow/swarm/__tests__/consensus.test.ts[2m > [22mGossip Consensus[2m > [22mNeighbor Management[2m > [22mshould add specific neighbors
 [32mΓ£ô[39m v3/@claude-flow/swarm/__tests__/consensus.test.ts[2m > [22mGossip Consensus[2m > [22mNeighbor Management[2m > [22mshould remove neighbors
 [32mΓ£ô[39m v3/@claude-flow/swarm/__tests__/consensus.test.ts[2m > [22mGossip Consensus[2m > [22mGossip Protocol[2m > [22mshould propose value
 [32mΓ£ô[39m v3/@claude-flow/swarm/__tests__/consensus.test.ts[2m > [22mGossip Consensus[2m > [22mGossip Protocol[2m > [22mshould vote on proposal
 [32mΓ£ô[39m v3/@claude-flow/swarm/__tests__/consensus.test.ts[2m > [22mGossip Consensus[2m > [22mGossip Protocol[2m > [22mshould track message queue
 [32mΓ£ô[39m v3/@claude-flow/swarm/__tests__/consensus.test.ts[2m > [22mGossip Consensus[2m > [22mGossip Protocol[2m > [22mshould perform anti-entropy
 [32mΓ£ô[39m v3/@claude-flow/swarm/__tests__/consensus.test.ts[2m > [22mGossip Consensus[2m > [22mConvergence[2m > [22mshould calculate convergence rate
 [32mΓ£ô[39m v3/@claude-flow/hooks/src/__tests__/reasoningbank.test.ts[2m > [22mReasoningBank[2m > [22mrouteTask[2m > [22mshould provide alternatives
 [32mΓ£ô[39m v3/plugins/quantum-optimizer/tests/types.test.ts[2m > [22mAnnealingSolveInputSchema[2m > [22mshould validate valid annealing input
 [32mΓ£ô[39m v3/plugins/quantum-optimizer/tests/types.test.ts[2m > [22mAnnealingSolveInputSchema[2m > [22mshould accept all problem types
 [32mΓ£ô[39m v3/plugins/quantum-optimizer/tests/types.test.ts[2m > [22mAnnealingSolveInputSchema[2m > [22mshould accept all embedding types
 [32mΓ£ô[39m v3/plugins/quantum-optimizer/tests/types.test.ts[2m > [22mAnnealingSolveInputSchema[2m > [22mshould use default embedding
 [32mΓ£ô[39m v3/plugins/quantum-optimizer/tests/types.test.ts[2m > [22mAnnealingSolveInputSchema[2m > [22mshould reject variables exceeding max
 [32mΓ£ô[39m v3/plugins/quantum-optimizer/tests/types.test.ts[2m > [22mAnnealingSolveInputSchema[2m > [22mshould reject numReads below 1
 [32mΓ£ô[39m v3/plugins/quantum-optimizer/tests/types.test.ts[2m > [22mAnnealingSolveInputSchema[2m > [22mshould reject negative chain strength
 [32mΓ£ô[39m v3/plugins/quantum-optimizer/tests/types.test.ts[2m > [22mQAOAOptimizeInputSchema[2m > [22mshould validate valid QAOA input
 [32mΓ£ô[39m v3/plugins/quantum-optimizer/tests/types.test.ts[2m > [22mQAOAOptimizeInputSchema[2m > [22mshould accept all problem types
 [32mΓ£ô[39m v3/plugins/quantum-optimizer/tests/types.test.ts[2m > [22mQAOAOptimizeInputSchema[2m > [22mshould accept all optimizer types
 [32mΓ£ô[39m v3/plugins/quantum-optimizer/tests/types.test.ts[2m > [22mQAOAOptimizeInputSchema[2m > [22mshould reject circuit depth exceeding max
 [32mΓ£ô[39m v3/plugins/quantum-optimizer/tests/types.test.ts[2m > [22mQAOAOptimizeInputSchema[2m > [22mshould reject shots below minimum
 [32mΓ£ô[39m v3/plugins/quantum-optimizer/tests/types.test.ts[2m > [22mGroverSearchInputSchema[2m > [22mshould validate valid Grover search input
 [32mΓ£ô[39m v3/plugins/quantum-optimizer/tests/types.test.ts[2m > [22mGroverSearchInputSchema[2m > [22mshould accept all structure types
 [32mΓ£ô[39m v3/plugins/quantum-optimizer/tests/types.test.ts[2m > [22mGroverSearchInputSchema[2m > [22mshould accept all iteration strategies
 [32mΓ£ô[39m v3/plugins/quantum-optimizer/tests/types.test.ts[2m > [22mGroverSearchInputSchema[2m > [22mshould accept all amplification methods
 [32mΓ£ô[39m v3/plugins/quantum-optimizer/tests/types.test.ts[2m > [22mGroverSearchInputSchema[2m > [22mshould reject search space size exceeding max
 [32mΓ£ô[39m v3/plugins/quantum-optimizer/tests/types.test.ts[2m > [22mGroverSearchInputSchema[2m > [22mshould reject oracle exceeding max length
 [32mΓ£ô[39m v3/plugins/quantum-optimizer/tests/types.test.ts[2m > [22mDependencyResolveInputSchema[2m > [22mshould validate valid dependency resolve input
 [32mΓ£ô[39m v3/plugins/quantum-optimizer/tests/types.test.ts[2m > [22mDependencyResolveInputSchema[2m > [22mshould require at least one package
 [32mΓ£ô[39m v3/plugins/quantum-optimizer/tests/types.test.ts[2m > [22mDependencyResolveInputSchema[2m > [22mshould accept all minimize objectives
 [32mΓ£ô[39m v3/plugins/quantum-optimizer/tests/types.test.ts[2m > [22mDependencyResolveInputSchema[2m > [22mshould accept all solver types
 [32mΓ£ô[39m v3/plugins/quantum-optimizer/tests/types.test.ts[2m > [22mDependencyResolveInputSchema[2m > [22mshould reject timeout below minimum
 [32mΓ£ô[39m v3/plugins/quantum-optimizer/tests/types.test.ts[2m > [22mScheduleOptimizeInputSchema[2m > [22mshould validate valid schedule input
 [32mΓ£ô[39m v3/plugins/quantum-optimizer/tests/types.test.ts[2m > [22mScheduleOptimizeInputSchema[2m > [22mshould accept all objectives
 [32mΓ£ô[39m v3/plugins/quantum-optimizer/tests/types.test.ts[2m > [22mScheduleOptimizeInputSchema[2m > [22mshould require at least one task
 [32mΓ£ô[39m v3/plugins/quantum-optimizer/tests/types.test.ts[2m > [22mScheduleOptimizeInputSchema[2m > [22mshould require at least one resource
 [32mΓ£ô[39m v3/plugins/quantum-optimizer/tests/types.test.ts[2m > [22mScheduleOptimizeInputSchema[2m > [22mshould reject resource capacity below 1
 [32mΓ£ô[39m v3/plugins/quantum-optimizer/tests/types.test.ts[2m > [22mScheduleOptimizeInputSchema[2m > [22mshould accept resource availability windows
 [32mΓ£ô[39m v3/plugins/quantum-optimizer/tests/types.test.ts[2m > [22msuccessResult[2m > [22mshould create success result with JSON data
 [32mΓ£ô[39m v3/plugins/quantum-optimizer/tests/types.test.ts[2m > [22merrorResult[2m > [22mshould create error result from Error
 [32mΓ£ô[39m v3/plugins/quantum-optimizer/tests/types.test.ts[2m > [22merrorResult[2m > [22mshould create error result from string
 [32mΓ£ô[39m v3/plugins/quantum-optimizer/tests/types.test.ts[2m > [22mRESOURCE_LIMITS[2m > [22mshould have valid limits
 [32mΓ£ô[39m v3/plugins/quantum-optimizer/tests/types.test.ts[2m > [22mRESOURCE_LIMITS[2m > [22mshould have reasonable max values
 [32mΓ£ô[39m v3/plugins/quantum-optimizer/tests/types.test.ts[2m > [22mALLOWED_ORACLE_OPS[2m > [22mshould include comparison operators
 [32mΓ£ô[39m v3/plugins/quantum-optimizer/tests/types.test.ts[2m > [22mALLOWED_ORACLE_OPS[2m > [22mshould include logical operators
 [32mΓ£ô[39m v3/plugins/quantum-optimizer/tests/types.test.ts[2m > [22mALLOWED_ORACLE_OPS[2m > [22mshould include arithmetic operators
[90mstderr[2m | v3/@claude-flow/hooks/src/__tests__/reasoningbank.test.ts[2m > [22m[2mReasoningBank[2m > 
[22m[2mrouteTask[2m > [22m[2mshould default to coder for general tasks[22m[39m
[ReasoningBank] AgentDB not available, using in-memory mode

 [32mΓ£ô[39m v3/@claude-flow/mcp/__tests__/integration.test.ts[2m > [22mMCP 2025-11-25 Integration[2m > [22mTasks Integration[2m > [22mshould cancel running tasks
 [32mΓ£ô[39m v3/@claude-flow/hooks/src/__tests__/reasoningbank.test.ts[2m > [22mReasoningBank[2m > [22mrouteTask[2m > [22mshould default to coder for general tasks
 [32mΓ£ô[39m v3/@claude-flow/swarm/__tests__/consensus.test.ts[2m > [22mGossip Consensus[2m > [22mConvergence[2m > [22mshould achieve eventual consensus
[90mstderr[2m | v3/@claude-flow/hooks/src/__tests__/reasoningbank.test.ts[2m > [22m[2mReasoningBank[2m > 
[22m[2mrecordOutcome[2m > [22m[2mshould update pattern quality on success[22m[39m
[ReasoningBank] AgentDB not available, using in-memory mode

 [32mΓ£ô[39m v3/@claude-flow/hooks/src/__tests__/reasoningbank.test.ts[2m > [22mReasoningBank[2m > [22mrecordOutcome[2m > [22mshould update pattern quality on success
 [32mΓ£ô[39m v3/@claude-flow/mcp/__tests__/integration.test.ts[2m > [22mMCP 2025-11-25 Integration[2m > [22mTasks Integration[2m > [22mshould handle concurrent tasks
 [32mΓ£ô[39m v3/plugins/hyperbolic-reasoning/tests/mcp-tools.test.ts[2m > [22mhyperbolicReasoningTools[2m > [22mshould export 5 MCP tools
 [32mΓ£ô[39m v3/plugins/hyperbolic-reasoning/tests/mcp-tools.test.ts[2m > [22mhyperbolicReasoningTools[2m > [22mshould have unique tool names
 [32mΓ£ô[39m v3/plugins/hyperbolic-reasoning/tests/mcp-tools.test.ts[2m > [22mhyperbolicReasoningTools[2m > [22mshould have required tool properties
 [32mΓ£ô[39m v3/plugins/hyperbolic-reasoning/tests/mcp-tools.test.ts[2m > [22mgetTool[2m > [22mshould return tool by name
 [32mΓ£ô[39m v3/plugins/hyperbolic-reasoning/tests/mcp-tools.test.ts[2m > [22mgetTool[2m > [22mshould return undefined for unknown tool
 [32mΓ£ô[39m v3/plugins/hyperbolic-reasoning/tests/mcp-tools.test.ts[2m > [22mgetToolNames[2m > [22mshould return array of tool names
[90mstdout[2m | v3/plugins/hyperbolic-reasoning/tests/mcp-tools.test.ts[2m > [22m[2mhyperbolic_embed_hierarchy handler[2m > [22m[2mshould handle valid hierarchy input[22m[39m
[hyperbolic-reasoning] Embed hierarchy { nodes: [33m4[39m, model: [32m'poincare_ball'[39m, dimensions: [33m32[39m }

[90mstderr[2m | v3/@claude-flow/hooks/src/__tests__/reasoningbank.test.ts[2m > [22m[2mReasoningBank[2m > 
[22m[2mrecordOutcome[2m > [22m[2mshould update pattern quality on failure[22m[39m
[ReasoningBank] AgentDB not available, using in-memory mode

 [32mΓ£ô[39m v3/@claude-flow/mcp/__tests__/integration.test.ts[2m > [22mMCP 2025-11-25 Integration[2m > [22mFull Server Flow[2m > [22mshould handle complete MCP workflow
 [32mΓ£ô[39m v3/@claude-flow/mcp/__tests__/integration.test.ts[2m > [22mMCP 2025-11-25 Integration[2m > [22mSecurity Validation[2m > [22mshould not expose internal state
 [32mΓ£ô[39m v3/@claude-flow/mcp/__tests__/integration.test.ts[2m > [22mMCP 2025-11-25 Integration[2m > [22mSecurity Validation[2m > [22mshould validate tool inputs
 [32mΓ£ô[39m v3/@claude-flow/mcp/__tests__/integration.test.ts[2m > [22mMCP 2025-11-25 Integration[2m > [22mSecurity Validation[2m > [22mshould handle resource access errors gracefully
 [32mΓ£ô[39m v3/@claude-flow/mcp/__tests__/integration.test.ts[2m > [22mMCP 2025-11-25 Integration[2m > [22mSecurity Validation[2m > [22mshould prevent duplicate subscriptions overflow
 [32mΓ£ô[39m v3/@claude-flow/mcp/__tests__/integration.test.ts[2m > [22mMCP 2025-11-25 Integration[2m > [22mSecurity Validation[2m > [22mshould enforce cache size limits (CVE fix)
 [32mΓ£ô[39m v3/@claude-flow/mcp/__tests__/integration.test.ts[2m > [22mMCP 2025-11-25 Integration[2m > [22mSecurity Validation[2m > [22mshould escape regex in template matching (ReDoS fix)
[90mstderr[2m | v3/@claude-flow/hooks/src/__tests__/reasoningbank.test.ts[2m > [22m[2mReasoningBank[2m > 
[22m[2mrecordOutcome[2m > [22m[2mshould handle non-existent pattern gracefully[22m[39m
[ReasoningBank] AgentDB not available, using in-memory mode

[90mstderr[2m | v3/@claude-flow/hooks/src/__tests__/reasoningbank.test.ts[2m > [22m[2mReasoningBank[2m > 
[22m[2mconsolidate[2m > [22m[2mshould prune old low-quality patterns[22m[39m
[ReasoningBank] AgentDB not available, using in-memory mode

[90mstderr[2m | v3/@claude-flow/hooks/src/__tests__/reasoningbank.test.ts[2m > [22m[2mReasoningBank[2m > 
[22m[2mconsolidate[2m > [22m[2mshould return consolidation stats[22m[39m
[ReasoningBank] AgentDB not available, using in-memory mode

 [32mΓ£ô[39m v3/@claude-flow/hooks/src/__tests__/reasoningbank.test.ts[2m > [22mReasoningBank[2m > [22mrecordOutcome[2m > [22mshould update pattern quality on failure
 [32mΓ£ô[39m v3/@claude-flow/hooks/src/__tests__/reasoningbank.test.ts[2m > [22mReasoningBank[2m > [22mrecordOutcome[2m > [22mshould handle non-existent pattern gracefully
 [32mΓ£ô[39m v3/@claude-flow/hooks/src/__tests__/reasoningbank.test.ts[2m > [22mReasoningBank[2m > [22mconsolidate[2m > [22mshould prune old low-quality patterns
 [32mΓ£ô[39m v3/@claude-flow/hooks/src/__tests__/reasoningbank.test.ts[2m > [22mReasoningBank[2m > [22mconsolidate[2m > [22mshould return consolidation stats
[90mstderr[2m | v3/@claude-flow/shared/src/events/event-store.test.ts[2m > [22m[2mEventStore[2m > 
[22m[2mEvent Appending[2m > [22m[2mshould append events to the store[22m[39m
failed to asynchronously prepare wasm: Error: ENOENT: no such file or directory, open 
'C:\Users\saima\Desktop\code\ruflo_project\https:\sql.js.org\dist\sql-wasm.wasm'
Aborted(Error: ENOENT: no such file or directory, open 
'C:\Users\saima\Desktop\code\ruflo_project\https:\sql.js.org\dist\sql-wasm.wasm')

 [32mΓ£ô[39m v3/@claude-flow/swarm/__tests__/consensus.test.ts[2m > [22mGossip Consensus[2m > [22mConvergence[2m > [22mshould handle timeout gracefully
 [32mΓ£ô[39m v3/@claude-flow/swarm/__tests__/consensus.test.ts[2m > [22mGossip Consensus[2m > [22mMessage Propagation[2m > [22mshould increment version on propose
 [31m├ù[39m v3/@claude-flow/shared/src/events/event-store.test.ts[2m > [22mEventStore[2m > [22mEvent Appending[2m > [22mshould append events to the store
[31m   ΓåÆ Error: ENOENT: no such file or directory, open 'C:\Users\saima\Desktop\code\ruflo_project\https:\sql.js.org\dist\sql-wasm.wasm'[39m
 [31m├ù[39m v3/@claude-flow/shared/src/events/event-store.test.ts[2m > [22mEventStore[2m > [22mEvent Appending[2m > [22mshould increment version for each event
[31m   ΓåÆ Error: ENOENT: no such file or directory, open 'C:\Users\saima\Desktop\code\ruflo_project\https:\sql.js.org\dist\sql-wasm.wasm'[39m
 [31m├ù[39m v3/@claude-flow/shared/src/events/event-store.test.ts[2m > [22mEventStore[2m > [22mEvent Appending[2m > [22mshould maintain version per aggregate
[31m   ΓåÆ Error: ENOENT: no such file or directory, open 'C:\Users\saima\Desktop\code\ruflo_project\https:\sql.js.org\dist\sql-wasm.wasm'[39m
 [31m├ù[39m v3/@claude-flow/shared/src/events/event-store.test.ts[2m > [22mEventStore[2m > [22mEvent Retrieval[2m > [22mshould retrieve events by aggregate ID
[31m   ΓåÆ Error: ENOENT: no such file or directory, open 'C:\Users\saima\Desktop\code\ruflo_project\https:\sql.js.org\dist\sql-wasm.wasm'[39m
 [31m├ù[39m v3/@claude-flow/shared/src/events/event-store.test.ts[2m > [22mEventStore[2m > [22mEvent Retrieval[2m > [22mshould retrieve events from specific version
[31m   ΓåÆ Error: ENOENT: no such file or directory, open 'C:\Users\saima\Desktop\code\ruflo_project\https:\sql.js.org\dist\sql-wasm.wasm'[39m
 [31m├ù[39m v3/@claude-flow/shared/src/events/event-store.test.ts[2m > [22mEventStore[2m > [22mEvent Retrieval[2m > [22mshould retrieve events by type
[31m   ΓåÆ Error: ENOENT: no such file or directory, open 'C:\Users\saima\Desktop\code\ruflo_project\https:\sql.js.org\dist\sql-wasm.wasm'[39m
 [31m├ù[39m v3/@claude-flow/shared/src/events/event-store.test.ts[2m > [22mEventStore[2m > [22mEvent Filtering[2m > [22mshould filter by aggregate types
[31m   ΓåÆ Error: ENOENT: no such file or directory, open 'C:\Users\saima\Desktop\code\ruflo_project\https:\sql.js.org\dist\sql-wasm.wasm'[39m
 [31m├ù[39m v3/@claude-flow/shared/src/events/event-store.test.ts[2m > [22mEventStore[2m > [22mEvent Filtering[2m > [22mshould filter by event types
[31m   ΓåÆ Error: ENOENT: no such file or directory, open 'C:\Users\saima\Desktop\code\ruflo_project\https:\sql.js.org\dist\sql-wasm.wasm'[39m
 [31m├ù[39m v3/@claude-flow/shared/src/events/event-store.test.ts[2m > [22mEventStore[2m > [22mEvent Filtering[2m > [22mshould filter by aggregate IDs
[31m   ΓåÆ Error: ENOENT: no such file or directory, open 'C:\Users\saima\Desktop\code\ruflo_project\https:\sql.js.org\dist\sql-wasm.wasm'[39m
 [31m├ù[39m v3/@claude-flow/shared/src/events/event-store.test.ts[2m > [22mEventStore[2m > [22mEvent Filtering[2m > [22mshould support pagination
[31m   ΓåÆ Error: ENOENT: no such file or directory, open 'C:\Users\saima\Desktop\code\ruflo_project\https:\sql.js.org\dist\sql-wasm.wasm'[39m
 [31m├ù[39m v3/@claude-flow/shared/src/events/event-store.test.ts[2m > [22mEventStore[2m > [22mEvent Replay[2m > [22mshould replay all events
[31m   ΓåÆ Error: ENOENT: no such file or directory, open 'C:\Users\saima\Desktop\code\ruflo_project\https:\sql.js.org\dist\sql-wasm.wasm'[39m
 [31m├ù[39m v3/@claude-flow/shared/src/events/event-store.test.ts[2m > [22mEventStore[2m > [22mEvent Replay[2m > [22mshould replay from specific version
[31m   ΓåÆ Error: ENOENT: no such file or directory, open 'C:\Users\saima\Desktop\code\ruflo_project\https:\sql.js.org\dist\sql-wasm.wasm'[39m
 [31m├ù[39m v3/@claude-flow/shared/src/events/event-store.test.ts[2m > [22mEventStore[2m > [22mSnapshots[2m > [22mshould save snapshots
[31m   ΓåÆ Error: ENOENT: no such file or directory, open 'C:\Users\saima\Desktop\code\ruflo_project\https:\sql.js.org\dist\sql-wasm.wasm'[39m
 [31m├ù[39m v3/@claude-flow/shared/src/events/event-store.test.ts[2m > [22mEventStore[2m > [22mSnapshots[2m > [22mshould return latest snapshot
[31m   ΓåÆ Error: ENOENT: no such file or directory, open 'C:\Users\saima\Desktop\code\ruflo_project\https:\sql.js.org\dist\sql-wasm.wasm'[39m
 [31m├ù[39m v3/@claude-flow/shared/src/events/event-store.test.ts[2m > [22mEventStore[2m > [22mStatistics[2m > [22mshould provide event store statistics
[31m   ΓåÆ Error: ENOENT: no such file or directory, open 'C:\Users\saima\Desktop\code\ruflo_project\https:\sql.js.org\dist\sql-wasm.wasm'[39m
 [31m├ù[39m v3/@claude-flow/shared/src/events/event-store.test.ts[2m > [22mAgentStateProjection[2m > [22mshould build agent state from events
[31m   ΓåÆ Error: ENOENT: no such file or directory, open 'C:\Users\saima\Desktop\code\ruflo_project\https:\sql.js.org\dist\sql-wasm.wasm'[39m
 [31m├ù[39m v3/@claude-flow/shared/src/events/event-store.test.ts[2m > [22mAgentStateProjection[2m > [22mshould track task assignments
[31m   ΓåÆ Error: ENOENT: no such file or directory, open 'C:\Users\saima\Desktop\code\ruflo_project\https:\sql.js.org\dist\sql-wasm.wasm'[39m
 [31m├ù[39m v3/@claude-flow/shared/src/events/event-store.test.ts[2m > [22mAgentStateProjection[2m > [22mshould track completed tasks
[31m   ΓåÆ Error: ENOENT: no such file or directory, open 'C:\Users\saima\Desktop\code\ruflo_project\https:\sql.js.org\dist\sql-wasm.wasm'[39m
 [31m├ù[39m v3/@claude-flow/shared/src/events/event-store.test.ts[2m > [22mAgentStateProjection[2m > [22mshould filter agents by status
[31m   ΓåÆ Error: ENOENT: no such file or directory, open 'C:\Users\saima\Desktop\code\ruflo_project\https:\sql.js.org\dist\sql-wasm.wasm'[39m
 [31m├ù[39m v3/@claude-flow/shared/src/events/event-store.test.ts[2m > [22mTaskHistoryProjection[2m > [22mshould build task history from events
[31m   ΓåÆ Error: ENOENT: no such file or directory, open 'C:\Users\saima\Desktop\code\ruflo_project\https:\sql.js.org\dist\sql-wasm.wasm'[39m
 [31m├ù[39m v3/@claude-flow/shared/src/events/event-store.test.ts[2m > [22mTaskHistoryProjection[2m > [22mshould calculate average task duration
[31m   ΓåÆ Error: ENOENT: no such file or directory, open 'C:\Users\saima\Desktop\code\ruflo_project\https:\sql.js.org\dist\sql-wasm.wasm'[39m
 [31m├ù[39m v3/@claude-flow/shared/src/events/event-store.test.ts[2m > [22mMemoryIndexProjection[2m > [22mshould build memory index from events
[31m   ΓåÆ Error: ENOENT: no such file or directory, open 'C:\Users\saima\Desktop\code\ruflo_project\https:\sql.js.org\dist\sql-wasm.wasm'[39m
 [31m├ù[39m v3/@claude-flow/shared/src/events/event-store.test.ts[2m > [22mMemoryIndexProjection[2m > [22mshould track memory deletions
[31m   ΓåÆ Error: ENOENT: no such file or directory, open 'C:\Users\saima\Desktop\code\ruflo_project\https:\sql.js.org\dist\sql-wasm.wasm'[39m
 [31m├ù[39m v3/@claude-flow/shared/src/events/event-store.test.ts[2m > [22mMemoryIndexProjection[2m > [22mshould calculate total size by namespace
[31m   ΓåÆ Error: ENOENT: no such file or directory, open 'C:\Users\saima\Desktop\code\ruflo_project\https:\sql.js.org\dist\sql-wasm.wasm'[39m
[90mstderr[2m | v3/@claude-flow/hooks/src/__tests__/reasoningbank.test.ts[2m > [22m[2mReasoningBank[2m > 
[22m[2mexportPatterns / importPatterns[2m > [22m[2mshould export all patterns[22m[39m
[ReasoningBank] AgentDB not available, using in-memory mode

 [32mΓ£ô[39m v3/@claude-flow/hooks/src/__tests__/reasoningbank.test.ts[2m > [22mReasoningBank[2m > [22mexportPatterns / importPatterns[2m > [22mshould export all patterns
[90mstderr[2m | v3/@claude-flow/hooks/src/__tests__/reasoningbank.test.ts[2m > [22m[2mReasoningBank[2m > 
[22m[2mexportPatterns / importPatterns[2m > [22m[2mshould import patterns[22m[39m
[ReasoningBank] AgentDB not available, using in-memory mode

[90mstderr[2m | v3/@claude-flow/hooks/src/__tests__/reasoningbank.test.ts[2m > [22m[2mReasoningBank[2m > 
[22m[2mexportPatterns / importPatterns[2m > [22m[2mshould not import duplicate patterns[22m[39m
[ReasoningBank] AgentDB not available, using in-memory mode

[90mstderr[2m | v3/@claude-flow/hooks/src/__tests__/reasoningbank.test.ts[2m > [22m[2mReasoningBank[2m > 
[22m[2mgetStats[2m > [22m[2mshould return accurate statistics[22m[39m
[ReasoningBank] AgentDB not available, using in-memory mode

 [32mΓ£ô[39m v3/@claude-flow/hooks/src/__tests__/reasoningbank.test.ts[2m > [22mReasoningBank[2m > [22mexportPatterns / importPatterns[2m > [22mshould import patterns
 [32mΓ£ô[39m v3/@claude-flow/hooks/src/__tests__/reasoningbank.test.ts[2m > [22mReasoningBank[2m > [22mexportPatterns / importPatterns[2m > [22mshould not import duplicate patterns
 [32mΓ£ô[39m v3/@claude-flow/hooks/src/__tests__/reasoningbank.test.ts[2m > [22mReasoningBank[2m > [22mgetStats[2m > [22mshould return accurate statistics
TAP version 13
# Subtest: Format constants
    # Subtest: RVFA_MAGIC is the 4-byte ASCII string "RVFA"
    ok 1 - RVFA_MAGIC is the 4-byte ASCII string "RVFA"
      ---
      duration_ms: 15.5566
      type: 'test'
      ...
    # Subtest: RVFA_VERSION is 1
    ok 2 - RVFA_VERSION is 1
      ---
      duration_ms: 0.3345
      type: 'test'
      ...
    1..2
ok 1 - Format constants
  ---
  duration_ms: 17.683
  type: 'suite'
  ...
# Subtest: createDefaultHeader
    # Subtest: returns a valid header for "cloud" profile
    ok 1 - returns a valid header for "cloud" profile
      ---
      duration_ms: 2.3917
      type: 'test'
      ...
    # Subtest: returns a valid header for "hybrid" profile
    ok 2 - returns a valid header for "hybrid" profile
      ---
      duration_ms: 0.264
      type: 'test'
      ...
    # Subtest: returns a valid header for "offline" profile
    ok 3 - returns a valid header for "offline" profile
      ---
      duration_ms: 0.214
      type: 'test'
      ...
    # Subtest: cloud profile does not include ruvllm capability
    ok 4 - cloud profile does not include ruvllm capability
      ---
      duration_ms: 0.2084
      type: 'test'
      ...
    # Subtest: offline profile includes ruvllm capability
    ok 5 - offline profile includes ruvllm capability
      ---
      duration_ms: 0.2892
      type: 'test'
      ...
    1..5
ok 2 - createDefaultHeader
  ---
  duration_ms: 4.2998
  type: 'suite'
  ...
# Subtest: validateHeader
    # Subtest: accepts a well-formed header
    ok 1 - accepts a well-formed header
      ---
      duration_ms: 0.4443
      type: 'test'
      ...
    # Subtest: rejects null, non-object, and primitives
    ok 2 - rejects null, non-object, and primitives
      ---
      duration_ms: 2.7422
      type: 'test'
      ...
    # Subtest: rejects header with missing or wrong magic
    ok 3 - rejects header with missing or wrong magic
      ---
      duration_ms: 0.5632
      type: 'test'
      ...
    # Subtest: rejects header with wrong version type
    ok 4 - rejects header with wrong version type
      ---
      duration_ms: 0.2888
      type: 'test'
      ...
    # Subtest: rejects header with invalid profile
    ok 5 - rejects header with invalid profile
      ---
      duration_ms: 0.2351
      type: 'test'
      ...
    # Subtest: rejects header with invalid boot.isolation
    ok 6 - rejects header with invalid boot.isolation
      ---
      duration_ms: 0.1949
      type: 'test'
      ...
    # Subtest: rejects header with invalid models.provider
    ok 7 - rejects header with invalid models.provider
      ---
      duration_ms: 0.1724
      type: 'test'
      ...
    1..7
ok 3 - validateHeader
  ---
  duration_ms: 5.3936
  type: 'suite'
  ...
# Subtest: formatSize
    # Subtest: formats 0 bytes
    ok 1 - formats 0 bytes
      ---
      duration_ms: 0.3887
      type: 'test'
      ...
    # Subtest: formats bytes below 1 KB
    ok 2 - formats bytes below 1 KB
      ---
      duration_ms: 1.2858
      type: 'test'
      ...
    # Subtest: formats kilobytes
    ok 3 - formats kilobytes
      ---
      duration_ms: 0.176
      type: 'test'
      ...
    # Subtest: formats megabytes
    ok 4 - formats megabytes
      ---
      duration_ms: 0.1664
      type: 'test'
      ...
    # Subtest: formats gigabytes
    ok 5 - formats gigabytes
      ---
      duration_ms: 0.1502
      type: 'test'
      ...
    # Subtest: formats negative bytes as 0 B
    ok 6 - formats negative bytes as 0 B
      ---
      duration_ms: 0.1298
      type: 'test'
      ...
    1..6
ok 4 - formatSize
  ---
  duration_ms: 2.6287
  type: 'suite'
  ...
# Subtest: RvfaWriter
    # Subtest: creates a binary starting with RVFA magic bytes
    ok 1 - creates a binary starting with RVFA magic bytes
      ---
      duration_ms: 2.4464
      type: 'test'
      ...
    # Subtest: writes the correct version number
    ok 2 - writes the correct version number
      ---
      duration_ms: 0.5685
      type: 'test'
      ...
    # Subtest: adds sections with correct SHA256
    ok 3 - adds sections with correct SHA256
      ---
      duration_ms: 4.7908
      type: 'test'
      ...
    # Subtest: compresses sections with gzip when requested
    ok 4 - compresses sections with gzip when requested
      ---
      duration_ms: 0.8365
      type: 'test'
      ...
    # Subtest: computes a valid footer hash
    ok 5 - computes a valid footer hash
      ---
      duration_ms: 6.5035
      type: 'test'
      ...
    # Subtest: produces valid header JSON
    ok 6 - produces valid header JSON
      ---
      duration_ms: 1.0536
      type: 'test'
      ...
    # Subtest: section offsets are correct and non-overlapping
    ok 7 - section offsets are correct and non-overlapping
      ---
      duration_ms: 0.5008
      type: 'test'
      ...
    1..7
ok 5 - RvfaWriter
  ---
  duration_ms: 17.2466
  type: 'suite'
  ...
# Subtest: RvfaReader
    # Subtest: reads back what RvfaWriter wrote (round-trip)
    ok 1 - reads back what RvfaWriter wrote (round-trip)
      ---
      duration_ms: 5.3331
      type: 'test'
      ...
    # Subtest: extracts uncompressed sections correctly
    ok 2 - extracts uncompressed sections correctly
      ---
      duration_ms: 4.2398
      type: 'test'
      ...
    # Subtest: extracts gzip-compressed sections correctly
    ok 3 - extracts gzip-compressed sections correctly
      ---
      duration_ms: 1.1537
      type: 'test'
      ...
[90mstderr[2m | v3/@claude-flow/hooks/src/__tests__/reasoningbank.test.ts[2m > [22m[2mReasoningBank[2m > 
[22m[2mevents[2m > [22m[2mshould emit pattern:stored event[22m[39m
[ReasoningBank] AgentDB not available, using in-memory mode

    # Subtest: verify() passes for a valid file
    ok 4 - verify() passes for a valid file
      ---
      duration_ms: 1.3351
      type: 'test'
      ...
    # Subtest: verify() fails for tampered magic bytes
    ok 5 - verify() fails for tampered magic bytes
      ---
      duration_ms: 1.0812
      type: 'test'
      ...
    # Subtest: verify() fails for tampered section data
    ok 6 - verify() fails for tampered section data
      ---
      duration_ms: 0.8012
      type: 'test'
      ...
    # Subtest: verify() fails for tampered footer hash
    ok 7 - verify() fails for tampered footer hash
      ---
      duration_ms: 0.9534
      type: 'test'
      ...
    # Subtest: rejects files with wrong magic bytes
    ok 8 - rejects files with wrong magic bytes
      ---
      duration_ms: 1.4203
      type: 'test'
      ...
    # Subtest: rejects files with header too large (>1MB)
    ok 9 - rejects files with header too large (>1MB)
      ---
      duration_ms: 2.1181
      type: 'test'
      ...
    # Subtest: handles empty sections
    ok 10 - handles empty sections
      ---
      duration_ms: 0.7059
      type: 'test'
      ...
    # Subtest: handles multiple sections
    ok 11 - handles multiple sections
      ---
      duration_ms: 0.8398
      type: 'test'
      ...
    # Subtest: throws when extracting a nonexistent section
    ok 12 - throws when extracting a nonexistent section
      ---
      duration_ms: 3.6043
      type: 'test'
      ...
    1..12
ok 6 - RvfaReader
  ---
  duration_ms: 25.8
  type: 'suite'
  ...
# Subtest: Security
    # Subtest: rejects negative section offsets
    ok 1 - rejects negative section offsets
      ---
      duration_ms: 0.6658
      type: 'test'
      ...
    # Subtest: rejects overlapping sections
    ok 2 - rejects overlapping sections
      ---
      duration_ms: 3.4166
      type: 'test'
      ...
    # Subtest: rejects header larger than 1MB
    ok 3 - rejects header larger than 1MB
      ---
      duration_ms: 0.3073
      type: 'test'
      ...
    # Subtest: rejects buffer too small for preamble
    ok 4 - rejects buffer too small for preamble
      ---
      duration_ms: 0.3009
      type: 'test'
      ...
    # Subtest: rejects file paths with null bytes
    ok 5 - rejects file paths with null bytes
      ---
      duration_ms: 0.5633
      type: 'test'
      ...
    1..5
ok 7 - Security
  ---
  duration_ms: 5.5664
  type: 'suite'
  ...
 [32mΓ£ô[39m v3/@claude-flow/hooks/src/__tests__/reasoningbank.test.ts[2m > [22mReasoningBank[2m > [22mevents[2m > [22mshould emit pattern:stored event
[90mstderr[2m | v3/@claude-flow/hooks/src/__tests__/reasoningbank.test.ts[2m > [22m[2mReasoningBank[2m > 
[22m[2mevents[2m > [22m[2mshould emit outcome:recorded event[22m[39m
[ReasoningBank] AgentDB not available, using in-memory mode

 [32mΓ£ô[39m v3/@claude-flow/swarm/__tests__/consensus.test.ts[2m > [22mGossip Consensus[2m > [22mMessage Propagation[2m > [22mshould track gossip rounds
 [32mΓ£ô[39m v3/@claude-flow/swarm/__tests__/consensus.test.ts[2m > [22mConsensus Algorithm Comparison[2m > [22mshould handle different consensus algorithms
 [32mΓ£ô[39m v3/@claude-flow/hooks/src/__tests__/reasoningbank.test.ts[2m > [22mReasoningBank[2m > [22mevents[2m > [22mshould emit outcome:recorded event
[90mstderr[2m | v3/@claude-flow/hooks/src/__tests__/reasoningbank.test.ts[2m > [22m[2mReasoningBank[2m > 
[22m[2mevents[2m > [22m[2mshould emit consolidated event[22m[39m
[ReasoningBank] AgentDB not available, using in-memory mode

 [32mΓ£ô[39m v3/@claude-flow/hooks/src/__tests__/reasoningbank.test.ts[2m > [22mReasoningBank[2m > [22mevents[2m > [22mshould emit consolidated event
 [32mΓ£ô[39m v3/plugins/cognitive-kernel/tests/types.test.ts[2m > [22mWorkingMemoryInputSchema[2m > [22mshould validate valid working memory input
 [32mΓ£ô[39m v3/plugins/cognitive-kernel/tests/types.test.ts[2m > [22mWorkingMemoryInputSchema[2m > [22mshould accept all valid actions
 [32mΓ£ô[39m v3/plugins/cognitive-kernel/tests/types.test.ts[2m > [22mWorkingMemoryInputSchema[2m > [22mshould use default capacity of 7 (Miller number)
 [32mΓ£ô[39m v3/plugins/cognitive-kernel/tests/types.test.ts[2m > [22mWorkingMemoryInputSchema[2m > [22mshould reject capacity below 1
 [32mΓ£ô[39m v3/plugins/cognitive-kernel/tests/types.test.ts[2m > [22mWorkingMemoryInputSchema[2m > [22mshould reject capacity above 20
 [32mΓ£ô[39m v3/plugins/cognitive-kernel/tests/types.test.ts[2m > [22mWorkingMemoryInputSchema[2m > [22mshould reject priority outside [0, 1]
 [32mΓ£ô[39m v3/plugins/cognitive-kernel/tests/types.test.ts[2m > [22mWorkingMemoryInputSchema[2m > [22mshould accept all consolidation targets
 [32mΓ£ô[39m v3/plugins/cognitive-kernel/tests/types.test.ts[2m > [22mAttentionControlInputSchema[2m > [22mshould validate valid attention control input
 [32mΓ£ô[39m v3/plugins/cognitive-kernel/tests/types.test.ts[2m > [22mAttentionControlInputSchema[2m > [22mshould accept all valid attention modes
 [32mΓ£ô[39m v3/plugins/cognitive-kernel/tests/types.test.ts[2m > [22mAttentionControlInputSchema[2m > [22mshould reject target weight outside [0, 1]
 [32mΓ£ô[39m v3/plugins/cognitive-kernel/tests/types.test.ts[2m > [22mAttentionControlInputSchema[2m > [22mshould reject target duration exceeding 3600
 [32mΓ£ô[39m v3/plugins/cognitive-kernel/tests/types.test.ts[2m > [22mAttentionControlInputSchema[2m > [22mshould reject more than 50 targets
 [32mΓ£ô[39m v3/plugins/cognitive-kernel/tests/types.test.ts[2m > [22mAttentionControlInputSchema[2m > [22mshould use default noveltyBias
 [32mΓ£ô[39m v3/plugins/cognitive-kernel/tests/types.test.ts[2m > [22mMetaMonitorInputSchema[2m > [22mshould validate valid meta monitor input
 [32mΓ£ô[39m v3/plugins/cognitive-kernel/tests/types.test.ts[2m > [22mMetaMonitorInputSchema[2m > [22mshould accept all monitoring types
 [32mΓ£ô[39m v3/plugins/cognitive-kernel/tests/types.test.ts[2m > [22mMetaMonitorInputSchema[2m > [22mshould accept all reflection triggers
 [32mΓ£ô[39m v3/plugins/cognitive-kernel/tests/types.test.ts[2m > [22mMetaMonitorInputSchema[2m > [22mshould accept all reflection depths
 [32mΓ£ô[39m v3/plugins/cognitive-kernel/tests/types.test.ts[2m > [22mMetaMonitorInputSchema[2m > [22mshould use default interventions value
 [32mΓ£ô[39m v3/plugins/cognitive-kernel/tests/types.test.ts[2m > [22mScaffoldInputSchema[2m > [22mshould validate valid scaffold input
 [32mΓ£ô[39m v3/plugins/cognitive-kernel/tests/types.test.ts[2m > [22mScaffoldInputSchema[2m > [22mshould accept all complexity levels
 [32mΓ£ô[39m v3/plugins/cognitive-kernel/tests/types.test.ts[2m > [22mScaffoldInputSchema[2m > [22mshould accept all scaffold types
 [32mΓ£ô[39m v3/plugins/cognitive-kernel/tests/types.test.ts[2m > [22mScaffoldInputSchema[2m > [22mshould reject description exceeding max length
 [32mΓ£ô[39m v3/plugins/cognitive-kernel/tests/types.test.ts[2m > [22mScaffoldInputSchema[2m > [22mshould use default adaptivity values
 [32mΓ£ô[39m v3/plugins/cognitive-kernel/tests/types.test.ts[2m > [22mCognitiveLoadInputSchema[2m > [22mshould validate valid cognitive load input
 [32mΓ£ô[39m v3/plugins/cognitive-kernel/tests/types.test.ts[2m > [22mCognitiveLoadInputSchema[2m > [22mshould accept all optimization strategies
 [32mΓ£ô[39m v3/plugins/cognitive-kernel/tests/types.test.ts[2m > [22mCognitiveLoadInputSchema[2m > [22mshould use default optimization and threshold
 [32mΓ£ô[39m v3/plugins/cognitive-kernel/tests/types.test.ts[2m > [22mCognitiveLoadInputSchema[2m > [22mshould reject load values outside [0, 1]
 [32mΓ£ô[39m v3/plugins/cognitive-kernel/tests/types.test.ts[2m > [22mCognitiveLoadInputSchema[2m > [22mshould reject threshold outside [0, 1]
 [32mΓ£ô[39m v3/plugins/cognitive-kernel/tests/types.test.ts[2m > [22mcalculateTotalLoad[2m > [22mshould calculate total load from components
 [32mΓ£ô[39m v3/plugins/cognitive-kernel/tests/types.test.ts[2m > [22mcalculateTotalLoad[2m > [22mshould cap total at 1
 [32mΓ£ô[39m v3/plugins/cognitive-kernel/tests/types.test.ts[2m > [22mcalculateTotalLoad[2m > [22mshould return 0 for zero components
 [32mΓ£ô[39m v3/plugins/cognitive-kernel/tests/types.test.ts[2m > [22mcalculateTotalLoad[2m > [22mshould handle typical cognitive load scenario
 [32mΓ£ô[39m v3/plugins/cognitive-kernel/tests/types.test.ts[2m > [22mgenerateScaffoldSteps[2m > [22mshould generate more steps for higher complexity
 [32mΓ£ô[39m v3/plugins/cognitive-kernel/tests/types.test.ts[2m > [22mgenerateScaffoldSteps[2m > [22mshould return 2 for simple tasks
 [32mΓ£ô[39m v3/plugins/cognitive-kernel/tests/types.test.ts[2m > [22mgenerateScaffoldSteps[2m > [22mshould return 8 for expert tasks
 [32mΓ£ô[39m v3/plugins/cognitive-kernel/tests/types.test.ts[2m > [22msuccessResult[2m > [22mshould create success result with JSON data
 [32mΓ£ô[39m v3/plugins/cognitive-kernel/tests/types.test.ts[2m > [22merrorResult[2m > [22mshould create error result
 [32mΓ£ô[39m v3/plugins/cognitive-kernel/tests/types.test.ts[2m > [22mDEFAULT_CONFIG[2m > [22mshould have valid working memory config
 [32mΓ£ô[39m v3/plugins/cognitive-kernel/tests/types.test.ts[2m > [22mDEFAULT_CONFIG[2m > [22mshould have valid attention config
 [32mΓ£ô[39m v3/plugins/cognitive-kernel/tests/types.test.ts[2m > [22mDEFAULT_CONFIG[2m > [22mshould have valid meta-cognition config
 [32mΓ£ô[39m v3/plugins/cognitive-kernel/tests/types.test.ts[2m > [22mDEFAULT_CONFIG[2m > [22mshould have valid scaffolding config
 [32mΓ£ô[39m v3/plugins/cognitive-kernel/tests/types.test.ts[2m > [22mDEFAULT_CONFIG[2m > [22mshould have valid cognitive load config
 [32mΓ£ô[39m v3/@claude-flow/shared/src/hooks/hooks.test.ts[2m > [22mHookRegistry[2m > [22mshould register a hook
 [32mΓ£ô[39m v3/@claude-flow/shared/src/hooks/hooks.test.ts[2m > [22mHookRegistry[2m > [22mshould unregister a hook
 [32mΓ£ô[39m v3/@claude-flow/shared/src/hooks/hooks.test.ts[2m > [22mHookRegistry[2m > [22mshould return false when unregistering non-existent hook
 [32mΓ£ô[39m v3/@claude-flow/shared/src/hooks/hooks.test.ts[2m > [22mHookRegistry[2m > [22mshould get handlers sorted by priority
 [32mΓ£ô[39m v3/@claude-flow/shared/src/hooks/hooks.test.ts[2m > [22mHookRegistry[2m > [22mshould filter disabled hooks
 [32mΓ£ô[39m v3/@claude-flow/shared/src/hooks/hooks.test.ts[2m > [22mHookRegistry[2m > [22mshould enable and disable hooks
 [32mΓ£ô[39m v3/@claude-flow/shared/src/hooks/hooks.test.ts[2m > [22mHookRegistry[2m > [22mshould list hooks with filters
 [32mΓ£ô[39m v3/@claude-flow/shared/src/hooks/hooks.test.ts[2m > [22mHookRegistry[2m > [22mshould get event types
 [32mΓ£ô[39m v3/@claude-flow/shared/src/hooks/hooks.test.ts[2m > [22mHookRegistry[2m > [22mshould track statistics
 [32mΓ£ô[39m v3/@claude-flow/shared/src/hooks/hooks.test.ts[2m > [22mHookRegistry[2m > [22mshould reset statistics
 [32mΓ£ô[39m v3/@claude-flow/shared/src/hooks/hooks.test.ts[2m > [22mHookRegistry[2m > [22mshould clear all hooks
 [32mΓ£ô[39m v3/@claude-flow/shared/src/hooks/hooks.test.ts[2m > [22mHookExecutor[2m > [22mshould execute single hook successfully
 [32mΓ£ô[39m v3/@claude-flow/shared/src/hooks/hooks.test.ts[2m > [22mHookExecutor[2m > [22mshould execute multiple hooks in priority order
 [32mΓ£ô[39m v3/@claude-flow/shared/src/hooks/hooks.test.ts[2m > [22mHookExecutor[2m > [22mshould handle hook errors gracefully
 [32mΓ£ô[39m v3/@claude-flow/shared/src/hooks/hooks.test.ts[2m > [22mHookExecutor[2m > [22mshould abort on error when continueOnError is false
 [32mΓ£ô[39m v3/@claude-flow/shared/src/hooks/hooks.test.ts[2m > [22mHookExecutor[2m > [22mshould abort when hook returns abort flag
 [32mΓ£ô[39m v3/@claude-flow/shared/src/hooks/hooks.test.ts[2m > [22mHookExecutor[2m > [22mshould merge context modifications
 [32mΓ£ô[39m v3/@claude-flow/neural/__tests__/sona.test.ts[2m > [22mSONALearningEngine[2m > [22mInitialization[2m > [22mshould initialize with balanced mode
 [32mΓ£ô[39m v3/@claude-flow/neural/__tests__/sona.test.ts[2m > [22mSONALearningEngine[2m > [22mInitialization[2m > [22mshould initialize with real-time mode
 [32mΓ£ô[39m v3/@claude-flow/neural/__tests__/sona.test.ts[2m > [22mSONALearningEngine[2m > [22mInitialization[2m > [22mshould initialize with research mode
 [32mΓ£ô[39m v3/@claude-flow/neural/__tests__/sona.test.ts[2m > [22mSONALearningEngine[2m > [22mInitialization[2m > [22mshould initialize with edge mode
 [32mΓ£ô[39m v3/@claude-flow/neural/__tests__/sona.test.ts[2m > [22mSONALearningEngine[2m > [22mInitialization[2m > [22mshould initialize with batch mode
 [32mΓ£ô[39m v3/@claude-flow/neural/__tests__/sona.test.ts[2m > [22mSONALearningEngine[2m > [22mLearning from Trajectories[2m > [22mshould learn from a complete trajectory
 [32mΓ£ô[39m v3/@claude-flow/neural/__tests__/sona.test.ts[2m > [22mSONALearningEngine[2m > [22mLearning from Trajectories[2m > [22mshould complete learning under performance target (<0.05ms)
 [32mΓ£ô[39m v3/@claude-flow/neural/__tests__/sona.test.ts[2m > [22mSONALearningEngine[2m > [22mLearning from Trajectories[2m > [22mshould handle empty trajectories gracefully
 [32mΓ£ô[39m v3/@claude-flow/neural/__tests__/sona.test.ts[2m > [22mSONALearningEngine[2m > [22mLearning from Trajectories[2m > [22mshould learn from multi-step trajectories
 [32mΓ£ô[39m v3/@claude-flow/neural/__tests__/sona.test.ts[2m > [22mSONALearningEngine[2m > [22mAdaptation[2m > [22mshould adapt behavior based on context
 [32mΓ£ô[39m v3/@claude-flow/neural/__tests__/sona.test.ts[2m > [22mSONALearningEngine[2m > [22mAdaptation[2m > [22mshould complete adaptation under performance target (<0.1ms)
 [32mΓ£ô[39m v3/@claude-flow/neural/__tests__/sona.test.ts[2m > [22mSONALearningEngine[2m > [22mAdaptation[2m > [22mshould find similar patterns during adaptation
 [32mΓ£ô[39m v3/@claude-flow/neural/__tests__/sona.test.ts[2m > [22mSONALearningEngine[2m > [22mAdaptation[2m > [22mshould infer suggested route from patterns
 [32mΓ£ô[39m v3/@claude-flow/neural/__tests__/sona.test.ts[2m > [22mSONALearningEngine[2m > [22mAdaptation[2m > [22mshould handle adaptation with no patterns found
 [32mΓ£ô[39m v3/@claude-flow/neural/__tests__/sona.test.ts[2m > [22mSONALearningEngine[2m > [22mMode Switching[2m > [22mshould switch between modes correctly
 [32mΓ£ô[39m v3/@claude-flow/neural/__tests__/sona.test.ts[2m > [22mSONALearningEngine[2m > [22mMode Switching[2m > [22mshould reset learning state
 [32mΓ£ô[39m v3/@claude-flow/neural/__tests__/sona.test.ts[2m > [22mSONALearningEngine[2m > [22mStatistics and Monitoring[2m > [22mshould return engine statistics
 [32mΓ£ô[39m v3/@claude-flow/neural/__tests__/sona.test.ts[2m > [22mSONALearningEngine[2m > [22mStatistics and Monitoring[2m > [22mshould track learning time
 [32mΓ£ô[39m v3/@claude-flow/neural/__tests__/sona.test.ts[2m > [22mSONALearningEngine[2m > [22mStatistics and Monitoring[2m > [22mshould track adaptation time
 [32mΓ£ô[39m v3/@claude-flow/neural/__tests__/sona.test.ts[2m > [22mSONALearningEngine[2m > [22mEngine Control[2m > [22mshould enable and disable engine
 [32mΓ£ô[39m v3/@claude-flow/neural/__tests__/sona.test.ts[2m > [22mSONALearningEngine[2m > [22mEngine Control[2m > [22mshould force immediate learning
 [32mΓ£ô[39m v3/@claude-flow/neural/__tests__/sona.test.ts[2m > [22mSONALearningEngine[2m > [22mEngine Control[2m > [22mshould tick background learning
 [32mΓ£ô[39m v3/@claude-flow/neural/__tests__/sona.test.ts[2m > [22mSONALearningEngine[2m > [22mEngine Control[2m > [22mshould find patterns by query embedding
[90mstdout[2m | v3/plugins/quantum-optimizer/tests/mcp-tools.test.ts[2m > [22m[2mquantum_annealing_solve handler[2m > [22m[2mshould handle valid QUBO input[22m[39m
[quantum-optimizer] Annealing solve { variables: [33m5[39m, type: [32m'qubo'[39m }

 [32mΓ£ô[39m v3/plugins/quantum-optimizer/tests/mcp-tools.test.ts[2m > [22mquantumOptimizerTools[2m > [22mshould export 5 MCP tools
 [32mΓ£ô[39m v3/plugins/quantum-optimizer/tests/mcp-tools.test.ts[2m > [22mquantumOptimizerTools[2m > [22mshould have unique tool names
 [32mΓ£ô[39m v3/plugins/quantum-optimizer/tests/mcp-tools.test.ts[2m > [22mquantumOptimizerTools[2m > [22mshould have required tool properties
 [32mΓ£ô[39m v3/plugins/quantum-optimizer/tests/mcp-tools.test.ts[2m > [22mgetTool[2m > [22mshould return tool by name
 [32mΓ£ô[39m v3/plugins/quantum-optimizer/tests/mcp-tools.test.ts[2m > [22mgetTool[2m > [22mshould return undefined for unknown tool
 [32mΓ£ô[39m v3/plugins/quantum-optimizer/tests/mcp-tools.test.ts[2m > [22mgetToolNames[2m > [22mshould return array of tool names
 [32mΓ£ô[39m v3/@claude-flow/shared/src/hooks/hooks.test.ts[2m > [22mHookExecutor[2m > [22mshould handle timeout
 [32mΓ£ô[39m v3/@claude-flow/shared/src/hooks/hooks.test.ts[2m > [22mHookExecutor[2m > [22mshould execute hooks in parallel
 [31m├ù[39m v3/@claude-flow/shared/src/hooks/hooks.test.ts[2m > [22mHookExecutor[2m > [22mshould execute hooks sequentially with context chaining
[31m   ΓåÆ expected +0 to be 2 // Object.is equality[39m
 [32mΓ£ô[39m v3/@claude-flow/shared/src/hooks/hooks.test.ts[2m > [22mHookExecutor[2m > [22mshould emit events to event bus
 [32mΓ£ô[39m v3/@claude-flow/shared/src/hooks/hooks.test.ts[2m > [22mHookExecutor[2m > [22mshould skip disabled hooks
 [32mΓ£ô[39m v3/@claude-flow/shared/src/hooks/hooks.test.ts[2m > [22mHookExecutor[2m > [22mshould record execution statistics
[90mstdout[2m | v3/plugins/neural-coordination/tests/mcp-tools.test.ts[2m > [22m[2mcoordination/neural-consensus handler[2m > [22m[2mshould handle valid input[22m[39m
[neural-coordination] Processing neural consensus {
  topic: [32m'Choose deployment strategy'[39m,
  agentCount: [33m3[39m,
  protocol: [32m'neural_voting'[39m
}
[neural-coordination] Neural consensus completed {
  consensusReached: [33mtrue[39m,
  selectedOption: [32m'blue-green'[39m,
  rounds: [33m2[39m,
  durationMs: [32m'18.68'[39m
}
[90mstderr[2m | v3/plugins/neural-coordination/tests/mcp-tools.test.ts[2m > 
[22m[2mcoordination/neural-consensus handler[2m > [22m[2mshould return error for insufficient 
agents[22m[39m
[neural-coordination] Input validation failed {
  error: [32m'[\n'[39m +
    [32m'  {\n'[39m +
    [32m'    "code": "too_small",\n'[39m +
    [32m'    "minimum": 2,\n'[39m +
    [32m'    "type": "array",\n'[39m +
    [32m'    "inclusive": true,\n'[39m +
    [32m'    "exact": false,\n'[39m +
    [32m'    "message": "Array must contain at least 2 element(s)",\n'[39m +
    [32m'    "path": [\n'[39m +
    [32m'      "agents"\n'[39m +
    [32m'    ]\n'[39m +
    [32m'  }\n'[39m +
    [32m']'[39m
}


[90mstdout[2m | v3/plugins/neural-coordination/tests/mcp-tools.test.ts[2m > [22m[2mcoordination/neural-consensus handler[2m > [22m[2mshould handle all protocols[22m[39m
[neural-coordination] Processing neural consensus { topic: [32m'Test'[39m, agentCount: [33m2[39m, protocol: [32m'neural_voting'[39m }
[neural-coordination] Neural consensus completed {
  consensusReached: [33mtrue[39m,
  selectedOption: [32m'1'[39m,
  rounds: [33m2[39m,
  durationMs: [32m'0.69'[39m
}
[neural-coordination] Processing neural consensus { topic: [32m'Test'[39m, agentCount: [33m2[39m, protocol: [32m'iterative_refinement'[39m }
[neural-coordination] Neural consensus completed {
  consensusReached: [33mtrue[39m,
  selectedOption: [32m'1'[39m,
  rounds: [33m3[39m,
  durationMs: [32m'0.22'[39m
}
[neural-coordination] Processing neural consensus { topic: [32m'Test'[39m, agentCount: [33m2[39m, protocol: [32m'auction'[39m }
[neural-coordination] Neural consensus completed {
  consensusReached: [33mtrue[39m,
  selectedOption: [32m'1'[39m,
  rounds: [33m2[39m,
  durationMs: [32m'3.30'[39m
}
[neural-coordination] Processing neural consensus { topic: [32m'Test'[39m, agentCount: [33m2[39m, protocol: [32m'contract_net'[39m }
[neural-coordination] Neural consensus completed {
  consensusReached: [33mtrue[39m,
  selectedOption: [32m'2'[39m,
  rounds: [33m3[39m,
  durationMs: [32m'0.34'[39m
}

[90mstdout[2m | v3/plugins/neural-coordination/tests/mcp-tools.test.ts[2m > [22m[2mcoordination/neural-consensus handler[2m > [22m[2mshould report divergent agents[22m[39m
[neural-coordination] Processing neural consensus {
  topic: [32m'Contentious topic'[39m,
  agentCount: [33m2[39m,
  protocol: [32m'iterative_refinement'[39m
}
[neural-coordination] Neural consensus completed {
  consensusReached: [33mfalse[39m,
  selectedOption: [1mnull[22m,
  rounds: [33m3[39m,
  durationMs: [32m'3.61'[39m
}

[90mstdout[2m | v3/plugins/neural-coordination/tests/mcp-tools.test.ts[2m > [22m[2mcoordination/topology-optimize handler[2m > [22m[2mshould handle valid input[22m[39m
[neural-coordination] Optimizing topology { agentCount: [33m3[39m, objective: [32m'minimize_latency'[39m }
[neural-coordination] Topology optimization completed { topology: [32m'mesh'[39m, edges: [33m0[39m, durationMs: [32m'4.41'[39m }

[90mstderr[2m | v3/plugins/neural-coordination/tests/mcp-tools.test.ts[2m > 
[22m[2mcoordination/topology-optimize handler[2m > [22m[2mshould return error for insufficient 
agents[22m[39m
[neural-coordination] Input validation failed {
  error: [32m'[\n'[39m +
    [32m'  {\n'[39m +
    [32m'    "code": "too_small",\n'[39m +
    [32m'    "minimum": 2,\n'[39m +
    [32m'    "type": "array",\n'[39m +
    [32m'    "inclusive": true,\n'[39m +
    [32m'    "exact": false,\n'[39m +
    [32m'    "message": "Array must contain at least 2 element(s)",\n'[39m +
    [32m'    "path": [\n'[39m +
    [32m'      "agents"\n'[39m +
    [32m'    ]\n'[39m +
    [32m'  }\n'[39m +
    [32m']'[39m
}

[90mstdout[2m | v3/plugins/neural-coordination/tests/mcp-tools.test.ts[2m > [22m[2mcoordination/topology-optimize handler[2m > [22m[2mshould handle all topology types[22m[39m
[neural-coordination] Optimizing topology { agentCount: [33m3[39m, objective: [32m'minimize_latency'[39m }
[neural-coordination] Topology optimization completed { topology: [32m'mesh'[39m, edges: [33m3[39m, durationMs: [32m'0.58'[39m }
[neural-coordination] Optimizing topology { agentCount: [33m3[39m, objective: [32m'minimize_latency'[39m }
[neural-coordination] Topology optimization completed { topology: [32m'tree'[39m, edges: [33m2[39m, durationMs: [32m'0.58'[39m }
[neural-coordination] Optimizing topology { agentCount: [33m3[39m, objective: [32m'minimize_latency'[39m }
[neural-coordination] Topology optimization completed { topology: [32m'ring'[39m, edges: [33m3[39m, durationMs: [32m'0.21'[39m }
[neural-coordination] Optimizing topology { agentCount: [33m3[39m, objective: [32m'minimize_latency'[39m }
[neural-coordination] Topology optimization completed { topology: [32m'star'[39m, edges: [33m2[39m, durationMs: [32m'0.38'[39m }
[neural-coordination] Optimizing topology { agentCount: [33m3[39m, objective: [32m'minimize_latency'[39m }
[neural-coordination] Topology optimization completed { topology: [32m'hybrid'[39m, edges: [33m2[39m, durationMs: [32m'0.24'[39m }

[90mstdout[2m | v3/plugins/neural-coordination/tests/mcp-tools.test.ts[2m > [22m[2mcoordination/topology-optimize handler[2m > [22m[2mshould compute topology metrics[22m[39m
[neural-coordination] Optimizing topology { agentCount: [33m3[39m, objective: [32m'minimize_latency'[39m }
[neural-coordination] Topology optimization completed { topology: [32m'hybrid'[39m, edges: [33m2[39m, durationMs: [32m'0.24'[39m }

[90mstdout[2m | v3/plugins/neural-coordination/tests/mcp-tools.test.ts[2m > [22m[2mcoordination/collective-memory handler[2m > [22m[2mshould handle store action[22m[39m
[neural-coordination] Processing collective memory { action: [32m'store'[39m, scope: [32m'team'[39m }
[neural-coordination] Collective memory operation completed { action: [32m'store'[39m, scope: [32m'team'[39m, durationMs: [32m'1.10'[39m }

[90mstdout[2m | v3/plugins/neural-coordination/tests/mcp-tools.test.ts[2m > [22m[2mcoordination/collective-memory handler[2m > [22m[2mshould handle retrieve action[22m[39m
[neural-coordination] Processing collective memory { action: [32m'store'[39m, scope: [32m'team'[39m }
[neural-coordination] Collective memory operation completed { action: [32m'store'[39m, scope: [32m'team'[39m, durationMs: [32m'0.15'[39m }
[neural-coordination] Processing collective memory { action: [32m'retrieve'[39m, scope: [32m'team'[39m }
[neural-coordination] Collective memory operation completed { action: [32m'retrieve'[39m, scope: [32m'team'[39m, durationMs: [32m'0.11'[39m }

[90mstdout[2m | v3/plugins/neural-coordination/tests/mcp-tools.test.ts[2m > [22m[2mcoordination/collective-memory handler[2m > [22m[2mshould handle consolidate action[22m[39m
[neural-coordination] Processing collective memory { action: [32m'consolidate'[39m, scope: [32m'team'[39m }
[neural-coordination] Collective memory operation completed { action: [32m'consolidate'[39m, scope: [32m'team'[39m, durationMs: [32m'0.20'[39m }

[90mstdout[2m | v3/plugins/neural-coordination/tests/mcp-tools.test.ts[2m > [22m[2mcoordination/collective-memory handler[2m > [22m[2mshould handle forget action[22m[39m
[neural-coordination] Processing collective memory { action: [32m'forget'[39m, scope: [32m'team'[39m }
[neural-coordination] Collective memory operation completed { action: [32m'forget'[39m, scope: [32m'team'[39m, durationMs: [32m'3.26'[39m }

[90mstdout[2m | v3/plugins/neural-coordination/tests/mcp-tools.test.ts[2m > [22m[2mcoordination/collective-memory handler[2m > [22m[2mshould handle synchronize action[22m[39m
[neural-coordination] Processing collective memory { action: [32m'synchronize'[39m, scope: [32m'global'[39m }
[neural-coordination] Collective memory operation completed { action: [32m'synchronize'[39m, scope: [32m'global'[39m, durationMs: [32m'0.16'[39m }

[90mstdout[2m | v3/plugins/neural-coordination/tests/mcp-tools.test.ts[2m > [22m[2mcoordination/collective-memory handler[2m > [22m[2mshould return error for missing key on store[22m[39m
[neural-coordination] Processing collective memory { action: [32m'store'[39m, scope: [32m'team'[39m }

[90mstdout[2m | v3/plugins/neural-coordination/tests/mcp-tools.test.ts[2m > [22m[2mcoordination/emergent-protocol handler[2m > [22m[2mshould handle valid input[22m[39m
[neural-coordination] Training emergent protocol { taskType: [32m'coordination'[39m, episodes: [33m100[39m }
[neural-coordination] Emergent protocol training completed { vocabularySize: [33m10[39m, successRate: [32m'0.582'[39m, durationMs: [32m'0.55'[39m }

[90mstdout[2m | v3/plugins/neural-coordination/tests/mcp-tools.test.ts[2m > [22m[2mcoordination/emergent-protocol handler[2m > [22m[2mshould generate symbols for task objectives[22m[39m
[neural-coordination] Training emergent protocol { taskType: [32m'navigation'[39m, episodes: [33m500[39m }
[neural-coordination] Emergent protocol training completed { vocabularySize: [33m20[39m, successRate: [32m'0.784'[39m, durationMs: [32m'0.25'[39m }

[90mstdout[2m | v3/plugins/neural-coordination/tests/mcp-tools.test.ts[2m > [22m[2mcoordination/emergent-protocol handler[2m > [22m[2mshould generate composition rules when interpretability enabled[22m[39m
[neural-coordination] Training emergent protocol { taskType: [32m'test'[39m, episodes: [33m1000[39m }
[neural-coordination] Emergent protocol training completed { vocabularySize: [33m20[39m, successRate: [32m'0.889'[39m, durationMs: [32m'0.36'[39m }

[90mstdout[2m | v3/plugins/neural-coordination/tests/mcp-tools.test.ts[2m > [22m[2mcoordination/swarm-behavior handler[2m > [22m[2mshould handle valid input[22m[39m
[neural-coordination] Orchestrating swarm behavior { behavior: [32m'flocking'[39m, adaptiveRules: [33mtrue[39m }
[neural-coordination] Swarm behavior orchestrated { behavior: [32m'flocking'[39m, emergenceScore: [32m'0.926'[39m, durationMs: [32m'0.24'[39m }

[90mstdout[2m | v3/plugins/neural-coordination/tests/mcp-tools.test.ts[2m > [22m[2mcoordination/swarm-behavior handler[2m > [22m[2mshould handle all behavior types[22m[39m
[neural-coordination] Orchestrating swarm behavior { behavior: [32m'flocking'[39m, adaptiveRules: [33mtrue[39m }
[neural-coordination] Swarm behavior orchestrated { behavior: [32m'flocking'[39m, emergenceScore: [32m'0.871'[39m, durationMs: [32m'0.19'[39m }
[neural-coordination] Orchestrating swarm behavior { behavior: [32m'foraging'[39m, adaptiveRules: [33mtrue[39m }
[neural-coordination] Swarm behavior orchestrated { behavior: [32m'foraging'[39m, emergenceScore: [32m'0.644'[39m, durationMs: [32m'0.09'[39m }
[neural-coordination] Orchestrating swarm behavior { behavior: [32m'formation'[39m, adaptiveRules: [33mtrue[39m }
[neural-coordination] Swarm behavior orchestrated { behavior: [32m'formation'[39m, emergenceScore: [32m'0.995'[39m, durationMs: [32m'0.09'[39m }
[neural-coordination] Orchestrating swarm behavior { behavior: [32m'task_allocation'[39m, adaptiveRules: [33mtrue[39m }
[neural-coordination] Swarm behavior orchestrated {
  behavior: [32m'task_allocation'[39m,
  emergenceScore: [32m'0.739'[39m,
  durationMs: [32m'0.09'[39m
}
[neural-coordination] Orchestrating swarm behavior { behavior: [32m'exploration'[39m, adaptiveRules: [33mtrue[39m }
[neural-coordination] Swarm behavior orchestrated {
  behavior: [32m'exploration'[39m,
  emergenceScore: [32m'0.701'[39m,
  durationMs: [32m'0.09'[39m
}
[neural-coordination] Orchestrating swarm behavior { behavior: [32m'aggregation'[39m, adaptiveRules: [33mtrue[39m }
[neural-coordination] Swarm behavior orchestrated {
  behavior: [32m'aggregation'[39m,
  emergenceScore: [32m'0.842'[39m,
  durationMs: [32m'0.08'[39m
}
[neural-coordination] Orchestrating swarm behavior { behavior: [32m'dispersion'[39m, adaptiveRules: [33mtrue[39m }
[neural-coordination] Swarm behavior orchestrated { behavior: [32m'dispersion'[39m, emergenceScore: [32m'0.656'[39m, durationMs: [32m'0.09'[39m }

[90mstdout[2m | v3/plugins/neural-coordination/tests/mcp-tools.test.ts[2m > [22m[2mcoordination/swarm-behavior handler[2m > [22m[2mshould compute swarm metrics[22m[39m
[neural-coordination] Orchestrating swarm behavior { behavior: [32m'flocking'[39m, adaptiveRules: [33mtrue[39m }
[neural-coordination] Swarm behavior orchestrated { behavior: [32m'flocking'[39m, emergenceScore: [32m'0.837'[39m, durationMs: [32m'0.10'[39m }

 [32mΓ£ô[39m v3/plugins/neural-coordination/tests/mcp-tools.test.ts[2m > [22mneuralCoordinationTools[2m > [22mshould export 5 MCP tools
 [32mΓ£ô[39m v3/plugins/neural-coordination/tests/mcp-tools.test.ts[2m > [22mneuralCoordinationTools[2m > [22mshould have unique tool names
 [32mΓ£ô[39m v3/plugins/neural-coordination/tests/mcp-tools.test.ts[2m > [22mneuralCoordinationTools[2m > [22mshould have required tool properties
 [32mΓ£ô[39m v3/plugins/neural-coordination/tests/mcp-tools.test.ts[2m > [22mgetTool[2m > [22mshould return tool by name
 [32mΓ£ô[39m v3/plugins/neural-coordination/tests/mcp-tools.test.ts[2m > [22mgetTool[2m > [22mshould return undefined for unknown tool
 [32mΓ£ô[39m v3/plugins/neural-coordination/tests/mcp-tools.test.ts[2m > [22mgetToolNames[2m > [22mshould return array of tool names
 [32mΓ£ô[39m v3/plugins/neural-coordination/tests/mcp-tools.test.ts[2m > [22mcoordination/neural-consensus handler[2m > [22mshould handle valid input
 [32mΓ£ô[39m v3/plugins/neural-coordination/tests/mcp-tools.test.ts[2m > [22mcoordination/neural-consensus handler[2m > [22mshould return error for insufficient agents
 [32mΓ£ô[39m v3/plugins/neural-coordination/tests/mcp-tools.test.ts[2m > [22mcoordination/neural-consensus handler[2m > [22mshould handle all protocols
 [32mΓ£ô[39m v3/plugins/neural-coordination/tests/mcp-tools.test.ts[2m > [22mcoordination/neural-consensus handler[2m > [22mshould report divergent agents
 [32mΓ£ô[39m v3/plugins/neural-coordination/tests/mcp-tools.test.ts[2m > [22mcoordination/topology-optimize handler[2m > [22mshould handle valid input
 [32mΓ£ô[39m v3/plugins/neural-coordination/tests/mcp-tools.test.ts[2m > [22mcoordination/topology-optimize handler[2m > [22mshould return error for insufficient agents
 [32mΓ£ô[39m v3/plugins/neural-coordination/tests/mcp-tools.test.ts[2m > [22mcoordination/topology-optimize handler[2m > [22mshould handle all topology types
 [32mΓ£ô[39m v3/plugins/neural-coordination/tests/mcp-tools.test.ts[2m > [22mcoordination/topology-optimize handler[2m > [22mshould compute topology metrics
 [32mΓ£ô[39m v3/plugins/neural-coordination/tests/mcp-tools.test.ts[2m > [22mcoordination/collective-memory handler[2m > [22mshould handle store action
 [32mΓ£ô[39m v3/plugins/neural-coordination/tests/mcp-tools.test.ts[2m > [22mcoordination/collective-memory handler[2m > [22mshould handle retrieve action
 [32mΓ£ô[39m v3/plugins/neural-coordination/tests/mcp-tools.test.ts[2m > [22mcoordination/collective-memory handler[2m > [22mshould handle consolidate action
 [32mΓ£ô[39m v3/plugins/neural-coordination/tests/mcp-tools.test.ts[2m > [22mcoordination/collective-memory handler[2m > [22mshould handle forget action
 [32mΓ£ô[39m v3/plugins/neural-coordination/tests/mcp-tools.test.ts[2m > [22mcoordination/collective-memory handler[2m > [22mshould handle synchronize action
 [32mΓ£ô[39m v3/plugins/neural-coordination/tests/mcp-tools.test.ts[2m > [22mcoordination/collective-memory handler[2m > [22mshould return error for missing key on store
 [32mΓ£ô[39m v3/plugins/neural-coordination/tests/mcp-tools.test.ts[2m > [22mcoordination/emergent-protocol handler[2m > [22mshould handle valid input
 [32mΓ£ô[39m v3/plugins/neural-coordination/tests/mcp-tools.test.ts[2m > [22mcoordination/emergent-protocol handler[2m > [22mshould generate symbols for task objectives
 [32mΓ£ô[39m v3/plugins/neural-coordination/tests/mcp-tools.test.ts[2m > [22mcoordination/emergent-protocol handler[2m > [22mshould generate composition rules when interpretability enabled
 [32mΓ£ô[39m v3/plugins/neural-coordination/tests/mcp-tools.test.ts[2m > [22mcoordination/swarm-behavior handler[2m > [22mshould handle valid input
 [32mΓ£ô[39m v3/plugins/neural-coordination/tests/mcp-tools.test.ts[2m > [22mcoordination/swarm-behavior handler[2m > [22mshould handle all behavior types
 [32mΓ£ô[39m v3/plugins/neural-coordination/tests/mcp-tools.test.ts[2m > [22mcoordination/swarm-behavior handler[2m > [22mshould compute swarm metrics
 [32mΓ£ô[39m v3/plugins/neural-coordination/tests/mcp-tools.test.ts[2m > [22mcoordination/swarm-behavior handler[2m > [22mshould return error for invalid behavior
 [32mΓ£ô[39m v3/plugins/neural-coordination/tests/mcp-tools.test.ts[2m > [22mTool metadata[2m > [22mshould have correct categories
 [32mΓ£ô[39m v3/plugins/neural-coordination/tests/mcp-tools.test.ts[2m > [22mTool metadata[2m > [22mshould have version numbers
 [32mΓ£ô[39m v3/plugins/neural-coordination/tests/mcp-tools.test.ts[2m > [22mTool metadata[2m > [22mshould have tags
[90mstderr[2m | v3/plugins/neural-coordination/tests/mcp-tools.test.ts[2m > 
[22m[2mcoordination/swarm-behavior handler[2m > [22m[2mshould return error for invalid behavior[22m[39m
[neural-coordination] Input validation failed {
  error: [32m'[\n'[39m +
    [32m'  {\n'[39m +
    [32m'    "received": "invalid_behavior",\n'[39m +
    [32m'    "code": "invalid_enum_value",\n'[39m +
    [32m'    "options": [\n'[39m +
    [32m'      "flocking",\n'[39m +
    [32m'      "foraging",\n'[39m +
    [32m'      "formation",\n'[39m +
    [32m'      "task_allocation",\n'[39m +
    [32m'      "exploration",\n'[39m +
    [32m'      "aggregation",\n'[39m +
    [32m'      "dispersion"\n'[39m +
    [32m'    ],\n'[39m +
    [32m'    "path": [\n'[39m +
    [32m'      "behavior"\n'[39m +
    [32m'    ],\n'[39m +
    [32m`    "message": "Invalid enum value. Expected 'flocking' | 'foraging' | 'formation' | 'task_allocation' 
| 'exploration' | 'aggregation' | 'dispersion', received 'invalid_behavior'"\n`[39m +
    [32m'  }\n'[39m +
    [32m']'[39m
}

 [32mΓ£ô[39m v3/@claude-flow/plugins/__tests__/ruvector-streaming.test.ts[2m > [22mRuVector Streaming[2m > [22mCursor Operations[2m > [22mshould support cursor with small batch size[33m 1143[2mms[22m[39m
 [32mΓ£ô[39m v3/@claude-flow/plugins/__tests__/ruvector-streaming.test.ts[2m > [22mRuVector Streaming[2m > [22mCursor Operations[2m > [22mshould close cursor properly[33m 1189[2mms[22m[39m
 [32mΓ£ô[39m v3/@claude-flow/plugins/__tests__/ruvector-streaming.test.ts[2m > [22mRuVector Streaming[2m > [22mCursor Operations[2m > [22mshould track cursor position[33m 838[2mms[22m[39m
[90mstdout[2m | v3/plugins/cognitive-kernel/tests/mcp-tools.test.ts[2m > [22m[2mcognition/working-memory handler[2m > [22m[2mshould handle allocate action[22m[39m
[cognitive-kernel] Processing working memory { action: [32m'allocate'[39m, capacity: [33m7[39m }

[90mstdout[2m | v3/plugins/cognitive-kernel/tests/mcp-tools.test.ts[2m > [22m[2mcognition/working-memory handler[2m > [22m[2mshould handle update action[22m[39m
[cognitive-kernel] Processing working memory { action: [32m'update'[39m, capacity: [33m7[39m }

[90mstdout[2m | v3/plugins/cognitive-kernel/tests/mcp-tools.test.ts[2m > [22m[2mcognition/working-memory handler[2m > [22m[2mshould handle retrieve action[22m[39m
[cognitive-kernel] Processing working memory { action: [32m'retrieve'[39m, capacity: [33m7[39m }
[cognitive-kernel] Working memory operation completed { action: [32m'retrieve'[39m, slotsUsed: [33m0[39m, durationMs: [32m'5.52'[39m }

[90mstdout[2m | v3/plugins/cognitive-kernel/tests/mcp-tools.test.ts[2m > [22m[2mcognition/working-memory handler[2m > [22m[2mshould handle clear action[22m[39m
[cognitive-kernel] Processing working memory { action: [32m'clear'[39m, capacity: [33m7[39m }
[cognitive-kernel] Working memory operation completed { action: [32m'clear'[39m, slotsUsed: [33m0[39m, durationMs: [32m'0.28'[39m }

[90mstdout[2m | v3/plugins/cognitive-kernel/tests/mcp-tools.test.ts[2m > [22m[2mcognition/working-memory handler[2m > [22m[2mshould handle consolidate action[22m[39m
[cognitive-kernel] Processing working memory { action: [32m'consolidate'[39m, capacity: [33m7[39m }
[cognitive-kernel] Working memory operation completed { action: [32m'consolidate'[39m, slotsUsed: [33m0[39m, durationMs: [32m'4.41'[39m }

[90mstdout[2m | v3/plugins/cognitive-kernel/tests/mcp-tools.test.ts[2m > [22m[2mcognition/working-memory handler[2m > [22m[2mshould respect capacity limit[22m[39m
[cognitive-kernel] Processing working memory { action: [32m'allocate'[39m, capacity: [33m3[39m }
[cognitive-kernel] Working memory operation completed { action: [32m'allocate'[39m, slotsUsed: [33m1[39m, durationMs: [32m'0.54'[39m }

[90mstdout[2m | v3/plugins/cognitive-kernel/tests/mcp-tools.test.ts[2m > [22m[2mcognition/attention-control handler[2m > [22m[2mshould handle valid input[22m[39m
[cognitive-kernel] Controlling attention { mode: [32m'focus'[39m, targetCount: [33m2[39m }
[cognitive-kernel] Attention control completed { mode: [32m'focus'[39m, focus: [33m2[39m, durationMs: [32m'1.07'[39m }

[90mstdout[2m | v3/plugins/cognitive-kernel/tests/mcp-tools.test.ts[2m > [22m[2mcognition/attention-control handler[2m > [22m[2mshould handle all attention modes[22m[39m
[cognitive-kernel] Controlling attention { mode: [32m'focus'[39m, targetCount: [33m0[39m }
[cognitive-kernel] Attention control completed { mode: [32m'focus'[39m, focus: [33m0[39m, durationMs: [32m'0.24'[39m }
[cognitive-kernel] Controlling attention { mode: [32m'diffuse'[39m, targetCount: [33m0[39m }
[cognitive-kernel] Attention control completed { mode: [32m'diffuse'[39m, focus: [33m0[39m, durationMs: [32m'0.12'[39m }
[cognitive-kernel] Controlling attention { mode: [32m'selective'[39m, targetCount: [33m0[39m }
[cognitive-kernel] Attention control completed { mode: [32m'selective'[39m, focus: [33m0[39m, durationMs: [32m'0.13'[39m }
[cognitive-kernel] Controlling attention { mode: [32m'divided'[39m, targetCount: [33m0[39m }
[cognitive-kernel] Attention control completed { mode: [32m'divided'[39m, focus: [33m0[39m, durationMs: [32m'0.09'[39m }
[cognitive-kernel] Controlling attention { mode: [32m'sustained'[39m, targetCount: [33m0[39m }
[cognitive-kernel] Attention control completed { mode: [32m'sustained'[39m, focus: [33m0[39m, durationMs: [32m'0.10'[39m }

[90mstdout[2m | v3/plugins/cognitive-kernel/tests/mcp-tools.test.ts[2m > [22m[2mcognition/attention-control handler[2m > [22m[2mshould compute attention state[22m[39m
[cognitive-kernel] Controlling attention { mode: [32m'selective'[39m, targetCount: [33m1[39m }
[cognitive-kernel] Attention control completed { mode: [32m'selective'[39m, focus: [33m1[39m, durationMs: [32m'0.14'[39m }

[90mstderr[2m | v3/plugins/cognitive-kernel/tests/mcp-tools.test.ts[2m > [22m[2mcognition/attention-control 
handler[2m > [22m[2mshould return error for invalid mode[22m[39m
[cognitive-kernel] Input validation failed {
  error: [32m'[\n'[39m +
    [32m'  {\n'[39m +
    [32m'    "received": "invalid_mode",\n'[39m +
    [32m'    "code": "invalid_enum_value",\n'[39m +
    [32m'    "options": [\n'[39m +
    [32m'      "focus",\n'[39m +
    [32m'      "diffuse",\n'[39m +
    [32m'      "selective",\n'[39m +
    [32m'      "divided",\n'[39m +
    [32m'      "sustained"\n'[39m +
    [32m'    ],\n'[39m +
    [32m'    "path": [\n'[39m +
    [32m'      "mode"\n'[39m +
    [32m'    ],\n'[39m +
    [32m`    "message": "Invalid enum value. Expected 'focus' | 'diffuse' | 'selective' | 'divided' | 
'sustained', received 'invalid_mode'"\n`[39m +
    [32m'  }\n'[39m +
    [32m']'[39m
}

[90mstdout[2m | v3/plugins/cognitive-kernel/tests/mcp-tools.test.ts[2m > [22m[2mcognition/meta-monitor handler[2m > [22m[2mshould handle valid input[22m[39m
[cognitive-kernel] Performing meta-cognitive monitoring { monitoringTypes: [33m3[39m, interventions: [33mtrue[39m }
[cognitive-kernel] Meta-cognitive monitoring completed { confidence: [32m'0.76'[39m, errorsDetected: [33m0[39m, durationMs: [32m'0.50'[39m }

[90mstdout[2m | v3/plugins/cognitive-kernel/tests/mcp-tools.test.ts[2m > [22m[2mcognition/meta-monitor handler[2m > [22m[2mshould compute assessment metrics[22m[39m
[cognitive-kernel] Performing meta-cognitive monitoring { monitoringTypes: [33m2[39m, interventions: [33mtrue[39m }
[cognitive-kernel] Meta-cognitive monitoring completed { confidence: [32m'0.82'[39m, errorsDetected: [33m0[39m, durationMs: [32m'0.15'[39m }

[90mstdout[2m | v3/plugins/cognitive-kernel/tests/mcp-tools.test.ts[2m > [22m[2mcognition/meta-monitor handler[2m > [22m[2mshould generate interventions when enabled[22m[39m
[cognitive-kernel] Performing meta-cognitive monitoring { monitoringTypes: [33m0[39m, interventions: [33mtrue[39m }
[cognitive-kernel] Meta-cognitive monitoring completed { confidence: [32m'0.84'[39m, errorsDetected: [33m0[39m, durationMs: [32m'0.20'[39m }

[90mstdout[2m | v3/plugins/cognitive-kernel/tests/mcp-tools.test.ts[2m > [22m[2mcognition/meta-monitor handler[2m > [22m[2mshould handle all reflection depths[22m[39m
[cognitive-kernel] Performing meta-cognitive monitoring { monitoringTypes: [33m0[39m, interventions: [33mtrue[39m }
[cognitive-kernel] Meta-cognitive monitoring completed { confidence: [32m'0.82'[39m, errorsDetected: [33m0[39m, durationMs: [32m'0.18'[39m }
[cognitive-kernel] Performing meta-cognitive monitoring { monitoringTypes: [33m0[39m, interventions: [33mtrue[39m }
[cognitive-kernel] Meta-cognitive monitoring completed { confidence: [32m'0.77'[39m, errorsDetected: [33m0[39m, durationMs: [32m'4.61'[39m }
[cognitive-kernel] Performing meta-cognitive monitoring { monitoringTypes: [33m0[39m, interventions: [33mtrue[39m }
[cognitive-kernel] Meta-cognitive monitoring completed { confidence: [32m'0.84'[39m, errorsDetected: [33m0[39m, durationMs: [32m'7.13'[39m }

[90mstdout[2m | v3/plugins/cognitive-kernel/tests/mcp-tools.test.ts[2m > [22m[2mcognition/scaffold handler[2m > [22m[2mshould handle valid input[22m[39m
[cognitive-kernel] Generating scaffold { complexity: [32m'moderate'[39m, scaffoldType: [32m'decomposition'[39m }
[cognitive-kernel] Scaffold generated { scaffoldType: [32m'decomposition'[39m, stepCount: [33m4[39m, durationMs: [32m'0.40'[39m }

[90mstdout[2m | v3/plugins/cognitive-kernel/tests/mcp-tools.test.ts[2m > [22m[2mcognition/scaffold handler[2m > [22m[2mshould generate appropriate steps for complexity[22m[39m
[cognitive-kernel] Generating scaffold { complexity: [32m'simple'[39m, scaffoldType: [32m'decomposition'[39m }
[cognitive-kernel] Scaffold generated { scaffoldType: [32m'decomposition'[39m, stepCount: [33m2[39m, durationMs: [32m'6.34'[39m }
[cognitive-kernel] Generating scaffold { complexity: [32m'expert'[39m, scaffoldType: [32m'decomposition'[39m }
[cognitive-kernel] Scaffold generated { scaffoldType: [32m'decomposition'[39m, stepCount: [33m8[39m, durationMs: [32m'0.16'[39m }

[90mstdout[2m | v3/plugins/cognitive-kernel/tests/mcp-tools.test.ts[2m > [22m[2mcognition/scaffold handler[2m > [22m[2mshould handle all scaffold types[22m[39m
[cognitive-kernel] Generating scaffold { complexity: [32m'simple'[39m, scaffoldType: [32m'decomposition'[39m }
[cognitive-kernel] Scaffold generated { scaffoldType: [32m'decomposition'[39m, stepCount: [33m2[39m, durationMs: [32m'0.12'[39m }
[cognitive-kernel] Generating scaffold { complexity: [32m'simple'[39m, scaffoldType: [32m'analogy'[39m }
[cognitive-kernel] Scaffold generated { scaffoldType: [32m'analogy'[39m, stepCount: [33m2[39m, durationMs: [32m'0.14'[39m }
[cognitive-kernel] Generating scaffold { complexity: [32m'simple'[39m, scaffoldType: [32m'worked_example'[39m }
[cognitive-kernel] Scaffold generated { scaffoldType: [32m'worked_example'[39m, stepCount: [33m2[39m, durationMs: [32m'0.14'[39m }
[cognitive-kernel] Generating scaffold { complexity: [32m'simple'[39m, scaffoldType: [32m'socratic'[39m }
[cognitive-kernel] Scaffold generated { scaffoldType: [32m'socratic'[39m, stepCount: [33m2[39m, durationMs: [32m'0.13'[39m }
[cognitive-kernel] Generating scaffold { complexity: [32m'simple'[39m, scaffoldType: [32m'metacognitive_prompting'[39m }
[cognitive-kernel] Scaffold generated {
  scaffoldType: [32m'metacognitive_prompting'[39m,
  stepCount: [33m2[39m,
  durationMs: [32m'4.90'[39m
}
[cognitive-kernel] Generating scaffold { complexity: [32m'simple'[39m, scaffoldType: [32m'chain_of_thought'[39m }
[cognitive-kernel] Scaffold generated { scaffoldType: [32m'chain_of_thought'[39m, stepCount: [33m2[39m, durationMs: [32m'0.20'[39m }

[90mstdout[2m | v3/plugins/cognitive-kernel/tests/mcp-tools.test.ts[2m > [22m[2mcognition/scaffold handler[2m > [22m[2mshould include hints and checkpoints in steps[22m[39m
[cognitive-kernel] Generating scaffold { complexity: [32m'moderate'[39m, scaffoldType: [32m'chain_of_thought'[39m }
[cognitive-kernel] Scaffold generated { scaffoldType: [32m'chain_of_thought'[39m, stepCount: [33m4[39m, durationMs: [32m'0.26'[39m }

[90mstdout[2m | v3/plugins/cognitive-kernel/tests/mcp-tools.test.ts[2m > [22m[2mcognition/cognitive-load handler[2m > [22m[2mshould handle valid input[22m[39m
[cognitive-kernel] Managing cognitive load { optimization: [32m'balanced'[39m, threshold: [33m0.8[39m }
[cognitive-kernel] Cognitive load management completed { totalLoad: [32m'0.50'[39m, overloaded: [33mfalse[39m, durationMs: [32m'0.25'[39m }

[90mstdout[2m | v3/plugins/cognitive-kernel/tests/mcp-tools.test.ts[2m > [22m[2mcognition/cognitive-load handler[2m > [22m[2mshould detect overload condition[22m[39m
[cognitive-kernel] Managing cognitive load { optimization: [32m'balanced'[39m, threshold: [33m0.8[39m }
[cognitive-kernel] Cognitive load management completed { totalLoad: [32m'1.00'[39m, overloaded: [33mtrue[39m, durationMs: [32m'0.14'[39m }

[90mstdout[2m | v3/plugins/cognitive-kernel/tests/mcp-tools.test.ts[2m > [22m[2mcognition/cognitive-load handler[2m > [22m[2mshould not detect overload for low load[22m[39m
[cognitive-kernel] Managing cognitive load { optimization: [32m'balanced'[39m, threshold: [33m0.8[39m }
[cognitive-kernel] Cognitive load management completed { totalLoad: [32m'0.20'[39m, overloaded: [33mfalse[39m, durationMs: [32m'0.18'[39m }

[90mstdout[2m | v3/plugins/cognitive-kernel/tests/mcp-tools.test.ts[2m > [22m[2mcognition/cognitive-load handler[2m > [22m[2mshould handle all optimization strategies[22m[39m
[cognitive-kernel] Managing cognitive load { optimization: [32m'reduce_extraneous'[39m, threshold: [33m0.8[39m }
[cognitive-kernel] Cognitive load management completed { totalLoad: [32m'0.20'[39m, overloaded: [33mfalse[39m, durationMs: [32m'0.13'[39m }
[cognitive-kernel] Managing cognitive load { optimization: [32m'chunk_intrinsic'[39m, threshold: [33m0.8[39m }
[cognitive-kernel] Cognitive load management completed { totalLoad: [32m'0.20'[39m, overloaded: [33mfalse[39m, durationMs: [32m'0.08'[39m }
[cognitive-kernel] Managing cognitive load { optimization: [32m'maximize_germane'[39m, threshold: [33m0.8[39m }
[cognitive-kernel] Cognitive load management completed { totalLoad: [32m'0.20'[39m, overloaded: [33mfalse[39m, durationMs: [32m'0.08'[39m }
[cognitive-kernel] Managing cognitive load { optimization: [32m'balanced'[39m, threshold: [33m0.8[39m }
[cognitive-kernel] Cognitive load management completed { totalLoad: [32m'0.20'[39m, overloaded: [33mfalse[39m, durationMs: [32m'0.07'[39m }

[90mstdout[2m | v3/plugins/cognitive-kernel/tests/mcp-tools.test.ts[2m > [22m[2mcognition/cognitive-load handler[2m > [22m[2mshould provide recommendations[22m[39m
[cognitive-kernel] Managing cognitive load { optimization: [32m'balanced'[39m, threshold: [33m0.8[39m }
[cognitive-kernel] Cognitive load management completed { totalLoad: [32m'0.65'[39m, overloaded: [33mfalse[39m, durationMs: [32m'0.18'[39m }

 [32mΓ£ô[39m v3/plugins/cognitive-kernel/tests/mcp-tools.test.ts[2m > [22mcognitiveKernelTools[2m > [22mshould export 5 MCP tools
 [32mΓ£ô[39m v3/plugins/cognitive-kernel/tests/mcp-tools.test.ts[2m > [22mcognitiveKernelTools[2m > [22mshould have unique tool names
 [32mΓ£ô[39m v3/plugins/cognitive-kernel/tests/mcp-tools.test.ts[2m > [22mcognitiveKernelTools[2m > [22mshould have required tool properties
 [32mΓ£ô[39m v3/plugins/cognitive-kernel/tests/mcp-tools.test.ts[2m > [22mgetTool[2m > [22mshould return tool by name
 [32mΓ£ô[39m v3/plugins/cognitive-kernel/tests/mcp-tools.test.ts[2m > [22mgetTool[2m > [22mshould return undefined for unknown tool
 [32mΓ£ô[39m v3/plugins/cognitive-kernel/tests/mcp-tools.test.ts[2m > [22mgetToolNames[2m > [22mshould return array of tool names
 [31m├ù[39m v3/plugins/cognitive-kernel/tests/mcp-tools.test.ts[2m > [22mcognition/working-memory handler[2m > [22mshould handle allocate action
[31m   ΓåÆ expected true to be undefined[39m
 [31m├ù[39m v3/plugins/cognitive-kernel/tests/mcp-tools.test.ts[2m > [22mcognition/working-memory handler[2m > [22mshould handle update action
[31m   ΓåÆ expected true to be undefined[39m
 [32mΓ£ô[39m v3/plugins/cognitive-kernel/tests/mcp-tools.test.ts[2m > [22mcognition/working-memory handler[2m > [22mshould handle retrieve action
 [32mΓ£ô[39m v3/plugins/cognitive-kernel/tests/mcp-tools.test.ts[2m > [22mcognition/working-memory handler[2m > [22mshould handle clear action
 [32mΓ£ô[39m v3/plugins/cognitive-kernel/tests/mcp-tools.test.ts[2m > [22mcognition/working-memory handler[2m > [22mshould handle consolidate action
 [32mΓ£ô[39m v3/plugins/cognitive-kernel/tests/mcp-tools.test.ts[2m > [22mcognition/working-memory handler[2m > [22mshould respect capacity limit
 [32mΓ£ô[39m v3/plugins/cognitive-kernel/tests/mcp-tools.test.ts[2m > [22mcognition/attention-control handler[2m > [22mshould handle valid input
 [32mΓ£ô[39m v3/plugins/cognitive-kernel/tests/mcp-tools.test.ts[2m > [22mcognition/attention-control handler[2m > [22mshould handle all attention modes
 [32mΓ£ô[39m v3/plugins/cognitive-kernel/tests/mcp-tools.test.ts[2m > [22mcognition/attention-control handler[2m > [22mshould compute attention state
 [32mΓ£ô[39m v3/plugins/cognitive-kernel/tests/mcp-tools.test.ts[2m > [22mcognition/attention-control handler[2m > [22mshould return error for invalid mode
 [32mΓ£ô[39m v3/plugins/cognitive-kernel/tests/mcp-tools.test.ts[2m > [22mcognition/meta-monitor handler[2m > [22mshould handle valid input
 [32mΓ£ô[39m v3/plugins/cognitive-kernel/tests/mcp-tools.test.ts[2m > [22mcognition/meta-monitor handler[2m > [22mshould compute assessment metrics
 [32mΓ£ô[39m v3/plugins/cognitive-kernel/tests/mcp-tools.test.ts[2m > [22mcognition/meta-monitor handler[2m > [22mshould generate interventions when enabled
 [32mΓ£ô[39m v3/plugins/cognitive-kernel/tests/mcp-tools.test.ts[2m > [22mcognition/meta-monitor handler[2m > [22mshould handle all reflection depths
 [32mΓ£ô[39m v3/plugins/cognitive-kernel/tests/mcp-tools.test.ts[2m > [22mcognition/scaffold handler[2m > [22mshould handle valid input
 [32mΓ£ô[39m v3/plugins/cognitive-kernel/tests/mcp-tools.test.ts[2m > [22mcognition/scaffold handler[2m > [22mshould generate appropriate steps for complexity
 [32mΓ£ô[39m v3/plugins/cognitive-kernel/tests/mcp-tools.test.ts[2m > [22mcognition/scaffold handler[2m > [22mshould handle all scaffold types
 [32mΓ£ô[39m v3/plugins/cognitive-kernel/tests/mcp-tools.test.ts[2m > [22mcognition/scaffold handler[2m > [22mshould include hints and checkpoints in steps
 [32mΓ£ô[39m v3/plugins/cognitive-kernel/tests/mcp-tools.test.ts[2m > [22mcognition/cognitive-load handler[2m > [22mshould handle valid input
 [32mΓ£ô[39m v3/plugins/cognitive-kernel/tests/mcp-tools.test.ts[2m > [22mcognition/cognitive-load handler[2m > [22mshould detect overload condition
 [32mΓ£ô[39m v3/plugins/cognitive-kernel/tests/mcp-tools.test.ts[2m > [22mcognition/cognitive-load handler[2m > [22mshould not detect overload for low load
 [32mΓ£ô[39m v3/plugins/cognitive-kernel/tests/mcp-tools.test.ts[2m > [22mcognition/cognitive-load handler[2m > [22mshould handle all optimization strategies
 [32mΓ£ô[39m v3/plugins/cognitive-kernel/tests/mcp-tools.test.ts[2m > [22mcognition/cognitive-load handler[2m > [22mshould provide recommendations
 [32mΓ£ô[39m v3/plugins/cognitive-kernel/tests/mcp-tools.test.ts[2m > [22mTool metadata[2m > [22mshould have correct categories
 [32mΓ£ô[39m v3/plugins/cognitive-kernel/tests/mcp-tools.test.ts[2m > [22mTool metadata[2m > [22mshould have version numbers
 [32mΓ£ô[39m v3/plugins/cognitive-kernel/tests/mcp-tools.test.ts[2m > [22mTool metadata[2m > [22mshould have tags
 [32mΓ£ô[39m v3/plugins/neural-coordination/tests/types.test.ts[2m > [22mAgentSchema[2m > [22mshould validate valid agent
 [32mΓ£ô[39m v3/plugins/neural-coordination/tests/types.test.ts[2m > [22mAgentSchema[2m > [22mshould accept minimal agent with just id
 [32mΓ£ô[39m v3/plugins/neural-coordination/tests/types.test.ts[2m > [22mAgentSchema[2m > [22mshould reject agent without id
 [32mΓ£ô[39m v3/plugins/neural-coordination/tests/types.test.ts[2m > [22mAgentSchema[2m > [22mshould reject id exceeding max length
 [32mΓ£ô[39m v3/plugins/neural-coordination/tests/types.test.ts[2m > [22mAgentSchema[2m > [22mshould reject preference values outside [-1, 1]
 [32mΓ£ô[39m v3/plugins/neural-coordination/tests/types.test.ts[2m > [22mAgentSchema[2m > [22mshould accept 2D location without z
 [32mΓ£ô[39m v3/plugins/neural-coordination/tests/types.test.ts[2m > [22mProposalSchema[2m > [22mshould validate valid proposal
 [32mΓ£ô[39m v3/plugins/neural-coordination/tests/types.test.ts[2m > [22mProposalSchema[2m > [22mshould require at least 2 options
 [32mΓ£ô[39m v3/plugins/neural-coordination/tests/types.test.ts[2m > [22mProposalSchema[2m > [22mshould reject topic exceeding max length
 [32mΓ£ô[39m v3/plugins/neural-coordination/tests/types.test.ts[2m > [22mProposalSchema[2m > [22mshould reject more than 100 options
 [32mΓ£ô[39m v3/plugins/neural-coordination/tests/types.test.ts[2m > [22mNeuralConsensusInputSchema[2m > [22mshould validate valid consensus input
 [32mΓ£ô[39m v3/plugins/neural-coordination/tests/types.test.ts[2m > [22mNeuralConsensusInputSchema[2m > [22mshould require at least 2 agents
 [32mΓ£ô[39m v3/plugins/neural-coordination/tests/types.test.ts[2m > [22mNeuralConsensusInputSchema[2m > [22mshould use default protocol and maxRounds
 [32mΓ£ô[39m v3/plugins/neural-coordination/tests/types.test.ts[2m > [22mNeuralConsensusInputSchema[2m > [22mshould accept all valid protocols
 [32mΓ£ô[39m v3/plugins/neural-coordination/tests/types.test.ts[2m > [22mTopologyOptimizeInputSchema[2m > [22mshould validate valid topology input
 [32mΓ£ô[39m v3/plugins/neural-coordination/tests/types.test.ts[2m > [22mTopologyOptimizeInputSchema[2m > [22mshould use default objective
 [32mΓ£ô[39m v3/plugins/neural-coordination/tests/types.test.ts[2m > [22mTopologyOptimizeInputSchema[2m > [22mshould accept all valid objectives
 [32mΓ£ô[39m v3/plugins/neural-coordination/tests/types.test.ts[2m > [22mTopologyOptimizeInputSchema[2m > [22mshould accept all valid topology types
 [32mΓ£ô[39m v3/plugins/neural-coordination/tests/types.test.ts[2m > [22mCollectiveMemoryInputSchema[2m > [22mshould validate valid store action
 [32mΓ£ô[39m v3/plugins/neural-coordination/tests/types.test.ts[2m > [22mCollectiveMemoryInputSchema[2m > [22mshould accept all valid actions
 [32mΓ£ô[39m v3/plugins/neural-coordination/tests/types.test.ts[2m > [22mCollectiveMemoryInputSchema[2m > [22mshould use default scope and consolidation strategy
 [32mΓ£ô[39m v3/plugins/neural-coordination/tests/types.test.ts[2m > [22mCollectiveMemoryInputSchema[2m > [22mshould reject importance outside [0, 1]
 [32mΓ£ô[39m v3/plugins/neural-coordination/tests/types.test.ts[2m > [22mEmergentProtocolInputSchema[2m > [22mshould validate valid protocol input
 [32mΓ£ô[39m v3/plugins/neural-coordination/tests/types.test.ts[2m > [22mEmergentProtocolInputSchema[2m > [22mshould use default training episodes
 [32mΓ£ô[39m v3/plugins/neural-coordination/tests/types.test.ts[2m > [22mEmergentProtocolInputSchema[2m > [22mshould reject training episodes below minimum
 [32mΓ£ô[39m v3/plugins/neural-coordination/tests/types.test.ts[2m > [22mEmergentProtocolInputSchema[2m > [22mshould reject training episodes above maximum
 [32mΓ£ô[39m v3/plugins/neural-coordination/tests/types.test.ts[2m > [22mSwarmBehaviorInputSchema[2m > [22mshould validate valid swarm behavior input
 [32mΓ£ô[39m v3/plugins/neural-coordination/tests/types.test.ts[2m > [22mSwarmBehaviorInputSchema[2m > [22mshould accept all valid behavior types
 [32mΓ£ô[39m v3/plugins/neural-coordination/tests/types.test.ts[2m > [22mSwarmBehaviorInputSchema[2m > [22mshould use default adaptiveRules
 [32mΓ£ô[39m v3/plugins/neural-coordination/tests/types.test.ts[2m > [22mcosineSimilarity[2m > [22mshould return 1 for identical vectors
 [32mΓ£ô[39m v3/plugins/neural-coordination/tests/types.test.ts[2m > [22mcosineSimilarity[2m > [22mshould return 0 for orthogonal vectors
 [32mΓ£ô[39m v3/plugins/neural-coordination/tests/types.test.ts[2m > [22mcosineSimilarity[2m > [22mshould return -1 for opposite vectors
 [32mΓ£ô[39m v3/plugins/neural-coordination/tests/types.test.ts[2m > [22mcosineSimilarity[2m > [22mshould handle Float32Array inputs
 [32mΓ£ô[39m v3/plugins/neural-coordination/tests/types.test.ts[2m > [22mcosineSimilarity[2m > [22mshould return 0 for zero vectors
 [32mΓ£ô[39m v3/plugins/neural-coordination/tests/types.test.ts[2m > [22mcosineSimilarity[2m > [22mshould throw for vectors of different lengths
 [32mΓ£ô[39m v3/plugins/neural-coordination/tests/types.test.ts[2m > [22msuccessResult[2m > [22mshould create success result with JSON data
 [32mΓ£ô[39m v3/plugins/neural-coordination/tests/types.test.ts[2m > [22merrorResult[2m > [22mshould create error result
 [32mΓ£ô[39m v3/plugins/neural-coordination/tests/types.test.ts[2m > [22mDEFAULT_CONFIG[2m > [22mshould have valid consensus config
 [32mΓ£ô[39m v3/plugins/neural-coordination/tests/types.test.ts[2m > [22mDEFAULT_CONFIG[2m > [22mshould have valid topology config
 [32mΓ£ô[39m v3/plugins/neural-coordination/tests/types.test.ts[2m > [22mDEFAULT_CONFIG[2m > [22mshould have valid memory config
 [32mΓ£ô[39m v3/plugins/neural-coordination/tests/types.test.ts[2m > [22mDEFAULT_CONFIG[2m > [22mshould have valid swarm config
 [32mΓ£ô[39m v3/@claude-flow/security/__tests__/unit/path-validator.test.ts[2m > [22mPathValidator[2m > [22misValid[2m > [22mshould return false for empty path
 [32mΓ£ô[39m v3/@claude-flow/security/__tests__/unit/path-validator.test.ts[2m > [22mPathValidator[2m > [22misValid[2m > [22mshould return false for null path
 [32mΓ£ô[39m v3/@claude-flow/security/__tests__/unit/path-validator.test.ts[2m > [22mPathValidator[2m > [22misValid[2m > [22mshould return false for path exceeding max length
 [32mΓ£ô[39m v3/@claude-flow/security/__tests__/unit/path-validator.test.ts[2m > [22mPathValidator[2m > [22misValid[2m > [22mshould return true for path at exactly max length
 [32mΓ£ô[39m v3/@claude-flow/security/__tests__/unit/path-validator.test.ts[2m > [22mPathValidator[2m > [22misValid[2m > [22mshould return false for path with directory traversal (../)
 [32mΓ£ô[39m v3/@claude-flow/security/__tests__/unit/path-validator.test.ts[2m > [22mPathValidator[2m > [22misValid[2m > [22mshould return false for path with home directory reference (~/)
 [32mΓ£ô[39m v3/@claude-flow/security/__tests__/unit/path-validator.test.ts[2m > [22mPathValidator[2m > [22misValid[2m > [22mshould return false for path to /etc/
 [32mΓ£ô[39m v3/@claude-flow/security/__tests__/unit/path-validator.test.ts[2m > [22mPathValidator[2m > [22misValid[2m > [22mshould return false for path to /tmp/
 [32mΓ£ô[39m v3/@claude-flow/security/__tests__/unit/path-validator.test.ts[2m > [22mPathValidator[2m > [22misValid[2m > [22mshould return false for path with null bytes
 [32mΓ£ô[39m v3/@claude-flow/security/__tests__/unit/path-validator.test.ts[2m > [22mPathValidator[2m > [22misValid[2m > [22mshould return true for valid relative path
 [32mΓ£ô[39m v3/@claude-flow/security/__tests__/unit/path-validator.test.ts[2m > [22mPathValidator[2m > [22misValid[2m > [22mshould return true for path within allowed directory
 [32mΓ£ô[39m v3/@claude-flow/security/__tests__/unit/path-validator.test.ts[2m > [22mPathValidator[2m > [22mnormalize[2m > [22mshould delegate to path utils for normalization
 [32mΓ£ô[39m v3/@claude-flow/security/__tests__/unit/path-validator.test.ts[2m > [22mPathValidator[2m > [22mnormalize[2m > [22mshould normalize multiple slashes
 [32mΓ£ô[39m v3/@claude-flow/security/__tests__/unit/path-validator.test.ts[2m > [22mPathValidator[2m > [22misWithinAllowedDirectory[2m > [22mshould return true for path within ./v3/
 [32mΓ£ô[39m v3/@claude-flow/security/__tests__/unit/path-validator.test.ts[2m > [22mPathValidator[2m > [22misWithinAllowedDirectory[2m > [22mshould return true for path within ./src/
 [32mΓ£ô[39m v3/@claude-flow/security/__tests__/unit/path-validator.test.ts[2m > [22mPathValidator[2m > [22misWithinAllowedDirectory[2m > [22mshould return true for path within ./tests/
 [32mΓ£ô[39m v3/@claude-flow/security/__tests__/unit/path-validator.test.ts[2m > [22mPathValidator[2m > [22misWithinAllowedDirectory[2m > [22mshould return false for path outside allowed directories
 [32mΓ£ô[39m v3/@claude-flow/security/__tests__/unit/path-validator.test.ts[2m > [22mPathValidator[2m > [22misWithinAllowedDirectory[2m > [22mshould normalize path before checking
 [32mΓ£ô[39m v3/@claude-flow/security/__tests__/unit/path-validator.test.ts[2m > [22mPathValidator[2m > [22msanitize[2m > [22mshould remove directory traversal patterns
 [32mΓ£ô[39m v3/@claude-flow/security/__tests__/unit/path-validator.test.ts[2m > [22mPathValidator[2m > [22msanitize[2m > [22mshould remove home directory references
 [32mΓ£ô[39m v3/@claude-flow/security/__tests__/unit/path-validator.test.ts[2m > [22mPathValidator[2m > [22msanitize[2m > [22mshould remove /etc/ references
 [32mΓ£ô[39m v3/@claude-flow/security/__tests__/unit/path-validator.test.ts[2m > [22mPathValidator[2m > [22msanitize[2m > [22mshould remove null bytes
 [32mΓ£ô[39m v3/@claude-flow/security/__tests__/unit/path-validator.test.ts[2m > [22mPathValidator[2m > [22msanitize[2m > [22mshould truncate paths exceeding max length
 [32mΓ£ô[39m v3/@claude-flow/security/__tests__/unit/path-validator.test.ts[2m > [22mPathValidator[2m > [22msanitize[2m > [22mshould normalize the sanitized path
 [32mΓ£ô[39m v3/@claude-flow/security/__tests__/unit/path-validator.test.ts[2m > [22mPathValidator[2m > [22mCVE prevention scenarios[2m > [22mshould block CVE-1: directory traversal attack
 [32mΓ£ô[39m v3/@claude-flow/security/__tests__/unit/path-validator.test.ts[2m > [22mPathValidator[2m > [22mCVE prevention scenarios[2m > [22mshould block CVE-2: absolute path injection
 [32mΓ£ô[39m v3/@claude-flow/security/__tests__/unit/path-validator.test.ts[2m > [22mPathValidator[2m > [22mCVE prevention scenarios[2m > [22mshould block CVE-3: null byte injection
 [32mΓ£ô[39m v3/@claude-flow/security/__tests__/unit/path-validator.test.ts[2m > [22mPathValidator[2m > [22mCVE prevention scenarios[2m > [22mshould block encoded traversal attempts
 [32mΓ£ô[39m v3/@claude-flow/security/__tests__/unit/path-validator.test.ts[2m > [22mPathValidator[2m > [22medge cases[2m > [22mshould handle Windows-style paths
 [32mΓ£ô[39m v3/@claude-flow/security/__tests__/unit/path-validator.test.ts[2m > [22mPathValidator[2m > [22medge cases[2m > [22mshould handle unicode in paths
 [32mΓ£ô[39m v3/@claude-flow/security/__tests__/unit/path-validator.test.ts[2m > [22mPathValidator[2m > [22medge cases[2m > [22mshould handle paths with only dots
 [32mΓ£ô[39m v3/@claude-flow/security/__tests__/unit/path-validator.test.ts[2m > [22mPathValidator[2m > [22medge cases[2m > [22mshould handle paths with special characters
[90mstdout[2m | v3/plugins/hyperbolic-reasoning/tests/mcp-tools.test.ts[2m > [22m[2mhyperbolic_embed_hierarchy handler[2m > [22m[2mshould handle valid hierarchy input[22m[39m
[hyperbolic-reasoning] Hierarchy embedded {
  nodes: [33m4[39m,
  curvature: [33m-0.9919382587896236[39m,
  mapScore: [33m0.3333333333333333[39m,
  durationMs: [32m'121.45'[39m
}

[90mstdout[2m | v3/plugins/hyperbolic-reasoning/tests/mcp-tools.test.ts[2m > [22m[2mhyperbolic_embed_hierarchy handler[2m > [22m[2mshould handle poincare_ball model[22m[39m
[hyperbolic-reasoning] Embed hierarchy { nodes: [33m1[39m, model: [32m'poincare_ball'[39m, dimensions: [90mundefined[39m }
[hyperbolic-reasoning] Hierarchy embedded { nodes: [33m1[39m, curvature: [33m-1[39m, mapScore: [33m1[39m, durationMs: [32m'0.70'[39m }

[90mstdout[2m | v3/plugins/hyperbolic-reasoning/tests/mcp-tools.test.ts[2m > [22m[2mhyperbolic_embed_hierarchy handler[2m > [22m[2mshould handle klein model[22m[39m
[hyperbolic-reasoning] Embed hierarchy { nodes: [33m1[39m, model: [32m'klein'[39m, dimensions: [90mundefined[39m }
[hyperbolic-reasoning] Hierarchy embedded { nodes: [33m1[39m, curvature: [33m-1[39m, mapScore: [33m1[39m, durationMs: [32m'0.42'[39m }

[90mstdout[2m | v3/plugins/hyperbolic-reasoning/tests/mcp-tools.test.ts[2m > [22m[2mhyperbolic_embed_hierarchy handler[2m > [22m[2mshould compute embedding metrics[22m[39m
[hyperbolic-reasoning] Embed hierarchy { nodes: [33m2[39m, model: [32m'poincare_ball'[39m, dimensions: [90mundefined[39m }
[hyperbolic-reasoning] Hierarchy embedded {
  nodes: [33m2[39m,
  curvature: [33m-0.998008918875202[39m,
  mapScore: [33m0[39m,
  durationMs: [32m'37.96'[39m
}

[90mstdout[2m | v3/plugins/hyperbolic-reasoning/tests/mcp-tools.test.ts[2m > [22m[2mhyperbolic_taxonomic_reason handler[2m > [22m[2mshould handle is_a query with valid taxonomy[22m[39m
[hyperbolic-reasoning] Embed hierarchy { nodes: [33m5[39m, model: [32m'poincare_ball'[39m, dimensions: [90mundefined[39m }
[hyperbolic-reasoning] Hierarchy embedded {
  nodes: [33m5[39m,
  curvature: [33m-0.9812239523522709[39m,
  mapScore: [33m0[39m,
  durationMs: [32m'155.73'[39m
}
[hyperbolic-reasoning] Taxonomic reason { type: [32m'is_a'[39m, subject: [32m'dog'[39m }
[hyperbolic-reasoning] Taxonomic reasoning completed { type: [32m'is_a'[39m, confidence: [33m0.9990798048744217[39m, durationMs: [32m'0.75'[39m }

[90mstdout[2m | v3/plugins/hyperbolic-reasoning/tests/mcp-tools.test.ts[2m > [22m[2mhyperbolic_taxonomic_reason handler[2m > [22m[2mshould return error for non-existent taxonomy[22m[39m
[hyperbolic-reasoning] Embed hierarchy { nodes: [33m5[39m, model: [32m'poincare_ball'[39m, dimensions: [90mundefined[39m }
[hyperbolic-reasoning] Hierarchy embedded {
  nodes: [33m5[39m,
  curvature: [33m-0.9810944282174022[39m,
  mapScore: [33m0[39m,
  durationMs: [32m'180.00'[39m
}
[hyperbolic-reasoning] Taxonomic reason { type: [32m'is_a'[39m, subject: [32m'dog'[39m }

[90mstdout[2m | v3/plugins/hyperbolic-reasoning/tests/mcp-tools.test.ts[2m > [22m[2mhyperbolic_taxonomic_reason handler[2m > [22m[2mshould handle similarity query[22m[39m
[hyperbolic-reasoning] Embed hierarchy { nodes: [33m5[39m, model: [32m'poincare_ball'[39m, dimensions: [90mundefined[39m }
[hyperbolic-reasoning] Hierarchy embedded {
  nodes: [33m5[39m,
  curvature: [33m-0.9821874743996716[39m,
  mapScore: [33m0[39m,
  durationMs: [32m'200.12'[39m
}
[hyperbolic-reasoning] Taxonomic reason { type: [32m'similarity'[39m, subject: [32m'cat'[39m }
[hyperbolic-reasoning] Taxonomic reasoning completed { type: [32m'similarity'[39m, confidence: [33m1[39m, durationMs: [32m'0.25'[39m }

[90mstdout[2m | v3/plugins/hyperbolic-reasoning/tests/mcp-tools.test.ts[2m > [22m[2mhyperbolic_semantic_search handler[2m > [22m[2mshould handle valid search input[22m[39m
[hyperbolic-reasoning] Embed hierarchy { nodes: [33m5[39m, model: [32m'poincare_ball'[39m, dimensions: [90mundefined[39m }
[hyperbolic-reasoning] Hierarchy embedded {
  nodes: [33m5[39m,
  curvature: [33m-0.9848537973569141[39m,
  mapScore: [33m0[39m,
  durationMs: [32m'214.03'[39m
}
[hyperbolic-reasoning] Semantic search { index: [32m'embed_1777627845262'[39m, mode: [32m'nearest'[39m, topK: [33m10[39m }
[hyperbolic-reasoning] Semantic search completed { results: [33m5[39m, mode: [32m'nearest'[39m, durationMs: [32m'0.57'[39m }

[90mstdout[2m | v3/plugins/hyperbolic-reasoning/tests/mcp-tools.test.ts[2m > [22m[2mhyperbolic_semantic_search handler[2m > [22m[2mshould return error for non-existent index[22m[39m
[hyperbolic-reasoning] Embed hierarchy { nodes: [33m5[39m, model: [32m'poincare_ball'[39m, dimensions: [90mundefined[39m }
[hyperbolic-reasoning] Hierarchy embedded {
  nodes: [33m5[39m,
  curvature: [33m-0.984986918941111[39m,
  mapScore: [33m0[39m,
  durationMs: [32m'204.50'[39m
}
[hyperbolic-reasoning] Semantic search { index: [32m'non-existent-index'[39m, mode: [32m'nearest'[39m, topK: [33m10[39m }

[90mstdout[2m | v3/plugins/hyperbolic-reasoning/tests/mcp-tools.test.ts[2m > [22m[2mhyperbolic_semantic_search handler[2m > [22m[2mshould respect topK limit[22m[39m
[hyperbolic-reasoning] Embed hierarchy { nodes: [33m5[39m, model: [32m'poincare_ball'[39m, dimensions: [90mundefined[39m }
[hyperbolic-reasoning] Hierarchy embedded {
  nodes: [33m5[39m,
  curvature: [33m-0.9848968128627046[39m,
  mapScore: [33m0[39m,
  durationMs: [32m'230.76'[39m
}
[hyperbolic-reasoning] Semantic search { index: [32m'embed_1777627845699'[39m, mode: [32m'nearest'[39m, topK: [33m2[39m }
[hyperbolic-reasoning] Semantic search completed { results: [33m2[39m, mode: [32m'nearest'[39m, durationMs: [32m'0.25'[39m }

[90mstdout[2m | v3/plugins/hyperbolic-reasoning/tests/mcp-tools.test.ts[2m > [22m[2mhyperbolic_semantic_search handler[2m > [22m[2mshould return distance metrics[22m[39m
[hyperbolic-reasoning] Embed hierarchy { nodes: [33m5[39m, model: [32m'poincare_ball'[39m, dimensions: [90mundefined[39m }
[hyperbolic-reasoning] Hierarchy embedded {
  nodes: [33m5[39m,
  curvature: [33m-0.9849230496575341[39m,
  mapScore: [33m0[39m,
  durationMs: [32m'195.26'[39m
}
[hyperbolic-reasoning] Semantic search { index: [32m'embed_1777627845896'[39m, mode: [32m'nearest'[39m, topK: [33m3[39m }
[hyperbolic-reasoning] Semantic search completed { results: [33m3[39m, mode: [32m'nearest'[39m, durationMs: [32m'0.37'[39m }

[90mstdout[2m | v3/plugins/hyperbolic-reasoning/tests/mcp-tools.test.ts[2m > [22m[2mhyperbolic_hierarchy_compare handler[2m > [22m[2mshould handle valid comparison input[22m[39m
[hyperbolic-reasoning] Hierarchy compare { sourceNodes: [33m3[39m, targetNodes: [33m3[39m, method: [32m'gromov_wasserstein'[39m }
[hyperbolic-reasoning] Hierarchy comparison completed { alignments: [33m3[39m, structuralSimilarity: [33m1[39m, durationMs: [32m'151.53'[39m }

[90mstdout[2m | v3/plugins/hyperbolic-reasoning/tests/mcp-tools.test.ts[2m > [22m[2mhyperbolic_hierarchy_compare handler[2m > [22m[2mshould handle all alignment methods[22m[39m
[hyperbolic-reasoning] Hierarchy compare { sourceNodes: [33m1[39m, targetNodes: [33m1[39m, method: [32m'wasserstein'[39m }
[hyperbolic-reasoning] Hierarchy comparison completed { alignments: [33m1[39m, structuralSimilarity: [33m1[39m, durationMs: [32m'0.27'[39m }
[hyperbolic-reasoning] Hierarchy compare { sourceNodes: [33m1[39m, targetNodes: [33m1[39m, method: [32m'gromov_wasserstein'[39m }
[hyperbolic-reasoning] Hierarchy comparison completed { alignments: [33m1[39m, structuralSimilarity: [33m1[39m, durationMs: [32m'0.19'[39m }
[hyperbolic-reasoning] Hierarchy compare { sourceNodes: [33m1[39m, targetNodes: [33m1[39m, method: [32m'tree_edit'[39m }
[hyperbolic-reasoning] Hierarchy comparison completed { alignments: [33m1[39m, structuralSimilarity: [33m1[39m, durationMs: [32m'0.18'[39m }
[hyperbolic-reasoning] Hierarchy compare { sourceNodes: [33m1[39m, targetNodes: [33m1[39m, method: [32m'subtree_isomorphism'[39m }
[hyperbolic-reasoning] Hierarchy comparison completed { alignments: [33m1[39m, structuralSimilarity: [33m1[39m, durationMs: [32m'3.66'[39m }

[90mstdout[2m | v3/plugins/hyperbolic-reasoning/tests/mcp-tools.test.ts[2m > [22m[2mhyperbolic_hierarchy_compare handler[2m > [22m[2mshould compute alignment between hierarchies[22m[39m
[hyperbolic-reasoning] Hierarchy compare { sourceNodes: [33m2[39m, targetNodes: [33m2[39m, method: [32m'gromov_wasserstein'[39m }
[hyperbolic-reasoning] Hierarchy comparison completed { alignments: [33m2[39m, structuralSimilarity: [33m1[39m, durationMs: [32m'86.98'[39m }

[90mstdout[2m | v3/plugins/hyperbolic-reasoning/tests/mcp-tools.test.ts[2m > [22m[2mhyperbolic_entailment_graph handler[2m > [22m[2mshould handle build action[22m[39m
[hyperbolic-reasoning] Entailment graph { action: [32m'build'[39m, concepts: [33m3[39m }

 [32mΓ£ô[39m v3/plugins/hyperbolic-reasoning/tests/mcp-tools.test.ts[2m > [22mhyperbolic_embed_hierarchy handler[2m > [22mshould handle valid hierarchy input
 [32mΓ£ô[39m v3/plugins/hyperbolic-reasoning/tests/mcp-tools.test.ts[2m > [22mhyperbolic_embed_hierarchy handler[2m > [22mshould handle poincare_ball model
 [32mΓ£ô[39m v3/plugins/hyperbolic-reasoning/tests/mcp-tools.test.ts[2m > [22mhyperbolic_embed_hierarchy handler[2m > [22mshould handle klein model
 [32mΓ£ô[39m v3/plugins/hyperbolic-reasoning/tests/mcp-tools.test.ts[2m > [22mhyperbolic_embed_hierarchy handler[2m > [22mshould compute embedding metrics
 [32mΓ£ô[39m v3/plugins/hyperbolic-reasoning/tests/mcp-tools.test.ts[2m > [22mhyperbolic_embed_hierarchy handler[2m > [22mshould return error for empty hierarchy
 [32mΓ£ô[39m v3/plugins/hyperbolic-reasoning/tests/mcp-tools.test.ts[2m > [22mhyperbolic_taxonomic_reason handler[2m > [22mshould handle is_a query with valid taxonomy
 [32mΓ£ô[39m v3/plugins/hyperbolic-reasoning/tests/mcp-tools.test.ts[2m > [22mhyperbolic_taxonomic_reason handler[2m > [22mshould return error for non-existent taxonomy
 [32mΓ£ô[39m v3/plugins/hyperbolic-reasoning/tests/mcp-tools.test.ts[2m > [22mhyperbolic_taxonomic_reason handler[2m > [22mshould handle similarity query
 [32mΓ£ô[39m v3/plugins/hyperbolic-reasoning/tests/mcp-tools.test.ts[2m > [22mhyperbolic_semantic_search handler[2m > [22mshould handle valid search input
 [32mΓ£ô[39m v3/plugins/hyperbolic-reasoning/tests/mcp-tools.test.ts[2m > [22mhyperbolic_semantic_search handler[2m > [22mshould return error for non-existent index
 [32mΓ£ô[39m v3/plugins/hyperbolic-reasoning/tests/mcp-tools.test.ts[2m > [22mhyperbolic_semantic_search handler[2m > [22mshould respect topK limit
 [32mΓ£ô[39m v3/plugins/hyperbolic-reasoning/tests/mcp-tools.test.ts[2m > [22mhyperbolic_semantic_search handler[2m > [22mshould return distance metrics
 [32mΓ£ô[39m v3/plugins/hyperbolic-reasoning/tests/mcp-tools.test.ts[2m > [22mhyperbolic_hierarchy_compare handler[2m > [22mshould handle valid comparison input
 [32mΓ£ô[39m v3/plugins/hyperbolic-reasoning/tests/mcp-tools.test.ts[2m > [22mhyperbolic_hierarchy_compare handler[2m > [22mshould handle all alignment methods
 [32mΓ£ô[39m v3/plugins/hyperbolic-reasoning/tests/mcp-tools.test.ts[2m > [22mhyperbolic_hierarchy_compare handler[2m > [22mshould compute alignment between hierarchies
[90mstdout[2m | v3/plugins/hyperbolic-reasoning/tests/mcp-tools.test.ts[2m > [22m[2mhyperbolic_entailment_graph handler[2m > [22m[2mshould handle build action[22m[39m
[hyperbolic-reasoning] Entailment graph built { nodes: [33m3[39m, edges: [33m0[39m, durationMs: [32m'23.48'[39m }

[90mstdout[2m | v3/plugins/hyperbolic-reasoning/tests/mcp-tools.test.ts[2m > [22m[2mhyperbolic_entailment_graph handler[2m > [22m[2mshould handle query action after build[22m[39m
[hyperbolic-reasoning] Entailment graph { action: [32m'build'[39m, concepts: [33m2[39m }
[hyperbolic-reasoning] Entailment graph built { nodes: [33m2[39m, edges: [33m0[39m, durationMs: [32m'5.06'[39m }
[hyperbolic-reasoning] Entailment graph { action: [32m'query'[39m, concepts: [90mundefined[39m }

[90mstdout[2m | v3/plugins/hyperbolic-reasoning/tests/mcp-tools.test.ts[2m > [22m[2mhyperbolic_entailment_graph handler[2m > [22m[2mshould handle query action with message about pre-built graph[22m[39m
[hyperbolic-reasoning] Entailment graph { action: [32m'query'[39m, concepts: [90mundefined[39m }

[90mstdout[2m | v3/plugins/hyperbolic-reasoning/tests/mcp-tools.test.ts[2m > [22m[2mhyperbolic_entailment_graph handler[2m > [22m[2mshould handle prune action[22m[39m
[hyperbolic-reasoning] Entailment graph { action: [32m'build'[39m, concepts: [33m2[39m }
[hyperbolic-reasoning] Entailment graph built { nodes: [33m2[39m, edges: [33m0[39m, durationMs: [32m'1.12'[39m }
[hyperbolic-reasoning] Entailment graph { action: [32m'prune'[39m, concepts: [90mundefined[39m }

 [32mΓ£ô[39m v3/__tests__/features/feature-gaps.test.ts[2m > [22mperformance_profile is real[2m > [22mshould NOT contain _stub: true
 [32mΓ£ô[39m v3/__tests__/features/feature-gaps.test.ts[2m > [22mperformance_profile is real[2m > [22mshould contain real profiling calls (process.cpuUsage, process.memoryUsage, performance.now)
 [32mΓ£ô[39m v3/__tests__/features/feature-gaps.test.ts[2m > [22mperformance_profile is real[2m > [22mshould return _real: true
 [32mΓ£ô[39m v3/__tests__/features/feature-gaps.test.ts[2m > [22mperformance_bottleneck is real[2m > [22mshould NOT contain _stub: true
 [32mΓ£ô[39m v3/__tests__/features/feature-gaps.test.ts[2m > [22mperformance_bottleneck is real[2m > [22mshould contain os.loadavg or os.cpus or process.memoryUsage
 [32mΓ£ô[39m v3/__tests__/features/feature-gaps.test.ts[2m > [22mperformance_bottleneck is real[2m > [22mshould return _real: true
 [32mΓ£ô[39m v3/__tests__/features/feature-gaps.test.ts[2m > [22mperformance_optimize is real[2m > [22mshould NOT contain _stub: true
 [32mΓ£ô[39m v3/__tests__/features/feature-gaps.test.ts[2m > [22mperformance_optimize is real[2m > [22mshould contain real system calls (os.loadavg, os.totalmem, process.memoryUsage)
 [32mΓ£ô[39m v3/__tests__/features/feature-gaps.test.ts[2m > [22mperformance_optimize is real[2m > [22mshould return _real: true
 [32mΓ£ô[39m v3/__tests__/features/feature-gaps.test.ts[2m > [22mneural_compress is real[2m > [22mshould NOT contain _stub: true
 [32mΓ£ô[39m v3/__tests__/features/feature-gaps.test.ts[2m > [22mneural_compress is real[2m > [22mshould contain quantizeInt8 or cosine or pattern manipulation
 [32mΓ£ô[39m v3/__tests__/features/feature-gaps.test.ts[2m > [22mneural_compress is real[2m > [22mshould return _real: true on success paths
 [32mΓ£ô[39m v3/__tests__/features/feature-gaps.test.ts[2m > [22mneural_optimize is real[2m > [22mshould NOT contain _stub: true
 [32mΓ£ô[39m v3/__tests__/features/feature-gaps.test.ts[2m > [22mneural_optimize is real[2m > [22mshould contain real pattern analysis (cosineSimilarity, quantizeInt8, or embedding manipulation)
 [32mΓ£ô[39m v3/__tests__/features/feature-gaps.test.ts[2m > [22mneural_optimize is real[2m > [22mshould return _real: true on success
 [32mΓ£ô[39m v3/__tests__/features/feature-gaps.test.ts[2m > [22mrequest-tracker module[2m > [22mshould exist
 [32mΓ£ô[39m v3/__tests__/features/feature-gaps.test.ts[2m > [22mrequest-tracker module[2m > [22mshould export trackRequest
 [32mΓ£ô[39m v3/__tests__/features/feature-gaps.test.ts[2m > [22mrequest-tracker module[2m > [22mshould export getRequestCounts
 [32mΓ£ô[39m v3/__tests__/features/feature-gaps.test.ts[2m > [22mrequest-tracker module[2m > [22mshould export resetRequestCounts
 [32mΓ£ô[39m v3/__tests__/features/feature-gaps.test.ts[2m > [22msystem_metrics uses request tracker[2m > [22mshould import or reference request-tracker or getRequestCounts
 [32mΓ£ô[39m v3/__tests__/features/feature-gaps.test.ts[2m > [22msystem_metrics uses request tracker[2m > [22mshould call getRequestCounts in the system_metrics handler
 [32mΓ£ô[39m v3/__tests__/features/feature-gaps.test.ts[2m > [22mhive-mind has AgentDB integration[2m > [22mshould contain bridgeStoreEntry or memory-bridge import
 [32mΓ£ô[39m v3/__tests__/features/feature-gaps.test.ts[2m > [22mdaa-tools has AgentDB integration[2m > [22mshould contain bridgeStoreEntry or memory-bridge
 [32mΓ£ô[39m v3/__tests__/features/feature-gaps.test.ts[2m > [22mdaa-tools has AgentDB integration[2m > [22mshould have AgentDB integration in at least 3 handler sections
 [32mΓ£ô[39m v3/__tests__/features/feature-gaps.test.ts[2m > [22mdaa-tools has AgentDB integration[2m > [22mshould have integration in knowledge_share handler
 [32mΓ£ô[39m v3/__tests__/features/feature-gaps.test.ts[2m > [22mdaa-tools has AgentDB integration[2m > [22mshould have integration in agent_adapt handler
 [32mΓ£ô[39m v3/__tests__/features/feature-gaps.test.ts[2m > [22mdaa-tools has AgentDB integration[2m > [22mshould have integration in agent_create or workflow_execute handler
 [32mΓ£ô[39m v3/__tests__/features/feature-gaps.test.ts[2m > [22mNo remaining _stub: true in performance tools[2m > [22mshould have zero occurrences of _stub: true in performance-tools.ts
 [32mΓ£ô[39m v3/__tests__/features/feature-gaps.test.ts[2m > [22mNo remaining _stub: true in neural compress/optimize[2m > [22mshould have zero _stub: true in neural_compress handler
 [32mΓ£ô[39m v3/__tests__/features/feature-gaps.test.ts[2m > [22mNo remaining _stub: true in neural compress/optimize[2m > [22mshould have zero _stub: true in neural_optimize handler
 [32mΓ£ô[39m v3/plugins/hyperbolic-reasoning/tests/mcp-tools.test.ts[2m > [22mhyperbolic_entailment_graph handler[2m > [22mshould handle build action
 [32mΓ£ô[39m v3/plugins/hyperbolic-reasoning/tests/mcp-tools.test.ts[2m > [22mhyperbolic_entailment_graph handler[2m > [22mshould handle query action after build
 [32mΓ£ô[39m v3/plugins/hyperbolic-reasoning/tests/mcp-tools.test.ts[2m > [22mhyperbolic_entailment_graph handler[2m > [22mshould handle query action with message about pre-built graph
 [32mΓ£ô[39m v3/plugins/hyperbolic-reasoning/tests/mcp-tools.test.ts[2m > [22mhyperbolic_entailment_graph handler[2m > [22mshould handle prune action
 [32mΓ£ô[39m v3/plugins/hyperbolic-reasoning/tests/mcp-tools.test.ts[2m > [22mTool metadata[2m > [22mshould have correct categories
 [32mΓ£ô[39m v3/plugins/hyperbolic-reasoning/tests/mcp-tools.test.ts[2m > [22mTool metadata[2m > [22mshould have version numbers
 [32mΓ£ô[39m v3/plugins/hyperbolic-reasoning/tests/mcp-tools.test.ts[2m > [22mTool metadata[2m > [22mshould have tags
[90mstderr[2m | applyAgentDBPatch (file:\C:\Users\saima\Desktop\code\ruflo_project\node_modules\agentic-flow\sr
c\utils\agentdb-runtime-patch.ts:40:15)[22m[39m
[AgentDB Patch] Controller index not found: 
C:\Users\saima\Desktop\code\ruflo_project\node_modules\agentdb\dist\controllers\index.js

 [32mΓ£ô[39m v3/plugins/test-intelligence/tests/bridges.test.ts[2m > [22mTestLearningBridge[2m > [22mInitialization[2m > [22mshould create bridge instance
 [32mΓ£ô[39m v3/plugins/test-intelligence/tests/bridges.test.ts[2m > [22mTestLearningBridge[2m > [22mInitialization[2m > [22mshould not be ready before init
 [32mΓ£ô[39m v3/plugins/test-intelligence/tests/bridges.test.ts[2m > [22mTestLearningBridge[2m > [22mInitialization[2m > [22mshould initialize successfully
 [32mΓ£ô[39m v3/plugins/test-intelligence/tests/bridges.test.ts[2m > [22mTestLearningBridge[2m > [22mInitialization[2m > [22mshould initialize with custom config
 [32mΓ£ô[39m v3/plugins/test-intelligence/tests/bridges.test.ts[2m > [22mTestLearningBridge[2m > [22mInitialization[2m > [22mshould initialize with q-learning algorithm
 [32mΓ£ô[39m v3/@claude-flow/swarm/__tests__/coordinator.test.ts[2m > [22mUnifiedSwarmCoordinator[2m > [22mPerformance Metrics[2m > [22mshould report healthy status[33m 2508[2mms[22m[39m
TAP version 13
 [32mΓ£ô[39m v3/plugins/test-intelligence/tests/bridges.test.ts[2m > [22mTestLearningBridge[2m > [22mInitialization[2m > [22mshould initialize with decision-transformer algorithm
 [32mΓ£ô[39m v3/plugins/test-intelligence/tests/bridges.test.ts[2m > [22mTestLearningBridge[2m > [22mInitialization[2m > [22mshould handle double initialization gracefully
 [32mΓ£ô[39m v3/plugins/test-intelligence/tests/bridges.test.ts[2m > [22mTestLearningBridge[2m > [22mLifecycle[2m > [22mshould destroy successfully
 [32mΓ£ô[39m v3/plugins/test-intelligence/tests/bridges.test.ts[2m > [22mTestLearningBridge[2m > [22mLifecycle[2m > [22mshould handle destroy when not initialized
 [32mΓ£ô[39m v3/@claude-flow/cli/__tests__/mcp-client.test.ts[2m > [22mMCP Client[2m > [22mcallMCPTool[2m > [22mshould call agent/spawn tool successfully
 [32mΓ£ô[39m v3/@claude-flow/cli/__tests__/mcp-client.test.ts[2m > [22mMCP Client[2m > [22mcallMCPTool[2m > [22mshould call agent/list tool successfully
 [32mΓ£ô[39m v3/@claude-flow/cli/__tests__/mcp-client.test.ts[2m > [22mMCP Client[2m > [22mcallMCPTool[2m > [22mshould call agent/terminate tool successfully
 [32mΓ£ô[39m v3/@claude-flow/cli/__tests__/mcp-client.test.ts[2m > [22mMCP Client[2m > [22mcallMCPTool[2m > [22mshould call swarm/init tool successfully
 [32mΓ£ô[39m v3/@claude-flow/cli/__tests__/mcp-client.test.ts[2m > [22mMCP Client[2m > [22mcallMCPTool[2m > [22mshould call memory/store tool successfully
 [32mΓ£ô[39m v3/@claude-flow/cli/__tests__/mcp-client.test.ts[2m > [22mMCP Client[2m > [22mcallMCPTool[2m > [22mshould call config/get tool successfully
 [32mΓ£ô[39m v3/@claude-flow/cli/__tests__/mcp-client.test.ts[2m > [22mMCP Client[2m > [22mcallMCPTool[2m > [22mshould throw MCPClientError for non-existent tool
 [32mΓ£ô[39m v3/@claude-flow/cli/__tests__/mcp-client.test.ts[2m > [22mMCP Client[2m > [22mcallMCPTool[2m > [22mshould wrap handler errors in MCPClientError
 [32mΓ£ô[39m v3/@claude-flow/cli/__tests__/mcp-client.test.ts[2m > [22mMCP Client[2m > [22mcallMCPTool[2m > [22mshould pass context to tool handler
 [32mΓ£ô[39m v3/@claude-flow/cli/__tests__/mcp-client.test.ts[2m > [22mMCP Client[2m > [22mcallMCPTool[2m > [22mshould handle empty input object
 [32mΓ£ô[39m v3/@claude-flow/cli/__tests__/mcp-client.test.ts[2m > [22mMCP Client[2m > [22mgetToolMetadata[2m > [22mshould return metadata for existing tool
 [32mΓ£ô[39m v3/@claude-flow/cli/__tests__/mcp-client.test.ts[2m > [22mMCP Client[2m > [22mgetToolMetadata[2m > [22mshould return undefined for non-existent tool
 [32mΓ£ô[39m v3/@claude-flow/cli/__tests__/mcp-client.test.ts[2m > [22mMCP Client[2m > [22mgetToolMetadata[2m > [22mshould not include handler in metadata
 [32mΓ£ô[39m v3/@claude-flow/cli/__tests__/mcp-client.test.ts[2m > [22mMCP Client[2m > [22mgetToolMetadata[2m > [22mshould return complete metadata structure
 [32mΓ£ô[39m v3/@claude-flow/cli/__tests__/mcp-client.test.ts[2m > [22mMCP Client[2m > [22mlistMCPTools[2m > [22mshould list all available tools
 [32mΓ£ô[39m v3/@claude-flow/cli/__tests__/mcp-client.test.ts[2m > [22mMCP Client[2m > [22mlistMCPTools[2m > [22mshould filter tools by category
 [32mΓ£ô[39m v3/@claude-flow/cli/__tests__/mcp-client.test.ts[2m > [22mMCP Client[2m > [22mlistMCPTools[2m > [22mshould return empty array for non-existent category
 [32mΓ£ô[39m v3/@claude-flow/cli/__tests__/mcp-client.test.ts[2m > [22mMCP Client[2m > [22mlistMCPTools[2m > [22mshould not include handlers in listed tools
 [32mΓ£ô[39m v3/@claude-flow/cli/__tests__/mcp-client.test.ts[2m > [22mMCP Client[2m > [22mlistMCPTools[2m > [22mshould include all metadata fields
 [32mΓ£ô[39m v3/@claude-flow/cli/__tests__/mcp-client.test.ts[2m > [22mMCP Client[2m > [22mhasTool[2m > [22mshould return true for existing tool
 [32mΓ£ô[39m v3/@claude-flow/cli/__tests__/mcp-client.test.ts[2m > [22mMCP Client[2m > [22mhasTool[2m > [22mshould return false for non-existent tool
 [32mΓ£ô[39m v3/@claude-flow/cli/__tests__/mcp-client.test.ts[2m > [22mMCP Client[2m > [22mhasTool[2m > [22mshould be case-sensitive
 [32mΓ£ô[39m v3/@claude-flow/cli/__tests__/mcp-client.test.ts[2m > [22mMCP Client[2m > [22mgetToolCategories[2m > [22mshould return all unique categories
 [32mΓ£ô[39m v3/@claude-flow/cli/__tests__/mcp-client.test.ts[2m > [22mMCP Client[2m > [22mgetToolCategories[2m > [22mshould return sorted categories
 [32mΓ£ô[39m v3/@claude-flow/cli/__tests__/mcp-client.test.ts[2m > [22mMCP Client[2m > [22mgetToolCategories[2m > [22mshould not contain duplicates
 [32mΓ£ô[39m v3/@claude-flow/cli/__tests__/mcp-client.test.ts[2m > [22mMCP Client[2m > [22mvalidateToolInput[2m > [22mshould validate required fields
 [32mΓ£ô[39m v3/@claude-flow/cli/__tests__/mcp-client.test.ts[2m > [22mMCP Client[2m > [22mvalidateToolInput[2m > [22mshould detect missing required fields
 [32mΓ£ô[39m v3/@claude-flow/cli/__tests__/mcp-client.test.ts[2m > [22mMCP Client[2m > [22mvalidateToolInput[2m > [22mshould return invalid for non-existent tool
 [32mΓ£ô[39m v3/@claude-flow/cli/__tests__/mcp-client.test.ts[2m > [22mMCP Client[2m > [22mvalidateToolInput[2m > [22mshould validate multiple required fields
 [32mΓ£ô[39m v3/@claude-flow/cli/__tests__/mcp-client.test.ts[2m > [22mMCP Client[2m > [22mvalidateToolInput[2m > [22mshould pass with all required fields present
 [32mΓ£ô[39m v3/@claude-flow/cli/__tests__/mcp-client.test.ts[2m > [22mMCP Client[2m > [22mvalidateToolInput[2m > [22mshould allow optional fields to be missing
 [32mΓ£ô[39m v3/@claude-flow/cli/__tests__/mcp-client.test.ts[2m > [22mMCP Client[2m > [22mMCPClientError[2m > [22mshould create error with tool name
 [32mΓ£ô[39m v3/@claude-flow/cli/__tests__/mcp-client.test.ts[2m > [22mMCP Client[2m > [22mMCPClientError[2m > [22mshould include cause error
 [32mΓ£ô[39m v3/@claude-flow/cli/__tests__/mcp-client.test.ts[2m > [22mMCP Client[2m > [22mMCPClientError[2m > [22mshould be instanceof Error
 [32mΓ£ô[39m v3/plugins/test-intelligence/tests/bridges.test.ts[2m > [22mTestLearningBridge[2m > [22mLifecycle[2m > [22mshould reinitialize after destroy
 [32mΓ£ô[39m v3/plugins/test-intelligence/tests/bridges.test.ts[2m > [22mTestLearningBridge[2m > [22mtrainOnHistory[2m > [22mshould train on test history
 [32mΓ£ô[39m v3/plugins/test-intelligence/tests/bridges.test.ts[2m > [22mTestLearningBridge[2m > [22mtrainOnHistory[2m > [22mshould handle empty history
 [32mΓ£ô[39m v3/plugins/test-intelligence/tests/bridges.test.ts[2m > [22mTestLearningBridge[2m > [22mtrainOnHistory[2m > [22mshould handle large history batches
 [32mΓ£ô[39m v3/plugins/test-intelligence/tests/bridges.test.ts[2m > [22mTestLearningBridge[2m > [22mtrainOnHistory[2m > [22mshould throw when not initialized
 [32mΓ£ô[39m v3/plugins/test-intelligence/tests/bridges.test.ts[2m > [22mTestLearningBridge[2m > [22mpredictFailingTests[2m > [22mshould predict failing tests for changed files
 [32mΓ£ô[39m v3/plugins/test-intelligence/tests/bridges.test.ts[2m > [22mTestLearningBridge[2m > [22mpredictFailingTests[2m > [22mshould return empty array for unknown files
 [32mΓ£ô[39m v3/plugins/test-intelligence/tests/bridges.test.ts[2m > [22mTestLearningBridge[2m > [22mpredictFailingTests[2m > [22mshould sort predictions by failure probability
 [32mΓ£ô[39m v3/plugins/test-intelligence/tests/bridges.test.ts[2m > [22mTestLearningBridge[2m > [22mpredictFailingTests[2m > [22mshould throw when not initialized
 [32mΓ£ô[39m v3/plugins/test-intelligence/tests/bridges.test.ts[2m > [22mTestLearningBridge[2m > [22mupdatePolicyWithFeedback[2m > [22mshould update policy with feedback
 [32mΓ£ô[39m v3/plugins/test-intelligence/tests/bridges.test.ts[2m > [22mTestLearningBridge[2m > [22mupdatePolicyWithFeedback[2m > [22mshould throw when not initialized
 [32mΓ£ô[39m v3/plugins/test-intelligence/tests/bridges.test.ts[2m > [22mTestLearningBridge[2m > [22misReady[2m > [22mshould return false before init
 [32mΓ£ô[39m v3/plugins/test-intelligence/tests/bridges.test.ts[2m > [22mTestLearningBridge[2m > [22misReady[2m > [22mshould return true after init
 [32mΓ£ô[39m v3/plugins/test-intelligence/tests/bridges.test.ts[2m > [22mTestLearningBridge[2m > [22misReady[2m > [22mshould return false after destroy
 [32mΓ£ô[39m v3/plugins/test-intelligence/tests/bridges.test.ts[2m > [22mTestLearningBridge[2m > [22mJavaScript Fallback[2m > [22mshould work without WASM
 [32mΓ£ô[39m v3/plugins/test-intelligence/tests/bridges.test.ts[2m > [22mTestLearningBridge[2m > [22mJavaScript Fallback[2m > [22mshould provide consistent results in fallback mode
 [32mΓ£ô[39m v3/plugins/test-intelligence/tests/bridges.test.ts[2m > [22mTestLearningBridge[2m > [22mError Handling[2m > [22mshould handle concurrent operations
 [32mΓ£ô[39m v3/plugins/test-intelligence/tests/bridges.test.ts[2m > [22mTestLearningBridge[2m > [22mMemory Management[2m > [22mshould release resources on destroy
 [32mΓ£ô[39m v3/plugins/test-intelligence/tests/bridges.test.ts[2m > [22mTestLearningBridge[2m > [22mMemory Management[2m > [22mshould handle multiple init/destroy cycles
 [32mΓ£ô[39m v3/@claude-flow/plugins/__tests__/ruvector-streaming.test.ts[2m > [22mRuVector Streaming[2m > [22mPipeline Composition[2m > [22mshould compose multiple transforms[33m 1160[2mms[22m[39m
 [32mΓ£ô[39m v3/__tests__/integration/memory-integration.test.ts[2m > [22mMemory Integration Tests[2m > [22mshould store and retrieve memory from hybrid backend
 [32mΓ£ô[39m v3/__tests__/integration/memory-integration.test.ts[2m > [22mMemory Integration Tests[2m > [22mshould perform cross-backend queries by agent ID
 [32mΓ£ô[39m v3/__tests__/integration/memory-integration.test.ts[2m > [22mMemory Integration Tests[2m > [22mshould query memories by type across backends
 [31m├ù[39m v3/__tests__/integration/memory-integration.test.ts[2m > [22mMemory Integration Tests[2m > [22mshould persist memory across backend reinitialization
[31m   ΓåÆ expected undefined not to be undefined[39m
 [32mΓ£ô[39m v3/__tests__/integration/memory-integration.test.ts[2m > [22mMemory Integration Tests[2m > [22mshould handle vector search in AgentDB backend
 [32mΓ£ô[39m v3/__tests__/integration/memory-integration.test.ts[2m > [22mMemory Integration Tests[2m > [22mshould update existing memory in both backends
 [32mΓ£ô[39m v3/__tests__/integration/memory-integration.test.ts[2m > [22mMemory Integration Tests[2m > [22mshould delete memory from both backends
 [32mΓ£ô[39m v3/__tests__/integration/memory-integration.test.ts[2m > [22mMemory Integration Tests[2m > [22mshould handle bulk memory storage
 [32mΓ£ô[39m v3/__tests__/integration/memory-integration.test.ts[2m > [22mMemory Integration Tests[2m > [22mshould query memories with time range filter
 [32mΓ£ô[39m v3/__tests__/integration/memory-integration.test.ts[2m > [22mMemory Integration Tests[2m > [22mshould handle memory metadata queries
 [32mΓ£ô[39m v3/__tests__/integration/memory-integration.test.ts[2m > [22mMemory Integration Tests[2m > [22mshould handle concurrent memory operations
 [32mΓ£ô[39m v3/__tests__/integration/memory-integration.test.ts[2m > [22mMemory Integration Tests[2m > [22mshould clear all memories for an agent
 [32mΓ£ô[39m v3/__tests__/integration/memory-integration.test.ts[2m > [22mMemory Integration Tests[2m > [22mshould support hybrid search combining SQL and vector search
 [32mΓ£ô[39m v3/__tests__/integration/memory-integration.test.ts[2m > [22mMemory Integration Tests[2m > [22mshould handle memory search with pagination
 [32mΓ£ô[39m v3/__tests__/integration/memory-integration.test.ts[2m > [22mMemory Integration Tests[2m > [22mshould maintain data consistency across backends during failures
 [32mΓ£ô[39m v3/__tests__/integration/swarm-integration.test.ts[2m > [22mSwarm Integration Tests[2m > [22mshould spawn multiple agents in swarm
 [32mΓ£ô[39m v3/__tests__/integration/swarm-integration.test.ts[2m > [22mSwarm Integration Tests[2m > [22mshould coordinate task distribution across agents
 [32mΓ£ô[39m v3/@claude-flow/guidance/tests/wasm-kernel.test.ts[2m > [22mWASM Kernel: Output Parity[2m > [22msha256 ΓÇö identical hashes
 [32mΓ£ô[39m v3/@claude-flow/guidance/tests/wasm-kernel.test.ts[2m > [22mWASM Kernel: Output Parity[2m > [22mhmac_sha256 ΓÇö identical signatures
 [32mΓ£ô[39m v3/@claude-flow/guidance/tests/wasm-kernel.test.ts[2m > [22mWASM Kernel: Output Parity[2m > [22mcontent_hash ΓÇö key-order independent, identical across implementations
 [32mΓ£ô[39m v3/@claude-flow/guidance/tests/wasm-kernel.test.ts[2m > [22mWASM Kernel: Secret Scanning[2m > [22mdetects API keys
 [32mΓ£ô[39m v3/@claude-flow/guidance/tests/wasm-kernel.test.ts[2m > [22mWASM Kernel: Secret Scanning[2m > [22mdetects private keys
 [32mΓ£ô[39m v3/@claude-flow/guidance/tests/wasm-kernel.test.ts[2m > [22mWASM Kernel: Secret Scanning[2m > [22mdetects AWS keys
 [32mΓ£ô[39m v3/@claude-flow/guidance/tests/wasm-kernel.test.ts[2m > [22mWASM Kernel: Secret Scanning[2m > [22mreturns empty for clean content
 [32mΓ£ô[39m v3/@claude-flow/guidance/tests/wasm-kernel.test.ts[2m > [22mWASM Kernel: Destructive Command Detection[2m > [22mdetects all destructive patterns
 [32mΓ£ô[39m v3/@claude-flow/guidance/tests/wasm-kernel.test.ts[2m > [22mWASM Kernel: Destructive Command Detection[2m > [22mpasses safe commands
 [32mΓ£ô[39m v3/@claude-flow/guidance/tests/wasm-kernel.test.ts[2m > [22mWASM Kernel: Batch Processing[2m > [22mprocesses multiple operations in one call
 [32mΓ£ô[39m v3/@claude-flow/guidance/tests/wasm-kernel.test.ts[2m > [22mWASM Kernel: Batch Processing[2m > [22mhandles errors gracefully
 [32mΓ£ô[39m v3/@claude-flow/guidance/tests/wasm-kernel.test.ts[2m > [22mWASM Kernel: 10k Event Acceptance[2m > [22mprocesses 10,000 synthetic events with identical proof root hash[33m 814[2mms[22m[39m
 [32mΓ£ô[39m v3/@claude-flow/guidance/tests/wasm-kernel.test.ts[2m > [22mWASM Kernel: 10k Event Acceptance[2m > [22mbatch processes 10,000 SHA-256 hashes
 [32mΓ£ô[39m v3/@claude-flow/guidance/tests/wasm-kernel.test.ts[2m > [22mWASM Kernel: 10k Event Acceptance[2m > [22msecret scanning throughput on 10,000 inputs
 [32mΓ£ô[39m v3/@claude-flow/guidance/tests/wasm-kernel.test.ts[2m > [22mWASM Kernel: Init[2m > [22mreturns version string
[90mstdout[2m | v3/@claude-flow/guidance/tests/wasm-kernel.test.ts[2m > [22m[2mWASM Kernel: 10k Event Acceptance[2m > [22m[2mprocesses 10,000 synthetic events with identical proof root hash[22m[39m

--- 10k Event Proof Chain ---
JS:   506.9ms (19729 chains/sec)
WASM: 305.1ms (32772 chains/sec)
Ratio: 1.66x
Root hash: 401145a23c07a921...

[90mstdout[2m | v3/@claude-flow/guidance/tests/wasm-kernel.test.ts[2m > [22m[2mWASM Kernel: 10k Event Acceptance[2m > [22m[2mbatch processes 10,000 SHA-256 hashes[22m[39m

--- 10k SHA-256 Hash Throughput ---
Individual: 61.1ms (163758 ops/sec)
Batch:      55.5ms (180245 ops/sec)
Batch speedup: 1.10x

[90mstdout[2m | v3/@claude-flow/guidance/tests/wasm-kernel.test.ts[2m > [22m[2mWASM Kernel: 10k Event Acceptance[2m > [22m[2msecret scanning throughput on 10,000 inputs[22m[39m

--- 10k Secret Scanning ---
Clean: 57.9ms (172787 scans/sec)
Dirty: 104.2ms (95997 scans/sec)

 [32mΓ£ô[39m v3/plugins/perf-optimizer/tests/types.test.ts[2m > [22mBottleneckDetectInputSchema[2m > [22mshould validate valid bottleneck detect input
 [32mΓ£ô[39m v3/plugins/perf-optimizer/tests/types.test.ts[2m > [22mBottleneckDetectInputSchema[2m > [22mshould use default analysisScope when not provided
 [32mΓ£ô[39m v3/plugins/perf-optimizer/tests/types.test.ts[2m > [22mBottleneckDetectInputSchema[2m > [22mshould reject invalid trace format
 [32mΓ£ô[39m v3/plugins/perf-optimizer/tests/types.test.ts[2m > [22mBottleneckDetectInputSchema[2m > [22mshould reject negative latencyP95 threshold
 [32mΓ£ô[39m v3/plugins/perf-optimizer/tests/types.test.ts[2m > [22mBottleneckDetectInputSchema[2m > [22mshould reject errorRate greater than 1
 [32mΓ£ô[39m v3/plugins/perf-optimizer/tests/types.test.ts[2m > [22mBottleneckDetectInputSchema[2m > [22mshould accept all valid trace formats
 [32mΓ£ô[39m v3/plugins/perf-optimizer/tests/types.test.ts[2m > [22mMemoryAnalyzeInputSchema[2m > [22mshould validate valid memory analyze input
 [32mΓ£ô[39m v3/plugins/perf-optimizer/tests/types.test.ts[2m > [22mMemoryAnalyzeInputSchema[2m > [22mshould accept empty input (all optional)
 [32mΓ£ô[39m v3/plugins/perf-optimizer/tests/types.test.ts[2m > [22mMemoryAnalyzeInputSchema[2m > [22mshould reject heap snapshot path exceeding max length
 [32mΓ£ô[39m v3/plugins/perf-optimizer/tests/types.test.ts[2m > [22mMemoryAnalyzeInputSchema[2m > [22mshould reject invalid analysis type
 [32mΓ£ô[39m v3/plugins/perf-optimizer/tests/types.test.ts[2m > [22mMemoryAnalyzeInputSchema[2m > [22mshould accept timeline with valid entries
 [32mΓ£ô[39m v3/plugins/perf-optimizer/tests/types.test.ts[2m > [22mQueryOptimizeInputSchema[2m > [22mshould validate valid query optimize input
 [32mΓ£ô[39m v3/plugins/perf-optimizer/tests/types.test.ts[2m > [22mQueryOptimizeInputSchema[2m > [22mshould require at least one query
 [32mΓ£ô[39m v3/plugins/perf-optimizer/tests/types.test.ts[2m > [22mQueryOptimizeInputSchema[2m > [22mshould reject SQL exceeding max length
 [32mΓ£ô[39m v3/plugins/perf-optimizer/tests/types.test.ts[2m > [22mQueryOptimizeInputSchema[2m > [22mshould reject negative duration
 [32mΓ£ô[39m v3/plugins/perf-optimizer/tests/types.test.ts[2m > [22mQueryOptimizeInputSchema[2m > [22mshould use default suggestIndexes value
 [32mΓ£ô[39m v3/plugins/perf-optimizer/tests/types.test.ts[2m > [22mBundleOptimizeInputSchema[2m > [22mshould validate valid bundle optimize input
 [32mΓ£ô[39m v3/plugins/perf-optimizer/tests/types.test.ts[2m > [22mBundleOptimizeInputSchema[2m > [22mshould require bundleStats path
 [32mΓ£ô[39m v3/plugins/perf-optimizer/tests/types.test.ts[2m > [22mBundleOptimizeInputSchema[2m > [22mshould reject invalid analysis type
 [32mΓ£ô[39m v3/plugins/perf-optimizer/tests/types.test.ts[2m > [22mBundleOptimizeInputSchema[2m > [22mshould reject maxChunks less than 1
 [32mΓ£ô[39m v3/plugins/perf-optimizer/tests/types.test.ts[2m > [22mConfigOptimizeInputSchema[2m > [22mshould validate valid config optimize input
 [32mΓ£ô[39m v3/plugins/perf-optimizer/tests/types.test.ts[2m > [22mConfigOptimizeInputSchema[2m > [22mshould reject invalid workload type
 [32mΓ£ô[39m v3/plugins/perf-optimizer/tests/types.test.ts[2m > [22mConfigOptimizeInputSchema[2m > [22mshould reject invalid objective
 [32mΓ£ô[39m v3/plugins/perf-optimizer/tests/types.test.ts[2m > [22mConfigOptimizeInputSchema[2m > [22mshould reject CPU greater than 100
 [32mΓ£ô[39m v3/plugins/perf-optimizer/tests/types.test.ts[2m > [22mConfigOptimizeInputSchema[2m > [22mshould accept all valid workload types
 [32mΓ£ô[39m v3/plugins/perf-optimizer/tests/types.test.ts[2m > [22msuccessResult[2m > [22mshould create success result with JSON data
 [32mΓ£ô[39m v3/plugins/perf-optimizer/tests/types.test.ts[2m > [22msuccessResult[2m > [22mshould handle null data
 [32mΓ£ô[39m v3/plugins/perf-optimizer/tests/types.test.ts[2m > [22msuccessResult[2m > [22mshould handle array data
 [32mΓ£ô[39m v3/plugins/perf-optimizer/tests/types.test.ts[2m > [22merrorResult[2m > [22mshould create error result from Error object
 [32mΓ£ô[39m v3/plugins/perf-optimizer/tests/types.test.ts[2m > [22merrorResult[2m > [22mshould create error result from string
 [32mΓ£ô[39m v3/plugins/perf-optimizer/tests/types.test.ts[2m > [22merrorResult[2m > [22mshould include timestamp in ISO format
 [32mΓ£ô[39m v3/plugins/perf-optimizer/tests/types.test.ts[2m > [22mDEFAULT_CONFIG[2m > [22mshould have valid bottleneck config
 [32mΓ£ô[39m v3/plugins/perf-optimizer/tests/types.test.ts[2m > [22mDEFAULT_CONFIG[2m > [22mshould have valid memory config
 [32mΓ£ô[39m v3/plugins/perf-optimizer/tests/types.test.ts[2m > [22mDEFAULT_CONFIG[2m > [22mshould have valid query config
 [32mΓ£ô[39m v3/plugins/perf-optimizer/tests/types.test.ts[2m > [22mDEFAULT_CONFIG[2m > [22mshould have valid bundle config
 [32mΓ£ô[39m v3/__tests__/integration/swarm-integration.test.ts[2m > [22mSwarm Integration Tests[2m > [22mshould handle multi-agent communication
 [32mΓ£ô[39m v3/__tests__/integration/swarm-integration.test.ts[2m > [22mSwarm Integration Tests[2m > [22mshould maintain swarm state across operations
 [31m├ù[39m v3/__tests__/integration/swarm-integration.test.ts[2m > [22mSwarm Integration Tests[2m > [22mshould handle agent failures gracefully
[31m   ΓåÆ Agent crashed[39m
 [32mΓ£ô[39m v3/__tests__/integration/swarm-integration.test.ts[2m > [22mSwarm Integration Tests[2m > [22mshould coordinate hierarchical agent topology
 [32mΓ£ô[39m v3/__tests__/integration/swarm-integration.test.ts[2m > [22mSwarm Integration Tests[2m > [22mshould support mesh topology coordination
 [31m├ù[39m v3/__tests__/integration/swarm-integration.test.ts[2m > [22mSwarm Integration Tests[2m > [22mshould handle dynamic agent scaling
[31m   ΓåÆ expected 6 to be 2 // Object.is equality[39m
 [32mΓ£ô[39m v3/__tests__/integration/swarm-integration.test.ts[2m > [22mSwarm Integration Tests[2m > [22mshould persist swarm state to memory
 [32mΓ£ô[39m v3/__tests__/integration/swarm-integration.test.ts[2m > [22mSwarm Integration Tests[2m > [22mshould handle concurrent task execution
 [32mΓ£ô[39m v3/__tests__/integration/swarm-integration.test.ts[2m > [22mSwarm Integration Tests[2m > [22mshould implement consensus mechanism for critical decisions
 [32mΓ£ô[39m v3/__tests__/integration/swarm-integration.test.ts[2m > [22mSwarm Integration Tests[2m > [22mshould handle agent termination and cleanup
 [32mΓ£ô[39m v3/__tests__/integration/swarm-integration.test.ts[2m > [22mSwarm Integration Tests[2m > [22mshould support task dependency resolution
 [32mΓ£ô[39m v3/@claude-flow/security/__tests__/input-validator.test.ts[2m > [22mInputValidator[2m > [22mSafeStringSchema[2m > [22mshould accept safe strings
 [32mΓ£ô[39m v3/@claude-flow/security/__tests__/input-validator.test.ts[2m > [22mInputValidator[2m > [22mSafeStringSchema[2m > [22mshould reject empty strings
 [32mΓ£ô[39m v3/@claude-flow/security/__tests__/input-validator.test.ts[2m > [22mInputValidator[2m > [22mSafeStringSchema[2m > [22mshould reject strings with shell metacharacters
 [32mΓ£ô[39m v3/@claude-flow/security/__tests__/input-validator.test.ts[2m > [22mInputValidator[2m > [22mIdentifierSchema[2m > [22mshould accept valid identifiers
 [32mΓ£ô[39m v3/@claude-flow/security/__tests__/input-validator.test.ts[2m > [22mInputValidator[2m > [22mIdentifierSchema[2m > [22mshould reject identifiers starting with number
 [32mΓ£ô[39m v3/@claude-flow/security/__tests__/input-validator.test.ts[2m > [22mInputValidator[2m > [22mIdentifierSchema[2m > [22mshould reject identifiers with special characters
 [32mΓ£ô[39m v3/@claude-flow/security/__tests__/input-validator.test.ts[2m > [22mInputValidator[2m > [22mIdentifierSchema[2m > [22mshould reject empty identifiers
 [32mΓ£ô[39m v3/@claude-flow/security/__tests__/input-validator.test.ts[2m > [22mInputValidator[2m > [22mEmailSchema[2m > [22mshould accept valid emails
 [32mΓ£ô[39m v3/@claude-flow/security/__tests__/input-validator.test.ts[2m > [22mInputValidator[2m > [22mEmailSchema[2m > [22mshould reject invalid emails
 [32mΓ£ô[39m v3/@claude-flow/security/__tests__/input-validator.test.ts[2m > [22mInputValidator[2m > [22mEmailSchema[2m > [22mshould lowercase emails
 [32mΓ£ô[39m v3/@claude-flow/security/__tests__/input-validator.test.ts[2m > [22mInputValidator[2m > [22mEmailSchema[2m > [22mshould reject too long emails
 [32mΓ£ô[39m v3/@claude-flow/security/__tests__/input-validator.test.ts[2m > [22mInputValidator[2m > [22mPasswordSchema[2m > [22mshould accept valid passwords
 [32mΓ£ô[39m v3/@claude-flow/security/__tests__/input-validator.test.ts[2m > [22mInputValidator[2m > [22mPasswordSchema[2m > [22mshould reject short passwords
 [32mΓ£ô[39m v3/@claude-flow/security/__tests__/input-validator.test.ts[2m > [22mInputValidator[2m > [22mPasswordSchema[2m > [22mshould reject passwords without uppercase
 [32mΓ£ô[39m v3/@claude-flow/security/__tests__/input-validator.test.ts[2m > [22mInputValidator[2m > [22mPasswordSchema[2m > [22mshould reject passwords without lowercase
 [32mΓ£ô[39m v3/@claude-flow/security/__tests__/input-validator.test.ts[2m > [22mInputValidator[2m > [22mPasswordSchema[2m > [22mshould reject passwords without digits
 [32mΓ£ô[39m v3/@claude-flow/security/__tests__/input-validator.test.ts[2m > [22mInputValidator[2m > [22mUUIDSchema[2m > [22mshould accept valid UUIDs
 [32mΓ£ô[39m v3/@claude-flow/security/__tests__/input-validator.test.ts[2m > [22mInputValidator[2m > [22mUUIDSchema[2m > [22mshould reject invalid UUIDs
 [32mΓ£ô[39m v3/@claude-flow/security/__tests__/input-validator.test.ts[2m > [22mInputValidator[2m > [22mHttpsUrlSchema[2m > [22mshould accept HTTPS URLs
 [32mΓ£ô[39m v3/@claude-flow/security/__tests__/input-validator.test.ts[2m > [22mInputValidator[2m > [22mHttpsUrlSchema[2m > [22mshould reject HTTP URLs
 [32mΓ£ô[39m v3/@claude-flow/security/__tests__/input-validator.test.ts[2m > [22mInputValidator[2m > [22mHttpsUrlSchema[2m > [22mshould reject invalid URLs
 [32mΓ£ô[39m v3/@claude-flow/security/__tests__/input-validator.test.ts[2m > [22mInputValidator[2m > [22mPortSchema[2m > [22mshould accept valid ports
 [32mΓ£ô[39m v3/@claude-flow/security/__tests__/input-validator.test.ts[2m > [22mInputValidator[2m > [22mPortSchema[2m > [22mshould reject invalid ports
 [32mΓ£ô[39m v3/@claude-flow/security/__tests__/input-validator.test.ts[2m > [22mInputValidator[2m > [22mUserRoleSchema[2m > [22mshould accept valid roles
 [32mΓ£ô[39m v3/@claude-flow/security/__tests__/input-validator.test.ts[2m > [22mInputValidator[2m > [22mUserRoleSchema[2m > [22mshould reject invalid roles
 [32mΓ£ô[39m v3/@claude-flow/security/__tests__/input-validator.test.ts[2m > [22mInputValidator[2m > [22mPermissionSchema[2m > [22mshould accept valid permissions
 [32mΓ£ô[39m v3/@claude-flow/security/__tests__/input-validator.test.ts[2m > [22mInputValidator[2m > [22mPermissionSchema[2m > [22mshould reject invalid permissions
 [32mΓ£ô[39m v3/@claude-flow/security/__tests__/input-validator.test.ts[2m > [22mInputValidator[2m > [22mLoginRequestSchema[2m > [22mshould accept valid login request
 [32mΓ£ô[39m v3/@claude-flow/security/__tests__/input-validator.test.ts[2m > [22mInputValidator[2m > [22mLoginRequestSchema[2m > [22mshould accept login with MFA code
 [32mΓ£ô[39m v3/@claude-flow/security/__tests__/input-validator.test.ts[2m > [22mInputValidator[2m > [22mLoginRequestSchema[2m > [22mshould reject invalid MFA code length
 [32mΓ£ô[39m v3/@claude-flow/security/__tests__/input-validator.test.ts[2m > [22mInputValidator[2m > [22mCreateUserSchema[2m > [22mshould accept valid user creation
 [32mΓ£ô[39m v3/@claude-flow/security/__tests__/input-validator.test.ts[2m > [22mInputValidator[2m > [22mCreateUserSchema[2m > [22mshould require strong password
 [32mΓ£ô[39m v3/@claude-flow/security/__tests__/input-validator.test.ts[2m > [22mInputValidator[2m > [22mTaskInputSchema[2m > [22mshould accept valid task input
 [32mΓ£ô[39m v3/@claude-flow/security/__tests__/input-validator.test.ts[2m > [22mInputValidator[2m > [22mTaskInputSchema[2m > [22mshould reject task with shell characters in content
 [32mΓ£ô[39m v3/@claude-flow/security/__tests__/input-validator.test.ts[2m > [22mInputValidator[2m > [22mCommandArgumentSchema[2m > [22mshould accept safe arguments
 [32mΓ£ô[39m v3/@claude-flow/security/__tests__/input-validator.test.ts[2m > [22mInputValidator[2m > [22mCommandArgumentSchema[2m > [22mshould reject arguments with null bytes
 [32mΓ£ô[39m v3/@claude-flow/security/__tests__/input-validator.test.ts[2m > [22mInputValidator[2m > [22mCommandArgumentSchema[2m > [22mshould reject arguments with shell metacharacters
 [32mΓ£ô[39m v3/@claude-flow/security/__tests__/input-validator.test.ts[2m > [22mInputValidator[2m > [22mPathSchema[2m > [22mshould accept valid paths
 [32mΓ£ô[39m v3/@claude-flow/security/__tests__/input-validator.test.ts[2m > [22mInputValidator[2m > [22mPathSchema[2m > [22mshould reject paths with traversal
 [32mΓ£ô[39m v3/@claude-flow/security/__tests__/input-validator.test.ts[2m > [22mInputValidator[2m > [22mPathSchema[2m > [22mshould reject paths with null bytes
 [32mΓ£ô[39m v3/@claude-flow/security/__tests__/input-validator.test.ts[2m > [22mInputValidator[2m > [22mSanitization Functions[2m > [22msanitizeString[2m > [22mshould remove null bytes
 [32mΓ£ô[39m v3/@claude-flow/security/__tests__/input-validator.test.ts[2m > [22mInputValidator[2m > [22mSanitization Functions[2m > [22msanitizeString[2m > [22mshould remove HTML brackets
 [32mΓ£ô[39m v3/@claude-flow/security/__tests__/input-validator.test.ts[2m > [22mInputValidator[2m > [22mSanitization Functions[2m > [22msanitizeString[2m > [22mshould remove javascript: protocol
 [32mΓ£ô[39m v3/@claude-flow/security/__tests__/input-validator.test.ts[2m > [22mInputValidator[2m > [22mSanitization Functions[2m > [22msanitizeString[2m > [22mshould trim whitespace
 [32mΓ£ô[39m v3/@claude-flow/security/__tests__/input-validator.test.ts[2m > [22mInputValidator[2m > [22mSanitization Functions[2m > [22msanitizeHtml[2m > [22mshould escape HTML entities
 [32mΓ£ô[39m v3/@claude-flow/security/__tests__/input-validator.test.ts[2m > [22mInputValidator[2m > [22mSanitization Functions[2m > [22msanitizePath[2m > [22mshould remove null bytes
 [32mΓ£ô[39m v3/@claude-flow/security/__tests__/input-validator.test.ts[2m > [22mInputValidator[2m > [22mSanitization Functions[2m > [22msanitizePath[2m > [22mshould remove traversal patterns
 [32mΓ£ô[39m v3/@claude-flow/security/__tests__/input-validator.test.ts[2m > [22mInputValidator[2m > [22mSanitization Functions[2m > [22msanitizePath[2m > [22mshould normalize slashes
 [32mΓ£ô[39m v3/@claude-flow/security/__tests__/input-validator.test.ts[2m > [22mInputValidator[2m > [22mSanitization Functions[2m > [22msanitizePath[2m > [22mshould remove leading slash
 [32mΓ£ô[39m v3/@claude-flow/security/__tests__/input-validator.test.ts[2m > [22mInputValidator[2m > [22mInputValidator Class[2m > [22mshould validate email
 [32mΓ£ô[39m v3/@claude-flow/security/__tests__/input-validator.test.ts[2m > [22mInputValidator[2m > [22mInputValidator Class[2m > [22mshould validate password
 [32mΓ£ô[39m v3/@claude-flow/security/__tests__/input-validator.test.ts[2m > [22mInputValidator[2m > [22mInputValidator Class[2m > [22mshould validate identifier
 [32mΓ£ô[39m v3/@claude-flow/security/__tests__/input-validator.test.ts[2m > [22mInputValidator[2m > [22mInputValidator Class[2m > [22mshould validate path
 [32mΓ£ô[39m v3/@claude-flow/security/__tests__/input-validator.test.ts[2m > [22mInputValidator[2m > [22mInputValidator Class[2m > [22mshould validate command argument
 [32mΓ£ô[39m v3/@claude-flow/security/__tests__/input-validator.test.ts[2m > [22mInputValidator[2m > [22mInputValidator Class[2m > [22mshould validate login request
 [32mΓ£ô[39m v3/@claude-flow/security/__tests__/input-validator.test.ts[2m > [22mInputValidator[2m > [22mInputValidator Class[2m > [22mshould safely parse with result
 [32mΓ£ô[39m v3/@claude-flow/security/__tests__/input-validator.test.ts[2m > [22mInputValidator[2m > [22mConstants[2m > [22mshould export PATTERNS
 [32mΓ£ô[39m v3/@claude-flow/security/__tests__/input-validator.test.ts[2m > [22mInputValidator[2m > [22mConstants[2m > [22mshould export LIMITS
 [32mΓ£ô[39m v3/__tests__/integration/swarm-integration.test.ts[2m > [22mSwarm Integration Tests[2m > [22mshould monitor agent health and performance
 [32mΓ£ô[39m v3/__tests__/integration/swarm-integration.test.ts[2m > [22mSwarm Integration Tests[2m > [22mshould support swarm reconfiguration on the fly
 [32mΓ£ô[39m v3/@claude-flow/cli/__tests__/ruvector/agent-wasm.test.ts[2m > [22magent-wasm integration[2m > [22mdetection and init[2m > [22mdetects module availability
 [32mΓ£ô[39m v3/__tests__/integration/mcp-integration.test.ts[2m > [22mMCP Tools Integration Tests[2m > [22mshould spawn agent via MCP agent tools
 [32mΓ£ô[39m v3/__tests__/integration/mcp-integration.test.ts[2m > [22mMCP Tools Integration Tests[2m > [22mshould list agents via MCP agent tools
 [32mΓ£ô[39m v3/__tests__/integration/mcp-integration.test.ts[2m > [22mMCP Tools Integration Tests[2m > [22mshould terminate agent via MCP agent tools
 [32mΓ£ô[39m v3/__tests__/integration/mcp-integration.test.ts[2m > [22mMCP Tools Integration Tests[2m > [22mshould get agent metrics via MCP agent tools
 [32mΓ£ô[39m v3/__tests__/integration/mcp-integration.test.ts[2m > [22mMCP Tools Integration Tests[2m > [22mshould store memory via MCP memory tools
 [32mΓ£ô[39m v3/__tests__/integration/mcp-integration.test.ts[2m > [22mMCP Tools Integration Tests[2m > [22mshould search memory via MCP memory tools
 [32mΓ£ô[39m v3/__tests__/integration/mcp-integration.test.ts[2m > [22mMCP Tools Integration Tests[2m > [22mshould perform vector search via MCP memory tools
 [32mΓ£ô[39m v3/__tests__/integration/mcp-integration.test.ts[2m > [22mMCP Tools Integration Tests[2m > [22mshould load config via MCP config tools
 [32mΓ£ô[39m v3/__tests__/integration/mcp-integration.test.ts[2m > [22mMCP Tools Integration Tests[2m > [22mshould save config via MCP config tools
 [32mΓ£ô[39m v3/__tests__/integration/mcp-integration.test.ts[2m > [22mMCP Tools Integration Tests[2m > [22mshould validate config via MCP config tools
 [32mΓ£ô[39m v3/__tests__/integration/mcp-integration.test.ts[2m > [22mMCP Tools Integration Tests[2m > [22mshould handle MCP tool execution errors gracefully
 [32mΓ£ô[39m v3/__tests__/integration/mcp-integration.test.ts[2m > [22mMCP Tools Integration Tests[2m > [22mshould support chained MCP tool operations
 [32mΓ£ô[39m v3/__tests__/integration/mcp-integration.test.ts[2m > [22mMCP Tools Integration Tests[2m > [22mshould handle concurrent MCP tool requests
 [32mΓ£ô[39m v3/__tests__/integration/mcp-integration.test.ts[2m > [22mMCP Tools Integration Tests[2m > [22mshould provide MCP tool introspection
 [32mΓ£ô[39m v3/__tests__/integration/mcp-integration.test.ts[2m > [22mMCP Tools Integration Tests[2m > [22mshould support MCP tool parameter validation
 [32mΓ£ô[39m v3/__tests__/integration/mcp-integration.test.ts[2m > [22mMCP Tools Integration Tests[2m > [22mshould integrate all MCP tools in workflow
 [32mΓ£ô[39m v3/@claude-flow/cli/__tests__/ruvector/agent-wasm.test.ts[2m > [22magent-wasm integration[2m > [22mdetection and init[2m > [22minitializes WASM (idempotent)
 [32mΓ£ô[39m v3/@claude-flow/cli/__tests__/ruvector/agent-wasm.test.ts[2m > [22magent-wasm integration[2m > [22magent lifecycle[2m > [22mcreates agent with defaults
 [32mΓ£ô[39m v3/@claude-flow/cli/__tests__/ruvector/agent-wasm.test.ts[2m > [22magent-wasm integration[2m > [22magent lifecycle[2m > [22mcreates agent with custom config
 [32mΓ£ô[39m v3/@claude-flow/cli/__tests__/ruvector/agent-wasm.test.ts[2m > [22magent-wasm integration[2m > [22magent lifecycle[2m > [22mlists agents
 [32mΓ£ô[39m v3/@claude-flow/cli/__tests__/ruvector/agent-wasm.test.ts[2m > [22magent-wasm integration[2m > [22magent lifecycle[2m > [22mgets agent by id
 [32mΓ£ô[39m v3/@claude-flow/cli/__tests__/ruvector/agent-wasm.test.ts[2m > [22magent-wasm integration[2m > [22magent lifecycle[2m > [22mreturns null for unknown agent
 [32mΓ£ô[39m v3/@claude-flow/cli/__tests__/ruvector/agent-wasm.test.ts[2m > [22magent-wasm integration[2m > [22magent lifecycle[2m > [22mterminates agent
 [32mΓ£ô[39m v3/@claude-flow/cli/__tests__/ruvector/agent-wasm.test.ts[2m > [22magent-wasm integration[2m > [22magent lifecycle[2m > [22mreturns false for terminating nonexistent
 [32mΓ£ô[39m v3/plugins/neural-coordination/tests/bridges.test.ts[2m > [22mAttentionBridge[2m > [22minitialization[2m > [22mshould start in unloaded state
 [32mΓ£ô[39m v3/plugins/neural-coordination/tests/bridges.test.ts[2m > [22mAttentionBridge[2m > [22minitialization[2m > [22mshould have correct name and version
 [32mΓ£ô[39m v3/@claude-flow/cli/__tests__/ruvector/agent-wasm.test.ts[2m > [22magent-wasm integration[2m > [22mprompting[2m > [22msends prompt and gets response
 [32mΓ£ô[39m v3/@claude-flow/cli/__tests__/ruvector/agent-wasm.test.ts[2m > [22magent-wasm integration[2m > [22mprompting[2m > [22mthrows for unknown agent
 [32mΓ£ô[39m v3/@claude-flow/cli/__tests__/ruvector/agent-wasm.test.ts[2m > [22magent-wasm integration[2m > [22mtool execution[2m > [22mexecutes tool with flat format
 [32mΓ£ô[39m v3/@claude-flow/cli/__tests__/ruvector/agent-wasm.test.ts[2m > [22magent-wasm integration[2m > [22mtool execution[2m > [22mthrows for unknown agent
 [32mΓ£ô[39m v3/@claude-flow/cli/__tests__/ruvector/agent-wasm.test.ts[2m > [22magent-wasm integration[2m > [22magent state accessors[2m > [22mreturns state, tools, todos
 [32mΓ£ô[39m v3/@claude-flow/cli/__tests__/ruvector/agent-wasm.test.ts[2m > [22magent-wasm integration[2m > [22magent state accessors[2m > [22mexports full state as JSON
 [32mΓ£ô[39m v3/@claude-flow/cli/__tests__/ruvector/agent-wasm.test.ts[2m > [22magent-wasm integration[2m > [22magent state accessors[2m > [22mthrows for unknown agent
 [32mΓ£ô[39m v3/plugins/neural-coordination/tests/bridges.test.ts[2m > [22mAttentionBridge[2m > [22minitialization[2m > [22mshould initialize successfully
 [32mΓ£ô[39m v3/plugins/neural-coordination/tests/bridges.test.ts[2m > [22mAttentionBridge[2m > [22minitialization[2m > [22mshould be idempotent for multiple init calls
 [32mΓ£ô[39m v3/plugins/neural-coordination/tests/bridges.test.ts[2m > [22mAttentionBridge[2m > [22minitialization[2m > [22mshould cleanup on destroy
 [32mΓ£ô[39m v3/plugins/neural-coordination/tests/bridges.test.ts[2m > [22mAttentionBridge[2m > [22mflashAttention[2m > [22mshould compute flash attention
 [32mΓ£ô[39m v3/@claude-flow/cli/__tests__/ruvector/agent-wasm.test.ts[2m > [22magent-wasm integration[2m > [22mMCP server bridge[2m > [22mcreates handler and processes requests
 [32mΓ£ô[39m v3/@claude-flow/cli/__tests__/ruvector/agent-wasm.test.ts[2m > [22magent-wasm integration[2m > [22mMCP server bridge[2m > [22mthrows for unknown agent
 [32mΓ£ô[39m v3/@claude-flow/cli/__tests__/ruvector/agent-wasm.test.ts[2m > [22magent-wasm integration[2m > [22mgallery templates[2m > [22mlists templates
 [32mΓ£ô[39m v3/@claude-flow/cli/__tests__/ruvector/agent-wasm.test.ts[2m > [22magent-wasm integration[2m > [22mgallery templates[2m > [22mcounts templates
 [32mΓ£ô[39m v3/@claude-flow/cli/__tests__/ruvector/agent-wasm.test.ts[2m > [22magent-wasm integration[2m > [22mgallery templates[2m > [22mgets categories
 [32mΓ£ô[39m v3/@claude-flow/cli/__tests__/ruvector/agent-wasm.test.ts[2m > [22magent-wasm integration[2m > [22mgallery templates[2m > [22msearches templates
 [32mΓ£ô[39m v3/@claude-flow/cli/__tests__/ruvector/agent-wasm.test.ts[2m > [22magent-wasm integration[2m > [22mgallery templates[2m > [22mgets template detail
 [32mΓ£ô[39m v3/@claude-flow/cli/__tests__/ruvector/agent-wasm.test.ts[2m > [22magent-wasm integration[2m > [22mgallery templates[2m > [22mreturns null for unknown template
 [32mΓ£ô[39m v3/@claude-flow/cli/__tests__/ruvector/agent-wasm.test.ts[2m > [22magent-wasm integration[2m > [22mgallery templates[2m > [22mcreates agent from template
 [32mΓ£ô[39m v3/@claude-flow/cli/__tests__/ruvector/agent-wasm.test.ts[2m > [22magent-wasm integration[2m > [22mgallery templates[2m > [22mthrows for unknown template
 [32mΓ£ô[39m v3/@claude-flow/cli/__tests__/ruvector/agent-wasm.test.ts[2m > [22magent-wasm integration[2m > [22mRVF container operations[2m > [22mbuilds container with prompts/tools/skills
 [32mΓ£ô[39m v3/@claude-flow/cli/__tests__/ruvector/agent-wasm.test.ts[2m > [22magent-wasm integration[2m > [22mRVF container operations[2m > [22mbuilds container from gallery template
 [32mΓ£ô[39m v3/@claude-flow/cli/__tests__/ruvector/agent-wasm.test.ts[2m > [22magent-wasm integration[2m > [22mRVF container operations[2m > [22mthrows for unknown template
[90mstdout[2m | v3/plugins/perf-optimizer/tests/mcp-tools.test.ts[2m > [22m[2mperf/bottleneck-detect handler[2m > [22m[2mshould handle valid input[22m[39m
[perf-optimizer] Detecting bottlenecks { spanCount: [33m2[39m, scope: [ [32m'cpu'[39m, [32m'memory'[39m, [32m'database'[39m ] }
[perf-optimizer] Bottleneck detection completed { bottlenecksFound: [33m1[39m, overallScore: [32m'0.75'[39m, durationMs: [32m'14.90'[39m }

[90mstdout[2m | v3/plugins/perf-optimizer/tests/mcp-tools.test.ts[2m > [22m[2mperf/bottleneck-detect handler[2m > [22m[2mshould handle empty spans[22m[39m
[perf-optimizer] Detecting bottlenecks { spanCount: [33m0[39m, scope: [ [32m'all'[39m ] }
[perf-optimizer] Bottleneck detection completed { bottlenecksFound: [33m0[39m, overallScore: [32m'1.00'[39m, durationMs: [32m'2.94'[39m }

[90mstdout[2m | v3/plugins/perf-optimizer/tests/mcp-tools.test.ts[2m > [22m[2mperf/bottleneck-detect handler[2m > [22m[2mshould detect slow spans as bottlenecks[22m[39m
[perf-optimizer] Detecting bottlenecks { spanCount: [33m1[39m, scope: [ [32m'all'[39m ] }
[perf-optimizer] Bottleneck detection completed { bottlenecksFound: [33m1[39m, overallScore: [32m'0.50'[39m, durationMs: [32m'0.99'[39m }

[90mstdout[2m | v3/plugins/perf-optimizer/tests/mcp-tools.test.ts[2m > [22m[2mperf/memory-analyze handler[2m > [22m[2mshould handle valid input[22m[39m
[perf-optimizer] Analyzing memory { hasSnapshot: [33mfalse[39m, timelinePoints: [90mundefined[39m }
[perf-optimizer] Memory analysis completed { leaksFound: [33m1[39m, gcPressure: [32m'0.15'[39m, durationMs: [32m'0.74'[39m }

[90mstdout[2m | v3/plugins/perf-optimizer/tests/mcp-tools.test.ts[2m > [22m[2mperf/memory-analyze handler[2m > [22m[2mshould handle empty input[22m[39m
[perf-optimizer] Analyzing memory { hasSnapshot: [33mfalse[39m, timelinePoints: [90mundefined[39m }
[perf-optimizer] Memory analysis completed { leaksFound: [33m1[39m, gcPressure: [32m'0.15'[39m, durationMs: [32m'0.47'[39m }

[90mstdout[2m | v3/plugins/perf-optimizer/tests/mcp-tools.test.ts[2m > [22m[2mperf/memory-analyze handler[2m > [22m[2mshould detect potential leaks[22m[39m
[perf-optimizer] Analyzing memory { hasSnapshot: [33mfalse[39m, timelinePoints: [33m5[39m }
[perf-optimizer] Memory analysis completed { leaksFound: [33m1[39m, gcPressure: [32m'0.00'[39m, durationMs: [32m'0.24'[39m }

[90mstdout[2m | v3/plugins/perf-optimizer/tests/mcp-tools.test.ts[2m > [22m[2mperf/query-optimize handler[2m > [22m[2mshould handle valid input[22m[39m
[perf-optimizer] Optimizing queries { queryCount: [33m2[39m }
[perf-optimizer] Query optimization completed { patternsFound: [33m0[39m, indexSuggestions: [33m0[39m, durationMs: [32m'4.26'[39m }

[90mstdout[2m | v3/plugins/perf-optimizer/tests/mcp-tools.test.ts[2m > [22m[2mperf/query-optimize handler[2m > [22m[2mshould detect N+1 patterns[22m[39m
[perf-optimizer] Optimizing queries { queryCount: [33m5[39m }
[perf-optimizer] Query optimization completed { patternsFound: [33m0[39m, indexSuggestions: [33m0[39m, durationMs: [32m'1.05'[39m }

[90mstdout[2m | v3/plugins/perf-optimizer/tests/mcp-tools.test.ts[2m > [22m[2mperf/query-optimize handler[2m > [22m[2mshould suggest indexes for slow queries[22m[39m
[perf-optimizer] Optimizing queries { queryCount: [33m1[39m }
[perf-optimizer] Query optimization completed { patternsFound: [33m1[39m, indexSuggestions: [33m1[39m, durationMs: [32m'0.76'[39m }

[90mstdout[2m | v3/plugins/perf-optimizer/tests/mcp-tools.test.ts[2m > [22m[2mperf/bundle-optimize handler[2m > [22m[2mshould handle valid input[22m[39m
[perf-optimizer] Optimizing bundle {
  statsPath: [32m'/path/to/stats.json'[39m,
  analysis: [ [32m'tree_shaking'[39m, [32m'code_splitting'[39m ]
}
[perf-optimizer] Bundle optimization completed {
  optimizationsFound: [33m2[39m,
  potentialSavingsKb: [32m'180'[39m,
  durationMs: [32m'4.89'[39m
}

[90mstdout[2m | v3/plugins/perf-optimizer/tests/mcp-tools.test.ts[2m > [22m[2mperf/bundle-optimize handler[2m > [22m[2mshould calculate potential savings[22m[39m
[perf-optimizer] Optimizing bundle {
  statsPath: [32m'/path/to/bundle.json'[39m,
  analysis: [ [32m'duplicate_deps'[39m, [32m'large_modules'[39m ]
}
[perf-optimizer] Bundle optimization completed {
  optimizationsFound: [33m2[39m,
  potentialSavingsKb: [32m'300'[39m,
  durationMs: [32m'0.17'[39m
}

[90mstdout[2m | v3/plugins/perf-optimizer/tests/mcp-tools.test.ts[2m > [22m[2mperf/config-optimize handler[2m > [22m[2mshould handle valid input[22m[39m
[perf-optimizer] Optimizing configuration { workloadType: [32m'api'[39m, objective: [32m'latency'[39m }
[perf-optimizer] Configuration optimization completed { recommendations: [33m2[39m, durationMs: [32m'3.65'[39m }

[90mstdout[2m | v3/plugins/perf-optimizer/tests/mcp-tools.test.ts[2m > [22m[2mperf/config-optimize handler[2m > [22m[2mshould handle all objective types[22m[39m
[perf-optimizer] Optimizing configuration { workloadType: [32m'web'[39m, objective: [32m'latency'[39m }
[perf-optimizer] Configuration optimization completed { recommendations: [33m1[39m, durationMs: [32m'0.31'[39m }
[perf-optimizer] Optimizing configuration { workloadType: [32m'web'[39m, objective: [32m'throughput'[39m }
[perf-optimizer] Configuration optimization completed { recommendations: [33m1[39m, durationMs: [32m'0.22'[39m }
[perf-optimizer] Optimizing configuration { workloadType: [32m'web'[39m, objective: [32m'cost'[39m }
[perf-optimizer] Configuration optimization completed { recommendations: [33m1[39m, durationMs: [32m'0.11'[39m }
[perf-optimizer] Optimizing configuration { workloadType: [32m'web'[39m, objective: [32m'balanced'[39m }
[perf-optimizer] Configuration optimization completed { recommendations: [33m1[39m, durationMs: [32m'0.22'[39m }

[90mstdout[2m | v3/plugins/perf-optimizer/tests/mcp-tools.test.ts[2m > [22m[2mperf/config-optimize handler[2m > [22m[2mshould provide optimization recommendations[22m[39m
[perf-optimizer] Optimizing configuration { workloadType: [32m'batch'[39m, objective: [32m'throughput'[39m }
[perf-optimizer] Configuration optimization completed { recommendations: [33m2[39m, durationMs: [32m'0.32'[39m }

 [32mΓ£ô[39m v3/plugins/perf-optimizer/tests/mcp-tools.test.ts[2m > [22mperfOptimizerTools[2m > [22mshould export 5 MCP tools
 [32mΓ£ô[39m v3/plugins/perf-optimizer/tests/mcp-tools.test.ts[2m > [22mperfOptimizerTools[2m > [22mshould have unique tool names
 [32mΓ£ô[39m v3/plugins/perf-optimizer/tests/mcp-tools.test.ts[2m > [22mperfOptimizerTools[2m > [22mshould have required tool properties
 [32mΓ£ô[39m v3/plugins/perf-optimizer/tests/mcp-tools.test.ts[2m > [22mgetTool[2m > [22mshould return tool by name
 [32mΓ£ô[39m v3/plugins/perf-optimizer/tests/mcp-tools.test.ts[2m > [22mgetTool[2m > [22mshould return undefined for unknown tool
 [32mΓ£ô[39m v3/plugins/perf-optimizer/tests/mcp-tools.test.ts[2m > [22mgetToolNames[2m > [22mshould return array of tool names
 [32mΓ£ô[39m v3/plugins/perf-optimizer/tests/mcp-tools.test.ts[2m > [22mperf/bottleneck-detect handler[2m > [22mshould handle valid input
 [32mΓ£ô[39m v3/plugins/perf-optimizer/tests/mcp-tools.test.ts[2m > [22mperf/bottleneck-detect handler[2m > [22mshould return error for invalid input
 [32mΓ£ô[39m v3/plugins/perf-optimizer/tests/mcp-tools.test.ts[2m > [22mperf/bottleneck-detect handler[2m > [22mshould handle empty spans
 [32mΓ£ô[39m v3/plugins/perf-optimizer/tests/mcp-tools.test.ts[2m > [22mperf/bottleneck-detect handler[2m > [22mshould detect slow spans as bottlenecks
 [32mΓ£ô[39m v3/plugins/perf-optimizer/tests/mcp-tools.test.ts[2m > [22mperf/memory-analyze handler[2m > [22mshould handle valid input
 [32mΓ£ô[39m v3/plugins/perf-optimizer/tests/mcp-tools.test.ts[2m > [22mperf/memory-analyze handler[2m > [22mshould handle empty input
 [32mΓ£ô[39m v3/plugins/perf-optimizer/tests/mcp-tools.test.ts[2m > [22mperf/memory-analyze handler[2m > [22mshould detect potential leaks
 [32mΓ£ô[39m v3/plugins/perf-optimizer/tests/mcp-tools.test.ts[2m > [22mperf/query-optimize handler[2m > [22mshould handle valid input
 [32mΓ£ô[39m v3/plugins/perf-optimizer/tests/mcp-tools.test.ts[2m > [22mperf/query-optimize handler[2m > [22mshould return error for empty queries
 [32mΓ£ô[39m v3/plugins/perf-optimizer/tests/mcp-tools.test.ts[2m > [22mperf/query-optimize handler[2m > [22mshould detect N+1 patterns
 [32mΓ£ô[39m v3/plugins/perf-optimizer/tests/mcp-tools.test.ts[2m > [22mperf/query-optimize handler[2m > [22mshould suggest indexes for slow queries
 [32mΓ£ô[39m v3/plugins/perf-optimizer/tests/mcp-tools.test.ts[2m > [22mperf/bundle-optimize handler[2m > [22mshould handle valid input
 [32mΓ£ô[39m v3/plugins/perf-optimizer/tests/mcp-tools.test.ts[2m > [22mperf/bundle-optimize handler[2m > [22mshould return error for missing bundleStats
 [32mΓ£ô[39m v3/plugins/perf-optimizer/tests/mcp-tools.test.ts[2m > [22mperf/bundle-optimize handler[2m > [22mshould calculate potential savings
 [32mΓ£ô[39m v3/plugins/perf-optimizer/tests/mcp-tools.test.ts[2m > [22mperf/config-optimize handler[2m > [22mshould handle valid input
 [32mΓ£ô[39m v3/plugins/perf-optimizer/tests/mcp-tools.test.ts[2m > [22mperf/config-optimize handler[2m > [22mshould return error for invalid workload type
 [32mΓ£ô[39m v3/plugins/perf-optimizer/tests/mcp-tools.test.ts[2m > [22mperf/config-optimize handler[2m > [22mshould handle all objective types
 [32mΓ£ô[39m v3/plugins/perf-optimizer/tests/mcp-tools.test.ts[2m > [22mperf/config-optimize handler[2m > [22mshould provide optimization recommendations
 [32mΓ£ô[39m v3/plugins/perf-optimizer/tests/mcp-tools.test.ts[2m > [22mError handling[2m > [22mshould handle internal errors gracefully
 [32mΓ£ô[39m v3/plugins/perf-optimizer/tests/mcp-tools.test.ts[2m > [22mError handling[2m > [22mshould include timestamp in error responses
 [32mΓ£ô[39m v3/plugins/perf-optimizer/tests/mcp-tools.test.ts[2m > [22mTool metadata[2m > [22mshould have correct categories
 [32mΓ£ô[39m v3/plugins/perf-optimizer/tests/mcp-tools.test.ts[2m > [22mTool metadata[2m > [22mshould have version numbers
 [32mΓ£ô[39m v3/plugins/perf-optimizer/tests/mcp-tools.test.ts[2m > [22mTool metadata[2m > [22mshould have tags
[90mstdout[2m | v3/@claude-flow/providers/src/__tests__/provider-integration.test.ts[2m > [22m[2mProvider Integration Tests[2m > [22m[2mRuVector Provider (ruvllm)[2m > [22m[2mshould complete request with CPU-friendly Qwen model[22m[39m
[INFO] Initializing ruvector provider { model: [32m'qwen2.5:0.5b'[39m, temperature: [90mundefined[39m, maxTokens: [33m100[39m }

 [32mΓ£ô[39m v3/plugins/neural-coordination/tests/bridges.test.ts[2m > [22mAttentionBridge[2m > [22mflashAttention[2m > [22mshould throw when not initialized
 [32mΓ£ô[39m v3/plugins/neural-coordination/tests/bridges.test.ts[2m > [22mAttentionBridge[2m > [22mflashAttention[2m > [22mshould respect causal masking
 [32mΓ£ô[39m v3/plugins/neural-coordination/tests/bridges.test.ts[2m > [22mAttentionBridge[2m > [22mmultiHeadAttention[2m > [22mshould compute multi-head attention[33m 447[2mms[22m[39m
 [32mΓ£ô[39m v3/plugins/neural-coordination/tests/bridges.test.ts[2m > [22mAttentionBridge[2m > [22mselfAttention[2m > [22mshould compute self attention[33m 396[2mms[22m[39m
 [32mΓ£ô[39m v3/plugins/neural-coordination/tests/bridges.test.ts[2m > [22mAttentionBridge[2m > [22mcomputeWeights[2m > [22mshould compute attention weights
 [32mΓ£ô[39m v3/plugins/neural-coordination/tests/bridges.test.ts[2m > [22mAttentionBridge[2m > [22mcomputeWeights[2m > [22mshould return empty array for empty keys
 [32mΓ£ô[39m v3/plugins/neural-coordination/tests/bridges.test.ts[2m > [22mAttentionBridge[2m > [22maggregateWithAttention[2m > [22mshould aggregate agent states with attention
 [32mΓ£ô[39m v3/plugins/neural-coordination/tests/bridges.test.ts[2m > [22mAttentionBridge[2m > [22maggregateWithAttention[2m > [22mshould return empty array for empty inputs
 [32mΓ£ô[39m v3/plugins/neural-coordination/tests/bridges.test.ts[2m > [22mAttentionBridge[2m > [22mfindMostRelevant[2m > [22mshould find top-k most relevant agents
 [32mΓ£ô[39m v3/plugins/neural-coordination/tests/bridges.test.ts[2m > [22mAttentionBridge[2m > [22mfactory function[2m > [22mshould create bridge with default config
 [32mΓ£ô[39m v3/plugins/neural-coordination/tests/bridges.test.ts[2m > [22mAttentionBridge[2m > [22mfactory function[2m > [22mshould create bridge with custom config
 [32mΓ£ô[39m v3/plugins/neural-coordination/tests/bridges.test.ts[2m > [22mNervousSystemBridge[2m > [22minitialization[2m > [22mshould start in unloaded state
 [32mΓ£ô[39m v3/plugins/neural-coordination/tests/bridges.test.ts[2m > [22mNervousSystemBridge[2m > [22minitialization[2m > [22mshould have correct name and version
 [32mΓ£ô[39m v3/plugins/neural-coordination/tests/bridges.test.ts[2m > [22mNervousSystemBridge[2m > [22minitialization[2m > [22mshould initialize successfully
 [32mΓ£ô[39m v3/@claude-flow/security/__tests__/token-generator.test.ts[2m > [22mTokenGenerator[2m > [22mConfiguration[2m > [22mshould use default configuration
 [32mΓ£ô[39m v3/@claude-flow/security/__tests__/token-generator.test.ts[2m > [22mTokenGenerator[2m > [22mConfiguration[2m > [22mshould reject token length below 16 bytes
 [32mΓ£ô[39m v3/@claude-flow/security/__tests__/token-generator.test.ts[2m > [22mTokenGenerator[2m > [22mConfiguration[2m > [22mshould accept custom encoding
 [32mΓ£ô[39m v3/@claude-flow/security/__tests__/token-generator.test.ts[2m > [22mTokenGenerator[2m > [22mToken Generation[2m > [22mshould generate token of specified length
 [32mΓ£ô[39m v3/@claude-flow/security/__tests__/token-generator.test.ts[2m > [22mTokenGenerator[2m > [22mToken Generation[2m > [22mshould generate unique tokens
 [32mΓ£ô[39m v3/@claude-flow/security/__tests__/token-generator.test.ts[2m > [22mTokenGenerator[2m > [22mToken Generation[2m > [22mshould generate URL-safe tokens by default
 [32mΓ£ô[39m v3/@claude-flow/security/__tests__/token-generator.test.ts[2m > [22mTokenGenerator[2m > [22mToken with Expiration[2m > [22mshould generate token with expiration
 [32mΓ£ô[39m v3/@claude-flow/security/__tests__/token-generator.test.ts[2m > [22mTokenGenerator[2m > [22mToken with Expiration[2m > [22mshould set correct expiration time
 [32mΓ£ô[39m v3/@claude-flow/security/__tests__/token-generator.test.ts[2m > [22mTokenGenerator[2m > [22mToken with Expiration[2m > [22mshould include metadata when provided
 [32mΓ£ô[39m v3/@claude-flow/security/__tests__/token-generator.test.ts[2m > [22mTokenGenerator[2m > [22mSession Token[2m > [22mshould generate session token
 [32mΓ£ô[39m v3/@claude-flow/security/__tests__/token-generator.test.ts[2m > [22mTokenGenerator[2m > [22mCSRF Token[2m > [22mshould generate CSRF token
 [32mΓ£ô[39m v3/@claude-flow/security/__tests__/token-generator.test.ts[2m > [22mTokenGenerator[2m > [22mAPI Token[2m > [22mshould generate API token with prefix
 [32mΓ£ô[39m v3/@claude-flow/security/__tests__/token-generator.test.ts[2m > [22mTokenGenerator[2m > [22mAPI Token[2m > [22mshould set 1 year expiration
 [32mΓ£ô[39m v3/@claude-flow/security/__tests__/token-generator.test.ts[2m > [22mTokenGenerator[2m > [22mVerification Code[2m > [22mshould generate numeric code
 [32mΓ£ô[39m v3/@claude-flow/security/__tests__/token-generator.test.ts[2m > [22mTokenGenerator[2m > [22mVerification Code[2m > [22mshould generate code of specified length
 [32mΓ£ô[39m v3/@claude-flow/security/__tests__/token-generator.test.ts[2m > [22mTokenGenerator[2m > [22mVerification Code[2m > [22mshould set expiration
 [32mΓ£ô[39m v3/@claude-flow/security/__tests__/token-generator.test.ts[2m > [22mTokenGenerator[2m > [22mVerification Code[2m > [22mshould track attempts
 [32mΓ£ô[39m v3/@claude-flow/security/__tests__/token-generator.test.ts[2m > [22mTokenGenerator[2m > [22mSigned Token[2m > [22mshould generate signed token
 [32mΓ£ô[39m v3/@claude-flow/security/__tests__/token-generator.test.ts[2m > [22mTokenGenerator[2m > [22mSigned Token[2m > [22mshould require HMAC secret
 [32mΓ£ô[39m v3/@claude-flow/security/__tests__/token-generator.test.ts[2m > [22mTokenGenerator[2m > [22mSigned Token[2m > [22mshould verify valid signed token
 [32mΓ£ô[39m v3/@claude-flow/security/__tests__/token-generator.test.ts[2m > [22mTokenGenerator[2m > [22mSigned Token[2m > [22mshould reject tampered token
 [32mΓ£ô[39m v3/@claude-flow/security/__tests__/token-generator.test.ts[2m > [22mTokenGenerator[2m > [22mSigned Token[2m > [22mshould reject tampered signature
 [32mΓ£ô[39m v3/plugins/neural-coordination/tests/bridges.test.ts[2m > [22mNervousSystemBridge[2m > [22minitialization[2m > [22mshould be idempotent for multiple init calls
 [32mΓ£ô[39m v3/plugins/neural-coordination/tests/bridges.test.ts[2m > [22mNervousSystemBridge[2m > [22minitialization[2m > [22mshould cleanup on destroy
 [32mΓ£ô[39m v3/plugins/neural-coordination/tests/bridges.test.ts[2m > [22mNervousSystemBridge[2m > [22mpropagate[2m > [22mshould propagate signals through network
 [32mΓ£ô[39m v3/plugins/neural-coordination/tests/bridges.test.ts[2m > [22mNervousSystemBridge[2m > [22mpropagate[2m > [22mshould apply decay to signals
 [32mΓ£ô[39m v3/plugins/neural-coordination/tests/bridges.test.ts[2m > [22mNervousSystemBridge[2m > [22mpropagate[2m > [22mshould throw when not initialized
 [32mΓ£ô[39m v3/@claude-flow/shared/__tests__/hooks/session-hooks.test.ts[2m > [22mSessionHooksManager[2m > [22msession lifecycle hooks[2m > [22mshould register session hooks on creation
 [32mΓ£ô[39m v3/@claude-flow/shared/__tests__/hooks/session-hooks.test.ts[2m > [22mSessionHooksManager[2m > [22msession-end hook[2m > [22mshould end session and return summary
 [32mΓ£ô[39m v3/@claude-flow/shared/__tests__/hooks/session-hooks.test.ts[2m > [22mSessionHooksManager[2m > [22msession-end hook[2m > [22mshould persist session state
 [32mΓ£ô[39m v3/@claude-flow/shared/__tests__/hooks/session-hooks.test.ts[2m > [22mSessionHooksManager[2m > [22msession-end hook[2m > [22mshould handle ending session without active session
 [32mΓ£ô[39m v3/@claude-flow/shared/__tests__/hooks/session-hooks.test.ts[2m > [22mSessionHooksManager[2m > [22msession-end hook[2m > [22mshould reset activity tracking after session end
 [32mΓ£ô[39m v3/@claude-flow/shared/__tests__/hooks/session-hooks.test.ts[2m > [22mSessionHooksManager[2m > [22msession-restore hook[2m > [22mshould restore a previous session
 [32mΓ£ô[39m v3/plugins/neural-coordination/tests/bridges.test.ts[2m > [22mNervousSystemBridge[2m > [22msynchronize[2m > [22mshould synchronize agent states
 [32mΓ£ô[39m v3/@claude-flow/shared/__tests__/hooks/session-hooks.test.ts[2m > [22mSessionHooksManager[2m > [22msession-restore hook[2m > [22mshould restore latest session when no ID specified
 [32mΓ£ô[39m v3/@claude-flow/shared/__tests__/hooks/session-hooks.test.ts[2m > [22mSessionHooksManager[2m > [22msession-restore hook[2m > [22mshould fail gracefully when session not found
 [32mΓ£ô[39m v3/@claude-flow/shared/__tests__/hooks/session-hooks.test.ts[2m > [22mSessionHooksManager[2m > [22msession-restore hook[2m > [22mshould return warnings for old sessions
 [32mΓ£ô[39m v3/@claude-flow/shared/__tests__/hooks/session-hooks.test.ts[2m > [22mSessionHooksManager[2m > [22msession-restore hook[2m > [22mshould start a new session after restoration
 [32mΓ£ô[39m v3/@claude-flow/shared/__tests__/hooks/session-hooks.test.ts[2m > [22mSessionHooksManager[2m > [22msession-restore hook[2m > [22mshould count restored items
 [32mΓ£ô[39m v3/@claude-flow/shared/__tests__/hooks/session-hooks.test.ts[2m > [22mSessionHooksManager[2m > [22mactivity tracking[2m > [22mshould track task executions
 [32mΓ£ô[39m v3/@claude-flow/shared/__tests__/hooks/session-hooks.test.ts[2m > [22mSessionHooksManager[2m > [22mactivity tracking[2m > [22mshould track command executions
 [32mΓ£ô[39m v3/@claude-flow/shared/__tests__/hooks/session-hooks.test.ts[2m > [22mSessionHooksManager[2m > [22mactivity tracking[2m > [22mshould track file modifications
 [32mΓ£ô[39m v3/@claude-flow/shared/__tests__/hooks/session-hooks.test.ts[2m > [22mSessionHooksManager[2m > [22mactivity tracking[2m > [22mshould track agent spawns
 [32mΓ£ô[39m v3/@claude-flow/shared/__tests__/hooks/session-hooks.test.ts[2m > [22mSessionHooksManager[2m > [22msession management[2m > [22mshould list available sessions
 [32mΓ£ô[39m v3/@claude-flow/shared/__tests__/hooks/session-hooks.test.ts[2m > [22mSessionHooksManager[2m > [22msession management[2m > [22mshould delete a session
 [32mΓ£ô[39m v3/@claude-flow/shared/__tests__/hooks/session-hooks.test.ts[2m > [22mSessionHooksManager[2m > [22msession management[2m > [22mshould return false when deleting non-existent session
 [32mΓ£ô[39m v3/plugins/quantum-optimizer/tests/bridges.test.ts[2m > [22mQuantumOptimizerBridge (Mock)[2m > [22minitialization[2m > [22mshould start uninitialized
 [32mΓ£ô[39m v3/plugins/quantum-optimizer/tests/bridges.test.ts[2m > [22mQuantumOptimizerBridge (Mock)[2m > [22minitialization[2m > [22mshould initialize successfully
 [32mΓ£ô[39m v3/plugins/quantum-optimizer/tests/bridges.test.ts[2m > [22mQuantumOptimizerBridge (Mock)[2m > [22minitialization[2m > [22mshould cleanup on dispose
 [32mΓ£ô[39m v3/plugins/quantum-optimizer/tests/bridges.test.ts[2m > [22mQuantumOptimizerBridge (Mock)[2m > [22msolveQubo[2m > [22mshould solve QUBO problem
 [32mΓ£ô[39m v3/plugins/quantum-optimizer/tests/bridges.test.ts[2m > [22mQuantumOptimizerBridge (Mock)[2m > [22msolveQubo[2m > [22mshould indicate optimality for high read counts
 [32mΓ£ô[39m v3/plugins/quantum-optimizer/tests/bridges.test.ts[2m > [22mQuantumOptimizerBridge (Mock)[2m > [22msolveQubo[2m > [22mshould throw when not initialized
 [32mΓ£ô[39m v3/plugins/quantum-optimizer/tests/bridges.test.ts[2m > [22mQuantumOptimizerBridge (Mock)[2m > [22mrunGrover[2m > [22mshould run Grover search
 [32mΓ£ô[39m v3/plugins/quantum-optimizer/tests/bridges.test.ts[2m > [22mQuantumOptimizerBridge (Mock)[2m > [22mrunGrover[2m > [22mshould use optimal number of queries
 [32mΓ£ô[39m v3/plugins/quantum-optimizer/tests/bridges.test.ts[2m > [22mQuantumOptimizerBridge (Mock)[2m > [22mrunQAOA[2m > [22mshould run QAOA optimization
 [32mΓ£ô[39m v3/plugins/quantum-optimizer/tests/bridges.test.ts[2m > [22mQuantumOptimizerBridge (Mock)[2m > [22mrunQAOA[2m > [22mshould return valid binary solution
 [32mΓ£ô[39m v3/plugins/quantum-optimizer/tests/bridges.test.ts[2m > [22mSimulated Annealing[2m > [22mshould minimize simple energy function
 [32mΓ£ô[39m v3/plugins/quantum-optimizer/tests/bridges.test.ts[2m > [22mSimulated Annealing[2m > [22mshould find optimal solution with enough iterations
 [32mΓ£ô[39m v3/plugins/quantum-optimizer/tests/bridges.test.ts[2m > [22mSimulated Annealing[2m > [22mshould handle linear temperature schedule
 [32mΓ£ô[39m v3/plugins/quantum-optimizer/tests/bridges.test.ts[2m > [22mDAG Analysis[2m > [22mshould topologically sort DAG
 [32mΓ£ô[39m v3/plugins/quantum-optimizer/tests/bridges.test.ts[2m > [22mDAG Analysis[2m > [22mshould return null for cyclic graph
 [32mΓ£ô[39m v3/plugins/quantum-optimizer/tests/bridges.test.ts[2m > [22mDAG Analysis[2m > [22mshould handle empty graph
 [32mΓ£ô[39m v3/plugins/quantum-optimizer/tests/bridges.test.ts[2m > [22mDAG Analysis[2m > [22mshould handle disconnected nodes
 [32mΓ£ô[39m v3/plugins/neural-coordination/tests/bridges.test.ts[2m > [22mNervousSystemBridge[2m > [22msynchronize[2m > [22mshould return empty array for empty states
 [32mΓ£ô[39m v3/plugins/neural-coordination/tests/bridges.test.ts[2m > [22mNervousSystemBridge[2m > [22msynchronize[2m > [22mshould compute weighted average
 [32mΓ£ô[39m v3/plugins/neural-coordination/tests/bridges.test.ts[2m > [22mNervousSystemBridge[2m > [22mcoordinate[2m > [22mshould coordinate agents for task assignment
 [32mΓ£ô[39m v3/plugins/neural-coordination/tests/bridges.test.ts[2m > [22mNervousSystemBridge[2m > [22mcoordinate[2m > [22mshould handle empty agents list
 [32mΓ£ô[39m v3/plugins/neural-coordination/tests/bridges.test.ts[2m > [22mNervousSystemBridge[2m > [22mcoordinate[2m > [22mshould assign agents based on capabilities
 [32mΓ£ô[39m v3/@claude-flow/shared/__tests__/hooks/git-commit.test.ts[2m > [22mGitCommitHook[2m > [22mcommit type detection[2m > [22mshould detect feat type from message
 [32mΓ£ô[39m v3/@claude-flow/shared/__tests__/hooks/git-commit.test.ts[2m > [22mGitCommitHook[2m > [22mcommit type detection[2m > [22mshould detect fix type from message
 [32mΓ£ô[39m v3/@claude-flow/shared/__tests__/hooks/git-commit.test.ts[2m > [22mGitCommitHook[2m > [22mcommit type detection[2m > [22mshould detect docs type from message
 [32mΓ£ô[39m v3/@claude-flow/shared/__tests__/hooks/git-commit.test.ts[2m > [22mGitCommitHook[2m > [22mcommit type detection[2m > [22mshould detect refactor type from message
 [32mΓ£ô[39m v3/@claude-flow/shared/__tests__/hooks/git-commit.test.ts[2m > [22mGitCommitHook[2m > [22mcommit type detection[2m > [22mshould detect test type from message
 [32mΓ£ô[39m v3/@claude-flow/shared/__tests__/hooks/git-commit.test.ts[2m > [22mGitCommitHook[2m > [22mcommit type detection[2m > [22mshould detect perf type from message
 [32mΓ£ô[39m v3/@claude-flow/shared/__tests__/hooks/git-commit.test.ts[2m > [22mGitCommitHook[2m > [22mcommit type detection[2m > [22mshould detect build type from message
 [32mΓ£ô[39m v3/@claude-flow/shared/__tests__/hooks/git-commit.test.ts[2m > [22mGitCommitHook[2m > [22mcommit type detection[2m > [22mshould detect ci type from message
 [32mΓ£ô[39m v3/@claude-flow/shared/__tests__/hooks/git-commit.test.ts[2m > [22mGitCommitHook[2m > [22mcommit type detection[2m > [22mshould detect chore type from message
 [32mΓ£ô[39m v3/@claude-flow/shared/__tests__/hooks/git-commit.test.ts[2m > [22mGitCommitHook[2m > [22mcommit type detection[2m > [22mshould detect revert type from message
 [32mΓ£ô[39m v3/@claude-flow/shared/__tests__/hooks/git-commit.test.ts[2m > [22mGitCommitHook[2m > [22mpreserving existing prefixes[2m > [22mshould not add duplicate prefix if already present
 [32mΓ£ô[39m v3/@claude-flow/shared/__tests__/hooks/git-commit.test.ts[2m > [22mGitCommitHook[2m > [22mpreserving existing prefixes[2m > [22mshould detect type from existing prefix
 [32mΓ£ô[39m v3/@claude-flow/shared/__tests__/hooks/git-commit.test.ts[2m > [22mGitCommitHook[2m > [22mpreserving existing prefixes[2m > [22mshould handle scoped commits
 [32mΓ£ô[39m v3/@claude-flow/shared/__tests__/hooks/git-commit.test.ts[2m > [22mGitCommitHook[2m > [22mticket extraction[2m > [22mshould extract JIRA ticket from branch name
 [32mΓ£ô[39m v3/@claude-flow/shared/__tests__/hooks/git-commit.test.ts[2m > [22mGitCommitHook[2m > [22mticket extraction[2m > [22mshould extract GitHub issue from branch name
 [32mΓ£ô[39m v3/@claude-flow/shared/__tests__/hooks/git-commit.test.ts[2m > [22mGitCommitHook[2m > [22mticket extraction[2m > [22mshould not duplicate ticket if already in message
 [32mΓ£ô[39m v3/@claude-flow/shared/__tests__/hooks/git-commit.test.ts[2m > [22mGitCommitHook[2m > [22mco-author addition[2m > [22mshould add co-author by default
 [32mΓ£ô[39m v3/@claude-flow/shared/__tests__/hooks/git-commit.test.ts[2m > [22mGitCommitHook[2m > [22mco-author addition[2m > [22mshould add Claude Code reference
 [32mΓ£ô[39m v3/@claude-flow/shared/__tests__/hooks/git-commit.test.ts[2m > [22mGitCommitHook[2m > [22mco-author addition[2m > [22mshould not duplicate co-author if already present
 [32mΓ£ô[39m v3/@claude-flow/shared/__tests__/hooks/git-commit.test.ts[2m > [22mGitCommitHook[2m > [22mvalidation[2m > [22mshould warn about missing conventional prefix
 [32mΓ£ô[39m v3/@claude-flow/shared/__tests__/hooks/git-commit.test.ts[2m > [22mGitCommitHook[2m > [22mvalidation[2m > [22mshould warn about long subject line
 [32mΓ£ô[39m v3/@claude-flow/shared/__tests__/hooks/git-commit.test.ts[2m > [22mGitCommitHook[2m > [22mvalidation[2m > [22mshould warn about trailing period in subject
 [32mΓ£ô[39m v3/@claude-flow/shared/__tests__/hooks/git-commit.test.ts[2m > [22mGitCommitHook[2m > [22mvalidation[2m > [22mshould detect breaking change indicator
 [32mΓ£ô[39m v3/@claude-flow/shared/__tests__/hooks/git-commit.test.ts[2m > [22mGitCommitHook[2m > [22mvalidation[2m > [22mshould detect BREAKING CHANGE footer
 [32mΓ£ô[39m v3/@claude-flow/shared/__tests__/hooks/git-commit.test.ts[2m > [22mGitCommitHook[2m > [22mconfiguration[2m > [22mshould respect maxSubjectLength config
 [32mΓ£ô[39m v3/@claude-flow/shared/__tests__/hooks/git-commit.test.ts[2m > [22mGitCommitHook[2m > [22mconfiguration[2m > [22mshould allow disabling co-author
 [32mΓ£ô[39m v3/@claude-flow/shared/__tests__/hooks/git-commit.test.ts[2m > [22mGitCommitHook[2m > [22mconfiguration[2m > [22mshould allow disabling Claude reference
 [32mΓ£ô[39m v3/@claude-flow/shared/__tests__/hooks/git-commit.test.ts[2m > [22mGitCommitHook[2m > [22mconfiguration[2m > [22mshould allow custom co-author
 [32mΓ£ô[39m v3/@claude-flow/shared/__tests__/hooks/git-commit.test.ts[2m > [22mGitCommitHook[2m > [22mhelper methods[2m > [22mshould format message for git heredoc
 [32mΓ£ô[39m v3/@claude-flow/shared/__tests__/hooks/git-commit.test.ts[2m > [22mGitCommitHook[2m > [22mhelper methods[2m > [22mshould generate full commit command
 [32mΓ£ô[39m v3/@claude-flow/shared/__tests__/hooks/git-commit.test.ts[2m > [22mGitCommitHook[2m > [22mhelper methods[2m > [22mshould get commit type description
 [32mΓ£ô[39m v3/@claude-flow/shared/__tests__/hooks/git-commit.test.ts[2m > [22mGitCommitHook[2m > [22mhelper methods[2m > [22mshould get all commit types
 [32mΓ£ô[39m v3/@claude-flow/shared/__tests__/hooks/git-commit.test.ts[2m > [22mGitCommitHook[2m > [22mhelper methods[2m > [22mshould get current config
 [32mΓ£ô[39m v3/@claude-flow/shared/__tests__/hooks/git-commit.test.ts[2m > [22mGitCommitHook[2m > [22mhelper methods[2m > [22mshould update config
 [32mΓ£ô[39m v3/@claude-flow/shared/__tests__/hooks/git-commit.test.ts[2m > [22mGitCommitHook[2m > [22mmessage case handling[2m > [22mshould lowercase first letter after prefix
 [32mΓ£ô[39m v3/@claude-flow/shared/__tests__/hooks/git-commit.test.ts[2m > [22mGitCommitHook[2m > [22mmessage case handling[2m > [22mshould preserve acronyms
 [32mΓ£ô[39m v3/@claude-flow/shared/__tests__/hooks/git-commit.test.ts[2m > [22mGitCommitHook[2m > [22mfull message processing[2m > [22mshould process complete message with all modifications
 [32mΓ£ô[39m v3/@claude-flow/shared/__tests__/hooks/git-commit.test.ts[2m > [22mGitCommitHook[2m > [22mfull message processing[2m > [22mshould return original message unchanged in result
 [32mΓ£ô[39m v3/@claude-flow/shared/__tests__/hooks/git-commit.test.ts[2m > [22mGitCommitHook[2m > [22mfull message processing[2m > [22mshould track suggestions for modifications
 [32mΓ£ô[39m v3/plugins/neural-coordination/tests/bridges.test.ts[2m > [22mNervousSystemBridge[2m > [22mcoordinate[2m > [22mshould throw when not initialized
 [32mΓ£ô[39m v3/plugins/neural-coordination/tests/bridges.test.ts[2m > [22mNervousSystemBridge[2m > [22mfactory function[2m > [22mshould create bridge with default config
 [32mΓ£ô[39m v3/plugins/neural-coordination/tests/bridges.test.ts[2m > [22mNervousSystemBridge[2m > [22mfactory function[2m > [22mshould create bridge with custom config
 [32mΓ£ô[39m v3/@claude-flow/security/__tests__/unit/token-generator.test.ts[2m > [22mTokenGenerator[2m > [22mcryptographically secure token generation[2m > [22mshould generate tokens using crypto.randomBytes
 [32mΓ£ô[39m v3/@claude-flow/security/__tests__/unit/token-generator.test.ts[2m > [22mTokenGenerator[2m > [22mcryptographically secure token generation[2m > [22mshould generate tokens with specified length
 [32mΓ£ô[39m v3/@claude-flow/security/__tests__/unit/token-generator.test.ts[2m > [22mTokenGenerator[2m > [22mcryptographically secure token generation[2m > [22mshould support different encodings
 [32mΓ£ô[39m v3/@claude-flow/security/__tests__/unit/token-generator.test.ts[2m > [22mTokenGenerator[2m > [22mcryptographically secure token generation[2m > [22mshould reject token length below 16 bytes
 [32mΓ£ô[39m v3/@claude-flow/security/__tests__/unit/token-generator.test.ts[2m > [22mTokenGenerator[2m > [22mtoken uniqueness[2m > [22mshould generate unique tokens each time
 [32mΓ£ô[39m v3/@claude-flow/security/__tests__/unit/token-generator.test.ts[2m > [22mTokenGenerator[2m > [22mtoken uniqueness[2m > [22mshould generate unique session tokens
 [32mΓ£ô[39m v3/@claude-flow/security/__tests__/unit/token-generator.test.ts[2m > [22mTokenGenerator[2m > [22mtoken uniqueness[2m > [22mshould generate unique verification codes
 [32mΓ£ô[39m v3/@claude-flow/security/__tests__/unit/token-generator.test.ts[2m > [22mTokenGenerator[2m > [22mtoken uniqueness[2m > [22mshould generate unique request IDs
 [32mΓ£ô[39m v3/@claude-flow/security/__tests__/unit/token-generator.test.ts[2m > [22mTokenGenerator[2m > [22mtoken uniqueness[2m > [22mshould generate unique correlation IDs
 [32mΓ£ô[39m v3/@claude-flow/security/__tests__/unit/token-generator.test.ts[2m > [22mTokenGenerator[2m > [22mtiming-safe comparison[2m > [22mshould return true for equal tokens
 [32mΓ£ô[39m v3/@claude-flow/security/__tests__/unit/token-generator.test.ts[2m > [22mTokenGenerator[2m > [22mtiming-safe comparison[2m > [22mshould return false for different tokens
 [32mΓ£ô[39m v3/@claude-flow/security/__tests__/unit/token-generator.test.ts[2m > [22mTokenGenerator[2m > [22mtiming-safe comparison[2m > [22mshould return false for different length strings
 [32mΓ£ô[39m v3/@claude-flow/security/__tests__/unit/token-generator.test.ts[2m > [22mTokenGenerator[2m > [22mtiming-safe comparison[2m > [22mshould perform constant-time comparison
 [32mΓ£ô[39m v3/@claude-flow/security/__tests__/unit/token-generator.test.ts[2m > [22mTokenGenerator[2m > [22msigned tokens[2m > [22mshould require HMAC secret for signed tokens
 [32mΓ£ô[39m v3/@claude-flow/security/__tests__/unit/token-generator.test.ts[2m > [22mTokenGenerator[2m > [22msigned tokens[2m > [22mshould generate valid signed tokens
 [32mΓ£ô[39m v3/@claude-flow/security/__tests__/unit/token-generator.test.ts[2m > [22mTokenGenerator[2m > [22msigned tokens[2m > [22mshould verify valid signed tokens
 [32mΓ£ô[39m v3/@claude-flow/security/__tests__/unit/token-generator.test.ts[2m > [22mTokenGenerator[2m > [22msigned tokens[2m > [22mshould reject tampered tokens
 [32mΓ£ô[39m v3/@claude-flow/security/__tests__/unit/token-generator.test.ts[2m > [22mTokenGenerator[2m > [22msigned tokens[2m > [22mshould reject tokens with wrong secret
 [32mΓ£ô[39m v3/@claude-flow/security/__tests__/unit/token-generator.test.ts[2m > [22mTokenGenerator[2m > [22msigned tokens[2m > [22mshould reject expired signed tokens
 [32mΓ£ô[39m v3/@claude-flow/security/__tests__/unit/token-generator.test.ts[2m > [22mTokenGenerator[2m > [22msigned tokens[2m > [22mshould reject malformed token format
 [32mΓ£ô[39m v3/@claude-flow/security/__tests__/unit/token-generator.test.ts[2m > [22mTokenGenerator[2m > [22mtoken expiration[2m > [22mshould create tokens with expiration
 [32mΓ£ô[39m v3/@claude-flow/security/__tests__/unit/token-generator.test.ts[2m > [22mTokenGenerator[2m > [22mtoken expiration[2m > [22mshould use default expiration
 [32mΓ£ô[39m v3/@claude-flow/security/__tests__/unit/token-generator.test.ts[2m > [22mTokenGenerator[2m > [22mtoken expiration[2m > [22mshould correctly identify expired tokens
 [32mΓ£ô[39m v3/@claude-flow/security/__tests__/unit/token-generator.test.ts[2m > [22mTokenGenerator[2m > [22mspecialized token types[2m > [22mshould generate session tokens with expiration
 [32mΓ£ô[39m v3/@claude-flow/security/__tests__/unit/token-generator.test.ts[2m > [22mTokenGenerator[2m > [22mspecialized token types[2m > [22mshould generate CSRF tokens with 30-minute expiration
 [32mΓ£ô[39m v3/@claude-flow/security/__tests__/unit/token-generator.test.ts[2m > [22mTokenGenerator[2m > [22mspecialized token types[2m > [22mshould generate API tokens with prefix and 1-year expiration
 [32mΓ£ô[39m v3/@claude-flow/security/__tests__/unit/token-generator.test.ts[2m > [22mTokenGenerator[2m > [22mspecialized token types[2m > [22mshould generate password reset tokens with 30-minute expiration
 [32mΓ£ô[39m v3/@claude-flow/security/__tests__/unit/token-generator.test.ts[2m > [22mTokenGenerator[2m > [22mspecialized token types[2m > [22mshould generate email verification tokens with 24-hour expiration
 [32mΓ£ô[39m v3/@claude-flow/security/__tests__/unit/token-generator.test.ts[2m > [22mTokenGenerator[2m > [22mspecialized token types[2m > [22mshould generate token pairs (access + refresh)
 [32mΓ£ô[39m v3/@claude-flow/security/__tests__/unit/token-generator.test.ts[2m > [22mTokenGenerator[2m > [22mverification codes[2m > [22mshould generate numeric codes of specified length
 [32mΓ£ô[39m v3/@claude-flow/security/__tests__/unit/token-generator.test.ts[2m > [22mTokenGenerator[2m > [22mverification codes[2m > [22mshould set expiration and attempt limits
 [32mΓ£ô[39m v3/@claude-flow/security/__tests__/unit/token-generator.test.ts[2m > [22mTokenGenerator[2m > [22mcorrelation and request IDs[2m > [22mshould generate short request IDs
 [32mΓ£ô[39m v3/@claude-flow/security/__tests__/unit/token-generator.test.ts[2m > [22mTokenGenerator[2m > [22mcorrelation and request IDs[2m > [22mshould generate correlation IDs with timestamp prefix
[90mstdout[2m | v3/@claude-flow/providers/src/__tests__/provider-integration.test.ts[2m > [22m[2mProvider Integration Tests[2m > [22m[2mRuVector Provider (ruvllm)[2m > [22m[2mshould complete request with CPU-friendly Qwen model[22m[39m
[INFO] RuVector ruvLLM native module loaded 

[90mstdout[2m | v3/@claude-flow/providers/src/__tests__/provider-integration.test.ts[2m > [22m[2mProvider Integration Tests[2m > [22m[2mRuVector Provider (ruvllm)[2m > [22m[2mshould complete request with CPU-friendly Qwen model[22m[39m
<empty line>
[90mstderr[2m | v3/@claude-flow/providers/src/__tests__/provider-integration.test.ts[2m > [22m[2mProvider 
Integration Tests[2m > [22m[2mRuVector Provider (ruvllm)[2m > [22m[2mshould complete request with 
CPU-friendly Qwen model[22m[39m
[WARN] Neither RuVector nor Ollama available. Provider may not work. 

[90mstderr[2m | v3/@claude-flow/providers/src/__tests__/provider-integration.test.ts[2m > [22m[2mProvider 
Integration Tests[2m > [22m[2mRuVector Provider (ruvllm)[2m > [22m[2mshould complete request with 
CPU-friendly Qwen model[22m[39m
<empty line>
[90mstdout[2m | v3/@claude-flow/providers/src/__tests__/provider-integration.test.ts[2m > [22m[2mProvider Integration Tests[2m > [22m[2mRuVector Provider (ruvllm)[2m > [22m[2mshould complete request with CPU-friendly Qwen model[22m[39m
[INFO] RuVector connection failed, falling back to Ollama 

[90mstderr[2m | v3/@claude-flow/providers/src/__tests__/provider-integration.test.ts[2m > [22m[2mProvider 
Integration Tests[2m > [22m[2mRuVector Provider (ruvllm)[2m > [22m[2mshould complete request with 
CPU-friendly Qwen model[22m[39m
<empty line>
[90mstdout[2m | v3/@claude-flow/providers/src/__tests__/provider-integration.test.ts[2m > [22m[2mProvider Integration Tests[2m > [22m[2mRuVector Provider (ruvllm)[2m > [22m[2mshould complete request with CPU-friendly Qwen model[22m[39m
RuVector/Ollama not available, test details: Error: Unhandled error. ({
  provider: 'ruvector',
  error: ProviderUnavailableError: Provider ruvector is unavailable
      at RuVectorProvider.transformError (C:\Users\saima\Desktop\code\ruflo_project\v3\@claude-flow\providers\src\base-provider.ts:557:16)
      at RuVectorProvider.completeWithOllama (C:\Users\saima\Desktop\code\ruflo_project\v3\@claude-flow\providers\src\ruvector-provider.ts:337:18)
      at processTicksAndRejections (node:internal/process/task_queues:105:5)
      at C:\Users\saima\Desktop\code\ruflo_project\v3\@claude-flow\providers\src\base-provider.ts:216:16
      at CircuitBreaker.execute (C:\Users\saima\Desktop\code\ruflo_project\v3\@claude-flow\providers\src\base-provider.ts:58:22)
      at RuVectorProvider.complete (C:\Users\saima\Desktop\code\ruflo_project\v3\@claude-flow\providers\src\base-provider.ts:215:24)
      at C:\Users\saima\Desktop\code\ruflo_project\v3\@claude-flow\providers\src\__tests__\provider-integration.test.ts:223:26
      at runTest (file:///C:/Users/saima/Desktop/code/ruflo_project/node_modules/@vitest/runner/dist/index.js:781:11)
      at runSuite (file:///C:/Users/saima/Desktop/code/ruflo_project/node_modules/@vitest/runner/dist/index.js:909:15)
      at runSuite (file:///C:/Users/saima/Desktop/code/ruflo_project/node_modules/@vitest/runner/dist/index.js:909:15) {
    code: 'PROVIDER_UNAVAILABLE',
    provider: 'ruvector',
    statusCode: 503,
    retryable: true,
    details: { originalError: 'fetch failed' }
  },
  request: {
    messages: [ [Object] ],
    model: 'qwen2.5:0.5b',
    maxTokens: 50,
    temperature: 0.1,
    requestId: 'test-1777627850042'
  }
})
[90m    at RuVectorProvider.emit (node:events:507:17)[39m
    at RuVectorProvider.complete [90m(C:\Users\saima\Desktop\code\ruflo_project\[39mv3\@claude-flow\providers\src\base-provider.ts:236:12[90m)[39m
[90m    at processTicksAndRejections (node:internal/process/task_queues:105:5)[39m
    at [90mC:\Users\saima\Desktop\code\ruflo_project\[39mv3\@claude-flow\providers\src\__tests__\provider-integration.test.ts:223:26
    at runTest [90m(file:///C:/Users/saima/Desktop/code/ruflo_project/[39mnode_modules/[4m@vitest[24m/runner/dist/index.js:781:11[90m)[39m
    at runSuite [90m(file:///C:/Users/saima/Desktop/code/ruflo_project/[39mnode_modules/[4m@vitest[24m/runner/dist/index.js:909:15[90m)[39m
    at runSuite [90m(file:///C:/Users/saima/Desktop/code/ruflo_project/[39mnode_modules/[4m@vitest[24m/runner/dist/index.js:909:15[90m)[39m
    at runSuite [90m(file:///C:/Users/saima/Desktop/code/ruflo_project/[39mnode_modules/[4m@vitest[24m/runner/dist/index.js:909:15[90m)[39m
    at runFiles [90m(file:///C:/Users/saima/Desktop/code/ruflo_project/[39mnode_modules/[4m@vitest[24m/runner/dist/index.js:958:5[90m)[39m
    at startTests [90m(file:///C:/Users/saima/Desktop/code/ruflo_project/[39mnode_modules/[4m@vitest[24m/runner/dist/index.js:967:3[90m)[39m {
  code: [32m'ERR_UNHANDLED_ERROR'[39m,
  context: {
    provider: [32m'ruvector'[39m,
    error: ProviderUnavailableError: Provider ruvector is unavailable
        at RuVectorProvider.transformError [90m(C:\Users\saima\Desktop\code\ruflo_project\[39mv3\@claude-flow\providers\src\base-provider.ts:557:16[90m)[39m
        at RuVectorProvider.completeWithOllama [90m(C:\Users\saima\Desktop\code\ruflo_project\[39mv3\@claude-flow\providers\src\ruvector-provider.ts:337:18[90m)[39m
    [90m    at processTicksAndRejections (node:internal/process/task_queues:105:5)[39m
        at [90mC:\Users\saima\Desktop\code\ruflo_project\[39mv3\@claude-flow\providers\src\base-provider.ts:216:16
        at CircuitBreaker.execute [90m(C:\Users\saima\Desktop\code\ruflo_project\[39mv3\@claude-flow\providers\src\base-provider.ts:58:22[90m)[39m
        at RuVectorProvider.complete [90m(C:\Users\saima\Desktop\code\ruflo_project\[39mv3\@claude-flow\providers\src\base-provider.ts:215:24[90m)[39m
        at [90mC:\Users\saima\Desktop\code\ruflo_project\[39mv3\@claude-flow\providers\src\__tests__\provider-integration.test.ts:223:26
        at runTest [90m(file:///C:/Users/saima/Desktop/code/ruflo_project/[39mnode_modules/[4m@vitest[24m/runner/dist/index.js:781:11[90m)[39m
        at runSuite [90m(file:///C:/Users/saima/Desktop/code/ruflo_project/[39mnode_modules/[4m@vitest[24m/runner/dist/index.js:909:15[90m)[39m
        at runSuite [90m(file:///C:/Users/saima/Desktop/code/ruflo_project/[39mnode_modules/[4m@vitest[24m/runner/dist/index.js:909:15[90m)[39m {
      code: [32m'PROVIDER_UNAVAILABLE'[39m,
      provider: [32m'ruvector'[39m,
      statusCode: [33m503[39m,
      retryable: [33mtrue[39m,
      details: [36m[Object][39m
    },
    request: {
      messages: [36m[Array][39m,
      model: [32m'qwen2.5:0.5b'[39m,
      maxTokens: [33m50[39m,
      temperature: [33m0.1[39m,
      requestId: [32m'test-1777627850042'[39m
    }
  }
}

[90mstdout[2m | v3/@claude-flow/providers/src/__tests__/provider-integration.test.ts[2m > [22m[2mProvider Integration Tests[2m > [22m[2mRuVector Provider (ruvllm)[2m > [22m[2mshould search memory with HNSW[22m[39m
[INFO] Initializing ruvector provider { model: [32m'qwen2.5:0.5b'[39m, temperature: [90mundefined[39m, maxTokens: [33m100[39m }

[90mstdout[2m | v3/@claude-flow/providers/src/__tests__/provider-integration.test.ts[2m > [22m[2mProvider Integration Tests[2m > [22m[2mRuVector Provider (ruvllm)[2m > [22m[2mshould search memory with HNSW[22m[39m
[INFO] RuVector ruvLLM native module loaded 

 [32mΓ£ô[39m v3/@claude-flow/providers/src/__tests__/provider-integration.test.ts[2m > [22mProvider Integration Tests[2m > [22mRuVector Provider (ruvllm)[2m > [22mshould complete request with CPU-friendly Qwen model[33m 1330[2mms[22m[39m
[90mstdout[2m | v3/@claude-flow/providers/src/__tests__/provider-integration.test.ts[2m > [22m[2mProvider Integration Tests[2m > [22m[2mRuVector Provider (ruvllm)[2m > [22m[2mshould search memory with HNSW[22m[39m
<empty line>
[90mstderr[2m | v3/@claude-flow/providers/src/__tests__/provider-integration.test.ts[2m > [22m[2mProvider 
Integration Tests[2m > [22m[2mRuVector Provider (ruvllm)[2m > [22m[2mshould search memory with 
HNSW[22m[39m
[WARN] Neither RuVector nor Ollama available. Provider may not work. 

[90mstderr[2m | v3/@claude-flow/providers/src/__tests__/provider-integration.test.ts[2m > [22m[2mProvider 
Integration Tests[2m > [22m[2mRuVector Provider (ruvllm)[2m > [22m[2mshould search memory with 
HNSW[22m[39m
[90mstdout[2m | v3/@claude-flow/providers/src/__tests__/provider-integration.test.ts[2m > [22m[2mProvider Integration Tests[2m > [22m[2mRuVector Provider (ruvllm)[2m > [22m[2mshould search memory with HNSW[22m[39m
Memory search results: []
[INFO] ruvector provider destroyed 

<empty line>
 [32mΓ£ô[39m v3/@claude-flow/providers/src/__tests__/provider-integration.test.ts[2m > [22mProvider Integration Tests[2m > [22mRuVector Provider (ruvllm)[2m > [22mshould search memory with HNSW
[90mstdout[2m | v3/@claude-flow/plugins/__tests__/collection-manager.test.ts[2m > [22m[2mPluginCollectionManager[2m > [22m[2mloadCollection[2m > [22m[2mshould load a collection[22m[39m
[INFO] Plugin registered: plugin-a v1.0.0 { component: [32m'EnhancedPluginRegistry'[39m }

[90mstdout[2m | v3/@claude-flow/plugins/__tests__/collection-manager.test.ts[2m > [22m[2mPluginCollectionManager[2m > [22m[2mloadCollection[2m > [22m[2mshould register enabled plugins[22m[39m
[INFO] Plugin registered: plugin-a v1.0.0 { component: [32m'EnhancedPluginRegistry'[39m }

[90mstdout[2m | v3/@claude-flow/plugins/__tests__/collection-manager.test.ts[2m > [22m[2mPluginCollectionManager[2m > [22m[2munloadCollection[2m > [22m[2mshould unload a collection and its plugins[22m[39m
[INFO] Plugin registered: plugin-a v1.0.0 { component: [32m'EnhancedPluginRegistry'[39m }
[INFO] Plugin unregistered: plugin-a { component: [32m'EnhancedPluginRegistry'[39m }

[90mstdout[2m | v3/@claude-flow/plugins/__tests__/collection-manager.test.ts[2m > [22m[2mPluginCollectionManager[2m > [22m[2menablePlugin[2m > [22m[2mshould enable a disabled plugin[22m[39m
[INFO] Plugin registered: plugin-a v1.0.0 { component: [32m'EnhancedPluginRegistry'[39m }

[90mstdout[2m | v3/@claude-flow/plugins/__tests__/collection-manager.test.ts[2m > [22m[2mPluginCollectionManager[2m > [22m[2mdisablePlugin[2m > [22m[2mshould disable an enabled plugin[22m[39m
[INFO] Plugin registered: plugin-a v1.0.0 { component: [32m'EnhancedPluginRegistry'[39m }
[INFO] Plugin unregistered: plugin-a { component: [32m'EnhancedPluginRegistry'[39m }

[90mstdout[2m | v3/@claude-flow/plugins/__tests__/collection-manager.test.ts[2m > [22m[2mPluginCollectionManager[2m > [22m[2mtogglePlugin[2m > [22m[2mshould toggle plugin state[22m[39m
[INFO] Plugin registered: plugin-a v1.0.0 { component: [32m'EnhancedPluginRegistry'[39m }
[INFO] Plugin unregistered: plugin-a { component: [32m'EnhancedPluginRegistry'[39m }
[INFO] Plugin registered: plugin-a v1.0.0 { component: [32m'EnhancedPluginRegistry'[39m }

[90mstdout[2m | v3/@claude-flow/plugins/__tests__/collection-manager.test.ts[2m > [22m[2mPluginCollectionManager[2m > [22m[2mbulk operations[2m > [22m[2mshould enable all plugins[22m[39m
[INFO] Plugin registered: plugin-a v1.0.0 { component: [32m'EnhancedPluginRegistry'[39m }
[INFO] Plugin registered: plugin-b v1.0.0 { component: [32m'EnhancedPluginRegistry'[39m }

[90mstdout[2m | v3/@claude-flow/plugins/__tests__/collection-manager.test.ts[2m > [22m[2mPluginCollectionManager[2m > [22m[2mbulk operations[2m > [22m[2mshould disable all plugins[22m[39m
[INFO] Plugin registered: plugin-a v1.0.0 { component: [32m'EnhancedPluginRegistry'[39m }
[INFO] Plugin registered: plugin-b v1.0.0 { component: [32m'EnhancedPluginRegistry'[39m }
[INFO] Plugin unregistered: plugin-b { component: [32m'EnhancedPluginRegistry'[39m }
[INFO] Plugin unregistered: plugin-a { component: [32m'EnhancedPluginRegistry'[39m }

[90mstdout[2m | v3/@claude-flow/plugins/__tests__/collection-manager.test.ts[2m > [22m[2mPluginCollectionManager[2m > [22m[2mfiltering[2m > [22m[2mshould get plugins by category[22m[39m
[INFO] Plugin registered: tool-1 v1.0.0 { component: [32m'EnhancedPluginRegistry'[39m }
[INFO] Plugin registered: agent-1 v1.0.0 { component: [32m'EnhancedPluginRegistry'[39m }
[INFO] Plugin registered: tool-2 v1.0.0 { component: [32m'EnhancedPluginRegistry'[39m }

[90mstdout[2m | v3/@claude-flow/plugins/__tests__/collection-manager.test.ts[2m > [22m[2mPluginCollectionManager[2m > [22m[2mfiltering[2m > [22m[2mshould get plugins by tag[22m[39m
[INFO] Plugin registered: plugin-1 v1.0.0 { component: [32m'EnhancedPluginRegistry'[39m }
[INFO] Plugin registered: plugin-2 v1.0.0 { component: [32m'EnhancedPluginRegistry'[39m }
[INFO] Plugin registered: plugin-3 v1.0.0 { component: [32m'EnhancedPluginRegistry'[39m }

[90mstdout[2m | v3/@claude-flow/plugins/__tests__/collection-manager.test.ts[2m > [22m[2mPluginCollectionManager[2m > [22m[2mfiltering[2m > [22m[2mshould search plugins by name[22m[39m
[INFO] Plugin registered: auth-plugin v1.0.0 { component: [32m'EnhancedPluginRegistry'[39m }
[INFO] Plugin registered: cache-plugin v1.0.0 { component: [32m'EnhancedPluginRegistry'[39m }
[INFO] Plugin registered: auth-helper v1.0.0 { component: [32m'EnhancedPluginRegistry'[39m }

[90mstdout[2m | v3/@claude-flow/plugins/__tests__/collection-manager.test.ts[2m > [22m[2mPluginCollectionManager[2m > [22m[2mstate persistence[2m > [22m[2mshould export state[22m[39m
[INFO] Plugin registered: plugin-a v1.0.0 { component: [32m'EnhancedPluginRegistry'[39m }
[INFO] Plugin unregistered: plugin-a { component: [32m'EnhancedPluginRegistry'[39m }

[90mstdout[2m | v3/@claude-flow/plugins/__tests__/collection-manager.test.ts[2m > [22m[2mPluginCollectionManager[2m > [22m[2mstatistics[2m > [22m[2mshould return correct stats[22m[39m
[INFO] Plugin registered: tool-1 v1.0.0 { component: [32m'EnhancedPluginRegistry'[39m }
[INFO] Plugin registered: hook-1 v1.0.0 { component: [32m'EnhancedPluginRegistry'[39m }

 [32mΓ£ô[39m v3/@claude-flow/plugins/__tests__/collection-manager.test.ts[2m > [22mPluginCollectionManager[2m > [22mloadCollection[2m > [22mshould load a collection
 [32mΓ£ô[39m v3/@claude-flow/plugins/__tests__/collection-manager.test.ts[2m > [22mPluginCollectionManager[2m > [22mloadCollection[2m > [22mshould register enabled plugins
 [32mΓ£ô[39m v3/@claude-flow/plugins/__tests__/collection-manager.test.ts[2m > [22mPluginCollectionManager[2m > [22mloadCollection[2m > [22mshould reject duplicate collection IDs
 [32mΓ£ô[39m v3/@claude-flow/plugins/__tests__/collection-manager.test.ts[2m > [22mPluginCollectionManager[2m > [22munloadCollection[2m > [22mshould unload a collection and its plugins
 [32mΓ£ô[39m v3/@claude-flow/plugins/__tests__/collection-manager.test.ts[2m > [22mPluginCollectionManager[2m > [22munloadCollection[2m > [22mshould throw for non-existent collection
 [32mΓ£ô[39m v3/@claude-flow/plugins/__tests__/collection-manager.test.ts[2m > [22mPluginCollectionManager[2m > [22menablePlugin[2m > [22mshould enable a disabled plugin
 [32mΓ£ô[39m v3/@claude-flow/plugins/__tests__/collection-manager.test.ts[2m > [22mPluginCollectionManager[2m > [22menablePlugin[2m > [22mshould throw for non-existent plugin
 [32mΓ£ô[39m v3/@claude-flow/plugins/__tests__/collection-manager.test.ts[2m > [22mPluginCollectionManager[2m > [22mdisablePlugin[2m > [22mshould disable an enabled plugin
 [32mΓ£ô[39m v3/@claude-flow/plugins/__tests__/collection-manager.test.ts[2m > [22mPluginCollectionManager[2m > [22mtogglePlugin[2m > [22mshould toggle plugin state
 [32mΓ£ô[39m v3/@claude-flow/plugins/__tests__/collection-manager.test.ts[2m > [22mPluginCollectionManager[2m > [22mbulk operations[2m > [22mshould enable all plugins
 [32mΓ£ô[39m v3/@claude-flow/plugins/__tests__/collection-manager.test.ts[2m > [22mPluginCollectionManager[2m > [22mbulk operations[2m > [22mshould disable all plugins
 [32mΓ£ô[39m v3/@claude-flow/plugins/__tests__/collection-manager.test.ts[2m > [22mPluginCollectionManager[2m > [22mfiltering[2m > [22mshould get plugins by category
 [32mΓ£ô[39m v3/@claude-flow/plugins/__tests__/collection-manager.test.ts[2m > [22mPluginCollectionManager[2m > [22mfiltering[2m > [22mshould get plugins by tag
 [32mΓ£ô[39m v3/@claude-flow/plugins/__tests__/collection-manager.test.ts[2m > [22mPluginCollectionManager[2m > [22mfiltering[2m > [22mshould search plugins by name
 [32mΓ£ô[39m v3/@claude-flow/plugins/__tests__/collection-manager.test.ts[2m > [22mPluginCollectionManager[2m > [22msettings[2m > [22mshould get and set plugin settings
 [32mΓ£ô[39m v3/@claude-flow/plugins/__tests__/collection-manager.test.ts[2m > [22mPluginCollectionManager[2m > [22msettings[2m > [22mshould update plugin settings
 [32mΓ£ô[39m v3/@claude-flow/plugins/__tests__/collection-manager.test.ts[2m > [22mPluginCollectionManager[2m > [22msettings[2m > [22mshould return empty object for unknown plugin
 [32mΓ£ô[39m v3/@claude-flow/plugins/__tests__/collection-manager.test.ts[2m > [22mPluginCollectionManager[2m > [22mstate persistence[2m > [22mshould export state
 [32mΓ£ô[39m v3/@claude-flow/plugins/__tests__/collection-manager.test.ts[2m > [22mPluginCollectionManager[2m > [22mstate persistence[2m > [22mshould import state
 [32mΓ£ô[39m v3/@claude-flow/plugins/__tests__/collection-manager.test.ts[2m > [22mPluginCollectionManager[2m > [22mstatistics[2m > [22mshould return correct stats
 [32mΓ£ô[39m v3/@claude-flow/plugins/__tests__/security.test.ts[2m > [22mInput Validation[2m > [22mvalidateString[2m > [22mshould validate basic strings
 [32mΓ£ô[39m v3/@claude-flow/plugins/__tests__/security.test.ts[2m > [22mInput Validation[2m > [22mvalidateString[2m > [22mshould apply length constraints
 [32mΓ£ô[39m v3/@claude-flow/plugins/__tests__/security.test.ts[2m > [22mInput Validation[2m > [22mvalidateString[2m > [22mshould apply pattern matching
 [32mΓ£ô[39m v3/@claude-flow/plugins/__tests__/security.test.ts[2m > [22mInput Validation[2m > [22mvalidateString[2m > [22mshould apply transformations
 [32mΓ£ô[39m v3/@claude-flow/plugins/__tests__/security.test.ts[2m > [22mInput Validation[2m > [22mvalidateNumber[2m > [22mshould validate numbers
 [32mΓ£ô[39m v3/@claude-flow/plugins/__tests__/security.test.ts[2m > [22mInput Validation[2m > [22mvalidateNumber[2m > [22mshould apply range constraints
 [32mΓ£ô[39m v3/@claude-flow/plugins/__tests__/security.test.ts[2m > [22mInput Validation[2m > [22mvalidateNumber[2m > [22mshould validate integers
 [32mΓ£ô[39m v3/@claude-flow/plugins/__tests__/security.test.ts[2m > [22mInput Validation[2m > [22mvalidateBoolean[2m > [22mshould validate booleans
 [32mΓ£ô[39m v3/@claude-flow/plugins/__tests__/security.test.ts[2m > [22mInput Validation[2m > [22mvalidateArray[2m > [22mshould validate arrays with item validator
 [32mΓ£ô[39m v3/@claude-flow/plugins/__tests__/security.test.ts[2m > [22mInput Validation[2m > [22mvalidateArray[2m > [22mshould apply length constraints
 [32mΓ£ô[39m v3/@claude-flow/plugins/__tests__/security.test.ts[2m > [22mInput Validation[2m > [22mvalidateArray[2m > [22mshould enforce uniqueness
 [32mΓ£ô[39m v3/@claude-flow/plugins/__tests__/security.test.ts[2m > [22mInput Validation[2m > [22mvalidateEnum[2m > [22mshould validate enum values
 [32mΓ£ô[39m v3/@claude-flow/plugins/__tests__/security.test.ts[2m > [22mPath Security[2m > [22mvalidatePath[2m > [22mshould reject path traversal
 [32mΓ£ô[39m v3/@claude-flow/plugins/__tests__/security.test.ts[2m > [22mPath Security[2m > [22mvalidatePath[2m > [22mshould reject absolute paths by default
 [32mΓ£ô[39m v3/@claude-flow/plugins/__tests__/security.test.ts[2m > [22mPath Security[2m > [22mvalidatePath[2m > [22mshould validate extensions
 [32mΓ£ô[39m v3/@claude-flow/plugins/__tests__/security.test.ts[2m > [22mPath Security[2m > [22mvalidatePath[2m > [22mshould reject dangerous paths
 [31m├ù[39m v3/@claude-flow/plugins/__tests__/security.test.ts[2m > [22mPath Security[2m > [22msafePath[2m > [22mshould create safe paths within base
[31m   ΓåÆ Path traversal blocked: C:\project\src\index.ts[39m
 [32mΓ£ô[39m v3/@claude-flow/plugins/__tests__/security.test.ts[2m > [22mPath Security[2m > [22msafePath[2m > [22mshould block path traversal attempts
 [32mΓ£ô[39m v3/@claude-flow/plugins/__tests__/security.test.ts[2m > [22mJSON Security[2m > [22msafeJsonParse[2m > [22mshould parse valid JSON
 [31m├ù[39m v3/@claude-flow/plugins/__tests__/security.test.ts[2m > [22mJSON Security[2m > [22msafeJsonParse[2m > [22mshould strip dangerous keys
[31m   ΓåÆ expected { ΓÇª(12) } to be undefined[39m
 [32mΓ£ô[39m v3/@claude-flow/plugins/__tests__/security.test.ts[2m > [22mJSON Security[2m > [22msafeJsonParse[2m > [22mshould throw on invalid JSON
 [32mΓ£ô[39m v3/@claude-flow/plugins/__tests__/security.test.ts[2m > [22mJSON Security[2m > [22msafeJsonStringify[2m > [22mshould stringify objects
 [32mΓ£ô[39m v3/@claude-flow/plugins/__tests__/security.test.ts[2m > [22mJSON Security[2m > [22msafeJsonStringify[2m > [22mshould handle circular references
 [32mΓ£ô[39m v3/@claude-flow/plugins/__tests__/security.test.ts[2m > [22mJSON Security[2m > [22msafeJsonStringify[2m > [22mshould respect max depth
 [32mΓ£ô[39m v3/@claude-flow/plugins/__tests__/security.test.ts[2m > [22mCommand Security[2m > [22mvalidateCommand[2m > [22mshould validate allowed commands
 [32mΓ£ô[39m v3/@claude-flow/plugins/__tests__/security.test.ts[2m > [22mCommand Security[2m > [22mvalidateCommand[2m > [22mshould reject blocked commands
 [32mΓ£ô[39m v3/@claude-flow/plugins/__tests__/security.test.ts[2m > [22mCommand Security[2m > [22mvalidateCommand[2m > [22mshould reject shell metacharacters
 [32mΓ£ô[39m v3/@claude-flow/plugins/__tests__/security.test.ts[2m > [22mCommand Security[2m > [22mescapeShellArg[2m > [22mshould escape special characters
 [32mΓ£ô[39m v3/@claude-flow/plugins/__tests__/security.test.ts[2m > [22mError Sanitization[2m > [22msanitizeErrorMessage[2m > [22mshould remove sensitive data
 [32mΓ£ô[39m v3/@claude-flow/plugins/__tests__/security.test.ts[2m > [22mError Sanitization[2m > [22msanitizeErrorMessage[2m > [22mshould truncate long messages
 [32mΓ£ô[39m v3/@claude-flow/plugins/__tests__/security.test.ts[2m > [22mError Sanitization[2m > [22msanitizeError[2m > [22mshould create safe error objects
 [32mΓ£ô[39m v3/@claude-flow/plugins/__tests__/security.test.ts[2m > [22mError Sanitization[2m > [22msanitizeError[2m > [22mshould handle non-Error inputs
 [32mΓ£ô[39m v3/@claude-flow/plugins/__tests__/security.test.ts[2m > [22mRate Limiting[2m > [22mshould limit requests
 [32mΓ£ô[39m v3/@claude-flow/plugins/__tests__/security.test.ts[2m > [22mRate Limiting[2m > [22mshould reset tokens
 [32mΓ£ô[39m v3/@claude-flow/plugins/__tests__/security.test.ts[2m > [22mCrypto Utilities[2m > [22mshould generate secure IDs
 [32mΓ£ô[39m v3/@claude-flow/plugins/__tests__/security.test.ts[2m > [22mCrypto Utilities[2m > [22mshould generate secure tokens
 [32mΓ£ô[39m v3/@claude-flow/plugins/__tests__/security.test.ts[2m > [22mCrypto Utilities[2m > [22mshould hash strings consistently
 [32mΓ£ô[39m v3/@claude-flow/plugins/__tests__/security.test.ts[2m > [22mCrypto Utilities[2m > [22mshould compare strings in constant time
 [32mΓ£ô[39m v3/@claude-flow/plugins/__tests__/security.test.ts[2m > [22mResource Limiting[2m > [22mshould check resource usage
[90mstderr[2m | v3/@claude-flow/memory/src/hybrid-backend.test.ts[2m > [22m[2mHybridBackend - ADR-009[2m > 
[22m[2mInitialization[2m > [22m[2mshould initialize both backends[22m[39m
AgentDB not available, using fallback in-memory storage

[90mstderr[2m | v3/@claude-flow/memory/src/hybrid-backend.test.ts[2m > [22m[2mHybridBackend - ADR-009[2m > 
[22m[2mStore Operations[2m > [22m[2mshould store entries in both backends (dual-write)[22m[39m
AgentDB not available, using fallback in-memory storage

[90mstderr[2m | v3/@claude-flow/memory/src/hybrid-backend.test.ts[2m > [22m[2mHybridBackend - ADR-009[2m > 
[22m[2mStore Operations[2m > [22m[2mshould handle bulk inserts[22m[39m
AgentDB not available, using fallback in-memory storage

[90mstderr[2m | v3/@claude-flow/memory/src/hybrid-backend.test.ts[2m > [22m[2mHybridBackend - ADR-009[2m > 
[22m[2mExact Match Queries (SQLite)[2m > [22m[2mshould route exact key queries to SQLite[22m[39m
AgentDB not available, using fallback in-memory storage

[90mstderr[2m | v3/@claude-flow/memory/src/hybrid-backend.test.ts[2m > [22m[2mHybridBackend - ADR-009[2m > 
[22m[2mExact Match Queries (SQLite)[2m > [22m[2mshould handle prefix queries via SQLite[22m[39m
AgentDB not available, using fallback in-memory storage

[90mstderr[2m | v3/@claude-flow/memory/src/hybrid-backend.test.ts[2m > [22m[2mHybridBackend - ADR-009[2m > 
[22m[2mSemantic Search (AgentDB)[2m > [22m[2mshould perform semantic search via AgentDB[22m[39m
AgentDB not available, using fallback in-memory storage

[90mstderr[2m | v3/@claude-flow/memory/src/hybrid-backend.test.ts[2m > [22m[2mHybridBackend - ADR-009[2m > 
[22m[2mSemantic Search (AgentDB)[2m > [22m[2mshould support semantic search with filters[22m[39m
AgentDB not available, using fallback in-memory storage

[90mstderr[2m | v3/@claude-flow/memory/src/hybrid-backend.test.ts[2m > [22m[2mHybridBackend - ADR-009[2m > 
[22m[2mHybrid Queries[2m > [22m[2mshould combine semantic and structured queries (union)[22m[39m
AgentDB not available, using fallback in-memory storage

[90mstderr[2m | v3/@claude-flow/memory/src/hybrid-backend.test.ts[2m > [22m[2mHybridBackend - ADR-009[2m > 
[22m[2mHybrid Queries[2m > [22m[2mshould support semantic-first strategy[22m[39m
AgentDB not available, using fallback in-memory storage

[90mstderr[2m | v3/@claude-flow/memory/src/hybrid-backend.test.ts[2m > [22m[2mHybridBackend - ADR-009[2m > 
[22m[2mCRUD Operations[2m > [22m[2mshould update entries in both backends[22m[39m
AgentDB not available, using fallback in-memory storage

[90mstderr[2m | v3/@claude-flow/memory/src/hybrid-backend.test.ts[2m > [22m[2mHybridBackend - ADR-009[2m > 
[22m[2mCRUD Operations[2m > [22m[2mshould delete entries from both backends[22m[39m
AgentDB not available, using fallback in-memory storage

[90mstderr[2m | v3/@claude-flow/memory/src/hybrid-backend.test.ts[2m > [22m[2mHybridBackend - ADR-009[2m > 
[22m[2mNamespace Operations[2m > [22m[2mshould list all namespaces[22m[39m
AgentDB not available, using fallback in-memory storage

[90mstderr[2m | v3/@claude-flow/memory/src/hybrid-backend.test.ts[2m > [22m[2mHybridBackend - ADR-009[2m > 
[22m[2mNamespace Operations[2m > [22m[2mshould count entries per namespace[22m[39m
AgentDB not available, using fallback in-memory storage

[90mstderr[2m | v3/@claude-flow/memory/src/hybrid-backend.test.ts[2m > [22m[2mHybridBackend - ADR-009[2m > 
[22m[2mNamespace Operations[2m > [22m[2mshould clear namespace in both backends[22m[39m
AgentDB not available, using fallback in-memory storage

[90mstderr[2m | v3/@claude-flow/memory/src/hybrid-backend.test.ts[2m > [22m[2mHybridBackend - ADR-009[2m > 
[22m[2mStatistics[2m > [22m[2mshould provide combined statistics[22m[39m
AgentDB not available, using fallback in-memory storage

[90mstderr[2m | v3/@claude-flow/memory/src/hybrid-backend.test.ts[2m > [22m[2mHybridBackend - ADR-009[2m > 
[22m[2mHealth Check[2m > [22m[2mshould report healthy status for both backends[22m[39m
AgentDB not available, using fallback in-memory storage

[90mstderr[2m | v3/@claude-flow/memory/src/hybrid-backend.test.ts[2m > [22m[2mHybridBackend - ADR-009[2m > 
[22m[2mQuery Routing[2m > [22m[2mshould auto-route semantic queries to AgentDB[22m[39m
AgentDB not available, using fallback in-memory storage

[90mstderr[2m | v3/@claude-flow/memory/src/hybrid-backend.test.ts[2m > [22m[2mHybridBackend - ADR-009[2m > 
[22m[2mQuery Routing[2m > [22m[2mshould auto-route exact queries to SQLite[22m[39m
AgentDB not available, using fallback in-memory storage

 [31m├ù[39m v3/@claude-flow/memory/src/hybrid-backend.test.ts[2m > [22mHybridBackend - ADR-009[2m > [22mInitialization[2m > [22mshould initialize both backends
[31m   ΓåÆ expected 'degraded' to be 'healthy' // Object.is equality[39m
 [32mΓ£ô[39m v3/@claude-flow/memory/src/hybrid-backend.test.ts[2m > [22mHybridBackend - ADR-009[2m > [22mStore Operations[2m > [22mshould store entries in both backends (dual-write)
 [32mΓ£ô[39m v3/@claude-flow/memory/src/hybrid-backend.test.ts[2m > [22mHybridBackend - ADR-009[2m > [22mStore Operations[2m > [22mshould handle bulk inserts
 [32mΓ£ô[39m v3/@claude-flow/memory/src/hybrid-backend.test.ts[2m > [22mHybridBackend - ADR-009[2m > [22mExact Match Queries (SQLite)[2m > [22mshould route exact key queries to SQLite
 [32mΓ£ô[39m v3/@claude-flow/memory/src/hybrid-backend.test.ts[2m > [22mHybridBackend - ADR-009[2m > [22mExact Match Queries (SQLite)[2m > [22mshould handle prefix queries via SQLite
 [32mΓ£ô[39m v3/@claude-flow/memory/src/hybrid-backend.test.ts[2m > [22mHybridBackend - ADR-009[2m > [22mSemantic Search (AgentDB)[2m > [22mshould perform semantic search via AgentDB
 [32mΓ£ô[39m v3/@claude-flow/memory/src/hybrid-backend.test.ts[2m > [22mHybridBackend - ADR-009[2m > [22mSemantic Search (AgentDB)[2m > [22mshould support semantic search with filters
 [32mΓ£ô[39m v3/@claude-flow/memory/src/hybrid-backend.test.ts[2m > [22mHybridBackend - ADR-009[2m > [22mHybrid Queries[2m > [22mshould combine semantic and structured queries (union)
 [32mΓ£ô[39m v3/@claude-flow/memory/src/hybrid-backend.test.ts[2m > [22mHybridBackend - ADR-009[2m > [22mHybrid Queries[2m > [22mshould support semantic-first strategy
 [32mΓ£ô[39m v3/@claude-flow/memory/src/hybrid-backend.test.ts[2m > [22mHybridBackend - ADR-009[2m > [22mCRUD Operations[2m > [22mshould update entries in both backends
 [32mΓ£ô[39m v3/@claude-flow/memory/src/hybrid-backend.test.ts[2m > [22mHybridBackend - ADR-009[2m > [22mCRUD Operations[2m > [22mshould delete entries from both backends
 [32mΓ£ô[39m v3/@claude-flow/memory/src/hybrid-backend.test.ts[2m > [22mHybridBackend - ADR-009[2m > [22mNamespace Operations[2m > [22mshould list all namespaces
 [32mΓ£ô[39m v3/@claude-flow/memory/src/hybrid-backend.test.ts[2m > [22mHybridBackend - ADR-009[2m > [22mNamespace Operations[2m > [22mshould count entries per namespace
 [32mΓ£ô[39m v3/@claude-flow/memory/src/hybrid-backend.test.ts[2m > [22mHybridBackend - ADR-009[2m > [22mNamespace Operations[2m > [22mshould clear namespace in both backends
 [32mΓ£ô[39m v3/@claude-flow/memory/src/hybrid-backend.test.ts[2m > [22mHybridBackend - ADR-009[2m > [22mStatistics[2m > [22mshould provide combined statistics
 [31m├ù[39m v3/@claude-flow/memory/src/hybrid-backend.test.ts[2m > [22mHybridBackend - ADR-009[2m > [22mHealth Check[2m > [22mshould report healthy status for both backends
[31m   ΓåÆ expected 'degraded' to be 'healthy' // Object.is equality[39m
 [32mΓ£ô[39m v3/@claude-flow/memory/src/hybrid-backend.test.ts[2m > [22mHybridBackend - ADR-009[2m > [22mQuery Routing[2m > [22mshould auto-route semantic queries to AgentDB
 [32mΓ£ô[39m v3/@claude-flow/memory/src/hybrid-backend.test.ts[2m > [22mHybridBackend - ADR-009[2m > [22mQuery Routing[2m > [22mshould auto-route exact queries to SQLite
 [32mΓ£ô[39m v3/@claude-flow/plugins/__tests__/security.test.ts[2m > [22mResource Limiting[2m > [22mshould enforce execution time limits
[90mstdout[2m | v3/@claude-flow/memory/src/benchmark.test.ts[2m > [22m[2mADR-049 Performance Benchmarks[2m > [22m[2mMemoryGraph: build 100 nodes[22m[39m
  Graph build (100):  4.54ms

[90mstdout[2m | v3/@claude-flow/memory/src/benchmark.test.ts[2m > [22m[2mADR-049 Performance Benchmarks[2m > [22m[2mMemoryGraph: build 1000 nodes[22m[39m
  Graph build (1k):   9.98ms  [target: <200ms]

[90mstdout[2m | v3/@claude-flow/memory/src/benchmark.test.ts[2m > [22m[2mADR-049 Performance Benchmarks[2m > [22m[2mMemoryGraph: build 2000 nodes[22m[39m
  Graph build (2k):   12.76ms

[90mstdout[2m | v3/@claude-flow/memory/src/benchmark.test.ts[2m > [22m[2mADR-049 Performance Benchmarks[2m > [22m[2mMemoryGraph: PageRank 1000 nodes[22m[39m
  PageRank (1k):      44.48ms  [target: <100ms]

[90mstdout[2m | v3/@claude-flow/memory/src/benchmark.test.ts[2m > [22m[2mADR-049 Performance Benchmarks[2m > [22m[2mMemoryGraph: PageRank 2000 nodes[22m[39m
  PageRank (2k):      39.00ms

[90mstdout[2m | v3/@claude-flow/memory/src/benchmark.test.ts[2m > [22m[2mADR-049 Performance Benchmarks[2m > [22m[2mMemoryGraph: community detection 1000 nodes[22m[39m
  Communities (1k):   65.59ms  (149 found)

[90mstdout[2m | v3/@claude-flow/memory/src/benchmark.test.ts[2m > [22m[2mADR-049 Performance Benchmarks[2m > [22m[2mMemoryGraph: rankWithGraph 10 results[22m[39m
  rankWithGraph(10):  0.047ms  (avg of 100 runs)

[90mstdout[2m | v3/@claude-flow/memory/src/benchmark.test.ts[2m > [22m[2mADR-049 Performance Benchmarks[2m > [22m[2mMemoryGraph: getTopNodes(20)[22m[39m
  getTopNodes(20):    0.915ms  (avg of 100 runs)

[90mstdout[2m | v3/@claude-flow/memory/src/benchmark.test.ts[2m > [22m[2mADR-049 Performance Benchmarks[2m > [22m[2mMemoryGraph: getNeighbors depth=2[22m[39m
  getNeighbors(d=2):  0.007ms  (avg of 100 runs)

[90mstdout[2m | v3/@claude-flow/memory/src/benchmark.test.ts[2m > [22m[2mADR-049 Performance Benchmarks[2m > [22m[2mLearningBridge: record 1000 insights[22m[39m
  Record 1000:        526.12ms  (0.526ms/each)  [target: <5ms/each]

[90mstdout[2m | v3/@claude-flow/memory/src/benchmark.test.ts[2m > [22m[2mADR-049 Performance Benchmarks[2m > [22m[2mLearningBridge: access 1000 insights[22m[39m
  Access 1000:        16.52ms  (0.017ms/each)

[90mstdout[2m | v3/@claude-flow/memory/src/benchmark.test.ts[2m > [22m[2mADR-049 Performance Benchmarks[2m > [22m[2mLearningBridge: consolidation[22m[39m
  Consolidation:      0.43ms  (100 trajectories)  [target: <500ms]

[90mstdout[2m | v3/@claude-flow/memory/src/benchmark.test.ts[2m > [22m[2mADR-049 Performance Benchmarks[2m > [22m[2mLearningBridge: decay 1000 entries[22m[39m
  Decay 1k entries:   0.59ms  (0 decayed)  [target: <50ms]

[90mstdout[2m | v3/@claude-flow/memory/src/benchmark.test.ts[2m > [22m[2mADR-049 Performance Benchmarks[2m > [22m[2mAgentMemoryScope: resolve 10k paths[22m[39m
  Resolve 10k paths:  1163.96ms  (116.4us/each)

[90mstdout[2m | v3/@claude-flow/memory/src/benchmark.test.ts[2m > [22m[2mADR-049 Performance Benchmarks[2m > [22m[2mAgentMemoryScope: transfer knowledge[22m[39m
  Transfer knowledge: 2.10ms  (20 transferred)  [target: <100ms]

[90mstdout[2m | v3/@claude-flow/memory/src/benchmark.test.ts[2m > [22m[2mADR-049 Performance Benchmarks[2m > [22m[2mSUMMARY: all targets met[22m[39m

=== ADR-049 Performance Summary ===

  PASS  Graph build (1k nodes)           9.98 ms        target: <200ms  (20.0x headroom)
  PASS  PageRank (1k nodes)             44.48 ms        target: <100ms  (2.2x headroom)
  PASS  Insight recording                0.53 ms/each   target: <5ms/each  (9.5x headroom)
  PASS  Consolidation                    0.43 ms        target: <500ms  (1159.3x headroom)
  PASS  Confidence decay (1k)            0.59 ms        target: <50ms  (84.8x headroom)
  PASS  Knowledge transfer               2.10 ms        target: <100ms  (47.6x headroom)


 [32mΓ£ô[39m v3/@claude-flow/memory/src/benchmark.test.ts[2m > [22mADR-049 Performance Benchmarks[2m > [22mMemoryGraph: build 100 nodes
 [32mΓ£ô[39m v3/@claude-flow/memory/src/benchmark.test.ts[2m > [22mADR-049 Performance Benchmarks[2m > [22mMemoryGraph: build 1000 nodes
 [32mΓ£ô[39m v3/@claude-flow/memory/src/benchmark.test.ts[2m > [22mADR-049 Performance Benchmarks[2m > [22mMemoryGraph: build 2000 nodes
 [32mΓ£ô[39m v3/@claude-flow/memory/src/benchmark.test.ts[2m > [22mADR-049 Performance Benchmarks[2m > [22mMemoryGraph: PageRank 1000 nodes
 [32mΓ£ô[39m v3/@claude-flow/memory/src/benchmark.test.ts[2m > [22mADR-049 Performance Benchmarks[2m > [22mMemoryGraph: PageRank 2000 nodes
 [32mΓ£ô[39m v3/@claude-flow/memory/src/benchmark.test.ts[2m > [22mADR-049 Performance Benchmarks[2m > [22mMemoryGraph: community detection 1000 nodes
 [32mΓ£ô[39m v3/@claude-flow/memory/src/benchmark.test.ts[2m > [22mADR-049 Performance Benchmarks[2m > [22mMemoryGraph: rankWithGraph 10 results
 [32mΓ£ô[39m v3/@claude-flow/memory/src/benchmark.test.ts[2m > [22mADR-049 Performance Benchmarks[2m > [22mMemoryGraph: getTopNodes(20)
 [32mΓ£ô[39m v3/@claude-flow/memory/src/benchmark.test.ts[2m > [22mADR-049 Performance Benchmarks[2m > [22mMemoryGraph: getNeighbors depth=2
 [32mΓ£ô[39m v3/@claude-flow/memory/src/benchmark.test.ts[2m > [22mADR-049 Performance Benchmarks[2m > [22mLearningBridge: record 1000 insights[33m 532[2mms[22m[39m
 [32mΓ£ô[39m v3/@claude-flow/memory/src/benchmark.test.ts[2m > [22mADR-049 Performance Benchmarks[2m > [22mLearningBridge: access 1000 insights[33m 515[2mms[22m[39m
 [32mΓ£ô[39m v3/@claude-flow/memory/src/benchmark.test.ts[2m > [22mADR-049 Performance Benchmarks[2m > [22mLearningBridge: consolidation
 [32mΓ£ô[39m v3/@claude-flow/memory/src/benchmark.test.ts[2m > [22mADR-049 Performance Benchmarks[2m > [22mLearningBridge: decay 1000 entries
 [31m├ù[39m v3/@claude-flow/memory/src/benchmark.test.ts[2m > [22mADR-049 Performance Benchmarks[2m > [22mAgentMemoryScope: resolve 10k paths[33m 1188[2mms[22m[39m
[31m   ΓåÆ expected 1163.959600000002 to be less than 200[39m
 [32mΓ£ô[39m v3/@claude-flow/memory/src/benchmark.test.ts[2m > [22mADR-049 Performance Benchmarks[2m > [22mAgentMemoryScope: transfer knowledge
 [32mΓ£ô[39m v3/@claude-flow/memory/src/benchmark.test.ts[2m > [22mADR-049 Performance Benchmarks[2m > [22mSUMMARY: all targets met
 [32mΓ£ô[39m v3/@claude-flow/security/__tests__/token-generator.test.ts[2m > [22mTokenGenerator[2m > [22mSigned Token[2m > [22mshould reject expired signed token[33m 1113[2mms[22m[39m
 [32mΓ£ô[39m v3/@claude-flow/security/__tests__/token-generator.test.ts[2m > [22mTokenGenerator[2m > [22mSigned Token[2m > [22mshould reject malformed token
 [32mΓ£ô[39m v3/@claude-flow/security/__tests__/token-generator.test.ts[2m > [22mTokenGenerator[2m > [22mToken Pair[2m > [22mshould generate access and refresh tokens
 [32mΓ£ô[39m v3/@claude-flow/security/__tests__/token-generator.test.ts[2m > [22mTokenGenerator[2m > [22mToken Pair[2m > [22mshould set different expirations
 [32mΓ£ô[39m v3/@claude-flow/security/__tests__/token-generator.test.ts[2m > [22mTokenGenerator[2m > [22mSpecialized Tokens[2m > [22mshould generate password reset token
 [32mΓ£ô[39m v3/@claude-flow/security/__tests__/token-generator.test.ts[2m > [22mTokenGenerator[2m > [22mSpecialized Tokens[2m > [22mshould generate email verification token
 [32mΓ£ô[39m v3/@claude-flow/security/__tests__/token-generator.test.ts[2m > [22mTokenGenerator[2m > [22mSpecialized Tokens[2m > [22mshould generate request ID
 [32mΓ£ô[39m v3/@claude-flow/security/__tests__/token-generator.test.ts[2m > [22mTokenGenerator[2m > [22mSpecialized Tokens[2m > [22mshould generate correlation ID
 [32mΓ£ô[39m v3/@claude-flow/memory/src/database-provider.test.ts[2m > [22mDatabaseProvider[2m > [22mPlatform Detection[2m > [22mshould detect platform information
 [32mΓ£ô[39m v3/@claude-flow/memory/src/database-provider.test.ts[2m > [22mDatabaseProvider[2m > [22mProvider Availability[2m > [22mshould check available providers
 [32mΓ£ô[39m v3/@claude-flow/memory/src/database-provider.test.ts[2m > [22mDatabaseProvider[2m > [22mAutomatic Provider Selection[2m > [22mshould create database with auto provider selection
 [32mΓ£ô[39m v3/plugins/perf-optimizer/tests/bridges.test.ts[2m > [22mPerfFpgaBridge[2m > [22minitialization[2m > [22mshould start in unloaded state
 [32mΓ£ô[39m v3/plugins/perf-optimizer/tests/bridges.test.ts[2m > [22mPerfFpgaBridge[2m > [22minitialization[2m > [22mshould have correct name and version
 [32mΓ£ô[39m v3/plugins/perf-optimizer/tests/bridges.test.ts[2m > [22mPerfFpgaBridge[2m > [22minitialization[2m > [22mshould initialize successfully
 [32mΓ£ô[39m v3/plugins/perf-optimizer/tests/bridges.test.ts[2m > [22mPerfFpgaBridge[2m > [22minitialization[2m > [22mshould be idempotent for multiple init calls
 [32mΓ£ô[39m v3/plugins/perf-optimizer/tests/bridges.test.ts[2m > [22mPerfFpgaBridge[2m > [22minitialization[2m > [22mshould cleanup on destroy
 [32mΓ£ô[39m v3/plugins/perf-optimizer/tests/bridges.test.ts[2m > [22mPerfFpgaBridge[2m > [22moptimizeConfig[2m > [22mshould optimize config for web workload
 [32mΓ£ô[39m v3/plugins/perf-optimizer/tests/bridges.test.ts[2m > [22mPerfFpgaBridge[2m > [22moptimizeConfig[2m > [22mshould throw when not initialized
 [32mΓ£ô[39m v3/plugins/perf-optimizer/tests/bridges.test.ts[2m > [22mPerfFpgaBridge[2m > [22mpredictPerformance[2m > [22mshould predict performance for given config
 [32mΓ£ô[39m v3/plugins/perf-optimizer/tests/bridges.test.ts[2m > [22mPerfFpgaBridge[2m > [22msearchOptimalConfig[2m > [22mshould search for optimal config
 [32mΓ£ô[39m v3/plugins/perf-optimizer/tests/bridges.test.ts[2m > [22mPerfFpgaBridge[2m > [22mfactory function[2m > [22mshould create bridge with default config
 [32mΓ£ô[39m v3/plugins/perf-optimizer/tests/bridges.test.ts[2m > [22mPerfFpgaBridge[2m > [22mfactory function[2m > [22mshould create bridge with custom config
 [32mΓ£ô[39m v3/plugins/perf-optimizer/tests/bridges.test.ts[2m > [22mPerfSparseBridge[2m > [22minitialization[2m > [22mshould start in unloaded state
 [32mΓ£ô[39m v3/plugins/perf-optimizer/tests/bridges.test.ts[2m > [22mPerfSparseBridge[2m > [22minitialization[2m > [22mshould have correct name and version
 [32mΓ£ô[39m v3/@claude-flow/cli/__tests__/config-adapter.test.ts[2m > [22mConfigAdapter[2m > [22msystemConfigToV3Config[2m > [22mshould convert minimal SystemConfig to V3Config
 [32mΓ£ô[39m v3/@claude-flow/cli/__tests__/config-adapter.test.ts[2m > [22mConfigAdapter[2m > [22msystemConfigToV3Config[2m > [22mshould handle missing optional fields
 [32mΓ£ô[39m v3/@claude-flow/cli/__tests__/config-adapter.test.ts[2m > [22mConfigAdapter[2m > [22mv3ConfigToSystemConfig[2m > [22mshould convert V3Config to SystemConfig
 [32mΓ£ô[39m v3/@claude-flow/cli/__tests__/config-adapter.test.ts[2m > [22mConfigAdapter[2m > [22mv3ConfigToSystemConfig[2m > [22mshould handle different coordination strategies
 [32mΓ£ô[39m v3/@claude-flow/cli/__tests__/config-adapter.test.ts[2m > [22mConfigAdapter[2m > [22mround-trip conversion[2m > [22mshould preserve key config values through round-trip
[90mstderr[2m | v3/plugins/healthcare-clinical/tests/bridges.test.ts[2m > [22m[2mHealthcareHNSWBridge[2m > 
[22m[2mInitialization[2m > [22m[2mshould initialize successfully[22m[39m
[hnsw-bridge] WASM module not available, using fallback implementation [90mundefined[39m

[90mstderr[2m | v3/plugins/healthcare-clinical/tests/bridges.test.ts[2m > [22m[2mHealthcareHNSWBridge[2m > 
[22m[2mInitialization[2m > [22m[2mshould initialize with custom config[22m[39m
[hnsw-bridge] WASM module not available, using fallback implementation [90mundefined[39m

[90mstderr[2m | v3/plugins/healthcare-clinical/tests/bridges.test.ts[2m > [22m[2mHealthcareHNSWBridge[2m > 
[22m[2mInitialization[2m > [22m[2mshould handle HIPAA-compliant config[22m[39m
[hnsw-bridge] WASM module not available, using fallback implementation [90mundefined[39m

 [32mΓ£ô[39m v3/plugins/healthcare-clinical/tests/bridges.test.ts[2m > [22mHealthcareHNSWBridge[2m > [22mInitialization[2m > [22mshould create bridge instance
 [32mΓ£ô[39m v3/plugins/healthcare-clinical/tests/bridges.test.ts[2m > [22mHealthcareHNSWBridge[2m > [22mInitialization[2m > [22mshould initialize successfully
 [32mΓ£ô[39m v3/plugins/healthcare-clinical/tests/bridges.test.ts[2m > [22mHealthcareHNSWBridge[2m > [22mInitialization[2m > [22mshould initialize with custom config
 [32mΓ£ô[39m v3/plugins/healthcare-clinical/tests/bridges.test.ts[2m > [22mHealthcareHNSWBridge[2m > [22mInitialization[2m > [22mshould handle HIPAA-compliant config
[90mstderr[2m | v3/plugins/healthcare-clinical/tests/bridges.test.ts[2m > [22m[2mHealthcareHNSWBridge[2m > 
[22m[2mInitialization[2m > [22m[2mshould handle double initialization gracefully[22m[39m
[hnsw-bridge] WASM module not available, using fallback implementation [90mundefined[39m
[hnsw-bridge] WASM module not available, using fallback implementation [90mundefined[39m

 [32mΓ£ô[39m v3/plugins/perf-optimizer/tests/bridges.test.ts[2m > [22mPerfSparseBridge[2m > [22minitialization[2m > [22mshould initialize successfully
 [32mΓ£ô[39m v3/plugins/perf-optimizer/tests/bridges.test.ts[2m > [22mPerfSparseBridge[2m > [22minitialization[2m > [22mshould be idempotent for multiple init calls
 [32mΓ£ô[39m v3/plugins/perf-optimizer/tests/bridges.test.ts[2m > [22mPerfSparseBridge[2m > [22minitialization[2m > [22mshould cleanup on destroy
 [32mΓ£ô[39m v3/plugins/perf-optimizer/tests/bridges.test.ts[2m > [22mPerfSparseBridge[2m > [22mencodeTraces[2m > [22mshould encode empty spans
 [32mΓ£ô[39m v3/plugins/perf-optimizer/tests/bridges.test.ts[2m > [22mPerfSparseBridge[2m > [22mencodeTraces[2m > [22mshould encode valid spans
 [32mΓ£ô[39m v3/@claude-flow/security/__tests__/token-generator.test.ts[2m > [22mTokenGenerator[2m > [22mToken Expiration Check[2m > [22mshould detect expired token[33m 1107[2mms[22m[39m
 [32mΓ£ô[39m v3/@claude-flow/security/__tests__/token-generator.test.ts[2m > [22mTokenGenerator[2m > [22mToken Expiration Check[2m > [22mshould detect valid token
 [32mΓ£ô[39m v3/@claude-flow/security/__tests__/token-generator.test.ts[2m > [22mTokenGenerator[2m > [22mToken Comparison[2m > [22mshould compare equal tokens
 [32mΓ£ô[39m v3/@claude-flow/security/__tests__/token-generator.test.ts[2m > [22mTokenGenerator[2m > [22mToken Comparison[2m > [22mshould reject different tokens
 [32mΓ£ô[39m v3/@claude-flow/security/__tests__/token-generator.test.ts[2m > [22mTokenGenerator[2m > [22mToken Comparison[2m > [22mshould reject different length tokens
 [32mΓ£ô[39m v3/@claude-flow/security/__tests__/token-generator.test.ts[2m > [22mTokenGenerator[2m > [22mToken Comparison[2m > [22mshould use timing-safe comparison
 [32mΓ£ô[39m v3/@claude-flow/security/__tests__/token-generator.test.ts[2m > [22mTokenGenerator[2m > [22mFactory Functions[2m > [22mshould create generator with factory
 [32mΓ£ô[39m v3/@claude-flow/security/__tests__/token-generator.test.ts[2m > [22mTokenGenerator[2m > [22mFactory Functions[2m > [22mshould get default generator singleton
 [32mΓ£ô[39m v3/@claude-flow/security/__tests__/token-generator.test.ts[2m > [22mTokenGenerator[2m > [22mQuick Generate Functions[2m > [22mshould generate token
 [32mΓ£ô[39m v3/@claude-flow/security/__tests__/token-generator.test.ts[2m > [22mTokenGenerator[2m > [22mQuick Generate Functions[2m > [22mshould generate session token
 [32mΓ£ô[39m v3/@claude-flow/security/__tests__/token-generator.test.ts[2m > [22mTokenGenerator[2m > [22mQuick Generate Functions[2m > [22mshould generate CSRF token
 [32mΓ£ô[39m v3/@claude-flow/security/__tests__/token-generator.test.ts[2m > [22mTokenGenerator[2m > [22mQuick Generate Functions[2m > [22mshould generate API token
 [32mΓ£ô[39m v3/@claude-flow/security/__tests__/token-generator.test.ts[2m > [22mTokenGenerator[2m > [22mQuick Generate Functions[2m > [22mshould generate verification code
 [32mΓ£ô[39m v3/@claude-flow/security/__tests__/token-generator.test.ts[2m > [22mTokenGenerator[2m > [22mQuick Generate Functions[2m > [22mshould generate request ID
 [32mΓ£ô[39m v3/@claude-flow/security/__tests__/token-generator.test.ts[2m > [22mTokenGenerator[2m > [22mQuick Generate Functions[2m > [22mshould generate correlation ID
[90mstderr[2m | v3/plugins/healthcare-clinical/tests/bridges.test.ts[2m > [22m[2mHealthcareHNSWBridge[2m > 
[22m[2mLifecycle[2m > [22m[2mshould destroy successfully[22m[39m
[hnsw-bridge] WASM module not available, using fallback implementation [90mundefined[39m

[90mstderr[2m | v3/plugins/healthcare-clinical/tests/bridges.test.ts[2m > [22m[2mHealthcareHNSWBridge[2m > 
[22m[2mLifecycle[2m > [22m[2mshould reinitialize after destroy[22m[39m
[hnsw-bridge] WASM module not available, using fallback implementation [90mundefined[39m

 [32mΓ£ô[39m v3/plugins/healthcare-clinical/tests/bridges.test.ts[2m > [22mHealthcareHNSWBridge[2m > [22mInitialization[2m > [22mshould handle double initialization gracefully
 [32mΓ£ô[39m v3/plugins/healthcare-clinical/tests/bridges.test.ts[2m > [22mHealthcareHNSWBridge[2m > [22mLifecycle[2m > [22mshould destroy successfully
 [32mΓ£ô[39m v3/plugins/healthcare-clinical/tests/bridges.test.ts[2m > [22mHealthcareHNSWBridge[2m > [22mLifecycle[2m > [22mshould handle destroy when not initialized
[90mstderr[2m | v3/plugins/healthcare-clinical/tests/bridges.test.ts[2m > [22m[2mHealthcareHNSWBridge[2m > 
[22m[2mLifecycle[2m > [22m[2mshould reinitialize after destroy[22m[39m
[hnsw-bridge] WASM module not available, using fallback implementation [90mundefined[39m

[90mstdout[2m | v3/plugins/healthcare-clinical/tests/bridges.test.ts[2m > [22m[2mHealthcareHNSWBridge[2m > [22m[2mVector Operations[2m > [22m[2mshould add vector[22m[39m
[hnsw-bridge] Added vector { id: [32m'patient-1'[39m, index: [33m0[39m }

[90mstderr[2m | v3/plugins/healthcare-clinical/tests/bridges.test.ts[2m > [22m[2mHealthcareHNSWBridge[2m > 
[22m[2mVector Operations[2m > [22m[2mshould add vector[22m[39m
[hnsw-bridge] WASM module not available, using fallback implementation [90mundefined[39m

[90mstdout[2m | v3/plugins/healthcare-clinical/tests/bridges.test.ts[2m > [22m[2mHealthcareHNSWBridge[2m > [22m[2mVector Operations[2m > [22m[2mshould add patient with features[22m[39m
[hnsw-bridge] Added vector { id: [32m'P12345'[39m, index: [33m0[39m }

[90mstderr[2m | v3/plugins/healthcare-clinical/tests/bridges.test.ts[2m > [22m[2mHealthcareHNSWBridge[2m > 
[22m[2mVector Operations[2m > [22m[2mshould add patient with features[22m[39m
[hnsw-bridge] WASM module not available, using fallback implementation [90mundefined[39m

[90mstdout[2m | v3/plugins/healthcare-clinical/tests/bridges.test.ts[2m > [22m[2mHealthcareHNSWBridge[2m > [22m[2mVector Operations[2m > [22m[2mshould search for similar vectors[22m[39m
[hnsw-bridge] Added vector { id: [32m'p1'[39m, index: [33m0[39m }
[hnsw-bridge] Added vector { id: [32m'p2'[39m, index: [33m1[39m }
[hnsw-bridge] Added vector { id: [32m'p3'[39m, index: [33m2[39m }
[hnsw-bridge] Search completed { topK: [33m2[39m, resultCount: [33m2[39m, searchTimeMs: [33m2.0674999999973807[39m }

[90mstderr[2m | v3/plugins/healthcare-clinical/tests/bridges.test.ts[2m > [22m[2mHealthcareHNSWBridge[2m > 
[22m[2mVector Operations[2m > [22m[2mshould search for similar vectors[22m[39m
[hnsw-bridge] WASM module not available, using fallback implementation [90mundefined[39m

[90mstdout[2m | v3/plugins/healthcare-clinical/tests/bridges.test.ts[2m > [22m[2mHealthcareHNSWBridge[2m > [22m[2mVector Operations[2m > [22m[2mshould search by patient features[22m[39m
[hnsw-bridge] Added vector { id: [32m'P001'[39m, index: [33m0[39m }
[hnsw-bridge] Added vector { id: [32m'P002'[39m, index: [33m1[39m }
[90mstderr[2m | v3/plugins/healthcare-clinical/tests/bridges.test.ts[2m > [22m[2mHealthcareHNSWBridge[2m > 
[22m[2mVector Operations[2m > [22m[2mshould search by patient features[22m[39m
[hnsw-bridge] WASM module not available, using fallback implementation [90mundefined[39m

[hnsw-bridge] Search completed { topK: [33m5[39m, resultCount: [33m2[39m, searchTimeMs: [33m0.1993000000002212[39m }

 [32mΓ£ô[39m v3/@claude-flow/memory/src/database-provider.test.ts[2m > [22mDatabaseProvider[2m > [22mAutomatic Provider Selection[2m > [22mshould create persistent database with auto provider
 [32mΓ£ô[39m v3/@claude-flow/memory/src/database-provider.test.ts[2m > [22mDatabaseProvider[2m > [22mExplicit Provider Selection[2m > [22mshould create database with sql.js provider
[90mstdout[2m | v3/plugins/healthcare-clinical/tests/bridges.test.ts[2m > [22m[2mHealthcareHNSWBridge[2m > [22m[2mVector Operations[2m > [22m[2mshould delete vector[22m[39m
[hnsw-bridge] Added vector { id: [32m'to-delete'[39m, index: [33m0[39m }

[90mstderr[2m | v3/plugins/healthcare-clinical/tests/bridges.test.ts[2m > [22m[2mHealthcareHNSWBridge[2m > 
[22m[2mVector Operations[2m > [22m[2mshould delete vector[22m[39m
[hnsw-bridge] WASM module not available, using fallback implementation [90mundefined[39m

 [32mΓ£ô[39m v3/plugins/perf-optimizer/tests/bridges.test.ts[2m > [22mPerfSparseBridge[2m > [22mencodeTraces[2m > [22mshould cache encodings
 [32mΓ£ô[39m v3/plugins/perf-optimizer/tests/bridges.test.ts[2m > [22mPerfSparseBridge[2m > [22mencodeTraces[2m > [22mshould throw when not initialized
 [32mΓ£ô[39m v3/plugins/perf-optimizer/tests/bridges.test.ts[2m > [22mPerfSparseBridge[2m > [22mdetectAnomalies[2m > [22mshould detect anomalies in encoded data
 [32mΓ£ô[39m v3/plugins/perf-optimizer/tests/bridges.test.ts[2m > [22mPerfSparseBridge[2m > [22mdetectAnomalies[2m > [22mshould return empty array for uniform data
 [32mΓ£ô[39m v3/plugins/perf-optimizer/tests/bridges.test.ts[2m > [22mPerfSparseBridge[2m > [22mdetectAnomalies[2m > [22mshould return empty array for zero data
 [32mΓ£ô[39m v3/plugins/perf-optimizer/tests/bridges.test.ts[2m > [22mPerfSparseBridge[2m > [22manalyzeCriticalPath[2m > [22mshould analyze critical path
 [32mΓ£ô[39m v3/plugins/perf-optimizer/tests/bridges.test.ts[2m > [22mPerfSparseBridge[2m > [22manalyzeCriticalPath[2m > [22mshould return empty array for zero encoded data
 [32mΓ£ô[39m v3/plugins/perf-optimizer/tests/bridges.test.ts[2m > [22mPerfSparseBridge[2m > [22manalyzePatterns[2m > [22mshould analyze trace patterns
[90mstdout[2m | v3/plugins/healthcare-clinical/tests/bridges.test.ts[2m > [22m[2mHealthcareHNSWBridge[2m > [22m[2mVector Operations[2m > [22m[2mshould return count[22m[39m
[hnsw-bridge] Added vector { id: [32m'v1'[39m, index: [33m0[39m }
[hnsw-bridge] Added vector { id: [32m'v2'[39m, index: [33m1[39m }

[90mstderr[2m | v3/plugins/healthcare-clinical/tests/bridges.test.ts[2m > [22m[2mHealthcareHNSWBridge[2m > 
[22m[2mVector Operations[2m > [22m[2mshould return count[22m[39m
[hnsw-bridge] WASM module not available, using fallback implementation [90mundefined[39m

 [32mΓ£ô[39m v3/@claude-flow/memory/src/database-provider.test.ts[2m > [22mDatabaseProvider[2m > [22mExplicit Provider Selection[2m > [22mshould create database with better-sqlite3 provider
 [32mΓ£ô[39m v3/plugins/perf-optimizer/tests/bridges.test.ts[2m > [22mPerfSparseBridge[2m > [22manalyzePatterns[2m > [22mshould identify hotspots (slow operations)
 [32mΓ£ô[39m v3/plugins/perf-optimizer/tests/bridges.test.ts[2m > [22mPerfSparseBridge[2m > [22mfactory function[2m > [22mshould create bridge with default config
 [32mΓ£ô[39m v3/plugins/perf-optimizer/tests/bridges.test.ts[2m > [22mPerfSparseBridge[2m > [22mfactory function[2m > [22mshould create bridge with custom config
[90mstdout[2m | v3/plugins/healthcare-clinical/tests/bridges.test.ts[2m > [22m[2mHealthcareHNSWBridge[2m > [22m[2mJavaScript Fallback[2m > [22m[2mshould work without WASM[22m[39m
[hnsw-bridge] Added vector { id: [32m'test'[39m, index: [33m0[39m }
[90mstderr[2m | v3/plugins/healthcare-clinical/tests/bridges.test.ts[2m > [22m[2mHealthcareHNSWBridge[2m > 
[22m[2mJavaScript Fallback[2m > [22m[2mshould work without WASM[22m[39m
[hnsw-bridge] WASM module not available, using fallback implementation [90mundefined[39m

[hnsw-bridge] Search completed { topK: [33m1[39m, resultCount: [33m1[39m, searchTimeMs: [33m0.13220000000001164[39m }

 [32mΓ£ô[39m v3/@claude-flow/memory/src/database-provider.test.ts[2m > [22mDatabaseProvider[2m > [22mExplicit Provider Selection[2m > [22mshould create database with JSON provider
 [32mΓ£ô[39m v3/plugins/healthcare-clinical/tests/bridges.test.ts[2m > [22mHealthcareHNSWBridge[2m > [22mLifecycle[2m > [22mshould reinitialize after destroy
 [32mΓ£ô[39m v3/plugins/healthcare-clinical/tests/bridges.test.ts[2m > [22mHealthcareHNSWBridge[2m > [22mVector Operations[2m > [22mshould add vector
 [32mΓ£ô[39m v3/plugins/healthcare-clinical/tests/bridges.test.ts[2m > [22mHealthcareHNSWBridge[2m > [22mVector Operations[2m > [22mshould add patient with features
 [32mΓ£ô[39m v3/plugins/healthcare-clinical/tests/bridges.test.ts[2m > [22mHealthcareHNSWBridge[2m > [22mVector Operations[2m > [22mshould search for similar vectors
 [32mΓ£ô[39m v3/plugins/healthcare-clinical/tests/bridges.test.ts[2m > [22mHealthcareHNSWBridge[2m > [22mVector Operations[2m > [22mshould search by patient features
 [32mΓ£ô[39m v3/plugins/healthcare-clinical/tests/bridges.test.ts[2m > [22mHealthcareHNSWBridge[2m > [22mVector Operations[2m > [22mshould delete vector
 [32mΓ£ô[39m v3/plugins/healthcare-clinical/tests/bridges.test.ts[2m > [22mHealthcareHNSWBridge[2m > [22mVector Operations[2m > [22mshould return count
 [32mΓ£ô[39m v3/plugins/healthcare-clinical/tests/bridges.test.ts[2m > [22mHealthcareHNSWBridge[2m > [22mError Handling[2m > [22mshould throw when operations called before init
 [32mΓ£ô[39m v3/plugins/healthcare-clinical/tests/bridges.test.ts[2m > [22mHealthcareHNSWBridge[2m > [22mJavaScript Fallback[2m > [22mshould work without WASM
 [32mΓ£ô[39m v3/plugins/healthcare-clinical/tests/bridges.test.ts[2m > [22mHealthcareGNNBridge[2m > [22mInitialization[2m > [22mshould create bridge instance
[90mstderr[2m | v3/plugins/healthcare-clinical/tests/bridges.test.ts[2m > [22m[2mHealthcareGNNBridge[2m > 
[22m[2mInitialization[2m > [22m[2mshould initialize successfully[22m[39m
[gnn-bridge] WASM module not available, using fallback implementation [90mundefined[39m

[90mstderr[2m | v3/plugins/healthcare-clinical/tests/bridges.test.ts[2m > [22m[2mHealthcareGNNBridge[2m > 
[22m[2mInitialization[2m > [22m[2mshould initialize with custom config[22m[39m
[gnn-bridge] WASM module not available, using fallback implementation [90mundefined[39m

 [32mΓ£ô[39m v3/plugins/healthcare-clinical/tests/bridges.test.ts[2m > [22mHealthcareGNNBridge[2m > [22mInitialization[2m > [22mshould initialize successfully
 [32mΓ£ô[39m v3/plugins/healthcare-clinical/tests/bridges.test.ts[2m > [22mHealthcareGNNBridge[2m > [22mInitialization[2m > [22mshould initialize with custom config
[90mstderr[2m | v3/plugins/healthcare-clinical/tests/bridges.test.ts[2m > [22m[2mHealthcareGNNBridge[2m > 
[22m[2mInitialization[2m > [22m[2mshould handle double initialization gracefully[22m[39m
[gnn-bridge] WASM module not available, using fallback implementation [90mundefined[39m

 [32mΓ£ô[39m v3/@claude-flow/memory/src/database-provider.test.ts[2m > [22mDatabaseProvider[2m > [22mCross-Platform Functionality[2m > [22mshould handle CRUD operations consistently across providers
[90mstderr[2m | v3/plugins/healthcare-clinical/tests/bridges.test.ts[2m > [22m[2mHealthcareGNNBridge[2m > 
[22m[2mInitialization[2m > [22m[2mshould handle double initialization gracefully[22m[39m
[gnn-bridge] WASM module not available, using fallback implementation [90mundefined[39m

 [32mΓ£ô[39m v3/plugins/healthcare-clinical/tests/bridges.test.ts[2m > [22mHealthcareGNNBridge[2m > [22mInitialization[2m > [22mshould handle double initialization gracefully
[90mstderr[2m | v3/plugins/healthcare-clinical/tests/bridges.test.ts[2m > [22m[2mHealthcareGNNBridge[2m > 
[22m[2mLifecycle[2m > [22m[2mshould destroy successfully[22m[39m
[gnn-bridge] WASM module not available, using fallback implementation [90mundefined[39m

[90mstdout[2m | v3/plugins/healthcare-clinical/tests/bridges.test.ts[2m > [22m[2mHealthcareGNNBridge[2m > [22m[2mGraph Operations[2m > [22m[2mshould load drug interaction graph[22m[39m
[gnn-bridge] Graph loaded { nodes: [33m2[39m, edges: [33m1[39m }

[90mstderr[2m | v3/plugins/healthcare-clinical/tests/bridges.test.ts[2m > [22m[2mHealthcareGNNBridge[2m > 
[22m[2mGraph Operations[2m > [22m[2mshould load drug interaction graph[22m[39m
[gnn-bridge] WASM module not available, using fallback implementation [90mundefined[39m

 [32mΓ£ô[39m v3/@claude-flow/memory/src/database-provider.test.ts[2m > [22mDatabaseProvider[2m > [22mCross-Platform Functionality[2m > [22mshould handle namespace operations across providers
[90mstderr[2m | v3/plugins/healthcare-clinical/tests/bridges.test.ts[2m > [22m[2mHealthcareGNNBridge[2m > 
[22m[2mGraph Operations[2m > [22m[2mshould analyze drug interactions using built-in graph[22m[39m
[gnn-bridge] WASM module not available, using fallback implementation [90mundefined[39m

[90mstdout[2m | v3/@claude-flow/plugins/__tests__/plugin-registry.test.ts[2m > [22m[2mPluginRegistry[2m > [22m[2mregister[2m > [22m[2mshould register a plugin[22m[39m
[INFO] Plugin registered: test-plugin v1.0.0 { component: [32m'PluginRegistry'[39m }

[90mstdout[2m | v3/@claude-flow/plugins/__tests__/plugin-registry.test.ts[2m > [22m[2mPluginRegistry[2m > [22m[2mregister[2m > [22m[2mshould reject duplicate plugin names[22m[39m
[INFO] Plugin registered: test-plugin v1.0.0 { component: [32m'PluginRegistry'[39m }

[90mstdout[2m | v3/@claude-flow/plugins/__tests__/plugin-registry.test.ts[2m > [22m[2mPluginRegistry[2m > [22m[2mregister[2m > [22m[2mshould respect max plugins limit[22m[39m
[INFO] Plugin registered: p1 v1.0.0 { component: [32m'PluginRegistry'[39m }
[INFO] Plugin registered: p2 v1.0.0 { component: [32m'PluginRegistry'[39m }

[90mstdout[2m | v3/@claude-flow/plugins/__tests__/plugin-registry.test.ts[2m > [22m[2mPluginRegistry[2m > [22m[2mregister[2m > [22m[2mshould accept plugin factory functions[22m[39m
[INFO] Plugin registered: factory-plugin v1.0.0 { component: [32m'PluginRegistry'[39m }

[90mstdout[2m | v3/@claude-flow/plugins/__tests__/plugin-registry.test.ts[2m > [22m[2mPluginRegistry[2m > [22m[2munregister[2m > [22m[2mshould unregister a plugin[22m[39m
[INFO] Plugin registered: test-plugin v1.0.0 { component: [32m'PluginRegistry'[39m }
[INFO] Plugin initialized: test-plugin { component: [32m'PluginRegistry'[39m }
[INFO] Registry initialized with 1 plugins { component: [32m'PluginRegistry'[39m }
[INFO] Plugin unregistered: test-plugin { component: [32m'PluginRegistry'[39m }

[90mstdout[2m | v3/@claude-flow/plugins/__tests__/plugin-registry.test.ts[2m > [22m[2mPluginRegistry[2m > [22m[2minitialize[2m > [22m[2mshould initialize all plugins[22m[39m
[INFO] Plugin registered: p1 v1.0.0 { component: [32m'PluginRegistry'[39m }
[INFO] Plugin registered: p2 v1.0.0 { component: [32m'PluginRegistry'[39m }
[INFO] Plugin initialized: p1 { component: [32m'PluginRegistry'[39m }
[INFO] Plugin initialized: p2 { component: [32m'PluginRegistry'[39m }
[INFO] Registry initialized with 2 plugins { component: [32m'PluginRegistry'[39m }
[INFO] Plugin shutdown: p2 { component: [32m'PluginRegistry'[39m }
[INFO] Plugin shutdown: p1 { component: [32m'PluginRegistry'[39m }

[90mstdout[2m | v3/@claude-flow/plugins/__tests__/plugin-registry.test.ts[2m > [22m[2mPluginRegistry[2m > [22m[2minitialize[2m > [22m[2mshould throw if already initialized[22m[39m
[INFO] Registry initialized with 0 plugins { component: [32m'PluginRegistry'[39m }

[90mstdout[2m | v3/@claude-flow/plugins/__tests__/plugin-registry.test.ts[2m > [22m[2mPluginRegistry[2m > [22m[2minitialize[2m > [22m[2mshould skip disabled plugins[22m[39m
[INFO] Plugin registered: disabled v1.0.0 { component: [32m'PluginRegistry'[39m }
[INFO] Plugin disabled is disabled, skipping initialization { component: [32m'PluginRegistry'[39m }
[INFO] Registry initialized with 1 plugins { component: [32m'PluginRegistry'[39m }

[90mstdout[2m | v3/@claude-flow/plugins/__tests__/plugin-registry.test.ts[2m > [22m[2mPluginRegistry[2m > [22m[2minitialize[2m > [22m[2mshould respect dependency order[22m[39m
[INFO] Plugin registered: child v1.0.0 { component: [32m'PluginRegistry'[39m }
[INFO] Plugin registered: parent v1.0.0 { component: [32m'PluginRegistry'[39m }
[INFO] Plugin initialized: parent { component: [32m'PluginRegistry'[39m }
[DEBUG] Dependency validated: parent { component: [32m'PluginRegistry'[39m, plugin: [32m'child'[39m }
[INFO] Plugin initialized: child { component: [32m'PluginRegistry'[39m }
[INFO] Registry initialized with 2 plugins { component: [32m'PluginRegistry'[39m }
[INFO] Plugin shutdown: parent { component: [32m'PluginRegistry'[39m }
[INFO] Plugin shutdown: child { component: [32m'PluginRegistry'[39m }

[90mstdout[2m | v3/@claude-flow/plugins/__tests__/plugin-registry.test.ts[2m > [22m[2mPluginRegistry[2m > [22m[2minitialize[2m > [22m[2mshould detect circular dependencies[22m[39m
[INFO] Plugin registered: a v1.0.0 { component: [32m'PluginRegistry'[39m }
[INFO] Plugin registered: b v1.0.0 { component: [32m'PluginRegistry'[39m }

[90mstdout[2m | v3/@claude-flow/plugins/__tests__/plugin-registry.test.ts[2m > [22m[2mPluginRegistry[2m > [22m[2mshutdown[2m > [22m[2mshould shutdown all plugins in reverse order[22m[39m
[INFO] Plugin registered: first v1.0.0 { component: [32m'PluginRegistry'[39m }
[INFO] Plugin registered: second v1.0.0 { component: [32m'PluginRegistry'[39m }
[INFO] Plugin initialized: first { component: [32m'PluginRegistry'[39m }
[INFO] Plugin initialized: second { component: [32m'PluginRegistry'[39m }
[INFO] Registry initialized with 2 plugins { component: [32m'PluginRegistry'[39m }
[INFO] Plugin shutdown: second { component: [32m'PluginRegistry'[39m }
[INFO] Plugin shutdown: first { component: [32m'PluginRegistry'[39m }

[90mstdout[2m | v3/@claude-flow/plugins/__tests__/plugin-registry.test.ts[2m > [22m[2mPluginRegistry[2m > [22m[2mextension points[2m > [22m[2mshould collect MCP tools from plugins[22m[39m
[INFO] Plugin registered: tool-plugin v1.0.0 { component: [32m'PluginRegistry'[39m }
[INFO] Plugin initialized: tool-plugin { component: [32m'PluginRegistry'[39m }
[INFO] Registry initialized with 1 plugins { component: [32m'PluginRegistry'[39m }
[INFO] Plugin shutdown: tool-plugin { component: [32m'PluginRegistry'[39m }

[90mstdout[2m | v3/@claude-flow/plugins/__tests__/plugin-registry.test.ts[2m > [22m[2mPluginRegistry[2m > [22m[2mhealth check[2m > [22m[2mshould return health status for all plugins[22m[39m
[INFO] Plugin registered: test v1.0.0 { component: [32m'PluginRegistry'[39m }
[INFO] Plugin initialized: test { component: [32m'PluginRegistry'[39m }
[INFO] Registry initialized with 1 plugins { component: [32m'PluginRegistry'[39m }
[INFO] Plugin shutdown: test { component: [32m'PluginRegistry'[39m }

[90mstdout[2m | v3/@claude-flow/plugins/__tests__/plugin-registry.test.ts[2m > [22m[2mPluginRegistry[2m > [22m[2mhealth check[2m > [22m[2mshould report unhealthy for uninitialized plugins[22m[39m
[INFO] Plugin registered: test v1.0.0 { component: [32m'PluginRegistry'[39m }
[INFO] Plugin test is disabled, skipping initialization { component: [32m'PluginRegistry'[39m }
[INFO] Registry initialized with 1 plugins { component: [32m'PluginRegistry'[39m }

[90mstdout[2m | v3/@claude-flow/plugins/__tests__/plugin-registry.test.ts[2m > [22m[2mPluginRegistry[2m > [22m[2mstats[2m > [22m[2mshould return accurate statistics[22m[39m
[INFO] Plugin registered: p1 v1.0.0 { component: [32m'PluginRegistry'[39m }
[INFO] Plugin registered: p2 v1.0.0 { component: [32m'PluginRegistry'[39m }
[INFO] Plugin initialized: p1 { component: [32m'PluginRegistry'[39m }
[INFO] Plugin initialized: p2 { component: [32m'PluginRegistry'[39m }
[INFO] Registry initialized with 2 plugins { component: [32m'PluginRegistry'[39m }
[INFO] Plugin shutdown: p2 { component: [32m'PluginRegistry'[39m }
[INFO] Plugin shutdown: p1 { component: [32m'PluginRegistry'[39m }

[90mstdout[2m | v3/@claude-flow/plugins/__tests__/plugin-registry.test.ts[2m > [22m[2mBasePlugin[2m > [22m[2mshould properly manage lifecycle state[22m[39m
[INFO] Plugin registered: lifecycle-test v1.0.0 { component: [32m'PluginRegistry'[39m }
[INFO] Plugin initialized: lifecycle-test { component: [32m'PluginRegistry'[39m }
[INFO] Registry initialized with 1 plugins { component: [32m'PluginRegistry'[39m }
[INFO] Plugin shutdown: lifecycle-test { component: [32m'PluginRegistry'[39m }

[90mstdout[2m | v3/@claude-flow/plugins/__tests__/plugin-registry.test.ts[2m > [22m[2mBasePlugin[2m > [22m[2mshould provide accurate health checks[22m[39m
[INFO] Plugin registered: health-test v1.0.0 { component: [32m'PluginRegistry'[39m }
[INFO] Plugin initialized: health-test { component: [32m'PluginRegistry'[39m }
[INFO] Registry initialized with 1 plugins { component: [32m'PluginRegistry'[39m }

[90mstderr[2m | v3/plugins/healthcare-clinical/tests/bridges.test.ts[2m > [22m[2mHealthcareGNNBridge[2m > 
[22m[2mGraph Operations[2m > [22m[2mshould check drug interactions using built-in data[22m[39m
[gnn-bridge] WASM module not available, using fallback implementation [90mundefined[39m

 [32mΓ£ô[39m v3/@claude-flow/plugins/__tests__/plugin-registry.test.ts[2m > [22mPluginRegistry[2m > [22mregister[2m > [22mshould register a plugin
 [32mΓ£ô[39m v3/@claude-flow/plugins/__tests__/plugin-registry.test.ts[2m > [22mPluginRegistry[2m > [22mregister[2m > [22mshould reject duplicate plugin names
 [32mΓ£ô[39m v3/@claude-flow/plugins/__tests__/plugin-registry.test.ts[2m > [22mPluginRegistry[2m > [22mregister[2m > [22mshould reject invalid plugins
 [32mΓ£ô[39m v3/@claude-flow/plugins/__tests__/plugin-registry.test.ts[2m > [22mPluginRegistry[2m > [22mregister[2m > [22mshould respect max plugins limit
 [32mΓ£ô[39m v3/@claude-flow/plugins/__tests__/plugin-registry.test.ts[2m > [22mPluginRegistry[2m > [22mregister[2m > [22mshould accept plugin factory functions
 [32mΓ£ô[39m v3/@claude-flow/plugins/__tests__/plugin-registry.test.ts[2m > [22mPluginRegistry[2m > [22munregister[2m > [22mshould unregister a plugin
 [32mΓ£ô[39m v3/@claude-flow/plugins/__tests__/plugin-registry.test.ts[2m > [22mPluginRegistry[2m > [22munregister[2m > [22mshould throw for non-existent plugin
 [32mΓ£ô[39m v3/@claude-flow/plugins/__tests__/plugin-registry.test.ts[2m > [22mPluginRegistry[2m > [22minitialize[2m > [22mshould initialize all plugins
 [32mΓ£ô[39m v3/@claude-flow/plugins/__tests__/plugin-registry.test.ts[2m > [22mPluginRegistry[2m > [22minitialize[2m > [22mshould throw if already initialized
 [32mΓ£ô[39m v3/@claude-flow/plugins/__tests__/plugin-registry.test.ts[2m > [22mPluginRegistry[2m > [22minitialize[2m > [22mshould skip disabled plugins
 [32mΓ£ô[39m v3/@claude-flow/plugins/__tests__/plugin-registry.test.ts[2m > [22mPluginRegistry[2m > [22minitialize[2m > [22mshould respect dependency order
 [32mΓ£ô[39m v3/@claude-flow/plugins/__tests__/plugin-registry.test.ts[2m > [22mPluginRegistry[2m > [22minitialize[2m > [22mshould detect circular dependencies
 [32mΓ£ô[39m v3/@claude-flow/plugins/__tests__/plugin-registry.test.ts[2m > [22mPluginRegistry[2m > [22mshutdown[2m > [22mshould shutdown all plugins in reverse order
 [32mΓ£ô[39m v3/@claude-flow/plugins/__tests__/plugin-registry.test.ts[2m > [22mPluginRegistry[2m > [22mextension points[2m > [22mshould collect MCP tools from plugins
 [32mΓ£ô[39m v3/@claude-flow/plugins/__tests__/plugin-registry.test.ts[2m > [22mPluginRegistry[2m > [22mhealth check[2m > [22mshould return health status for all plugins
 [32mΓ£ô[39m v3/@claude-flow/plugins/__tests__/plugin-registry.test.ts[2m > [22mPluginRegistry[2m > [22mhealth check[2m > [22mshould report unhealthy for uninitialized plugins
 [32mΓ£ô[39m v3/@claude-flow/plugins/__tests__/plugin-registry.test.ts[2m > [22mPluginRegistry[2m > [22mstats[2m > [22mshould return accurate statistics
 [32mΓ£ô[39m v3/@claude-flow/plugins/__tests__/plugin-registry.test.ts[2m > [22mPluginRegistry[2m > [22mdefault registry[2m > [22mshould provide a default registry
 [32mΓ£ô[39m v3/@claude-flow/plugins/__tests__/plugin-registry.test.ts[2m > [22mPluginRegistry[2m > [22mdefault registry[2m > [22mshould allow setting custom default registry
 [32mΓ£ô[39m v3/@claude-flow/plugins/__tests__/plugin-registry.test.ts[2m > [22mBasePlugin[2m > [22mshould properly manage lifecycle state
 [32mΓ£ô[39m v3/@claude-flow/plugins/__tests__/plugin-registry.test.ts[2m > [22mBasePlugin[2m > [22mshould provide accurate health checks
 [32mΓ£ô[39m v3/@claude-flow/plugins/__tests__/plugin-registry.test.ts[2m > [22mBasePlugin[2m > [22mshould freeze metadata
[90mstdout[2m | v3/plugins/healthcare-clinical/tests/bridges.test.ts[2m > [22m[2mHealthcareGNNBridge[2m > [22m[2mGraph Operations[2m > [22m[2mshould predict clinical pathway[22m[39m
[gnn-bridge] Graph loaded { nodes: [33m3[39m, edges: [33m2[39m }
[gnn-bridge] Pathway predicted {
  startNode: [32m'diagnosis'[39m,
  endNode: [32m'step2'[39m,
  pathLength: [33m3[39m,
  durationMs: [33m0.1441999999951804[39m
}

[90mstderr[2m | v3/plugins/healthcare-clinical/tests/bridges.test.ts[2m > [22m[2mHealthcareGNNBridge[2m > 
[22m[2mGraph Operations[2m > [22m[2mshould predict clinical pathway[22m[39m
[gnn-bridge] WASM module not available, using fallback implementation [90mundefined[39m

[90mstderr[2m | v3/plugins/healthcare-clinical/tests/bridges.test.ts[2m > [22m[2mHealthcareGNNBridge[2m > 
[22m[2mGraph Operations[2m > [22m[2mshould get clinical pathway from built-in data[22m[39m
[gnn-bridge] WASM module not available, using fallback implementation [90mundefined[39m

[90mstderr[2m | v3/plugins/healthcare-clinical/tests/bridges.test.ts[2m > [22m[2mHealthcareGNNBridge[2m > 
[22m[2mError Handling[2m > [22m[2mshould handle empty drug list[22m[39m
[gnn-bridge] WASM module not available, using fallback implementation [90mundefined[39m

[90mstdout[2m | v3/plugins/healthcare-clinical/tests/bridges.test.ts[2m > [22m[2mHealthcareGNNBridge[2m > [22m[2mJavaScript Fallback[2m > [22m[2mshould work without WASM[22m[39m
[gnn-bridge] Graph loaded { nodes: [33m1[39m, edges: [33m0[39m }

[90mstderr[2m | v3/plugins/healthcare-clinical/tests/bridges.test.ts[2m > [22m[2mHealthcareGNNBridge[2m > 
[22m[2mJavaScript Fallback[2m > [22m[2mshould work without WASM[22m[39m
[gnn-bridge] WASM module not available, using fallback implementation [90mundefined[39m

 [32mΓ£ô[39m v3/@claude-flow/memory/src/database-provider.test.ts[2m > [22mDatabaseProvider[2m > [22mCross-Platform Functionality[2m > [22mshould handle bulk operations across providers
 [32mΓ£ô[39m v3/@claude-flow/memory/src/database-provider.test.ts[2m > [22mDatabaseProvider[2m > [22mHealth Check[2m > [22mshould perform health check
 [32mΓ£ô[39m v3/@claude-flow/memory/src/database-provider.test.ts[2m > [22mDatabaseProvider[2m > [22mStatistics[2m > [22mshould provide backend statistics
 [32mΓ£ô[39m v3/@claude-flow/memory/src/database-provider.test.ts[2m > [22mDatabaseProvider[2m > [22mError Handling[2m > [22mshould handle missing entries gracefully
 [32mΓ£ô[39m v3/@claude-flow/memory/src/database-provider.test.ts[2m > [22mDatabaseProvider[2m > [22mError Handling[2m > [22mshould handle empty queries
 [32mΓ£ô[39m v3/plugins/healthcare-clinical/tests/bridges.test.ts[2m > [22mHealthcareGNNBridge[2m > [22mLifecycle[2m > [22mshould destroy successfully
 [32mΓ£ô[39m v3/plugins/healthcare-clinical/tests/bridges.test.ts[2m > [22mHealthcareGNNBridge[2m > [22mLifecycle[2m > [22mshould handle destroy when not initialized
 [32mΓ£ô[39m v3/plugins/healthcare-clinical/tests/bridges.test.ts[2m > [22mHealthcareGNNBridge[2m > [22mGraph Operations[2m > [22mshould load drug interaction graph
 [32mΓ£ô[39m v3/plugins/healthcare-clinical/tests/bridges.test.ts[2m > [22mHealthcareGNNBridge[2m > [22mGraph Operations[2m > [22mshould analyze drug interactions using built-in graph
 [32mΓ£ô[39m v3/plugins/healthcare-clinical/tests/bridges.test.ts[2m > [22mHealthcareGNNBridge[2m > [22mGraph Operations[2m > [22mshould check drug interactions using built-in data
 [32mΓ£ô[39m v3/plugins/healthcare-clinical/tests/bridges.test.ts[2m > [22mHealthcareGNNBridge[2m > [22mGraph Operations[2m > [22mshould predict clinical pathway
 [32mΓ£ô[39m v3/plugins/healthcare-clinical/tests/bridges.test.ts[2m > [22mHealthcareGNNBridge[2m > [22mGraph Operations[2m > [22mshould get clinical pathway from built-in data
 [32mΓ£ô[39m v3/plugins/healthcare-clinical/tests/bridges.test.ts[2m > [22mHealthcareGNNBridge[2m > [22mError Handling[2m > [22mshould throw when operations called before init
 [32mΓ£ô[39m v3/plugins/healthcare-clinical/tests/bridges.test.ts[2m > [22mHealthcareGNNBridge[2m > [22mError Handling[2m > [22mshould handle empty drug list
 [32mΓ£ô[39m v3/plugins/healthcare-clinical/tests/bridges.test.ts[2m > [22mHealthcareGNNBridge[2m > [22mJavaScript Fallback[2m > [22mshould work without WASM
[90mstdout[2m | v3/plugins/healthcare-clinical/tests/bridges.test.ts[2m > [22m[2mHealthcareGNNBridge[2m > [22m[2mMemory Management[2m > [22m[2mshould release resources on destroy[22m[39m
[gnn-bridge] Graph loaded { nodes: [33m100[39m, edges: [33m200[39m }

[90mstderr[2m | v3/plugins/healthcare-clinical/tests/bridges.test.ts[2m > [22m[2mHealthcareGNNBridge[2m > 
[22m[2mMemory Management[2m > [22m[2mshould release resources on destroy[22m[39m
[gnn-bridge] WASM module not available, using fallback implementation [90mundefined[39m

 [32mΓ£ô[39m v3/plugins/healthcare-clinical/tests/bridges.test.ts[2m > [22mHealthcareGNNBridge[2m > [22mMemory Management[2m > [22mshould release resources on destroy
[90mstdout[2m | v3/plugins/healthcare-clinical/tests/bridges.test.ts[2m > [22m[2mHealthcareGNNBridge[2m > [22m[2mMemory Management[2m > [22m[2mshould handle multiple init/destroy cycles[22m[39m
[gnn-bridge] Graph loaded { nodes: [33m1[39m, edges: [33m0[39m }
[gnn-bridge] Graph loaded { nodes: [33m1[39m, edges: [33m0[39m }

[90mstderr[2m | v3/plugins/healthcare-clinical/tests/bridges.test.ts[2m > [22m[2mHealthcareGNNBridge[2m > 
[22m[2mMemory Management[2m > [22m[2mshould handle multiple init/destroy cycles[22m[39m
[gnn-bridge] WASM module not available, using fallback implementation [90mundefined[39m
[gnn-bridge] WASM module not available, using fallback implementation [90mundefined[39m

[90mstdout[2m | v3/plugins/healthcare-clinical/tests/bridges.test.ts[2m > [22m[2mHealthcareGNNBridge[2m > [22m[2mMemory Management[2m > [22m[2mshould handle multiple init/destroy cycles[22m[39m
[90mstderr[2m | v3/plugins/healthcare-clinical/tests/bridges.test.ts[2m > [22m[2mHealthcareGNNBridge[2m > 
[22m[2mMemory Management[2m > [22m[2mshould handle multiple init/destroy cycles[22m[39m
[gnn-bridge] WASM module not available, using fallback implementation [90mundefined[39m

[gnn-bridge] Graph loaded { nodes: [33m1[39m, edges: [33m0[39m }

 [32mΓ£ô[39m v3/plugins/healthcare-clinical/tests/bridges.test.ts[2m > [22mHealthcareGNNBridge[2m > [22mMemory Management[2m > [22mshould handle multiple init/destroy cycles
 [32mΓ£ô[39m v3/@claude-flow/cli/__tests__/suggest.test.ts[2m > [22mlevenshteinDistance[2m > [22mshould return 0 for identical strings
 [32mΓ£ô[39m v3/@claude-flow/cli/__tests__/suggest.test.ts[2m > [22mlevenshteinDistance[2m > [22mshould return length of b when a is empty
 [32mΓ£ô[39m v3/@claude-flow/cli/__tests__/suggest.test.ts[2m > [22mlevenshteinDistance[2m > [22mshould return length of a when b is empty
 [32mΓ£ô[39m v3/@claude-flow/cli/__tests__/suggest.test.ts[2m > [22mlevenshteinDistance[2m > [22mshould return 0 for two empty strings
 [32mΓ£ô[39m v3/@claude-flow/cli/__tests__/suggest.test.ts[2m > [22mlevenshteinDistance[2m > [22mshould return 1 for single substitution
 [32mΓ£ô[39m v3/@claude-flow/cli/__tests__/suggest.test.ts[2m > [22mlevenshteinDistance[2m > [22mshould return 1 for single insertion
 [32mΓ£ô[39m v3/@claude-flow/cli/__tests__/suggest.test.ts[2m > [22mlevenshteinDistance[2m > [22mshould return 1 for single deletion
 [32mΓ£ô[39m v3/@claude-flow/cli/__tests__/suggest.test.ts[2m > [22mlevenshteinDistance[2m > [22mshould handle completely different strings
 [32mΓ£ô[39m v3/@claude-flow/cli/__tests__/suggest.test.ts[2m > [22mlevenshteinDistance[2m > [22mshould be symmetric
 [32mΓ£ô[39m v3/@claude-flow/cli/__tests__/suggest.test.ts[2m > [22mlevenshteinDistance[2m > [22mshould handle longer strings correctly
 [32mΓ£ô[39m v3/@claude-flow/cli/__tests__/suggest.test.ts[2m > [22msimilarityScore[2m > [22mshould return 1 for identical strings
 [32mΓ£ô[39m v3/@claude-flow/cli/__tests__/suggest.test.ts[2m > [22msimilarityScore[2m > [22mshould return 1 for two empty strings
 [32mΓ£ô[39m v3/@claude-flow/cli/__tests__/suggest.test.ts[2m > [22msimilarityScore[2m > [22mshould return 0 for completely different single chars
 [32mΓ£ô[39m v3/@claude-flow/cli/__tests__/suggest.test.ts[2m > [22msimilarityScore[2m > [22mshould be case-insensitive
 [32mΓ£ô[39m v3/@claude-flow/cli/__tests__/suggest.test.ts[2m > [22msimilarityScore[2m > [22mshould return a value between 0 and 1
 [32mΓ£ô[39m v3/@claude-flow/cli/__tests__/suggest.test.ts[2m > [22msimilarityScore[2m > [22mshould give higher score for more similar strings
 [32mΓ£ô[39m v3/@claude-flow/cli/__tests__/suggest.test.ts[2m > [22mfindSimilar[2m > [22mshould find exact prefix matches with boost
 [32mΓ£ô[39m v3/@claude-flow/cli/__tests__/suggest.test.ts[2m > [22mfindSimilar[2m > [22mshould find similar commands for typos
 [32mΓ£ô[39m v3/@claude-flow/cli/__tests__/suggest.test.ts[2m > [22mfindSimilar[2m > [22mshould return empty array for very different input
 [32mΓ£ô[39m v3/@claude-flow/cli/__tests__/suggest.test.ts[2m > [22mfindSimilar[2m > [22mshould respect maxSuggestions
 [32mΓ£ô[39m v3/@claude-flow/cli/__tests__/suggest.test.ts[2m > [22mfindSimilar[2m > [22mshould use default options when none provided
 [32mΓ£ô[39m v3/@claude-flow/cli/__tests__/suggest.test.ts[2m > [22mfindSimilar[2m > [22mshould handle empty candidates
 [32mΓ£ô[39m v3/@claude-flow/cli/__tests__/suggest.test.ts[2m > [22mfindSimilar[2m > [22mshould handle empty input
 [32mΓ£ô[39m v3/@claude-flow/cli/__tests__/suggest.test.ts[2m > [22mformatSuggestion[2m > [22mshould return empty string for no suggestions
 [32mΓ£ô[39m v3/@claude-flow/cli/__tests__/suggest.test.ts[2m > [22mformatSuggestion[2m > [22mshould format single suggestion
 [32mΓ£ô[39m v3/@claude-flow/cli/__tests__/suggest.test.ts[2m > [22mformatSuggestion[2m > [22mshould format multiple suggestions as a list
 [32mΓ£ô[39m v3/@claude-flow/cli/__tests__/suggest.test.ts[2m > [22mformatSuggestion[2m > [22mshould use "Available subcommands" for subcommand context
 [32mΓ£ô[39m v3/@claude-flow/cli/__tests__/suggest.test.ts[2m > [22mformatSuggestion[2m > [22mshould use "Did you mean" for option context
 [32mΓ£ô[39m v3/@claude-flow/cli/__tests__/suggest.test.ts[2m > [22mformatSuggestion[2m > [22mshould use "Valid values" for value context
 [32mΓ£ô[39m v3/@claude-flow/cli/__tests__/suggest.test.ts[2m > [22mgetTypoCorrection[2m > [22mshould correct known typos
 [32mΓ£ô[39m v3/@claude-flow/cli/__tests__/suggest.test.ts[2m > [22mgetTypoCorrection[2m > [22mshould be case-insensitive
 [32mΓ£ô[39m v3/@claude-flow/cli/__tests__/suggest.test.ts[2m > [22mgetTypoCorrection[2m > [22mshould return undefined for unknown input
 [32mΓ£ô[39m v3/@claude-flow/cli/__tests__/suggest.test.ts[2m > [22mgetTypoCorrection[2m > [22mshould correct common shortcuts
 [32mΓ£ô[39m v3/@claude-flow/cli/__tests__/suggest.test.ts[2m > [22mgetTypoCorrection[2m > [22mshould handle exact matches (identity typos)
 [32mΓ£ô[39m v3/@claude-flow/cli/__tests__/suggest.test.ts[2m > [22mCOMMON_TYPOS[2m > [22mshould have all expected entries
 [32mΓ£ô[39m v3/@claude-flow/cli/__tests__/suggest.test.ts[2m > [22mCOMMON_TYPOS[2m > [22mshould have string values for all keys
 [32mΓ£ô[39m v3/@claude-flow/cli/__tests__/suggest.test.ts[2m > [22mCOMMON_TYPOS[2m > [22mshould include hive-mind typos
 [32mΓ£ô[39m v3/@claude-flow/cli/__tests__/suggest.test.ts[2m > [22msuggestCommand[2m > [22mshould correct a common typo with correction field
 [32mΓ£ô[39m v3/@claude-flow/cli/__tests__/suggest.test.ts[2m > [22msuggestCommand[2m > [22mshould find similar commands when no typo match
 [32mΓ£ô[39m v3/@claude-flow/cli/__tests__/suggest.test.ts[2m > [22msuggestCommand[2m > [22mshould return help message when no matches found
 [32mΓ£ô[39m v3/@claude-flow/cli/__tests__/suggest.test.ts[2m > [22msuggestCommand[2m > [22mshould handle single suggestion
 [32mΓ£ô[39m v3/@claude-flow/cli/__tests__/suggest.test.ts[2m > [22msuggestCommand[2m > [22mshould handle multiple suggestions
 [32mΓ£ô[39m v3/@claude-flow/cli/__tests__/suggest.test.ts[2m > [22msuggestCommand[2m > [22mshould not return correction when typo maps to unavailable command
 [32mΓ£ô[39m v3/@claude-flow/security/__tests__/credential-generator.test.ts[2m > [22mCredentialGenerator[2m > [22mConfiguration[2m > [22mshould use default configuration
 [32mΓ£ô[39m v3/@claude-flow/security/__tests__/credential-generator.test.ts[2m > [22mCredentialGenerator[2m > [22mConfiguration[2m > [22mshould reject password length below 16
 [32mΓ£ô[39m v3/@claude-flow/security/__tests__/credential-generator.test.ts[2m > [22mCredentialGenerator[2m > [22mConfiguration[2m > [22mshould reject API key length below 32
 [32mΓ£ô[39m v3/@claude-flow/security/__tests__/credential-generator.test.ts[2m > [22mCredentialGenerator[2m > [22mConfiguration[2m > [22mshould reject secret length below 32
 [32mΓ£ô[39m v3/@claude-flow/security/__tests__/credential-generator.test.ts[2m > [22mCredentialGenerator[2m > [22mPassword Generation[2m > [22mshould generate password of specified length
 [32mΓ£ô[39m v3/@claude-flow/security/__tests__/credential-generator.test.ts[2m > [22mCredentialGenerator[2m > [22mPassword Generation[2m > [22mshould generate unique passwords
 [32mΓ£ô[39m v3/@claude-flow/security/__tests__/credential-generator.test.ts[2m > [22mCredentialGenerator[2m > [22mPassword Generation[2m > [22mshould include required character types
 [32mΓ£ô[39m v3/@claude-flow/security/__tests__/credential-generator.test.ts[2m > [22mCredentialGenerator[2m > [22mAPI Key Generation[2m > [22mshould generate API key with prefix
 [32mΓ£ô[39m v3/@claude-flow/security/__tests__/credential-generator.test.ts[2m > [22mCredentialGenerator[2m > [22mAPI Key Generation[2m > [22mshould generate unique keys
 [32mΓ£ô[39m v3/@claude-flow/security/__tests__/credential-generator.test.ts[2m > [22mCredentialGenerator[2m > [22mAPI Key Generation[2m > [22mshould include keyId
 [32mΓ£ô[39m v3/@claude-flow/security/__tests__/credential-generator.test.ts[2m > [22mCredentialGenerator[2m > [22mAPI Key Generation[2m > [22mshould include createdAt timestamp
 [32mΓ£ô[39m v3/@claude-flow/security/__tests__/credential-generator.test.ts[2m > [22mCredentialGenerator[2m > [22mSecret Generation[2m > [22mshould generate hex-encoded secret
 [32mΓ£ô[39m v3/@claude-flow/security/__tests__/credential-generator.test.ts[2m > [22mCredentialGenerator[2m > [22mSecret Generation[2m > [22mshould generate secret of specified length
 [32mΓ£ô[39m v3/@claude-flow/security/__tests__/credential-generator.test.ts[2m > [22mCredentialGenerator[2m > [22mSecret Generation[2m > [22mshould generate unique secrets
 [32mΓ£ô[39m v3/@claude-flow/security/__tests__/credential-generator.test.ts[2m > [22mCredentialGenerator[2m > [22mEncryption Key Generation[2m > [22mshould generate 32-byte (256-bit) key as hex
 [32mΓ£ô[39m v3/@claude-flow/security/__tests__/credential-generator.test.ts[2m > [22mCredentialGenerator[2m > [22mEncryption Key Generation[2m > [22mshould generate unique keys
 [32mΓ£ô[39m v3/@claude-flow/security/__tests__/credential-generator.test.ts[2m > [22mCredentialGenerator[2m > [22mInstallation Credentials[2m > [22mshould generate complete credential set
 [32mΓ£ô[39m v3/@claude-flow/security/__tests__/credential-generator.test.ts[2m > [22mCredentialGenerator[2m > [22mInstallation Credentials[2m > [22mshould set expiration when specified
 [32mΓ£ô[39m v3/@claude-flow/security/__tests__/credential-generator.test.ts[2m > [22mCredentialGenerator[2m > [22mInstallation Credentials[2m > [22mshould generate unique credentials each time
 [32mΓ£ô[39m v3/@claude-flow/security/__tests__/credential-generator.test.ts[2m > [22mCredentialGenerator[2m > [22mToken Generation[2m > [22mshould generate session token
 [32mΓ£ô[39m v3/@claude-flow/security/__tests__/credential-generator.test.ts[2m > [22mCredentialGenerator[2m > [22mToken Generation[2m > [22mshould generate CSRF token
 [32mΓ£ô[39m v3/@claude-flow/security/__tests__/credential-generator.test.ts[2m > [22mCredentialGenerator[2m > [22mToken Generation[2m > [22mshould generate nonce
 [32mΓ£ô[39m v3/@claude-flow/security/__tests__/credential-generator.test.ts[2m > [22mCredentialGenerator[2m > [22mEnvironment Script Generation[2m > [22mshould generate valid shell script
 [32mΓ£ô[39m v3/@claude-flow/security/__tests__/credential-generator.test.ts[2m > [22mCredentialGenerator[2m > [22mEnvironment Script Generation[2m > [22mshould include warning comment
 [32mΓ£ô[39m v3/@claude-flow/security/__tests__/credential-generator.test.ts[2m > [22mCredentialGenerator[2m > [22mJSON Config Generation[2m > [22mshould generate valid JSON
 [32mΓ£ô[39m v3/@claude-flow/security/__tests__/credential-generator.test.ts[2m > [22mCredentialGenerator[2m > [22mJSON Config Generation[2m > [22mshould include all credentials
 [32mΓ£ô[39m v3/@claude-flow/security/__tests__/credential-generator.test.ts[2m > [22mCredentialGenerator[2m > [22mFactory Functions[2m > [22mshould create generator with factory function
 [32mΓ£ô[39m v3/@claude-flow/security/__tests__/credential-generator.test.ts[2m > [22mCredentialGenerator[2m > [22mFactory Functions[2m > [22mshould generate credentials with quick function
 [32mΓ£ô[39m v3/@claude-flow/security/__tests__/credential-generator.test.ts[2m > [22mCredentialGenerator[2m > [22mCVE-3 Security Verification[2m > [22mshould NOT produce hardcoded admin123 password
 [32mΓ£ô[39m v3/@claude-flow/security/__tests__/credential-generator.test.ts[2m > [22mCredentialGenerator[2m > [22mCVE-3 Security Verification[2m > [22mshould NOT produce predictable patterns
 [32mΓ£ô[39m v3/@claude-flow/security/__tests__/credential-generator.test.ts[2m > [22mCredentialGenerator[2m > [22mCVE-3 Security Verification[2m > [22mshould use cryptographically secure random
 [32mΓ£ô[39m v3/@claude-flow/security/__tests__/credential-generator.test.ts[2m > [22mCredentialGenerator[2m > [22mCVE-3 Security Verification[2m > [22mshould generate installation credentials with sufficient entropy
 [31m├ù[39m v3/@claude-flow/shared/__tests__/hooks/file-organization.test.ts[2m > [22mFileOrganizationHook[2m > [22mroot folder blocking[2m > [22mshould block TypeScript source files in root
[31m   ΓåÆ expected 'src\utils.ts' to be 'src/utils.ts' // Object.is equality[39m
 [32mΓ£ô[39m v3/@claude-flow/shared/__tests__/hooks/file-organization.test.ts[2m > [22mFileOrganizationHook[2m > [22mroot folder blocking[2m > [22mshould block JavaScript source files in root
 [31m├ù[39m v3/@claude-flow/shared/__tests__/hooks/file-organization.test.ts[2m > [22mFileOrganizationHook[2m > [22mroot folder blocking[2m > [22mshould block TypeScript test files in root
[31m   ΓåÆ expected 'tests\utils.test.ts' to be 'tests/utils.test.ts' // Object.is equality[39m
 [32mΓ£ô[39m v3/@claude-flow/shared/__tests__/hooks/file-organization.test.ts[2m > [22mFileOrganizationHook[2m > [22mroot folder blocking[2m > [22mshould block spec files in root
 [32mΓ£ô[39m v3/@claude-flow/shared/__tests__/hooks/file-organization.test.ts[2m > [22mFileOrganizationHook[2m > [22mroot folder blocking[2m > [22mshould block Python files in root
 [32mΓ£ô[39m v3/@claude-flow/shared/__tests__/hooks/file-organization.test.ts[2m > [22mFileOrganizationHook[2m > [22mroot folder blocking[2m > [22mshould block Go files in root
 [32mΓ£ô[39m v3/@claude-flow/shared/__tests__/hooks/file-organization.test.ts[2m > [22mFileOrganizationHook[2m > [22mroot folder blocking[2m > [22mshould block shell scripts in root
 [32mΓ£ô[39m v3/@claude-flow/shared/__tests__/hooks/file-organization.test.ts[2m > [22mFileOrganizationHook[2m > [22mroot folder blocking[2m > [22mshould block CSS files in root
 [32mΓ£ô[39m v3/@claude-flow/shared/__tests__/hooks/file-organization.test.ts[2m > [22mFileOrganizationHook[2m > [22mallowed root files[2m > [22mshould allow JSON config files in root
 [32mΓ£ô[39m v3/@claude-flow/shared/__tests__/hooks/file-organization.test.ts[2m > [22mFileOrganizationHook[2m > [22mallowed root files[2m > [22mshould allow YAML config files in root
 [32mΓ£ô[39m v3/@claude-flow/shared/__tests__/hooks/file-organization.test.ts[2m > [22mFileOrganizationHook[2m > [22mallowed root files[2m > [22mshould allow Markdown files in root
 [32mΓ£ô[39m v3/@claude-flow/shared/__tests__/hooks/file-organization.test.ts[2m > [22mFileOrganizationHook[2m > [22mallowed root files[2m > [22mshould allow environment files in root
 [32mΓ£ô[39m v3/@claude-flow/shared/__tests__/hooks/file-organization.test.ts[2m > [22mFileOrganizationHook[2m > [22mallowed root files[2m > [22mshould allow .env.local files in root
 [32mΓ£ô[39m v3/@claude-flow/shared/__tests__/hooks/file-organization.test.ts[2m > [22mFileOrganizationHook[2m > [22mfiles in correct directories[2m > [22mshould allow TypeScript files in src/
 [32mΓ£ô[39m v3/@claude-flow/shared/__tests__/hooks/file-organization.test.ts[2m > [22mFileOrganizationHook[2m > [22mfiles in correct directories[2m > [22mshould allow test files in tests/
 [32mΓ£ô[39m v3/@claude-flow/shared/__tests__/hooks/file-organization.test.ts[2m > [22mFileOrganizationHook[2m > [22mfiles in correct directories[2m > [22mshould allow test files in __tests__/
 [32mΓ£ô[39m v3/@claude-flow/shared/__tests__/hooks/file-organization.test.ts[2m > [22mFileOrganizationHook[2m > [22mfiles in correct directories[2m > [22mshould allow scripts in scripts/
 [32mΓ£ô[39m v3/@claude-flow/shared/__tests__/hooks/file-organization.test.ts[2m > [22mFileOrganizationHook[2m > [22mfiles in correct directories[2m > [22mshould allow Go files in cmd/
 [32mΓ£ô[39m v3/@claude-flow/shared/__tests__/hooks/file-organization.test.ts[2m > [22mFileOrganizationHook[2m > [22mfiles in wrong directories[2m > [22mshould warn about test files in src/
 [32mΓ£ô[39m v3/@claude-flow/shared/__tests__/hooks/file-organization.test.ts[2m > [22mFileOrganizationHook[2m > [22mfiles in wrong directories[2m > [22mshould warn about source files in tests/
 [32mΓ£ô[39m v3/@claude-flow/shared/__tests__/hooks/file-organization.test.ts[2m > [22mFileOrganizationHook[2m > [22mformatter recommendations[2m > [22mshould recommend Prettier for TypeScript
 [32mΓ£ô[39m v3/@claude-flow/shared/__tests__/hooks/file-organization.test.ts[2m > [22mFileOrganizationHook[2m > [22mformatter recommendations[2m > [22mshould recommend Black for Python
 [32mΓ£ô[39m v3/@claude-flow/shared/__tests__/hooks/file-organization.test.ts[2m > [22mFileOrganizationHook[2m > [22mformatter recommendations[2m > [22mshould recommend gofmt for Go
 [32mΓ£ô[39m v3/@claude-flow/shared/__tests__/hooks/file-organization.test.ts[2m > [22mFileOrganizationHook[2m > [22mformatter recommendations[2m > [22mshould recommend rustfmt for Rust
 [32mΓ£ô[39m v3/@claude-flow/shared/__tests__/hooks/file-organization.test.ts[2m > [22mFileOrganizationHook[2m > [22mformatter recommendations[2m > [22mshould recommend Prettier for CSS
 [32mΓ£ô[39m v3/@claude-flow/shared/__tests__/hooks/file-organization.test.ts[2m > [22mFileOrganizationHook[2m > [22mformatter recommendations[2m > [22mshould recommend Prettier for JSON
 [32mΓ£ô[39m v3/@claude-flow/shared/__tests__/hooks/file-organization.test.ts[2m > [22mFileOrganizationHook[2m > [22mlinter recommendations[2m > [22mshould recommend ESLint for TypeScript
 [32mΓ£ô[39m v3/@claude-flow/shared/__tests__/hooks/file-organization.test.ts[2m > [22mFileOrganizationHook[2m > [22mlinter recommendations[2m > [22mshould recommend Pylint for Python
 [32mΓ£ô[39m v3/@claude-flow/shared/__tests__/hooks/file-organization.test.ts[2m > [22mFileOrganizationHook[2m > [22mlinter recommendations[2m > [22mshould recommend golangci-lint for Go
 [32mΓ£ô[39m v3/@claude-flow/shared/__tests__/hooks/file-organization.test.ts[2m > [22mFileOrganizationHook[2m > [22mlinter recommendations[2m > [22mshould recommend Clippy for Rust
 [32mΓ£ô[39m v3/@claude-flow/shared/__tests__/hooks/file-organization.test.ts[2m > [22mFileOrganizationHook[2m > [22morganization issues[2m > [22mshould detect root write issues
 [32mΓ£ô[39m v3/@claude-flow/shared/__tests__/hooks/file-organization.test.ts[2m > [22mFileOrganizationHook[2m > [22morganization issues[2m > [22mshould provide suggested fixes
 [32mΓ£ô[39m v3/@claude-flow/shared/__tests__/hooks/file-organization.test.ts[2m > [22mFileOrganizationHook[2m > [22mhelper methods[2m > [22mshould get suggested directory for file
 [32mΓ£ô[39m v3/@claude-flow/shared/__tests__/hooks/file-organization.test.ts[2m > [22mFileOrganizationHook[2m > [22mhelper methods[2m > [22mshould check if file would be blocked
 [32mΓ£ô[39m v3/@claude-flow/shared/__tests__/hooks/file-organization.test.ts[2m > [22mFileOrganizationHook[2m > [22mhelper methods[2m > [22mshould allow setting project root
 [32mΓ£ô[39m v3/@claude-flow/shared/__tests__/hooks/file-organization.test.ts[2m > [22mFileOrganizationHook[2m > [22mhelper methods[2m > [22mshould get all formatters
 [32mΓ£ô[39m v3/@claude-flow/shared/__tests__/hooks/file-organization.test.ts[2m > [22mFileOrganizationHook[2m > [22mhelper methods[2m > [22mshould get all linters
 [32mΓ£ô[39m v3/@claude-flow/shared/__tests__/hooks/file-organization.test.ts[2m > [22mFileOrganizationHook[2m > [22mfile type detection[2m > [22mshould detect TypeScript source type
 [32mΓ£ô[39m v3/@claude-flow/shared/__tests__/hooks/file-organization.test.ts[2m > [22mFileOrganizationHook[2m > [22mfile type detection[2m > [22mshould detect test file type
 [32mΓ£ô[39m v3/@claude-flow/shared/__tests__/hooks/file-organization.test.ts[2m > [22mFileOrganizationHook[2m > [22mfile type detection[2m > [22mshould detect spec file type
 [32mΓ£ô[39m v3/@claude-flow/shared/__tests__/hooks/file-organization.test.ts[2m > [22mFileOrganizationHook[2m > [22mfile type detection[2m > [22mshould detect shell script type
 [32mΓ£ô[39m v3/@claude-flow/shared/__tests__/hooks/file-organization.test.ts[2m > [22mFileOrganizationHook[2m > [22mfile type detection[2m > [22mshould detect SQL file type
 [32mΓ£ô[39m v3/@claude-flow/shared/__tests__/hooks/file-organization.test.ts[2m > [22mFileOrganizationHook[2m > [22mfile type detection[2m > [22mshould detect image file type
 [32mΓ£ô[39m v3/@claude-flow/security/__tests__/path-validator.test.ts[2m > [22mPathValidator[2m > [22mConfiguration[2m > [22mshould require at least one prefix
 [31m├ù[39m v3/@claude-flow/security/__tests__/path-validator.test.ts[2m > [22mPathValidator[2m > [22mConfiguration[2m > [22mshould resolve prefixes to absolute paths
[31m   ΓåÆ expected 'C:\Users\saima\Desktop\code\ruflo_proΓÇª' to match /^\//[39m
 [32mΓ£ô[39m v3/@claude-flow/security/__tests__/path-validator.test.ts[2m > [22mPathValidator[2m > [22mPath Traversal Prevention[2m > [22mshould block ../ traversal
 [32mΓ£ô[39m v3/@claude-flow/security/__tests__/path-validator.test.ts[2m > [22mPathValidator[2m > [22mPath Traversal Prevention[2m > [22mshould block ..\ traversal (Windows)
 [32mΓ£ô[39m v3/@claude-flow/security/__tests__/path-validator.test.ts[2m > [22mPathValidator[2m > [22mPath Traversal Prevention[2m > [22mshould block URL-encoded traversal (%2e%2e)
 [32mΓ£ô[39m v3/@claude-flow/security/__tests__/path-validator.test.ts[2m > [22mPathValidator[2m > [22mPath Traversal Prevention[2m > [22mshould block double URL-encoded traversal
 [32mΓ£ô[39m v3/@claude-flow/security/__tests__/path-validator.test.ts[2m > [22mPathValidator[2m > [22mPath Traversal Prevention[2m > [22mshould block mixed encoding traversal
 [32mΓ£ô[39m v3/@claude-flow/security/__tests__/path-validator.test.ts[2m > [22mPathValidator[2m > [22mPath Traversal Prevention[2m > [22mshould block null byte injection
 [32mΓ£ô[39m v3/@claude-flow/security/__tests__/path-validator.test.ts[2m > [22mPathValidator[2m > [22mPath Traversal Prevention[2m > [22mshould block URL-encoded null byte
 [31m├ù[39m v3/@claude-flow/security/__tests__/path-validator.test.ts[2m > [22mPathValidator[2m > [22mPrefix Validation[2m > [22mshould allow paths within prefix
[31m   ΓåÆ expected 'C:\workspaces\project' to be '/workspaces/project' // Object.is equality[39m
 [32mΓ£ô[39m v3/@claude-flow/security/__tests__/path-validator.test.ts[2m > [22mPathValidator[2m > [22mPrefix Validation[2m > [22mshould block paths outside prefix
 [32mΓ£ô[39m v3/@claude-flow/security/__tests__/path-validator.test.ts[2m > [22mPathValidator[2m > [22mPrefix Validation[2m > [22mshould block paths that start with prefix but escape
 [32mΓ£ô[39m v3/@claude-flow/security/__tests__/path-validator.test.ts[2m > [22mPathValidator[2m > [22mPrefix Validation[2m > [22mshould handle exact prefix match
 [31m├ù[39m v3/@claude-flow/security/__tests__/path-validator.test.ts[2m > [22mPathValidator[2m > [22mPrefix Validation[2m > [22mshould calculate relative path correctly
[31m   ΓåÆ expected 'src\deep\file.ts' to be 'src/deep/file.ts' // Object.is equality[39m
 [32mΓ£ô[39m v3/@claude-flow/security/__tests__/path-validator.test.ts[2m > [22mPathValidator[2m > [22mHidden File Handling[2m > [22mshould block hidden files by default
 [32mΓ£ô[39m v3/@claude-flow/security/__tests__/path-validator.test.ts[2m > [22mPathValidator[2m > [22mHidden File Handling[2m > [22mshould block hidden directories by default
 [32mΓ£ô[39m v3/@claude-flow/security/__tests__/path-validator.test.ts[2m > [22mPathValidator[2m > [22mHidden File Handling[2m > [22mshould allow hidden files when configured
 [32mΓ£ô[39m v3/@claude-flow/security/__tests__/path-validator.test.ts[2m > [22mPathValidator[2m > [22mBlocked Files[2m > [22mshould block .env files
 [32mΓ£ô[39m v3/@claude-flow/security/__tests__/path-validator.test.ts[2m > [22mPathValidator[2m > [22mBlocked Files[2m > [22mshould block .pem files
 [32mΓ£ô[39m v3/@claude-flow/security/__tests__/path-validator.test.ts[2m > [22mPathValidator[2m > [22mBlocked Files[2m > [22mshould block private key files
 [32mΓ£ô[39m v3/@claude-flow/security/__tests__/path-validator.test.ts[2m > [22mPathValidator[2m > [22mBlocked Files[2m > [22mshould block .htpasswd files
 [32mΓ£ô[39m v3/@claude-flow/security/__tests__/path-validator.test.ts[2m > [22mPathValidator[2m > [22mPath Length[2m > [22mshould block paths exceeding max length
 [32mΓ£ô[39m v3/@claude-flow/security/__tests__/path-validator.test.ts[2m > [22mPathValidator[2m > [22mPath Length[2m > [22mshould allow paths within max length
 [32mΓ£ô[39m v3/@claude-flow/security/__tests__/path-validator.test.ts[2m > [22mPathValidator[2m > [22mEmpty Path[2m > [22mshould reject empty path
 [32mΓ£ô[39m v3/@claude-flow/security/__tests__/path-validator.test.ts[2m > [22mPathValidator[2m > [22mEmpty Path[2m > [22mshould reject whitespace-only path
 [32mΓ£ô[39m v3/@claude-flow/security/__tests__/path-validator.test.ts[2m > [22mPathValidator[2m > [22mSynchronous Validation[2m > [22mshould validate synchronously
 [32mΓ£ô[39m v3/@claude-flow/security/__tests__/path-validator.test.ts[2m > [22mPathValidator[2m > [22mSynchronous Validation[2m > [22mshould detect traversal synchronously
 [31m├ù[39m v3/@claude-flow/security/__tests__/path-validator.test.ts[2m > [22mPathValidator[2m > [22mvalidateOrThrow[2m > [22mshould return path when valid
[31m   ΓåÆ expected 'C:\workspaces\project\src\file.ts' to be '/workspaces/project/src/file.ts' // Object.is equality[39m
 [32mΓ£ô[39m v3/@claude-flow/security/__tests__/path-validator.test.ts[2m > [22mPathValidator[2m > [22mvalidateOrThrow[2m > [22mshould throw when invalid
 [31m├ù[39m v3/@claude-flow/security/__tests__/path-validator.test.ts[2m > [22mPathValidator[2m > [22msecurePath[2m > [22mshould join paths securely
[31m   ΓåÆ expected 'C:\workspaces\project\src\file.ts' to be '/workspaces/project/src/file.ts' // Object.is equality[39m
 [32mΓ£ô[39m v3/@claude-flow/security/__tests__/path-validator.test.ts[2m > [22mPathValidator[2m > [22msecurePath[2m > [22mshould block traversal in segments
 [32mΓ£ô[39m v3/@claude-flow/security/__tests__/path-validator.test.ts[2m > [22mPathValidator[2m > [22misWithinAllowed[2m > [22mshould return true for allowed paths
 [32mΓ£ô[39m v3/@claude-flow/security/__tests__/path-validator.test.ts[2m > [22mPathValidator[2m > [22misWithinAllowed[2m > [22mshould return false for disallowed paths
 [31m├ù[39m v3/@claude-flow/security/__tests__/path-validator.test.ts[2m > [22mPathValidator[2m > [22mFactory Functions[2m > [22mshould create project path validator
[31m   ΓåÆ expected [ 'C:\workspaces\project\src', ΓÇª(2) ] to include '/workspaces/project/src'[39m
 [31m├ù[39m v3/@claude-flow/security/__tests__/path-validator.test.ts[2m > [22mPathValidator[2m > [22mFactory Functions[2m > [22mshould create full project path validator
[31m   ΓåÆ expected [ 'C:\workspaces\project' ] to include '/workspaces/project'[39m
 [32mΓ£ô[39m v3/@claude-flow/security/__tests__/path-validator.test.ts[2m > [22mPathValidator[2m > [22mHIGH-2 Security Verification[2m > [22mshould prevent access to system files via traversal
 [32mΓ£ô[39m v3/@claude-flow/security/__tests__/path-validator.test.ts[2m > [22mPathValidator[2m > [22mHIGH-2 Security Verification[2m > [22mshould resolve symlink-like path attempts
 [32mΓ£ô[39m v3/@claude-flow/security/__tests__/path-validator.test.ts[2m > [22mPathValidator[2m > [22mHIGH-2 Security Verification[2m > [22mshould not allow prefix manipulation
 [31m├ù[39m v3/@claude-flow/security/__tests__/unit/password-hasher.test.ts[2m > [22mPasswordHasher[2m > [22mhash[2m > [22mshould generate salt before hashing
[31m   ΓåÆ Invalid Chai property: toHaveBeenCalledBefore[39m
 [32mΓ£ô[39m v3/@claude-flow/security/__tests__/unit/password-hasher.test.ts[2m > [22mPasswordHasher[2m > [22mhash[2m > [22mshould hash password with configured parameters
 [32mΓ£ô[39m v3/@claude-flow/security/__tests__/unit/password-hasher.test.ts[2m > [22mPasswordHasher[2m > [22mhash[2m > [22mshould return hash from crypto provider
 [32mΓ£ô[39m v3/@claude-flow/security/__tests__/unit/password-hasher.test.ts[2m > [22mPasswordHasher[2m > [22mhash[2m > [22mshould reject passwords shorter than 8 characters
 [32mΓ£ô[39m v3/@claude-flow/security/__tests__/unit/password-hasher.test.ts[2m > [22mPasswordHasher[2m > [22mhash[2m > [22mshould reject empty passwords
 [32mΓ£ô[39m v3/@claude-flow/security/__tests__/unit/password-hasher.test.ts[2m > [22mPasswordHasher[2m > [22mhash[2m > [22mshould use generated salt in hash options
 [32mΓ£ô[39m v3/@claude-flow/security/__tests__/unit/password-hasher.test.ts[2m > [22mPasswordHasher[2m > [22mverify[2m > [22mshould delegate verification to crypto provider
 [32mΓ£ô[39m v3/@claude-flow/security/__tests__/unit/password-hasher.test.ts[2m > [22mPasswordHasher[2m > [22mverify[2m > [22mshould return true for valid password
 [32mΓ£ô[39m v3/@claude-flow/security/__tests__/unit/password-hasher.test.ts[2m > [22mPasswordHasher[2m > [22mverify[2m > [22mshould return false for invalid password
 [32mΓ£ô[39m v3/@claude-flow/security/__tests__/unit/password-hasher.test.ts[2m > [22mPasswordHasher[2m > [22mverify[2m > [22mshould return false for empty password
 [32mΓ£ô[39m v3/@claude-flow/security/__tests__/unit/password-hasher.test.ts[2m > [22mPasswordHasher[2m > [22mverify[2m > [22mshould return false for empty hash
 [32mΓ£ô[39m v3/@claude-flow/security/__tests__/unit/password-hasher.test.ts[2m > [22mPasswordHasher[2m > [22mneedsRehash[2m > [22mshould return false for hash with current parameters
 [32mΓ£ô[39m v3/@claude-flow/security/__tests__/unit/password-hasher.test.ts[2m > [22mPasswordHasher[2m > [22mneedsRehash[2m > [22mshould return true for hash with different memory cost
 [32mΓ£ô[39m v3/@claude-flow/security/__tests__/unit/password-hasher.test.ts[2m > [22mPasswordHasher[2m > [22mneedsRehash[2m > [22mshould return true for hash with different time cost
 [32mΓ£ô[39m v3/@claude-flow/security/__tests__/unit/password-hasher.test.ts[2m > [22mPasswordHasher[2m > [22mneedsRehash[2m > [22mshould return true for hash with different parallelism
 [32mΓ£ô[39m v3/@claude-flow/security/__tests__/unit/password-hasher.test.ts[2m > [22mPasswordHasher[2m > [22mneedsRehash[2m > [22mshould return true for bcrypt hash
 [32mΓ£ô[39m v3/@claude-flow/security/__tests__/unit/password-hasher.test.ts[2m > [22mPasswordHasher[2m > [22merror handling[2m > [22mshould propagate crypto provider errors on hash
 [32mΓ£ô[39m v3/@claude-flow/security/__tests__/unit/password-hasher.test.ts[2m > [22mPasswordHasher[2m > [22merror handling[2m > [22mshould propagate crypto provider errors on verify
 [32mΓ£ô[39m v3/@claude-flow/security/__tests__/unit/password-hasher.test.ts[2m > [22mPasswordHasher[2m > [22minteraction verification[2m > [22mshould not call argon2Hash if salt generation fails
 [32mΓ£ô[39m v3/@claude-flow/security/__tests__/unit/password-hasher.test.ts[2m > [22mPasswordHasher[2m > [22minteraction verification[2m > [22mshould only call crypto provider once per operation
 [32mΓ£ô[39m v3/@claude-flow/security/__tests__/safe-executor.test.ts[2m > [22mSafeExecutor[2m > [22mConfiguration[2m > [22mshould require at least one allowed command
 [32mΓ£ô[39m v3/@claude-flow/security/__tests__/safe-executor.test.ts[2m > [22mSafeExecutor[2m > [22mConfiguration[2m > [22mshould reject dangerous commands in allowlist
 [32mΓ£ô[39m v3/@claude-flow/security/__tests__/safe-executor.test.ts[2m > [22mSafeExecutor[2m > [22mConfiguration[2m > [22mshould reject multiple dangerous commands
 [32mΓ£ô[39m v3/@claude-flow/security/__tests__/safe-executor.test.ts[2m > [22mSafeExecutor[2m > [22mConfiguration[2m > [22mshould allow safe commands
 [31m├ù[39m v3/@claude-flow/security/__tests__/safe-executor.test.ts[2m > [22mSafeExecutor[2m > [22mCommand Validation[2m > [22mshould allow commands in allowlist
[31m   ΓåÆ Command not found: echo[39m
 [32mΓ£ô[39m v3/@claude-flow/security/__tests__/safe-executor.test.ts[2m > [22mSafeExecutor[2m > [22mCommand Validation[2m > [22mshould block commands not in allowlist
 [32mΓ£ô[39m v3/@claude-flow/security/__tests__/safe-executor.test.ts[2m > [22mSafeExecutor[2m > [22mCommand Validation[2m > [22mshould block sudo commands by default
 [32mΓ£ô[39m v3/@claude-flow/plugins/__tests__/sdk.test.ts[2m > [22mPluginBuilder[2m > [22mshould create a basic plugin
 [32mΓ£ô[39m v3/@claude-flow/plugins/__tests__/sdk.test.ts[2m > [22mPluginBuilder[2m > [22mshould add all metadata fields
 [32mΓ£ô[39m v3/@claude-flow/plugins/__tests__/sdk.test.ts[2m > [22mPluginBuilder[2m > [22mshould add MCP tools
 [32mΓ£ô[39m v3/@claude-flow/plugins/__tests__/sdk.test.ts[2m > [22mPluginBuilder[2m > [22mshould add hooks
 [32mΓ£ô[39m v3/@claude-flow/plugins/__tests__/sdk.test.ts[2m > [22mPluginBuilder[2m > [22mshould add workers
 [32mΓ£ô[39m v3/@claude-flow/plugins/__tests__/sdk.test.ts[2m > [22mPluginBuilder[2m > [22mshould call lifecycle handlers
 [32mΓ£ô[39m v3/@claude-flow/plugins/__tests__/sdk.test.ts[2m > [22mMCPToolBuilder[2m > [22mshould build a tool with parameters
 [32mΓ£ô[39m v3/@claude-flow/plugins/__tests__/sdk.test.ts[2m > [22mMCPToolBuilder[2m > [22mshould support array parameters
 [32mΓ£ô[39m v3/@claude-flow/plugins/__tests__/sdk.test.ts[2m > [22mMCPToolBuilder[2m > [22mshould support object parameters
 [32mΓ£ô[39m v3/@claude-flow/plugins/__tests__/sdk.test.ts[2m > [22mMCPToolBuilder[2m > [22mshould throw without handler
 [31m├ù[39m v3/@claude-flow/plugins/__tests__/sdk.test.ts[2m > [22mHookBuilder[2m > [22mshould build a hook with conditions
[31m   ΓåÆ (intermediate value).withName(...).withDescription(...).withPriority(...).when is not a function[39m
 [31m├ù[39m v3/@claude-flow/plugins/__tests__/sdk.test.ts[2m > [22mHookBuilder[2m > [22mshould apply transformers
[31m   ΓåÆ (intermediate value).withName(...).transform is not a function[39m
 [31m├ù[39m v3/@claude-flow/plugins/__tests__/sdk.test.ts[2m > [22mHookBuilder[2m > [22mshould support synchronous mode
[31m   ΓåÆ (intermediate value).synchronous(...).handle is not a function[39m
 [32mΓ£ô[39m v3/@claude-flow/plugins/__tests__/sdk.test.ts[2m > [22mWorkerBuilder[2m > [22mshould build a worker definition
 [32mΓ£ô[39m v3/@claude-flow/plugins/__tests__/sdk.test.ts[2m > [22mWorkerBuilder[2m > [22mshould support specialization vector
 [32mΓ£ô[39m v3/@claude-flow/plugins/__tests__/sdk.test.ts[2m > [22mQuick Plugin Creators[2m > [22mshould create tool-only plugin
 [32mΓ£ô[39m v3/@claude-flow/plugins/__tests__/sdk.test.ts[2m > [22mQuick Plugin Creators[2m > [22mshould create hooks-only plugin
 [32mΓ£ô[39m v3/@claude-flow/plugins/__tests__/sdk.test.ts[2m > [22mQuick Plugin Creators[2m > [22mshould create worker plugin
 [32mΓ£ô[39m v3/@claude-flow/security/__tests__/safe-executor.test.ts[2m > [22mSafeExecutor[2m > [22mCommand Validation[2m > [22mshould allow sudo when configured
 [32mΓ£ô[39m v3/@claude-flow/security/__tests__/safe-executor.test.ts[2m > [22mSafeExecutor[2m > [22mArgument Validation[2m > [22mshould block null bytes in arguments
 [32mΓ£ô[39m v3/@claude-flow/security/__tests__/safe-executor.test.ts[2m > [22mSafeExecutor[2m > [22mArgument Validation[2m > [22mshould block semicolon (command chaining)
 [32mΓ£ô[39m v3/@claude-flow/security/__tests__/safe-executor.test.ts[2m > [22mSafeExecutor[2m > [22mArgument Validation[2m > [22mshould block && (command chaining)
 [32mΓ£ô[39m v3/@claude-flow/security/__tests__/safe-executor.test.ts[2m > [22mSafeExecutor[2m > [22mArgument Validation[2m > [22mshould block || (command chaining)
 [32mΓ£ô[39m v3/@claude-flow/security/__tests__/safe-executor.test.ts[2m > [22mSafeExecutor[2m > [22mArgument Validation[2m > [22mshould block pipe character
 [32mΓ£ô[39m v3/@claude-flow/security/__tests__/safe-executor.test.ts[2m > [22mSafeExecutor[2m > [22mArgument Validation[2m > [22mshould block backticks (command substitution)
 [32mΓ£ô[39m v3/@claude-flow/security/__tests__/safe-executor.test.ts[2m > [22mSafeExecutor[2m > [22mArgument Validation[2m > [22mshould block $() (command substitution)
 [32mΓ£ô[39m v3/@claude-flow/security/__tests__/safe-executor.test.ts[2m > [22mSafeExecutor[2m > [22mArgument Validation[2m > [22mshould block redirect operators
 [32mΓ£ô[39m v3/@claude-flow/security/__tests__/safe-executor.test.ts[2m > [22mSafeExecutor[2m > [22mArgument Validation[2m > [22mshould block newlines
 [31m├ù[39m v3/@claude-flow/security/__tests__/safe-executor.test.ts[2m > [22mSafeExecutor[2m > [22mArgument Validation[2m > [22mshould allow safe arguments
[31m   ΓåÆ Command not found: echo[39m
 [31m├ù[39m v3/@claude-flow/security/__tests__/safe-executor.test.ts[2m > [22mSafeExecutor[2m > [22mArgument Validation[2m > [22mshould allow arguments with dashes
[31m   ΓåÆ Command not found: echo[39m
 [31m├ù[39m v3/@claude-flow/security/__tests__/safe-executor.test.ts[2m > [22mSafeExecutor[2m > [22mArgument Validation[2m > [22mshould allow arguments with equals
[31m   ΓåÆ Command not found: echo[39m
 [32mΓ£ô[39m v3/@claude-flow/security/__tests__/safe-executor.test.ts[2m > [22mSafeExecutor[2m > [22mArgument Sanitization[2m > [22mshould sanitize null bytes
 [32mΓ£ô[39m v3/@claude-flow/security/__tests__/safe-executor.test.ts[2m > [22mSafeExecutor[2m > [22mArgument Sanitization[2m > [22mshould sanitize shell metacharacters
 [31m├ù[39m v3/@claude-flow/security/__tests__/safe-executor.test.ts[2m > [22mSafeExecutor[2m > [22mCommand Execution[2m > [22mshould return stdout
[31m   ΓåÆ Command not found: echo[39m
 [32mΓ£ô[39m v3/@claude-flow/shared/__tests__/hooks/bash-safety.test.ts[2m > [22mBashSafetyHook[2m > [22mdangerous command detection[2m > [22mshould block rm -rf / command
 [32mΓ£ô[39m v3/@claude-flow/shared/__tests__/hooks/bash-safety.test.ts[2m > [22mBashSafetyHook[2m > [22mdangerous command detection[2m > [22mshould block rm -rf /* command
 [32mΓ£ô[39m v3/@claude-flow/shared/__tests__/hooks/bash-safety.test.ts[2m > [22mBashSafetyHook[2m > [22mdangerous command detection[2m > [22mshould block dd to disk device
 [32mΓ£ô[39m v3/@claude-flow/shared/__tests__/hooks/bash-safety.test.ts[2m > [22mBashSafetyHook[2m > [22mdangerous command detection[2m > [22mshould block mkfs commands
 [32mΓ£ô[39m v3/@claude-flow/shared/__tests__/hooks/bash-safety.test.ts[2m > [22mBashSafetyHook[2m > [22mdangerous command detection[2m > [22mshould block fork bomb
 [32mΓ£ô[39m v3/@claude-flow/shared/__tests__/hooks/bash-safety.test.ts[2m > [22mBashSafetyHook[2m > [22mdangerous command detection[2m > [22mshould block chmod 777 on root
 [32mΓ£ô[39m v3/@claude-flow/shared/__tests__/hooks/bash-safety.test.ts[2m > [22mBashSafetyHook[2m > [22mdangerous command detection[2m > [22mshould block curl piped to bash
 [32mΓ£ô[39m v3/@claude-flow/shared/__tests__/hooks/bash-safety.test.ts[2m > [22mBashSafetyHook[2m > [22mdangerous command detection[2m > [22mshould block rm -rf * in current directory
 [32mΓ£ô[39m v3/@claude-flow/shared/__tests__/hooks/bash-safety.test.ts[2m > [22mBashSafetyHook[2m > [22mdangerous command detection[2m > [22mshould block rm -rf on home directory
 [32mΓ£ô[39m v3/@claude-flow/shared/__tests__/hooks/bash-safety.test.ts[2m > [22mBashSafetyHook[2m > [22mwarning-level commands[2m > [22mshould warn about rm without -i flag
 [32mΓ£ô[39m v3/@claude-flow/shared/__tests__/hooks/bash-safety.test.ts[2m > [22mBashSafetyHook[2m > [22mwarning-level commands[2m > [22mshould warn about sudo rm
 [32mΓ£ô[39m v3/@claude-flow/shared/__tests__/hooks/bash-safety.test.ts[2m > [22mBashSafetyHook[2m > [22mwarning-level commands[2m > [22mshould warn about git push --force
 [32mΓ£ô[39m v3/@claude-flow/shared/__tests__/hooks/bash-safety.test.ts[2m > [22mBashSafetyHook[2m > [22mwarning-level commands[2m > [22mshould warn about git reset --hard
 [32mΓ£ô[39m v3/@claude-flow/shared/__tests__/hooks/bash-safety.test.ts[2m > [22mBashSafetyHook[2m > [22mwarning-level commands[2m > [22mshould warn about DROP DATABASE
 [32mΓ£ô[39m v3/@claude-flow/shared/__tests__/hooks/bash-safety.test.ts[2m > [22mBashSafetyHook[2m > [22mwarning-level commands[2m > [22mshould warn about kill -9
 [32mΓ£ô[39m v3/@claude-flow/shared/__tests__/hooks/bash-safety.test.ts[2m > [22mBashSafetyHook[2m > [22msecret detection[2m > [22mshould detect password in command
 [32mΓ£ô[39m v3/@claude-flow/shared/__tests__/hooks/bash-safety.test.ts[2m > [22mBashSafetyHook[2m > [22msecret detection[2m > [22mshould detect API key in command
 [32mΓ£ô[39m v3/@claude-flow/shared/__tests__/hooks/bash-safety.test.ts[2m > [22mBashSafetyHook[2m > [22msecret detection[2m > [22mshould detect bearer token
 [32mΓ£ô[39m v3/@claude-flow/shared/__tests__/hooks/bash-safety.test.ts[2m > [22mBashSafetyHook[2m > [22msecret detection[2m > [22mshould detect OpenAI API key pattern
 [32mΓ£ô[39m v3/@claude-flow/shared/__tests__/hooks/bash-safety.test.ts[2m > [22mBashSafetyHook[2m > [22msecret detection[2m > [22mshould detect GitHub token
 [32mΓ£ô[39m v3/@claude-flow/shared/__tests__/hooks/bash-safety.test.ts[2m > [22mBashSafetyHook[2m > [22msecret detection[2m > [22mshould detect AWS access key
 [32mΓ£ô[39m v3/@claude-flow/shared/__tests__/hooks/bash-safety.test.ts[2m > [22mBashSafetyHook[2m > [22msafe commands[2m > [22mshould pass safe ls command
 [32mΓ£ô[39m v3/@claude-flow/shared/__tests__/hooks/bash-safety.test.ts[2m > [22mBashSafetyHook[2m > [22msafe commands[2m > [22mshould pass safe git status
 [32mΓ£ô[39m v3/@claude-flow/shared/__tests__/hooks/bash-safety.test.ts[2m > [22mBashSafetyHook[2m > [22msafe commands[2m > [22mshould pass npm install
 [32mΓ£ô[39m v3/@claude-flow/shared/__tests__/hooks/bash-safety.test.ts[2m > [22mBashSafetyHook[2m > [22msafe commands[2m > [22mshould pass safe rm -i command
 [32mΓ£ô[39m v3/@claude-flow/shared/__tests__/hooks/bash-safety.test.ts[2m > [22mBashSafetyHook[2m > [22msafe commands[2m > [22mshould pass cat command
 [32mΓ£ô[39m v3/@claude-flow/shared/__tests__/hooks/bash-safety.test.ts[2m > [22mBashSafetyHook[2m > [22msafe alternatives[2m > [22mshould suggest safe alternatives for rm -rf
 [32mΓ£ô[39m v3/@claude-flow/shared/__tests__/hooks/bash-safety.test.ts[2m > [22mBashSafetyHook[2m > [22msafe alternatives[2m > [22mshould suggest safe alternatives for kill -9
 [32mΓ£ô[39m v3/@claude-flow/shared/__tests__/hooks/bash-safety.test.ts[2m > [22mBashSafetyHook[2m > [22mhelper methods[2m > [22mshould check if command would be blocked
 [32mΓ£ô[39m v3/@claude-flow/shared/__tests__/hooks/bash-safety.test.ts[2m > [22mBashSafetyHook[2m > [22mhelper methods[2m > [22mshould allow adding custom dangerous patterns
 [32mΓ£ô[39m v3/@claude-flow/shared/__tests__/hooks/bash-safety.test.ts[2m > [22mBashSafetyHook[2m > [22mhelper methods[2m > [22mshould track available dependencies
 [32mΓ£ô[39m v3/@claude-flow/shared/__tests__/hooks/bash-safety.test.ts[2m > [22mBashSafetyHook[2m > [22mcommand modification[2m > [22mshould add -i flag to rm commands
 [32mΓ£ô[39m v3/@claude-flow/shared/__tests__/hooks/bash-safety.test.ts[2m > [22mBashSafetyHook[2m > [22mcommand modification[2m > [22mshould not modify rm -i commands
 [32mΓ£ô[39m v3/@claude-flow/shared/__tests__/hooks/bash-safety.test.ts[2m > [22mBashSafetyHook[2m > [22mcommand modification[2m > [22mshould not modify blocked commands
 [32mΓ£ô[39m v3/@claude-flow/security/__tests__/safe-executor.test.ts[2m > [22mSafeExecutor[2m > [22mCommand Execution[2m > [22mshould return stderr
 [32mΓ£ô[39m v3/@claude-flow/security/__tests__/safe-executor.test.ts[2m > [22mSafeExecutor[2m > [22mCommand Execution[2m > [22mshould return exit code
 [31m├ù[39m v3/@claude-flow/security/__tests__/safe-executor.test.ts[2m > [22mSafeExecutor[2m > [22mCommand Execution[2m > [22mshould track execution duration
[31m   ΓåÆ Command not found: echo[39m
 [31m├ù[39m v3/@claude-flow/security/__tests__/safe-executor.test.ts[2m > [22mSafeExecutor[2m > [22mCommand Execution[2m > [22mshould include command in result
[31m   ΓåÆ Command not found: echo[39m
 [32mΓ£ô[39m v3/@claude-flow/security/__tests__/safe-executor.test.ts[2m > [22mSafeExecutor[2m > [22mTimeout Handling[2m > [22mshould timeout long-running commands
 [31m├ù[39m v3/@claude-flow/security/__tests__/safe-executor.test.ts[2m > [22mSafeExecutor[2m > [22mStreaming Execution[2m > [22mshould return process handle
[31m   ΓåÆ kill EINVAL[39m
 [31m├ù[39m v3/@claude-flow/security/__tests__/safe-executor.test.ts[2m > [22mSafeExecutor[2m > [22mStreaming Execution[2m > [22mshould stream stdout
[31m   ΓåÆ spawn echo ENOENT[39m
 [32mΓ£ô[39m v3/@claude-flow/security/__tests__/safe-executor.test.ts[2m > [22mSafeExecutor[2m > [22mDynamic Allowlist[2m > [22mshould check if command is allowed
 [32mΓ£ô[39m v3/@claude-flow/security/__tests__/safe-executor.test.ts[2m > [22mSafeExecutor[2m > [22mDynamic Allowlist[2m > [22mshould add commands at runtime
 [32mΓ£ô[39m v3/@claude-flow/security/__tests__/safe-executor.test.ts[2m > [22mSafeExecutor[2m > [22mDynamic Allowlist[2m > [22mshould reject dangerous commands when adding
 [32mΓ£ô[39m v3/@claude-flow/security/__tests__/safe-executor.test.ts[2m > [22mSafeExecutor[2m > [22mDynamic Allowlist[2m > [22mshould return allowed commands
 [32mΓ£ô[39m v3/@claude-flow/security/__tests__/safe-executor.test.ts[2m > [22mSafeExecutor[2m > [22mFactory Functions[2m > [22mshould create development executor
 [32mΓ£ô[39m v3/@claude-flow/security/__tests__/safe-executor.test.ts[2m > [22mSafeExecutor[2m > [22mFactory Functions[2m > [22mshould create read-only executor
 [31m├ù[39m v3/@claude-flow/security/__tests__/safe-executor.test.ts[2m > [22mSafeExecutor[2m > [22mHIGH-1 Security Verification[2m > [22mshould NOT use shell for execution
[31m   ΓåÆ Command not found: echo[39m
 [32mΓ£ô[39m v3/@claude-flow/security/__tests__/safe-executor.test.ts[2m > [22mSafeExecutor[2m > [22mHIGH-1 Security Verification[2m > [22mshould prevent command injection via arguments
 [32mΓ£ô[39m v3/@claude-flow/security/__tests__/safe-executor.test.ts[2m > [22mSafeExecutor[2m > [22mHIGH-1 Security Verification[2m > [22mshould prevent environment variable injection
 [32mΓ£ô[39m v3/@claude-flow/security/__tests__/safe-executor.test.ts[2m > [22mSafeExecutor[2m > [22mHIGH-1 Security Verification[2m > [22mshould not allow arbitrary commands
 [32mΓ£ô[39m v3/@claude-flow/guidance/tests/ledger.test.ts[2m > [22mRunLedger[2m > [22mevent logging[2m > [22mshould log events
 [32mΓ£ô[39m v3/@claude-flow/guidance/tests/ledger.test.ts[2m > [22mRunLedger[2m > [22mevent logging[2m > [22mshould assign unique event IDs
 [32mΓ£ô[39m v3/@claude-flow/guidance/tests/ledger.test.ts[2m > [22mRunLedger[2m > [22mevent logging[2m > [22mshould create events with defaults
 [32mΓ£ô[39m v3/@claude-flow/guidance/tests/ledger.test.ts[2m > [22mRunLedger[2m > [22mevent logging[2m > [22mshould finalize events with duration
 [32mΓ£ô[39m v3/@claude-flow/guidance/tests/ledger.test.ts[2m > [22mRunLedger[2m > [22mevent retrieval[2m > [22mshould get events by task ID
 [32mΓ£ô[39m v3/@claude-flow/guidance/tests/ledger.test.ts[2m > [22mRunLedger[2m > [22mevent retrieval[2m > [22mshould get recent events
 [32mΓ£ô[39m v3/@claude-flow/guidance/tests/ledger.test.ts[2m > [22mRunLedger[2m > [22mevent retrieval[2m > [22mshould get events in time range
 [32mΓ£ô[39m v3/@claude-flow/guidance/tests/ledger.test.ts[2m > [22mRunLedger[2m > [22mmetrics computation[2m > [22mshould compute violation rate per 10 tasks
 [32mΓ£ô[39m v3/@claude-flow/guidance/tests/ledger.test.ts[2m > [22mRunLedger[2m > [22mmetrics computation[2m > [22mshould compute self-correction rate
 [32mΓ£ô[39m v3/@claude-flow/guidance/tests/ledger.test.ts[2m > [22mRunLedger[2m > [22mmetrics computation[2m > [22mshould compute average rework lines
 [32mΓ£ô[39m v3/@claude-flow/guidance/tests/ledger.test.ts[2m > [22mRunLedger[2m > [22mmetrics computation[2m > [22mshould handle empty ledger
 [32mΓ£ô[39m v3/@claude-flow/guidance/tests/ledger.test.ts[2m > [22mRunLedger[2m > [22mviolation ranking[2m > [22mshould rank violations by frequency and cost
 [32mΓ£ô[39m v3/@claude-flow/guidance/tests/ledger.test.ts[2m > [22mRunLedger[2m > [22mexport/import[2m > [22mshould export and import events
 [32mΓ£ô[39m v3/@claude-flow/guidance/tests/ledger.test.ts[2m > [22mEvaluators[2m > [22mTestsPassEvaluator[2m > [22mshould pass when all tests pass
 [32mΓ£ô[39m v3/@claude-flow/guidance/tests/ledger.test.ts[2m > [22mEvaluators[2m > [22mTestsPassEvaluator[2m > [22mshould fail when tests fail
 [32mΓ£ô[39m v3/@claude-flow/guidance/tests/ledger.test.ts[2m > [22mEvaluators[2m > [22mTestsPassEvaluator[2m > [22mshould fail when tests not run
 [32mΓ£ô[39m v3/@claude-flow/guidance/tests/ledger.test.ts[2m > [22mEvaluators[2m > [22mForbiddenCommandEvaluator[2m > [22mshould pass for clean tools
 [32mΓ£ô[39m v3/@claude-flow/guidance/tests/ledger.test.ts[2m > [22mEvaluators[2m > [22mForbiddenCommandEvaluator[2m > [22mshould fail for forbidden commands
 [32mΓ£ô[39m v3/@claude-flow/guidance/tests/ledger.test.ts[2m > [22mEvaluators[2m > [22mViolationRateEvaluator[2m > [22mshould pass within threshold
 [32mΓ£ô[39m v3/@claude-flow/guidance/tests/ledger.test.ts[2m > [22mEvaluators[2m > [22mViolationRateEvaluator[2m > [22mshould fail above threshold
 [32mΓ£ô[39m v3/@claude-flow/guidance/tests/ledger.test.ts[2m > [22mEvaluators[2m > [22mDiffQualityEvaluator[2m > [22mshould pass for low rework ratio
 [32mΓ£ô[39m v3/@claude-flow/guidance/tests/ledger.test.ts[2m > [22mEvaluators[2m > [22mDiffQualityEvaluator[2m > [22mshould fail for high rework ratio
TAP version 13
# Subtest: RvfMigrator
    # Subtest: detectFormat
        # Subtest: detects RVF format by magic bytes
        ok 1 - detects RVF format by magic bytes
          ---
          duration_ms: 62.7643
          type: 'test'
          ...
        # Subtest: detects JSON format
 [32mΓ£ô[39m v3/@claude-flow/browser/tests/agent-browser-adapter.test.ts[2m > [22mAgentBrowserAdapter[2m > [22mconstructor[2m > [22mshould create adapter with default options
 [32mΓ£ô[39m v3/@claude-flow/browser/tests/agent-browser-adapter.test.ts[2m > [22mAgentBrowserAdapter[2m > [22mconstructor[2m > [22mshould create adapter with custom options
 [31m├ù[39m v3/@claude-flow/browser/tests/agent-browser-adapter.test.ts[2m > [22mAgentBrowserAdapter[2m > [22mnavigation[2m > [22mshould open a URL
[31m   ΓåÆ expected false to be true // Object.is equality[39m
 [31m├ù[39m v3/@claude-flow/browser/tests/agent-browser-adapter.test.ts[2m > [22mAgentBrowserAdapter[2m > [22mnavigation[2m > [22mshould go back
[31m   ΓåÆ expected false to be true // Object.is equality[39m
 [31m├ù[39m v3/@claude-flow/browser/tests/agent-browser-adapter.test.ts[2m > [22mAgentBrowserAdapter[2m > [22mnavigation[2m > [22mshould go forward
[31m   ΓåÆ expected false to be true // Object.is equality[39m
 [31m├ù[39m v3/@claude-flow/browser/tests/agent-browser-adapter.test.ts[2m > [22mAgentBrowserAdapter[2m > [22mnavigation[2m > [22mshould reload
[31m   ΓåÆ expected false to be true // Object.is equality[39m
 [31m├ù[39m v3/@claude-flow/browser/tests/agent-browser-adapter.test.ts[2m > [22mAgentBrowserAdapter[2m > [22mnavigation[2m > [22mshould close
[31m   ΓåÆ expected false to be true // Object.is equality[39m
 [31m├ù[39m v3/@claude-flow/browser/tests/agent-browser-adapter.test.ts[2m > [22mAgentBrowserAdapter[2m > [22minteraction[2m > [22mshould click an element
[31m   ΓåÆ expected false to be true // Object.is equality[39m
 [31m├ù[39m v3/@claude-flow/browser/tests/agent-browser-adapter.test.ts[2m > [22mAgentBrowserAdapter[2m > [22minteraction[2m > [22mshould fill an input
[31m   ΓåÆ expected false to be true // Object.is equality[39m
 [31m├ù[39m v3/@claude-flow/browser/tests/agent-browser-adapter.test.ts[2m > [22mAgentBrowserAdapter[2m > [22minteraction[2m > [22mshould type text
[31m   ΓåÆ expected false to be true // Object.is equality[39m
 [31m├ù[39m v3/@claude-flow/browser/tests/agent-browser-adapter.test.ts[2m > [22mAgentBrowserAdapter[2m > [22minteraction[2m > [22mshould press a key
[31m   ΓåÆ expected false to be true // Object.is equality[39m
 [31m├ù[39m v3/@claude-flow/browser/tests/agent-browser-adapter.test.ts[2m > [22mAgentBrowserAdapter[2m > [22minteraction[2m > [22mshould hover an element
[31m   ΓåÆ expected false to be true // Object.is equality[39m
 [31m├ù[39m v3/@claude-flow/browser/tests/agent-browser-adapter.test.ts[2m > [22mAgentBrowserAdapter[2m > [22minteraction[2m > [22mshould scroll
[31m   ΓåÆ expected false to be true // Object.is equality[39m
 [31m├ù[39m v3/@claude-flow/browser/tests/agent-browser-adapter.test.ts[2m > [22mAgentBrowserAdapter[2m > [22minformation retrieval[2m > [22mshould get text
[31m   ΓåÆ expected false to be true // Object.is equality[39m
 [31m├ù[39m v3/@claude-flow/browser/tests/agent-browser-adapter.test.ts[2m > [22mAgentBrowserAdapter[2m > [22minformation retrieval[2m > [22mshould get title
[31m   ΓåÆ expected false to be true // Object.is equality[39m
 [31m├ù[39m v3/@claude-flow/browser/tests/agent-browser-adapter.test.ts[2m > [22mAgentBrowserAdapter[2m > [22minformation retrieval[2m > [22mshould get URL
[31m   ΓåÆ expected false to be true // Object.is equality[39m
 [31m├ù[39m v3/@claude-flow/browser/tests/agent-browser-adapter.test.ts[2m > [22mAgentBrowserAdapter[2m > [22mstate checks[2m > [22mshould check visibility
[31m   ΓåÆ expected false to be true // Object.is equality[39m
 [31m├ù[39m v3/@claude-flow/browser/tests/agent-browser-adapter.test.ts[2m > [22mAgentBrowserAdapter[2m > [22mstate checks[2m > [22mshould check if enabled
[31m   ΓåÆ expected false to be true // Object.is equality[39m
 [31m├ù[39m v3/@claude-flow/browser/tests/agent-browser-adapter.test.ts[2m > [22mAgentBrowserAdapter[2m > [22msnapshot[2m > [22mshould take a snapshot
[31m   ΓåÆ expected false to be true // Object.is equality[39m
 [31m├ù[39m v3/@claude-flow/browser/tests/agent-browser-adapter.test.ts[2m > [22mAgentBrowserAdapter[2m > [22msnapshot[2m > [22mshould take interactive snapshot
[31m   ΓåÆ expected false to be true // Object.is equality[39m
 [31m├ù[39m v3/@claude-flow/browser/tests/agent-browser-adapter.test.ts[2m > [22mAgentBrowserAdapter[2m > [22msnapshot[2m > [22mshould take compact snapshot
[31m   ΓåÆ Cannot read properties of undefined (reading '0')[39m
 [31m├ù[39m v3/@claude-flow/browser/tests/agent-browser-adapter.test.ts[2m > [22mAgentBrowserAdapter[2m > [22mscreenshot[2m > [22mshould take a screenshot
[31m   ΓåÆ expected false to be true // Object.is equality[39m
 [31m├ù[39m v3/@claude-flow/browser/tests/agent-browser-adapter.test.ts[2m > [22mAgentBrowserAdapter[2m > [22mscreenshot[2m > [22mshould take full page screenshot
[31m   ΓåÆ Cannot read properties of undefined (reading '0')[39m
 [31m├ù[39m v3/@claude-flow/browser/tests/agent-browser-adapter.test.ts[2m > [22mAgentBrowserAdapter[2m > [22mwait[2m > [22mshould wait for selector
[31m   ΓåÆ expected false to be true // Object.is equality[39m
 [31m├ù[39m v3/@claude-flow/browser/tests/agent-browser-adapter.test.ts[2m > [22mAgentBrowserAdapter[2m > [22mwait[2m > [22mshould wait for timeout
[31m   ΓåÆ expected false to be true // Object.is equality[39m
 [31m├ù[39m v3/@claude-flow/browser/tests/agent-browser-adapter.test.ts[2m > [22mAgentBrowserAdapter[2m > [22merror handling[2m > [22mshould handle command failure
[31m   ΓåÆ expected '[vitest] No "execFileSync" export is ΓÇª' to contain 'Command failed'[39m
 [31m├ù[39m v3/@claude-flow/browser/tests/agent-browser-adapter.test.ts[2m > [22mAgentBrowserAdapter[2m > [22merror handling[2m > [22mshould handle invalid JSON response
[31m   ΓåÆ expected false to be true // Object.is equality[39m
[90mstderr[2m | v3/plugins/legal-contracts/tests/bridges.test.ts[2m > [22m[2mDAGBridge[2m > 
[22m[2mInitialization[2m > [22m[2mshould initialize successfully[22m[39m
WASM DAG module not available, using JS fallback

[90mstderr[2m | v3/plugins/legal-contracts/tests/bridges.test.ts[2m > [22m[2mDAGBridge[2m > 
[22m[2mInitialization[2m > [22m[2mshould handle double initialization gracefully[22m[39m
WASM DAG module not available, using JS fallback

[90mstderr[2m | v3/plugins/legal-contracts/tests/bridges.test.ts[2m > [22m[2mDAGBridge[2m > [22m[2mBuild 
Dependency Graph[2m > [22m[2mshould build dependency graph from obligations[22m[39m
WASM DAG module not available, using JS fallback

[90mstderr[2m | v3/plugins/legal-contracts/tests/bridges.test.ts[2m > [22m[2mDAGBridge[2m > [22m[2mBuild 
Dependency Graph[2m > [22m[2mshould handle empty obligations[22m[39m
WASM DAG module not available, using JS fallback

[90mstderr[2m | v3/plugins/legal-contracts/tests/bridges.test.ts[2m > [22m[2mDAGBridge[2m > [22m[2mBuild 
Dependency Graph[2m > [22m[2mshould identify critical path[22m[39m
WASM DAG module not available, using JS fallback

[90mstderr[2m | v3/plugins/legal-contracts/tests/bridges.test.ts[2m > [22m[2mDAGBridge[2m > 
[22m[2mTopological Sort[2m > [22m[2mshould perform topological sort[22m[39m
WASM DAG module not available, using JS fallback

[90mstderr[2m | v3/plugins/legal-contracts/tests/bridges.test.ts[2m > [22m[2mDAGBridge[2m > 
[22m[2mTopological Sort[2m > [22m[2mshould handle empty input[22m[39m
WASM DAG module not available, using JS fallback

[90mstderr[2m | v3/plugins/legal-contracts/tests/bridges.test.ts[2m > [22m[2mDAGBridge[2m > [22m[2mCycle 
Detection[2m > [22m[2mshould detect no cycles in valid DAG[22m[39m
WASM DAG module not available, using JS fallback

[90mstderr[2m | v3/plugins/legal-contracts/tests/bridges.test.ts[2m > [22m[2mDAGBridge[2m > [22m[2mCycle 
Detection[2m > [22m[2mshould detect simple cycle[22m[39m
WASM DAG module not available, using JS fallback
Cycle detected in obligation dependencies
Cycle detected in obligation dependencies

[90mstderr[2m | v3/plugins/legal-contracts/tests/bridges.test.ts[2m > [22m[2mDAGBridge[2m > 
[22m[2mJavaScript Fallback[2m > [22m[2mshould work without WASM[22m[39m
WASM DAG module not available, using JS fallback

[90mstderr[2m | v3/plugins/legal-contracts/tests/bridges.test.ts[2m > [22m[2mDAGBridge[2m > 
[22m[2mMemory Management[2m > [22m[2mshould handle multiple operations[22m[39m
WASM DAG module not available, using JS fallback

 [32mΓ£ô[39m v3/plugins/legal-contracts/tests/bridges.test.ts[2m > [22mDAGBridge[2m > [22mInitialization[2m > [22mshould create bridge instance
 [32mΓ£ô[39m v3/plugins/legal-contracts/tests/bridges.test.ts[2m > [22mDAGBridge[2m > [22mInitialization[2m > [22mshould not be initialized before init
 [32mΓ£ô[39m v3/plugins/legal-contracts/tests/bridges.test.ts[2m > [22mDAGBridge[2m > [22mInitialization[2m > [22mshould initialize successfully
 [32mΓ£ô[39m v3/plugins/legal-contracts/tests/bridges.test.ts[2m > [22mDAGBridge[2m > [22mInitialization[2m > [22mshould handle double initialization gracefully
 [32mΓ£ô[39m v3/plugins/legal-contracts/tests/bridges.test.ts[2m > [22mDAGBridge[2m > [22mBuild Dependency Graph[2m > [22mshould build dependency graph from obligations
 [32mΓ£ô[39m v3/plugins/legal-contracts/tests/bridges.test.ts[2m > [22mDAGBridge[2m > [22mBuild Dependency Graph[2m > [22mshould handle empty obligations
 [32mΓ£ô[39m v3/plugins/legal-contracts/tests/bridges.test.ts[2m > [22mDAGBridge[2m > [22mBuild Dependency Graph[2m > [22mshould identify critical path
 [32mΓ£ô[39m v3/plugins/legal-contracts/tests/bridges.test.ts[2m > [22mDAGBridge[2m > [22mTopological Sort[2m > [22mshould perform topological sort
 [32mΓ£ô[39m v3/plugins/legal-contracts/tests/bridges.test.ts[2m > [22mDAGBridge[2m > [22mTopological Sort[2m > [22mshould handle empty input
 [32mΓ£ô[39m v3/plugins/legal-contracts/tests/bridges.test.ts[2m > [22mDAGBridge[2m > [22mCycle Detection[2m > [22mshould detect no cycles in valid DAG
 [32mΓ£ô[39m v3/plugins/legal-contracts/tests/bridges.test.ts[2m > [22mDAGBridge[2m > [22mCycle Detection[2m > [22mshould detect simple cycle
 [32mΓ£ô[39m v3/plugins/legal-contracts/tests/bridges.test.ts[2m > [22mDAGBridge[2m > [22mJavaScript Fallback[2m > [22mshould work without WASM
 [32mΓ£ô[39m v3/plugins/legal-contracts/tests/bridges.test.ts[2m > [22mDAGBridge[2m > [22mMemory Management[2m > [22mshould handle multiple operations
[90mstderr[2m | v3/@claude-flow/memory/src/agentdb-backend.test.ts[2m > [22m[2mAgentDBBackend[2m > 
[22m[2mInitialization[2m > [22m[2mshould initialize successfully[22m[39m
AgentDB not available, using fallback in-memory storage

[90mstderr[2m | v3/@claude-flow/memory/src/agentdb-backend.test.ts[2m > [22m[2mAgentDBBackend[2m > 
[22m[2mInitialization[2m > [22m[2mshould handle missing agentdb gracefully[22m[39m
AgentDB not available, using fallback in-memory storage
AgentDB not available, using fallback in-memory storage

[90mstderr[2m | v3/@claude-flow/memory/src/agentdb-backend.test.ts[2m > [22m[2mAgentDBBackend[2m > 
[22m[2mBasic CRUD Operations[2m > [22m[2mshould store and retrieve entries[22m[39m
AgentDB not available, using fallback in-memory storage

[90mstderr[2m | v3/@claude-flow/memory/src/agentdb-backend.test.ts[2m > [22m[2mAgentDBBackend[2m > 
[22m[2mBasic CRUD Operations[2m > [22m[2mshould get entry by key[22m[39m
AgentDB not available, using fallback in-memory storage

[90mstderr[2m | v3/@claude-flow/memory/src/agentdb-backend.test.ts[2m > [22m[2mAgentDBBackend[2m > 
[22m[2mBasic CRUD Operations[2m > [22m[2mshould update entries[22m[39m
AgentDB not available, using fallback in-memory storage

[90mstderr[2m | v3/@claude-flow/memory/src/agentdb-backend.test.ts[2m > [22m[2mAgentDBBackend[2m > 
[22m[2mBasic CRUD Operations[2m > [22m[2mshould delete entries[22m[39m
AgentDB not available, using fallback in-memory storage

[90mstderr[2m | v3/@claude-flow/memory/src/agentdb-backend.test.ts[2m > [22m[2mAgentDBBackend[2m > 
[22m[2mQuery Operations[2m > [22m[2mshould query by namespace[22m[39m
AgentDB not available, using fallback in-memory storage

[90mstderr[2m | v3/@claude-flow/memory/src/agentdb-backend.test.ts[2m > [22m[2mAgentDBBackend[2m > 
[22m[2mQuery Operations[2m > [22m[2mshould query by exact key[22m[39m
AgentDB not available, using fallback in-memory storage

[90mstderr[2m | v3/@claude-flow/memory/src/agentdb-backend.test.ts[2m > [22m[2mAgentDBBackend[2m > 
[22m[2mQuery Operations[2m > [22m[2mshould query by prefix[22m[39m
AgentDB not available, using fallback in-memory storage

[90mstderr[2m | v3/@claude-flow/memory/src/agentdb-backend.test.ts[2m > [22m[2mAgentDBBackend[2m > 
[22m[2mQuery Operations[2m > [22m[2mshould query by tags[22m[39m
AgentDB not available, using fallback in-memory storage

[90mstderr[2m | v3/@claude-flow/memory/src/agentdb-backend.test.ts[2m > [22m[2mAgentDBBackend[2m > 
[22m[2mVector Search[2m > [22m[2mshould perform brute-force search when agentdb unavailable[22m[39m
AgentDB not available, using fallback in-memory storage

[90mstderr[2m | v3/@claude-flow/memory/src/agentdb-backend.test.ts[2m > [22m[2mAgentDBBackend[2m > 
[22m[2mVector Search[2m > [22m[2mshould handle semantic queries[22m[39m
AgentDB not available, using fallback in-memory storage

[90mstderr[2m | v3/@claude-flow/memory/src/agentdb-backend.test.ts[2m > [22m[2mAgentDBBackend[2m > 
[22m[2mBulk Operations[2m > [22m[2mshould bulk insert entries[22m[39m
AgentDB not available, using fallback in-memory storage

[90mstderr[2m | v3/@claude-flow/memory/src/agentdb-backend.test.ts[2m > [22m[2mAgentDBBackend[2m > 
[22m[2mBulk Operations[2m > [22m[2mshould bulk delete entries[22m[39m
AgentDB not available, using fallback in-memory storage

[90mstderr[2m | v3/@claude-flow/memory/src/agentdb-backend.test.ts[2m > [22m[2mAgentDBBackend[2m > 
[22m[2mStatistics and Health[2m > [22m[2mshould provide backend statistics[22m[39m
AgentDB not available, using fallback in-memory storage

[90mstderr[2m | v3/@claude-flow/memory/src/agentdb-backend.test.ts[2m > [22m[2mAgentDBBackend[2m > 
[22m[2mStatistics and Health[2m > [22m[2mshould perform health checks[22m[39m
AgentDB not available, using fallback in-memory storage

[90mstderr[2m | v3/@claude-flow/memory/src/agentdb-backend.test.ts[2m > [22m[2mAgentDBBackend[2m > 
[22m[2mNamespace Operations[2m > [22m[2mshould list namespaces[22m[39m
AgentDB not available, using fallback in-memory storage

[90mstderr[2m | v3/@claude-flow/memory/src/agentdb-backend.test.ts[2m > [22m[2mAgentDBBackend[2m > 
[22m[2mNamespace Operations[2m > [22m[2mshould count entries by namespace[22m[39m
AgentDB not available, using fallback in-memory storage

[90mstderr[2m | v3/@claude-flow/memory/src/agentdb-backend.test.ts[2m > [22m[2mAgentDBBackend[2m > 
[22m[2mNamespace Operations[2m > [22m[2mshould clear namespace[22m[39m
AgentDB not available, using fallback in-memory storage

[90mstderr[2m | v3/@claude-flow/memory/src/agentdb-backend.test.ts[2m > [22m[2mAgentDBBackend[2m > 
[22m[2mGraceful Degradation[2m > [22m[2mshould work without agentdb package[22m[39m
AgentDB not available, using fallback in-memory storage
AgentDB not available, using fallback in-memory storage

[90mstderr[2m | v3/@claude-flow/memory/src/agentdb-backend.test.ts[2m > [22m[2mAgentDBBackend[2m > 
[22m[2mGraceful Degradation[2m > [22m[2mshould indicate availability status[22m[39m
AgentDB not available, using fallback in-memory storage

 [32mΓ£ô[39m v3/@claude-flow/memory/src/agentdb-backend.test.ts[2m > [22mAgentDBBackend[2m > [22mInitialization[2m > [22mshould initialize successfully[33m 312[2mms[22m[39m
 [32mΓ£ô[39m v3/@claude-flow/memory/src/agentdb-backend.test.ts[2m > [22mAgentDBBackend[2m > [22mInitialization[2m > [22mshould handle missing agentdb gracefully
 [32mΓ£ô[39m v3/@claude-flow/memory/src/agentdb-backend.test.ts[2m > [22mAgentDBBackend[2m > [22mBasic CRUD Operations[2m > [22mshould store and retrieve entries
 [32mΓ£ô[39m v3/@claude-flow/memory/src/agentdb-backend.test.ts[2m > [22mAgentDBBackend[2m > [22mBasic CRUD Operations[2m > [22mshould get entry by key
 [32mΓ£ô[39m v3/@claude-flow/memory/src/agentdb-backend.test.ts[2m > [22mAgentDBBackend[2m > [22mBasic CRUD Operations[2m > [22mshould update entries
 [32mΓ£ô[39m v3/@claude-flow/memory/src/agentdb-backend.test.ts[2m > [22mAgentDBBackend[2m > [22mBasic CRUD Operations[2m > [22mshould delete entries
 [32mΓ£ô[39m v3/@claude-flow/memory/src/agentdb-backend.test.ts[2m > [22mAgentDBBackend[2m > [22mQuery Operations[2m > [22mshould query by namespace
 [32mΓ£ô[39m v3/@claude-flow/memory/src/agentdb-backend.test.ts[2m > [22mAgentDBBackend[2m > [22mQuery Operations[2m > [22mshould query by exact key
 [32mΓ£ô[39m v3/@claude-flow/memory/src/agentdb-backend.test.ts[2m > [22mAgentDBBackend[2m > [22mQuery Operations[2m > [22mshould query by prefix
 [32mΓ£ô[39m v3/@claude-flow/memory/src/agentdb-backend.test.ts[2m > [22mAgentDBBackend[2m > [22mQuery Operations[2m > [22mshould query by tags
 [32mΓ£ô[39m v3/@claude-flow/memory/src/agentdb-backend.test.ts[2m > [22mAgentDBBackend[2m > [22mVector Search[2m > [22mshould perform brute-force search when agentdb unavailable
 [32mΓ£ô[39m v3/@claude-flow/memory/src/agentdb-backend.test.ts[2m > [22mAgentDBBackend[2m > [22mVector Search[2m > [22mshould handle semantic queries
 [32mΓ£ô[39m v3/@claude-flow/memory/src/agentdb-backend.test.ts[2m > [22mAgentDBBackend[2m > [22mBulk Operations[2m > [22mshould bulk insert entries
 [32mΓ£ô[39m v3/@claude-flow/memory/src/agentdb-backend.test.ts[2m > [22mAgentDBBackend[2m > [22mBulk Operations[2m > [22mshould bulk delete entries
 [32mΓ£ô[39m v3/@claude-flow/memory/src/agentdb-backend.test.ts[2m > [22mAgentDBBackend[2m > [22mStatistics and Health[2m > [22mshould provide backend statistics
 [32mΓ£ô[39m v3/@claude-flow/memory/src/agentdb-backend.test.ts[2m > [22mAgentDBBackend[2m > [22mStatistics and Health[2m > [22mshould perform health checks
 [32mΓ£ô[39m v3/@claude-flow/memory/src/agentdb-backend.test.ts[2m > [22mAgentDBBackend[2m > [22mNamespace Operations[2m > [22mshould list namespaces
 [32mΓ£ô[39m v3/@claude-flow/memory/src/agentdb-backend.test.ts[2m > [22mAgentDBBackend[2m > [22mNamespace Operations[2m > [22mshould count entries by namespace
 [32mΓ£ô[39m v3/@claude-flow/memory/src/agentdb-backend.test.ts[2m > [22mAgentDBBackend[2m > [22mNamespace Operations[2m > [22mshould clear namespace
 [32mΓ£ô[39m v3/@claude-flow/memory/src/agentdb-backend.test.ts[2m > [22mAgentDBBackend[2m > [22mGraceful Degradation[2m > [22mshould work without agentdb package
 [32mΓ£ô[39m v3/@claude-flow/memory/src/agentdb-backend.test.ts[2m > [22mAgentDBBackend[2m > [22mGraceful Degradation[2m > [22mshould indicate availability status
[90mstdout[2m | v3/@claude-flow/plugins/examples/plugin-creator/plugin-creator.test.ts[2m > [22m[2mPlugin Creator Plugin[2m > [22m[2mgenerateHookCode[2m > [22m[2mshould create working handler[22m[39m
Hook triggered: hook:post-task-complete { taskId: [32m'123'[39m }

 [32mΓ£ô[39m v3/@claude-flow/plugins/examples/plugin-creator/plugin-creator.test.ts[2m > [22mPlugin Creator Plugin[2m > [22mpluginCreatorPlugin[2m > [22mshould have correct metadata
 [32mΓ£ô[39m v3/@claude-flow/plugins/examples/plugin-creator/plugin-creator.test.ts[2m > [22mPlugin Creator Plugin[2m > [22mpluginCreatorPlugin[2m > [22mshould register MCP tools
 [32mΓ£ô[39m v3/@claude-flow/plugins/examples/plugin-creator/plugin-creator.test.ts[2m > [22mPlugin Creator Plugin[2m > [22mpluginCreatorPlugin[2m > [22mshould register hooks
 [32mΓ£ô[39m v3/@claude-flow/plugins/examples/plugin-creator/plugin-creator.test.ts[2m > [22mPlugin Creator Plugin[2m > [22mpluginCreatorPlugin[2m > [22mshould register workers
 [32mΓ£ô[39m v3/@claude-flow/plugins/examples/plugin-creator/plugin-creator.test.ts[2m > [22mPlugin Creator Plugin[2m > [22mPLUGIN_TEMPLATES[2m > [22mshould have all expected templates
 [32mΓ£ô[39m v3/@claude-flow/plugins/examples/plugin-creator/plugin-creator.test.ts[2m > [22mPlugin Creator Plugin[2m > [22mPLUGIN_TEMPLATES[2m > [22mshould have valid template structures
 [32mΓ£ô[39m v3/@claude-flow/plugins/examples/plugin-creator/plugin-creator.test.ts[2m > [22mPlugin Creator Plugin[2m > [22mgeneratePlugin[2m > [22mshould generate a minimal plugin
 [32mΓ£ô[39m v3/@claude-flow/plugins/examples/plugin-creator/plugin-creator.test.ts[2m > [22mPlugin Creator Plugin[2m > [22mgeneratePlugin[2m > [22mshould generate a plugin with tools
 [32mΓ£ô[39m v3/@claude-flow/plugins/examples/plugin-creator/plugin-creator.test.ts[2m > [22mPlugin Creator Plugin[2m > [22mgeneratePlugin[2m > [22mshould generate a plugin with hooks
 [32mΓ£ô[39m v3/@claude-flow/plugins/examples/plugin-creator/plugin-creator.test.ts[2m > [22mPlugin Creator Plugin[2m > [22mgeneratePlugin[2m > [22mshould generate a plugin with workers
 [32mΓ£ô[39m v3/@claude-flow/plugins/examples/plugin-creator/plugin-creator.test.ts[2m > [22mPlugin Creator Plugin[2m > [22mgeneratePlugin[2m > [22mshould generate a plugin with swarm capabilities
 [32mΓ£ô[39m v3/@claude-flow/plugins/examples/plugin-creator/plugin-creator.test.ts[2m > [22mPlugin Creator Plugin[2m > [22mgeneratePlugin[2m > [22mshould apply template features
 [32mΓ£ô[39m v3/@claude-flow/plugins/examples/plugin-creator/plugin-creator.test.ts[2m > [22mPlugin Creator Plugin[2m > [22mgeneratePlugin[2m > [22mshould reject invalid plugin names
 [32mΓ£ô[39m v3/@claude-flow/plugins/examples/plugin-creator/plugin-creator.test.ts[2m > [22mPlugin Creator Plugin[2m > [22mgenerateToolCode[2m > [22mshould generate valid tool definition
 [32mΓ£ô[39m v3/@claude-flow/plugins/examples/plugin-creator/plugin-creator.test.ts[2m > [22mPlugin Creator Plugin[2m > [22mgenerateToolCode[2m > [22mshould sanitize invalid tool names
 [32mΓ£ô[39m v3/@claude-flow/plugins/examples/plugin-creator/plugin-creator.test.ts[2m > [22mPlugin Creator Plugin[2m > [22mgenerateToolCode[2m > [22mshould create working handler
 [32mΓ£ô[39m v3/@claude-flow/plugins/examples/plugin-creator/plugin-creator.test.ts[2m > [22mPlugin Creator Plugin[2m > [22mgenerateHookCode[2m > [22mshould generate valid hook definition
 [32mΓ£ô[39m v3/@claude-flow/plugins/examples/plugin-creator/plugin-creator.test.ts[2m > [22mPlugin Creator Plugin[2m > [22mgenerateHookCode[2m > [22mshould create working handler
 [32mΓ£ô[39m v3/@claude-flow/plugins/examples/plugin-creator/plugin-creator.test.ts[2m > [22mPlugin Creator Plugin[2m > [22mgenerateWorkerCode[2m > [22mshould generate valid worker definitions for known types
 [32mΓ£ô[39m v3/@claude-flow/plugins/examples/plugin-creator/plugin-creator.test.ts[2m > [22mPlugin Creator Plugin[2m > [22mgenerateWorkerCode[2m > [22mshould fallback to specialized for unknown types
 [32mΓ£ô[39m v3/@claude-flow/plugins/examples/plugin-creator/plugin-creator.test.ts[2m > [22mPlugin Creator Plugin[2m > [22mgenerateAgentTypeCode[2m > [22mshould generate valid agent type definition
 [32mΓ£ô[39m v3/@claude-flow/plugins/examples/plugin-creator/plugin-creator.test.ts[2m > [22mPlugin Creator Plugin[2m > [22mgenerateAgentTypeCode[2m > [22mshould sanitize invalid agent type names
 [32mΓ£ô[39m v3/@claude-flow/plugins/examples/plugin-creator/plugin-creator.test.ts[2m > [22mMCP Tool Handlers[2m > [22mcreate-plugin tool should work
 [32mΓ£ô[39m v3/@claude-flow/plugins/examples/plugin-creator/plugin-creator.test.ts[2m > [22mMCP Tool Handlers[2m > [22mlist-plugin-templates tool should work
 [32mΓ£ô[39m v3/@claude-flow/plugins/examples/plugin-creator/plugin-creator.test.ts[2m > [22mMCP Tool Handlers[2m > [22mgenerate-tool tool should work
 [32mΓ£ô[39m v3/@claude-flow/plugins/examples/plugin-creator/plugin-creator.test.ts[2m > [22mMCP Tool Handlers[2m > [22mgenerate-hook tool should work
 [32mΓ£ô[39m v3/@claude-flow/plugins/examples/plugin-creator/plugin-creator.test.ts[2m > [22mMCP Tool Handlers[2m > [22mgenerate-worker tool should work
 [32mΓ£ô[39m v3/@claude-flow/claims/tests/domain.test.ts[2m > [22mDomain Types (ADR-016)[2m > [22mClaimId Generation[2m > [22mshould generate unique claim IDs
 [32mΓ£ô[39m v3/@claude-flow/claims/tests/domain.test.ts[2m > [22mDomain Types (ADR-016)[2m > [22mClaimId Generation[2m > [22mshould generate IDs with timestamp component
 [32mΓ£ô[39m v3/@claude-flow/claims/tests/domain.test.ts[2m > [22mDomain Types (ADR-016)[2m > [22mClaimStatus[2m > [22mshould include all ADR-016 statuses
 [32mΓ£ô[39m v3/@claude-flow/claims/tests/domain.test.ts[2m > [22mDomain Types (ADR-016)[2m > [22mClaimStatus[2m > [22mshould correctly identify active claim statuses
 [32mΓ£ô[39m v3/@claude-flow/claims/tests/domain.test.ts[2m > [22mDomain Types (ADR-016)[2m > [22mStatus Transitions[2m > [22mshould define valid transitions from active
 [32mΓ£ô[39m v3/@claude-flow/claims/tests/domain.test.ts[2m > [22mDomain Types (ADR-016)[2m > [22mStatus Transitions[2m > [22mshould allow no transitions from completed (terminal state)
 [32mΓ£ô[39m v3/@claude-flow/claims/tests/domain.test.ts[2m > [22mDomain Types (ADR-016)[2m > [22mStatus Transitions[2m > [22mshould allow stealable to transition to active or completed
 [32mΓ£ô[39m v3/@claude-flow/claims/tests/domain.test.ts[2m > [22mDomain Types (ADR-016)[2m > [22mStealReason[2m > [22mshould include all ADR-016 steal reasons
 [32mΓ£ô[39m v3/@claude-flow/claims/tests/domain.test.ts[2m > [22mDomain Types (ADR-016)[2m > [22mHandoffReason[2m > [22mshould include all ADR-016 handoff reasons
 [32mΓ£ô[39m v3/@claude-flow/claims/tests/domain.test.ts[2m > [22mDomain Types (ADR-016)[2m > [22mDefault Configurations[2m > [22mshould have valid work stealing config defaults
 [32mΓ£ô[39m v3/@claude-flow/claims/tests/domain.test.ts[2m > [22mDomain Types (ADR-016)[2m > [22mDefault Configurations[2m > [22mshould have valid load balancing config defaults
 [32mΓ£ô[39m v3/@claude-flow/claims/tests/domain.test.ts[2m > [22mDomain Events (ADR-016)[2m > [22mClaim Lifecycle Events[2m > [22mshould create a valid ClaimCreatedEvent
 [32mΓ£ô[39m v3/@claude-flow/claims/tests/domain.test.ts[2m > [22mDomain Events (ADR-016)[2m > [22mClaim Lifecycle Events[2m > [22mshould create a valid ClaimReleasedEvent
 [32mΓ£ô[39m v3/@claude-flow/claims/tests/domain.test.ts[2m > [22mDomain Events (ADR-016)[2m > [22mClaim Lifecycle Events[2m > [22mshould create a valid ClaimStatusChangedEvent
 [32mΓ£ô[39m v3/@claude-flow/claims/tests/domain.test.ts[2m > [22mDomain Events (ADR-016)[2m > [22mHandoff Events[2m > [22mshould create a valid HandoffRequestedEvent
 [32mΓ£ô[39m v3/@claude-flow/claims/tests/domain.test.ts[2m > [22mDomain Events (ADR-016)[2m > [22mWork Stealing Events (ADR-016)[2m > [22mshould create a valid IssueMarkedStealableEvent
 [32mΓ£ô[39m v3/@claude-flow/claims/tests/domain.test.ts[2m > [22mDomain Events (ADR-016)[2m > [22mEvent Metadata[2m > [22mshould include timestamp on all events
 [32mΓ£ô[39m v3/@claude-flow/claims/tests/domain.test.ts[2m > [22mDomain Events (ADR-016)[2m > [22mEvent Metadata[2m > [22mshould include version number on all events
 [32mΓ£ô[39m v3/@claude-flow/claims/tests/domain.test.ts[2m > [22mDomain Events (ADR-016)[2m > [22mEvent Metadata[2m > [22mshould include source on all events
 [32mΓ£ô[39m v3/@claude-flow/plugins/__tests__/ruvector-streaming.test.ts[2m > [22mRuVector Streaming[2m > [22mPipeline Composition[2m > [22mshould handle errors in pipeline[33m 1323[2mms[22m[39m
 [32mΓ£ô[39m v3/@claude-flow/plugins/__tests__/ruvector-streaming.test.ts[2m > [22mRuVector Streaming[2m > [22mPipeline Composition[2m > [22mshould support async generators[33m 982[2mms[22m[39m
 [32mΓ£ô[39m v3/@claude-flow/plugins/__tests__/ruvector-streaming.test.ts[2m > [22mRuVector Streaming[2m > [22mMemory Efficiency[2m > [22mshould process large datasets with constant memory[33m 1890[2mms[22m[39m
 [32mΓ£ô[39m v3/@claude-flow/plugins/__tests__/ruvector-streaming.test.ts[2m > [22mRuVector Streaming[2m > [22mMemory Efficiency[2m > [22mshould release references after streaming[33m 1553[2mms[22m[39m
 [32mΓ£ô[39m v3/@claude-flow/plugins/__tests__/ruvector-streaming.test.ts[2m > [22mRuVector Streaming[2m > [22mEdge Cases[2m > [22mshould handle empty result stream[33m 954[2mms[22m[39m
 [32mΓ£ô[39m v3/@claude-flow/plugins/__tests__/ruvector-streaming.test.ts[2m > [22mRuVector Streaming[2m > [22mEdge Cases[2m > [22mshould handle single result[33m 1027[2mms[22m[39m
 [32mΓ£ô[39m v3/@claude-flow/plugins/__tests__/ruvector-streaming.test.ts[2m > [22mRuVector Streaming[2m > [22mEdge Cases[2m > [22mshould handle stream destruction[33m 1071[2mms[22m[39m
 [32mΓ£ô[39m v3/@claude-flow/plugins/__tests__/ruvector-streaming.test.ts[2m > [22mRuVector Streaming[2m > [22mEdge Cases[2m > [22mshould handle concurrent stream consumption[33m 1699[2mms[22m[39m
 [32mΓ£ô[39m v3/plugins/financial-risk/tests/bridges.test.ts[2m > [22mFinancialEconomyBridge[2m > [22mInitialization[2m > [22mshould create bridge instance
[90mstderr[2m | v3/plugins/financial-risk/tests/bridges.test.ts[2m > [22m[2mFinancialEconomyBridge[2m > 
[22m[2mInitialization[2m > [22m[2mshould initialize successfully[22m[39m
[economy-bridge] WASM module not available, using JavaScript fallback [90mundefined[39m

[90mstderr[2m | v3/plugins/financial-risk/tests/bridges.test.ts[2m > [22m[2mFinancialEconomyBridge[2m > 
[22m[2mInitialization[2m > [22m[2mshould initialize with custom config[22m[39m
[economy-bridge] WASM module not available, using JavaScript fallback [90mundefined[39m

 [32mΓ£ô[39m v3/plugins/financial-risk/tests/bridges.test.ts[2m > [22mFinancialEconomyBridge[2m > [22mInitialization[2m > [22mshould initialize successfully
 [32mΓ£ô[39m v3/plugins/financial-risk/tests/bridges.test.ts[2m > [22mFinancialEconomyBridge[2m > [22mInitialization[2m > [22mshould initialize with custom config
[90mstderr[2m | v3/plugins/financial-risk/tests/bridges.test.ts[2m > [22m[2mFinancialEconomyBridge[2m > 
[22m[2mInitialization[2m > [22m[2mshould handle double initialization gracefully[22m[39m
[economy-bridge] WASM module not available, using JavaScript fallback [90mundefined[39m
[economy-bridge] WASM module not available, using JavaScript fallback [90mundefined[39m

[90mstderr[2m | v3/plugins/financial-risk/tests/bridges.test.ts[2m > [22m[2mFinancialEconomyBridge[2m > 
[22m[2mLifecycle[2m > [22m[2mshould destroy successfully[22m[39m
[economy-bridge] WASM module not available, using JavaScript fallback [90mundefined[39m

 [32mΓ£ô[39m v3/plugins/financial-risk/tests/bridges.test.ts[2m > [22mFinancialEconomyBridge[2m > [22mInitialization[2m > [22mshould handle double initialization gracefully
 [32mΓ£ô[39m v3/plugins/financial-risk/tests/bridges.test.ts[2m > [22mFinancialEconomyBridge[2m > [22mLifecycle[2m > [22mshould destroy successfully
 [32mΓ£ô[39m v3/plugins/financial-risk/tests/bridges.test.ts[2m > [22mFinancialEconomyBridge[2m > [22mLifecycle[2m > [22mshould handle destroy when not initialized
[90mstderr[2m | v3/plugins/financial-risk/tests/bridges.test.ts[2m > [22m[2mFinancialEconomyBridge[2m > 
[22m[2mLifecycle[2m > [22m[2mshould reinitialize after destroy[22m[39m
[economy-bridge] WASM module not available, using JavaScript fallback [90mundefined[39m

[90mstderr[2m | v3/plugins/financial-risk/tests/bridges.test.ts[2m > [22m[2mFinancialEconomyBridge[2m > 
[22m[2mLifecycle[2m > [22m[2mshould reinitialize after destroy[22m[39m
[economy-bridge] WASM module not available, using JavaScript fallback [90mundefined[39m

 [32mΓ£ô[39m v3/plugins/financial-risk/tests/bridges.test.ts[2m > [22mFinancialEconomyBridge[2m > [22mLifecycle[2m > [22mshould reinitialize after destroy
[90mstderr[2m | v3/plugins/financial-risk/tests/bridges.test.ts[2m > [22m[2mFinancialEconomyBridge[2m > 
[22m[2mRisk Calculations[2m > [22m[2mshould calculate risk metrics for portfolio[22m[39m
[economy-bridge] WASM module not available, using JavaScript fallback [90mundefined[39m

[90mstderr[2m | v3/plugins/financial-risk/tests/bridges.test.ts[2m > [22m[2mFinancialEconomyBridge[2m > 
[22m[2mRisk Calculations[2m > [22m[2mshould handle empty portfolio[22m[39m
[economy-bridge] WASM module not available, using JavaScript fallback [90mundefined[39m

[90mstderr[2m | v3/plugins/financial-risk/tests/bridges.test.ts[2m > [22m[2mFinancialEconomyBridge[2m > 
[22m[2mRisk Calculations[2m > [22m[2mshould run Monte Carlo simulation[22m[39m
[economy-bridge] WASM module not available, using JavaScript fallback [90mundefined[39m

[90mstderr[2m | v3/plugins/financial-risk/tests/bridges.test.ts[2m > [22m[2mFinancialEconomyBridge[2m > 
[22m[2mRisk Calculation Methods[2m > [22m[2mshould calculate VaR[22m[39m
[economy-bridge] WASM module not available, using JavaScript fallback [90mundefined[39m

[90mstderr[2m | v3/plugins/financial-risk/tests/bridges.test.ts[2m > [22m[2mFinancialEconomyBridge[2m > 
[22m[2mRisk Calculation Methods[2m > [22m[2mshould calculate CVaR[22m[39m
[economy-bridge] WASM module not available, using JavaScript fallback [90mundefined[39m

[90mstderr[2m | v3/plugins/financial-risk/tests/bridges.test.ts[2m > [22m[2mFinancialEconomyBridge[2m > 
[22m[2mJavaScript Fallback[2m > [22m[2mshould work without WASM[22m[39m
[economy-bridge] WASM module not available, using JavaScript fallback [90mundefined[39m

[90mstderr[2m | v3/plugins/financial-risk/tests/bridges.test.ts[2m > [22m[2mFinancialEconomyBridge[2m > 
[22m[2mMemory Management[2m > [22m[2mshould release resources on destroy[22m[39m
[economy-bridge] WASM module not available, using JavaScript fallback [90mundefined[39m

[90mstderr[2m | v3/plugins/financial-risk/tests/bridges.test.ts[2m > [22m[2mFinancialEconomyBridge[2m > 
[22m[2mMemory Management[2m > [22m[2mshould handle multiple init/destroy cycles[22m[39m
[economy-bridge] WASM module not available, using JavaScript fallback [90mundefined[39m

 [32mΓ£ô[39m v3/plugins/financial-risk/tests/bridges.test.ts[2m > [22mFinancialEconomyBridge[2m > [22mRisk Calculations[2m > [22mshould calculate risk metrics for portfolio
 [32mΓ£ô[39m v3/plugins/financial-risk/tests/bridges.test.ts[2m > [22mFinancialEconomyBridge[2m > [22mRisk Calculations[2m > [22mshould handle empty portfolio
 [32mΓ£ô[39m v3/plugins/financial-risk/tests/bridges.test.ts[2m > [22mFinancialEconomyBridge[2m > [22mRisk Calculations[2m > [22mshould run Monte Carlo simulation
 [32mΓ£ô[39m v3/plugins/financial-risk/tests/bridges.test.ts[2m > [22mFinancialEconomyBridge[2m > [22mRisk Calculation Methods[2m > [22mshould calculate VaR
 [32mΓ£ô[39m v3/plugins/financial-risk/tests/bridges.test.ts[2m > [22mFinancialEconomyBridge[2m > [22mRisk Calculation Methods[2m > [22mshould calculate CVaR
 [32mΓ£ô[39m v3/plugins/financial-risk/tests/bridges.test.ts[2m > [22mFinancialEconomyBridge[2m > [22mJavaScript Fallback[2m > [22mshould work without WASM
 [32mΓ£ô[39m v3/plugins/financial-risk/tests/bridges.test.ts[2m > [22mFinancialEconomyBridge[2m > [22mMemory Management[2m > [22mshould release resources on destroy
[90mstderr[2m | v3/plugins/financial-risk/tests/bridges.test.ts[2m > [22m[2mFinancialEconomyBridge[2m > 
[22m[2mMemory Management[2m > [22m[2mshould handle multiple init/destroy cycles[22m[39m
[economy-bridge] WASM module not available, using JavaScript fallback [90mundefined[39m
[economy-bridge] WASM module not available, using JavaScript fallback [90mundefined[39m

[90mstderr[2m | v3/plugins/financial-risk/tests/bridges.test.ts[2m > [22m[2mFinancialSparseBridge[2m > 
[22m[2mInitialization[2m > [22m[2mshould initialize successfully[22m[39m
[sparse-bridge] WASM module not available, using JavaScript fallback [90mundefined[39m

[90mstderr[2m | v3/plugins/financial-risk/tests/bridges.test.ts[2m > [22m[2mFinancialSparseBridge[2m > 
[22m[2mInitialization[2m > [22m[2mshould initialize with custom config[22m[39m
[sparse-bridge] WASM module not available, using JavaScript fallback [90mundefined[39m

 [32mΓ£ô[39m v3/plugins/financial-risk/tests/bridges.test.ts[2m > [22mFinancialEconomyBridge[2m > [22mMemory Management[2m > [22mshould handle multiple init/destroy cycles
 [32mΓ£ô[39m v3/plugins/financial-risk/tests/bridges.test.ts[2m > [22mFinancialSparseBridge[2m > [22mInitialization[2m > [22mshould create bridge instance
 [32mΓ£ô[39m v3/plugins/financial-risk/tests/bridges.test.ts[2m > [22mFinancialSparseBridge[2m > [22mInitialization[2m > [22mshould initialize successfully
 [32mΓ£ô[39m v3/plugins/financial-risk/tests/bridges.test.ts[2m > [22mFinancialSparseBridge[2m > [22mInitialization[2m > [22mshould initialize with custom config
[90mstderr[2m | v3/plugins/financial-risk/tests/bridges.test.ts[2m > [22m[2mFinancialSparseBridge[2m > 
[22m[2mInitialization[2m > [22m[2mshould handle double initialization gracefully[22m[39m
[sparse-bridge] WASM module not available, using JavaScript fallback [90mundefined[39m

[90mstderr[2m | v3/plugins/financial-risk/tests/bridges.test.ts[2m > [22m[2mFinancialSparseBridge[2m > 
[22m[2mInitialization[2m > [22m[2mshould handle double initialization gracefully[22m[39m
[sparse-bridge] WASM module not available, using JavaScript fallback [90mundefined[39m

[90mstderr[2m | v3/plugins/financial-risk/tests/bridges.test.ts[2m > [22m[2mFinancialSparseBridge[2m > 
[22m[2mLifecycle[2m > [22m[2mshould destroy successfully[22m[39m
[sparse-bridge] WASM module not available, using JavaScript fallback [90mundefined[39m

[90mstderr[2m | v3/plugins/financial-risk/tests/bridges.test.ts[2m > [22m[2mFinancialSparseBridge[2m > 
[22m[2mAnomaly Detection[2m > [22m[2mshould detect anomalies in transactions[22m[39m
[sparse-bridge] WASM module not available, using JavaScript fallback [90mundefined[39m

[90mstderr[2m | v3/plugins/financial-risk/tests/bridges.test.ts[2m > [22m[2mFinancialSparseBridge[2m > 
[22m[2mAnomaly Detection[2m > [22m[2mshould handle empty transactions[22m[39m
[sparse-bridge] WASM module not available, using JavaScript fallback [90mundefined[39m

[90mstderr[2m | v3/plugins/financial-risk/tests/bridges.test.ts[2m > [22m[2mFinancialSparseBridge[2m > 
[22m[2mAnomaly Detection[2m > [22m[2mshould detect transaction anomalies with FinancialTransaction 
objects[22m[39m
[sparse-bridge] WASM module not available, using JavaScript fallback [90mundefined[39m

[90mstderr[2m | v3/plugins/financial-risk/tests/bridges.test.ts[2m > [22m[2mFinancialSparseBridge[2m > 
[22m[2mMarket Regime Classification[2m > [22m[2mshould classify market regime[22m[39m
[sparse-bridge] WASM module not available, using JavaScript fallback [90mundefined[39m

[90mstderr[2m | v3/plugins/financial-risk/tests/bridges.test.ts[2m > [22m[2mFinancialSparseBridge[2m > 
[22m[2mJavaScript Fallback[2m > [22m[2mshould work without WASM[22m[39m
[sparse-bridge] WASM module not available, using JavaScript fallback [90mundefined[39m

[90mstderr[2m | v3/plugins/financial-risk/tests/bridges.test.ts[2m > [22m[2mFinancialSparseBridge[2m > 
[22m[2mMemory Management[2m > [22m[2mshould release resources on destroy[22m[39m
[sparse-bridge] WASM module not available, using JavaScript fallback [90mundefined[39m

 [32mΓ£ô[39m v3/plugins/financial-risk/tests/bridges.test.ts[2m > [22mFinancialSparseBridge[2m > [22mInitialization[2m > [22mshould handle double initialization gracefully
 [32mΓ£ô[39m v3/plugins/financial-risk/tests/bridges.test.ts[2m > [22mFinancialSparseBridge[2m > [22mLifecycle[2m > [22mshould destroy successfully
 [32mΓ£ô[39m v3/plugins/financial-risk/tests/bridges.test.ts[2m > [22mFinancialSparseBridge[2m > [22mLifecycle[2m > [22mshould handle destroy when not initialized
 [32mΓ£ô[39m v3/plugins/financial-risk/tests/bridges.test.ts[2m > [22mFinancialSparseBridge[2m > [22mAnomaly Detection[2m > [22mshould detect anomalies in transactions
 [32mΓ£ô[39m v3/plugins/financial-risk/tests/bridges.test.ts[2m > [22mFinancialSparseBridge[2m > [22mAnomaly Detection[2m > [22mshould handle empty transactions
 [32mΓ£ô[39m v3/plugins/financial-risk/tests/bridges.test.ts[2m > [22mFinancialSparseBridge[2m > [22mAnomaly Detection[2m > [22mshould detect transaction anomalies with FinancialTransaction objects
 [32mΓ£ô[39m v3/plugins/financial-risk/tests/bridges.test.ts[2m > [22mFinancialSparseBridge[2m > [22mMarket Regime Classification[2m > [22mshould classify market regime
 [32mΓ£ô[39m v3/plugins/financial-risk/tests/bridges.test.ts[2m > [22mFinancialSparseBridge[2m > [22mJavaScript Fallback[2m > [22mshould work without WASM
 [32mΓ£ô[39m v3/plugins/financial-risk/tests/bridges.test.ts[2m > [22mFinancialSparseBridge[2m > [22mMemory Management[2m > [22mshould release resources on destroy
[90mstderr[2m | v3/plugins/financial-risk/tests/bridges.test.ts[2m > [22m[2mFinancialSparseBridge[2m > 
[22m[2mMemory Management[2m > [22m[2mshould handle multiple init/destroy cycles[22m[39m
[sparse-bridge] WASM module not available, using JavaScript fallback [90mundefined[39m
[sparse-bridge] WASM module not available, using JavaScript fallback [90mundefined[39m

[90mstderr[2m | v3/plugins/financial-risk/tests/bridges.test.ts[2m > [22m[2mFinancialSparseBridge[2m > 
[22m[2mMemory Management[2m > [22m[2mshould handle multiple init/destroy cycles[22m[39m
[sparse-bridge] WASM module not available, using JavaScript fallback [90mundefined[39m

 [32mΓ£ô[39m v3/plugins/financial-risk/tests/bridges.test.ts[2m > [22mFinancialSparseBridge[2m > [22mMemory Management[2m > [22mshould handle multiple init/destroy cycles
 [32mΓ£ô[39m v3/@claude-flow/browser/tests/memory-integration.test.ts[2m > [22mClaudeFlowMemoryAdapter[2m > [22mstore and retrieve[2m > [22mshould store and retrieve a memory entry
 [32mΓ£ô[39m v3/@claude-flow/browser/tests/memory-integration.test.ts[2m > [22mClaudeFlowMemoryAdapter[2m > [22mstore and retrieve[2m > [22mshould return null for non-existent key
 [32mΓ£ô[39m v3/@claude-flow/browser/tests/memory-integration.test.ts[2m > [22mClaudeFlowMemoryAdapter[2m > [22msearch[2m > [22mshould search by keyword
 [32mΓ£ô[39m v3/@claude-flow/browser/tests/memory-integration.test.ts[2m > [22mClaudeFlowMemoryAdapter[2m > [22msearch[2m > [22mshould filter by type
 [32mΓ£ô[39m v3/@claude-flow/browser/tests/memory-integration.test.ts[2m > [22mClaudeFlowMemoryAdapter[2m > [22msearch[2m > [22mshould limit results with topK
 [32mΓ£ô[39m v3/@claude-flow/browser/tests/memory-integration.test.ts[2m > [22mClaudeFlowMemoryAdapter[2m > [22msearch[2m > [22mshould filter by minimum score
 [32mΓ£ô[39m v3/@claude-flow/browser/tests/memory-integration.test.ts[2m > [22mClaudeFlowMemoryAdapter[2m > [22mdelete[2m > [22mshould delete an entry
 [32mΓ£ô[39m v3/@claude-flow/browser/tests/memory-integration.test.ts[2m > [22mClaudeFlowMemoryAdapter[2m > [22mlist[2m > [22mshould list entries with filters
 [32mΓ£ô[39m v3/@claude-flow/browser/tests/memory-integration.test.ts[2m > [22mClaudeFlowMemoryAdapter[2m > [22mgetStats[2m > [22mshould return memory statistics
 [32mΓ£ô[39m v3/@claude-flow/browser/tests/memory-integration.test.ts[2m > [22mBrowserMemoryManager[2m > [22mstoreTrajectory[2m > [22mshould store a completed trajectory
 [32mΓ£ô[39m v3/@claude-flow/browser/tests/memory-integration.test.ts[2m > [22mBrowserMemoryManager[2m > [22mstorePattern[2m > [22mshould store a learned pattern
 [32mΓ£ô[39m v3/@claude-flow/browser/tests/memory-integration.test.ts[2m > [22mBrowserMemoryManager[2m > [22mstoreSnapshot[2m > [22mshould store a snapshot
 [32mΓ£ô[39m v3/@claude-flow/browser/tests/memory-integration.test.ts[2m > [22mBrowserMemoryManager[2m > [22mstoreError[2m > [22mshould store an error
 [32mΓ£ô[39m v3/@claude-flow/browser/tests/memory-integration.test.ts[2m > [22mBrowserMemoryManager[2m > [22mfindSimilarTrajectories[2m > [22mshould find trajectories similar to a goal
 [32mΓ£ô[39m v3/@claude-flow/browser/tests/memory-integration.test.ts[2m > [22mBrowserMemoryManager[2m > [22mgetSessionStats[2m > [22mshould return session statistics
 [32mΓ£ô[39m v3/@claude-flow/browser/tests/memory-integration.test.ts[2m > [22mfactory functions[2m > [22mgetMemoryAdapter should return singleton
 [32mΓ£ô[39m v3/@claude-flow/guidance/tests/gates.test.ts[2m > [22mEnforcementGates[2m > [22mevaluateDestructiveOps[2m > [22mshould block rm -rf commands
 [32mΓ£ô[39m v3/@claude-flow/guidance/tests/gates.test.ts[2m > [22mEnforcementGates[2m > [22mevaluateDestructiveOps[2m > [22mshould block DROP DATABASE
 [32mΓ£ô[39m v3/@claude-flow/guidance/tests/gates.test.ts[2m > [22mEnforcementGates[2m > [22mevaluateDestructiveOps[2m > [22mshould block git push --force
 [32mΓ£ô[39m v3/@claude-flow/guidance/tests/gates.test.ts[2m > [22mEnforcementGates[2m > [22mevaluateDestructiveOps[2m > [22mshould block git reset --hard
 [32mΓ£ô[39m v3/@claude-flow/guidance/tests/gates.test.ts[2m > [22mEnforcementGates[2m > [22mevaluateDestructiveOps[2m > [22mshould block TRUNCATE TABLE
 [32mΓ£ô[39m v3/@claude-flow/guidance/tests/gates.test.ts[2m > [22mEnforcementGates[2m > [22mevaluateDestructiveOps[2m > [22mshould block kubectl delete namespace
 [32mΓ£ô[39m v3/@claude-flow/guidance/tests/gates.test.ts[2m > [22mEnforcementGates[2m > [22mevaluateDestructiveOps[2m > [22mshould allow safe commands
 [32mΓ£ô[39m v3/@claude-flow/guidance/tests/gates.test.ts[2m > [22mEnforcementGates[2m > [22mevaluateDestructiveOps[2m > [22mshould allow git push without force
 [32mΓ£ô[39m v3/@claude-flow/guidance/tests/gates.test.ts[2m > [22mEnforcementGates[2m > [22mevaluateDestructiveOps[2m > [22mshould allow SELECT queries
 [32mΓ£ô[39m v3/@claude-flow/guidance/tests/gates.test.ts[2m > [22mEnforcementGates[2m > [22mevaluateDestructiveOps[2m > [22mshould provide remediation advice
 [32mΓ£ô[39m v3/@claude-flow/guidance/tests/gates.test.ts[2m > [22mEnforcementGates[2m > [22mevaluateToolAllowlist[2m > [22mshould block non-allowlisted tools
 [32mΓ£ô[39m v3/@claude-flow/guidance/tests/gates.test.ts[2m > [22mEnforcementGates[2m > [22mevaluateToolAllowlist[2m > [22mshould allow allowlisted tools
 [32mΓ£ô[39m v3/@claude-flow/guidance/tests/gates.test.ts[2m > [22mEnforcementGates[2m > [22mevaluateToolAllowlist[2m > [22mshould support wildcard allowlist
 [32mΓ£ô[39m v3/@claude-flow/guidance/tests/gates.test.ts[2m > [22mEnforcementGates[2m > [22mevaluateToolAllowlist[2m > [22mshould return null when allowlist is disabled
 [32mΓ£ô[39m v3/@claude-flow/guidance/tests/gates.test.ts[2m > [22mEnforcementGates[2m > [22mevaluateDiffSize[2m > [22mshould warn when diff exceeds threshold
 [32mΓ£ô[39m v3/@claude-flow/guidance/tests/gates.test.ts[2m > [22mEnforcementGates[2m > [22mevaluateDiffSize[2m > [22mshould allow small diffs
 [32mΓ£ô[39m v3/@claude-flow/guidance/tests/gates.test.ts[2m > [22mEnforcementGates[2m > [22mevaluateDiffSize[2m > [22mshould respect custom threshold
 [32mΓ£ô[39m v3/@claude-flow/guidance/tests/gates.test.ts[2m > [22mEnforcementGates[2m > [22mevaluateDiffSize[2m > [22mshould provide staging advice in remediation
 [32mΓ£ô[39m v3/@claude-flow/guidance/tests/gates.test.ts[2m > [22mEnforcementGates[2m > [22mevaluateSecrets[2m > [22mshould detect API keys
 [32mΓ£ô[39m v3/@claude-flow/guidance/tests/gates.test.ts[2m > [22mEnforcementGates[2m > [22mevaluateSecrets[2m > [22mshould detect passwords
 [32mΓ£ô[39m v3/@claude-flow/guidance/tests/gates.test.ts[2m > [22mEnforcementGates[2m > [22mevaluateSecrets[2m > [22mshould detect private keys
 [32mΓ£ô[39m v3/@claude-flow/guidance/tests/gates.test.ts[2m > [22mEnforcementGates[2m > [22mevaluateSecrets[2m > [22mshould detect GitHub tokens
 [32mΓ£ô[39m v3/@claude-flow/guidance/tests/gates.test.ts[2m > [22mEnforcementGates[2m > [22mevaluateSecrets[2m > [22mshould detect AWS keys
 [32mΓ£ô[39m v3/@claude-flow/guidance/tests/gates.test.ts[2m > [22mEnforcementGates[2m > [22mevaluateSecrets[2m > [22mshould allow clean content
 [32mΓ£ô[39m v3/@claude-flow/guidance/tests/gates.test.ts[2m > [22mEnforcementGates[2m > [22mevaluateSecrets[2m > [22mshould allow env var references
 [32mΓ£ô[39m v3/@claude-flow/guidance/tests/gates.test.ts[2m > [22mEnforcementGates[2m > [22mevaluateSecrets[2m > [22mshould provide redacted output in metadata
 [32mΓ£ô[39m v3/@claude-flow/guidance/tests/gates.test.ts[2m > [22mEnforcementGates[2m > [22mevaluateCommand (aggregate)[2m > [22mshould return multiple gate results for complex commands
 [32mΓ£ô[39m v3/@claude-flow/guidance/tests/gates.test.ts[2m > [22mEnforcementGates[2m > [22mevaluateCommand (aggregate)[2m > [22mshould return empty for safe commands
 [32mΓ£ô[39m v3/@claude-flow/guidance/tests/gates.test.ts[2m > [22mEnforcementGates[2m > [22maggregateDecision[2m > [22mshould return allow for no results
 [32mΓ£ô[39m v3/@claude-flow/guidance/tests/gates.test.ts[2m > [22mEnforcementGates[2m > [22maggregateDecision[2m > [22mshould return the most restrictive decision
 [32mΓ£ô[39m v3/@claude-flow/guidance/tests/gates.test.ts[2m > [22mEnforcementGates[2m > [22mgetActiveGateCount[2m > [22mshould count enabled gates
 [32mΓ£ô[39m v3/@claude-flow/guidance/tests/gates.test.ts[2m > [22mEnforcementGates[2m > [22mgetActiveGateCount[2m > [22mshould count all gates when all enabled
[90mstderr[2m | v3/plugins/code-intelligence/tests/bridges.test.ts[2m > [22m[2mGNNBridge[2m > 
[22m[2mInitialization[2m > [22m[2mshould initialize successfully[22m[39m
WASM GNN module not available, using JS fallback

[90mstderr[2m | v3/plugins/code-intelligence/tests/bridges.test.ts[2m > [22m[2mGNNBridge[2m > 
[22m[2mInitialization[2m > [22m[2mshould initialize with custom embedding dimension[22m[39m
WASM GNN module not available, using JS fallback

[90mstderr[2m | v3/plugins/code-intelligence/tests/bridges.test.ts[2m > [22m[2mGNNBridge[2m > 
[22m[2mInitialization[2m > [22m[2mshould handle double initialization gracefully[22m[39m
WASM GNN module not available, using JS fallback

[90mstderr[2m | v3/plugins/code-intelligence/tests/bridges.test.ts[2m > [22m[2mGNNBridge[2m > 
[22m[2mBuild Code Graph[2m > [22m[2mshould build code graph from files[22m[39m
WASM GNN module not available, using JS fallback

[90mstderr[2m | v3/plugins/code-intelligence/tests/bridges.test.ts[2m > [22m[2mGNNBridge[2m > 
[22m[2mBuild Code Graph[2m > [22m[2mshould handle empty file list[22m[39m
WASM GNN module not available, using JS fallback

[90mstderr[2m | v3/plugins/code-intelligence/tests/bridges.test.ts[2m > [22m[2mGNNBridge[2m > 
[22m[2mBuild Code Graph[2m > [22m[2mshould detect file types correctly[22m[39m
WASM GNN module not available, using JS fallback

[90mstderr[2m | v3/plugins/code-intelligence/tests/bridges.test.ts[2m > [22m[2mGNNBridge[2m > 
[22m[2mCompute Node Embeddings[2m > [22m[2mshould compute embeddings for graph nodes[22m[39m
WASM GNN module not available, using JS fallback

[90mstderr[2m | v3/plugins/code-intelligence/tests/bridges.test.ts[2m > [22m[2mGNNBridge[2m > 
[22m[2mCompute Node Embeddings[2m > [22m[2mshould return embeddings of correct dimension[22m[39m
WASM GNN module not available, using JS fallback

[90mstderr[2m | v3/plugins/code-intelligence/tests/bridges.test.ts[2m > [22m[2mGNNBridge[2m > 
[22m[2mCompute Node Embeddings[2m > [22m[2mshould handle empty graph[22m[39m
WASM GNN module not available, using JS fallback

[90mstderr[2m | v3/plugins/code-intelligence/tests/bridges.test.ts[2m > [22m[2mGNNBridge[2m > 
[22m[2mImpact Prediction[2m > [22m[2mshould predict impact of changes[22m[39m
WASM GNN module not available, using JS fallback

[90mstderr[2m | v3/plugins/code-intelligence/tests/bridges.test.ts[2m > [22m[2mGNNBridge[2m > 
[22m[2mImpact Prediction[2m > [22m[2mshould handle empty changed files[22m[39m
WASM GNN module not available, using JS fallback

[90mstderr[2m | v3/plugins/code-intelligence/tests/bridges.test.ts[2m > [22m[2mGNNBridge[2m > 
[22m[2mCommunity Detection[2m > [22m[2mshould detect communities in code graph[22m[39m
WASM GNN module not available, using JS fallback

[90mstderr[2m | v3/plugins/code-intelligence/tests/bridges.test.ts[2m > [22m[2mGNNBridge[2m > 
[22m[2mCommunity Detection[2m > [22m[2mshould handle single node graph[22m[39m
WASM GNN module not available, using JS fallback

[90mstderr[2m | v3/plugins/code-intelligence/tests/bridges.test.ts[2m > [22m[2mGNNBridge[2m > 
[22m[2mPattern Matching[2m > [22m[2mshould find similar patterns[22m[39m
WASM GNN module not available, using JS fallback

[90mstderr[2m | v3/plugins/code-intelligence/tests/bridges.test.ts[2m > [22m[2mGNNBridge[2m > 
[22m[2mJavaScript Fallback[2m > [22m[2mshould work without WASM[22m[39m
WASM GNN module not available, using JS fallback

[90mstderr[2m | v3/plugins/code-intelligence/tests/bridges.test.ts[2m > [22m[2mGNNBridge[2m > 
[22m[2mPerformance[2m > [22m[2mshould handle large file lists efficiently[22m[39m
WASM GNN module not available, using JS fallback

[90mstderr[2m | v3/plugins/code-intelligence/tests/bridges.test.ts[2m > [22m[2mGNNBridge[2m > 
[22m[2mMemory Management[2m > [22m[2mshould handle multiple graph operations[22m[39m
WASM GNN module not available, using JS fallback

 [32mΓ£ô[39m v3/plugins/code-intelligence/tests/bridges.test.ts[2m > [22mGNNBridge[2m > [22mInitialization[2m > [22mshould create bridge instance
 [32mΓ£ô[39m v3/plugins/code-intelligence/tests/bridges.test.ts[2m > [22mGNNBridge[2m > [22mInitialization[2m > [22mshould not be initialized before init
 [32mΓ£ô[39m v3/plugins/code-intelligence/tests/bridges.test.ts[2m > [22mGNNBridge[2m > [22mInitialization[2m > [22mshould initialize successfully
 [32mΓ£ô[39m v3/plugins/code-intelligence/tests/bridges.test.ts[2m > [22mGNNBridge[2m > [22mInitialization[2m > [22mshould initialize with custom embedding dimension
 [32mΓ£ô[39m v3/plugins/code-intelligence/tests/bridges.test.ts[2m > [22mGNNBridge[2m > [22mInitialization[2m > [22mshould handle double initialization gracefully
 [32mΓ£ô[39m v3/plugins/code-intelligence/tests/bridges.test.ts[2m > [22mGNNBridge[2m > [22mBuild Code Graph[2m > [22mshould build code graph from files
 [32mΓ£ô[39m v3/plugins/code-intelligence/tests/bridges.test.ts[2m > [22mGNNBridge[2m > [22mBuild Code Graph[2m > [22mshould handle empty file list
 [32mΓ£ô[39m v3/plugins/code-intelligence/tests/bridges.test.ts[2m > [22mGNNBridge[2m > [22mBuild Code Graph[2m > [22mshould detect file types correctly
 [32mΓ£ô[39m v3/plugins/code-intelligence/tests/bridges.test.ts[2m > [22mGNNBridge[2m > [22mCompute Node Embeddings[2m > [22mshould compute embeddings for graph nodes
 [32mΓ£ô[39m v3/plugins/code-intelligence/tests/bridges.test.ts[2m > [22mGNNBridge[2m > [22mCompute Node Embeddings[2m > [22mshould return embeddings of correct dimension
 [32mΓ£ô[39m v3/plugins/code-intelligence/tests/bridges.test.ts[2m > [22mGNNBridge[2m > [22mCompute Node Embeddings[2m > [22mshould handle empty graph
 [32mΓ£ô[39m v3/plugins/code-intelligence/tests/bridges.test.ts[2m > [22mGNNBridge[2m > [22mImpact Prediction[2m > [22mshould predict impact of changes
 [32mΓ£ô[39m v3/plugins/code-intelligence/tests/bridges.test.ts[2m > [22mGNNBridge[2m > [22mImpact Prediction[2m > [22mshould handle empty changed files
 [32mΓ£ô[39m v3/plugins/code-intelligence/tests/bridges.test.ts[2m > [22mGNNBridge[2m > [22mCommunity Detection[2m > [22mshould detect communities in code graph
 [32mΓ£ô[39m v3/plugins/code-intelligence/tests/bridges.test.ts[2m > [22mGNNBridge[2m > [22mCommunity Detection[2m > [22mshould handle single node graph
 [32mΓ£ô[39m v3/plugins/code-intelligence/tests/bridges.test.ts[2m > [22mGNNBridge[2m > [22mPattern Matching[2m > [22mshould find similar patterns
 [32mΓ£ô[39m v3/plugins/code-intelligence/tests/bridges.test.ts[2m > [22mGNNBridge[2m > [22mJavaScript Fallback[2m > [22mshould work without WASM
 [32mΓ£ô[39m v3/plugins/code-intelligence/tests/bridges.test.ts[2m > [22mGNNBridge[2m > [22mPerformance[2m > [22mshould handle large file lists efficiently
 [32mΓ£ô[39m v3/plugins/code-intelligence/tests/bridges.test.ts[2m > [22mGNNBridge[2m > [22mMemory Management[2m > [22mshould handle multiple graph operations
 [32mΓ£ô[39m v3/@claude-flow/browser/tests/workflow-templates.test.ts[2m > [22mWorkflowManager[2m > [22mlistTemplates[2m > [22mshould list all templates
 [32mΓ£ô[39m v3/@claude-flow/browser/tests/workflow-templates.test.ts[2m > [22mWorkflowManager[2m > [22mlistTemplates[2m > [22mshould filter by category
 [32mΓ£ô[39m v3/@claude-flow/browser/tests/workflow-templates.test.ts[2m > [22mWorkflowManager[2m > [22mgetTemplate[2m > [22mshould get template by ID
 [32mΓ£ô[39m v3/@claude-flow/browser/tests/workflow-templates.test.ts[2m > [22mWorkflowManager[2m > [22mgetTemplate[2m > [22mshould return undefined for non-existent template
 [32mΓ£ô[39m v3/@claude-flow/browser/tests/workflow-templates.test.ts[2m > [22mWorkflowManager[2m > [22mregisterTemplate[2m > [22mshould register a custom template
 [32mΓ£ô[39m v3/@claude-flow/browser/tests/workflow-templates.test.ts[2m > [22mWorkflowManager[2m > [22msearchTemplates[2m > [22mshould search templates by query
 [32mΓ£ô[39m v3/@claude-flow/browser/tests/workflow-templates.test.ts[2m > [22mWorkflowManager[2m > [22msearchTemplates[2m > [22mshould search by tags
 [32mΓ£ô[39m v3/@claude-flow/browser/tests/workflow-templates.test.ts[2m > [22mWorkflowManager[2m > [22msearchTemplates[2m > [22mshould return empty array for no matches
 [32mΓ£ô[39m v3/@claude-flow/browser/tests/workflow-templates.test.ts[2m > [22mWorkflowManager[2m > [22mvalidateVariables[2m > [22mshould validate required variables
 [32mΓ£ô[39m v3/@claude-flow/browser/tests/workflow-templates.test.ts[2m > [22mWorkflowManager[2m > [22mvalidateVariables[2m > [22mshould pass with all required variables
 [32mΓ£ô[39m v3/@claude-flow/browser/tests/workflow-templates.test.ts[2m > [22mWorkflowManager[2m > [22mvalidateVariables[2m > [22mshould validate number types
 [32mΓ£ô[39m v3/@claude-flow/browser/tests/workflow-templates.test.ts[2m > [22mWorkflowManager[2m > [22mvalidateVariables[2m > [22mshould return error for non-existent template
 [32mΓ£ô[39m v3/@claude-flow/browser/tests/workflow-templates.test.ts[2m > [22mWorkflowManager[2m > [22minterpolateStep[2m > [22mshould interpolate variables in step
 [32mΓ£ô[39m v3/@claude-flow/browser/tests/workflow-templates.test.ts[2m > [22mWorkflowManager[2m > [22minterpolateStep[2m > [22mshould preserve unmatched placeholders
 [32mΓ£ô[39m v3/@claude-flow/browser/tests/workflow-templates.test.ts[2m > [22mWORKFLOW_TEMPLATES[2m > [22mshould include authentication templates
 [32mΓ£ô[39m v3/@claude-flow/browser/tests/workflow-templates.test.ts[2m > [22mWORKFLOW_TEMPLATES[2m > [22mshould include data extraction templates
 [32mΓ£ô[39m v3/@claude-flow/browser/tests/workflow-templates.test.ts[2m > [22mWORKFLOW_TEMPLATES[2m > [22mshould include testing templates
 [32mΓ£ô[39m v3/@claude-flow/browser/tests/workflow-templates.test.ts[2m > [22mWORKFLOW_TEMPLATES[2m > [22mshould include monitoring templates
 [32mΓ£ô[39m v3/@claude-flow/browser/tests/workflow-templates.test.ts[2m > [22mWORKFLOW_TEMPLATES[2m > [22mtemplate validation[2m > [22mall templates should have required fields
 [32mΓ£ô[39m v3/@claude-flow/browser/tests/workflow-templates.test.ts[2m > [22mWORKFLOW_TEMPLATES[2m > [22mtemplate validation[2m > [22mall steps should have required fields
 [32mΓ£ô[39m v3/@claude-flow/browser/tests/workflow-templates.test.ts[2m > [22mWORKFLOW_TEMPLATES[2m > [22mtemplate validation[2m > [22mall variables should have required fields
 [32mΓ£ô[39m v3/@claude-flow/browser/tests/workflow-templates.test.ts[2m > [22mfactory functions[2m > [22mgetWorkflowManager should return singleton
 [32mΓ£ô[39m v3/@claude-flow/browser/tests/workflow-templates.test.ts[2m > [22mfactory functions[2m > [22mlistWorkflows should return templates
 [32mΓ£ô[39m v3/@claude-flow/browser/tests/workflow-templates.test.ts[2m > [22mfactory functions[2m > [22mlistWorkflows should filter by category
 [32mΓ£ô[39m v3/@claude-flow/browser/tests/workflow-templates.test.ts[2m > [22mfactory functions[2m > [22mgetWorkflow should return template by ID
 [32mΓ£ô[39m v3/@claude-flow/security/__tests__/password-hasher.test.ts[2m > [22mPasswordHasher[2m > [22mConfiguration[2m > [22mshould create hasher with default 12 rounds
 [32mΓ£ô[39m v3/@claude-flow/security/__tests__/password-hasher.test.ts[2m > [22mPasswordHasher[2m > [22mConfiguration[2m > [22mshould reject rounds below 10
 [32mΓ£ô[39m v3/@claude-flow/security/__tests__/password-hasher.test.ts[2m > [22mPasswordHasher[2m > [22mConfiguration[2m > [22mshould reject rounds above 20
 [32mΓ£ô[39m v3/@claude-flow/security/__tests__/password-hasher.test.ts[2m > [22mPasswordHasher[2m > [22mConfiguration[2m > [22mshould reject minimum password length below 8
 [32mΓ£ô[39m v3/@claude-flow/security/__tests__/password-hasher.test.ts[2m > [22mPasswordHasher[2m > [22mPassword Validation[2m > [22mshould reject empty password
 [32mΓ£ô[39m v3/@claude-flow/security/__tests__/password-hasher.test.ts[2m > [22mPasswordHasher[2m > [22mPassword Validation[2m > [22mshould reject password shorter than minimum
 [32mΓ£ô[39m v3/@claude-flow/security/__tests__/password-hasher.test.ts[2m > [22mPasswordHasher[2m > [22mPassword Validation[2m > [22mshould reject password without uppercase
 [32mΓ£ô[39m v3/@claude-flow/security/__tests__/password-hasher.test.ts[2m > [22mPasswordHasher[2m > [22mPassword Validation[2m > [22mshould reject password without lowercase
 [32mΓ£ô[39m v3/@claude-flow/security/__tests__/password-hasher.test.ts[2m > [22mPasswordHasher[2m > [22mPassword Validation[2m > [22mshould reject password without digit
 [32mΓ£ô[39m v3/@claude-flow/security/__tests__/password-hasher.test.ts[2m > [22mPasswordHasher[2m > [22mPassword Validation[2m > [22mshould accept valid password
 [32mΓ£ô[39m v3/@claude-flow/security/__tests__/password-hasher.test.ts[2m > [22mPasswordHasher[2m > [22mPassword Validation[2m > [22mshould optionally require special character
 [32mΓ£ô[39m v3/@claude-flow/security/__tests__/password-hasher.test.ts[2m > [22mPasswordHasher[2m > [22mPassword Validation[2m > [22mshould accept password with special character when required
[90mstdout[2m | v3/plugins/quantum-optimizer/tests/mcp-tools.test.ts[2m > [22m[2mquantum_annealing_solve handler[2m > [22m[2mshould handle valid QUBO input[22m[39m
[quantum-optimizer] Annealing completed { energy: [33m-3[39m, samples: [33m100[39m, durationMs: [32m'265.31'[39m }

[90mstdout[2m | v3/plugins/quantum-optimizer/tests/mcp-tools.test.ts[2m > [22m[2mquantum_annealing_solve handler[2m > [22m[2mshould handle all problem types[22m[39m
[quantum-optimizer] Annealing solve { variables: [33m3[39m, type: [32m'qubo'[39m }
[quantum-optimizer] Annealing completed { energy: [33m0[39m, samples: [33m100[39m, durationMs: [32m'871.76'[39m }
[quantum-optimizer] Annealing solve { variables: [33m3[39m, type: [32m'ising'[39m }
[quantum-optimizer] Annealing completed { energy: [33m0[39m, samples: [33m100[39m, durationMs: [32m'776.92'[39m }
[quantum-optimizer] Annealing solve { variables: [33m3[39m, type: [32m'sat'[39m }
[quantum-optimizer] Annealing completed { energy: [33m0[39m, samples: [33m100[39m, durationMs: [32m'867.45'[39m }
[quantum-optimizer] Annealing solve { variables: [33m3[39m, type: [32m'max_cut'[39m }
[quantum-optimizer] Annealing completed { energy: [33m0[39m, samples: [33m100[39m, durationMs: [32m'739.65'[39m }
[quantum-optimizer] Annealing solve { variables: [33m3[39m, type: [32m'tsp'[39m }
[quantum-optimizer] Annealing completed { energy: [33m0[39m, samples: [33m100[39m, durationMs: [32m'813.55'[39m }
[quantum-optimizer] Annealing solve { variables: [33m3[39m, type: [32m'dependency'[39m }
[quantum-optimizer] Annealing completed { energy: [33m0[39m, samples: [33m100[39m, durationMs: [32m'712.14'[39m }

[90mstdout[2m | v3/plugins/quantum-optimizer/tests/mcp-tools.test.ts[2m > [22m[2mquantum_annealing_solve handler[2m > [22m[2mshould handle temperature schedules[22m[39m
[quantum-optimizer] Annealing solve { variables: [33m5[39m, type: [32m'qubo'[39m }
[quantum-optimizer] Annealing completed { energy: [33m0[39m, samples: [33m100[39m, durationMs: [32m'956.61'[39m }

[90mstdout[2m | v3/plugins/quantum-optimizer/tests/mcp-tools.test.ts[2m > [22m[2mquantum_qaoa_optimize handler[2m > [22m[2mshould handle valid QAOA input[22m[39m
[quantum-optimizer] QAOA optimize { nodes: [33m4[39m, depth: [33m2[39m }
[quantum-optimizer] QAOA completed {
  energy: [33m-2.06640625[39m,
  approximationRatio: [33m0.5883844675398633[39m,
  durationMs: [32m'646.42'[39m
}

[90mstdout[2m | v3/plugins/quantum-optimizer/tests/mcp-tools.test.ts[2m > [22m[2mquantum_qaoa_optimize handler[2m > [22m[2mshould handle all problem types[22m[39m
[quantum-optimizer] QAOA optimize { nodes: [33m3[39m, depth: [90mundefined[39m }
[quantum-optimizer] QAOA completed {
  energy: [33m-1.0439453125[39m,
  approximationRatio: [33m0.5945018863895216[39m,
  durationMs: [32m'720.22'[39m
}
[quantum-optimizer] QAOA optimize { nodes: [33m3[39m, depth: [90mundefined[39m }
[quantum-optimizer] QAOA completed {
  energy: [33m-1.037109375[39m,
  approximationRatio: [33m0.5906089834851936[39m,
  durationMs: [32m'705.02'[39m
}
[quantum-optimizer] QAOA optimize { nodes: [33m3[39m, depth: [90mundefined[39m }
[quantum-optimizer] QAOA completed {
  energy: [33m-1.0634765625[39m,
  approximationRatio: [33m0.6056244661161732[39m,
  durationMs: [32m'730.44'[39m
}
[quantum-optimizer] QAOA optimize { nodes: [33m3[39m, depth: [90mundefined[39m }
[quantum-optimizer] QAOA completed {
  energy: [33m-1.0498046875[39m,
  approximationRatio: [33m0.5978386603075171[39m,
  durationMs: [32m'729.27'[39m
}

[90mstdout[2m | v3/plugins/quantum-optimizer/tests/mcp-tools.test.ts[2m > [22m[2mquantum_qaoa_optimize handler[2m > [22m[2mshould handle all optimizers[22m[39m
[quantum-optimizer] QAOA optimize { nodes: [33m3[39m, depth: [33m3[39m }
[quantum-optimizer] QAOA completed {
  energy: [33m-0.548828125[39m,
  approximationRatio: [33m0.6250889806378133[39m,
  durationMs: [32m'786.05'[39m
}
[quantum-optimizer] QAOA optimize { nodes: [33m3[39m, depth: [33m3[39m }
[quantum-optimizer] QAOA completed {
  energy: [33m-0.5263671875[39m,
  approximationRatio: [33m0.5995070472665148[39m,
  durationMs: [32m'935.84'[39m
}
[quantum-optimizer] QAOA optimize { nodes: [33m3[39m, depth: [33m3[39m }
[quantum-optimizer] QAOA completed {
  energy: [33m-0.537109375[39m,
  approximationRatio: [33m0.6117418849658315[39m,
  durationMs: [32m'785.80'[39m
}
[quantum-optimizer] QAOA optimize { nodes: [33m3[39m, depth: [33m3[39m }
[quantum-optimizer] QAOA completed {
  energy: [33m-0.5322265625[39m,
  approximationRatio: [33m0.6061805951025057[39m,
  durationMs: [32m'857.64'[39m
}

[90mstdout[2m | v3/plugins/quantum-optimizer/tests/mcp-tools.test.ts[2m > [22m[2mquantum_qaoa_optimize handler[2m > [22m[2mshould return approximation ratio[22m[39m
[quantum-optimizer] QAOA optimize { nodes: [33m4[39m, depth: [33m3[39m }
[quantum-optimizer] QAOA completed {
  energy: [33m-1.55859375[39m,
  approximationRatio: [33m0.5917212414578588[39m,
  durationMs: [32m'1024.60'[39m
}

[90mstdout[2m | v3/plugins/quantum-optimizer/tests/mcp-tools.test.ts[2m > [22m[2mquantum_grover_search handler[2m > [22m[2mshould handle valid search input[22m[39m
[quantum-optimizer] Grover search { size: [33m1000[39m, structure: [32m'unstructured'[39m }
[quantum-optimizer] Grover search completed { found: [33m10[39m, queries: [33m18[39m, durationMs: [32m'20.60'[39m }

[90mstdout[2m | v3/plugins/quantum-optimizer/tests/mcp-tools.test.ts[2m > [22m[2mquantum_grover_search handler[2m > [22m[2mshould handle all structure types[22m[39m
[quantum-optimizer] Grover search { size: [33m100[39m, structure: [32m'unstructured'[39m }
[quantum-optimizer] Grover search completed { found: [33m6[39m, queries: [33m14[39m, durationMs: [32m'2.90'[39m }
[quantum-optimizer] Grover search { size: [33m100[39m, structure: [32m'database'[39m }
[quantum-optimizer] Grover search completed { found: [33m6[39m, queries: [33m14[39m, durationMs: [32m'0.40'[39m }
[quantum-optimizer] Grover search { size: [33m100[39m, structure: [32m'tree'[39m }
[quantum-optimizer] Grover search completed { found: [33m6[39m, queries: [33m14[39m, durationMs: [32m'0.32'[39m }
[quantum-optimizer] Grover search { size: [33m100[39m, structure: [32m'graph'[39m }
[quantum-optimizer] Grover search completed { found: [33m5[39m, queries: [33m14[39m, durationMs: [32m'0.53'[39m }

[90mstdout[2m | v3/plugins/quantum-optimizer/tests/mcp-tools.test.ts[2m > [22m[2mquantum_grover_search handler[2m > [22m[2mshould handle all amplification methods[22m[39m
[quantum-optimizer] Grover search { size: [33m100[39m, structure: [32m'unstructured'[39m }
[quantum-optimizer] Grover search completed { found: [33m6[39m, queries: [33m14[39m, durationMs: [32m'4.60'[39m }
[quantum-optimizer] Grover search { size: [33m100[39m, structure: [32m'unstructured'[39m }
[quantum-optimizer] Grover search completed { found: [33m8[39m, queries: [33m14[39m, durationMs: [32m'0.70'[39m }
[quantum-optimizer] Grover search { size: [33m100[39m, structure: [32m'unstructured'[39m }
[quantum-optimizer] Grover search completed { found: [33m5[39m, queries: [33m14[39m, durationMs: [32m'0.26'[39m }

[90mstdout[2m | v3/plugins/quantum-optimizer/tests/mcp-tools.test.ts[2m > [22m[2mquantum_grover_search handler[2m > [22m[2mshould return query count[22m[39m
[quantum-optimizer] Grover search { size: [33m10000[39m, structure: [32m'unstructured'[39m }
[quantum-optimizer] Grover search completed { found: [33m10[39m, queries: [33m22[39m, durationMs: [32m'38.34'[39m }

[90mstdout[2m | v3/plugins/quantum-optimizer/tests/mcp-tools.test.ts[2m > [22m[2mquantum_dependency_resolve handler[2m > [22m[2mshould handle valid dependency input[22m[39m
[quantum-optimizer] Dependency resolve { packages: [33m3[39m, solver: [32m'hybrid'[39m }

 [32mΓ£ô[39m v3/plugins/quantum-optimizer/tests/mcp-tools.test.ts[2m > [22mquantum_annealing_solve handler[2m > [22mshould handle valid QUBO input
 [32mΓ£ô[39m v3/plugins/quantum-optimizer/tests/mcp-tools.test.ts[2m > [22mquantum_annealing_solve handler[2m > [22mshould handle all problem types[33m 4788[2mms[22m[39m
 [32mΓ£ô[39m v3/plugins/quantum-optimizer/tests/mcp-tools.test.ts[2m > [22mquantum_annealing_solve handler[2m > [22mshould return error for invalid problem type
 [32mΓ£ô[39m v3/plugins/quantum-optimizer/tests/mcp-tools.test.ts[2m > [22mquantum_annealing_solve handler[2m > [22mshould handle temperature schedules[33m 957[2mms[22m[39m
 [32mΓ£ô[39m v3/plugins/quantum-optimizer/tests/mcp-tools.test.ts[2m > [22mquantum_qaoa_optimize handler[2m > [22mshould handle valid QAOA input[33m 648[2mms[22m[39m
 [32mΓ£ô[39m v3/plugins/quantum-optimizer/tests/mcp-tools.test.ts[2m > [22mquantum_qaoa_optimize handler[2m > [22mshould handle all problem types[33m 2886[2mms[22m[39m
 [32mΓ£ô[39m v3/plugins/quantum-optimizer/tests/mcp-tools.test.ts[2m > [22mquantum_qaoa_optimize handler[2m > [22mshould handle all optimizers[33m 3367[2mms[22m[39m
 [32mΓ£ô[39m v3/plugins/quantum-optimizer/tests/mcp-tools.test.ts[2m > [22mquantum_qaoa_optimize handler[2m > [22mshould return approximation ratio[33m 1025[2mms[22m[39m
 [32mΓ£ô[39m v3/plugins/quantum-optimizer/tests/mcp-tools.test.ts[2m > [22mquantum_grover_search handler[2m > [22mshould handle valid search input
 [32mΓ£ô[39m v3/plugins/quantum-optimizer/tests/mcp-tools.test.ts[2m > [22mquantum_grover_search handler[2m > [22mshould handle all structure types
 [32mΓ£ô[39m v3/plugins/quantum-optimizer/tests/mcp-tools.test.ts[2m > [22mquantum_grover_search handler[2m > [22mshould handle all amplification methods
 [32mΓ£ô[39m v3/plugins/quantum-optimizer/tests/mcp-tools.test.ts[2m > [22mquantum_grover_search handler[2m > [22mshould return query count
[90mstdout[2m | v3/@claude-flow/browser/tests/reasoningbank-adapter.test.ts[2m > [22m[2mReasoningBankAdapter[2m > [22m[2mverdict recording[2m > [22m[2mshould record verdict for trajectory[22m[39m
[ReasoningBank] Verdict for traj-3: SUCCESS - Works great

 [32mΓ£ô[39m v3/@claude-flow/browser/tests/reasoningbank-adapter.test.ts[2m > [22mReasoningBankAdapter[2m > [22mgetReasoningBank singleton[2m > [22mshould return singleton instance
 [32mΓ£ô[39m v3/@claude-flow/browser/tests/reasoningbank-adapter.test.ts[2m > [22mReasoningBankAdapter[2m > [22mtrajectory storage[2m > [22mshould store successful trajectory and extract pattern
 [32mΓ£ô[39m v3/@claude-flow/browser/tests/reasoningbank-adapter.test.ts[2m > [22mReasoningBankAdapter[2m > [22mtrajectory storage[2m > [22mshould not create pattern from single-step trajectory
 [32mΓ£ô[39m v3/@claude-flow/browser/tests/reasoningbank-adapter.test.ts[2m > [22mReasoningBankAdapter[2m > [22mtrajectory storage[2m > [22mshould update existing pattern on repeated success
 [32mΓ£ô[39m v3/@claude-flow/browser/tests/reasoningbank-adapter.test.ts[2m > [22mReasoningBankAdapter[2m > [22mpattern matching[2m > [22mshould find similar patterns by goal
 [32mΓ£ô[39m v3/@claude-flow/browser/tests/reasoningbank-adapter.test.ts[2m > [22mReasoningBankAdapter[2m > [22mpattern matching[2m > [22mshould return empty array for no matches
 [32mΓ£ô[39m v3/@claude-flow/browser/tests/reasoningbank-adapter.test.ts[2m > [22mReasoningBankAdapter[2m > [22mpattern matching[2m > [22mshould get recommended steps for similar goal
 [32mΓ£ô[39m v3/@claude-flow/browser/tests/reasoningbank-adapter.test.ts[2m > [22mReasoningBankAdapter[2m > [22mverdict recording[2m > [22mshould record verdict for trajectory
 [32mΓ£ô[39m v3/@claude-flow/browser/tests/reasoningbank-adapter.test.ts[2m > [22mReasoningBankAdapter[2m > [22mstats[2m > [22mshould return stats with correct structure
 [32mΓ£ô[39m v3/@claude-flow/browser/tests/reasoningbank-adapter.test.ts[2m > [22mReasoningBankAdapter[2m > [22mstats[2m > [22mshould return zero patterns initially
 [32mΓ£ô[39m v3/@claude-flow/browser/tests/reasoningbank-adapter.test.ts[2m > [22mReasoningBankAdapter[2m > [22mpattern export/import[2m > [22mshould export patterns as array
 [32mΓ£ô[39m v3/@claude-flow/browser/tests/reasoningbank-adapter.test.ts[2m > [22mReasoningBankAdapter[2m > [22mpattern export/import[2m > [22mshould import patterns
[90mstdout[2m | v3/plugins/quantum-optimizer/tests/mcp-tools.test.ts[2m > [22m[2mquantum_dependency_resolve handler[2m > [22m[2mshould handle valid dependency input[22m[39m
[quantum-optimizer] Dependency resolution completed { resolved: [33m3[39m, conflicts: [33m0[39m, durationMs: [32m'20.95'[39m }

[90mstdout[2m | v3/plugins/quantum-optimizer/tests/mcp-tools.test.ts[2m > [22m[2mquantum_dependency_resolve handler[2m > [22m[2mshould handle all minimize objectives[22m[39m
[quantum-optimizer] Dependency resolve { packages: [33m1[39m, solver: [32m'hybrid'[39m }
[quantum-optimizer] Dependency resolution completed { resolved: [33m1[39m, conflicts: [33m0[39m, durationMs: [32m'5.44'[39m }
[quantum-optimizer] Dependency resolve { packages: [33m1[39m, solver: [32m'hybrid'[39m }
[quantum-optimizer] Dependency resolution completed { resolved: [33m1[39m, conflicts: [33m0[39m, durationMs: [32m'0.21'[39m }
[quantum-optimizer] Dependency resolve { packages: [33m1[39m, solver: [32m'hybrid'[39m }
[quantum-optimizer] Dependency resolution completed { resolved: [33m1[39m, conflicts: [33m0[39m, durationMs: [32m'0.26'[39m }
[quantum-optimizer] Dependency resolve { packages: [33m1[39m, solver: [32m'hybrid'[39m }
[quantum-optimizer] Dependency resolution completed { resolved: [33m1[39m, conflicts: [33m0[39m, durationMs: [32m'0.38'[39m }

[90mstdout[2m | v3/plugins/quantum-optimizer/tests/mcp-tools.test.ts[2m > [22m[2mquantum_dependency_resolve handler[2m > [22m[2mshould handle all solver types[22m[39m
[quantum-optimizer] Dependency resolve { packages: [33m1[39m, solver: [32m'quantum_annealing'[39m }
[quantum-optimizer] Dependency resolution completed { resolved: [33m1[39m, conflicts: [33m0[39m, durationMs: [32m'7.39'[39m }
[quantum-optimizer] Dependency resolve { packages: [33m1[39m, solver: [32m'qaoa'[39m }
[quantum-optimizer] Dependency resolution completed { resolved: [33m1[39m, conflicts: [33m0[39m, durationMs: [32m'0.34'[39m }
[quantum-optimizer] Dependency resolve { packages: [33m1[39m, solver: [32m'hybrid'[39m }
[quantum-optimizer] Dependency resolution completed { resolved: [33m1[39m, conflicts: [33m0[39m, durationMs: [32m'0.14'[39m }

[90mstdout[2m | v3/plugins/quantum-optimizer/tests/mcp-tools.test.ts[2m > [22m[2mquantum_dependency_resolve handler[2m > [22m[2mshould return resolution order[22m[39m
[quantum-optimizer] Dependency resolve { packages: [33m3[39m, solver: [32m'hybrid'[39m }
[quantum-optimizer] Dependency resolution completed { resolved: [33m3[39m, conflicts: [33m0[39m, durationMs: [32m'0.33'[39m }

[90mstdout[2m | v3/plugins/quantum-optimizer/tests/mcp-tools.test.ts[2m > [22m[2mquantum_schedule_optimize handler[2m > [22m[2mshould handle valid schedule input[22m[39m
[quantum-optimizer] Schedule optimize { tasks: [33m3[39m, resources: [33m2[39m }
[quantum-optimizer] Schedule optimization completed {
  makespan: [33m30[39m,
  cost: [33m37.5[39m,
  score: [33m0.03225806451612903[39m,
  durationMs: [32m'1.12'[39m
}

[90mstdout[2m | v3/plugins/quantum-optimizer/tests/mcp-tools.test.ts[2m > [22m[2mquantum_schedule_optimize handler[2m > [22m[2mshould handle all objectives[22m[39m
[quantum-optimizer] Schedule optimize { tasks: [33m1[39m, resources: [33m1[39m }
[quantum-optimizer] Schedule optimization completed {
  makespan: [33m10[39m,
  cost: [33m0[39m,
  score: [33m0.09090909090909091[39m,
  durationMs: [32m'0.37'[39m
}
[quantum-optimizer] Schedule optimize { tasks: [33m1[39m, resources: [33m1[39m }
[quantum-optimizer] Schedule optimization completed { makespan: [33m10[39m, cost: [33m0[39m, score: [33m1[39m, durationMs: [32m'0.16'[39m }
[quantum-optimizer] Schedule optimize { tasks: [33m1[39m, resources: [33m1[39m }
[quantum-optimizer] Schedule optimization completed { makespan: [33m10[39m, cost: [33m0[39m, score: [33m0[39m, durationMs: [32m'0.37'[39m }
[quantum-optimizer] Schedule optimize { tasks: [33m1[39m, resources: [33m1[39m }
[quantum-optimizer] Schedule optimization completed {
  makespan: [33m10[39m,
  cost: [33m0[39m,
  score: [33m0.33636363636363636[39m,
  durationMs: [32m'6.76'[39m
}

[90mstdout[2m | v3/plugins/quantum-optimizer/tests/mcp-tools.test.ts[2m > [22m[2mquantum_schedule_optimize handler[2m > [22m[2mshould compute schedule metrics[22m[39m
[quantum-optimizer] Schedule optimize { tasks: [33m2[39m, resources: [33m1[39m }
[quantum-optimizer] Schedule optimization completed {
  makespan: [33m30[39m,
  cost: [33m0[39m,
  score: [33m0.03225806451612903[39m,
  durationMs: [32m'0.31'[39m
}

[90mstdout[2m | v3/plugins/quantum-optimizer/tests/mcp-tools.test.ts[2m > [22m[2mquantum_schedule_optimize handler[2m > [22m[2mshould identify critical path[22m[39m
[quantum-optimizer] Schedule optimize { tasks: [33m3[39m, resources: [33m1[39m }
[quantum-optimizer] Schedule optimization completed {
  makespan: [33m40[39m,
  cost: [33m0[39m,
  score: [33m0.024390243902439025[39m,
  durationMs: [32m'0.23'[39m
}

 [32mΓ£ô[39m v3/plugins/quantum-optimizer/tests/mcp-tools.test.ts[2m > [22mquantum_dependency_resolve handler[2m > [22mshould handle valid dependency input
 [32mΓ£ô[39m v3/plugins/quantum-optimizer/tests/mcp-tools.test.ts[2m > [22mquantum_dependency_resolve handler[2m > [22mshould handle all minimize objectives
 [32mΓ£ô[39m v3/plugins/quantum-optimizer/tests/mcp-tools.test.ts[2m > [22mquantum_dependency_resolve handler[2m > [22mshould handle all solver types
 [32mΓ£ô[39m v3/plugins/quantum-optimizer/tests/mcp-tools.test.ts[2m > [22mquantum_dependency_resolve handler[2m > [22mshould return resolution order
 [32mΓ£ô[39m v3/plugins/quantum-optimizer/tests/mcp-tools.test.ts[2m > [22mquantum_dependency_resolve handler[2m > [22mshould return error for empty packages
 [32mΓ£ô[39m v3/plugins/quantum-optimizer/tests/mcp-tools.test.ts[2m > [22mquantum_schedule_optimize handler[2m > [22mshould handle valid schedule input
 [32mΓ£ô[39m v3/plugins/quantum-optimizer/tests/mcp-tools.test.ts[2m > [22mquantum_schedule_optimize handler[2m > [22mshould handle all objectives
 [32mΓ£ô[39m v3/plugins/quantum-optimizer/tests/mcp-tools.test.ts[2m > [22mquantum_schedule_optimize handler[2m > [22mshould compute schedule metrics
 [32mΓ£ô[39m v3/plugins/quantum-optimizer/tests/mcp-tools.test.ts[2m > [22mquantum_schedule_optimize handler[2m > [22mshould identify critical path
 [32mΓ£ô[39m v3/plugins/quantum-optimizer/tests/mcp-tools.test.ts[2m > [22mquantum_schedule_optimize handler[2m > [22mshould return error for empty tasks
 [32mΓ£ô[39m v3/plugins/quantum-optimizer/tests/mcp-tools.test.ts[2m > [22mquantum_schedule_optimize handler[2m > [22mshould return error for empty resources
 [32mΓ£ô[39m v3/plugins/quantum-optimizer/tests/mcp-tools.test.ts[2m > [22mTool metadata[2m > [22mshould have correct categories
 [32mΓ£ô[39m v3/plugins/quantum-optimizer/tests/mcp-tools.test.ts[2m > [22mTool metadata[2m > [22mshould have version numbers
 [32mΓ£ô[39m v3/plugins/quantum-optimizer/tests/mcp-tools.test.ts[2m > [22mTool metadata[2m > [22mshould have tags
 [32mΓ£ô[39m v3/@claude-flow/performance/__tests__/attention.test.ts[2m > [22mFlashAttentionOptimizer[2m > [22mInitialization[2m > [22mshould initialize with default dimensions
 [32mΓ£ô[39m v3/@claude-flow/performance/__tests__/attention.test.ts[2m > [22mFlashAttentionOptimizer[2m > [22mInitialization[2m > [22mshould initialize with custom dimensions
 [32mΓ£ô[39m v3/@claude-flow/performance/__tests__/attention.test.ts[2m > [22mFlashAttentionOptimizer[2m > [22mInitialization[2m > [22mshould initialize with correct default metrics
 [32mΓ£ô[39m v3/@claude-flow/performance/__tests__/attention.test.ts[2m > [22mFlashAttentionOptimizer[2m > [22moptimize()[2m > [22mshould optimize attention with Float32Array inputs
 [32mΓ£ô[39m v3/@claude-flow/performance/__tests__/attention.test.ts[2m > [22mFlashAttentionOptimizer[2m > [22moptimize()[2m > [22mshould optimize attention with number array inputs
 [32mΓ£ô[39m v3/@claude-flow/performance/__tests__/attention.test.ts[2m > [22mFlashAttentionOptimizer[2m > [22moptimize()[2m > [22mshould track execution time
 [32mΓ£ô[39m v3/@claude-flow/performance/__tests__/attention.test.ts[2m > [22mFlashAttentionOptimizer[2m > [22moptimize()[2m > [22mshould increment operation count
 [32mΓ£ô[39m v3/@claude-flow/performance/__tests__/attention.test.ts[2m > [22mFlashAttentionOptimizer[2m > [22moptimize()[2m > [22mshould handle multiple keys and values
 [32mΓ£ô[39m v3/@claude-flow/performance/__tests__/attention.test.ts[2m > [22mFlashAttentionOptimizer[2m > [22moptimize()[2m > [22mshould detect runtime correctly
 [32mΓ£ô[39m v3/@claude-flow/performance/__tests__/attention.test.ts[2m > [22mFlashAttentionOptimizer[2m > [22mbenchmark()[2m > [22mshould run benchmark successfully[33m 1363[2mms[22m[39m
 [32mΓ£ô[39m v3/@claude-flow/performance/__tests__/attention.test.ts[2m > [22mFlashAttentionOptimizer[2m > [22mbenchmark()[2m > [22mshould measure Flash Attention performance[33m 1545[2mms[22m[39m
 [32mΓ£ô[39m v3/@claude-flow/performance/__tests__/attention.test.ts[2m > [22mFlashAttentionOptimizer[2m > [22mbenchmark()[2m > [22mshould measure baseline performance[33m 1497[2mms[22m[39m
 [32mΓ£ô[39m v3/@claude-flow/performance/__tests__/attention.test.ts[2m > [22mFlashAttentionOptimizer[2m > [22mbenchmark()[2m > [22mshould calculate speedup correctly[33m 1185[2mms[22m[39m
 [32mΓ£ô[39m v3/@claude-flow/performance/__tests__/attention.test.ts[2m > [22mFlashAttentionOptimizer[2m > [22mbenchmark()[2m > [22mshould validate against V3 minimum target (2.49x)[33m 1090[2mms[22m[39m
 [32mΓ£ô[39m v3/@claude-flow/performance/__tests__/attention.test.ts[2m > [22mFlashAttentionOptimizer[2m > [22mbenchmark()[2m > [22mshould update peak speedup metric[33m 1099[2mms[22m[39m
 [32mΓ£ô[39m v3/@claude-flow/performance/__tests__/attention.test.ts[2m > [22mFlashAttentionOptimizer[2m > [22mbenchmark()[2m > [22mshould track successful operations[33m 1466[2mms[22m[39m
 [32mΓ£ô[39m v3/@claude-flow/performance/__tests__/attention.test.ts[2m > [22mFlashAttentionOptimizer[2m > [22mgetSpeedup()[2m > [22mshould return 0 for no operations
 [32mΓ£ô[39m v3/@claude-flow/performance/__tests__/attention.test.ts[2m > [22mFlashAttentionOptimizer[2m > [22mgetSpeedup()[2m > [22mshould return average speedup after benchmark[33m 1012[2mms[22m[39m
 [32mΓ£ô[39m v3/@claude-flow/performance/__tests__/attention.test.ts[2m > [22mFlashAttentionOptimizer[2m > [22mgetSpeedup()[2m > [22mshould calculate average across multiple benchmarks[33m 2435[2mms[22m[39m
 [32mΓ£ô[39m v3/@claude-flow/performance/__tests__/attention.test.ts[2m > [22mFlashAttentionOptimizer[2m > [22mgetMetrics()[2m > [22mshould return initial metrics
 [32mΓ£ô[39m v3/@claude-flow/performance/__tests__/attention.test.ts[2m > [22mFlashAttentionOptimizer[2m > [22mgetMetrics()[2m > [22mshould track total operations
 [32mΓ£ô[39m v3/@claude-flow/performance/__tests__/attention.test.ts[2m > [22mFlashAttentionOptimizer[2m > [22mgetMetrics()[2m > [22mshould calculate average execution time
 [32mΓ£ô[39m v3/@claude-flow/performance/__tests__/attention.test.ts[2m > [22mFlashAttentionOptimizer[2m > [22mgetMetrics()[2m > [22mshould track success rate[33m 1165[2mms[22m[39m
 [32mΓ£ô[39m v3/@claude-flow/performance/__tests__/attention.test.ts[2m > [22mFlashAttentionOptimizer[2m > [22mgetMetrics()[2m > [22mshould track peak speedup[33m 1158[2mms[22m[39m
 [32mΓ£ô[39m v3/@claude-flow/performance/__tests__/attention.test.ts[2m > [22mFlashAttentionOptimizer[2m > [22mresetMetrics()[2m > [22mshould reset all metrics to zero
 [32mΓ£ô[39m v3/@claude-flow/performance/__tests__/attention.test.ts[2m > [22mFlashAttentionOptimizer[2m > [22mresetMetrics()[2m > [22mshould allow new metrics after reset[33m 1191[2mms[22m[39m
 [32mΓ£ô[39m v3/@claude-flow/performance/__tests__/attention.test.ts[2m > [22mFlashAttentionOptimizer[2m > [22mMemory Tracking[2m > [22mshould track memory usage in Node.js environment
 [32mΓ£ô[39m v3/@claude-flow/performance/__tests__/attention.test.ts[2m > [22mFlashAttentionOptimizer[2m > [22mMemory Tracking[2m > [22mshould handle missing memory tracking gracefully
 [32mΓ£ô[39m v3/@claude-flow/performance/__tests__/attention.test.ts[2m > [22mcreateFlashAttentionOptimizer[2m > [22mshould create optimizer with default settings
 [32mΓ£ô[39m v3/@claude-flow/performance/__tests__/attention.test.ts[2m > [22mcreateFlashAttentionOptimizer[2m > [22mshould create optimizer with custom dimensions
 [32mΓ£ô[39m v3/@claude-flow/performance/__tests__/attention.test.ts[2m > [22mcreateFlashAttentionOptimizer[2m > [22mshould create optimizer with partial parameters
 [32mΓ£ô[39m v3/@claude-flow/performance/__tests__/attention.test.ts[2m > [22mquickBenchmark[2m > [22mshould run quick benchmark with default dimension[33m 1135[2mms[22m[39m
 [32mΓ£ô[39m v3/@claude-flow/performance/__tests__/attention.test.ts[2m > [22mquickBenchmark[2m > [22mshould run quick benchmark with custom dimension[33m 903[2mms[22m[39m
 [32mΓ£ô[39m v3/@claude-flow/performance/__tests__/attention.test.ts[2m > [22mquickBenchmark[2m > [22mshould return valid benchmark result structure[33m 1252[2mms[22m[39m
 [32mΓ£ô[39m v3/@claude-flow/performance/__tests__/attention.test.ts[2m > [22mquickBenchmark[2m > [22mshould complete in reasonable time[33m 795[2mms[22m[39m
 [32mΓ£ô[39m v3/@claude-flow/performance/__tests__/attention.test.ts[2m > [22mPerformance Validation[2m > [22mshould demonstrate speedup improvement[33m 1699[2mms[22m[39m
 [32mΓ£ô[39m v3/@claude-flow/performance/__tests__/attention.test.ts[2m > [22mPerformance Validation[2m > [22mshould track operations per second[33m 1122[2mms[22m[39m
 [32mΓ£ô[39m v3/@claude-flow/performance/__tests__/attention.test.ts[2m > [22mPerformance Validation[2m > [22mshould validate V3 performance targets[33m 1385[2mms[22m[39m
 [32mΓ£ô[39m v3/@claude-flow/performance/__tests__/attention.test.ts[2m > [22mEdge Cases[2m > [22mshould handle small dimensions
 [32mΓ£ô[39m v3/@claude-flow/performance/__tests__/attention.test.ts[2m > [22mEdge Cases[2m > [22mshould handle large dimensions
 [32mΓ£ô[39m v3/@claude-flow/performance/__tests__/attention.test.ts[2m > [22mEdge Cases[2m > [22mshould handle single key/value pair
 [32mΓ£ô[39m v3/@claude-flow/performance/__tests__/attention.test.ts[2m > [22mEdge Cases[2m > [22mshould handle many keys/values
 [32mΓ£ô[39m v3/@claude-flow/security/__tests__/password-hasher.test.ts[2m > [22mPasswordHasher[2m > [22mPassword Hashing[2m > [22mshould hash password with bcrypt[33m 765[2mms[22m[39m
 [32mΓ£ô[39m v3/@claude-flow/guidance/tests/optimizer.test.ts[2m > [22mOptimizerLoop[2m > [22mrunCycle[2m > [22mshould return empty results with no violations
 [32mΓ£ô[39m v3/@claude-flow/guidance/tests/optimizer.test.ts[2m > [22mOptimizerLoop[2m > [22mrunCycle[2m > [22mshould propose changes for top violations
 [32mΓ£ô[39m v3/@claude-flow/guidance/tests/optimizer.test.ts[2m > [22mOptimizerLoop[2m > [22mrunCycle[2m > [22mshould create ADRs for each evaluated change
 [32mΓ£ô[39m v3/@claude-flow/guidance/tests/optimizer.test.ts[2m > [22mOptimizerLoop[2m > [22mproposeChanges[2m > [22mshould propose modifications for existing rules
 [32mΓ£ô[39m v3/@claude-flow/guidance/tests/optimizer.test.ts[2m > [22mOptimizerLoop[2m > [22mproposeChanges[2m > [22mshould propose new rules for unmatched violations
 [32mΓ£ô[39m v3/@claude-flow/guidance/tests/optimizer.test.ts[2m > [22mOptimizerLoop[2m > [22mevaluateChange[2m > [22mshould evaluate change against baseline
 [32mΓ£ô[39m v3/@claude-flow/guidance/tests/optimizer.test.ts[2m > [22mOptimizerLoop[2m > [22mapplyPromotions[2m > [22mshould move promoted shards to constitution
 [32mΓ£ô[39m v3/@claude-flow/guidance/tests/optimizer.test.ts[2m > [22mOptimizerLoop[2m > [22mADR tracking[2m > [22mshould track ADR history
 [32mΓ£ô[39m v3/@claude-flow/guidance/tests/optimizer.test.ts[2m > [22mOptimizerLoop[2m > [22mpromotion tracking[2m > [22mshould track win counts for promotion
 [32mΓ£ô[39m v3/@claude-flow/cli/__tests__/ruvllm-tools.test.ts[2m > [22mruvllm-wasm MCP tools[2m > [22mshould export 10 tools
 [32mΓ£ô[39m v3/@claude-flow/browser/tests/security-integration.test.ts[2m > [22mBrowserSecurityScanner[2m > [22mscanUrl[2m > [22mshould pass safe HTTPS URLs
 [32mΓ£ô[39m v3/@claude-flow/browser/tests/security-integration.test.ts[2m > [22mBrowserSecurityScanner[2m > [22mscanUrl[2m > [22mshould warn about HTTP URLs when requireHttps is enabled
 [32mΓ£ô[39m v3/@claude-flow/browser/tests/security-integration.test.ts[2m > [22mBrowserSecurityScanner[2m > [22mscanUrl[2m > [22mshould detect blocked domains
 [32mΓ£ô[39m v3/@claude-flow/browser/tests/security-integration.test.ts[2m > [22mBrowserSecurityScanner[2m > [22mscanUrl[2m > [22mshould detect suspicious TLDs
 [32mΓ£ô[39m v3/@claude-flow/browser/tests/security-integration.test.ts[2m > [22mBrowserSecurityScanner[2m > [22mscanUrl[2m > [22mshould detect IP address URLs
 [32mΓ£ô[39m v3/@claude-flow/browser/tests/security-integration.test.ts[2m > [22mBrowserSecurityScanner[2m > [22mscanUrl[2m > [22mshould detect phishing indicators in URL
 [32mΓ£ô[39m v3/@claude-flow/browser/tests/security-integration.test.ts[2m > [22mBrowserSecurityScanner[2m > [22mscanUrl[2m > [22mshould allow domains in allowedDomains list
 [32mΓ£ô[39m v3/@claude-flow/browser/tests/security-integration.test.ts[2m > [22mBrowserSecurityScanner[2m > [22mscanContent[2m > [22mshould detect email addresses
 [32mΓ£ô[39m v3/@claude-flow/browser/tests/security-integration.test.ts[2m > [22mBrowserSecurityScanner[2m > [22mscanContent[2m > [22mshould detect phone numbers
 [32mΓ£ô[39m v3/@claude-flow/browser/tests/security-integration.test.ts[2m > [22mBrowserSecurityScanner[2m > [22mscanContent[2m > [22mshould detect SSNs
 [32mΓ£ô[39m v3/@claude-flow/browser/tests/security-integration.test.ts[2m > [22mBrowserSecurityScanner[2m > [22mscanContent[2m > [22mshould detect credit card numbers
 [32mΓ£ô[39m v3/@claude-flow/browser/tests/security-integration.test.ts[2m > [22mBrowserSecurityScanner[2m > [22mscanContent[2m > [22mshould detect API keys
 [32mΓ£ô[39m v3/@claude-flow/browser/tests/security-integration.test.ts[2m > [22mBrowserSecurityScanner[2m > [22mscanContent[2m > [22mshould add threat for sensitive PII
 [32mΓ£ô[39m v3/@claude-flow/browser/tests/security-integration.test.ts[2m > [22mBrowserSecurityScanner[2m > [22mscanContent[2m > [22mshould return safe for content without PII
 [32mΓ£ô[39m v3/@claude-flow/browser/tests/security-integration.test.ts[2m > [22mBrowserSecurityScanner[2m > [22mvalidateInput[2m > [22mshould detect SQL injection patterns
 [32mΓ£ô[39m v3/@claude-flow/browser/tests/security-integration.test.ts[2m > [22mBrowserSecurityScanner[2m > [22mvalidateInput[2m > [22mshould detect XSS patterns
 [32mΓ£ô[39m v3/@claude-flow/browser/tests/security-integration.test.ts[2m > [22mBrowserSecurityScanner[2m > [22mvalidateInput[2m > [22mshould detect event handler XSS
 [32mΓ£ô[39m v3/@claude-flow/browser/tests/security-integration.test.ts[2m > [22mBrowserSecurityScanner[2m > [22mvalidateInput[2m > [22mshould pass safe input
 [32mΓ£ô[39m v3/@claude-flow/browser/tests/security-integration.test.ts[2m > [22mBrowserSecurityScanner[2m > [22msanitizeInput[2m > [22mshould escape HTML entities
 [32mΓ£ô[39m v3/@claude-flow/browser/tests/security-integration.test.ts[2m > [22mBrowserSecurityScanner[2m > [22msanitizeInput[2m > [22mshould remove script tags
 [32mΓ£ô[39m v3/@claude-flow/browser/tests/security-integration.test.ts[2m > [22mBrowserSecurityScanner[2m > [22msanitizeInput[2m > [22mshould escape HTML entities
 [32mΓ£ô[39m v3/@claude-flow/browser/tests/security-integration.test.ts[2m > [22mBrowserSecurityScanner[2m > [22mmaskPII[2m > [22mshould mask email addresses
 [32mΓ£ô[39m v3/@claude-flow/browser/tests/security-integration.test.ts[2m > [22mBrowserSecurityScanner[2m > [22mmaskPII[2m > [22mshould mask phone numbers
 [32mΓ£ô[39m v3/@claude-flow/browser/tests/security-integration.test.ts[2m > [22mBrowserSecurityScanner[2m > [22mmaskPII[2m > [22mshould mask SSNs
 [32mΓ£ô[39m v3/@claude-flow/browser/tests/security-integration.test.ts[2m > [22mBrowserSecurityScanner[2m > [22mmaskPII[2m > [22mshould mask credit card numbers
 [32mΓ£ô[39m v3/@claude-flow/browser/tests/security-integration.test.ts[2m > [22mBrowserSecurityScanner[2m > [22mmaskPII[2m > [22mshould mask API keys
 [32mΓ£ô[39m v3/@claude-flow/browser/tests/security-integration.test.ts[2m > [22mBrowserSecurityScanner[2m > [22mmaskPII[2m > [22mshould completely mask passwords
 [32mΓ£ô[39m v3/@claude-flow/browser/tests/security-integration.test.ts[2m > [22mfactory functions[2m > [22mgetSecurityScanner should return scanner
 [32mΓ£ô[39m v3/@claude-flow/browser/tests/security-integration.test.ts[2m > [22mfactory functions[2m > [22misUrlSafe should return boolean
 [32mΓ£ô[39m v3/@claude-flow/browser/tests/security-integration.test.ts[2m > [22mfactory functions[2m > [22mcontainsPII should detect PII
The system cannot find the path specified.
 [32mΓ£ô[39m v3/@claude-flow/cli/__tests__/ruvllm-tools.test.ts[2m > [22mruvllm-wasm MCP tools[2m > [22mruvllm_status[2m > [22mshould return status[33m 401[2mms[22m[39m
 [32mΓ£ô[39m v3/@claude-flow/cli/__tests__/ruvllm-tools.test.ts[2m > [22mruvllm-wasm MCP tools[2m > [22mruvllm_hnsw_create[2m > [22mshould create router and return ID
 [32mΓ£ô[39m v3/@claude-flow/cli/__tests__/ruvllm-tools.test.ts[2m > [22mruvllm-wasm MCP tools[2m > [22mruvllm_hnsw_add[2m > [22mshould add pattern to router
 [32mΓ£ô[39m v3/@claude-flow/cli/__tests__/ruvllm-tools.test.ts[2m > [22mruvllm-wasm MCP tools[2m > [22mruvllm_hnsw_add[2m > [22mshould error on unknown router
 [32mΓ£ô[39m v3/@claude-flow/cli/__tests__/ruvllm-tools.test.ts[2m > [22mruvllm-wasm MCP tools[2m > [22mruvllm_hnsw_route[2m > [22mshould route query
 [32mΓ£ô[39m v3/@claude-flow/cli/__tests__/ruvllm-tools.test.ts[2m > [22mruvllm-wasm MCP tools[2m > [22mruvllm_sona_create[2m > [22mshould create SONA instance
 [32mΓ£ô[39m v3/@claude-flow/cli/__tests__/ruvllm-tools.test.ts[2m > [22mruvllm-wasm MCP tools[2m > [22mruvllm_sona_adapt[2m > [22mshould adapt with quality signal
 [32mΓ£ô[39m v3/@claude-flow/cli/__tests__/ruvllm-tools.test.ts[2m > [22mruvllm-wasm MCP tools[2m > [22mruvllm_microlora_create[2m > [22mshould create MicroLoRA
 [32mΓ£ô[39m v3/@claude-flow/cli/__tests__/ruvllm-tools.test.ts[2m > [22mruvllm-wasm MCP tools[2m > [22mruvllm_microlora_adapt[2m > [22mshould adapt with feedback
 [32mΓ£ô[39m v3/@claude-flow/cli/__tests__/ruvllm-tools.test.ts[2m > [22mruvllm-wasm MCP tools[2m > [22mruvllm_chat_format[2m > [22mshould format with preset
 [32mΓ£ô[39m v3/@claude-flow/cli/__tests__/ruvllm-tools.test.ts[2m > [22mruvllm-wasm MCP tools[2m > [22mruvllm_generate_config[2m > [22mshould create config
 [32mΓ£ô[39m v3/@claude-flow/security/__tests__/unit/credential-generator.test.ts[2m > [22mCredentialGenerator[2m > [22mgeneratePassword[2m > [22mshould generate passwords meeting complexity requirements
 [32mΓ£ô[39m v3/@claude-flow/security/__tests__/unit/credential-generator.test.ts[2m > [22mCredentialGenerator[2m > [22mgeneratePassword[2m > [22mshould generate unique passwords each time
 [32mΓ£ô[39m v3/@claude-flow/security/__tests__/unit/credential-generator.test.ts[2m > [22mCredentialGenerator[2m > [22mgeneratePassword[2m > [22mshould respect custom length parameter
 [32mΓ£ô[39m v3/@claude-flow/security/__tests__/unit/credential-generator.test.ts[2m > [22mCredentialGenerator[2m > [22mgeneratePassword[2m > [22mshould include special characters by default
 [32mΓ£ô[39m v3/@claude-flow/security/__tests__/unit/credential-generator.test.ts[2m > [22mCredentialGenerator[2m > [22mgenerateApiKey[2m > [22mshould generate API keys with prefix
 [32mΓ£ô[39m v3/@claude-flow/security/__tests__/unit/credential-generator.test.ts[2m > [22mCredentialGenerator[2m > [22mgenerateApiKey[2m > [22mshould generate API keys with default prefix
 [32mΓ£ô[39m v3/@claude-flow/security/__tests__/unit/credential-generator.test.ts[2m > [22mCredentialGenerator[2m > [22mgenerateApiKey[2m > [22mshould include keyId as UUID
 [32mΓ£ô[39m v3/@claude-flow/security/__tests__/unit/credential-generator.test.ts[2m > [22mCredentialGenerator[2m > [22mgenerateApiKey[2m > [22mshould include createdAt timestamp
 [32mΓ£ô[39m v3/@claude-flow/security/__tests__/unit/credential-generator.test.ts[2m > [22mCredentialGenerator[2m > [22mgenerateApiKey[2m > [22mshould generate unique keys each time
 [32mΓ£ô[39m v3/@claude-flow/security/__tests__/unit/credential-generator.test.ts[2m > [22mCredentialGenerator[2m > [22mgenerateSecret[2m > [22mshould generate hex-encoded secrets
 [32mΓ£ô[39m v3/@claude-flow/security/__tests__/unit/credential-generator.test.ts[2m > [22mCredentialGenerator[2m > [22mgenerateSecret[2m > [22mshould generate secrets with default length
 [32mΓ£ô[39m v3/@claude-flow/security/__tests__/unit/credential-generator.test.ts[2m > [22mCredentialGenerator[2m > [22mgenerateSecret[2m > [22mshould generate secrets with custom length
 [32mΓ£ô[39m v3/@claude-flow/security/__tests__/unit/credential-generator.test.ts[2m > [22mCredentialGenerator[2m > [22mgenerateEncryptionKey[2m > [22mshould generate 64-character hex key (32 bytes)
 [32mΓ£ô[39m v3/@claude-flow/security/__tests__/unit/credential-generator.test.ts[2m > [22mCredentialGenerator[2m > [22mgenerateInstallationCredentials[2m > [22mshould generate complete credential set
 [32mΓ£ô[39m v3/@claude-flow/security/__tests__/unit/credential-generator.test.ts[2m > [22mCredentialGenerator[2m > [22mgenerateInstallationCredentials[2m > [22mshould set expiration when specified
 [32mΓ£ô[39m v3/@claude-flow/security/__tests__/unit/credential-generator.test.ts[2m > [22mCredentialGenerator[2m > [22mconfiguration validation[2m > [22mshould reject password length below 16
 [32mΓ£ô[39m v3/@claude-flow/security/__tests__/unit/credential-generator.test.ts[2m > [22mCredentialGenerator[2m > [22mconfiguration validation[2m > [22mshould reject API key length below 32
 [32mΓ£ô[39m v3/@claude-flow/security/__tests__/unit/credential-generator.test.ts[2m > [22mCredentialGenerator[2m > [22mconfiguration validation[2m > [22mshould reject secret length below 32
 [32mΓ£ô[39m v3/@claude-flow/security/__tests__/unit/credential-generator.test.ts[2m > [22mCredentialGenerator[2m > [22mutility methods[2m > [22mshould generate session tokens
 [32mΓ£ô[39m v3/@claude-flow/security/__tests__/unit/credential-generator.test.ts[2m > [22mCredentialGenerator[2m > [22mutility methods[2m > [22mshould generate CSRF tokens
 [32mΓ£ô[39m v3/@claude-flow/security/__tests__/unit/credential-generator.test.ts[2m > [22mCredentialGenerator[2m > [22mutility methods[2m > [22mshould generate nonces
 [32mΓ£ô[39m v3/@claude-flow/security/__tests__/unit/credential-generator.test.ts[2m > [22mCredentialGenerator[2m > [22moutput generation[2m > [22mshould create env script format
 [32mΓ£ô[39m v3/@claude-flow/security/__tests__/unit/credential-generator.test.ts[2m > [22mCredentialGenerator[2m > [22moutput generation[2m > [22mshould create JSON config format
 [32mΓ£ô[39m v3/@claude-flow/shared/__tests__/hooks/task-hooks.test.ts[2m > [22mTaskHooksManager[2m > [22mpre-task hook[2m > [22mshould register pre-task hook on creation
 [32mΓ£ô[39m v3/@claude-flow/shared/__tests__/hooks/task-hooks.test.ts[2m > [22mTaskHooksManager[2m > [22mpre-task hook[2m > [22mshould analyze task and suggest agents for coding task
 [32mΓ£ô[39m v3/@claude-flow/shared/__tests__/hooks/task-hooks.test.ts[2m > [22mTaskHooksManager[2m > [22mpre-task hook[2m > [22mshould suggest security-architect for security tasks
 [32mΓ£ô[39m v3/@claude-flow/shared/__tests__/hooks/task-hooks.test.ts[2m > [22mTaskHooksManager[2m > [22mpre-task hook[2m > [22mshould suggest tester for test-related tasks
 [32mΓ£ô[39m v3/@claude-flow/shared/__tests__/hooks/task-hooks.test.ts[2m > [22mTaskHooksManager[2m > [22mpre-task hook[2m > [22mshould estimate complexity based on task description
 [32mΓ£ô[39m v3/@claude-flow/shared/__tests__/hooks/task-hooks.test.ts[2m > [22mTaskHooksManager[2m > [22mpre-task hook[2m > [22mshould detect risks in task description
 [32mΓ£ô[39m v3/@claude-flow/shared/__tests__/hooks/task-hooks.test.ts[2m > [22mTaskHooksManager[2m > [22mpre-task hook[2m > [22mshould track active tasks
 [32mΓ£ô[39m v3/@claude-flow/shared/__tests__/hooks/task-hooks.test.ts[2m > [22mTaskHooksManager[2m > [22mpre-task hook[2m > [22mshould provide recommendations for high complexity tasks
 [32mΓ£ô[39m v3/@claude-flow/shared/__tests__/hooks/task-hooks.test.ts[2m > [22mTaskHooksManager[2m > [22mpost-task hook[2m > [22mshould register post-task hook on creation
 [32mΓ£ô[39m v3/@claude-flow/shared/__tests__/hooks/task-hooks.test.ts[2m > [22mTaskHooksManager[2m > [22mpost-task hook[2m > [22mshould record successful task outcome
 [32mΓ£ô[39m v3/@claude-flow/shared/__tests__/hooks/task-hooks.test.ts[2m > [22mTaskHooksManager[2m > [22mpost-task hook[2m > [22mshould record failed task outcome
 [32mΓ£ô[39m v3/@claude-flow/shared/__tests__/hooks/task-hooks.test.ts[2m > [22mTaskHooksManager[2m > [22mpost-task hook[2m > [22mshould create learning trajectory
 [32mΓ£ô[39m v3/@claude-flow/shared/__tests__/hooks/task-hooks.test.ts[2m > [22mTaskHooksManager[2m > [22mpost-task hook[2m > [22mshould track learning updates
 [32mΓ£ô[39m v3/@claude-flow/shared/__tests__/hooks/task-hooks.test.ts[2m > [22mTaskHooksManager[2m > [22mpost-task hook[2m > [22mshould remove task from active tasks after completion
 [32mΓ£ô[39m v3/@claude-flow/shared/__tests__/hooks/task-hooks.test.ts[2m > [22mTaskHooksManager[2m > [22mpost-task hook[2m > [22mshould handle post-task without pre-task gracefully
 [32mΓ£ô[39m v3/@claude-flow/shared/__tests__/hooks/task-hooks.test.ts[2m > [22mTaskHooksManager[2m > [22mclearActiveTasks[2m > [22mshould clear all active tasks
 [32mΓ£ô[39m v3/@claude-flow/guidance/tests/compiler.test.ts[2m > [22mGuidanceCompiler[2m > [22mcompile[2m > [22mshould compile a basic guidance file into a policy bundle
 [32mΓ£ô[39m v3/@claude-flow/guidance/tests/compiler.test.ts[2m > [22mGuidanceCompiler[2m > [22mcompile[2m > [22mshould parse explicit rule IDs
 [32mΓ£ô[39m v3/@claude-flow/guidance/tests/compiler.test.ts[2m > [22mGuidanceCompiler[2m > [22mcompile[2m > [22mshould extract risk classes
 [32mΓ£ô[39m v3/@claude-flow/guidance/tests/compiler.test.ts[2m > [22mGuidanceCompiler[2m > [22mcompile[2m > [22mshould extract tool classes
 [32mΓ£ô[39m v3/@claude-flow/guidance/tests/compiler.test.ts[2m > [22mGuidanceCompiler[2m > [22mcompile[2m > [22mshould extract verifiers
 [32mΓ£ô[39m v3/@claude-flow/guidance/tests/compiler.test.ts[2m > [22mGuidanceCompiler[2m > [22mcompile[2m > [22mshould merge root and local files (local overrides)
 [32mΓ£ô[39m v3/@claude-flow/guidance/tests/compiler.test.ts[2m > [22mGuidanceCompiler[2m > [22mcompile[2m > [22mshould identify constitution sections
 [32mΓ£ô[39m v3/@claude-flow/guidance/tests/compiler.test.ts[2m > [22mGuidanceCompiler[2m > [22mcompile[2m > [22mshould generate a hash for the constitution
 [32mΓ£ô[39m v3/@claude-flow/guidance/tests/compiler.test.ts[2m > [22mGuidanceCompiler[2m > [22mparseGuidanceFile[2m > [22mshould handle empty content
 [32mΓ£ô[39m v3/@claude-flow/guidance/tests/compiler.test.ts[2m > [22mGuidanceCompiler[2m > [22mparseGuidanceFile[2m > [22mshould extract implicit rules from actionable bullet points
 [32mΓ£ô[39m v3/@claude-flow/guidance/tests/compiler.test.ts[2m > [22mGuidanceCompiler[2m > [22mparseGuidanceFile[2m > [22mshould infer intents from rule text
 [32mΓ£ô[39m v3/@claude-flow/security/__tests__/password-hasher.test.ts[2m > [22mPasswordHasher[2m > [22mPassword Hashing[2m > [22mshould produce different hashes for same password[33m 1604[2mms[22m[39m
[90mstderr[2m | v3/@claude-flow/integration/src/__tests__/agent-adapter.test.ts[2m > 
[22m[2mAgentAdapter[2m > [22m[2mInitialization[2m > [22m[2mshould initialize successfully[22m[39m
[AgentDB Patch] Controller index not found: 
C:\Users\saima\Desktop\code\ruflo_project\node_modules\agentdb\dist\controllers\index.js

 [32mΓ£ô[39m v3/@claude-flow/integration/src/__tests__/agent-adapter.test.ts[2m > [22mAgentAdapter[2m > [22mInitialization[2m > [22mshould initialize successfully[33m 2459[2mms[22m[39m
 [32mΓ£ô[39m v3/@claude-flow/integration/src/__tests__/agent-adapter.test.ts[2m > [22mAgentAdapter[2m > [22mInitialization[2m > [22mshould be idempotent on multiple initialize calls
 [32mΓ£ô[39m v3/@claude-flow/integration/src/__tests__/agent-adapter.test.ts[2m > [22mAgentAdapter[2m > [22mAgent Creation with Delegation[2m > [22mshould create an agent with delegation support
 [32mΓ£ô[39m v3/@claude-flow/integration/src/__tests__/agent-adapter.test.ts[2m > [22mAgentAdapter[2m > [22mAgent Creation with Delegation[2m > [22mshould create an agent with delegation support
 [32mΓ£ô[39m v3/@claude-flow/integration/src/__tests__/agent-adapter.test.ts[2m > [22mAgentAdapter[2m > [22mAgent Creation with Delegation[2m > [22mshould track created agents
 [32mΓ£ô[39m v3/@claude-flow/integration/src/__tests__/agent-adapter.test.ts[2m > [22mAgentAdapter[2m > [22mAgent Creation with Delegation[2m > [22mshould track created agents
 [32mΓ£ô[39m v3/@claude-flow/integration/src/__tests__/agent-adapter.test.ts[2m > [22mAgentAdapter[2m > [22mAgent Retrieval[2m > [22mshould retrieve agent by ID
 [32mΓ£ô[39m v3/@claude-flow/integration/src/__tests__/agent-adapter.test.ts[2m > [22mAgentAdapter[2m > [22mAgent Retrieval[2m > [22mshould retrieve agent by ID
 [32mΓ£ô[39m v3/@claude-flow/integration/src/__tests__/agent-adapter.test.ts[2m > [22mAgentAdapter[2m > [22mAgent Retrieval[2m > [22mshould return undefined for non-existent agent
 [32mΓ£ô[39m v3/@claude-flow/integration/src/__tests__/agent-adapter.test.ts[2m > [22mAgentAdapter[2m > [22mAgent Retrieval[2m > [22mshould return undefined for non-existent agent
 [32mΓ£ô[39m v3/@claude-flow/integration/src/__tests__/agent-adapter.test.ts[2m > [22mAgentAdapter[2m > [22mAgent Retrieval[2m > [22mshould get all agents
 [32mΓ£ô[39m v3/@claude-flow/cli/__tests__/ruvllm-integration.test.ts[2m > [22mADR-086: ruvllm native intelligence backend[2m > [22mSonaCoordinator via intelligence.ts[2m > [22mloads SonaCoordinator during initialization
 [32mΓ£ô[39m v3/@claude-flow/cli/__tests__/ruvllm-integration.test.ts[2m > [22mADR-086: ruvllm native intelligence backend[2m > [22mSonaCoordinator via intelligence.ts[2m > [22mexposes _ruvllmBackend in stats
 [32mΓ£ô[39m v3/@claude-flow/integration/src/__tests__/agent-adapter.test.ts[2m > [22mAgentAdapter[2m > [22mAgent Retrieval[2m > [22mshould get all agents
 [32mΓ£ô[39m v3/@claude-flow/integration/src/__tests__/agent-adapter.test.ts[2m > [22mAgentAdapter[2m > [22mAgent Removal[2m > [22mshould remove an agent
 [32mΓ£ô[39m v3/@claude-flow/integration/src/__tests__/agent-adapter.test.ts[2m > [22mAgentAdapter[2m > [22mAgent Removal[2m > [22mshould return false when removing non-existent agent
 [32mΓ£ô[39m v3/@claude-flow/integration/src/__tests__/agent-adapter.test.ts[2m > [22mAgentAdapter[2m > [22mAgent Conversion from agentic-flow[2m > [22mshould convert agentic-flow agent format
 [32mΓ£ô[39m v3/@claude-flow/integration/src/__tests__/agent-adapter.test.ts[2m > [22mAgentAdapter[2m > [22mAgent Conversion from agentic-flow[2m > [22mshould convert agentic-flow agent format
 [32mΓ£ô[39m v3/@claude-flow/integration/src/__tests__/agent-adapter.test.ts[2m > [22mAgentAdapter[2m > [22mAgent Conversion from agentic-flow[2m > [22mshould handle conversion warnings for unknown agent types
 [32mΓ£ô[39m v3/@claude-flow/integration/src/__tests__/agent-adapter.test.ts[2m > [22mAgentAdapter[2m > [22mAgent Conversion from agentic-flow[2m > [22mshould handle conversion warnings for unknown agent types
 [32mΓ£ô[39m v3/@claude-flow/cli/__tests__/ruvllm-integration.test.ts[2m > [22mADR-086: ruvllm native intelligence backend[2m > [22mContrastiveTrainer via sona-optimizer.ts[2m > [22mexports getSONAStats with _contrastiveTrainer field
 [32mΓ£ô[39m v3/@claude-flow/cli/__tests__/ruvllm-integration.test.ts[2m > [22mADR-086: ruvllm native intelligence backend[2m > [22mContrastiveTrainer via sona-optimizer.ts[2m > [22mexports SONAOptimizer class with trainAgentEmbeddings method
 [32mΓ£ô[39m v3/@claude-flow/cli/__tests__/ruvllm-integration.test.ts[2m > [22mADR-086: ruvllm native intelligence backend[2m > [22mTrainingPipeline via lora-adapter.ts[2m > [22mexposes initBackend method
 [32mΓ£ô[39m v3/@claude-flow/cli/__tests__/ruvllm-integration.test.ts[2m > [22mADR-086: ruvllm native intelligence backend[2m > [22mTrainingPipeline via lora-adapter.ts[2m > [22mexposes _trainingBackend in stats
 [32mΓ£ô[39m v3/@claude-flow/cli/__tests__/ruvllm-integration.test.ts[2m > [22mADR-086: ruvllm native intelligence backend[2m > [22mTrainingPipeline via lora-adapter.ts[2m > [22msupports saveCheckpoint and loadCheckpoint
 [32mΓ£ô[39m v3/@claude-flow/cli/__tests__/ruvllm-integration.test.ts[2m > [22mADR-086: ruvllm native intelligence backend[2m > [22mCJS import pattern (createRequire)[2m > [22muses createRequire instead of ESM dynamic import
 [32mΓ£ô[39m v3/@claude-flow/cli/__tests__/ruvllm-integration.test.ts[2m > [22mADR-086: ruvllm native intelligence backend[2m > [22mgraceful degradation[2m > [22mintelligence falls back to null coordinator when ruvllm unavailable
 [32mΓ£ô[39m v3/@claude-flow/cli/__tests__/ruvllm-integration.test.ts[2m > [22mADR-086: ruvllm native intelligence backend[2m > [22mgraceful degradation[2m > [22msona-optimizer falls back when ContrastiveTrainer unavailable
 [32mΓ£ô[39m v3/@claude-flow/cli/__tests__/ruvllm-integration.test.ts[2m > [22mADR-086: ruvllm native intelligence backend[2m > [22mgraceful degradation[2m > [22mlora-adapter falls back to js-fallback when pipeline unavailable
 [32mΓ£ô[39m v3/@claude-flow/integration/src/__tests__/agent-adapter.test.ts[2m > [22mAgentAdapter[2m > [22mAgent Conversion to agentic-flow[2m > [22mshould convert Claude Flow agent to agentic-flow format
 [32mΓ£ô[39m v3/@claude-flow/integration/src/__tests__/agent-adapter.test.ts[2m > [22mAgentAdapter[2m > [22mAgent Conversion to agentic-flow[2m > [22mshould convert Claude Flow agent to agentic-flow format
 [32mΓ£ô[39m v3/@claude-flow/integration/src/__tests__/agent-adapter.test.ts[2m > [22mAgentAdapter[2m > [22mDelegation Status[2m > [22mshould track delegation status
 [32mΓ£ô[39m v3/@claude-flow/integration/src/__tests__/agent-adapter.test.ts[2m > [22mAgentAdapter[2m > [22mDelegation Status[2m > [22mshould track delegation status
 [32mΓ£ô[39m v3/@claude-flow/integration/src/__tests__/agent-adapter.test.ts[2m > [22mAgentAdapter[2m > [22mShutdown[2m > [22mshould shutdown all managed agents
 [32mΓ£ô[39m v3/@claude-flow/integration/src/__tests__/agent-adapter.test.ts[2m > [22mcreateAgentAdapter[2m > [22mshould create and initialize an adapter
 [32mΓ£ô[39m v3/@claude-flow/security/__tests__/password-hasher.test.ts[2m > [22mPasswordHasher[2m > [22mPassword Hashing[2m > [22mshould include rounds in hash[33m 745[2mms[22m[39m
 [32mΓ£ô[39m v3/@claude-flow/security/__tests__/password-hasher.test.ts[2m > [22mPasswordHasher[2m > [22mPassword Hashing[2m > [22mshould throw for invalid password
 [32mΓ£ô[39m v3/@claude-flow/security/__tests__/password-hasher.test.ts[2m > [22mPasswordHasher[2m > [22mPassword Hashing[2m > [22mshould throw for empty password
 [32mΓ£ô[39m v3/@claude-flow/cli/__tests__/wasm-agent-tools.test.ts[2m > [22mwasm-agent-tools MCP[2m > [22mexports 10 tools
 [32mΓ£ô[39m v3/@claude-flow/cli/__tests__/wasm-agent-tools.test.ts[2m > [22mwasm-agent-tools MCP[2m > [22mall tools have required fields
 [32mΓ£ô[39m v3/@claude-flow/cli/__tests__/wasm-agent-tools.test.ts[2m > [22mwasm-agent-tools MCP[2m > [22mwasm_agent_create[2m > [22mcreates with config
 [32mΓ£ô[39m v3/@claude-flow/cli/__tests__/wasm-agent-tools.test.ts[2m > [22mwasm-agent-tools MCP[2m > [22mwasm_agent_create[2m > [22mcreates from template
 [32mΓ£ô[39m v3/@claude-flow/cli/__tests__/wasm-agent-tools.test.ts[2m > [22mwasm-agent-tools MCP[2m > [22mwasm_agent_prompt returns response
 [32mΓ£ô[39m v3/@claude-flow/cli/__tests__/wasm-agent-tools.test.ts[2m > [22mwasm-agent-tools MCP[2m > [22mwasm_agent_tool executes tool
 [32mΓ£ô[39m v3/@claude-flow/cli/__tests__/wasm-agent-tools.test.ts[2m > [22mwasm-agent-tools MCP[2m > [22mwasm_agent_list lists agents
 [32mΓ£ô[39m v3/@claude-flow/cli/__tests__/wasm-agent-tools.test.ts[2m > [22mwasm-agent-tools MCP[2m > [22mwasm_agent_terminate terminates
 [32mΓ£ô[39m v3/@claude-flow/cli/__tests__/wasm-agent-tools.test.ts[2m > [22mwasm-agent-tools MCP[2m > [22mwasm_agent_files lists files
 [32mΓ£ô[39m v3/@claude-flow/cli/__tests__/wasm-agent-tools.test.ts[2m > [22mwasm-agent-tools MCP[2m > [22mwasm_agent_export exports state
 [32mΓ£ô[39m v3/@claude-flow/cli/__tests__/wasm-agent-tools.test.ts[2m > [22mwasm-agent-tools MCP[2m > [22mwasm_gallery_list lists templates
 [32mΓ£ô[39m v3/@claude-flow/cli/__tests__/wasm-agent-tools.test.ts[2m > [22mwasm-agent-tools MCP[2m > [22mwasm_gallery_search finds templates
 [32mΓ£ô[39m v3/@claude-flow/cli/__tests__/wasm-agent-tools.test.ts[2m > [22mwasm-agent-tools MCP[2m > [22mwasm_gallery_create creates from template
 [32mΓ£ô[39m v3/@claude-flow/guidance/tests/retriever.test.ts[2m > [22mShardRetriever[2m > [22mclassifyIntent[2m > [22mshould classify bug fix tasks
 [32mΓ£ô[39m v3/@claude-flow/guidance/tests/retriever.test.ts[2m > [22mShardRetriever[2m > [22mclassifyIntent[2m > [22mshould classify feature tasks
 [32mΓ£ô[39m v3/@claude-flow/guidance/tests/retriever.test.ts[2m > [22mShardRetriever[2m > [22mclassifyIntent[2m > [22mshould classify security tasks
 [32mΓ£ô[39m v3/@claude-flow/guidance/tests/retriever.test.ts[2m > [22mShardRetriever[2m > [22mclassifyIntent[2m > [22mshould classify refactor tasks
 [32mΓ£ô[39m v3/@claude-flow/guidance/tests/retriever.test.ts[2m > [22mShardRetriever[2m > [22mclassifyIntent[2m > [22mshould classify performance tasks
 [32mΓ£ô[39m v3/@claude-flow/guidance/tests/retriever.test.ts[2m > [22mShardRetriever[2m > [22mclassifyIntent[2m > [22mshould classify testing tasks
 [32mΓ£ô[39m v3/@claude-flow/guidance/tests/retriever.test.ts[2m > [22mShardRetriever[2m > [22mclassifyIntent[2m > [22mshould classify deployment tasks
 [32mΓ£ô[39m v3/@claude-flow/guidance/tests/retriever.test.ts[2m > [22mShardRetriever[2m > [22mclassifyIntent[2m > [22mshould return general for ambiguous tasks
 [32mΓ£ô[39m v3/@claude-flow/guidance/tests/retriever.test.ts[2m > [22mShardRetriever[2m > [22mretrieve[2m > [22mshould always include the constitution
 [32mΓ£ô[39m v3/@claude-flow/guidance/tests/retriever.test.ts[2m > [22mShardRetriever[2m > [22mretrieve[2m > [22mshould retrieve relevant shards
 [32mΓ£ô[39m v3/@claude-flow/guidance/tests/retriever.test.ts[2m > [22mShardRetriever[2m > [22mretrieve[2m > [22mshould detect task intent
 [32mΓ£ô[39m v3/@claude-flow/guidance/tests/retriever.test.ts[2m > [22mShardRetriever[2m > [22mretrieve[2m > [22mshould respect maxShards limit
 [32mΓ£ô[39m v3/@claude-flow/guidance/tests/retriever.test.ts[2m > [22mShardRetriever[2m > [22mretrieve[2m > [22mshould allow intent override
 [32mΓ£ô[39m v3/@claude-flow/guidance/tests/retriever.test.ts[2m > [22mShardRetriever[2m > [22mretrieve[2m > [22mshould produce combined policy text
 [32mΓ£ô[39m v3/@claude-flow/guidance/tests/retriever.test.ts[2m > [22mShardRetriever[2m > [22mretrieve[2m > [22mshould report retrieval latency
 [32mΓ£ô[39m v3/@claude-flow/guidance/tests/retriever.test.ts[2m > [22mShardRetriever[2m > [22mloadBundle[2m > [22mshould load and index shards
 [32mΓ£ô[39m v3/@claude-flow/guidance/tests/retriever.test.ts[2m > [22mShardRetriever[2m > [22mloadBundle[2m > [22mshould load constitution
[90mstderr[2m | v3/@claude-flow/cli/__tests__/sona-embeddings-validation.test.ts[2m > [22m[2mEmbeddings 
Transparency (vector-db)[2m > [22m[2m6: generateHashEmbedding via generateEmbedding returns Float32Array of 
length 384[22m[39m
[vector-db] Using hash-based pseudo-embeddings (no semantic similarity). Install ruvector or 
@claude-flow/embeddings for real ML embeddings.

 [32mΓ£ô[39m v3/@claude-flow/cli/__tests__/sona-embeddings-validation.test.ts[2m > [22mSONA Optimizer[2m > [22m1: getRoutingSuggestion() is async and returns a result with source field
 [32mΓ£ô[39m v3/@claude-flow/cli/__tests__/sona-embeddings-validation.test.ts[2m > [22mSONA Optimizer[2m > [22m2: source field is one of the allowed values
 [32mΓ£ô[39m v3/@claude-flow/cli/__tests__/sona-embeddings-validation.test.ts[2m > [22mSONA Optimizer[2m > [22m3: keyword routing maps "implement authentication" to coder or security-architect
 [32mΓ£ô[39m v3/@claude-flow/cli/__tests__/sona-embeddings-validation.test.ts[2m > [22mSONA Optimizer[2m > [22m4: loadSonaEngine() gracefully handles missing @ruvector/sona
 [32mΓ£ô[39m v3/@claude-flow/cli/__tests__/sona-embeddings-validation.test.ts[2m > [22mSONA Optimizer[2m > [22m5: return type has agentType-equivalent, confidence, source, reasoning-equivalent fields
 [32mΓ£ô[39m v3/@claude-flow/cli/__tests__/sona-embeddings-validation.test.ts[2m > [22mEmbeddings Transparency (vector-db)[2m > [22m6: generateHashEmbedding via generateEmbedding returns Float32Array of length 384
 [32mΓ£ô[39m v3/@claude-flow/cli/__tests__/sona-embeddings-validation.test.ts[2m > [22mEmbeddings Transparency (vector-db)[2m > [22m7: hash embedding is deterministic (same input -> same output)
 [32mΓ£ô[39m v3/@claude-flow/cli/__tests__/sona-embeddings-validation.test.ts[2m > [22mEmbeddings Transparency (vector-db)[2m > [22m8: hash embedding has _warning property (non-enumerable) on fallback
 [32mΓ£ô[39m v3/@claude-flow/aidefence/__tests__/threat-detection.test.ts[2m > [22mThreatDetectionService[2m > [22mdetect()[2m > [22mshould detect instruction override attempts
 [32mΓ£ô[39m v3/@claude-flow/aidefence/__tests__/threat-detection.test.ts[2m > [22mThreatDetectionService[2m > [22mdetect()[2m > [22mshould detect jailbreak attempts
 [32mΓ£ô[39m v3/@claude-flow/aidefence/__tests__/threat-detection.test.ts[2m > [22mThreatDetectionService[2m > [22mdetect()[2m > [22mshould detect role switching attempts
 [32mΓ£ô[39m v3/@claude-flow/aidefence/__tests__/threat-detection.test.ts[2m > [22mThreatDetectionService[2m > [22mdetect()[2m > [22mshould detect context manipulation
 [32mΓ£ô[39m v3/@claude-flow/aidefence/__tests__/threat-detection.test.ts[2m > [22mThreatDetectionService[2m > [22mdetect()[2m > [22mshould allow safe inputs
 [32mΓ£ô[39m v3/@claude-flow/aidefence/__tests__/threat-detection.test.ts[2m > [22mThreatDetectionService[2m > [22mdetect()[2m > [22mshould detect PII
 [32mΓ£ô[39m v3/@claude-flow/aidefence/__tests__/threat-detection.test.ts[2m > [22mThreatDetectionService[2m > [22mdetect()[2m > [22mshould detect SSN
 [32mΓ£ô[39m v3/@claude-flow/aidefence/__tests__/threat-detection.test.ts[2m > [22mThreatDetectionService[2m > [22mdetect()[2m > [22mshould detect API keys
 [32mΓ£ô[39m v3/@claude-flow/aidefence/__tests__/threat-detection.test.ts[2m > [22mThreatDetectionService[2m > [22mquickScan()[2m > [22mshould be faster than full detect
 [32mΓ£ô[39m v3/@claude-flow/aidefence/__tests__/threat-detection.test.ts[2m > [22mThreatDetectionService[2m > [22mquickScan()[2m > [22mshould return correct threat status
 [32mΓ£ô[39m v3/@claude-flow/aidefence/__tests__/threat-detection.test.ts[2m > [22mThreatDetectionService[2m > [22mAIDefence facade[2m > [22mshould provide simple API
 [32mΓ£ô[39m v3/@claude-flow/aidefence/__tests__/threat-detection.test.ts[2m > [22mThreatDetectionService[2m > [22mAIDefence facade[2m > [22mshould track statistics
 [32mΓ£ô[39m v3/@claude-flow/aidefence/__tests__/threat-detection.test.ts[2m > [22mThreatDetectionService[2m > [22mconvenience functions[2m > [22misSafe() should work
 [32mΓ£ô[39m v3/@claude-flow/aidefence/__tests__/threat-detection.test.ts[2m > [22mThreatDetectionService[2m > [22mconvenience functions[2m > [22mcheckThreats() should return full result
 [32mΓ£ô[39m v3/@claude-flow/aidefence/__tests__/threat-detection.test.ts[2m > [22mPerformance[2m > [22mshould detect threats in under 10ms
 [32mΓ£ô[39m v3/@claude-flow/aidefence/__tests__/threat-detection.test.ts[2m > [22mPerformance[2m > [22mshould handle large inputs efficiently
The system cannot find the path specified.
 [32mΓ£ô[39m v3/@claude-flow/security/__tests__/password-hasher.test.ts[2m > [22mPasswordHasher[2m > [22mPassword Verification[2m > [22mshould verify correct password[33m 856[2mms[22m[39m
[90mstderr[2m | v3/@claude-flow/cli/__tests__/sona-embeddings-validation.test.ts[2m > [22m[2mNeural Tools 
(neural-tools)[2m > [22m[2m9: generateEmbedding function exists in neural-tools and is callable[22m[39m
[AgentDB Patch] Controller index not found: 
C:\Users\saima\Desktop\code\ruflo_project\node_modules\agentdb\dist\controllers\index.js

 [32mΓ£ô[39m v3/@claude-flow/cli/__tests__/sona-embeddings-validation.test.ts[2m > [22mNeural Tools (neural-tools)[2m > [22m9: generateEmbedding function exists in neural-tools and is callable[33m 707[2mms[22m[39m
 [32mΓ£ô[39m v3/@claude-flow/cli/__tests__/sona-embeddings-validation.test.ts[2m > [22mNeural Tools (neural-tools)[2m > [22m10: embeddingServiceName reflects active provider (real or hash-fallback)
 [32mΓ£ô[39m v3/@claude-flow/integration/src/__tests__/agentic-flow-agent.test.ts[2m > [22mAgenticFlowAgent[2m > [22mInitialization[2m > [22mshould create an agent with correct configuration
TAP version 13
The system cannot find the path specified.
The system cannot find the path specified.
The system cannot find the path specified.
The system cannot find the path specified.
The system cannot find the path specified.
The system cannot find the path specified.
The system cannot find the path specified.
# Subtest: RvfaBuilder
    # Subtest: creates a valid RVFA for cloud profile
    ok 1 - creates a valid RVFA for cloud profile
      ---
      duration_ms: 211.4169
      type: 'test'
      ...
    # Subtest: creates a valid RVFA for hybrid profile
    ok 2 - creates a valid RVFA for hybrid profile
      ---
      duration_ms: 96.6377
      type: 'test'
      ...
    # Subtest: creates a valid RVFA for offline profile
    ok 3 - creates a valid RVFA for offline profile
      ---
      duration_ms: 137.2903
      type: 'test'
      ...
    # Subtest: output file is readable by RvfaReader
    ok 4 - output file is readable by RvfaReader
      ---
      duration_ms: 83.6678
      type: 'test'
      ...
    # Subtest: all expected sections present in result
    ok 5 - all expected sections present in result
      ---
      duration_ms: 189.2765
      type: 'test'
      ...
    # Subtest: section checksums validate
    ok 6 - section checksums validate
      ---
      duration_ms: 226.2163
      type: 'test'
      ...
    # Subtest: duration is tracked
    ok 7 - duration is tracked
      ---
      duration_ms: 133.6788
      type: 'test'
      ...
    # Subtest: each section has originalSize > 0
    ok 8 - each section has originalSize > 0
      ---
      duration_ms: 146.8855
      type: 'test'
      ...
    1..8
ok 1 - RvfaBuilder
  ---
  duration_ms: 1229.8613
  type: 'suite'
  ...
# Subtest: encryptApiKeys / decryptApiKeys
    # Subtest: round-trips correctly
    ok 1 - round-trips correctly
      ---
      duration_ms: 450.2358
      type: 'test'
      ...
    # Subtest: decryption fails with wrong passphrase
    ok 2 - decryption fails with wrong passphrase
      ---
      duration_ms: 241.6115
      type: 'test'
      ...
    # Subtest: handles empty .env
    ok 3 - handles empty .env
      ---
      duration_ms: 225.5176
      type: 'test'
      ...
    # Subtest: handles multiline .env with comments and quoted values
    ok 4 - handles multiline .env with comments and quoted values
      ---
      duration_ms: 216.5896
      type: 'test'
      ...
    # Subtest: produces different ciphertext for same input (random salt/IV)
    ok 5 - produces different ciphertext for same input (random salt/IV)
      ---
      duration_ms: 243.92
      type: 'test'
      ...
    # Subtest: rejects truncated encrypted payload
    ok 6 - rejects truncated encrypted payload
      ---
      duration_ms: 104.5481
      type: 'test'
      ...
    # Subtest: skips comment lines and empty lines
    ok 7 - skips comment lines and empty lines
      ---
      duration_ms: 168.8087
      type: 'test'
      ...
    1..7
ok 2 - encryptApiKeys / decryptApiKeys
  ---
  duration_ms: 1651.8677
  type: 'suite'
  ...
 [32mΓ£ô[39m v3/@claude-flow/integration/src/__tests__/agentic-flow-agent.test.ts[2m > [22mAgenticFlowAgent[2m > [22mInitialization[2m > [22mshould create an agent with correct configuration
 [32mΓ£ô[39m v3/@claude-flow/integration/src/__tests__/agentic-flow-agent.test.ts[2m > [22mAgenticFlowAgent[2m > [22mInitialization[2m > [22mshould initialize successfully
 [32mΓ£ô[39m v3/@claude-flow/integration/src/__tests__/agentic-flow-agent.test.ts[2m > [22mAgenticFlowAgent[2m > [22mInitialization[2m > [22mshould initialize successfully
[90mstderr[2m | v3/@claude-flow/integration/src/__tests__/token-optimizer.test.ts[2m > 
[22m[2mTokenOptimizer[22m[39m
[AgentDB Patch] Controller index not found: 
C:\Users\saima\Desktop\code\ruflo_project\node_modules\agentdb\dist\controllers\index.js

 [32mΓ£ô[39m v3/@claude-flow/integration/src/__tests__/agentic-flow-agent.test.ts[2m > [22mAgenticFlowAgent[2m > [22mInitialization[2m > [22mshould be idempotent on multiple initialize calls
 [32mΓ£ô[39m v3/@claude-flow/integration/src/__tests__/token-optimizer.test.ts[2m > [22mTokenOptimizer[2m > [22minitialization[2m > [22mshould initialize successfully
 [31m├ù[39m v3/@claude-flow/integration/src/__tests__/token-optimizer.test.ts[2m > [22mTokenOptimizer[2m > [22minitialization[2m > [22mshould detect agentic-flow availability
[31m   ΓåÆ expected false to be true // Object.is equality[39m
 [32mΓ£ô[39m v3/@claude-flow/integration/src/__tests__/token-optimizer.test.ts[2m > [22mTokenOptimizer[2m > [22mgetCompactContext[2m > [22mshould return context structure
 [32mΓ£ô[39m v3/@claude-flow/integration/src/__tests__/token-optimizer.test.ts[2m > [22mTokenOptimizer[2m > [22mgetCompactContext[2m > [22mshould track tokens saved
 [32mΓ£ô[39m v3/@claude-flow/integration/src/__tests__/token-optimizer.test.ts[2m > [22mTokenOptimizer[2m > [22moptimizedEdit[2m > [22mshould return edit optimization result
 [32mΓ£ô[39m v3/@claude-flow/integration/src/__tests__/token-optimizer.test.ts[2m > [22mTokenOptimizer[2m > [22moptimizedEdit[2m > [22mshould track edits optimized
 [32mΓ£ô[39m v3/@claude-flow/integration/src/__tests__/token-optimizer.test.ts[2m > [22mTokenOptimizer[2m > [22mgetOptimalConfig[2m > [22mshould return anti-drift config for small teams
 [32mΓ£ô[39m v3/@claude-flow/integration/src/__tests__/token-optimizer.test.ts[2m > [22mTokenOptimizer[2m > [22mgetOptimalConfig[2m > [22mshould recommend mesh for very small teams
 [31m├ù[39m v3/@claude-flow/integration/src/__tests__/token-optimizer.test.ts[2m > [22mTokenOptimizer[2m > [22mgetOptimalConfig[2m > [22mshould handle large agent counts
[31m   ΓåÆ expected 'mesh' to be 'hierarchical' // Object.is equality[39m
 [32mΓ£ô[39m v3/@claude-flow/integration/src/__tests__/token-optimizer.test.ts[2m > [22mTokenOptimizer[2m > [22mcachedLookup[2m > [22mshould cache results
 [32mΓ£ô[39m v3/@claude-flow/integration/src/__tests__/token-optimizer.test.ts[2m > [22mTokenOptimizer[2m > [22mcachedLookup[2m > [22mshould track cache hits and misses
 [32mΓ£ô[39m v3/@claude-flow/integration/src/__tests__/token-optimizer.test.ts[2m > [22mTokenOptimizer[2m > [22mgetStats[2m > [22mshould return all statistics
 [32mΓ£ô[39m v3/@claude-flow/integration/src/__tests__/token-optimizer.test.ts[2m > [22mTokenOptimizer[2m > [22mgetStats[2m > [22mshould calculate cache hit rate
 [32mΓ£ô[39m v3/@claude-flow/integration/src/__tests__/token-optimizer.test.ts[2m > [22mTokenOptimizer[2m > [22mgetStats[2m > [22mshould estimate monthly savings
 [32mΓ£ô[39m v3/@claude-flow/integration/src/__tests__/token-optimizer.test.ts[2m > [22mTokenOptimizer[2m > [22mgenerateReport[2m > [22mshould generate markdown report
 [32mΓ£ô[39m v3/@claude-flow/integration/src/__tests__/token-optimizer.test.ts[2m > [22mTokenOptimizer[2m > [22msingleton[2m > [22mshould return same instance via getTokenOptimizer
 [32mΓ£ô[39m v3/@claude-flow/integration/src/__tests__/agentic-flow-agent.test.ts[2m > [22mAgenticFlowAgent[2m > [22mInitialization[2m > [22mshould be idempotent on multiple initialize calls
 [32mΓ£ô[39m v3/@claude-flow/integration/src/__tests__/agentic-flow-agent.test.ts[2m > [22mAgenticFlowAgent[2m > [22mTask Execution[2m > [22mshould execute a simple task
 [32mΓ£ô[39m v3/@claude-flow/integration/src/__tests__/agentic-flow-agent.test.ts[2m > [22mAgenticFlowAgent[2m > [22mTask Execution[2m > [22mshould execute a simple task
 [32mΓ£ô[39m v3/@claude-flow/integration/src/__tests__/agentic-flow-agent.test.ts[2m > [22mAgenticFlowAgent[2m > [22mTask Execution[2m > [22mshould update status during task execution
 [32mΓ£ô[39m v3/@claude-flow/integration/src/__tests__/agentic-flow-agent.test.ts[2m > [22mAgenticFlowAgent[2m > [22mTask Execution[2m > [22mshould update status during task execution
 [32mΓ£ô[39m v3/@claude-flow/integration/src/__tests__/agentic-flow-agent.test.ts[2m > [22mAgenticFlowAgent[2m > [22mTask Execution[2m > [22mshould track metrics correctly
 [32mΓ£ô[39m v3/@claude-flow/integration/src/__tests__/agentic-flow-agent.test.ts[2m > [22mAgenticFlowAgent[2m > [22mTask Execution[2m > [22mshould track metrics correctly
 [32mΓ£ô[39m v3/@claude-flow/integration/src/__tests__/agentic-flow-agent.test.ts[2m > [22mAgenticFlowAgent[2m > [22mHealth Monitoring[2m > [22mshould return health status
 [32mΓ£ô[39m v3/@claude-flow/integration/src/__tests__/agentic-flow-agent.test.ts[2m > [22mAgenticFlowAgent[2m > [22mHealth Monitoring[2m > [22mshould return health status
 [32mΓ£ô[39m v3/@claude-flow/integration/src/__tests__/agentic-flow-agent.test.ts[2m > [22mAgenticFlowAgent[2m > [22mHealth Monitoring[2m > [22mshould report healthy status with low error rate
 [32mΓ£ô[39m v3/@claude-flow/integration/src/__tests__/agentic-flow-agent.test.ts[2m > [22mAgenticFlowAgent[2m > [22mHealth Monitoring[2m > [22mshould report healthy status with low error rate
 [32mΓ£ô[39m v3/@claude-flow/integration/src/__tests__/agentic-flow-agent.test.ts[2m > [22mAgenticFlowAgent[2m > [22mDelegation[2m > [22mshould accept delegation reference
 [32mΓ£ô[39m v3/@claude-flow/integration/src/__tests__/agentic-flow-agent.test.ts[2m > [22mAgenticFlowAgent[2m > [22mShutdown[2m > [22mshould shutdown gracefully
 [32mΓ£ô[39m v3/@claude-flow/integration/src/__tests__/agentic-flow-agent.test.ts[2m > [22mAgenticFlowAgent[2m > [22mShutdown[2m > [22mshould shutdown gracefully
 [32mΓ£ô[39m v3/@claude-flow/integration/src/__tests__/agentic-flow-agent.test.ts[2m > [22mcreateAgenticFlowAgent[2m > [22mshould create and initialize an agent
 [32mΓ£ô[39m v3/@claude-flow/security/__tests__/password-hasher.test.ts[2m > [22mPasswordHasher[2m > [22mPassword Verification[2m > [22mshould reject incorrect password[33m 678[2mms[22m[39m
 [32mΓ£ô[39m v3/@claude-flow/security/__tests__/password-hasher.test.ts[2m > [22mPasswordHasher[2m > [22mPassword Verification[2m > [22mshould return false for empty password
 [32mΓ£ô[39m v3/@claude-flow/security/__tests__/password-hasher.test.ts[2m > [22mPasswordHasher[2m > [22mPassword Verification[2m > [22mshould return false for empty hash
 [32mΓ£ô[39m v3/@claude-flow/security/__tests__/password-hasher.test.ts[2m > [22mPasswordHasher[2m > [22mPassword Verification[2m > [22mshould return false for invalid hash format
 [32mΓ£ô[39m v3/@claude-flow/security/__tests__/password-hasher.test.ts[2m > [22mPasswordHasher[2m > [22mPassword Verification[2m > [22mshould return false for SHA-256 hash (old format)
The system cannot find the path specified.
The system cannot find the path specified.
The system cannot find the path specified.
The system cannot find the path specified.
The system cannot find the path specified.
The system cannot find the path specified.
The system cannot find the path specified.
The system cannot find the path specified.
The system cannot find the path specified.
The system cannot find the path specified.
The system cannot find the path specified.
The system cannot find the path specified.
The system cannot find the path specified.
The system cannot find the path specified.
The system cannot find the path specified.
The system cannot find the path specified.
The system cannot find the path specified.
The system cannot find the path specified.
The system cannot find the path specified.
 [32mΓ£ô[39m v3/@claude-flow/hooks/__tests__/statusline/statusline-collision.test.ts[2m > [22mStatusline Collision Zone Avoidance[2m > [22mshould have clear collision zone in safe multi-line output[33m 616[2mms[22m[39m
 [32mΓ£ô[39m v3/@claude-flow/hooks/__tests__/statusline/statusline-collision.test.ts[2m > [22mStatusline Collision Zone Avoidance[2m > [22mshould produce single-line output when requested
 [32mΓ£ô[39m v3/@claude-flow/hooks/__tests__/statusline/statusline-collision.test.ts[2m > [22mStatusline Collision Zone Avoidance[2m > [22mshould have padding in the collision line
 [32mΓ£ô[39m v3/@claude-flow/hooks/__tests__/statusline/statusline-collision.test.ts[2m > [22mStatusline Output Modes[2m > [22mshould support all output modes
 [32mΓ£ô[39m v3/@claude-flow/shared/src/hooks/verify-exports.test.ts[2m > [22mHooks Module Exports[2m > [22mshould export all types from main module
 [32mΓ£ô[39m v3/@claude-flow/shared/src/hooks/verify-exports.test.ts[2m > [22mHooks Module Exports[2m > [22mshould export types (type-only imports)
 [31m├ù[39m v3/@claude-flow/shared/src/hooks/verify-exports.test.ts[2m > [22mHooks Module Exports[2m > [22mshould create instances from exported factories
[31m   ΓåÆ Cannot find module './index.js'
Require stack:
- C:\Users\saima\Desktop\code\ruflo_project\v3\@claude-flow\shared\src\hooks\verify-exports.test.ts[39m
 [31m├ù[39m v3/@claude-flow/shared/src/hooks/verify-exports.test.ts[2m > [22mHooks Module Exports[2m > [22mshould have all 26 hook events defined
[31m   ΓåÆ Cannot find module './index.js'
Require stack:
- C:\Users\saima\Desktop\code\ruflo_project\v3\@claude-flow\shared\src\hooks\verify-exports.test.ts[39m
 [31m├ù[39m v3/@claude-flow/shared/src/hooks/verify-exports.test.ts[2m > [22mHooks Module Exports[2m > [22mshould have all 5 priority levels defined
[31m   ΓåÆ Cannot find module './index.js'
Require stack:
- C:\Users\saima\Desktop\code\ruflo_project\v3\@claude-flow\shared\src\hooks\verify-exports.test.ts[39m
 [32mΓ£ô[39m v3/@claude-flow/cli/__tests__/graph-backend.test.ts[2m > [22mADR-087: graph-node backend[2m > [22mmodule exports[2m > [22mexports all expected functions[33m 802[2mms[22m[39m
 [32mΓ£ô[39m v3/@claude-flow/browser/tests/browser-service.test.ts[2m > [22mBrowserService[2m > [22mcreateBrowserService[2m > [22mshould create a browser service with default options
 [32mΓ£ô[39m v3/@claude-flow/browser/tests/browser-service.test.ts[2m > [22mBrowserService[2m > [22mcreateBrowserService[2m > [22mshould create a browser service with custom session
 [32mΓ£ô[39m v3/@claude-flow/browser/tests/browser-service.test.ts[2m > [22mBrowserService[2m > [22mtrajectory tracking[2m > [22mshould start a trajectory
 [32mΓ£ô[39m v3/@claude-flow/browser/tests/browser-service.test.ts[2m > [22mBrowserService[2m > [22mtrajectory tracking[2m > [22mshould end a trajectory
 [32mΓ£ô[39m v3/@claude-flow/browser/tests/browser-service.test.ts[2m > [22mBrowserService[2m > [22mtrajectory tracking[2m > [22mshould return null if no trajectory is active
 [32mΓ£ô[39m v3/@claude-flow/browser/tests/browser-service.test.ts[2m > [22mBrowserService[2m > [22mnavigation[2m > [22mshould navigate to a URL
 [32mΓ£ô[39m v3/@claude-flow/browser/tests/browser-service.test.ts[2m > [22mBrowserService[2m > [22mnavigation[2m > [22mshould close the browser
 [32mΓ£ô[39m v3/@claude-flow/browser/tests/browser-service.test.ts[2m > [22mBrowserService[2m > [22msnapshot[2m > [22mshould take a snapshot with default options
 [32mΓ£ô[39m v3/@claude-flow/browser/tests/browser-service.test.ts[2m > [22mBrowserService[2m > [22msnapshot[2m > [22mshould take a snapshot with interactive option
 [32mΓ£ô[39m v3/@claude-flow/browser/tests/browser-service.test.ts[2m > [22mBrowserService[2m > [22minteraction[2m > [22mshould click an element
 [32mΓ£ô[39m v3/@claude-flow/browser/tests/browser-service.test.ts[2m > [22mBrowserService[2m > [22minteraction[2m > [22mshould fill an input
 [32mΓ£ô[39m v3/@claude-flow/browser/tests/browser-service.test.ts[2m > [22mBrowserService[2m > [22minteraction[2m > [22mshould type text
 [32mΓ£ô[39m v3/@claude-flow/browser/tests/browser-service.test.ts[2m > [22mBrowserService[2m > [22minteraction[2m > [22mshould press a key
 [32mΓ£ô[39m v3/@claude-flow/browser/tests/browser-service.test.ts[2m > [22mBrowserService[2m > [22mwait[2m > [22mshould wait for an element
 [32mΓ£ô[39m v3/@claude-flow/browser/tests/browser-service.test.ts[2m > [22mBrowserService[2m > [22mdata extraction[2m > [22mshould get text from element
 [32mΓ£ô[39m v3/@claude-flow/browser/tests/browser-service.test.ts[2m > [22mBrowserService[2m > [22mdata extraction[2m > [22mshould evaluate JavaScript
 [32mΓ£ô[39m v3/@claude-flow/browser/tests/browser-service.test.ts[2m > [22mBrowserService[2m > [22mscreenshot[2m > [22mshould take a screenshot
 [32mΓ£ô[39m v3/@claude-flow/browser/tests/browser-service.test.ts[2m > [22mBrowserService[2m > [22mscreenshot[2m > [22mshould take a screenshot with path
 [32mΓ£ô[39m v3/@claude-flow/cli/__tests__/graph-backend.test.ts[2m > [22mADR-087: graph-node backend[2m > [22mgraceful degradation[2m > [22mgetGraphStats returns unavailable when graph-node not loaded
 [32mΓ£ô[39m v3/@claude-flow/cli/__tests__/graph-backend.test.ts[2m > [22mADR-087: graph-node backend[2m > [22mgraceful degradation[2m > [22maddNode returns string or null
 [32mΓ£ô[39m v3/@claude-flow/cli/__tests__/graph-backend.test.ts[2m > [22mADR-087: graph-node backend[2m > [22mgraceful degradation[2m > [22mgetNeighbors returns array
 [32mΓ£ô[39m v3/@claude-flow/cli/__tests__/graph-backend.test.ts[2m > [22mADR-087: graph-node backend[2m > [22mgraceful degradation[2m > [22mrecordCausalEdge returns result with backend
 [32mΓ£ô[39m v3/@claude-flow/cli/__tests__/graph-backend.test.ts[2m > [22mADR-087: graph-node backend[2m > [22mgraceful degradation[2m > [22mrecordSwarmTeam returns result
 [32mΓ£ô[39m v3/@claude-flow/cli/__tests__/graph-backend.test.ts[2m > [22mADR-087: graph-node backend[2m > [22mCJS import pattern[2m > [22msource uses createRequire for @ruvector/graph-node
 [32mΓ£ô[39m v3/@claude-flow/cli/__tests__/graph-backend.test.ts[2m > [22mADR-087: graph-node backend[2m > [22mtype exports[2m > [22mexports GraphNodeData interface shape
 [32mΓ£ô[39m v3/@claude-flow/cli/__tests__/graph-backend.test.ts[2m > [22mADR-087: graph-node backend[2m > [22mtype exports[2m > [22mexports GraphEdgeData interface shape
 [32mΓ£ô[39m v3/@claude-flow/security/__tests__/password-hasher.test.ts[2m > [22mPasswordHasher[2m > [22mRehash Detection[2m > [22mshould not need rehash for current rounds[33m 422[2mms[22m[39m
 [32mΓ£ô[39m v3/@claude-flow/security/__tests__/password-hasher.test.ts[2m > [22mPasswordHasher[2m > [22mRehash Detection[2m > [22mshould need rehash for lower rounds
 [32mΓ£ô[39m v3/@claude-flow/security/__tests__/password-hasher.test.ts[2m > [22mPasswordHasher[2m > [22mRehash Detection[2m > [22mshould need rehash for invalid format
 [32mΓ£ô[39m v3/@claude-flow/security/__tests__/password-hasher.test.ts[2m > [22mPasswordHasher[2m > [22mRehash Detection[2m > [22mshould need rehash for SHA-256 hash
 [32mΓ£ô[39m v3/@claude-flow/security/__tests__/password-hasher.test.ts[2m > [22mPasswordHasher[2m > [22mFactory Function[2m > [22mshould create hasher with specified rounds
 [32mΓ£ô[39m v3/@claude-flow/security/__tests__/password-hasher.test.ts[2m > [22mPasswordHasher[2m > [22mFactory Function[2m > [22mshould use default 12 rounds
 [32mΓ£ô[39m v3/@claude-flow/security/__tests__/password-hasher.test.ts[2m > [22mPasswordHasher[2m > [22mCVE-2 Security Verification[2m > [22mshould NOT use hardcoded salt[33m 508[2mms[22m[39m
 [32mΓ£ô[39m ruflo/src/rufloui/src/frontend/utils/formatTime.test.ts[2m > [22mformatRelativeTime[2m > [22mreturns "just now" for a timestamp less than 60 seconds ago
 [32mΓ£ô[39m ruflo/src/rufloui/src/frontend/utils/formatTime.test.ts[2m > [22mformatRelativeTime[2m > [22mreturns "2 minutes ago" for 120 seconds ago
 [32mΓ£ô[39m ruflo/src/rufloui/src/frontend/utils/formatTime.test.ts[2m > [22mformatRelativeTime[2m > [22mreturns "1 hour ago" for 3600 seconds ago
 [32mΓ£ô[39m ruflo/src/rufloui/src/frontend/utils/formatTime.test.ts[2m > [22mformatRelativeTime[2m > [22mreturns "3 days ago" for 3*86400 seconds ago
 [32mΓ£ô[39m ruflo/src/rufloui/src/frontend/utils/formatTime.test.ts[2m > [22mformatRelativeTime[2m > [22mreturns "just now" for invalid input
 [32mΓ£ô[39m ruflo/src/rufloui/src/frontend/utils/formatTime.test.ts[2m > [22mformatRelativeTime[2m > [22mreturns singular "1 minute ago"
 [32mΓ£ô[39m ruflo/src/rufloui/src/frontend/utils/formatTime.test.ts[2m > [22mformatRelativeTime[2m > [22mreturns "just now" for a timestamp 0 seconds ago
 [32mΓ£ô[39m ruflo/src/rufloui/src/frontend/utils/formatTime.test.ts[2m > [22mformatRelativeTime[2m > [22mreturns "1 day ago" for exactly 86400 seconds ago
 [32mΓ£ô[39m ruflo/src/rufloui/src/frontend/utils/formatTime.test.ts[2m > [22mformatRelativeTime[2m > [22mreturns "1 month ago" for 45 days ago
 [32mΓ£ô[39m ruflo/src/rufloui/src/frontend/utils/formatTime.test.ts[2m > [22mformatRelativeTime[2m > [22mreturns "1 year ago" for 400 days ago
 [32mΓ£ô[39m ruflo/src/rufloui/src/frontend/utils/formatTime.test.ts[2m > [22mformatRelativeTime[2m > [22mreturns "just now" for future timestamps
 [32mΓ£ô[39m v2/tests/unit/utils/error-recovery.test.ts[2m > [22mError Recovery[2m > [22misNpmCacheError[2m > [22mshould detect ENOTEMPTY npm errors
 [32mΓ£ô[39m v2/tests/unit/utils/error-recovery.test.ts[2m > [22mError Recovery[2m > [22misNpmCacheError[2m > [22mshould detect better-sqlite3 errors
 [32mΓ£ô[39m v2/tests/unit/utils/error-recovery.test.ts[2m > [22mError Recovery[2m > [22misNpmCacheError[2m > [22mshould not detect unrelated errors
 [32mΓ£ô[39m v2/tests/unit/utils/error-recovery.test.ts[2m > [22mError Recovery[2m > [22misWSL[2m > [22mshould detect WSL environment
 [32mΓ£ô[39m v2/tests/unit/utils/error-recovery.test.ts[2m > [22mError Recovery[2m > [22mretryWithRecovery[2m > [22mshould retry on failure and succeed
 [32mΓ£ô[39m v2/tests/unit/utils/error-recovery.test.ts[2m > [22mError Recovery[2m > [22mretryWithRecovery[2m > [22mshould throw after max retries
 [32mΓ£ô[39m v3/@claude-flow/embeddings/src/__tests__/embedding-service.test.ts[2m > [22mEmbeddingService[2m > [22mMockEmbeddingService[2m > [22mshould generate embeddings with correct dimensions
 [32mΓ£ô[39m v3/@claude-flow/embeddings/src/__tests__/embedding-service.test.ts[2m > [22mEmbeddingService[2m > [22mMockEmbeddingService[2m > [22mshould generate deterministic embeddings for same text
 [32mΓ£ô[39m v3/@claude-flow/embeddings/src/__tests__/embedding-service.test.ts[2m > [22mEmbeddingService[2m > [22mMockEmbeddingService[2m > [22mshould handle batch embeddings
 [32mΓ£ô[39m v3/@claude-flow/embeddings/src/__tests__/embedding-service.test.ts[2m > [22mEmbeddingService[2m > [22mcreateEmbeddingService[2m > [22mshould create mock service
 [32mΓ£ô[39m v3/@claude-flow/embeddings/src/__tests__/embedding-service.test.ts[2m > [22mSimilarity Functions[2m > [22mcosineSimilarity[2m > [22mshould return 1 for identical vectors
 [32mΓ£ô[39m v3/@claude-flow/embeddings/src/__tests__/embedding-service.test.ts[2m > [22mSimilarity Functions[2m > [22mcosineSimilarity[2m > [22mshould return 0 for orthogonal vectors
 [32mΓ£ô[39m v3/@claude-flow/embeddings/src/__tests__/embedding-service.test.ts[2m > [22mSimilarity Functions[2m > [22mcosineSimilarity[2m > [22mshould return -1 for opposite vectors
 [32mΓ£ô[39m v3/@claude-flow/embeddings/src/__tests__/embedding-service.test.ts[2m > [22mSimilarity Functions[2m > [22meuclideanDistance[2m > [22mshould return 0 for identical vectors
 [32mΓ£ô[39m v3/@claude-flow/embeddings/src/__tests__/embedding-service.test.ts[2m > [22mSimilarity Functions[2m > [22meuclideanDistance[2m > [22mshould return sqrt(2) for unit orthogonal vectors
 [32mΓ£ô[39m v3/@claude-flow/embeddings/src/__tests__/embedding-service.test.ts[2m > [22mSimilarity Functions[2m > [22meuclideanDistance[2m > [22mshould return 2 for opposite unit vectors
 [32mΓ£ô[39m v3/@claude-flow/embeddings/src/__tests__/embedding-service.test.ts[2m > [22mSimilarity Functions[2m > [22mdotProduct[2m > [22mshould return 1 for identical unit vectors
 [32mΓ£ô[39m v3/@claude-flow/embeddings/src/__tests__/embedding-service.test.ts[2m > [22mSimilarity Functions[2m > [22mdotProduct[2m > [22mshould return 0 for orthogonal vectors
 [32mΓ£ô[39m v3/@claude-flow/embeddings/src/__tests__/embedding-service.test.ts[2m > [22mSimilarity Functions[2m > [22mdotProduct[2m > [22mshould return -1 for opposite unit vectors
 [32mΓ£ô[39m v3/@claude-flow/embeddings/src/__tests__/embedding-service.test.ts[2m > [22mSimilarity Functions[2m > [22mcomputeSimilarity[2m > [22mshould use cosine metric by default
 [31m├ù[39m v3/@claude-flow/embeddings/src/__tests__/embedding-service.test.ts[2m > [22mSimilarity Functions[2m > [22mcomputeSimilarity[2m > [22mshould support euclidean metric
[31m   ΓåÆ expected 0.4142135623730951 to be close to 1.4142135623730951, received difference is 1, but expected 0.005[39m
 [32mΓ£ô[39m v3/@claude-flow/embeddings/src/__tests__/embedding-service.test.ts[2m > [22mSimilarity Functions[2m > [22mcomputeSimilarity[2m > [22mshould support dot product metric
[90mstdout[2m | file:\C:\Users\saima\Desktop\code\ruflo_project\v2\benchmark\archive\old-files\hello_world.js:11:9[22m[39m
Hello, World!

[90mstdout[2m | file:\C:\Users\saima\Desktop\code\ruflo_project\v2\benchmark\archive\old-files\hello_world.js:12:9[22m[39m
Hello, Claude!

[90mstdout[2m | v2\benchmark\archive\old-files\hello_world.test.js:24:9[22m[39m
Testing helloWorld function:


[90mstdout[2m | test (C:\Users\saima\Desktop\code\ruflo_project\v2\benchmark\archive\old-files\hello_world.test.js:11:17)[22m[39m
Γ£à Should return "Hello, World!" with no parameters
Γ£à Should greet by name when provided
Γ£à Should convert numbers to strings
Γ£à Should convert boolean to string
Γ£à Should handle null as string
Γ£à Should handle undefined as default

[90mstdout[2m | v2\benchmark\archive\old-files\hello_world.test.js:63:9[22m[39m

Testing helloWorldAdvanced function:


[90mstderr[2m | test 
(C:\Users\saima\Desktop\code\ruflo_project\v2\benchmark\archive\old-files\hello_world.test.js:13:17)[22m[39m
Γ¥î Should handle empty string as default
Γ¥î Should handle whitespace-only string as default
Γ¥î Should trim whitespace from names
Γ¥î Should use default style when not specified
Γ¥î Should use formal greeting style
Γ¥î Should use casual greeting style
Γ¥î Should use enthusiastic greeting style
Γ¥î Should use morning greeting style
Γ¥î Should use evening greeting style
Γ¥î Should fallback to default for unknown style
Γ¥î Should handle both parameters as defaults

[90mstdout[2m | v2\benchmark\archive\old-files\hello_world.test.js:98:9[22m[39m
[90mstderr[2m | test 
(C:\Users\saima\Desktop\code\ruflo_project\v2\benchmark\archive\old-files\hello_world.test.js:14:17)[22m[39m
   Error: Expected "Hello, World!" but got "Hello, !"
   Error: Expected "Hello, World!" but got "Hello,    !"
   Error: Expected "Hello, Bob!" but got "Hello,   Bob  !"
   Error: helloWorldAdvanced is not a function
   Error: helloWorldAdvanced is not a function
   Error: helloWorldAdvanced is not a function
   Error: helloWorldAdvanced is not a function
   Error: helloWorldAdvanced is not a function
   Error: helloWorldAdvanced is not a function
   Error: helloWorldAdvanced is not a function
   Error: helloWorldAdvanced is not a function


Γ£¿ Test suite completed!

 [32mΓ£ô[39m v2/tests/unit/utils/error-recovery.test.ts[2m > [22mError Recovery[2m > [22mretryWithRecovery[2m > [22mshould call onRetry callback
 [32mΓ£ô[39m v3/@claude-flow/security/__tests__/password-hasher.test.ts[2m > [22mPasswordHasher[2m > [22mCVE-2 Security Verification[2m > [22mshould NOT produce same hash for same input (unlike SHA-256)[33m 2549[2mms[22m[39m
[90mstdout[2m | v2/tests/unit/utils/error-recovery.test.ts[2m > [22m[2mError Recovery[2m > [22m[2mcleanNpmCache[2m > [22m[2mshould return success result[22m[39m
≡ƒº╣ Cleaning npm cache...
Γ£à npm cache cleaned

[90mstdout[2m | v2/tests/unit/utils/error-recovery.test.ts[2m > [22m[2mError Recovery[2m > [22m[2mrecoverInitErrors[2m > [22m[2mshould handle npm cache errors[22m[39m

≡ƒÜ¿ Error detected during initialization
   Error: ENOTEMPTY: directory not empty, rmdir '/home/user/.npm/_npx/xxx/node_modules/better-sqlite3'

≡ƒöº Detected npm cache error, attempting recovery...
≡ƒº╣ Cleaning npm cache...
Γ£à npm cache cleaned

 [32mΓ£ô[39m v2/tests/unit/utils/error-recovery.test.ts[2m > [22mError Recovery[2m > [22mcleanNpmCache[2m > [22mshould return success result[33m 1372[2mms[22m[39m
[90mstdout[2m | v2/tests/unit/utils/error-recovery.test.ts[2m > [22m[2mError Recovery[2m > [22m[2mrecoverInitErrors[2m > [22m[2mshould handle non-recoverable errors[22m[39m

≡ƒÜ¿ Error detected during initialization
   Error: Unrelated error


 [32mΓ£ô[39m v2/tests/unit/utils/error-recovery.test.ts[2m > [22mError Recovery[2m > [22mrecoverInitErrors[2m > [22mshould handle npm cache errors[33m 1330[2mms[22m[39m
 [32mΓ£ô[39m v2/tests/unit/utils/error-recovery.test.ts[2m > [22mError Recovery[2m > [22mrecoverInitErrors[2m > [22mshould handle non-recoverable errors
 [31m├ù[39m v3/@claude-flow/shared/src/hooks/verify-exports.test.ts[2m > [22mHooks Integration with Shared Module[2m > [22mshould be importable from @claude-flow/shared[33m 5029[2mms[22m[39m
[31m   ΓåÆ Test timed out in 5000ms.
If this is a long-running test, pass a timeout value as the last argument or configure it globally with "testTimeout".[39m
 [32mΓ£ô[39m v3/@claude-flow/security/__tests__/password-hasher.test.ts[2m > [22mPasswordHasher[2m > [22mCVE-2 Security Verification[2m > [22mshould produce hash that takes time to compute[33m 1459[2mms[22m[39m
 [32mΓ£ô[39m v3/@claude-flow/cli/__tests__/validate-input-agent-spawn.test.ts[2m > [22mvalidateAgentSpawn (#1567)[2m > [22maccepts a built-in agent type like "tester"
 [32mΓ£ô[39m v3/@claude-flow/cli/__tests__/validate-input-agent-spawn.test.ts[2m > [22mvalidateAgentSpawn (#1567)[2m > [22maccepts a custom agent type not in the SpawnAgentSchema enum
 [32mΓ£ô[39m v3/@claude-flow/cli/__tests__/validate-input-agent-spawn.test.ts[2m > [22mvalidateAgentSpawn (#1567)[2m > [22mstill rejects an agentId with invalid characters
 [32mΓ£ô[39m v3/@claude-flow/cli/__tests__/validate-input-agent-spawn.test.ts[2m > [22mvalidateAgentSpawn (#1567)[2m > [22mdoes not require the domain field
 [32mΓ£ô[39m v3/@claude-flow/deployment/src/__tests__/release-manager.test.ts[2m > [22mReleaseManager[2m > [22mConstructor[2m > [22mshould create with default cwd
 [32mΓ£ô[39m v3/@claude-flow/deployment/src/__tests__/release-manager.test.ts[2m > [22mReleaseManager[2m > [22mConstructor[2m > [22mshould create with custom cwd
 [32mΓ£ô[39m v3/@claude-flow/deployment/src/__tests__/release-manager.test.ts[2m > [22mVersion Bump Logic[2m > [22mshould parse version parts
 [32mΓ£ô[39m v3/@claude-flow/deployment/src/__tests__/release-manager.test.ts[2m > [22mVersion Bump Logic[2m > [22mshould bump patch version
 [32mΓ£ô[39m v3/@claude-flow/deployment/src/__tests__/release-manager.test.ts[2m > [22mVersion Bump Logic[2m > [22mshould bump minor version
 [32mΓ£ô[39m v3/@claude-flow/deployment/src/__tests__/release-manager.test.ts[2m > [22mVersion Bump Logic[2m > [22mshould bump major version
 [32mΓ£ô[39m v3/@claude-flow/deployment/src/__tests__/release-manager.test.ts[2m > [22mChangelog Generation[2m > [22mshould format date correctly
 [32mΓ£ô[39m v3/@claude-flow/deployment/src/__tests__/release-manager.test.ts[2m > [22mChangelog Generation[2m > [22mshould categorize commits by type
[90mstderr[2m | applyAgentDBPatch (file:\C:\Users\saima\Desktop\code\ruflo_project\node_modules\agentic-flow\sr
c\utils\agentdb-runtime-patch.ts:40:15)[22m[39m
[AgentDB Patch] Controller index not found: 
C:\Users\saima\Desktop\code\ruflo_project\node_modules\agentdb\dist\controllers\index.js

 [32mΓ£ô[39m v3/@claude-flow/hooks/__tests__/hooks.test.ts[2m > [22m@claude-flow/hooks[2m > [22mshould export hook types
 [32mΓ£ô[39m v3/@claude-flow/hooks/__tests__/hooks.test.ts[2m > [22m@claude-flow/hooks[2m > [22mshould support hook registration
 [32mΓ£ô[39m v3/@claude-flow/hooks/__tests__/hooks.test.ts[2m > [22m@claude-flow/hooks[2m > [22mshould support hook execution
 [32mΓ£ô[39m v3/@claude-flow/performance/__tests__/benchmark.test.ts[2m > [22mBenchmarkRunner[2m > [22mcollects environment info without CommonJS require
 [32mΓ£ô[39m v3/@claude-flow/testing/__tests__/framework.test.ts[2m > [22m@claude-flow/testing[2m > [22mshould export test utilities
 [32mΓ£ô[39m v3/@claude-flow/testing/__tests__/framework.test.ts[2m > [22m@claude-flow/testing[2m > [22mshould support London School TDD patterns
 [32mΓ£ô[39m v3/@claude-flow/testing/__tests__/framework.test.ts[2m > [22m@claude-flow/testing[2m > [22mshould support test fixtures
 [32mΓ£ô[39m v3/@claude-flow/cli/__tests__/config-loading.test.ts[2m > [22mConfig Loading[2m > [22mshould load config from file when specified
 [32mΓ£ô[39m v3/@claude-flow/cli/__tests__/config-loading.test.ts[2m > [22mConfig Loading[2m > [22mshould handle missing config file gracefully
 [32mΓ£ô[39m v3/@claude-flow/cli/__tests__/config-loading.test.ts[2m > [22mConfig Loading[2m > [22mshould handle missing config file gracefully
 [32mΓ£ô[39m v3/@claude-flow/cli/__tests__/config-loading.test.ts[2m > [22mConfig Loading[2m > [22mshould handle invalid config file gracefully
 [32mΓ£ô[39m v3/@claude-flow/performance/__tests__/benchmarks.test.ts[2m > [22mAttentionBenchmarkRunner[2m > [22mrunComparison()[2m > [22mshould run comparison benchmark with default parameters
 [32mΓ£ô[39m v3/@claude-flow/performance/__tests__/benchmarks.test.ts[2m > [22mAttentionBenchmarkRunner[2m > [22mrunComparison()[2m > [22mshould measure Flash Attention performance
 [32mΓ£ô[39m v3/@claude-flow/performance/__tests__/benchmarks.test.ts[2m > [22mAttentionBenchmarkRunner[2m > [22mrunComparison()[2m > [22mshould measure baseline performance
 [32mΓ£ô[39m v3/@claude-flow/performance/__tests__/benchmarks.test.ts[2m > [22mAttentionBenchmarkRunner[2m > [22mrunComparison()[2m > [22mshould calculate speedup correctly
 [32mΓ£ô[39m v3/@claude-flow/performance/__tests__/benchmarks.test.ts[2m > [22mAttentionBenchmarkRunner[2m > [22mrunComparison()[2m > [22mshould validate against target (2.49x minimum)[33m 1571[2mms[22m[39m
 [32mΓ£ô[39m v3/@claude-flow/performance/__tests__/benchmarks.test.ts[2m > [22mAttentionBenchmarkRunner[2m > [22mrunComparison()[2m > [22mshould include timestamp
 [32mΓ£ô[39m v3/@claude-flow/performance/__tests__/benchmarks.test.ts[2m > [22mAttentionBenchmarkRunner[2m > [22mrunComparison()[2m > [22mshould handle different dimensions[33m 304[2mms[22m[39m
 [32mΓ£ô[39m v3/@claude-flow/performance/__tests__/benchmarks.test.ts[2m > [22mAttentionBenchmarkRunner[2m > [22mrunComparison()[2m > [22mshould handle varying number of keys[33m 447[2mms[22m[39m
 [32mΓ£ô[39m v3/@claude-flow/performance/__tests__/benchmarks.test.ts[2m > [22mAttentionBenchmarkRunner[2m > [22mrunComparison()[2m > [22mshould complete in reasonable time
 [32mΓ£ô[39m v3/@claude-flow/performance/__tests__/benchmarks.test.ts[2m > [22mAttentionBenchmarkRunner[2m > [22mrunComprehensiveSuite()[2m > [22mshould run comprehensive benchmark suite[33m 5938[2mms[22m[39m
 [32mΓ£ô[39m v3/@claude-flow/performance/__tests__/benchmarks.test.ts[2m > [22mAttentionBenchmarkRunner[2m > [22mrunComprehensiveSuite()[2m > [22mshould test multiple dimensions[33m 5511[2mms[22m[39m
 [32mΓ£ô[39m v3/@claude-flow/performance/__tests__/benchmarks.test.ts[2m > [22mAttentionBenchmarkRunner[2m > [22mrunComprehensiveSuite()[2m > [22mshould include summary statistics[33m 6077[2mms[22m[39m
 [32mΓ£ô[39m v3/@claude-flow/performance/__tests__/benchmarks.test.ts[2m > [22mAttentionBenchmarkRunner[2m > [22mrunComprehensiveSuite()[2m > [22mshould calculate success rate[33m 6198[2mms[22m[39m
 [32mΓ£ô[39m v3/@claude-flow/performance/__tests__/benchmarks.test.ts[2m > [22mAttentionBenchmarkRunner[2m > [22mrunComprehensiveSuite()[2m > [22mshould track targets met[33m 1891[2mms[22m[39m
 [32mΓ£ô[39m v3/@claude-flow/performance/__tests__/benchmarks.test.ts[2m > [22mAttentionBenchmarkRunner[2m > [22mrunComprehensiveSuite()[2m > [22mshould include timestamp[33m 8683[2mms[22m[39m
 [32mΓ£ô[39m v3/@claude-flow/performance/__tests__/benchmarks.test.ts[2m > [22mAttentionBenchmarkRunner[2m > [22mrunMemoryProfile()[2m > [22mshould run memory profile with default dimensions
 [32mΓ£ô[39m v3/@claude-flow/performance/__tests__/benchmarks.test.ts[2m > [22mAttentionBenchmarkRunner[2m > [22mrunMemoryProfile()[2m > [22mshould profile multiple dimensions
 [32mΓ£ô[39m v3/@claude-flow/performance/__tests__/benchmarks.test.ts[2m > [22mAttentionBenchmarkRunner[2m > [22mrunMemoryProfile()[2m > [22mshould measure Flash Attention memory
 [32mΓ£ô[39m v3/@claude-flow/performance/__tests__/benchmarks.test.ts[2m > [22mAttentionBenchmarkRunner[2m > [22mrunMemoryProfile()[2m > [22mshould measure baseline memory
 [32mΓ£ô[39m v3/@claude-flow/performance/__tests__/benchmarks.test.ts[2m > [22mAttentionBenchmarkRunner[2m > [22mrunMemoryProfile()[2m > [22mshould calculate memory reduction
 [32mΓ£ô[39m v3/@claude-flow/performance/__tests__/benchmarks.test.ts[2m > [22mAttentionBenchmarkRunner[2m > [22mrunMemoryProfile()[2m > [22mshould include number of keys
 [32mΓ£ô[39m v3/@claude-flow/performance/__tests__/benchmarks.test.ts[2m > [22mAttentionBenchmarkRunner[2m > [22mrunMemoryProfile()[2m > [22mshould handle custom dimension arrays
 [32mΓ£ô[39m v3/@claude-flow/performance/__tests__/benchmarks.test.ts[2m > [22mAttentionBenchmarkRunner[2m > [22mrunStressTest()[2m > [22mshould run stress test successfully[33m 15160[2mms[22m[39m
 [32mΓ£ô[39m v3/@claude-flow/performance/__tests__/benchmarks.test.ts[2m > [22mAttentionBenchmarkRunner[2m > [22mrunStressTest()[2m > [22mshould test increasing loads[33m 4349[2mms[22m[39m
 [32mΓ£ô[39m v3/@claude-flow/performance/__tests__/benchmarks.test.ts[2m > [22mAttentionBenchmarkRunner[2m > [22mrunStressTest()[2m > [22mshould maintain same dimension[33m 15332[2mms[22m[39m
 [32mΓ£ô[39m v3/@claude-flow/performance/__tests__/benchmarks.test.ts[2m > [22mAttentionBenchmarkRunner[2m > [22mrunStressTest()[2m > [22mshould handle high key counts[33m 4992[2mms[22m[39m
 [32mΓ£ô[39m v3/@claude-flow/performance/__tests__/benchmarks.test.ts[2m > [22mAttentionBenchmarkRunner[2m > [22mrunStressTest()[2m > [22mshould not throw on stress conditions[33m 25715[2mms[22m[39m
 [32mΓ£ô[39m v3/@claude-flow/performance/__tests__/benchmarks.test.ts[2m > [22mAttentionBenchmarkRunner[2m > [22mvalidateV3Targets()[2m > [22mshould validate V3 performance targets[33m 520[2mms[22m[39m
 [32mΓ£ô[39m v3/@claude-flow/performance/__tests__/benchmarks.test.ts[2m > [22mAttentionBenchmarkRunner[2m > [22mvalidateV3Targets()[2m > [22mshould check minimum target (2.49x)[33m 456[2mms[22m[39m
 [32mΓ£ô[39m v3/@claude-flow/performance/__tests__/benchmarks.test.ts[2m > [22mAttentionBenchmarkRunner[2m > [22mvalidateV3Targets()[2m > [22mshould check maximum target (7.47x)[33m 503[2mms[22m[39m
 [32mΓ£ô[39m v3/@claude-flow/performance/__tests__/benchmarks.test.ts[2m > [22mAttentionBenchmarkRunner[2m > [22mvalidateV3Targets()[2m > [22mshould return valid speedup value[33m 465[2mms[22m[39m
 [32mΓ£ô[39m v3/@claude-flow/performance/__tests__/benchmarks.test.ts[2m > [22mAttentionBenchmarkRunner[2m > [22mvalidateV3Targets()[2m > [22mshould use 512 dimension for validation[33m 463[2mms[22m[39m
 [32mΓ£ô[39m v3/@claude-flow/performance/__tests__/benchmarks.test.ts[2m > [22mFormatting Functions[2m > [22mformatBenchmarkTable()[2m > [22mshould format benchmark as table
 [32mΓ£ô[39m v3/@claude-flow/performance/__tests__/benchmarks.test.ts[2m > [22mFormatting Functions[2m > [22mformatBenchmarkTable()[2m > [22mshould include target status
 [32mΓ£ô[39m v3/@claude-flow/performance/__tests__/benchmarks.test.ts[2m > [22mFormatting Functions[2m > [22mformatBenchmarkTable()[2m > [22mshould show checkmark for met targets[33m 332[2mms[22m[39m
 [32mΓ£ô[39m v3/@claude-flow/performance/__tests__/benchmarks.test.ts[2m > [22mFormatting Functions[2m > [22mformatSuiteReport()[2m > [22mshould format suite as report[33m 1196[2mms[22m[39m
 [32mΓ£ô[39m v3/@claude-flow/performance/__tests__/benchmarks.test.ts[2m > [22mFormatting Functions[2m > [22mformatSuiteReport()[2m > [22mshould include all benchmarks[33m 1133[2mms[22m[39m
 [32mΓ£ô[39m v3/@claude-flow/performance/__tests__/benchmarks.test.ts[2m > [22mFormatting Functions[2m > [22mformatSuiteReport()[2m > [22mshould show summary statistics[33m 1904[2mms[22m[39m
 [32mΓ£ô[39m v3/@claude-flow/performance/__tests__/benchmarks.test.ts[2m > [22mFormatting Functions[2m > [22mformatMemoryProfile()[2m > [22mshould format memory profile as table
 [32mΓ£ô[39m v3/@claude-flow/performance/__tests__/benchmarks.test.ts[2m > [22mFormatting Functions[2m > [22mformatMemoryProfile()[2m > [22mshould include all dimensions
 [32mΓ£ô[39m v3/@claude-flow/performance/__tests__/benchmarks.test.ts[2m > [22mquickValidation()[2m > [22mshould run quick validation[33m 544[2mms[22m[39m
 [32mΓ£ô[39m v3/@claude-flow/performance/__tests__/benchmarks.test.ts[2m > [22mquickValidation()[2m > [22mshould return true if meets targets[33m 1046[2mms[22m[39m
 [32mΓ£ô[39m v3/@claude-flow/performance/__tests__/benchmarks.test.ts[2m > [22mPerformance Validation[2m > [22mshould demonstrate consistent speedup
 [32mΓ£ô[39m v3/@claude-flow/performance/__tests__/benchmarks.test.ts[2m > [22mPerformance Validation[2m > [22mshould show improved performance with Flash Attention[33m 523[2mms[22m[39m
 [32mΓ£ô[39m v3/@claude-flow/performance/__tests__/benchmarks.test.ts[2m > [22mPerformance Validation[2m > [22mshould validate across all test dimensions[33m 2618[2mms[22m[39m
 [32mΓ£ô[39m v3/@claude-flow/performance/__tests__/benchmarks.test.ts[2m > [22mPerformance Validation[2m > [22mshould track operations per second correctly
 [32mΓ£ô[39m v3/@claude-flow/performance/__tests__/benchmarks.test.ts[2m > [22mEdge Cases[2m > [22mshould handle very small dimensions
 [32mΓ£ô[39m v3/@claude-flow/performance/__tests__/benchmarks.test.ts[2m > [22mEdge Cases[2m > [22mshould handle very large dimensions
 [32mΓ£ô[39m v3/@claude-flow/performance/__tests__/benchmarks.test.ts[2m > [22mEdge Cases[2m > [22mshould handle minimal iterations
 [32mΓ£ô[39m v3/@claude-flow/performance/__tests__/benchmarks.test.ts[2m > [22mEdge Cases[2m > [22mshould handle many iterations[33m 430[2mms[22m[39m
 [32mΓ£ô[39m v3/@claude-flow/performance/__tests__/benchmarks.test.ts[2m > [22mEdge Cases[2m > [22mshould handle empty dimension array for memory profile
 [32mΓ£ô[39m v3/@claude-flow/performance/__tests__/benchmarks.test.ts[2m > [22mEdge Cases[2m > [22mshould handle single dimension for memory profile
[90mstdout[2m | v3/@claude-flow/performance/__tests__/benchmarks.test.ts[2m > [22m[2mquickValidation()[2m > [22m[2mshould run quick validation[22m[39m
V3 Performance Target Validation
ΓöüΓöüΓöüΓöüΓöüΓöüΓöüΓöüΓöüΓöüΓöüΓöüΓöüΓöüΓöüΓöüΓöüΓöüΓöüΓöüΓöüΓöüΓöüΓöüΓöüΓöüΓöüΓöüΓöüΓöü
Target Range:    2.49x - 7.47x
Actual Speedup:  1.04x
Meets Minimum:   NO Γ£ù
Within Range:    YES Γ£ô

[90mstdout[2m | v3/@claude-flow/performance/__tests__/benchmarks.test.ts[2m > [22m[2mquickValidation()[2m > [22m[2mshould return true if meets targets[22m[39m
V3 Performance Target Validation
ΓöüΓöüΓöüΓöüΓöüΓöüΓöüΓöüΓöüΓöüΓöüΓöüΓöüΓöüΓöüΓöüΓöüΓöüΓöüΓöüΓöüΓöüΓöüΓöüΓöüΓöüΓöüΓöüΓöüΓöü
Target Range:    2.49x - 7.47x
Actual Speedup:  1.05x
Meets Minimum:   NO Γ£ù
Within Range:    YES Γ£ô


[31mΓÄ»ΓÄ»ΓÄ»ΓÄ»ΓÄ»[1m[7m Failed Suites 155 [27m[22mΓÄ»ΓÄ»ΓÄ»ΓÄ»ΓÄ»ΓÄ»[39m

[31m[1m[7m FAIL [27m[22m[39m tests/context-persistence-hook.test.mjs [2m[ 
tests/context-persistence-hook.test.mjs ][22m
[31m[1mSyntaxError[22m: Invalid or unexpected token[39m
[90m [2mΓ¥»[22m new Script node:vm:[2m117:7[22m[39m
[90m [2mΓ¥»[22m createScript node:vm:[2m269:10[22m[39m
[90m [2mΓ¥»[22m Object.runInThisContext node:vm:[2m317:10[22m[39m
[36m [2mΓ¥»[22m tests/context-persistence-hook.test.mjs:[2m10:13[22m[39m
    [90m  8| [39m
    [90m  9| [39m[90m// Import the module under test[39m
    [90m 10| [39m[35mconst[39m mod [33m=[39m [35mawait[39m 
[35mimport[39m([32m'../.claude/helpers/context-persistence-hook.[39mΓÇª
    [90m   | [39m            [31m^[39m
    [90m 11| [39m[35mconst[39m {
    [90m 12| [39m  [33mSQLiteBackend[39m[33m,[39m

[31m[2mΓÄ»ΓÄ»ΓÄ»ΓÄ»ΓÄ»ΓÄ»ΓÄ»ΓÄ»ΓÄ»ΓÄ»ΓÄ»ΓÄ»ΓÄ»ΓÄ»ΓÄ»ΓÄ»ΓÄ»ΓÄ»ΓÄ»ΓÄ»ΓÄ»ΓÄ»[1/397]ΓÄ»[22m[39m

[31m[1m[7m FAIL [27m[22m[39m tests/rvf-backend.test.ts [2m[ tests/rvf-backend.test.ts ][22m
[31m[1mError[22m: No test suite found in file 
C:/Users/saima/Desktop/code/ruflo_project/tests/rvf-backend.test.ts[39m
[31m[2mΓÄ»ΓÄ»ΓÄ»ΓÄ»ΓÄ»ΓÄ»ΓÄ»ΓÄ»ΓÄ»ΓÄ»ΓÄ»ΓÄ»ΓÄ»ΓÄ»ΓÄ»ΓÄ»ΓÄ»ΓÄ»ΓÄ»ΓÄ»ΓÄ»ΓÄ»[2/397]ΓÄ»[22m[39m

[31m[1m[7m FAIL [27m[22m[39m tests/rvf-capability-verify.test.ts [2m[ tests/rvf-capability-verify.test.ts 
][22m
[31m[1mError[22m: No test suite found in file 
C:/Users/saima/Desktop/code/ruflo_project/tests/rvf-capability-verify.test.ts[39m
[31m[2mΓÄ»ΓÄ»ΓÄ»ΓÄ»ΓÄ»ΓÄ»ΓÄ»ΓÄ»ΓÄ»ΓÄ»ΓÄ»ΓÄ»ΓÄ»ΓÄ»ΓÄ»ΓÄ»ΓÄ»ΓÄ»ΓÄ»ΓÄ»ΓÄ»ΓÄ»[3/397]ΓÄ»[22m[39m

[31m[1m[7m FAIL [27m[22m[39m tests/rvf-embeddings.test.ts [2m[ tests/rvf-embeddings.test.ts ][22m
[31m[1mError[22m: No test suite found in file 
C:/Users/saima/Desktop/code/ruflo_project/tests/rvf-embeddings.test.ts[39m
[31m[2mΓÄ»ΓÄ»ΓÄ»ΓÄ»ΓÄ»ΓÄ»ΓÄ»ΓÄ»ΓÄ»ΓÄ»ΓÄ»ΓÄ»ΓÄ»ΓÄ»ΓÄ»ΓÄ»ΓÄ»ΓÄ»ΓÄ»ΓÄ»ΓÄ»ΓÄ»[4/397]ΓÄ»[22m[39m

[31m[1m[7m FAIL [27m[22m[39m tests/rvf-event-log.test.ts [2m[ tests/rvf-event-log.test.ts ][22m
[31m[1mError[22m: No test suite found in file 
C:/Users/saima/Desktop/code/ruflo_project/tests/rvf-event-log.test.ts[39m
[31m[2mΓÄ»ΓÄ»ΓÄ»ΓÄ»ΓÄ»ΓÄ»ΓÄ»ΓÄ»ΓÄ»ΓÄ»ΓÄ»ΓÄ»ΓÄ»ΓÄ»ΓÄ»ΓÄ»ΓÄ»ΓÄ»ΓÄ»ΓÄ»ΓÄ»ΓÄ»[5/397]ΓÄ»[22m[39m

[31m[1m[7m FAIL [27m[22m[39m tests/rvf-integration.test.ts [2m[ tests/rvf-integration.test.ts ][22m
[31m[1mError[22m: No test suite found in file 
C:/Users/saima/Desktop/code/ruflo_project/tests/rvf-integration.test.ts[39m
[31m[2mΓÄ»ΓÄ»ΓÄ»ΓÄ»ΓÄ»ΓÄ»ΓÄ»ΓÄ»ΓÄ»ΓÄ»ΓÄ»ΓÄ»ΓÄ»ΓÄ»ΓÄ»ΓÄ»ΓÄ»ΓÄ»ΓÄ»ΓÄ»ΓÄ»ΓÄ»[6/397]ΓÄ»[22m[39m

[31m[1m[7m FAIL [27m[22m[39m tests/rvf-learning-store.test.ts [2m[ tests/rvf-learning-store.test.ts ][22m
[31m[1mError[22m: No test suite found in file 
C:/Users/saima/Desktop/code/ruflo_project/tests/rvf-learning-store.test.ts[39m
[31m[2mΓÄ»ΓÄ»ΓÄ»ΓÄ»ΓÄ»ΓÄ»ΓÄ»ΓÄ»ΓÄ»ΓÄ»ΓÄ»ΓÄ»ΓÄ»ΓÄ»ΓÄ»ΓÄ»ΓÄ»ΓÄ»ΓÄ»ΓÄ»ΓÄ»ΓÄ»[7/397]ΓÄ»[22m[39m

[31m[1m[7m FAIL [27m[22m[39m tests/rvf-migration.test.ts [2m[ tests/rvf-migration.test.ts ][22m
[31m[1mError[22m: No test suite found in file 
C:/Users/saima/Desktop/code/ruflo_project/tests/rvf-migration.test.ts[39m
[31m[2mΓÄ»ΓÄ»ΓÄ»ΓÄ»ΓÄ»ΓÄ»ΓÄ»ΓÄ»ΓÄ»ΓÄ»ΓÄ»ΓÄ»ΓÄ»ΓÄ»ΓÄ»ΓÄ»ΓÄ»ΓÄ»ΓÄ»ΓÄ»ΓÄ»ΓÄ»[8/397]ΓÄ»[22m[39m

[31m[1m[7m FAIL [27m[22m[39m v2/tests/hive-mind-sigint.test.js [2m[ v2/tests/hive-mind-sigint.test.js 
][22m
[31m[1m[7m FAIL [27m[22m[39m v2/tests/session-serialization.test.js [2m[ 
v2/tests/session-serialization.test.js ][22m
[31m[1m[7m FAIL [27m[22m[39m v2/bin/__tests__/agent.test.js [2m[ v2/bin/__tests__/agent.test.js ][22m
[31m[1m[7m FAIL [27m[22m[39m v2/bin/__tests__/memory.test.js [2m[ v2/bin/__tests__/memory.test.js ][22m
[31m[1m[7m FAIL [27m[22m[39m v2/bin/__tests__/task.test.js [2m[ v2/bin/__tests__/task.test.js ][22m
[31m[1m[7m FAIL [27m[22m[39m v2/src/tests/validation-consistency.test.ts [2m[ 
v2/src/tests/validation-consistency.test.ts ][22m
[31m[1m[7m FAIL [27m[22m[39m v2/src/__tests__/hook-matchers.test.ts [2m[ 
v2/src/__tests__/hook-matchers.test.ts ][22m
[31m[1m[7m FAIL [27m[22m[39m v2/src/__tests__/permission-manager.test.ts [2m[ 
v2/src/__tests__/permission-manager.test.ts ][22m
[31m[1m[7m FAIL [27m[22m[39m v2/tests/cli/environment-handling.test.ts [2m[ 
v2/tests/cli/environment-handling.test.ts ][22m
[31m[1m[7m FAIL [27m[22m[39m v2/tests/cli/init-settings-local.test.js [2m[ 
v2/tests/cli/init-settings-local.test.js ][22m
[31m[1m[7m FAIL [27m[22m[39m v2/tests/integration/agent-booster.test.js [2m[ 
v2/tests/integration/agent-booster.test.js ][22m
[31m[1m[7m FAIL [27m[22m[39m v2/tests/integration/cross-platform-portability.test.js [2m[ 
v2/tests/integration/cross-platform-portability.test.js ][22m
[31m[1m[7m FAIL [27m[22m[39m v2/tests/integration/error-handling-patterns.test.js [2m[ 
v2/tests/integration/error-handling-patterns.test.js ][22m
[31m[1m[7m FAIL [27m[22m[39m v2/tests/integration/functional-portability.test.js [2m[ 
v2/tests/integration/functional-portability.test.js ][22m
[31m[1m[7m FAIL [27m[22m[39m v2/tests/integration/hive-mind-schema.test.js [2m[ 
v2/tests/integration/hive-mind-schema.test.js ][22m
[31m[1m[7m FAIL [27m[22m[39m v2/tests/integration/hook-basic.test.js [2m[ 
v2/tests/integration/hook-basic.test.js ][22m
[31m[1m[7m FAIL [27m[22m[39m v2/tests/integration/init-workflow.test.js [2m[ 
v2/tests/integration/init-workflow.test.js ][22m
[31m[1m[7m FAIL [27m[22m[39m v2/tests/integration/json-output.test.ts [2m[ 
v2/tests/integration/json-output.test.ts ][22m
[31m[1m[7m FAIL [27m[22m[39m v2/tests/integration/mcp.test.ts [2m[ v2/tests/integration/mcp.test.ts ][22m
[31m[1m[7m FAIL [27m[22m[39m v2/tests/integration/start-command.test.ts [2m[ 
v2/tests/integration/start-command.test.ts ][22m
[31m[1m[7m FAIL [27m[22m[39m v2/tests/integration/system-integration.test.ts [2m[ 
v2/tests/integration/system-integration.test.ts ][22m
[31m[1m[7m FAIL [27m[22m[39m v2/tests/integration/ui-display-fixes.test.ts [2m[ 
v2/tests/integration/ui-display-fixes.test.ts ][22m
[31m[1m[7m FAIL [27m[22m[39m v2/tests/mcp/mcp-2025-compliance.test.ts [2m[ 
v2/tests/mcp/mcp-2025-compliance.test.ts ][22m
[31m[1m[7m FAIL [27m[22m[39m v2/tests/mcp/mcp-2025-core.test.ts [2m[ v2/tests/mcp/mcp-2025-core.test.ts 
][22m
[31m[1m[7m FAIL [27m[22m[39m v2/tests/performance/benchmark.test.ts [2m[ 
v2/tests/performance/benchmark.test.ts ][22m
[31m[1m[7m FAIL [27m[22m[39m v2/tests/performance/init-performance.test.js [2m[ 
v2/tests/performance/init-performance.test.js ][22m
[31m[1m[7m FAIL [27m[22m[39m v2/tests/production/deployment-validation.test.ts [2m[ 
v2/tests/production/deployment-validation.test.ts ][22m
[31m[1m[7m FAIL [27m[22m[39m v2/tests/production/environment-validation.test.ts [2m[ 
v2/tests/production/environment-validation.test.ts ][22m
[31m[1m[7m FAIL [27m[22m[39m v2/tests/production/integration-validation.test.ts [2m[ 
v2/tests/production/integration-validation.test.ts ][22m
[31m[1m[7m FAIL [27m[22m[39m v2/tests/production/performance-validation.test.ts [2m[ 
v2/tests/production/performance-validation.test.ts ][22m
[31m[1m[7m FAIL [27m[22m[39m v2/tests/production/security-validation.test.ts [2m[ 
v2/tests/production/security-validation.test.ts ][22m
[31m[1m[7m FAIL [27m[22m[39m v2/tests/security/init-security.test.js [2m[ 
v2/tests/security/init-security.test.js ][22m
[31m[1m[7m FAIL [27m[22m[39m v2/tests/unit/components.test.ts [2m[ v2/tests/unit/components.test.ts ][22m
[31m[1m[7m FAIL [27m[22m[39m v2/tests/unit/example.test.ts [2m[ v2/tests/unit/example.test.ts ][22m
[31m[1m[7m FAIL [27m[22m[39m v2/tests/unit/incremental-updates.test.ts [2m[ 
v2/tests/unit/incremental-updates.test.ts ][22m
[31m[1m[7m FAIL [27m[22m[39m v2/tests/unit/performance.test.js [2m[ v2/tests/unit/performance.test.js 
][22m
[31m[1m[7m FAIL [27m[22m[39m v2/tests/unit/simple-example.test.ts [2m[ 
v2/tests/unit/simple-example.test.ts ][22m
[31m[1m[7m FAIL [27m[22m[39m v2/src/cli/__tests__/command-registry.test.js [2m[ 
v2/src/cli/__tests__/command-registry.test.js ][22m
[31m[1m[7m FAIL [27m[22m[39m v2/src/cli/__tests__/simple-cli.test.js [2m[ 
v2/src/cli/__tests__/simple-cli.test.js ][22m
[31m[1m[7m FAIL [27m[22m[39m v2/src/cli/__tests__/utils.test.js [2m[ v2/src/cli/__tests__/utils.test.js 
][22m
[31m[1m[7m FAIL [27m[22m[39m v2/src/maestro/tests/native-hive-mind-integration.test.ts [2m[ 
v2/src/maestro/tests/native-hive-mind-integration.test.ts ][22m
[31m[1m[7m FAIL [27m[22m[39m v2/src/migration/tests/migration-system.test.ts [2m[ 
v2/src/migration/tests/migration-system.test.ts ][22m
[31m[1m[7m FAIL [27m[22m[39m v2/src/utils/__tests__/github-cli-safety-wrapper.test.js [2m[ 
v2/src/utils/__tests__/github-cli-safety-wrapper.test.js ][22m
[31m[1m[7m FAIL [27m[22m[39m v2/src/__tests__/integration/swarm-sdk-integration.test.ts [2m[ 
v2/src/__tests__/integration/swarm-sdk-integration.test.ts ][22m
[31m[1m[7m FAIL [27m[22m[39m v2/src/__tests__/regression/backward-compatibility.test.ts [2m[ 
v2/src/__tests__/regression/backward-compatibility.test.ts ][22m
[31m[1m[7m FAIL [27m[22m[39m v2/tests/integration/agentdb/compatibility.test.js [2m[ 
v2/tests/integration/agentdb/compatibility.test.js ][22m
[31m[1m[7m FAIL [27m[22m[39m v2/tests/unit/cli/swarm-ui-display.test.ts [2m[ 
v2/tests/unit/cli/swarm-ui-display.test.ts ][22m
[31m[1m[7m FAIL [27m[22m[39m v2/tests/performance/agentdb/benchmarks.test.js [2m[ 
v2/tests/performance/agentdb/benchmarks.test.js ][22m
[31m[1m[7m FAIL [27m[22m[39m v2/tests/unit/core/enhanced-orchestrator.test.ts [2m[ 
v2/tests/unit/core/enhanced-orchestrator.test.ts ][22m
[31m[1m[7m FAIL [27m[22m[39m v2/tests/unit/api/claude-client-errors.test.ts [2m[ 
v2/tests/unit/api/claude-client-errors.test.ts ][22m
[31m[1m[7m FAIL [27m[22m[39m v2/tests/unit/mcp/mcp-interface.test.ts [2m[ 
v2/tests/unit/mcp/mcp-interface.test.ts ][22m
[31m[1m[7m FAIL [27m[22m[39m v2/tests/unit/mcp/recovery.test.ts [2m[ v2/tests/unit/mcp/recovery.test.ts 
][22m
[31m[1m[7m FAIL [27m[22m[39m v2/tests/unit/mcp/server.test.ts [2m[ v2/tests/unit/mcp/server.test.ts ][22m
[31m[1m[7m FAIL [27m[22m[39m v2/tests/unit/mcp/tools.test.ts [2m[ v2/tests/unit/mcp/tools.test.ts ][22m
[31m[1m[7m FAIL [27m[22m[39m v2/tests/unit/ui/csv-export.test.ts [2m[ v2/tests/unit/ui/csv-export.test.ts 
][22m
[31m[1m[7m FAIL [27m[22m[39m v2/tests/unit/utils/npx-isolated-cache.test.js [2m[ 
v2/tests/unit/utils/npx-isolated-cache.test.js ][22m
[31m[1m[7m FAIL [27m[22m[39m v2/tests/unit/terminal/terminal-manager.test.ts [2m[ 
v2/tests/unit/terminal/terminal-manager.test.ts ][22m
[31m[1m[7m FAIL [27m[22m[39m v2/src/cli/simple-commands/__tests__/agent.test.js [2m[ 
v2/src/cli/simple-commands/__tests__/agent.test.js ][22m
[31m[1m[7m FAIL [27m[22m[39m v2/src/cli/simple-commands/__tests__/memory.test.js [2m[ 
v2/src/cli/simple-commands/__tests__/memory.test.js ][22m
[31m[1m[7m FAIL [27m[22m[39m v2/src/cli/simple-commands/__tests__/swarm.test.js [2m[ 
v2/src/cli/simple-commands/__tests__/swarm.test.js ][22m
[31m[1m[7m FAIL [27m[22m[39m v2/src/cli/simple-commands/__tests__/task.test.js [2m[ 
v2/src/cli/simple-commands/__tests__/task.test.js ][22m
[31m[1m[7m FAIL [27m[22m[39m v2/src/swarm/optimizations/__tests__/optimization.test.ts [2m[ 
v2/src/swarm/optimizations/__tests__/optimization.test.ts ][22m
[31m[1m[7m FAIL [27m[22m[39m v2/tests/unit/cli/commands/task-parsing.test.js [2m[ 
v2/tests/unit/cli/commands/task-parsing.test.js ][22m
[31m[1m[7m FAIL [27m[22m[39m v2/tests/unit/cli/simple-commands/monitor.test.js [2m[ 
v2/tests/unit/cli/simple-commands/monitor.test.js ][22m
[31m[1m[7m FAIL [27m[22m[39m v2/tests/unit/ui/console/analysis-tools.test.js [2m[ 
v2/tests/unit/ui/console/analysis-tools.test.js ][22m
[31m[1m[7m FAIL [27m[22m[39m v2/tests/unit/cli/commands/init/batch-init.test.js [2m[ 
v2/tests/unit/cli/commands/init/batch-init.test.js ][22m
[31m[1m[7m FAIL [27m[22m[39m v2/tests/unit/cli/commands/init/init-core.test.js [2m[ 
v2/tests/unit/cli/commands/init/init-core.test.js ][22m
[31m[1m[7m FAIL [27m[22m[39m v2/tests/unit/cli/commands/init/npx-isolation.test.js [2m[ 
v2/tests/unit/cli/commands/init/npx-isolation.test.js ][22m
[31m[1m[7m FAIL [27m[22m[39m v2/tests/unit/cli/commands/init/templates.test.ts [2m[ 
v2/tests/unit/cli/commands/init/templates.test.ts ][22m
[31m[1m[7m FAIL [27m[22m[39m v2/tests/unit/cli/commands/init/validation.test.js [2m[ 
v2/tests/unit/cli/commands/init/validation.test.js ][22m
[31m[1mError[22m: Failed to load url @jest/globals (resolved id: @jest/globals) in 
C:/Users/saima/Desktop/code/ruflo_project/v2/tests/unit/terminal/terminal-manager.test.ts. Does the file 
exist?[39m
[90m [2mΓ¥»[22m loadAndTransform node_modules/vite/dist/node/chunks/dep-BK3b2jBa.js:[2m51969:17[22m[39m

[31m[2mΓÄ»ΓÄ»ΓÄ»ΓÄ»ΓÄ»ΓÄ»ΓÄ»ΓÄ»ΓÄ»ΓÄ»ΓÄ»ΓÄ»ΓÄ»ΓÄ»ΓÄ»ΓÄ»ΓÄ»ΓÄ»ΓÄ»ΓÄ»ΓÄ»ΓÄ»[9/397]ΓÄ»[22m[39m

[31m[1m[7m FAIL [27m[22m[39m v2/bin/__tests__/swarm.test.js [2m[ v2/bin/__tests__/swarm.test.js ][22m
[31m[1m[7m FAIL [27m[22m[39m v2/tests/mcp/progressive-disclosure.test.ts [2m[ 
v2/tests/mcp/progressive-disclosure.test.ts ][22m
[31m[1m[7m FAIL [27m[22m[39m v2/src/mcp/tests/mcp-integration.test.ts [2m[ 
v2/src/mcp/tests/mcp-integration.test.ts ][22m
[31m[1m[7m FAIL [27m[22m[39m v2/tests/unit/cli/commands/init/rollback.test.js [2m[ 
v2/tests/unit/cli/commands/init/rollback.test.js ][22m
[31m[1mError[22m: Failed to load url @jest/globals (resolved id: @jest/globals) in 
C:/Users/saima/Desktop/code/ruflo_project/v2/tests/unit/terminal/terminal-manager.test.ts. Does the file 
exist?[39m
[90m [2mΓ¥»[22m loadAndTransform node_modules/vite/dist/node/chunks/dep-BK3b2jBa.js:[2m51969:17[22m[39m

[31m[2mΓÄ»ΓÄ»ΓÄ»ΓÄ»ΓÄ»ΓÄ»ΓÄ»ΓÄ»ΓÄ»ΓÄ»ΓÄ»ΓÄ»ΓÄ»ΓÄ»ΓÄ»ΓÄ»ΓÄ»ΓÄ»ΓÄ»ΓÄ»ΓÄ»[10/397]ΓÄ»[22m[39m

[31m[1m[7m FAIL [27m[22m[39m v2/examples/user-api/server.test.js [2m[ v2/examples/user-api/server.test.js 
][22m
[31m[1mError[22m: Cannot find module 'supertest'
Require stack:
- C:\Users\saima\Desktop\code\ruflo_project\v2\examples\user-api\server.test.js[39m
[90m [2mΓ¥»[22m TracingChannel.traceSync node:diagnostics_channel:[2m322:14[22m[39m
[36m [2mΓ¥»[22m v2/examples/user-api/server.test.js:[2m1:17[22m[39m
    [90m  1| [39m[35mconst[39m request [33m=[39m [34mrequire[39m([32m'supertest'[39m)[33m;[39m
    [90m   | [39m                [31m^[39m
    [90m  2| [39m[35mconst[39m app [33m=[39m [34mrequire[39m([32m'./server'[39m)[33m;[39m
    [90m  3| [39m

[31m[2mΓÄ»ΓÄ»ΓÄ»ΓÄ»ΓÄ»ΓÄ»ΓÄ»ΓÄ»ΓÄ»ΓÄ»ΓÄ»ΓÄ»ΓÄ»ΓÄ»ΓÄ»ΓÄ»ΓÄ»ΓÄ»ΓÄ»ΓÄ»ΓÄ»ΓÄ»ΓÄ»ΓÄ»ΓÄ»ΓÄ»ΓÄ»ΓÄ»ΓÄ»ΓÄ»[22m[39m
[31m[1mSerialized Error:[22m[39m [90m{ code: 'MODULE_NOT_FOUND', requireStack: [ 
'C:\Users\saima\Desktop\code\ruflo_project\v2\examples\user-api\server.test.js' ] }[39m
[31m[2mΓÄ»ΓÄ»ΓÄ»ΓÄ»ΓÄ»ΓÄ»ΓÄ»ΓÄ»ΓÄ»ΓÄ»ΓÄ»ΓÄ»ΓÄ»ΓÄ»ΓÄ»ΓÄ»ΓÄ»ΓÄ»ΓÄ»ΓÄ»ΓÄ»[11/397]ΓÄ»[22m[39m

[31m[1m[7m FAIL [27m[22m[39m v2/src/__tests__/in-process-mcp.test.ts [2m[ 
v2/src/__tests__/in-process-mcp.test.ts ][22m
[31m[1mError[22m: Failed to load url @anthropic-ai/claude-code/sdk (resolved id: 
@anthropic-ai/claude-code/sdk) in C:/Users/saima/Desktop/code/ruflo_project/v2/src/mcp/tool-registry.ts. Does 
the file exist?[39m
[90m [2mΓ¥»[22m loadAndTransform node_modules/vite/dist/node/chunks/dep-BK3b2jBa.js:[2m51969:17[22m[39m

[31m[2mΓÄ»ΓÄ»ΓÄ»ΓÄ»ΓÄ»ΓÄ»ΓÄ»ΓÄ»ΓÄ»ΓÄ»ΓÄ»ΓÄ»ΓÄ»ΓÄ»ΓÄ»ΓÄ»ΓÄ»ΓÄ»ΓÄ»ΓÄ»ΓÄ»[12/397]ΓÄ»[22m[39m

[31m[1m[7m FAIL [27m[22m[39m v2/src/__tests__/sdk-integration.test.ts [2m[ 
v2/src/__tests__/sdk-integration.test.ts ][22m
[31m[1mReferenceError[22m: describe is not defined[39m
[36m [2mΓ¥»[22m v2/src/__tests__/sdk-integration.test.ts:[2m17:1[22m[39m
    [90m 15| [39m[35mimport[39m { [33mSDKCompatibilityLayer[39m } [35mfrom[39m 
[32m'../sdk/compatibility-layer'[39m[33m;[39m
    [90m 16| [39m
    [90m 17| [39m[34mdescribe[39m([32m'SDK Integration Tests - v2.5-alpha.130'[39m[33m,[39m () 
[33m=>[39m {
    [90m   | [39m[31m^[39m
    [90m 18| [39m  [35mlet[39m newClient[33m:[39m [33mClaudeClientV25[39m[33m;[39m
    [90m 19| [39m  [35mlet[39m sdkAdapter[33m:[39m [33mClaudeFlowSDKAdapter[39m[33m;[39m

[31m[2mΓÄ»ΓÄ»ΓÄ»ΓÄ»ΓÄ»ΓÄ»ΓÄ»ΓÄ»ΓÄ»ΓÄ»ΓÄ»ΓÄ»ΓÄ»ΓÄ»ΓÄ»ΓÄ»ΓÄ»ΓÄ»ΓÄ»ΓÄ»ΓÄ»[13/397]ΓÄ»[22m[39m

[31m[1m[7m FAIL [27m[22m[39m v2/src/__tests__/session-forking.test.ts [2m[ 
v2/src/__tests__/session-forking.test.ts ][22m
[31m[1m[7m FAIL [27m[22m[39m v2/tests/integration/sdk-integration.test.ts [2m[ 
v2/tests/integration/sdk-integration.test.ts ][22m
[31m[1m[7m FAIL [27m[22m[39m v2/tests/sdk/verification.test.ts [2m[ v2/tests/sdk/verification.test.ts 
][22m
[31m[1mError[22m: Failed to load url @anthropic-ai/claude-code (resolved id: @anthropic-ai/claude-code) in 
C:/Users/saima/Desktop/code/ruflo_project/v2/src/sdk/session-forking.ts. Does the file exist?[39m
[90m [2mΓ¥»[22m loadAndTransform node_modules/vite/dist/node/chunks/dep-BK3b2jBa.js:[2m51969:17[22m[39m

[31m[2mΓÄ»ΓÄ»ΓÄ»ΓÄ»ΓÄ»ΓÄ»ΓÄ»ΓÄ»ΓÄ»ΓÄ»ΓÄ»ΓÄ»ΓÄ»ΓÄ»ΓÄ»ΓÄ»ΓÄ»ΓÄ»ΓÄ»ΓÄ»ΓÄ»[14/397]ΓÄ»[22m[39m

[31m[1m[7m FAIL [27m[22m[39m v2/tests/integration/cli-simple.test.js [2m[ 
v2/tests/integration/cli-simple.test.js ][22m
[31m[1mReferenceError[22m: describe is not defined[39m
[36m [2mΓ¥»[22m v2/tests/integration/cli-simple.test.js:[2m13:1[22m[39m
    [90m 11| [39m[35mconst[39m __dirname [33m=[39m path[33m.[39m[34mdirname[39m(__filename)[33m;[39m
    [90m 12| [39m
    [90m 13| [39m[34mdescribe[39m([32m'CLI Basic Tests'[39m[33m,[39m () [33m=>[39m {
    [90m   | [39m[31m^[39m
    [90m 14| [39m  [34mtest[39m([32m'should pass basic test'[39m[33m,[39m () [33m=>[39m {
    [90m 15| [39m    [34mexpect[39m([35mtrue[39m)[33m.[39m[34mtoBe[39m([35mtrue[39m)[33m;[39m

[31m[2mΓÄ»ΓÄ»ΓÄ»ΓÄ»ΓÄ»ΓÄ»ΓÄ»ΓÄ»ΓÄ»ΓÄ»ΓÄ»ΓÄ»ΓÄ»ΓÄ»ΓÄ»ΓÄ»ΓÄ»ΓÄ»ΓÄ»ΓÄ»ΓÄ»[15/397]ΓÄ»[22m[39m

[31m[1m[7m FAIL [27m[22m[39m v2/tests/integration/mcp-pattern-persistence.test.js [2m[ 
v2/tests/integration/mcp-pattern-persistence.test.js ][22m
[31m[1mError[22m: Failed to load url ../../src/memory/enhanced-memory.js (resolved id: 
../../src/memory/enhanced-memory.js) in 
C:/Users/saima/Desktop/code/ruflo_project/v2/tests/integration/mcp-pattern-persistence.test.js. Does the file 
exist?[39m
[90m [2mΓ¥»[22m loadAndTransform node_modules/vite/dist/node/chunks/dep-BK3b2jBa.js:[2m51969:17[22m[39m

[31m[2mΓÄ»ΓÄ»ΓÄ»ΓÄ»ΓÄ»ΓÄ»ΓÄ»ΓÄ»ΓÄ»ΓÄ»ΓÄ»ΓÄ»ΓÄ»ΓÄ»ΓÄ»ΓÄ»ΓÄ»ΓÄ»ΓÄ»ΓÄ»ΓÄ»[16/397]ΓÄ»[22m[39m

[31m[1m[7m FAIL [27m[22m[39m v2/tests/integration/portability-fixes.test.js [2m[ 
v2/tests/integration/portability-fixes.test.js ][22m
[31m[1mReferenceError[22m: describe is not defined[39m
[36m [2mΓ¥»[22m v2/tests/integration/portability-fixes.test.js:[2m13:1[22m[39m
    [90m 11| [39m[35mconst[39m __dirname [33m=[39m path[33m.[39m[34mdirname[39m(__filename)[33m;[39m
    [90m 12| [39m
    [90m 13| [39m[34mdescribe[39m([32m'Portability Fixes Integration Tests'[39m[33m,[39m () [33m=>[39m 
{
    [90m   | [39m[31m^[39m
    [90m 14| [39m  [34mdescribe[39m([32m'Source Code Verification'[39m[33m,[39m () [33m=>[39m {
    [90m 15| [39m    [34mtest[39m([32m'ruv-swarm-wrapper.js should use structured error 
handling'[39m[33m,[39m ΓÇª

[31m[2mΓÄ»ΓÄ»ΓÄ»ΓÄ»ΓÄ»ΓÄ»ΓÄ»ΓÄ»ΓÄ»ΓÄ»ΓÄ»ΓÄ»ΓÄ»ΓÄ»ΓÄ»ΓÄ»ΓÄ»ΓÄ»ΓÄ»ΓÄ»ΓÄ»[17/397]ΓÄ»[22m[39m

[31m[1m[7m FAIL [27m[22m[39m v2/tests/integration/real-metrics.test.js [2m[ 
v2/tests/integration/real-metrics.test.js ][22m
[31m[1mReferenceError[22m: describe is not defined[39m
[36m [2mΓ¥»[22m v2/tests/integration/real-metrics.test.js:[2m11:1[22m[39m
    [90m  9| [39m[35mconst[39m projectRoot [33m=[39m 
path[33m.[39m[34mresolve[39m(process[33m.[39m[34mcwd[39m())[33m;[39m
    [90m 10| [39m
    [90m 11| [39m[34mdescribe[39m([32m'Real Metrics Integration Tests'[39m[33m,[39m () [33m=>[39m {
    [90m   | [39m[31m^[39m
    [90m 12| [39m  
    [90m 13| [39m  [34mtest[39m([32m'monitor.js should exist and contain real metrics 
collection'[39m[33m,[39m ΓÇª

[31m[2mΓÄ»ΓÄ»ΓÄ»ΓÄ»ΓÄ»ΓÄ»ΓÄ»ΓÄ»ΓÄ»ΓÄ»ΓÄ»ΓÄ»ΓÄ»ΓÄ»ΓÄ»ΓÄ»ΓÄ»ΓÄ»ΓÄ»ΓÄ»ΓÄ»[18/397]ΓÄ»[22m[39m

[31m[1m[7m FAIL [27m[22m[39m v2/tests/integration/reasoningbank-integration.test.js [2m[ 
v2/tests/integration/reasoningbank-integration.test.js ][22m
[31m[1mReferenceError[22m: describe is not defined[39m
[36m [2mΓ¥»[22m v2/tests/integration/reasoningbank-integration.test.js:[2m16:1[22m[39m
    [90m 14| [39m[35mconst[39m [33mTEST_DB_PATH[39m [33m=[39m 
[32m'.swarm/test-memory.db'[39m[33m;[39m
    [90m 15| [39m
    [90m 16| [39m[34mdescribe[39m([32m'ReasoningBank Integration'[39m[33m,[39m () [33m=>[39m {
    [90m   | [39m[31m^[39m
    [90m 17| [39m  [34mbeforeAll[39m([35masync[39m () [33m=>[39m {
    [90m 18| [39m    [90m// Ensure test directory exists[39m

[31m[2mΓÄ»ΓÄ»ΓÄ»ΓÄ»ΓÄ»ΓÄ»ΓÄ»ΓÄ»ΓÄ»ΓÄ»ΓÄ»ΓÄ»ΓÄ»ΓÄ»ΓÄ»ΓÄ»ΓÄ»ΓÄ»ΓÄ»ΓÄ»ΓÄ»[19/397]ΓÄ»[22m[39m

[31m[1m[7m FAIL [27m[22m[39m v2/tests/integration/start-compatibility.test.ts [2m[ 
v2/tests/integration/start-compatibility.test.ts ][22m
[31m[1mReferenceError[22m: describe is not defined[39m
[36m [2mΓ¥»[22m v2/tests/integration/start-compatibility.test.ts:[2m5:1[22m[39m
    [90m  3| [39m */[39m
    [90m  4| [39m
    [90m  5| [39m[34mdescribe[39m([32m'Start Command Backward Compatibility'[39m[33m,[39m () 
[33m=>[39m {
    [90m   | [39m[31m^[39m
    [90m  6| [39m  [34mdescribe[39m([32m'simple-commands functionality'[39m[33m,[39m () [33m=>[39m {
    [90m  7| [39m    [34mit[39m([32m'should export startCommand from simple-commands'[39m[33m,[39m 
[35masync[39m () [33m=>[39m {

[31m[2mΓÄ»ΓÄ»ΓÄ»ΓÄ»ΓÄ»ΓÄ»ΓÄ»ΓÄ»ΓÄ»ΓÄ»ΓÄ»ΓÄ»ΓÄ»ΓÄ»ΓÄ»ΓÄ»ΓÄ»ΓÄ»ΓÄ»ΓÄ»ΓÄ»[20/397]ΓÄ»[22m[39m

[31m[1m[7m FAIL [27m[22m[39m v2/tests/unit/fix-typos-syntax.test.js [2m[ 
v2/tests/unit/fix-typos-syntax.test.js ][22m
[31m[1mReferenceError[22m: describe is not defined[39m
[36m [2mΓ¥»[22m v2/tests/unit/fix-typos-syntax.test.js:[2m10:1[22m[39m
    [90m  8| [39m[35mconst[39m __dirname [33m=[39m path[33m.[39m[34mdirname[39m(__filename)[33m;[39m
    [90m  9| [39m
    [90m 10| [39m[34mdescribe[39m([32m'Typo and Syntax Fixes'[39m[33m,[39m () [33m=>[39m {
    [90m   | [39m[31m^[39m
    [90m 11| [39m  [34mdescribe[39m([32m'daa-tools.js processCommunication fix'[39m[33m,[39m () 
[33m=>[39m {
    [90m 12| [39m    [34mtest[39m([32m'should have fixed processCommuncation to processCommunicatio[39mΓÇª

[31m[2mΓÄ»ΓÄ»ΓÄ»ΓÄ»ΓÄ»ΓÄ»ΓÄ»ΓÄ»ΓÄ»ΓÄ»ΓÄ»ΓÄ»ΓÄ»ΓÄ»ΓÄ»ΓÄ»ΓÄ»ΓÄ»ΓÄ»ΓÄ»ΓÄ»[21/397]ΓÄ»[22m[39m

[31m[1m[7m FAIL [27m[22m[39m v3/__tests__/appliance/gguf-engine.test.ts [2m[ 
v3/__tests__/appliance/gguf-engine.test.ts ][22m
[31m[1mError[22m: No test suite found in file 
C:/Users/saima/Desktop/code/ruflo_project/v3/__tests__/appliance/gguf-engine.test.ts[39m
[31m[2mΓÄ»ΓÄ»ΓÄ»ΓÄ»ΓÄ»ΓÄ»ΓÄ»ΓÄ»ΓÄ»ΓÄ»ΓÄ»ΓÄ»ΓÄ»ΓÄ»ΓÄ»ΓÄ»ΓÄ»ΓÄ»ΓÄ»ΓÄ»ΓÄ»[22/397]ΓÄ»[22m[39m

[31m[1m[7m FAIL [27m[22m[39m v3/__tests__/appliance/rvfa-builder.test.ts [2m[ 
v3/__tests__/appliance/rvfa-builder.test.ts ][22m
[31m[1mError[22m: No test suite found in file 
C:/Users/saima/Desktop/code/ruflo_project/v3/__tests__/appliance/rvfa-builder.test.ts[39m
[31m[2mΓÄ»ΓÄ»ΓÄ»ΓÄ»ΓÄ»ΓÄ»ΓÄ»ΓÄ»ΓÄ»ΓÄ»ΓÄ»ΓÄ»ΓÄ»ΓÄ»ΓÄ»ΓÄ»ΓÄ»ΓÄ»ΓÄ»ΓÄ»ΓÄ»[23/397]ΓÄ»[22m[39m

[31m[1m[7m FAIL [27m[22m[39m v3/__tests__/appliance/rvfa-distribution.test.ts [2m[ 
v3/__tests__/appliance/rvfa-distribution.test.ts ][22m
[31m[1mError[22m: No test suite found in file 
C:/Users/saima/Desktop/code/ruflo_project/v3/__tests__/appliance/rvfa-distribution.test.ts[39m
[31m[2mΓÄ»ΓÄ»ΓÄ»ΓÄ»ΓÄ»ΓÄ»ΓÄ»ΓÄ»ΓÄ»ΓÄ»ΓÄ»ΓÄ»ΓÄ»ΓÄ»ΓÄ»ΓÄ»ΓÄ»ΓÄ»ΓÄ»ΓÄ»ΓÄ»[24/397]ΓÄ»[22m[39m

[31m[1m[7m FAIL [27m[22m[39m v3/__tests__/appliance/rvfa-format.test.ts [2m[ 
v3/__tests__/appliance/rvfa-format.test.ts ][22m
[31m[1mError[22m: No test suite found in file 
C:/Users/saima/Desktop/code/ruflo_project/v3/__tests__/appliance/rvfa-format.test.ts[39m
[31m[2mΓÄ»ΓÄ»ΓÄ»ΓÄ»ΓÄ»ΓÄ»ΓÄ»ΓÄ»ΓÄ»ΓÄ»ΓÄ»ΓÄ»ΓÄ»ΓÄ»ΓÄ»ΓÄ»ΓÄ»ΓÄ»ΓÄ»ΓÄ»ΓÄ»[25/397]ΓÄ»[22m[39m

[31m[1m[7m FAIL [27m[22m[39m v3/__tests__/appliance/rvfa-signing.test.ts [2m[ 
v3/__tests__/appliance/rvfa-signing.test.ts ][22m
[31m[1mError[22m: No test suite found in file 
C:/Users/saima/Desktop/code/ruflo_project/v3/__tests__/appliance/rvfa-signing.test.ts[39m
[31m[2mΓÄ»ΓÄ»ΓÄ»ΓÄ»ΓÄ»ΓÄ»ΓÄ»ΓÄ»ΓÄ»ΓÄ»ΓÄ»ΓÄ»ΓÄ»ΓÄ»ΓÄ»ΓÄ»ΓÄ»ΓÄ»ΓÄ»ΓÄ»ΓÄ»[26/397]ΓÄ»[22m[39m

[31m[1m[7m FAIL [27m[22m[39m v2/benchmark/archive/old-files/hello_world.test.js [2m[ 
v2/benchmark/archive/old-files/hello_world.test.js ][22m
[31m[1mError[22m: No test suite found in file 
C:/Users/saima/Desktop/code/ruflo_project/v2/benchmark/archive/old-files/hello_world.test.js[39m
[31m[2mΓÄ»ΓÄ»ΓÄ»ΓÄ»ΓÄ»ΓÄ»ΓÄ»ΓÄ»ΓÄ»ΓÄ»ΓÄ»ΓÄ»ΓÄ»ΓÄ»ΓÄ»ΓÄ»ΓÄ»ΓÄ»ΓÄ»ΓÄ»ΓÄ»[27/397]ΓÄ»[22m[39m

[31m[1m[7m FAIL [27m[22m[39m v2/examples/05-swarm-apps/swarm-created-app/task-manager.test.js [2m[ 
v2/examples/05-swarm-apps/swarm-created-app/task-manager.test.js ][22m
[31m[1mReferenceError[22m: require is not defined[39m
[90m [2mΓ¥»[22m v2/examples/05-swarm-apps/swarm-created-app/task-manager.js:[2m62:1[22m[39m
[90m [2mΓ¥»[22m TracingChannel.traceSync node:diagnostics_channel:[2m322:14[22m[39m

[31m[2mΓÄ»ΓÄ»ΓÄ»ΓÄ»ΓÄ»ΓÄ»ΓÄ»ΓÄ»ΓÄ»ΓÄ»ΓÄ»ΓÄ»ΓÄ»ΓÄ»ΓÄ»ΓÄ»ΓÄ»ΓÄ»ΓÄ»ΓÄ»ΓÄ»[28/397]ΓÄ»[22m[39m

[31m[1m[7m FAIL [27m[22m[39m v2/examples/05-swarm-apps/swarm-sample/notes.test.js [2m[ 
v2/examples/05-swarm-apps/swarm-sample/notes.test.js ][22m
[31m[1mSyntaxError[22m: Invalid or unexpected token[39m
[90m [2mΓ¥»[22m new Script node:vm:[2m117:7[22m[39m
[90m [2mΓ¥»[22m createScript node:vm:[2m269:10[22m[39m
[90m [2mΓ¥»[22m Object.runInThisContext node:vm:[2m317:10[22m[39m
[36m [2mΓ¥»[22m v2/examples/05-swarm-apps/swarm-sample/notes.test.js:[2m3:31[22m[39m
    [90m  1| [39m[90m/**
    [90m  2| [39m * Test Suite for Notes CLI
    [90m  3| [39m * Created by Swarm Agent: Tester-1
    [90m   | [39m                              [31m^[39m
    [90m  4| [39m * 
    [90m  5| [39m * Comprehensive testing following TDD principles

[31m[2mΓÄ»ΓÄ»ΓÄ»ΓÄ»ΓÄ»ΓÄ»ΓÄ»ΓÄ»ΓÄ»ΓÄ»ΓÄ»ΓÄ»ΓÄ»ΓÄ»ΓÄ»ΓÄ»ΓÄ»ΓÄ»ΓÄ»ΓÄ»ΓÄ»[29/397]ΓÄ»[22m[39m

[31m[1m[7m FAIL [27m[22m[39m v2/examples/data-pipeline/__tests__/test_main.test.js [2m[ 
v2/examples/data-pipeline/__tests__/test_main.test.js ][22m
[31m[1mError[22m: Expected ';', '}' or <eof>[39m
[90m [2mΓ¥»[22m getRollupError node_modules/rollup/dist/es/shared/parseAst.js:[2m402:41[22m[39m
[90m [2mΓ¥»[22m convertProgram node_modules/rollup/dist/es/shared/parseAst.js:[2m1114:26[22m[39m
[90m [2mΓ¥»[22m parseAstAsync node_modules/rollup/dist/es/shared/parseAst.js:[2m2100:106[22m[39m
[90m [2mΓ¥»[22m ssrTransformScript node_modules/vite/dist/node/chunks/dep-BK3b2jBa.js:[2m52430:11[22m[39m
[90m [2mΓ¥»[22m loadAndTransform node_modules/vite/dist/node/chunks/dep-BK3b2jBa.js:[2m52028:72[22m[39m

[31m[2mΓÄ»ΓÄ»ΓÄ»ΓÄ»ΓÄ»ΓÄ»ΓÄ»ΓÄ»ΓÄ»ΓÄ»ΓÄ»ΓÄ»ΓÄ»ΓÄ»ΓÄ»ΓÄ»ΓÄ»ΓÄ»ΓÄ»ΓÄ»ΓÄ»[30/397]ΓÄ»[22m[39m

[31m[1m[7m FAIL [27m[22m[39m v2/examples/data-pipeline/__tests__/test_main.test.ts [2m[ 
v2/examples/data-pipeline/__tests__/test_main.test.ts ][22m
[31m[1mError[22m: Transform failed with 1 error:
C:/Users/saima/Desktop/code/ruflo_project/v2/examples/data-pipeline/__tests__/test_main.test.ts:1:5: ERROR: 
Expected ";" but found "file"[39m
[90m [2mΓ¥»[22m failureErrorWithLog node_modules/vite/node_modules/esbuild/lib/main.js:[2m1472:15[22m[39m
[90m [2mΓ¥»[22m node_modules/vite/node_modules/esbuild/lib/main.js:[2m755:50[22m[39m
[90m [2mΓ¥»[22m responseCallbacks.<computed> 
node_modules/vite/node_modules/esbuild/lib/main.js:[2m622:9[22m[39m
[90m [2mΓ¥»[22m handleIncomingPacket node_modules/vite/node_modules/esbuild/lib/main.js:[2m677:12[22m[39m
[90m [2mΓ¥»[22m Socket.readFromStdout node_modules/vite/node_modules/esbuild/lib/main.js:[2m600:7[22m[39m
[90m [2mΓ¥»[22m Socket.emit node:events:[2m518:28[22m[39m

[31m[2mΓÄ»ΓÄ»ΓÄ»ΓÄ»ΓÄ»ΓÄ»ΓÄ»ΓÄ»ΓÄ»ΓÄ»ΓÄ»ΓÄ»ΓÄ»ΓÄ»ΓÄ»ΓÄ»ΓÄ»ΓÄ»ΓÄ»ΓÄ»ΓÄ»[31/397]ΓÄ»[22m[39m

[31m[1m[7m FAIL [27m[22m[39m v2/examples/flask-api-sparc/__tests__/test_main.test.ts [2m[ 
v2/examples/flask-api-sparc/__tests__/test_main.test.ts ][22m
[31m[1mError[22m: Transform failed with 1 error:
C:/Users/saima/Desktop/code/ruflo_project/v2/examples/flask-api-sparc/__tests__/test_main.test.ts:1:5: ERROR: 
Expected ";" but found "file"[39m
[90m [2mΓ¥»[22m failureErrorWithLog node_modules/vite/node_modules/esbuild/lib/main.js:[2m1472:15[22m[39m
[90m [2mΓ¥»[22m node_modules/vite/node_modules/esbuild/lib/main.js:[2m755:50[22m[39m
[90m [2mΓ¥»[22m responseCallbacks.<computed> 
node_modules/vite/node_modules/esbuild/lib/main.js:[2m622:9[22m[39m
[90m [2mΓ¥»[22m handleIncomingPacket node_modules/vite/node_modules/esbuild/lib/main.js:[2m677:12[22m[39m
[90m [2mΓ¥»[22m Socket.readFromStdout node_modules/vite/node_modules/esbuild/lib/main.js:[2m600:7[22m[39m
[90m [2mΓ¥»[22m Socket.emit node:events:[2m518:28[22m[39m

[31m[2mΓÄ»ΓÄ»ΓÄ»ΓÄ»ΓÄ»ΓÄ»ΓÄ»ΓÄ»ΓÄ»ΓÄ»ΓÄ»ΓÄ»ΓÄ»ΓÄ»ΓÄ»ΓÄ»ΓÄ»ΓÄ»ΓÄ»ΓÄ»ΓÄ»[32/397]ΓÄ»[22m[39m

[31m[1m[7m FAIL [27m[22m[39m v2/src/swarm/__tests__/integration.test.ts [2m[ 
v2/src/swarm/__tests__/integration.test.ts ][22m
[31m[1mReferenceError[22m: describe is not defined[39m
[36m [2mΓ¥»[22m v2/src/swarm/__tests__/integration.test.ts:[2m8:1[22m[39m
    [90m  6| [39m[35mimport[39m { [33mPromptConfigManager[39m } [35mfrom[39m 
[32m'../prompt-utils.js'[39m[33m;[39m
    [90m  7| [39m
    [90m  8| [39m[34mdescribe[39m([32m'Prompt Copying Integration Tests'[39m[33m,[39m () [33m=>[39m {
    [90m   | [39m[31m^[39m
    [90m  9| [39m  [35mlet[39m tempDir[33m:[39m string[33m;[39m
    [90m 10| [39m  [35mlet[39m testManager[33m:[39m [33mPromptManager[39m[33m;[39m

[31m[2mΓÄ»ΓÄ»ΓÄ»ΓÄ»ΓÄ»ΓÄ»ΓÄ»ΓÄ»ΓÄ»ΓÄ»ΓÄ»ΓÄ»ΓÄ»ΓÄ»ΓÄ»ΓÄ»ΓÄ»ΓÄ»ΓÄ»ΓÄ»ΓÄ»[33/397]ΓÄ»[22m[39m

[31m[1m[7m FAIL [27m[22m[39m v2/src/swarm/__tests__/prompt-copier.test.ts [2m[ 
v2/src/swarm/__tests__/prompt-copier.test.ts ][22m
[31m[1mReferenceError[22m: describe is not defined[39m
[36m [2mΓ¥»[22m v2/src/swarm/__tests__/prompt-copier.test.ts:[2m9:1[22m[39m
    [90m  7| [39m[35mimport[39m { [33mPromptConfigManager[39m[33m,[39m [33mPromptValidator[39m } 
[35mfrom[39m [32m'../prompt-utils.[39mΓÇª
    [90m  8| [39m
    [90m  9| [39m[34mdescribe[39m([32m'PromptCopier'[39m[33m,[39m () [33m=>[39m {
    [90m   | [39m[31m^[39m
    [90m 10| [39m  [35mlet[39m tempDir[33m:[39m string[33m;[39m
    [90m 11| [39m  [35mlet[39m sourceDir[33m:[39m string[33m;[39m

[31m[2mΓÄ»ΓÄ»ΓÄ»ΓÄ»ΓÄ»ΓÄ»ΓÄ»ΓÄ»ΓÄ»ΓÄ»ΓÄ»ΓÄ»ΓÄ»ΓÄ»ΓÄ»ΓÄ»ΓÄ»ΓÄ»ΓÄ»ΓÄ»ΓÄ»[34/397]ΓÄ»[22m[39m

[31m[1m[7m FAIL [27m[22m[39m v2/tests/unit/core/event-bus.test.ts [2m[ 
v2/tests/unit/core/event-bus.test.ts ][22m
[31m[1m[7m FAIL [27m[22m[39m v2/tests/unit/core/orchestrator.test.ts [2m[ 
v2/tests/unit/core/orchestrator.test.ts ][22m
[31m[1mError[22m: Failed to load url ../../../test.utils (resolved id: ../../../test.utils) in 
C:/Users/saima/Desktop/code/ruflo_project/v2/tests/unit/core/orchestrator.test.ts. Does the file exist?[39m
[90m [2mΓ¥»[22m loadAndTransform node_modules/vite/dist/node/chunks/dep-BK3b2jBa.js:[2m51969:17[22m[39m

[31m[2mΓÄ»ΓÄ»ΓÄ»ΓÄ»ΓÄ»ΓÄ»ΓÄ»ΓÄ»ΓÄ»ΓÄ»ΓÄ»ΓÄ»ΓÄ»ΓÄ»ΓÄ»ΓÄ»ΓÄ»ΓÄ»ΓÄ»ΓÄ»ΓÄ»[35/397]ΓÄ»[22m[39m

[31m[1m[7m FAIL [27m[22m[39m v2/tests/unit/utils/helpers.test.ts [2m[ v2/tests/unit/utils/helpers.test.ts 
][22m
[31m[1mError[22m: Transform failed with 1 error:
C:/Users/saima/Desktop/code/ruflo_project/v2/tests/unit/utils/helpers.test.ts:476:27: ERROR: Expected "]" but 
found ")"[39m
[90m [2mΓ¥»[22m failureErrorWithLog node_modules/vite/node_modules/esbuild/lib/main.js:[2m1472:15[22m[39m
[90m [2mΓ¥»[22m node_modules/vite/node_modules/esbuild/lib/main.js:[2m755:50[22m[39m
[90m [2mΓ¥»[22m responseCallbacks.<computed> 
node_modules/vite/node_modules/esbuild/lib/main.js:[2m622:9[22m[39m
[90m [2mΓ¥»[22m handleIncomingPacket node_modules/vite/node_modules/esbuild/lib/main.js:[2m677:12[22m[39m
[90m [2mΓ¥»[22m Socket.readFromStdout node_modules/vite/node_modules/esbuild/lib/main.js:[2m600:7[22m[39m
[90m [2mΓ¥»[22m Socket.emit node:events:[2m518:28[22m[39m

[31m[2mΓÄ»ΓÄ»ΓÄ»ΓÄ»ΓÄ»ΓÄ»ΓÄ»ΓÄ»ΓÄ»ΓÄ»ΓÄ»ΓÄ»ΓÄ»ΓÄ»ΓÄ»ΓÄ»ΓÄ»ΓÄ»ΓÄ»ΓÄ»ΓÄ»[36/397]ΓÄ»[22m[39m

[31m[1m[7m FAIL [27m[22m[39m v3/@claude-flow/cli/__tests__/pq-validation.test.ts [2m[ 
v3/@claude-flow/cli/__tests__/pq-validation.test.ts ][22m
[31m[1mError[22m: Failed to load url ../../@claude-flow/memory/src/hnsw-index.js (resolved id: 
../../@claude-flow/memory/src/hnsw-index.js) in 
C:/Users/saima/Desktop/code/ruflo_project/v3/@claude-flow/cli/__tests__/pq-validation.test.ts. Does the file 
exist?[39m
[90m [2mΓ¥»[22m loadAndTransform node_modules/vite/dist/node/chunks/dep-BK3b2jBa.js:[2m51969:17[22m[39m

[31m[2mΓÄ»ΓÄ»ΓÄ»ΓÄ»ΓÄ»ΓÄ»ΓÄ»ΓÄ»ΓÄ»ΓÄ»ΓÄ»ΓÄ»ΓÄ»ΓÄ»ΓÄ»ΓÄ»ΓÄ»ΓÄ»ΓÄ»ΓÄ»ΓÄ»[37/397]ΓÄ»[22m[39m

[31m[1m[7m FAIL [27m[22m[39m v3/@claude-flow/embeddings/__tests__/minimal.test.mjs [2m[ 
v3/@claude-flow/embeddings/__tests__/minimal.test.mjs ][22m
[31m[1m[7m FAIL [27m[22m[39m v3/@claude-flow/embeddings/__tests__/simple.test.mjs [2m[ 
v3/@claude-flow/embeddings/__tests__/simple.test.mjs ][22m
[31m[1mError[22m: Failed to load url ../dist/chunking.js (resolved id: ../dist/chunking.js) in 
C:/Users/saima/Desktop/code/ruflo_project/v3/@claude-flow/embeddings/__tests__/simple.test.mjs. Does the file 
exist?[39m
[90m [2mΓ¥»[22m loadAndTransform node_modules/vite/dist/node/chunks/dep-BK3b2jBa.js:[2m51969:17[22m[39m

[31m[2mΓÄ»ΓÄ»ΓÄ»ΓÄ»ΓÄ»ΓÄ»ΓÄ»ΓÄ»ΓÄ»ΓÄ»ΓÄ»ΓÄ»ΓÄ»ΓÄ»ΓÄ»ΓÄ»ΓÄ»ΓÄ»ΓÄ»ΓÄ»ΓÄ»[38/397]ΓÄ»[22m[39m

[31m[1m[7m FAIL [27m[22m[39m v3/@claude-flow/guidance/tests/hooks.test.ts [2m[ 
v3/@claude-flow/guidance/tests/hooks.test.ts ][22m
[31m[1m[7m FAIL [27m[22m[39m v3/@claude-flow/guidance/tests/integration.test.ts [2m[ 
v3/@claude-flow/guidance/tests/integration.test.ts ][22m
[31m[1mError[22m: Failed to load url @claude-flow/hooks (resolved id: @claude-flow/hooks) in 
C:/Users/saima/Desktop/code/ruflo_project/v3/@claude-flow/guidance/tests/hooks.test.ts. Does the file exist?[39m
[90m [2mΓ¥»[22m loadAndTransform node_modules/vite/dist/node/chunks/dep-BK3b2jBa.js:[2m51969:17[22m[39m

[31m[2mΓÄ»ΓÄ»ΓÄ»ΓÄ»ΓÄ»ΓÄ»ΓÄ»ΓÄ»ΓÄ»ΓÄ»ΓÄ»ΓÄ»ΓÄ»ΓÄ»ΓÄ»ΓÄ»ΓÄ»ΓÄ»ΓÄ»ΓÄ»ΓÄ»[39/397]ΓÄ»[22m[39m

[31m[1m[7m FAIL [27m[22m[39m v2/examples/05-swarm-apps/rest-api/tests/products.test.js [2m[ 
v2/examples/05-swarm-apps/rest-api/tests/products.test.js ][22m
[31m[1mError[22m: Cannot find module 'supertest'
Require stack:
- C:\Users\saima\Desktop\code\ruflo_project\v2\examples\05-swarm-apps\rest-api\tests\products.test.js[39m
[90m [2mΓ¥»[22m TracingChannel.traceSync node:diagnostics_channel:[2m322:14[22m[39m
[36m [2mΓ¥»[22m v2/examples/05-swarm-apps/rest-api/tests/products.test.js:[2m1:17[22m[39m
    [90m  1| [39m[35mconst[39m request [33m=[39m [34mrequire[39m([32m'supertest'[39m)[33m;[39m
    [90m   | [39m                [31m^[39m
    [90m  2| [39m[35mconst[39m app [33m=[39m [34mrequire[39m([32m'../src/server'[39m)[33m;[39m
    [90m  3| [39m

[31m[2mΓÄ»ΓÄ»ΓÄ»ΓÄ»ΓÄ»ΓÄ»ΓÄ»ΓÄ»ΓÄ»ΓÄ»ΓÄ»ΓÄ»ΓÄ»ΓÄ»ΓÄ»ΓÄ»ΓÄ»ΓÄ»ΓÄ»ΓÄ»ΓÄ»ΓÄ»ΓÄ»ΓÄ»ΓÄ»ΓÄ»ΓÄ»ΓÄ»ΓÄ»ΓÄ»[22m[39m
[31m[1mSerialized Error:[22m[39m [90m{ code: 'MODULE_NOT_FOUND', requireStack: [ 
'C:\Users\saima\Desktop\code\ruflo_project\v2\examples\05-swarm-apps\rest-api\tests\products.test.js' ] }[39m
[31m[2mΓÄ»ΓÄ»ΓÄ»ΓÄ»ΓÄ»ΓÄ»ΓÄ»ΓÄ»ΓÄ»ΓÄ»ΓÄ»ΓÄ»ΓÄ»ΓÄ»ΓÄ»ΓÄ»ΓÄ»ΓÄ»ΓÄ»ΓÄ»ΓÄ»[40/397]ΓÄ»[22m[39m

[31m[1m[7m FAIL [27m[22m[39m v2/examples/05-swarm-apps/rest-api/tests/server.test.js [2m[ 
v2/examples/05-swarm-apps/rest-api/tests/server.test.js ][22m
[31m[1mError[22m: Cannot find module 'supertest'
Require stack:
- C:\Users\saima\Desktop\code\ruflo_project\v2\examples\05-swarm-apps\rest-api\tests\server.test.js[39m
[90m [2mΓ¥»[22m TracingChannel.traceSync node:diagnostics_channel:[2m322:14[22m[39m
[36m [2mΓ¥»[22m v2/examples/05-swarm-apps/rest-api/tests/server.test.js:[2m1:17[22m[39m
    [90m  1| [39m[35mconst[39m request [33m=[39m [34mrequire[39m([32m'supertest'[39m)[33m;[39m
    [90m   | [39m                [31m^[39m
    [90m  2| [39m[35mconst[39m app [33m=[39m [34mrequire[39m([32m'../src/server'[39m)[33m;[39m
    [90m  3| [39m

[31m[2mΓÄ»ΓÄ»ΓÄ»ΓÄ»ΓÄ»ΓÄ»ΓÄ»ΓÄ»ΓÄ»ΓÄ»ΓÄ»ΓÄ»ΓÄ»ΓÄ»ΓÄ»ΓÄ»ΓÄ»ΓÄ»ΓÄ»ΓÄ»ΓÄ»ΓÄ»ΓÄ»ΓÄ»ΓÄ»ΓÄ»ΓÄ»ΓÄ»ΓÄ»ΓÄ»[22m[39m
[31m[1mSerialized Error:[22m[39m [90m{ code: 'MODULE_NOT_FOUND', requireStack: [ 
'C:\Users\saima\Desktop\code\ruflo_project\v2\examples\05-swarm-apps\rest-api\tests\server.test.js' ] }[39m
[31m[2mΓÄ»ΓÄ»ΓÄ»ΓÄ»ΓÄ»ΓÄ»ΓÄ»ΓÄ»ΓÄ»ΓÄ»ΓÄ»ΓÄ»ΓÄ»ΓÄ»ΓÄ»ΓÄ»ΓÄ»ΓÄ»ΓÄ»ΓÄ»ΓÄ»[41/397]ΓÄ»[22m[39m

[31m[1m[7m FAIL [27m[22m[39m v2/examples/05-swarm-apps/rest-api/tests/users.test.js [2m[ 
v2/examples/05-swarm-apps/rest-api/tests/users.test.js ][22m
[31m[1mError[22m: Cannot find module 'supertest'
Require stack:
- C:\Users\saima\Desktop\code\ruflo_project\v2\examples\05-swarm-apps\rest-api\tests\users.test.js[39m
[90m [2mΓ¥»[22m TracingChannel.traceSync node:diagnostics_channel:[2m322:14[22m[39m
[36m [2mΓ¥»[22m v2/examples/05-swarm-apps/rest-api/tests/users.test.js:[2m1:17[22m[39m
    [90m  1| [39m[35mconst[39m request [33m=[39m [34mrequire[39m([32m'supertest'[39m)[33m;[39m
    [90m   | [39m                [31m^[39m
    [90m  2| [39m[35mconst[39m app [33m=[39m [34mrequire[39m([32m'../src/server'[39m)[33m;[39m
    [90m  3| [39m

[31m[2mΓÄ»ΓÄ»ΓÄ»ΓÄ»ΓÄ»ΓÄ»ΓÄ»ΓÄ»ΓÄ»ΓÄ»ΓÄ»ΓÄ»ΓÄ»ΓÄ»ΓÄ»ΓÄ»ΓÄ»ΓÄ»ΓÄ»ΓÄ»ΓÄ»ΓÄ»ΓÄ»ΓÄ»ΓÄ»ΓÄ»ΓÄ»ΓÄ»ΓÄ»ΓÄ»[22m[39m
[31m[1mSerialized Error:[22m[39m [90m{ code: 'MODULE_NOT_FOUND', requireStack: [ 
'C:\Users\saima\Desktop\code\ruflo_project\v2\examples\05-swarm-apps\rest-api\tests\users.test.js' ] }[39m
[31m[2mΓÄ»ΓÄ»ΓÄ»ΓÄ»ΓÄ»ΓÄ»ΓÄ»ΓÄ»ΓÄ»ΓÄ»ΓÄ»ΓÄ»ΓÄ»ΓÄ»ΓÄ»ΓÄ»ΓÄ»ΓÄ»ΓÄ»ΓÄ»ΓÄ»[42/397]ΓÄ»[22m[39m

[31m[1m[7m FAIL [27m[22m[39m v2/src/verification/tests/e2e/verification-pipeline.test.ts [2m[ 
v2/src/verification/tests/e2e/verification-pipeline.test.ts ][22m
[31m[1mReferenceError[22m: describe is not defined[39m
[36m [2mΓ¥»[22m v2/src/verification/tests/e2e/verification-pipeline.test.ts:[2m84:1[22m[39m
    [90m 82| [39m}
    [90m 83| [39m
    [90m 84| [39m[34mdescribe[39m([32m'Verification Pipeline E2E Tests'[39m[33m,[39m () [33m=>[39m {
    [90m   | [39m[31m^[39m
    [90m 85| [39m  [35mlet[39m tempDir[33m:[39m string[33m;[39m
    [90m 86| [39m  [35mlet[39m pipeline[33m:[39m [33mVerificationPipeline[39m[33m;[39m

[31m[2mΓÄ»ΓÄ»ΓÄ»ΓÄ»ΓÄ»ΓÄ»ΓÄ»ΓÄ»ΓÄ»ΓÄ»ΓÄ»ΓÄ»ΓÄ»ΓÄ»ΓÄ»ΓÄ»ΓÄ»ΓÄ»ΓÄ»ΓÄ»ΓÄ»[43/397]ΓÄ»[22m[39m

[31m[1m[7m FAIL [27m[22m[39m v2/src/verification/tests/integration/cross-agent-communication.test.ts [2m[ 
v2/src/verification/tests/integration/cross-agent-communication.test.ts ][22m
[31m[1mReferenceError[22m: describe is not defined[39m
[36m [2mΓ¥»[22m v2/src/verification/tests/integration/cross-agent-communication.test.ts:[2m57:1[22m[39m
    [90m 55| [39m}
    [90m 56| [39m
    [90m 57| [39m[34mdescribe[39m([32m'Cross-Agent Communication Verification'[39m[33m,[39m () 
[33m=>[39m {
    [90m   | [39m[31m^[39m
    [90m 58| [39m  [35mlet[39m communicationBus[33m:[39m [33mEventEmitter[39m[33m;[39m
    [90m 59| [39m  [35mlet[39m mockAgents[33m:[39m [33mMap[39m[33m<[39mstring[33m,[39m 
[33mMockAgent[39m[33m>[39m[33m;[39m

[31m[2mΓÄ»ΓÄ»ΓÄ»ΓÄ»ΓÄ»ΓÄ»ΓÄ»ΓÄ»ΓÄ»ΓÄ»ΓÄ»ΓÄ»ΓÄ»ΓÄ»ΓÄ»ΓÄ»ΓÄ»ΓÄ»ΓÄ»ΓÄ»ΓÄ»[44/397]ΓÄ»[22m[39m

[31m[1m[7m FAIL [27m[22m[39m v2/src/verification/tests/mocks/false-reporting-scenarios.test.ts [2m[ 
v2/src/verification/tests/mocks/false-reporting-scenarios.test.ts ][22m
[31m[1mReferenceError[22m: require is not defined[39m
[36m [2mΓ¥»[22m v2/.claude/helpers/truth-score.js:[2m8:12[22m[39m
    [90m  6| [39m */[39m
    [90m  7| [39m
    [90m  8| [39m[35mconst[39m fs [33m=[39m [34mrequire[39m([32m'fs'[39m)[33m.[39mpromises[33m;[39m
    [90m   | [39m           [31m^[39m
    [90m  9| [39m[35mconst[39m path [33m=[39m [34mrequire[39m([32m'path'[39m)[33m;[39m
    [90m 10| [39m[35mconst[39m { execSync } [33m=[39m 
[34mrequire[39m([32m'child_process'[39m)[33m;[39m
[90m [2mΓ¥»[22m TracingChannel.traceSync node:diagnostics_channel:[2m322:14[22m[39m

[31m[2mΓÄ»ΓÄ»ΓÄ»ΓÄ»ΓÄ»ΓÄ»ΓÄ»ΓÄ»ΓÄ»ΓÄ»ΓÄ»ΓÄ»ΓÄ»ΓÄ»ΓÄ»ΓÄ»ΓÄ»ΓÄ»ΓÄ»ΓÄ»ΓÄ»[45/397]ΓÄ»[22m[39m

[31m[1m[7m FAIL [27m[22m[39m v2/src/verification/tests/performance/verification-overhead.test.ts [2m[ 
v2/src/verification/tests/performance/verification-overhead.test.ts ][22m
[31m[1mReferenceError[22m: describe is not defined[39m
[36m [2mΓ¥»[22m v2/src/verification/tests/performance/verification-overhead.test.ts:[2m50:1[22m[39m
    [90m 48| [39m}
    [90m 49| [39m
    [90m 50| [39m[34mdescribe[39m([32m'Verification System Performance Benchmarks'[39m[33m,[39m () 
[33m=>[39m {
    [90m   | [39m[31m^[39m
    [90m 51| [39m  [35mlet[39m tempDir[33m:[39m string[33m;[39m
    [90m 52| [39m  [35mlet[39m calculator[33m:[39m any[33m;[39m

[31m[2mΓÄ»ΓÄ»ΓÄ»ΓÄ»ΓÄ»ΓÄ»ΓÄ»ΓÄ»ΓÄ»ΓÄ»ΓÄ»ΓÄ»ΓÄ»ΓÄ»ΓÄ»ΓÄ»ΓÄ»ΓÄ»ΓÄ»ΓÄ»ΓÄ»[46/397]ΓÄ»[22m[39m

[31m[1m[7m FAIL [27m[22m[39m v2/src/verification/tests/unit/truth-scoring.test.ts [2m[ 
v2/src/verification/tests/unit/truth-scoring.test.ts ][22m
[31m[1mReferenceError[22m: describe is not defined[39m
[36m [2mΓ¥»[22m v2/src/verification/tests/unit/truth-scoring.test.ts:[2m19:1[22m[39m
    [90m 17| [39m[35mimport[39m [33mTruthScoreCalculator[39m [35mfrom[39m 
[32m'../../../../.claude/helpers/truth-sc[39mΓÇª
    [90m 18| [39m
    [90m 19| [39m[34mdescribe[39m([32m'Truth Scoring System'[39m[33m,[39m () [33m=>[39m {
    [90m   | [39m[31m^[39m
    [90m 20| [39m  [35mlet[39m calculator[33m:[39m any[33m;[39m
    [90m 21| [39m  [35mlet[39m tempDir[33m:[39m string[33m;[39m

[31m[2mΓÄ»ΓÄ»ΓÄ»ΓÄ»ΓÄ»ΓÄ»ΓÄ»ΓÄ»ΓÄ»ΓÄ»ΓÄ»ΓÄ»ΓÄ»ΓÄ»ΓÄ»ΓÄ»ΓÄ»ΓÄ»ΓÄ»ΓÄ»ΓÄ»[47/397]ΓÄ»[22m[39m

[31m[1m[7m FAIL [27m[22m[39m v2/tests/unit/cli/start/process-manager.test.ts [2m[ 
v2/tests/unit/cli/start/process-manager.test.ts ][22m
[31m[1m[7m FAIL [27m[22m[39m v2/tests/unit/cli/start/process-ui.test.ts [2m[ 
v2/tests/unit/cli/start/process-ui.test.ts ][22m
[31m[1m[7m FAIL [27m[22m[39m v2/tests/unit/cli/start/system-monitor.test.ts [2m[ 
v2/tests/unit/cli/start/system-monitor.test.ts ][22m
[31m[1mError[22m: Failed to load url ../../../../test.utils (resolved id: ../../../../test.utils) in 
C:/Users/saima/Desktop/code/ruflo_project/v2/tests/unit/cli/start/process-manager.test.ts. Does the file 
exist?[39m
[90m [2mΓ¥»[22m loadAndTransform node_modules/vite/dist/node/chunks/dep-BK3b2jBa.js:[2m51969:17[22m[39m

[31m[2mΓÄ»ΓÄ»ΓÄ»ΓÄ»ΓÄ»ΓÄ»ΓÄ»ΓÄ»ΓÄ»ΓÄ»ΓÄ»ΓÄ»ΓÄ»ΓÄ»ΓÄ»ΓÄ»ΓÄ»ΓÄ»ΓÄ»ΓÄ»ΓÄ»[48/397]ΓÄ»[22m[39m

[31m[1m[7m FAIL [27m[22m[39m ruflo/src/ruvocal/src/lib/migrations/migrations.spec.ts [2m[ 
ruflo/src/ruvocal/src/lib/migrations/migrations.spec.ts ][22m
[31m[1m[7m FAIL [27m[22m[39m ruflo/src/ruvocal/src/lib/server/isURLLocal.spec.ts [2m[ 
ruflo/src/ruvocal/src/lib/server/isURLLocal.spec.ts ][22m
[31m[1m[7m FAIL [27m[22m[39m ruflo/src/ruvocal/src/lib/utils/generationState.spec.ts [2m[ 
ruflo/src/ruvocal/src/lib/utils/generationState.spec.ts ][22m
[31m[1m[7m FAIL [27m[22m[39m ruflo/src/ruvocal/src/lib/utils/marked.spec.ts [2m[ 
ruflo/src/ruvocal/src/lib/utils/marked.spec.ts ][22m
[31m[1m[7m FAIL [27m[22m[39m ruflo/src/ruvocal/src/lib/utils/messageUpdates.spec.ts [2m[ 
ruflo/src/ruvocal/src/lib/utils/messageUpdates.spec.ts ][22m
[31m[1m[7m FAIL [27m[22m[39m ruflo/src/ruvocal/src/lib/utils/template.spec.ts [2m[ 
ruflo/src/ruvocal/src/lib/utils/template.spec.ts ][22m
[31m[1m[7m FAIL [27m[22m[39m ruflo/src/ruvocal/src/lib/utils/toolProgress.spec.ts [2m[ 
ruflo/src/ruvocal/src/lib/utils/toolProgress.spec.ts ][22m
[31m[1m[7m FAIL [27m[22m[39m ruflo/src/ruvocal/src/lib/components/chat/MarkdownRenderer.svelte.test.ts 
[2m[ ruflo/src/ruvocal/src/lib/components/chat/MarkdownRenderer.svelte.test.ts ][22m
[31m[1m[7m FAIL [27m[22m[39m 
ruflo/src/ruvocal/src/lib/migrations/routines/09-delete-empty-conversations.spec.ts [2m[ 
ruflo/src/ruvocal/src/lib/migrations/routines/09-delete-empty-conversations.spec.ts ][22m
[31m[1m[7m FAIL [27m[22m[39m 
ruflo/src/ruvocal/src/lib/server/__tests__/conversation-stop-generating.spec.ts [2m[ 
ruflo/src/ruvocal/src/lib/server/__tests__/conversation-stop-generating.spec.ts ][22m
[31m[1m[7m FAIL [27m[22m[39m ruflo/src/ruvocal/src/lib/utils/tree/addChildren.spec.ts [2m[ 
ruflo/src/ruvocal/src/lib/utils/tree/addChildren.spec.ts ][22m
[31m[1m[7m FAIL [27m[22m[39m ruflo/src/ruvocal/src/lib/utils/tree/addSibling.spec.ts [2m[ 
ruflo/src/ruvocal/src/lib/utils/tree/addSibling.spec.ts ][22m
[31m[1m[7m FAIL [27m[22m[39m ruflo/src/ruvocal/src/lib/utils/tree/buildSubtree.spec.ts [2m[ 
ruflo/src/ruvocal/src/lib/utils/tree/buildSubtree.spec.ts ][22m
[31m[1m[7m FAIL [27m[22m[39m ruflo/src/ruvocal/src/lib/utils/tree/convertLegacyConversation.spec.ts [2m[ 
ruflo/src/ruvocal/src/lib/utils/tree/convertLegacyConversation.spec.ts ][22m
[31m[1m[7m FAIL [27m[22m[39m ruflo/src/ruvocal/src/lib/utils/tree/isMessageId.spec.ts [2m[ 
ruflo/src/ruvocal/src/lib/utils/tree/isMessageId.spec.ts ][22m
[31m[1m[7m FAIL [27m[22m[39m ruflo/src/ruvocal/src/lib/utils/tree/treeHelpers.spec.ts [2m[ 
ruflo/src/ruvocal/src/lib/utils/tree/treeHelpers.spec.ts ][22m
[31m[1m[7m FAIL [27m[22m[39m ruflo/src/ruvocal/src/routes/login/callback/updateUser.spec.ts [2m[ 
ruflo/src/ruvocal/src/routes/login/callback/updateUser.spec.ts ][22m
[31m[1m[7m FAIL [27m[22m[39m ruflo/src/ruvocal/src/lib/server/api/__tests__/conversations-id.spec.ts [2m[ 
ruflo/src/ruvocal/src/lib/server/api/__tests__/conversations-id.spec.ts ][22m
[31m[1m[7m FAIL [27m[22m[39m ruflo/src/ruvocal/src/lib/server/api/__tests__/conversations-message.spec.ts 
[2m[ ruflo/src/ruvocal/src/lib/server/api/__tests__/conversations-message.spec.ts ][22m
[31m[1m[7m FAIL [27m[22m[39m ruflo/src/ruvocal/src/lib/server/api/__tests__/conversations.spec.ts [2m[ 
ruflo/src/ruvocal/src/lib/server/api/__tests__/conversations.spec.ts ][22m
[31m[1m[7m FAIL [27m[22m[39m ruflo/src/ruvocal/src/lib/server/api/__tests__/misc.spec.ts [2m[ 
ruflo/src/ruvocal/src/lib/server/api/__tests__/misc.spec.ts ][22m
[31m[1m[7m FAIL [27m[22m[39m ruflo/src/ruvocal/src/lib/server/api/__tests__/user-reports.spec.ts [2m[ 
ruflo/src/ruvocal/src/lib/server/api/__tests__/user-reports.spec.ts ][22m
[31m[1m[7m FAIL [27m[22m[39m ruflo/src/ruvocal/src/lib/server/api/__tests__/user.spec.ts [2m[ 
ruflo/src/ruvocal/src/lib/server/api/__tests__/user.spec.ts ][22m
[31m[1mError[22m: failed to resolve "extends":"./.svelte-kit/tsconfig.json" in 
C:\Users\saima\Desktop\code\ruflo_project\ruflo\src\ruvocal\tsconfig.json[39m
[90m [2mΓ¥»[22m resolveExtends node_modules/vite/dist/node/chunks/dep-BK3b2jBa.js:[2m18845:8[22m[39m
[90m [2mΓ¥»[22m parseExtends node_modules/vite/dist/node/chunks/dep-BK3b2jBa.js:[2m18780:24[22m[39m
[90m [2mΓ¥»[22m getParsedDeep node_modules/vite/dist/node/chunks/dep-BK3b2jBa.js:[2m18662:4[22m[39m
[90m [2mΓ¥»[22m parse$e node_modules/vite/dist/node/chunks/dep-BK3b2jBa.js:[2m18635:13[22m[39m
[90m [2mΓ¥»[22m loadTsconfigJsonForFile 
node_modules/vite/dist/node/chunks/dep-BK3b2jBa.js:[2m19433:20[22m[39m
[90m [2mΓ¥»[22m transformWithEsbuild node_modules/vite/dist/node/chunks/dep-BK3b2jBa.js:[2m19194:30[22m[39m
[90m [2mΓ¥»[22m TransformPluginContext.transform 
node_modules/vite/dist/node/chunks/dep-BK3b2jBa.js:[2m19297:24[22m[39m
[90m [2mΓ¥»[22m PluginContainer.transform 
node_modules/vite/dist/node/chunks/dep-BK3b2jBa.js:[2m49099:18[22m[39m
[90m [2mΓ¥»[22m loadAndTransform node_modules/vite/dist/node/chunks/dep-BK3b2jBa.js:[2m51978:27[22m[39m

[31m[1mCaused by: Error[22m: Cannot find module './.svelte-kit/tsconfig.json'
Require stack:
- C:\Users\saima\Desktop\code\ruflo_project\ruflo\src\ruvocal\tsconfig.json[39m
[90m [2mΓ¥»[22m resolveExtends node_modules/vite/dist/node/chunks/dep-BK3b2jBa.js:[2m18833:14[22m[39m
[90m [2mΓ¥»[22m parseExtends node_modules/vite/dist/node/chunks/dep-BK3b2jBa.js:[2m18780:24[22m[39m
[90m [2mΓ¥»[22m getParsedDeep node_modules/vite/dist/node/chunks/dep-BK3b2jBa.js:[2m18662:4[22m[39m
[90m [2mΓ¥»[22m parse$e node_modules/vite/dist/node/chunks/dep-BK3b2jBa.js:[2m18635:13[22m[39m
[90m [2mΓ¥»[22m loadTsconfigJsonForFile 
node_modules/vite/dist/node/chunks/dep-BK3b2jBa.js:[2m19433:20[22m[39m
[90m [2mΓ¥»[22m transformWithEsbuild node_modules/vite/dist/node/chunks/dep-BK3b2jBa.js:[2m19194:30[22m[39m
[90m [2mΓ¥»[22m TransformPluginContext.transform 
node_modules/vite/dist/node/chunks/dep-BK3b2jBa.js:[2m19297:24[22m[39m
[90m [2mΓ¥»[22m PluginContainer.transform 
node_modules/vite/dist/node/chunks/dep-BK3b2jBa.js:[2m49099:18[22m[39m

[31m[2mΓÄ»ΓÄ»ΓÄ»ΓÄ»ΓÄ»ΓÄ»ΓÄ»ΓÄ»ΓÄ»ΓÄ»ΓÄ»ΓÄ»ΓÄ»ΓÄ»ΓÄ»ΓÄ»ΓÄ»ΓÄ»ΓÄ»ΓÄ»ΓÄ»[49/397]ΓÄ»[22m[39m

[31m[1m[7m FAIL [27m[22m[39m v2/examples/05-swarm-apps/rest-api-advanced/tests/integration/auth.test.js 
[2m[ v2/examples/05-swarm-apps/rest-api-advanced/tests/integration/auth.test.js ][22m
[31m[1mError[22m: Cannot find module 'supertest'
Require stack:
- C:\Users\saima\Desktop\code\ruflo_project\v2\examples\05-swarm-apps\rest-api-advanced\tests\integration\auth.te
st.js[39m
[90m [2mΓ¥»[22m TracingChannel.traceSync node:diagnostics_channel:[2m322:14[22m[39m
[36m [2mΓ¥»[22m v2/examples/05-swarm-apps/rest-api-advanced/tests/integration/auth.test.js:[2m1:17[22m[39m
    [90m  1| [39m[35mconst[39m request [33m=[39m [34mrequire[39m([32m'supertest'[39m)[33m;[39m
    [90m   | [39m                [31m^[39m
    [90m  2| [39m[35mconst[39m app [33m=[39m [34mrequire[39m([32m'../../server'[39m)[33m;[39m
    [90m  3| [39m[35mconst[39m [33mUser[39m [33m=[39m 
[34mrequire[39m([32m'../../src/models/User'[39m)[33m;[39m

[31m[2mΓÄ»ΓÄ»ΓÄ»ΓÄ»ΓÄ»ΓÄ»ΓÄ»ΓÄ»ΓÄ»ΓÄ»ΓÄ»ΓÄ»ΓÄ»ΓÄ»ΓÄ»ΓÄ»ΓÄ»ΓÄ»ΓÄ»ΓÄ»ΓÄ»ΓÄ»ΓÄ»ΓÄ»ΓÄ»ΓÄ»ΓÄ»ΓÄ»ΓÄ»ΓÄ»[22m[39m
[31m[1mSerialized Error:[22m[39m [90m{ code: 'MODULE_NOT_FOUND', requireStack: [ 'C:\Users\saima\Desktop\cod
e\ruflo_project\v2\examples\05-swarm-apps\rest-api-advanced\tests\integration\auth.test.js' ] }[39m
[31m[2mΓÄ»ΓÄ»ΓÄ»ΓÄ»ΓÄ»ΓÄ»ΓÄ»ΓÄ»ΓÄ»ΓÄ»ΓÄ»ΓÄ»ΓÄ»ΓÄ»ΓÄ»ΓÄ»ΓÄ»ΓÄ»ΓÄ»ΓÄ»ΓÄ»[50/397]ΓÄ»[22m[39m

[31m[1m[7m FAIL [27m[22m[39m v2/examples/05-swarm-apps/rest-api-advanced/tests/integration/orders.test.js 
[2m[ v2/examples/05-swarm-apps/rest-api-advanced/tests/integration/orders.test.js ][22m
[31m[1mError[22m: Cannot find module 'supertest'
Require stack:
- C:\Users\saima\Desktop\code\ruflo_project\v2\examples\05-swarm-apps\rest-api-advanced\tests\integration\orders.
test.js[39m
[90m [2mΓ¥»[22m TracingChannel.traceSync node:diagnostics_channel:[2m322:14[22m[39m
[36m [2mΓ¥»[22m 
v2/examples/05-swarm-apps/rest-api-advanced/tests/integration/orders.test.js:[2m1:17[22m[39m
    [90m  1| [39m[35mconst[39m request [33m=[39m [34mrequire[39m([32m'supertest'[39m)[33m;[39m
    [90m   | [39m                [31m^[39m
    [90m  2| [39m[35mconst[39m app [33m=[39m [34mrequire[39m([32m'../../server'[39m)[33m;[39m
    [90m  3| [39m[35mconst[39m [33mUser[39m [33m=[39m 
[34mrequire[39m([32m'../../src/models/User'[39m)[33m;[39m

[31m[2mΓÄ»ΓÄ»ΓÄ»ΓÄ»ΓÄ»ΓÄ»ΓÄ»ΓÄ»ΓÄ»ΓÄ»ΓÄ»ΓÄ»ΓÄ»ΓÄ»ΓÄ»ΓÄ»ΓÄ»ΓÄ»ΓÄ»ΓÄ»ΓÄ»ΓÄ»ΓÄ»ΓÄ»ΓÄ»ΓÄ»ΓÄ»ΓÄ»ΓÄ»ΓÄ»[22m[39m
[31m[1mSerialized Error:[22m[39m [90m{ code: 'MODULE_NOT_FOUND', requireStack: [ 'C:\Users\saima\Desktop\cod
e\ruflo_project\v2\examples\05-swarm-apps\rest-api-advanced\tests\integration\orders.test.js' ] }[39m
[31m[2mΓÄ»ΓÄ»ΓÄ»ΓÄ»ΓÄ»ΓÄ»ΓÄ»ΓÄ»ΓÄ»ΓÄ»ΓÄ»ΓÄ»ΓÄ»ΓÄ»ΓÄ»ΓÄ»ΓÄ»ΓÄ»ΓÄ»ΓÄ»ΓÄ»[51/397]ΓÄ»[22m[39m

[31m[1m[7m FAIL [27m[22m[39m 
v2/examples/05-swarm-apps/rest-api-advanced/tests/integration/products.test.js [2m[ 
v2/examples/05-swarm-apps/rest-api-advanced/tests/integration/products.test.js ][22m
[31m[1mError[22m: Cannot find module 'supertest'
Require stack:
- C:\Users\saima\Desktop\code\ruflo_project\v2\examples\05-swarm-apps\rest-api-advanced\tests\integration\product
s.test.js[39m
[90m [2mΓ¥»[22m TracingChannel.traceSync node:diagnostics_channel:[2m322:14[22m[39m
[36m [2mΓ¥»[22m 
v2/examples/05-swarm-apps/rest-api-advanced/tests/integration/products.test.js:[2m1:17[22m[39m
    [90m  1| [39m[35mconst[39m request [33m=[39m [34mrequire[39m([32m'supertest'[39m)[33m;[39m
    [90m   | [39m                [31m^[39m
    [90m  2| [39m[35mconst[39m app [33m=[39m [34mrequire[39m([32m'../../server'[39m)[33m;[39m
    [90m  3| [39m[35mconst[39m [33mUser[39m [33m=[39m 
[34mrequire[39m([32m'../../src/models/User'[39m)[33m;[39m

[31m[2mΓÄ»ΓÄ»ΓÄ»ΓÄ»ΓÄ»ΓÄ»ΓÄ»ΓÄ»ΓÄ»ΓÄ»ΓÄ»ΓÄ»ΓÄ»ΓÄ»ΓÄ»ΓÄ»ΓÄ»ΓÄ»ΓÄ»ΓÄ»ΓÄ»ΓÄ»ΓÄ»ΓÄ»ΓÄ»ΓÄ»ΓÄ»ΓÄ»ΓÄ»ΓÄ»[22m[39m
[31m[1mSerialized Error:[22m[39m [90m{ code: 'MODULE_NOT_FOUND', requireStack: [ 'C:\Users\saima\Desktop\cod
e\ruflo_project\v2\examples\05-swarm-apps\rest-api-advanced\tests\integration\products.test.js' ] }[39m
[31m[2mΓÄ»ΓÄ»ΓÄ»ΓÄ»ΓÄ»ΓÄ»ΓÄ»ΓÄ»ΓÄ»ΓÄ»ΓÄ»ΓÄ»ΓÄ»ΓÄ»ΓÄ»ΓÄ»ΓÄ»ΓÄ»ΓÄ»ΓÄ»ΓÄ»[52/397]ΓÄ»[22m[39m

[31m[1m[7m FAIL [27m[22m[39m v2/examples/05-swarm-apps/rest-api-advanced/tests/unit/auth.service.test.js 
[2m[ v2/examples/05-swarm-apps/rest-api-advanced/tests/unit/auth.service.test.js ][22m
[31m[1mError[22m: Cannot find module 'mongoose'
Require stack:
- C:\Users\saima\Desktop\code\ruflo_project\v2\examples\05-swarm-apps\rest-api-advanced\src\models\User.js
- C:\Users\saima\Desktop\code\ruflo_project\v2\examples\05-swarm-apps\rest-api-advanced\src\services\auth.service
.js
- C:\Users\saima\Desktop\code\ruflo_project\v2\examples\05-swarm-apps\rest-api-advanced\tests\unit\auth.service.t
est.js[39m
[90m [2mΓ¥»[22m TracingChannel.traceSync node:diagnostics_channel:[2m322:14[22m[39m
[90m [2mΓ¥»[22m Object.<anonymous> 
v2/examples/05-swarm-apps/rest-api-advanced/src/models/User.js:[2m1:18[22m[39m

[31m[2mΓÄ»ΓÄ»ΓÄ»ΓÄ»ΓÄ»ΓÄ»ΓÄ»ΓÄ»ΓÄ»ΓÄ»ΓÄ»ΓÄ»ΓÄ»ΓÄ»ΓÄ»ΓÄ»ΓÄ»ΓÄ»ΓÄ»ΓÄ»ΓÄ»ΓÄ»ΓÄ»ΓÄ»ΓÄ»ΓÄ»ΓÄ»ΓÄ»ΓÄ»ΓÄ»[22m[39m
[31m[1mSerialized Error:[22m[39m [90m{ code: 'MODULE_NOT_FOUND', requireStack: [ 
'C:\Users\saima\Desktop\code\ruflo_project\v2\examples\05-swarm-apps\rest-api-advanced\src\models\User.js', 'C:\U
sers\saima\Desktop\code\ruflo_project\v2\examples\05-swarm-apps\rest-api-advanced\src\services\auth.service.js', 
'C:\Users\saima\Desktop\code\ruflo_project\v2\examples\05-swarm-apps\rest-api-advanced\tests\unit\auth.service.te
st.js' ] }[39m
[31m[2mΓÄ»ΓÄ»ΓÄ»ΓÄ»ΓÄ»ΓÄ»ΓÄ»ΓÄ»ΓÄ»ΓÄ»ΓÄ»ΓÄ»ΓÄ»ΓÄ»ΓÄ»ΓÄ»ΓÄ»ΓÄ»ΓÄ»ΓÄ»ΓÄ»[53/397]ΓÄ»[22m[39m

[31m[1m[7m FAIL [27m[22m[39m ruflo/src/ruvocal/src/lib/server/database/__tests__/rvf.spec.ts [2m[ 
ruflo/src/ruvocal/src/lib/server/database/__tests__/rvf.spec.ts ][22m
[31m[1mError[22m: failed to resolve "extends":"./.svelte-kit/tsconfig.json" in 
C:\Users\saima\Desktop\code\ruflo_project\ruflo\src\ruvocal\tsconfig.json[39m
[90m [2mΓ¥»[22m resolveExtends node_modules/vite/dist/node/chunks/dep-BK3b2jBa.js:[2m18845:8[22m[39m
[90m [2mΓ¥»[22m parseExtends node_modules/vite/dist/node/chunks/dep-BK3b2jBa.js:[2m18780:24[22m[39m
[90m [2mΓ¥»[22m parse$e node_modules/vite/dist/node/chunks/dep-BK3b2jBa.js:[2m18638:23[22m[39m
[90m [2mΓ¥»[22m loadTsconfigJsonForFile 
node_modules/vite/dist/node/chunks/dep-BK3b2jBa.js:[2m19433:20[22m[39m
[90m [2mΓ¥»[22m transformWithEsbuild node_modules/vite/dist/node/chunks/dep-BK3b2jBa.js:[2m19194:30[22m[39m
[90m [2mΓ¥»[22m TransformPluginContext.transform 
node_modules/vite/dist/node/chunks/dep-BK3b2jBa.js:[2m19297:24[22m[39m
[90m [2mΓ¥»[22m PluginContainer.transform 
node_modules/vite/dist/node/chunks/dep-BK3b2jBa.js:[2m49099:18[22m[39m
[90m [2mΓ¥»[22m loadAndTransform node_modules/vite/dist/node/chunks/dep-BK3b2jBa.js:[2m51978:27[22m[39m

[31m[1mCaused by: Error[22m: Cannot find module './.svelte-kit/tsconfig.json'
Require stack:
- C:\Users\saima\Desktop\code\ruflo_project\ruflo\src\ruvocal\tsconfig.json[39m
[90m [2mΓ¥»[22m resolveExtends node_modules/vite/dist/node/chunks/dep-BK3b2jBa.js:[2m18833:14[22m[39m
[90m [2mΓ¥»[22m parseExtends node_modules/vite/dist/node/chunks/dep-BK3b2jBa.js:[2m18780:24[22m[39m
[90m [2mΓ¥»[22m parse$e node_modules/vite/dist/node/chunks/dep-BK3b2jBa.js:[2m18638:23[22m[39m
[90m [2mΓ¥»[22m loadTsconfigJsonForFile 
node_modules/vite/dist/node/chunks/dep-BK3b2jBa.js:[2m19433:20[22m[39m
[90m [2mΓ¥»[22m transformWithEsbuild node_modules/vite/dist/node/chunks/dep-BK3b2jBa.js:[2m19194:30[22m[39m
[90m [2mΓ¥»[22m TransformPluginContext.transform 
node_modules/vite/dist/node/chunks/dep-BK3b2jBa.js:[2m19297:24[22m[39m
[90m [2mΓ¥»[22m PluginContainer.transform 
node_modules/vite/dist/node/chunks/dep-BK3b2jBa.js:[2m49099:18[22m[39m
[90m [2mΓ¥»[22m loadAndTransform node_modules/vite/dist/node/chunks/dep-BK3b2jBa.js:[2m51978:27[22m[39m

[31m[2mΓÄ»ΓÄ»ΓÄ»ΓÄ»ΓÄ»ΓÄ»ΓÄ»ΓÄ»ΓÄ»ΓÄ»ΓÄ»ΓÄ»ΓÄ»ΓÄ»ΓÄ»ΓÄ»ΓÄ»ΓÄ»ΓÄ»ΓÄ»ΓÄ»[54/397]ΓÄ»[22m[39m

[31mΓÄ»ΓÄ»ΓÄ»ΓÄ»ΓÄ»ΓÄ»[1m[7m Failed Tests 242 [27m[22mΓÄ»ΓÄ»ΓÄ»ΓÄ»ΓÄ»ΓÄ»[39m

[31m[1m[7m FAIL [27m[22m[39m v3/__tests__/honesty/tool-honesty.test.ts[2m > [22mTool Honesty 
(v3.5.56-57)[2m > [22msystem_reset uses real OS values[2m > [22mshould use os.loadavg() for cpu in the reset 
handler
[31m[1mAssertionError[22m: expected 'name: \'system_reset\',\r\n    descriΓÇª' to contain 'os.totalmem()'[39m

[32m- Expected[39m
[31m+ Received[39m

[32m- os.totalmem()[39m
[31m+ name: 'system_reset',
[39m
[31m+     description: 'Reset system state',
[39m
[31m+     category: 'system',
[39m
[31m+     inputSchema: {
[39m
[31m+       type: 'object',
[39m
[31m+       properties: {
[39m
[31m+         component: { type: 'string', description: 'Component to reset (all, metrics, agents, tasks)' },
[39m
[31m+         confirm: { type: 'boolean', description: 'Confirm reset' },
[39m
[31m+       },
[39m
[31m+       required: ['confirm'],
[39m
[31m+     },
[39m
[31m+     handler: async (input) => {
[39m
[31m+       if (!input.confirm) {
[39m
[31m+         return { success: false, error: 'Reset requires confirmation' };
[39m
[31m+       }
[39m
[31m+ 
[39m
[31m+       if (input.component) { const v = validateIdentifier(input.component, 'component'); if (!v.valid) 
return { success: false, error: v.error }; }
[39m
[31m+       const component = (input.component as string) || 'metrics';
[39m
[31m+ 
[39m
[31m+       // Reset metrics to defaults
[39m
[31m+       const defaultMetrics: SystemMetrics = {
[39m
[31m+         startTime: new Date().toISOString(),
[39m
[31m+         lastCheck: new Date().toISOString(),
[39m
[31m+         uptime: 0,
[39m
[31m+         health: 1.0,
[39m
[31m+         cpu: os.loadavg()[0] * 100 / os.cpus[39m

[36m [2mΓ¥»[22m v3/__tests__/honesty/tool-honesty.test.ts:[2m174:30[22m[39m
    [90m172| [39m      [90m// Should use real os functions, not hardcoded values[39m
    [90m173| [39m      
[34mexpect[39m(handlerSection)[33m.[39m[34mtoContain[39m([32m'os.loadavg()'[39m)[33m;[39m
    [90m174| [39m      
[34mexpect[39m(handlerSection)[33m.[39m[34mtoContain[39m([32m'os.totalmem()'[39m)[33m;[39m
    [90m   | [39m                             [31m^[39m
    [90m175| [39m      
[34mexpect[39m(handlerSection)[33m.[39m[34mtoContain[39m([32m'os.freemem()'[39m)[33m;[39m
    [90m176| [39m

[31m[2mΓÄ»ΓÄ»ΓÄ»ΓÄ»ΓÄ»ΓÄ»ΓÄ»ΓÄ»ΓÄ»ΓÄ»ΓÄ»ΓÄ»ΓÄ»ΓÄ»ΓÄ»ΓÄ»ΓÄ»ΓÄ»ΓÄ»ΓÄ»ΓÄ»[55/397]ΓÄ»[22m[39m

[31m[1m[7m FAIL [27m[22m[39m v3/__tests__/honesty/tool-honesty.test.ts[2m > [22mTool Honesty 
(v3.5.56-57)[2m > [22msystem_reset uses real OS values[2m > [22mshould use os.totalmem() and os.freemem() 
for memory values
[31m[1mAssertionError[22m: expected 'name: \'system_reset\',\r\n    descriΓÇª' to contain 'os.totalmem()'[39m

[32m- Expected[39m
[31m+ Received[39m

[32m- os.totalmem()[39m
[31m+ name: 'system_reset',
[39m
[31m+     description: 'Reset system state',
[39m
[31m+     category: 'system',
[39m
[31m+     inputSchema: {
[39m
[31m+       type: 'object',
[39m
[31m+       properties: {
[39m
[31m+         component: { type: 'string', description: 'Component to reset (all, metrics, agents, tasks)' },
[39m
[31m+         confirm: { type: 'boolean', description: 'Confirm reset' },
[39m
[31m+       },
[39m
[31m+       required: ['confirm'],
[39m
[31m+     },
[39m
[31m+     handler: async (input) => {
[39m
[31m+       if (!input.confirm) {
[39m
[31m+         return { success: false, error: 'Reset requires confirmation' };
[39m
[31m+       }
[39m
[31m+ 
[39m
[31m+       if (input.component) { const v = validateIdentifier(input.component, 'component'); if (!v.valid) 
return { success: false, error: v.error }; }
[39m
[31m+       const component = (input.component as string) || 'metrics';
[39m
[31m+ 
[39m
[31m+       // Reset metrics to defaults
[39m
[31m+       const defaultMetrics: SystemMetrics = {
[39m
[31m+         startTime: new Date().toISOString(),
[39m
[31m+         lastCheck: new Date().toISOString(),
[39m
[31m+         uptime: 0,
[39m
[31m+         health: 1.0,
[39m
[31m+         cpu: os.loadavg()[0] * 100 / os.cpus[39m

[36m [2mΓ¥»[22m v3/__tests__/honesty/tool-honesty.test.ts:[2m188:30[22m[39m
    [90m186| [39m
    [90m187| [39m      [90m// Verify memory is computed from os module[39m
    [90m188| [39m      
[34mexpect[39m(handlerSection)[33m.[39m[34mtoContain[39m([32m'os.totalmem()'[39m)[33m;[39m
    [90m   | [39m                             [31m^[39m
    [90m189| [39m      
[34mexpect[39m(handlerSection)[33m.[39m[34mtoContain[39m([32m'os.freemem()'[39m)[33m;[39m
    [90m190| [39m      
[34mexpect[39m(handlerSection)[33m.[39m[34mtoContain[39m([32m'Math.round'[39m)[33m;[39m

[31m[2mΓÄ»ΓÄ»ΓÄ»ΓÄ»ΓÄ»ΓÄ»ΓÄ»ΓÄ»ΓÄ»ΓÄ»ΓÄ»ΓÄ»ΓÄ»ΓÄ»ΓÄ»ΓÄ»ΓÄ»ΓÄ»ΓÄ»ΓÄ»ΓÄ»[56/397]ΓÄ»[22m[39m

[31m[1m[7m FAIL [27m[22m[39m v3/__tests__/honesty/tool-honesty.test.ts[2m > [22mTool Honesty 
(v3.5.56-57)[2m > [22mhooks_intelligence_attention fallback[2m > [22mshould return empty results array when 
no backend is available
[31m[1mAssertionError[22m: expected 'name: \'hooks_intelligence_attention\ΓÇª' to contain 'implementation = 
\'none\''[39m

[32m- Expected[39m
[31m+ Received[39m

[32m- implementation = 'none'[39m
[31m+ name: 'hooks_intelligence_attention',
[39m
[31m+   description: 'Compute attention-weighted similarity using MoE/Flash/Hyperbolic',
[39m
[31m+   inputSchema: {
[39m
[31m+     type: 'object',
[39m
[31m+     properties: {
[39m
[31m+       query: { type: 'string', description: 'Query for attention computation' },
[39m
[31m+       mode: { type: 'string', description: 'Attention mode (flash, moe, hyperbolic)' },
[39m
[31m+       topK: { type: 'number', description: 'Top-k results' },
[39m
[31m+     },
[39m
[31m+     required: ['query'],
[39m
[31m+   },
[39m
[31m+   handler: async (params: Record<string, unknown>) => {
[39m
[31m+     const query = params.query as string;
[39m
[31m+     const mode = (params.mode as string) || 'flash';
[39m
[31m+     const topK = (params.topK as number) || 5;
[39m
[31m+     const startTime = performance.now();
[39m
[31m+ 
[39m
[31m+     { const v = validateText(query, 'query'); if (!v.valid) return { success: false, error: v.error }; }
[39m
[31m+ 
[39m
[31m+     let implementation = 'placeholder';
[39m
[31m+     let embeddingSource: 'onnx' | 'hash-fallback' | 'none' = 'none';
[39m
[31m+     const results: Array<{ index: number; weight: number; pattern: string; expert?: string }> = [];
[39m
[31m+ 
[39m
[31m+     // Helper: generate query embedding, preferring real ONNX embeddings over hash fallback
[39m
[31m+     async function getQueryEmbedding(text: string, dims: number): Promise<{ embedding: Float32Array; 
source: 'onnx' | 'hash-fallback' }> {
[39m
[31m+       // Try ONNX via @claude-flow/embeddings
[39m
[31m+       try {
[39m
[31m+         const embeddingsModule = await import('@claude-flow/embeddings').catch(() => null);
[39m
[31m+         if (embeddingsModule?.createEmbeddingService) {
[39m
[31m+           const service = embeddingsModule.createEmbeddingService({ provider: 'onnx' });
[39m
[31m+           const result = await service.embed(text);
[39m
[31m+           const arr = new Float32Array(dims);
[39m
[31m+           for (let i = 0; i < Math.min(dims, result.embedding.length); i++) {
[39m
[31m+             arr[i] = result.embedding[i];
[39m
[31m+           }
[39m
[31m+           return { embedding: arr, source: 'onnx' };
[39m
[31m+         }
[39m
[31m+       } catch {
[39m
[31m+         // ONNX not available, try agentic-flow
[39m
[31m+       }
[39m
[31m+ 
[39m
[31m+       // Try agentic-flow embeddings
[39m
[31m+       try {
[39m
[31m+         const embeddingsModule = await import('@claude-flow/embeddings').catch(() => null);
[39m
[31m+         if (embeddingsModule?.createEmbeddingService) {
[39m
[31m+           const service = embeddingsModule.createEmbeddingService({ provider: 'agentic-flow' });
[39m
[31m+           const result = await service.embed(text);
[39m
[31m+           const arr = new Float32Array(dims);
[39m
[31m+           for (let i = 0; i < Math.min(dims, result.embedding.length); i++) {
[39m
[31m+             arr[i] = result.embedding[i];
[39m
[31m+           }
[39m
[31m+           return { embedding: arr, source: 'onnx' };
[39m
[31m+         }
[39m
[31m+       } catch {
[39m
[31m+         // agentic-flow not available
[39m
[31m+       }
[39m
[31m+ 
[39m
[31m+       // Hash-based fallback (deterministic but not semantic)
[39m
[31m+       const arr = new Float32Array(dims);
[39m
[31m+       let seed = text.split('').reduce((acc, char, i) => acc + char.charCodeAt(0) * (i + 1), 0);
[39m
[31m+       for (let i = 0; i < dims; i++) {
[39m
[31m+         seed = (seed * 1103515245 + 12345) & 0x7fffffff;
[39m
[31m+         arr[i] = (seed / 0x7fffffff) * 2 - 1;
[39m
[31m+       }
[39m
[31m+       return { embedding: arr, source: 'hash-fallback' };
[39m
[31m+     }
[39m
[31m+ 
[39m
[31m+     if (mode === 'moe') {
[39m
[31m+       // Try MoE routing
[39m
[31m+       const moe = await getMoERouter();
[39m
[31m+       if (moe) {
[39m
[31m+         try {
[39m
[31m+           const embResult = await getQueryEmbedding(query, 384);
[39m
[31m+           embeddingSource = embResult.source;
[39m
[31m+ 
[39m
[31m+           const routingResult = moe.route(embResult.embedding);
[39m
[31m+           for (let i = 0; i < Math.min(topK, routingResult.experts.length); i++) {
[39m
[31m+             const expert = routingResult.experts[i];
[39m
[31m+             results.push({
[39m
[31m+               index: i,
[39m
[31m+               weight: expert.weight,
[39m
[31m+               pattern: `Expert: ${expert.name}`,
[39m
[31m+               expert: expert.name,
[39m
[31m+             });
[39m
[31m+           }
[39m
[31m+           implementation = 'real-moe-router';
[39m
[31m+         } catch {
[39m
[31m+           // Fall back to placeholder
[39m
[31m+         }
[39m
[31m+       }
[39m
[31m+     } else if (mode === 'flash') {
[39m
[31m+       // Try Flash Attention
[39m
[31m+       const flash = await getFlashAttention();
[39m
[31m+       if (flash) {
[39m
[31m+         try {
[39m
[31m+           const embResult = await getQueryEmbeddi[39m

[36m [2mΓ¥»[22m v3/__tests__/honesty/tool-honesty.test.ts:[2m214:30[22m[39m
    [90m212| [39m
    [90m213| [39m      [90m// When no real implementation worked, results should be empty[39m
    [90m214| [39m      [34mexpect[39m(handlerSection)[33m.[39m[34mtoContain[39m([32m"implementation = 
'none'"[39m)[33m;[39m
    [90m   | [39m                             [31m^[39m
    [90m215| [39m
    [90m216| [39m      [90m// Should NOT fabricate fake weights with Math.exp[39m

[31m[2mΓÄ»ΓÄ»ΓÄ»ΓÄ»ΓÄ»ΓÄ»ΓÄ»ΓÄ»ΓÄ»ΓÄ»ΓÄ»ΓÄ»ΓÄ»ΓÄ»ΓÄ»ΓÄ»ΓÄ»ΓÄ»ΓÄ»ΓÄ»ΓÄ»[57/397]ΓÄ»[22m[39m

[31m[1m[7m FAIL [27m[22m[39m v3/__tests__/honesty/tool-honesty.test.ts[2m > [22mTool Honesty 
(v3.5.56-57)[2m > [22mhooks_intelligence_attention fallback[2m > [22mshould mark _stub as true when no 
backend is available
[31m[1mAssertionError[22m: expected 'name: \'hooks_intelligence_attention\ΓÇª' to contain '_stub: 
implementation === \'none\''[39m

[32m- Expected[39m
[31m+ Received[39m

[32m- _stub: implementation === 'none'[39m
[31m+ name: 'hooks_intelligence_attention',
[39m
[31m+   description: 'Compute attention-weighted similarity using MoE/Flash/Hyperbolic',
[39m
[31m+   inputSchema: {
[39m
[31m+     type: 'object',
[39m
[31m+     properties: {
[39m
[31m+       query: { type: 'string', description: 'Query for attention computation' },
[39m
[31m+       mode: { type: 'string', description: 'Attention mode (flash, moe, hyperbolic)' },
[39m
[31m+       topK: { type: 'number', description: 'Top-k results' },
[39m
[31m+     },
[39m
[31m+     required: ['query'],
[39m
[31m+   },
[39m
[31m+   handler: async (params: Record<string, unknown>) => {
[39m
[31m+     const query = params.query as string;
[39m
[31m+     const mode = (params.mode as string) || 'flash';
[39m
[31m+     const topK = (params.topK as number) || 5;
[39m
[31m+     const startTime = performance.now();
[39m
[31m+ 
[39m
[31m+     { const v = validateText(query, 'query'); if (!v.valid) return { success: false, error: v.error }; }
[39m
[31m+ 
[39m
[31m+     let implementation = 'placeholder';
[39m
[31m+     let embeddingSource: 'onnx' | 'hash-fallback' | 'none' = 'none';
[39m
[31m+     const results: Array<{ index: number; weight: number; pattern: string; expert?: string }> = [];
[39m
[31m+ 
[39m
[31m+     // Helper: generate query embedding, preferring real ONNX embeddings over hash fallback
[39m
[31m+     async function getQueryEmbedding(text: string, dims: number): Promise<{ embedding: Float32Array; 
source: 'onnx' | 'hash-fallback' }> {
[39m
[31m+       // Try ONNX via @claude-flow/embeddings
[39m
[31m+       try {
[39m
[31m+         const embeddingsModule = await import('@claude-flow/embeddings').catch(() => null);
[39m
[31m+         if (embeddingsModule?.createEmbeddingService) {
[39m
[31m+           const service = embeddingsModule.createEmbeddingService({ provider: 'onnx' });
[39m
[31m+           const result = await service.embed(text);
[39m
[31m+           const arr = new Float32Array(dims);
[39m
[31m+           for (let i = 0; i < Math.min(dims, result.embedding.length); i++) {
[39m
[31m+             arr[i] = result.embedding[i];
[39m
[31m+           }
[39m
[31m+           return { embedding: arr, source: 'onnx' };
[39m
[31m+         }
[39m
[31m+       } catch {
[39m
[31m+         // ONNX not available, try agentic-flow
[39m
[31m+       }
[39m
[31m+ 
[39m
[31m+       // Try agentic-flow embeddings
[39m
[31m+       try {
[39m
[31m+         const embeddingsModule = await import('@claude-flow/embeddings').catch(() => null);
[39m
[31m+         if (embeddingsModule?.createEmbeddingService) {
[39m
[31m+           const service = embeddingsModule.createEmbeddingService({ provider: 'agentic-flow' });
[39m
[31m+           const result = await service.embed(text);
[39m
[31m+           const arr = new Float32Array(dims);
[39m
[31m+           for (let i = 0; i < Math.min(dims, result.embedding.length); i++) {
[39m
[31m+             arr[i] = result.embedding[i];
[39m
[31m+           }
[39m
[31m+           return { embedding: arr, source: 'onnx' };
[39m
[31m+         }
[39m
[31m+       } catch {
[39m
[31m+         // agentic-flow not available
[39m
[31m+       }
[39m
[31m+ 
[39m
[31m+       // Hash-based fallback (deterministic but not semantic)
[39m
[31m+       const arr = new Float32Array(dims);
[39m
[31m+       let seed = text.split('').reduce((acc, char, i) => acc + char.charCodeAt(0) * (i + 1), 0);
[39m
[31m+       for (let i = 0; i < dims; i++) {
[39m
[31m+         seed = (seed * 1103515245 + 12345) & 0x7fffffff;
[39m
[31m+         arr[i] = (seed / 0x7fffffff) * 2 - 1;
[39m
[31m+       }
[39m
[31m+       return { embedding: arr, source: 'hash-fallback' };
[39m
[31m+     }
[39m
[31m+ 
[39m
[31m+     if (mode === 'moe') {
[39m
[31m+       // Try MoE routing
[39m
[31m+       const moe = await getMoERouter();
[39m
[31m+       if (moe) {
[39m
[31m+         try {
[39m
[31m+           const embResult = await getQueryEmbedding(query, 384);
[39m
[31m+           embeddingSource = embResult.source;
[39m
[31m+ 
[39m
[31m+           const routingResult = moe.route(embResult.embedding);
[39m
[31m+           for (let i = 0; i < Math.min(topK, routingResult.experts.length); i++) {
[39m
[31m+             const expert = routingResult.experts[i];
[39m
[31m+             results.push({
[39m
[31m+               index: i,
[39m
[31m+               weight: expert.weight,
[39m
[31m+               pattern: `Expert: ${expert.name}`,
[39m
[31m+               expert: expert.name,
[39m
[31m+             });
[39m
[31m+           }
[39m
[31m+           implementation = 'real-moe-router';
[39m
[31m+         } catch {
[39m
[31m+           // Fall back to placeholder
[39m
[31m+         }
[39m
[31m+       }
[39m
[31m+     } else if (mode === 'flash') {
[39m
[31m+       // Try Flash Attention
[39m
[31m+       const flash = await getFlashAttention();
[39m
[31m+       if (flash) {
[39m
[31m+         try {
[39m
[31m+           const embResult = await getQueryEmbeddi[39m

[36m [2mΓ¥»[22m v3/__tests__/honesty/tool-honesty.test.ts:[2m230:30[22m[39m
    [90m228| [39m
    [90m229| [39m      [90m// The stats object should indicate stub status when implementat[39mΓÇª
    [90m230| [39m      [34mexpect[39m(handlerSection)[33m.[39m[34mtoContain[39m([32m"_stub: 
implementation === 'non[39mΓÇª
    [90m   | [39m                             [31m^[39m
    [90m231| [39m    })[33m;[39m
    [90m232| [39m

[31m[2mΓÄ»ΓÄ»ΓÄ»ΓÄ»ΓÄ»ΓÄ»ΓÄ»ΓÄ»ΓÄ»ΓÄ»ΓÄ»ΓÄ»ΓÄ»ΓÄ»ΓÄ»ΓÄ»ΓÄ»ΓÄ»ΓÄ»ΓÄ»ΓÄ»[58/397]ΓÄ»[22m[39m

[31m[1m[7m FAIL [27m[22m[39m v3/__tests__/honesty/tool-honesty.test.ts[2m > [22mTool Honesty 
(v3.5.56-57)[2m > [22mhooks_intelligence_attention fallback[2m > [22mshould not generate fake speedup claims 
when no backend is available
[31m[1mAssertionError[22m: expected 'name: \'hooks_intelligence_attention\ΓÇª' to match 
/speedup:.*implementation\.startsWith\ΓÇª/[39m

[32m- Expected:[39m 
/speedup:.*implementation\.startsWith\('real-'\)/

[31m+ Received:[39m 
"name: 'hooks_intelligence_attention',
  description: 'Compute attention-weighted similarity using MoE/Flash/Hyperbolic',
  inputSchema: {
    type: 'object',
    properties: {
      query: { type: 'string', description: 'Query for attention computation' },
      mode: { type: 'string', description: 'Attention mode (flash, moe, hyperbolic)' },
      topK: { type: 'number', description: 'Top-k results' },
    },
    required: ['query'],
  },
  handler: async (params: Record<string, unknown>) => {
    const query = params.query as string;
    const mode = (params.mode as string) || 'flash';
    const topK = (params.topK as number) || 5;
    const startTime = performance.now();

    { const v = validateText(query, 'query'); if (!v.valid) return { success: false, error: v.error }; }

    let implementation = 'placeholder';
    let embeddingSource: 'onnx' | 'hash-fallback' | 'none' = 'none';
    const results: Array<{ index: number; weight: number; pattern: string; expert?: string }> = [];

    // Helper: generate query embedding, preferring real ONNX embeddings over hash fallback
    async function getQueryEmbedding(text: string, dims: number): Promise<{ embedding: Float32Array; source: 
'onnx' | 'hash-fallback' }> {
      // Try ONNX via @claude-flow/embeddings
      try {
        const embeddingsModule = await import('@claude-flow/embeddings').catch(() => null);
        if (embeddingsModule?.createEmbeddingService) {
          const service = embeddingsModule.createEmbeddingService({ provider: 'onnx' });
          const result = await service.embed(text);
          const arr = new Float32Array(dims);
          for (let i = 0; i < Math.min(dims, result.embedding.length); i++) {
            arr[i] = result.embedding[i];
          }
          return { embedding: arr, source: 'onnx' };
        }
      } catch {
        // ONNX not available, try agentic-flow
      }

      // Try agentic-flow embeddings
      try {
        const embeddingsModule = await import('@claude-flow/embeddings').catch(() => null);
        if (embeddingsModule?.createEmbeddingService) {
          const service = embeddingsModule.createEmbeddingService({ provider: 'agentic-flow' });
          const result = await service.embed(text);
          const arr = new Float32Array(dims);
          for (let i = 0; i < Math.min(dims, result.embedding.length); i++) {
            arr[i] = result.embedding[i];
          }
          return { embedding: arr, source: 'onnx' };
        }
      } catch {
        // agentic-flow not available
      }

      // Hash-based fallback (deterministic but not semantic)
      const arr = new Float32Array(dims);
      let seed = text.split('').reduce((acc, char, i) => acc + char.charCodeAt(0) * (i + 1), 0);
      for (let i = 0; i < dims; i++) {
        seed = (seed * 1103515245 + 12345) & 0x7fffffff;
        arr[i] = (seed / 0x7fffffff) * 2 - 1;
      }
      return { embedding: arr, source: 'hash-fallback' };
    }

    if (mode === 'moe') {
      // Try MoE routing
      const moe = await getMoERouter();
      if (moe) {
        try {
          const embResult = await getQueryEmbedding(query, 384);
          embeddingSource = embResult.source;

          const routingResult = moe.route(embResult.embedding);
          for (let i = 0; i < Math.min(topK, routingResult.experts.length); i++) {
            const expert = routingResult.experts[i];
            results.push({
              index: i,
              weight: expert.weight,
              pattern: `Expert: ${expert.name}`,
              expert: expert.name,
            });
          }
          implementation = 'real-moe-router';
        } catch {
          // Fall back to placeholder
        }
      }
    } else if (mode === 'flash') {
      // Try Flash Attention
      const flash = await getFlashAttention();
      if (flash) {
        try {
          const embResult = await getQueryEmbeddi"

[36m [2mΓ¥»[22m v3/__tests__/honesty/tool-honesty.test.ts:[2m239:30[22m[39m
    [90m237| [39m
    [90m238| [39m      [90m// Speedup should be null when implementation is not real[39m
    [90m239| [39m      
[34mexpect[39m(handlerSection)[33m.[39m[34mtoMatch[39m([36m/speedup:.*implementation\.starts[39mΓÇª
    [90m   | [39m                             [31m^[39m
    [90m240| [39m    })[33m;[39m
    [90m241| [39m  })[33m;[39m

[31m[2mΓÄ»ΓÄ»ΓÄ»ΓÄ»ΓÄ»ΓÄ»ΓÄ»ΓÄ»ΓÄ»ΓÄ»ΓÄ»ΓÄ»ΓÄ»ΓÄ»ΓÄ»ΓÄ»ΓÄ»ΓÄ»ΓÄ»ΓÄ»ΓÄ»[59/397]ΓÄ»[22m[39m

[31m[1m[7m FAIL [27m[22m[39m v3/__tests__/honesty/tool-honesty.test.ts[2m > [22mTool Honesty 
(v3.5.56-57)[2m > [22mperformance_report uses real OS values[2m > [22mshould use real timing in 
performance_benchmark
[31m[1mAssertionError[22m: expected 'name: \'performance_benchmark\',\r\n ΓÇª' to contain 
'performance.now()'[39m

[32m- Expected[39m
[31m+ Received[39m

[32m- performance.now()[39m
[31m+ name: 'performance_benchmark',
[39m
[31m+     description: 'Run performance benchmarks',
[39m
[31m+     category: 'performance',
[39m
[31m+     inputSchema: {
[39m
[31m+       type: 'object',
[39m
[31m+       properties: {
[39m
[31m+         suite: { type: 'string', enum: ['all', 'memory', 'neural', 'swarm', 'io'], description: 
'Benchmark suite' },
[39m
[31m+         iterations: { type: 'number', description: 'Number of iterations' },
[39m
[31m+         warmup: { type: 'boolean', description: 'Include warmup phase' },
[39m
[31m+       },
[39m
[31m+     },
[39m
[31m+     handler: async (input) => {
[39m
[31m+       const store = loadPerfStore();
[39m
[31m+       const suite = (input.suite as string) || 'all';
[39m
[31m+       const iterations = (input.iterations as number) || 100;
[39m
[31m+       const warmup = input.warmup !== false;
[39m
[31m+ 
[39m
[31m+       // Synthetic data benchmarks ΓÇö measures actual CPU/memory throughput
[39m
[31m+       const benchmarkFunctions: Record<string, () => void> = {
[39m
[31m+         memory: () => {
[39m
[31m+           // Synthetic data benchmark ΓÇö measures actual allocation + sort throughput
[39m
[31m+           const arr = new Array(1000).fill(0).map(() => Math.random());
[39m
[31m+           arr.sort();
[39m
[31m+         },
[39m
[31m+         neural: () => {
[39m
[31m+           // Synthetic data benchmark ΓÇö measures actual matrix multiplication throughput
[39m
[31m+           const size = 64;
[39m
[31m+           const a = Array.from({ length: size }, () => Array.from({ length: size }, () => Math.random()));
[39m
[31m+           const b = Array.from({ length: size }, () => Array.from({ length: size }, () => Math.random()));
[39m
[31m+           // Simple matrix multiplication
[39m
[31m+           for (let i = 0; i < size; i++) {
[39m
[31m+             for (let j = 0; j < size; j++) {
[39m
[31m+               let sum = 0;
[39m
[31m+               for (let k = 0; k < size; k++) sum += a[i][k] * b[k][j];
[39m
[31m+             }
[39m
[31m+           }
[39m
[31m+         },
[39m
[31m+         swarm: () => {
[39m
[31m+           // Synthetic data benchmark ΓÇö measures actual object creation + manipulation throughput
[39m
[31m+           const agents = Array.from({ length: 10 }, (_, i) => ({ id: i, status: 'active', tasks: [] as 
number[] }));
[39m
[31m+           agents.forEach(a => { for (let i = 0; i < 100; i++) a.tasks.push(i); });
[39m
[31m+           agents.sort((a, b) => a.tasks.length - b.tasks.length);
[39m
[31m+         },
[39m
[31m+         io: () => {
[39m
[31m+           // Synthetic data benchmark ΓÇö measures actual JSON serialization throughput
[39m
[31m+           const data = { agents: Array.from({ length: 50 }, (_, i) => ({ id: i, name: `agent-${i}` })) };
[39m
[31m+           const json = JSON.stringify(data);
[39m
[31m+           JSON.parse(json);
[39m
[31m+         },
[39m
[31m+       };
[39m
[31m+ 
[39m
[31m+       const results: Array<{ name: string; opsPerSec: number; avgLatency: string; memoryUsage: string; 
_real: boolean; _dataSource: 'synthetic' }> = [];
[39m
[31m+       const suitesToRun = suite === 'all' ? Object.keys(benchmarkFunctions) : [suite];
[39m
[31m+ 
[39m
[31m+       // Warmup phase
[39m
[31m+       if (warmup) {
[39m
[31m+         for (const suiteName of suitesToRun) {
[39m
[31m+           const fn = benchmarkFunctions[suiteName];
[39m
[31m+           if (fn) for (let i = 0; i < 10; i++) fn();
[39m
[31m+         }
[39m
[31m+       }
[39m
[31m+ 
[39m
[31m+       // Real benchmarks with actual timing
[39m
[31m+       for (const suiteName of suitesToRun) {
[39m
[31m+         const fn = benchmarkFunctio[39m

[36m [2mΓ¥»[22m v3/__tests__/honesty/tool-honesty.test.ts:[2m360:30[22m[39m
    [90m358| [39m
    [90m359| [39m      [90m// Should use performance.now() for real timing[39m
    [90m360| [39m      
[34mexpect[39m(handlerSection)[33m.[39m[34mtoContain[39m([32m'performance.now()'[39m)[33m;[39m
    [90m   | [39m                             [31m^[39m
    [90m361| [39m      [90m// Should have a warmup phase[39m
    [90m362| [39m      
[34mexpect[39m(handlerSection)[33m.[39m[34mtoMatch[39m([36m/[Ww]armup/[39m)[33m;[39m

[31m[2mΓÄ»ΓÄ»ΓÄ»ΓÄ»ΓÄ»ΓÄ»ΓÄ»ΓÄ»ΓÄ»ΓÄ»ΓÄ»ΓÄ»ΓÄ»ΓÄ»ΓÄ»ΓÄ»ΓÄ»ΓÄ»ΓÄ»ΓÄ»ΓÄ»[60/397]ΓÄ»[22m[39m

[31m[1m[7m FAIL [27m[22m[39m v3/__tests__/integration/memory-integration.test.ts[2m > [22mMemory 
Integration Tests[2m > [22mshould persist memory across backend reinitialization
[31m[1mAssertionError[22m: expected undefined not to be undefined[39m
[36m [2mΓ¥»[22m v3/__tests__/integration/memory-integration.test.ts:[2m133:23[22m[39m
    [90m131| [39m
    [90m132| [39m    [35mconst[39m retrieved [33m=[39m [35mawait[39m 
hybridBackend[33m.[39m[34mretrieve[39m([32m'persistent-mem'[39m)[33m;[39m
    [90m133| [39m    [34mexpect[39m(retrieved)[33m.[39m[34mtoBeDefined[39m()[33m;[39m
    [90m   | [39m                      [31m^[39m
    [90m134| [39m    
[34mexpect[39m(retrieved[33m?.[39mcontent)[33m.[39m[34mtoBe[39m(memory[33m.[39mcontent)[33m;[39m
    [90m135| [39m  })[33m;[39m

[31m[2mΓÄ»ΓÄ»ΓÄ»ΓÄ»ΓÄ»ΓÄ»ΓÄ»ΓÄ»ΓÄ»ΓÄ»ΓÄ»ΓÄ»ΓÄ»ΓÄ»ΓÄ»ΓÄ»ΓÄ»ΓÄ»ΓÄ»ΓÄ»ΓÄ»[61/397]ΓÄ»[22m[39m

[31m[1m[7m FAIL [27m[22m[39m v3/__tests__/integration/swarm-integration.test.ts[2m > [22mSwarm 
Integration Tests[2m > [22mshould handle agent failures gracefully
[31m[1mError[22m: Agent crashed[39m
[36m [2mΓ¥»[22m v3/__tests__/integration/swarm-integration.test.ts:[2m140:54[22m[39m
    [90m138| [39m
    [90m139| [39m    [90m// Mock agent failure[39m
    [90m140| [39m    vi[33m.[39m[34mspyOn[39m(agent[33m,[39m 
[32m'executeTask'[39m)[33m.[39m[34mmockRejectedValue[39m([35mnew[39m [33mError[39m([32m'Agent [39mΓÇª
    [90m   | [39m                                                     [31m^[39m
    [90m141| [39m
    [90m142| [39m    [35mconst[39m result [33m=[39m [35mawait[39m 
coordinator[33m.[39m[34mexecuteTask[39m([32m'fragile-agent'[39m[33m,[39m taskΓÇª

[31m[2mΓÄ»ΓÄ»ΓÄ»ΓÄ»ΓÄ»ΓÄ»ΓÄ»ΓÄ»ΓÄ»ΓÄ»ΓÄ»ΓÄ»ΓÄ»ΓÄ»ΓÄ»ΓÄ»ΓÄ»ΓÄ»ΓÄ»ΓÄ»ΓÄ»[62/397]ΓÄ»[22m[39m

[31m[1m[7m FAIL [27m[22m[39m v3/__tests__/integration/swarm-integration.test.ts[2m > [22mSwarm 
Integration Tests[2m > [22mshould handle dynamic agent scaling
[31m[1mAssertionError[22m: expected 6 to be 2 // Object.is equality[39m

[32m- Expected[39m
[31m+ Received[39m

[32m- 2[39m
[31m+ 6[39m

[36m [2mΓ¥»[22m v3/__tests__/integration/swarm-integration.test.ts:[2m210:29[22m[39m
    [90m208| [39m
    [90m209| [39m    [35mconst[39m scaledDownCount [33m=[39m ([35mawait[39m 
coordinator[33m.[39m[34mlistAgents[39m())[33m.[39mlength[33m;[39m
    [90m210| [39m    [34mexpect[39m(scaledDownCount)[33m.[39m[34mtoBe[39m([34m2[39m)[33m;[39m
    [90m   | [39m                            [31m^[39m
    [90m211| [39m  })[33m;[39m
    [90m212| [39m

[31m[2mΓÄ»ΓÄ»ΓÄ»ΓÄ»ΓÄ»ΓÄ»ΓÄ»ΓÄ»ΓÄ»ΓÄ»ΓÄ»ΓÄ»ΓÄ»ΓÄ»ΓÄ»ΓÄ»ΓÄ»ΓÄ»ΓÄ»ΓÄ»ΓÄ»[63/397]ΓÄ»[22m[39m

[31m[1m[7m FAIL [27m[22m[39m v3/__tests__/integration/workflow-integration.test.ts[2m > [22mFull 
Workflow Integration Tests[2m > [22mshould support workflow resume after interruption
[31m[1mAssertionError[22m: expected 'completed' to be 'paused' // Object.is equality[39m

[32m- Expected[39m
[31m+ Received[39m

[32m- paused[39m
[31m+ completed[39m

[36m [2mΓ¥»[22m v3/__tests__/integration/workflow-integration.test.ts:[2m407:36[22m[39m
    [90m405| [39m
    [90m406| [39m    [35mconst[39m checkpointState [33m=[39m [35mawait[39m 
workflowEngine[33m.[39m[34mgetWorkflowState[39m([32m'res[39mΓÇª
    [90m407| [39m    
[34mexpect[39m(checkpointState[33m.[39mstatus)[33m.[39m[34mtoBe[39m([32m'paused'[39m)[33m;[39m
    [90m   | [39m                                   [31m^[39m
    [90m408| [39m
    [90m409| [39m    [90m// Resume workflow[39m

[31m[2mΓÄ»ΓÄ»ΓÄ»ΓÄ»ΓÄ»ΓÄ»ΓÄ»ΓÄ»ΓÄ»ΓÄ»ΓÄ»ΓÄ»ΓÄ»ΓÄ»ΓÄ»ΓÄ»ΓÄ»ΓÄ»ΓÄ»ΓÄ»ΓÄ»[64/397]ΓÄ»[22m[39m

[31m[1m[7m FAIL [27m[22m[39m v3/__tests__/integration/workflow-integration.test.ts[2m > [22mFull 
Workflow Integration Tests[2m > [22mshould support workflow composition and nesting
[31m[1mAssertionError[22m: expected 3 to be greater than or equal to 4[39m
[36m [2mΓ¥»[22m v3/__tests__/integration/workflow-integration.test.ts:[2m647:35[22m[39m
    [90m645| [39m
    [90m646| [39m    
[34mexpect[39m(result[33m.[39mstatus)[33m.[39m[34mtoBe[39m([32m'completed'[39m)[33m;[39m
    [90m647| [39m    [34mexpect[39m(result[33m.[39mtasksCompleted)[33m.[39m[34mtoBeGreaterThanOrEqual[3
9m([34m4[39m)[33m;[39m [90m// 2 main[39mΓÇª
    [90m   | [39m                                  [31m^[39m
    [90m648| [39m  })[33m;[39m
    [90m649| [39m

[31m[2mΓÄ»ΓÄ»ΓÄ»ΓÄ»ΓÄ»ΓÄ»ΓÄ»ΓÄ»ΓÄ»ΓÄ»ΓÄ»ΓÄ»ΓÄ»ΓÄ»ΓÄ»ΓÄ»ΓÄ»ΓÄ»ΓÄ»ΓÄ»ΓÄ»[65/397]ΓÄ»[22m[39m

[31m[1m[7m FAIL [27m[22m[39m v3/@claude-flow/browser/tests/agent-browser-adapter.test.ts[2m > 
[22mAgentBrowserAdapter[2m > [22mnavigation[2m > [22mshould open a URL
[31m[1mAssertionError[22m: expected false to be true // Object.is equality[39m

[32m- Expected[39m
[31m+ Received[39m

[32m- true[39m
[31m+ false[39m

[36m [2mΓ¥»[22m v3/@claude-flow/browser/tests/agent-browser-adapter.test.ts:[2m58:30[22m[39m
    [90m 56| [39m      [35mconst[39m result [33m=[39m [35mawait[39m adapter[33m.[39m[34mopen[39m({ 
url[33m:[39m [32m'https://example.com'[39m }ΓÇª
    [90m 57| [39m
    [90m 58| [39m      
[34mexpect[39m(result[33m.[39msuccess)[33m.[39m[34mtoBe[39m([35mtrue[39m)[33m;[39m
    [90m   | [39m                             [31m^[39m
    [90m 59| [39m      [34mexpect[39m(mockExecSync)[33m.[39m[34mtoHaveBeenCalled[39m()[33m;[39m
    [90m 60| [39m      [35mconst[39m callArgs [33m=[39m 
mockExecSync[33m.[39mmock[33m.[39mcalls[[34m0[39m][[34m0[39m] [35mas[39m string[33m;[39m

[31m[2mΓÄ»ΓÄ»ΓÄ»ΓÄ»ΓÄ»ΓÄ»ΓÄ»ΓÄ»ΓÄ»ΓÄ»ΓÄ»ΓÄ»ΓÄ»ΓÄ»ΓÄ»ΓÄ»ΓÄ»ΓÄ»ΓÄ»ΓÄ»ΓÄ»[66/397]ΓÄ»[22m[39m

[31m[1m[7m FAIL [27m[22m[39m v3/@claude-flow/browser/tests/agent-browser-adapter.test.ts[2m > 
[22mAgentBrowserAdapter[2m > [22mnavigation[2m > [22mshould go back
[31m[1mAssertionError[22m: expected false to be true // Object.is equality[39m

[32m- Expected[39m
[31m+ Received[39m

[32m- true[39m
[31m+ false[39m

[36m [2mΓ¥»[22m v3/@claude-flow/browser/tests/agent-browser-adapter.test.ts:[2m70:30[22m[39m
    [90m 68| [39m      [35mconst[39m result [33m=[39m [35mawait[39m 
adapter[33m.[39m[34mback[39m()[33m;[39m
    [90m 69| [39m
    [90m 70| [39m      
[34mexpect[39m(result[33m.[39msuccess)[33m.[39m[34mtoBe[39m([35mtrue[39m)[33m;[39m
    [90m   | [39m                             [31m^[39m
    [90m 71| [39m      [34mexpect[39m(mockExecSync)[33m.[39m[34mtoHaveBeenCalled[39m()[33m;[39m
    [90m 72| [39m    })[33m;[39m

[31m[2mΓÄ»ΓÄ»ΓÄ»ΓÄ»ΓÄ»ΓÄ»ΓÄ»ΓÄ»ΓÄ»ΓÄ»ΓÄ»ΓÄ»ΓÄ»ΓÄ»ΓÄ»ΓÄ»ΓÄ»ΓÄ»ΓÄ»ΓÄ»ΓÄ»[67/397]ΓÄ»[22m[39m

[31m[1m[7m FAIL [27m[22m[39m v3/@claude-flow/browser/tests/agent-browser-adapter.test.ts[2m > 
[22mAgentBrowserAdapter[2m > [22mnavigation[2m > [22mshould go forward
[31m[1mAssertionError[22m: expected false to be true // Object.is equality[39m

[32m- Expected[39m
[31m+ Received[39m

[32m- true[39m
[31m+ false[39m

[36m [2mΓ¥»[22m v3/@claude-flow/browser/tests/agent-browser-adapter.test.ts:[2m79:30[22m[39m
    [90m 77| [39m      [35mconst[39m result [33m=[39m [35mawait[39m 
adapter[33m.[39m[34mforward[39m()[33m;[39m
    [90m 78| [39m
    [90m 79| [39m      
[34mexpect[39m(result[33m.[39msuccess)[33m.[39m[34mtoBe[39m([35mtrue[39m)[33m;[39m
    [90m   | [39m                             [31m^[39m
    [90m 80| [39m    })[33m;[39m
    [90m 81| [39m

[31m[2mΓÄ»ΓÄ»ΓÄ»ΓÄ»ΓÄ»ΓÄ»ΓÄ»ΓÄ»ΓÄ»ΓÄ»ΓÄ»ΓÄ»ΓÄ»ΓÄ»ΓÄ»ΓÄ»ΓÄ»ΓÄ»ΓÄ»ΓÄ»ΓÄ»[68/397]ΓÄ»[22m[39m

[31m[1m[7m FAIL [27m[22m[39m v3/@claude-flow/browser/tests/agent-browser-adapter.test.ts[2m > 
[22mAgentBrowserAdapter[2m > [22mnavigation[2m > [22mshould reload
[31m[1mAssertionError[22m: expected false to be true // Object.is equality[39m

[32m- Expected[39m
[31m+ Received[39m

[32m- true[39m
[31m+ false[39m

[36m [2mΓ¥»[22m v3/@claude-flow/browser/tests/agent-browser-adapter.test.ts:[2m87:30[22m[39m
    [90m 85| [39m      [35mconst[39m result [33m=[39m [35mawait[39m 
adapter[33m.[39m[34mreload[39m()[33m;[39m
    [90m 86| [39m
    [90m 87| [39m      
[34mexpect[39m(result[33m.[39msuccess)[33m.[39m[34mtoBe[39m([35mtrue[39m)[33m;[39m
    [90m   | [39m                             [31m^[39m
    [90m 88| [39m    })[33m;[39m
    [90m 89| [39m

[31m[2mΓÄ»ΓÄ»ΓÄ»ΓÄ»ΓÄ»ΓÄ»ΓÄ»ΓÄ»ΓÄ»ΓÄ»ΓÄ»ΓÄ»ΓÄ»ΓÄ»ΓÄ»ΓÄ»ΓÄ»ΓÄ»ΓÄ»ΓÄ»ΓÄ»[69/397]ΓÄ»[22m[39m

[31m[1m[7m FAIL [27m[22m[39m v3/@claude-flow/browser/tests/agent-browser-adapter.test.ts[2m > 
[22mAgentBrowserAdapter[2m > [22mnavigation[2m > [22mshould close
[31m[1mAssertionError[22m: expected false to be true // Object.is equality[39m

[32m- Expected[39m
[31m+ Received[39m

[32m- true[39m
[31m+ false[39m

[36m [2mΓ¥»[22m v3/@claude-flow/browser/tests/agent-browser-adapter.test.ts:[2m95:30[22m[39m
    [90m 93| [39m      [35mconst[39m result [33m=[39m [35mawait[39m 
adapter[33m.[39m[34mclose[39m()[33m;[39m
    [90m 94| [39m
    [90m 95| [39m      
[34mexpect[39m(result[33m.[39msuccess)[33m.[39m[34mtoBe[39m([35mtrue[39m)[33m;[39m
    [90m   | [39m                             [31m^[39m
    [90m 96| [39m    })[33m;[39m
    [90m 97| [39m  })[33m;[39m

[31m[2mΓÄ»ΓÄ»ΓÄ»ΓÄ»ΓÄ»ΓÄ»ΓÄ»ΓÄ»ΓÄ»ΓÄ»ΓÄ»ΓÄ»ΓÄ»ΓÄ»ΓÄ»ΓÄ»ΓÄ»ΓÄ»ΓÄ»ΓÄ»ΓÄ»[70/397]ΓÄ»[22m[39m

[31m[1m[7m FAIL [27m[22m[39m v3/@claude-flow/browser/tests/agent-browser-adapter.test.ts[2m > 
[22mAgentBrowserAdapter[2m > [22minteraction[2m > [22mshould click an element
[31m[1mAssertionError[22m: expected false to be true // Object.is equality[39m

[32m- Expected[39m
[31m+ Received[39m

[32m- true[39m
[31m+ false[39m

[36m [2mΓ¥»[22m v3/@claude-flow/browser/tests/agent-browser-adapter.test.ts:[2m108:30[22m[39m
    [90m106| [39m      [35mconst[39m result [33m=[39m [35mawait[39m adapter[33m.[39m[34mclick[39m({ 
target[33m:[39m [32m'@e1'[39m })[33m;[39m
    [90m107| [39m
    [90m108| [39m      
[34mexpect[39m(result[33m.[39msuccess)[33m.[39m[34mtoBe[39m([35mtrue[39m)[33m;[39m
    [90m   | [39m                             [31m^[39m
    [90m109| [39m      [35mconst[39m callArgs [33m=[39m 
mockExecSync[33m.[39mmock[33m.[39mcalls[[34m0[39m][[34m0[39m] [35mas[39m string[33m;[39m
    [90m110| [39m      [34mexpect[39m(callArgs)[33m.[39m[34mtoContain[39m([32m'click'[39m)[33m;[39m

[31m[2mΓÄ»ΓÄ»ΓÄ»ΓÄ»ΓÄ»ΓÄ»ΓÄ»ΓÄ»ΓÄ»ΓÄ»ΓÄ»ΓÄ»ΓÄ»ΓÄ»ΓÄ»ΓÄ»ΓÄ»ΓÄ»ΓÄ»ΓÄ»ΓÄ»[71/397]ΓÄ»[22m[39m

[31m[1m[7m FAIL [27m[22m[39m v3/@claude-flow/browser/tests/agent-browser-adapter.test.ts[2m > 
[22mAgentBrowserAdapter[2m > [22minteraction[2m > [22mshould fill an input
[31m[1mAssertionError[22m: expected false to be true // Object.is equality[39m

[32m- Expected[39m
[31m+ Received[39m

[32m- true[39m
[31m+ false[39m

[36m [2mΓ¥»[22m v3/@claude-flow/browser/tests/agent-browser-adapter.test.ts:[2m122:30[22m[39m
    [90m120| [39m      [35mconst[39m result [33m=[39m [35mawait[39m adapter[33m.[39m[34mfill[39m({ 
target[33m:[39m [32m'@e1'[39m[33m,[39m value[33m:[39m [32m'test'[39mΓÇª
    [90m121| [39m
    [90m122| [39m      
[34mexpect[39m(result[33m.[39msuccess)[33m.[39m[34mtoBe[39m([35mtrue[39m)[33m;[39m
    [90m   | [39m                             [31m^[39m
    [90m123| [39m      [35mconst[39m callArgs [33m=[39m 
mockExecSync[33m.[39mmock[33m.[39mcalls[[34m0[39m][[34m0[39m] [35mas[39m string[33m;[39m
    [90m124| [39m      [34mexpect[39m(callArgs)[33m.[39m[34mtoContain[39m([32m'fill'[39m)[33m;[39m

[31m[2mΓÄ»ΓÄ»ΓÄ»ΓÄ»ΓÄ»ΓÄ»ΓÄ»ΓÄ»ΓÄ»ΓÄ»ΓÄ»ΓÄ»ΓÄ»ΓÄ»ΓÄ»ΓÄ»ΓÄ»ΓÄ»ΓÄ»ΓÄ»ΓÄ»[72/397]ΓÄ»[22m[39m

[31m[1m[7m FAIL [27m[22m[39m v3/@claude-flow/browser/tests/agent-browser-adapter.test.ts[2m > 
[22mAgentBrowserAdapter[2m > [22minteraction[2m > [22mshould type text
[31m[1mAssertionError[22m: expected false to be true // Object.is equality[39m

[32m- Expected[39m
[31m+ Received[39m

[32m- true[39m
[31m+ false[39m

[36m [2mΓ¥»[22m v3/@claude-flow/browser/tests/agent-browser-adapter.test.ts:[2m132:30[22m[39m
    [90m130| [39m      [35mconst[39m result [33m=[39m [35mawait[39m adapter[33m.[39m[34mtype[39m({ 
target[33m:[39m [32m'@e1'[39m[33m,[39m text[33m:[39m [32m'hello'[39mΓÇª
    [90m131| [39m
    [90m132| [39m      
[34mexpect[39m(result[33m.[39msuccess)[33m.[39m[34mtoBe[39m([35mtrue[39m)[33m;[39m
    [90m   | [39m                             [31m^[39m
    [90m133| [39m      [35mconst[39m callArgs [33m=[39m 
mockExecSync[33m.[39mmock[33m.[39mcalls[[34m0[39m][[34m0[39m] [35mas[39m string[33m;[39m
    [90m134| [39m      [34mexpect[39m(callArgs)[33m.[39m[34mtoContain[39m([32m'type'[39m)[33m;[39m

[31m[2mΓÄ»ΓÄ»ΓÄ»ΓÄ»ΓÄ»ΓÄ»ΓÄ»ΓÄ»ΓÄ»ΓÄ»ΓÄ»ΓÄ»ΓÄ»ΓÄ»ΓÄ»ΓÄ»ΓÄ»ΓÄ»ΓÄ»ΓÄ»ΓÄ»[73/397]ΓÄ»[22m[39m

[31m[1m[7m FAIL [27m[22m[39m v3/@claude-flow/browser/tests/agent-browser-adapter.test.ts[2m > 
[22mAgentBrowserAdapter[2m > [22minteraction[2m > [22mshould press a key
[31m[1mAssertionError[22m: expected false to be true // Object.is equality[39m

[32m- Expected[39m
[31m+ Received[39m

[32m- true[39m
[31m+ false[39m

[36m [2mΓ¥»[22m v3/@claude-flow/browser/tests/agent-browser-adapter.test.ts:[2m142:30[22m[39m
    [90m140| [39m      [35mconst[39m result [33m=[39m [35mawait[39m 
adapter[33m.[39m[34mpress[39m([32m'Enter'[39m)[33m;[39m
    [90m141| [39m
    [90m142| [39m      
[34mexpect[39m(result[33m.[39msuccess)[33m.[39m[34mtoBe[39m([35mtrue[39m)[33m;[39m
    [90m   | [39m                             [31m^[39m
    [90m143| [39m      [35mconst[39m callArgs [33m=[39m 
mockExecSync[33m.[39mmock[33m.[39mcalls[[34m0[39m][[34m0[39m] [35mas[39m string[33m;[39m
    [90m144| [39m      [34mexpect[39m(callArgs)[33m.[39m[34mtoContain[39m([32m'press'[39m)[33m;[39m

[31m[2mΓÄ»ΓÄ»ΓÄ»ΓÄ»ΓÄ»ΓÄ»ΓÄ»ΓÄ»ΓÄ»ΓÄ»ΓÄ»ΓÄ»ΓÄ»ΓÄ»ΓÄ»ΓÄ»ΓÄ»ΓÄ»ΓÄ»ΓÄ»ΓÄ»[74/397]ΓÄ»[22m[39m

[31m[1m[7m FAIL [27m[22m[39m v3/@claude-flow/browser/tests/agent-browser-adapter.test.ts[2m > 
[22mAgentBrowserAdapter[2m > [22minteraction[2m > [22mshould hover an element
[31m[1mAssertionError[22m: expected false to be true // Object.is equality[39m

[32m- Expected[39m
[31m+ Received[39m

[32m- true[39m
[31m+ false[39m

[36m [2mΓ¥»[22m v3/@claude-flow/browser/tests/agent-browser-adapter.test.ts:[2m153:30[22m[39m
    [90m151| [39m      [35mconst[39m result [33m=[39m [35mawait[39m 
adapter[33m.[39m[34mhover[39m([32m'@e1'[39m)[33m;[39m
    [90m152| [39m
    [90m153| [39m      
[34mexpect[39m(result[33m.[39msuccess)[33m.[39m[34mtoBe[39m([35mtrue[39m)[33m;[39m
    [90m   | [39m                             [31m^[39m
    [90m154| [39m    })[33m;[39m
    [90m155| [39m

[31m[2mΓÄ»ΓÄ»ΓÄ»ΓÄ»ΓÄ»ΓÄ»ΓÄ»ΓÄ»ΓÄ»ΓÄ»ΓÄ»ΓÄ»ΓÄ»ΓÄ»ΓÄ»ΓÄ»ΓÄ»ΓÄ»ΓÄ»ΓÄ»ΓÄ»[75/397]ΓÄ»[22m[39m

[31m[1m[7m FAIL [27m[22m[39m v3/@claude-flow/browser/tests/agent-browser-adapter.test.ts[2m > 
[22mAgentBrowserAdapter[2m > [22minteraction[2m > [22mshould scroll
[31m[1mAssertionError[22m: expected false to be true // Object.is equality[39m

[32m- Expected[39m
[31m+ Received[39m

[32m- true[39m
[31m+ false[39m

[36m [2mΓ¥»[22m v3/@claude-flow/browser/tests/agent-browser-adapter.test.ts:[2m161:30[22m[39m
    [90m159| [39m      [35mconst[39m result [33m=[39m [35mawait[39m 
adapter[33m.[39m[34mscroll[39m([32m'down'[39m[33m,[39m [34m500[39m)[33m;[39m
    [90m160| [39m
    [90m161| [39m      
[34mexpect[39m(result[33m.[39msuccess)[33m.[39m[34mtoBe[39m([35mtrue[39m)[33m;[39m
    [90m   | [39m                             [31m^[39m
    [90m162| [39m    })[33m;[39m
    [90m163| [39m  })[33m;[39m

[31m[2mΓÄ»ΓÄ»ΓÄ»ΓÄ»ΓÄ»ΓÄ»ΓÄ»ΓÄ»ΓÄ»ΓÄ»ΓÄ»ΓÄ»ΓÄ»ΓÄ»ΓÄ»ΓÄ»ΓÄ»ΓÄ»ΓÄ»ΓÄ»ΓÄ»[76/397]ΓÄ»[22m[39m

[31m[1m[7m FAIL [27m[22m[39m v3/@claude-flow/browser/tests/agent-browser-adapter.test.ts[2m > 
[22mAgentBrowserAdapter[2m > [22minformation retrieval[2m > [22mshould get text
[31m[1mAssertionError[22m: expected false to be true // Object.is equality[39m

[32m- Expected[39m
[31m+ Received[39m

[32m- true[39m
[31m+ false[39m

[36m [2mΓ¥»[22m v3/@claude-flow/browser/tests/agent-browser-adapter.test.ts:[2m174:30[22m[39m
    [90m172| [39m      [35mconst[39m result [33m=[39m [35mawait[39m 
adapter[33m.[39m[34mgetText[39m([32m'@e1'[39m)[33m;[39m
    [90m173| [39m
    [90m174| [39m      
[34mexpect[39m(result[33m.[39msuccess)[33m.[39m[34mtoBe[39m([35mtrue[39m)[33m;[39m
    [90m   | [39m                             [31m^[39m
    [90m175| [39m      [34mexpect[39m(result[33m.[39mdata)[33m.[39m[34mtoBe[39m([32m'Element 
text'[39m)[33m;[39m
    [90m176| [39m    })[33m;[39m

[31m[2mΓÄ»ΓÄ»ΓÄ»ΓÄ»ΓÄ»ΓÄ»ΓÄ»ΓÄ»ΓÄ»ΓÄ»ΓÄ»ΓÄ»ΓÄ»ΓÄ»ΓÄ»ΓÄ»ΓÄ»ΓÄ»ΓÄ»ΓÄ»ΓÄ»[77/397]ΓÄ»[22m[39m

[31m[1m[7m FAIL [27m[22m[39m v3/@claude-flow/browser/tests/agent-browser-adapter.test.ts[2m > 
[22mAgentBrowserAdapter[2m > [22minformation retrieval[2m > [22mshould get title
[31m[1mAssertionError[22m: expected false to be true // Object.is equality[39m

[32m- Expected[39m
[31m+ Received[39m

[32m- true[39m
[31m+ false[39m

[36m [2mΓ¥»[22m v3/@claude-flow/browser/tests/agent-browser-adapter.test.ts:[2m186:30[22m[39m
    [90m184| [39m      [35mconst[39m result [33m=[39m [35mawait[39m 
adapter[33m.[39m[34mgetTitle[39m()[33m;[39m
    [90m185| [39m
    [90m186| [39m      
[34mexpect[39m(result[33m.[39msuccess)[33m.[39m[34mtoBe[39m([35mtrue[39m)[33m;[39m
    [90m   | [39m                             [31m^[39m
    [90m187| [39m    })[33m;[39m
    [90m188| [39m

[31m[2mΓÄ»ΓÄ»ΓÄ»ΓÄ»ΓÄ»ΓÄ»ΓÄ»ΓÄ»ΓÄ»ΓÄ»ΓÄ»ΓÄ»ΓÄ»ΓÄ»ΓÄ»ΓÄ»ΓÄ»ΓÄ»ΓÄ»ΓÄ»ΓÄ»[78/397]ΓÄ»[22m[39m

[31m[1m[7m FAIL [27m[22m[39m v3/@claude-flow/browser/tests/agent-browser-adapter.test.ts[2m > 
[22mAgentBrowserAdapter[2m > [22minformation retrieval[2m > [22mshould get URL
[31m[1mAssertionError[22m: expected false to be true // Object.is equality[39m

[32m- Expected[39m
[31m+ Received[39m

[32m- true[39m
[31m+ false[39m

[36m [2mΓ¥»[22m v3/@claude-flow/browser/tests/agent-browser-adapter.test.ts:[2m197:30[22m[39m
    [90m195| [39m      [35mconst[39m result [33m=[39m [35mawait[39m 
adapter[33m.[39m[34mgetUrl[39m()[33m;[39m
    [90m196| [39m
    [90m197| [39m      
[34mexpect[39m(result[33m.[39msuccess)[33m.[39m[34mtoBe[39m([35mtrue[39m)[33m;[39m
    [90m   | [39m                             [31m^[39m
    [90m198| [39m    })[33m;[39m
    [90m199| [39m  })[33m;[39m

[31m[2mΓÄ»ΓÄ»ΓÄ»ΓÄ»ΓÄ»ΓÄ»ΓÄ»ΓÄ»ΓÄ»ΓÄ»ΓÄ»ΓÄ»ΓÄ»ΓÄ»ΓÄ»ΓÄ»ΓÄ»ΓÄ»ΓÄ»ΓÄ»ΓÄ»[79/397]ΓÄ»[22m[39m

[31m[1m[7m FAIL [27m[22m[39m v3/@claude-flow/browser/tests/agent-browser-adapter.test.ts[2m > 
[22mAgentBrowserAdapter[2m > [22mstate checks[2m > [22mshould check visibility
[31m[1mAssertionError[22m: expected false to be true // Object.is equality[39m

[32m- Expected[39m
[31m+ Received[39m

[32m- true[39m
[31m+ false[39m

[36m [2mΓ¥»[22m v3/@claude-flow/browser/tests/agent-browser-adapter.test.ts:[2m210:30[22m[39m
    [90m208| [39m      [35mconst[39m result [33m=[39m [35mawait[39m 
adapter[33m.[39m[34misVisible[39m([32m'@e1'[39m)[33m;[39m
    [90m209| [39m
    [90m210| [39m      
[34mexpect[39m(result[33m.[39msuccess)[33m.[39m[34mtoBe[39m([35mtrue[39m)[33m;[39m
    [90m   | [39m                             [31m^[39m
    [90m211| [39m      
[34mexpect[39m(result[33m.[39mdata)[33m.[39m[34mtoBe[39m([35mtrue[39m)[33m;[39m
    [90m212| [39m    })[33m;[39m

[31m[2mΓÄ»ΓÄ»ΓÄ»ΓÄ»ΓÄ»ΓÄ»ΓÄ»ΓÄ»ΓÄ»ΓÄ»ΓÄ»ΓÄ»ΓÄ»ΓÄ»ΓÄ»ΓÄ»ΓÄ»ΓÄ»ΓÄ»ΓÄ»ΓÄ»[80/397]ΓÄ»[22m[39m

[31m[1m[7m FAIL [27m[22m[39m v3/@claude-flow/browser/tests/agent-browser-adapter.test.ts[2m > 
[22mAgentBrowserAdapter[2m > [22mstate checks[2m > [22mshould check if enabled
[31m[1mAssertionError[22m: expected false to be true // Object.is equality[39m

[32m- Expected[39m
[31m+ Received[39m

[32m- true[39m
[31m+ false[39m

[36m [2mΓ¥»[22m v3/@claude-flow/browser/tests/agent-browser-adapter.test.ts:[2m222:30[22m[39m
    [90m220| [39m      [35mconst[39m result [33m=[39m [35mawait[39m 
adapter[33m.[39m[34misEnabled[39m([32m'@e1'[39m)[33m;[39m
    [90m221| [39m
    [90m222| [39m      
[34mexpect[39m(result[33m.[39msuccess)[33m.[39m[34mtoBe[39m([35mtrue[39m)[33m;[39m
    [90m   | [39m                             [31m^[39m
    [90m223| [39m    })[33m;[39m
    [90m224| [39m  })[33m;[39m

[31m[2mΓÄ»ΓÄ»ΓÄ»ΓÄ»ΓÄ»ΓÄ»ΓÄ»ΓÄ»ΓÄ»ΓÄ»ΓÄ»ΓÄ»ΓÄ»ΓÄ»ΓÄ»ΓÄ»ΓÄ»ΓÄ»ΓÄ»ΓÄ»ΓÄ»[81/397]ΓÄ»[22m[39m

[31m[1m[7m FAIL [27m[22m[39m v3/@claude-flow/browser/tests/agent-browser-adapter.test.ts[2m > 
[22mAgentBrowserAdapter[2m > [22msnapshot[2m > [22mshould take a snapshot
[31m[1mAssertionError[22m: expected false to be true // Object.is equality[39m

[32m- Expected[39m
[31m+ Received[39m

[32m- true[39m
[31m+ false[39m

[36m [2mΓ¥»[22m v3/@claude-flow/browser/tests/agent-browser-adapter.test.ts:[2m240:30[22m[39m
    [90m238| [39m      [35mconst[39m result [33m=[39m [35mawait[39m 
adapter[33m.[39m[34msnapshot[39m()[33m;[39m
    [90m239| [39m
    [90m240| [39m      
[34mexpect[39m(result[33m.[39msuccess)[33m.[39m[34mtoBe[39m([35mtrue[39m)[33m;[39m
    [90m   | [39m                             [31m^[39m
    [90m241| [39m      [34mexpect[39m(result[33m.[39mdata)[33m.[39m[34mtoBeDefined[39m()[33m;[39m
    [90m242| [39m    })[33m;[39m

[31m[2mΓÄ»ΓÄ»ΓÄ»ΓÄ»ΓÄ»ΓÄ»ΓÄ»ΓÄ»ΓÄ»ΓÄ»ΓÄ»ΓÄ»ΓÄ»ΓÄ»ΓÄ»ΓÄ»ΓÄ»ΓÄ»ΓÄ»ΓÄ»ΓÄ»[82/397]ΓÄ»[22m[39m

[31m[1m[7m FAIL [27m[22m[39m v3/@claude-flow/browser/tests/agent-browser-adapter.test.ts[2m > 
[22mAgentBrowserAdapter[2m > [22msnapshot[2m > [22mshould take interactive snapshot
[31m[1mAssertionError[22m: expected false to be true // Object.is equality[39m

[32m- Expected[39m
[31m+ Received[39m

[32m- true[39m
[31m+ false[39m

[36m [2mΓ¥»[22m v3/@claude-flow/browser/tests/agent-browser-adapter.test.ts:[2m252:30[22m[39m
    [90m250| [39m      [35mconst[39m result [33m=[39m [35mawait[39m 
adapter[33m.[39m[34msnapshot[39m({ interactive[33m:[39m [35mtrue[39m })[33m;[39m
    [90m251| [39m
    [90m252| [39m      
[34mexpect[39m(result[33m.[39msuccess)[33m.[39m[34mtoBe[39m([35mtrue[39m)[33m;[39m
    [90m   | [39m                             [31m^[39m
    [90m253| [39m      [35mconst[39m callArgs [33m=[39m 
mockExecSync[33m.[39mmock[33m.[39mcalls[[34m0[39m][[34m0[39m] [35mas[39m string[33m;[39m
    [90m254| [39m      [34mexpect[39m(callArgs)[33m.[39m[34mtoContain[39m([32m'-i'[39m)[33m;[39m

[31m[2mΓÄ»ΓÄ»ΓÄ»ΓÄ»ΓÄ»ΓÄ»ΓÄ»ΓÄ»ΓÄ»ΓÄ»ΓÄ»ΓÄ»ΓÄ»ΓÄ»ΓÄ»ΓÄ»ΓÄ»ΓÄ»ΓÄ»ΓÄ»ΓÄ»[83/397]ΓÄ»[22m[39m

[31m[1m[7m FAIL [27m[22m[39m v3/@claude-flow/browser/tests/agent-browser-adapter.test.ts[2m > 
[22mAgentBrowserAdapter[2m > [22msnapshot[2m > [22mshould take compact snapshot
[31m[1mTypeError[22m: Cannot read properties of undefined (reading '0')[39m
[36m [2mΓ¥»[22m v3/@claude-flow/browser/tests/agent-browser-adapter.test.ts:[2m262:49[22m[39m
    [90m260| [39m      [35mconst[39m result [33m=[39m [35mawait[39m 
adapter[33m.[39m[34msnapshot[39m({ compact[33m:[39m [35mtrue[39m })[33m;[39m
    [90m261| [39m
    [90m262| [39m      [35mconst[39m callArgs [33m=[39m 
mockExecSync[33m.[39mmock[33m.[39mcalls[[34m0[39m][[34m0[39m] [35mas[39m string[33m;[39m
    [90m   | [39m                                                [31m^[39m
    [90m263| [39m      [34mexpect[39m(callArgs)[33m.[39m[34mtoContain[39m([32m'-c'[39m)[33m;[39m
    [90m264| [39m    })[33m;[39m

[31m[2mΓÄ»ΓÄ»ΓÄ»ΓÄ»ΓÄ»ΓÄ»ΓÄ»ΓÄ»ΓÄ»ΓÄ»ΓÄ»ΓÄ»ΓÄ»ΓÄ»ΓÄ»ΓÄ»ΓÄ»ΓÄ»ΓÄ»ΓÄ»ΓÄ»[84/397]ΓÄ»[22m[39m

[31m[1m[7m FAIL [27m[22m[39m v3/@claude-flow/browser/tests/agent-browser-adapter.test.ts[2m > 
[22mAgentBrowserAdapter[2m > [22mscreenshot[2m > [22mshould take a screenshot
[31m[1mAssertionError[22m: expected false to be true // Object.is equality[39m

[32m- Expected[39m
[31m+ Received[39m

[32m- true[39m
[31m+ false[39m

[36m [2mΓ¥»[22m v3/@claude-flow/browser/tests/agent-browser-adapter.test.ts:[2m276:30[22m[39m
    [90m274| [39m      [35mconst[39m result [33m=[39m [35mawait[39m 
adapter[33m.[39m[34mscreenshot[39m()[33m;[39m
    [90m275| [39m
    [90m276| [39m      
[34mexpect[39m(result[33m.[39msuccess)[33m.[39m[34mtoBe[39m([35mtrue[39m)[33m;[39m
    [90m   | [39m                             [31m^[39m
    [90m277| [39m    })[33m;[39m
    [90m278| [39m

[31m[2mΓÄ»ΓÄ»ΓÄ»ΓÄ»ΓÄ»ΓÄ»ΓÄ»ΓÄ»ΓÄ»ΓÄ»ΓÄ»ΓÄ»ΓÄ»ΓÄ»ΓÄ»ΓÄ»ΓÄ»ΓÄ»ΓÄ»ΓÄ»ΓÄ»[85/397]ΓÄ»[22m[39m

[31m[1m[7m FAIL [27m[22m[39m v3/@claude-flow/browser/tests/agent-browser-adapter.test.ts[2m > 
[22mAgentBrowserAdapter[2m > [22mscreenshot[2m > [22mshould take full page screenshot
[31m[1mTypeError[22m: Cannot read properties of undefined (reading '0')[39m
[36m [2mΓ¥»[22m v3/@claude-flow/browser/tests/agent-browser-adapter.test.ts:[2m284:49[22m[39m
    [90m282| [39m      [35mconst[39m result [33m=[39m [35mawait[39m 
adapter[33m.[39m[34mscreenshot[39m({ fullPage[33m:[39m [35mtrue[39m })[33m;[39m
    [90m283| [39m
    [90m284| [39m      [35mconst[39m callArgs [33m=[39m 
mockExecSync[33m.[39mmock[33m.[39mcalls[[34m0[39m][[34m0[39m] [35mas[39m string[33m;[39m
    [90m   | [39m                                                [31m^[39m
    [90m285| [39m      [34mexpect[39m(callArgs)[33m.[39m[34mtoContain[39m([32m'--full'[39m)[33m;[39m
    [90m286| [39m    })[33m;[39m

[31m[2mΓÄ»ΓÄ»ΓÄ»ΓÄ»ΓÄ»ΓÄ»ΓÄ»ΓÄ»ΓÄ»ΓÄ»ΓÄ»ΓÄ»ΓÄ»ΓÄ»ΓÄ»ΓÄ»ΓÄ»ΓÄ»ΓÄ»ΓÄ»ΓÄ»[86/397]ΓÄ»[22m[39m

[31m[1m[7m FAIL [27m[22m[39m v3/@claude-flow/browser/tests/agent-browser-adapter.test.ts[2m > 
[22mAgentBrowserAdapter[2m > [22mwait[2m > [22mshould wait for selector
[31m[1mAssertionError[22m: expected false to be true // Object.is equality[39m

[32m- Expected[39m
[31m+ Received[39m

[32m- true[39m
[31m+ false[39m

[36m [2mΓ¥»[22m v3/@claude-flow/browser/tests/agent-browser-adapter.test.ts:[2m295:30[22m[39m
    [90m293| [39m      [35mconst[39m result [33m=[39m [35mawait[39m adapter[33m.[39m[34mwait[39m({ 
selector[33m:[39m [32m'#element'[39m })[33m;[39m
    [90m294| [39m
    [90m295| [39m      
[34mexpect[39m(result[33m.[39msuccess)[33m.[39m[34mtoBe[39m([35mtrue[39m)[33m;[39m
    [90m   | [39m                             [31m^[39m
    [90m296| [39m    })[33m;[39m
    [90m297| [39m

[31m[2mΓÄ»ΓÄ»ΓÄ»ΓÄ»ΓÄ»ΓÄ»ΓÄ»ΓÄ»ΓÄ»ΓÄ»ΓÄ»ΓÄ»ΓÄ»ΓÄ»ΓÄ»ΓÄ»ΓÄ»ΓÄ»ΓÄ»ΓÄ»ΓÄ»[87/397]ΓÄ»[22m[39m

[31m[1m[7m FAIL [27m[22m[39m v3/@claude-flow/browser/tests/agent-browser-adapter.test.ts[2m > 
[22mAgentBrowserAdapter[2m > [22mwait[2m > [22mshould wait for timeout
[31m[1mAssertionError[22m: expected false to be true // Object.is equality[39m

[32m- Expected[39m
[31m+ Received[39m

[32m- true[39m
[31m+ false[39m

[36m [2mΓ¥»[22m v3/@claude-flow/browser/tests/agent-browser-adapter.test.ts:[2m303:30[22m[39m
    [90m301| [39m      [35mconst[39m result [33m=[39m [35mawait[39m adapter[33m.[39m[34mwait[39m({ 
timeout[33m:[39m [34m1000[39m })[33m;[39m
    [90m302| [39m
    [90m303| [39m      
[34mexpect[39m(result[33m.[39msuccess)[33m.[39m[34mtoBe[39m([35mtrue[39m)[33m;[39m
    [90m   | [39m                             [31m^[39m
    [90m304| [39m    })[33m;[39m
    [90m305| [39m  })[33m;[39m

[31m[2mΓÄ»ΓÄ»ΓÄ»ΓÄ»ΓÄ»ΓÄ»ΓÄ»ΓÄ»ΓÄ»ΓÄ»ΓÄ»ΓÄ»ΓÄ»ΓÄ»ΓÄ»ΓÄ»ΓÄ»ΓÄ»ΓÄ»ΓÄ»ΓÄ»[88/397]ΓÄ»[22m[39m

[31m[1m[7m FAIL [27m[22m[39m v3/@claude-flow/browser/tests/agent-browser-adapter.test.ts[2m > 
[22mAgentBrowserAdapter[2m > [22merror handling[2m > [22mshould handle command failure
[31m[1mAssertionError[22m: expected '[vitest] No "execFileSync" export is ΓÇª' to contain 'Command 
failed'[39m

[32m- Expected[39m
[31m+ Received[39m

[32m- Command failed[39m
[31m+ [vitest] No "execFileSync" export is defined on the "child_process" mock. Did you forget to return it 
from "vi.mock"?[39m
[31m+ If you need to partially mock a module, you can use "importOriginal" helper inside:[39m
[31m+[39m

[36m [2mΓ¥»[22m v3/@claude-flow/browser/tests/agent-browser-adapter.test.ts:[2m316:28[22m[39m
    [90m314| [39m
    [90m315| [39m      
[34mexpect[39m(result[33m.[39msuccess)[33m.[39m[34mtoBe[39m([35mfalse[39m)[33m;[39m
    [90m316| [39m      [34mexpect[39m(result[33m.[39merror)[33m.[39m[34mtoContain[39m([32m'Command 
failed'[39m)[33m;[39m
    [90m   | [39m                           [31m^[39m
    [90m317| [39m    })[33m;[39m
    [90m318| [39m

[31m[2mΓÄ»ΓÄ»ΓÄ»ΓÄ»ΓÄ»ΓÄ»ΓÄ»ΓÄ»ΓÄ»ΓÄ»ΓÄ»ΓÄ»ΓÄ»ΓÄ»ΓÄ»ΓÄ»ΓÄ»ΓÄ»ΓÄ»ΓÄ»ΓÄ»[89/397]ΓÄ»[22m[39m

[31m[1m[7m FAIL [27m[22m[39m v3/@claude-flow/browser/tests/agent-browser-adapter.test.ts[2m > 
[22mAgentBrowserAdapter[2m > [22merror handling[2m > [22mshould handle invalid JSON response
[31m[1mAssertionError[22m: expected false to be true // Object.is equality[39m

[32m- Expected[39m
[31m+ Received[39m

[32m- true[39m
[31m+ false[39m

[36m [2mΓ¥»[22m v3/@claude-flow/browser/tests/agent-browser-adapter.test.ts:[2m325:30[22m[39m
    [90m323| [39m
    [90m324| [39m      [90m// Should fall back to raw string[39m
    [90m325| [39m      
[34mexpect[39m(result[33m.[39msuccess)[33m.[39m[34mtoBe[39m([35mtrue[39m)[33m;[39m
    [90m   | [39m                             [31m^[39m
    [90m326| [39m    })[33m;[39m
    [90m327| [39m  })[33m;[39m

[31m[2mΓÄ»ΓÄ»ΓÄ»ΓÄ»ΓÄ»ΓÄ»ΓÄ»ΓÄ»ΓÄ»ΓÄ»ΓÄ»ΓÄ»ΓÄ»ΓÄ»ΓÄ»ΓÄ»ΓÄ»ΓÄ»ΓÄ»ΓÄ»ΓÄ»[90/397]ΓÄ»[22m[39m

[31m[1m[7m FAIL [27m[22m[39m v3/@claude-flow/cli/__tests__/commands-deep.test.ts[2m > [22mCommand 
Registry (commands/index.ts)[2m > [22mshould export all core commands synchronously
[31m[1mAssertionError[22m: expected undefined not to be undefined[39m
[36m [2mΓ¥»[22m v3/@claude-flow/cli/__tests__/commands-deep.test.ts:[2m550:39[22m[39m
    [90m548| [39m    
[34mexpect[39m(indexModule[33m.[39mmcpCommand)[33m.[39m[34mtoBeDefined[39m()[33m;[39m
    [90m549| [39m    
[34mexpect[39m(indexModule[33m.[39mhooksCommand)[33m.[39m[34mtoBeDefined[39m()[33m;[39m
    [90m550| [39m    
[34mexpect[39m(indexModule[33m.[39mdaemonCommand)[33m.[39m[34mtoBeDefined[39m()[33m;[39m
    [90m   | [39m                                      [31m^[39m
    [90m551| [39m    
[34mexpect[39m(indexModule[33m.[39mdoctorCommand)[33m.[39m[34mtoBeDefined[39m()[33m;[39m
    [90m552| [39m    
[34mexpect[39m(indexModule[33m.[39membeddingsCommand)[33m.[39m[34mtoBeDefined[39m()[33m;[39m

[31m[2mΓÄ»ΓÄ»ΓÄ»ΓÄ»ΓÄ»ΓÄ»ΓÄ»ΓÄ»ΓÄ»ΓÄ»ΓÄ»ΓÄ»ΓÄ»ΓÄ»ΓÄ»ΓÄ»ΓÄ»ΓÄ»ΓÄ»ΓÄ»ΓÄ»[91/397]ΓÄ»[22m[39m

[31m[1m[7m FAIL [27m[22m[39m v3/@claude-flow/cli/__tests__/commands-deep.test.ts[2m > [22mCommand 
Registry (commands/index.ts)[2m > [22mshould export commands array with many entries
[31m[1mAssertionError[22m: expected 10 to be greater than or equal to 15[39m
[36m [2mΓ¥»[22m v3/@claude-flow/cli/__tests__/commands-deep.test.ts:[2m572:41[22m[39m
    [90m570| [39m    [35mconst[39m indexModule [33m=[39m [35mawait[39m 
[35mimport[39m([32m'../src/commands/index.js'[39m)[33m;[39m
    [90m571| [39m    [34mexpect[39m([33mArray[39m[33m.[39m[34misArray[39m(indexModule[33m.[39mcommand
s))[33m.[39m[34mtoBe[39m([35mtrue[39m)[33m;[39m
    [90m572| [39m    [34mexpect[39m(indexModule[33m.[39mcommands[33m.[39mlength)[33m.[39m[34mtoBeGreat
erThanOrEqual[39m([34m15[39m)[33m;[39m
    [90m   | [39m                                        [31m^[39m
    [90m573| [39m  })[33m;[39m
    [90m574| [39m

[31m[2mΓÄ»ΓÄ»ΓÄ»ΓÄ»ΓÄ»ΓÄ»ΓÄ»ΓÄ»ΓÄ»ΓÄ»ΓÄ»ΓÄ»ΓÄ»ΓÄ»ΓÄ»ΓÄ»ΓÄ»ΓÄ»ΓÄ»ΓÄ»ΓÄ»[92/397]ΓÄ»[22m[39m

[31m[1m[7m FAIL [27m[22m[39m v3/@claude-flow/cli/__tests__/commands.test.ts[2m > [22mMemory Commands[2m 
> [22mmemory search[2m > [22mshould search memory
[31m[1mAssertionError[22m: expected false to be true // Object.is equality[39m

[32m- Expected[39m
[31m+ Received[39m

[32m- true[39m
[31m+ false[39m

[36m [2mΓ¥»[22m v3/@claude-flow/cli/__tests__/commands.test.ts:[2m590:30[22m[39m
    [90m588| [39m      [35mconst[39m result [33m=[39m [35mawait[39m 
searchCmd[33m![39m[33m.[39m[34maction[39m[33m![39m(ctx)[33m;[39m
    [90m589| [39m
    [90m590| [39m      
[34mexpect[39m(result[33m.[39msuccess)[33m.[39m[34mtoBe[39m([35mtrue[39m)[33m;[39m
    [90m   | [39m                             [31m^[39m
    [90m591| [39m      [34mexpect[39m([33mArray[39m[33m.[39m[34misArray[39m(result[33m.[39mdata))[33
m.[39m[34mtoBe[39m([35mtrue[39m)[33m;[39m
    [90m592| [39m    })[33m;[39m

[31m[2mΓÄ»ΓÄ»ΓÄ»ΓÄ»ΓÄ»ΓÄ»ΓÄ»ΓÄ»ΓÄ»ΓÄ»ΓÄ»ΓÄ»ΓÄ»ΓÄ»ΓÄ»ΓÄ»ΓÄ»ΓÄ»ΓÄ»ΓÄ»ΓÄ»[93/397]ΓÄ»[22m[39m

[31m[1m[7m FAIL [27m[22m[39m v3/@claude-flow/cli/__tests__/commands.test.ts[2m > [22mMemory Commands[2m 
> [22mmemory list[2m > [22mshould list memory entries
[31m[1mAssertionError[22m: expected false to be true // Object.is equality[39m

[32m- Expected[39m
[31m+ Received[39m

[32m- true[39m
[31m+ false[39m

[36m [2mΓ¥»[22m v3/@claude-flow/cli/__tests__/commands.test.ts:[2m610:30[22m[39m
    [90m608| [39m      [35mconst[39m result [33m=[39m [35mawait[39m 
listCmd[33m![39m[33m.[39m[34maction[39m[33m![39m(ctx)[33m;[39m
    [90m609| [39m
    [90m610| [39m      
[34mexpect[39m(result[33m.[39msuccess)[33m.[39m[34mtoBe[39m([35mtrue[39m)[33m;[39m
    [90m   | [39m                             [31m^[39m
    [90m611| [39m      [34mexpect[39m([33mArray[39m[33m.[39m[34misArray[39m(result[33m.[39mdata))[33
m.[39m[34mtoBe[39m([35mtrue[39m)[33m;[39m
    [90m612| [39m    })[33m;[39m

[31m[2mΓÄ»ΓÄ»ΓÄ»ΓÄ»ΓÄ»ΓÄ»ΓÄ»ΓÄ»ΓÄ»ΓÄ»ΓÄ»ΓÄ»ΓÄ»ΓÄ»ΓÄ»ΓÄ»ΓÄ»ΓÄ»ΓÄ»ΓÄ»ΓÄ»[94/397]ΓÄ»[22m[39m

[31m[1m[7m FAIL [27m[22m[39m v3/@claude-flow/cli/__tests__/commands.test.ts[2m > [22mConfig Commands[2m 
> [22mconfig set[2m > [22mshould set configuration value
[31m[1mAssertionError[22m: expected true to be false // Object.is equality[39m

[32m- Expected[39m
[31m+ Received[39m

[32m- false[39m
[31m+ true[39m

[36m [2mΓ¥»[22m v3/@claude-flow/cli/__tests__/commands.test.ts:[2m725:30[22m[39m
    [90m723| [39m
    [90m724| [39m      [90m// #1425: config set is not yet implemented[39m
    [90m725| [39m      
[34mexpect[39m(result[33m.[39msuccess)[33m.[39m[34mtoBe[39m([35mfalse[39m)[33m;[39m
    [90m   | [39m                             [31m^[39m
    [90m726| [39m      
[34mexpect[39m(result[33m.[39mexitCode)[33m.[39m[34mtoBe[39m([34m1[39m)[33m;[39m
    [90m727| [39m    })[33m;[39m

[31m[2mΓÄ»ΓÄ»ΓÄ»ΓÄ»ΓÄ»ΓÄ»ΓÄ»ΓÄ»ΓÄ»ΓÄ»ΓÄ»ΓÄ»ΓÄ»ΓÄ»ΓÄ»ΓÄ»ΓÄ»ΓÄ»ΓÄ»ΓÄ»ΓÄ»[95/397]ΓÄ»[22m[39m

[31m[1m[7m FAIL [27m[22m[39m v3/@claude-flow/cli/__tests__/commands.test.ts[2m > [22mConfig Commands[2m 
> [22mconfig reset[2m > [22mshould reset configuration
[31m[1mAssertionError[22m: expected true to be false // Object.is equality[39m

[32m- Expected[39m
[31m+ Received[39m

[32m- false[39m
[31m+ true[39m

[36m [2mΓ¥»[22m v3/@claude-flow/cli/__tests__/commands.test.ts:[2m759:30[22m[39m
    [90m757| [39m
    [90m758| [39m      [90m// #1425: config reset is not yet implemented[39m
    [90m759| [39m      
[34mexpect[39m(result[33m.[39msuccess)[33m.[39m[34mtoBe[39m([35mfalse[39m)[33m;[39m
    [90m   | [39m                             [31m^[39m
    [90m760| [39m      
[34mexpect[39m(result[33m.[39mexitCode)[33m.[39m[34mtoBe[39m([34m1[39m)[33m;[39m
    [90m761| [39m    })[33m;[39m

[31m[2mΓÄ»ΓÄ»ΓÄ»ΓÄ»ΓÄ»ΓÄ»ΓÄ»ΓÄ»ΓÄ»ΓÄ»ΓÄ»ΓÄ»ΓÄ»ΓÄ»ΓÄ»ΓÄ»ΓÄ»ΓÄ»ΓÄ»ΓÄ»ΓÄ»[96/397]ΓÄ»[22m[39m

[31m[1m[7m FAIL [27m[22m[39m v3/@claude-flow/cli/__tests__/commands.test.ts[2m > [22mConfig Commands[2m 
> [22mconfig export[2m > [22mshould export configuration
[31m[1mAssertionError[22m: expected true to be false // Object.is equality[39m

[32m- Expected[39m
[31m+ Received[39m

[32m- false[39m
[31m+ true[39m

[36m [2mΓ¥»[22m v3/@claude-flow/cli/__tests__/commands.test.ts:[2m772:30[22m[39m
    [90m770| [39m
    [90m771| [39m      [90m// #1425: config export is not yet implemented[39m
    [90m772| [39m      
[34mexpect[39m(result[33m.[39msuccess)[33m.[39m[34mtoBe[39m([35mfalse[39m)[33m;[39m
    [90m   | [39m                             [31m^[39m
    [90m773| [39m      
[34mexpect[39m(result[33m.[39mexitCode)[33m.[39m[34mtoBe[39m([34m1[39m)[33m;[39m
    [90m774| [39m    })[33m;[39m

[31m[2mΓÄ»ΓÄ»ΓÄ»ΓÄ»ΓÄ»ΓÄ»ΓÄ»ΓÄ»ΓÄ»ΓÄ»ΓÄ»ΓÄ»ΓÄ»ΓÄ»ΓÄ»ΓÄ»ΓÄ»ΓÄ»ΓÄ»ΓÄ»ΓÄ»[97/397]ΓÄ»[22m[39m

[31m[1m[7m FAIL [27m[22m[39m v3/@claude-flow/cli/__tests__/integration-docker.test.ts[2m > [22mDocker 
Compose Configuration[2m > [22mdefines exactly 4 services (mongodb, mcp-bridge, nginx, chat-ui)
[31m[1mAssertionError[22m: expected [ 'mongodb', 'mcp-bridge', ΓÇª(4) ] to have a length of 4 but got 6[39m

[32m- Expected[39m
[31m+ Received[39m

[32m- 4[39m
[31m+ 6[39m

[36m [2mΓ¥»[22m v3/@claude-flow/cli/__tests__/integration-docker.test.ts:[2m85:22[22m[39m
    [90m 83| [39m      expect[33m.[39m[34marrayContaining[39m([[32m'mongodb'[39m[33m,[39m 
[32m'mcp-bridge'[39m[33m,[39m [32m'nginx'[39m[33m,[39m [32m'chat-[39mΓÇª
    [90m 84| [39m    )[33m;[39m
    [90m 85| [39m    [34mexpect[39m(services)[33m.[39m[34mtoHaveLength[39m([34m4[39m)[33m;[39m
    [90m   | [39m                     [31m^[39m
    [90m 86| [39m  })[33m;[39m
    [90m 87| [39m

[31m[2mΓÄ»ΓÄ»ΓÄ»ΓÄ»ΓÄ»ΓÄ»ΓÄ»ΓÄ»ΓÄ»ΓÄ»ΓÄ»ΓÄ»ΓÄ»ΓÄ»ΓÄ»ΓÄ»ΓÄ»ΓÄ»ΓÄ»ΓÄ»ΓÄ»[98/397]ΓÄ»[22m[39m

[31m[1m[7m FAIL [27m[22m[39m v3/@claude-flow/cli/__tests__/integration-docker.test.ts[2m > [22mDocker 
Compose Configuration[2m > [22mchat-ui depends on mongodb and mcp-bridge
[31m[1mAssertionError[22m: expected '' to contain 'mongodb'[39m

[32m- Expected[39m
[31m+ Received[39m

[32m- mongodb[39m

[36m [2mΓ¥»[22m v3/@claude-flow/cli/__tests__/integration-docker.test.ts:[2m136:23[22m[39m
    [90m134| [39m    [35mconst[39m chatBlock [33m=[39m 
composeContent[33m.[39m[34msplit[39m([32m'chat-ui:'[39m)[[34m1[39m] [33m??[39m [32m''[39m[33m;[39m
    [90m135| [39m    [35mconst[39m depsBlock [33m=[39m 
chatBlock[33m.[39m[34msplit[39m([32m'depends_on:'[39m)[[34m1[39m][33m?.[39m[34msplit[39m([36m/\n  
[a[39mΓÇª
    [90m136| [39m    [34mexpect[39m(depsBlock)[33m.[39m[34mtoContain[39m([32m'mongodb'[39m)[33m;[39m
    [90m   | [39m                      [31m^[39m
    [90m137| [39m    
[34mexpect[39m(depsBlock)[33m.[39m[34mtoContain[39m([32m'mcp-bridge'[39m)[33m;[39m
    [90m138| [39m  })[33m;[39m

[31m[2mΓÄ»ΓÄ»ΓÄ»ΓÄ»ΓÄ»ΓÄ»ΓÄ»ΓÄ»ΓÄ»ΓÄ»ΓÄ»ΓÄ»ΓÄ»ΓÄ»ΓÄ»ΓÄ»ΓÄ»ΓÄ»ΓÄ»ΓÄ»ΓÄ»[99/397]ΓÄ»[22m[39m

[31m[1m[7m FAIL [27m[22m[39m v3/@claude-flow/cli/__tests__/integration-docker.test.ts[2m > [22mDocker 
Compose Configuration[2m > [22mchat-ui exposes port 3000 internally only
[31m[1mAssertionError[22m: expected '\r\n        condition: service_healthΓÇª' to contain 'expose'[39m

[32m- Expected[39m
[31m+ Received[39m

[32m- expose[39m
[31m+ 
[39m
[31m+         condition: service_healthy
[39m
[31m+       mcp-bridge:
[39m
[31m+         condition: service_healthy
[39m
[31m+       rufloui:
[39m
[31m+         condition: service_healthy
[39m
[31m+     healthcheck:
[39m
[31m+       test: ["CMD", "wget", "--spider", "-q", "http://localhost:3000"]
[39m
[31m+       interval: 30s
[39m
[31m+       timeout: 5s
[39m
[31m+       retries: 3
[39m
[31m+ 
[39m
[31m+   # --- RuFlo Chat UI (ruvocal SvelteKit fork ΓÇö built from source) ---
[39m
[31m+   [39m

[36m [2mΓ¥»[22m v3/@claude-flow/cli/__tests__/integration-docker.test.ts:[2m143:23[22m[39m
    [90m141| [39m    [35mconst[39m chatBlock [33m=[39m 
composeContent[33m.[39m[34msplit[39m([32m'chat-ui:'[39m)[[34m1[39m][33m?.[39m[34msplit[39m([36m/\n  
[39mΓÇª
    [90m142| [39m    [90m// Should use "expose" not "ports" since nginx fronts it[39m
    [90m143| [39m    [34mexpect[39m(chatBlock)[33m.[39m[34mtoContain[39m([32m'expose'[39m)[33m;[39m
    [90m   | [39m                      [31m^[39m
    [90m144| [39m  })[33m;[39m
    [90m145| [39m

[31m[2mΓÄ»ΓÄ»ΓÄ»ΓÄ»ΓÄ»ΓÄ»ΓÄ»ΓÄ»ΓÄ»ΓÄ»ΓÄ»ΓÄ»ΓÄ»ΓÄ»ΓÄ»ΓÄ»ΓÄ»ΓÄ»ΓÄ»ΓÄ»[100/397]ΓÄ»[22m[39m

[31m[1m[7m FAIL [27m[22m[39m v3/@claude-flow/cli/__tests__/integration-docker.test.ts[2m > [22mMCP 
Bridge Dockerfile[2m > [22muses Node.js 20 slim base image
[31m[1mAssertionError[22m: expected 'FROM node:22-slim\r\n\r\nWORKDIR /appΓÇª' to match 
/FROM\s+node:20-slim/[39m

[32m- Expected:[39m 
/FROM\s+node:20-slim/

[31m+ Received:[39m 
"FROM node:22-slim

WORKDIR /app

COPY package.json ./
RUN npm install --production

# Pre-install MCP backends for faster startup (avoids npx download on first call)
# Each installed separately so one failure doesn't block others
RUN npm install -g ruvector || true
RUN npm install -g ruflo || true
RUN npm install -g agentic-flow@alpha || true
RUN npm install -g gemini-mcp-server || true
RUN npm install -g @openai/codex || true

COPY index.js ./
COPY mcp-stdio-kernel.js ./
COPY ollama-mcp.js ./

# Create writable directories for MCP backends (ruflo, ruvector, agentic-flow)
# These tools write state/tasks/memory to the working directory at runtime
RUN mkdir -p /app/.claude-flow/tasks /app/.claude-flow/memory /app/.claude-flow/sessions \\
    /app/.claude-flow/agents /app/.claude-flow/config /app/.claude-flow/data \\
    /app/.claude-flow/logs /app/.claude-flow/swarm \\
    && chown -R node:node /app/.claude-flow

USER node

EXPOSE 3001

ENV PORT=3001
# Ollama
ENV OLLAMA_URL=http://ollama:11434
ENV OLLAMA_DEFAULT_MODEL=deepseek-v4-flash:cloud
# Tool groups ΓÇö defaults only, overridden by docker-compose environment
ENV MCP_GROUP_INTELLIGENCE=true
ENV MCP_GROUP_AGENTS=true
ENV MCP_GROUP_MEMORY=true
ENV MCP_GROUP_DEVTOOLS=true
ENV MCP_GROUP_SECURITY=true
ENV MCP_GROUP_BROWSER=true
ENV MCP_GROUP_NEURAL=true
ENV MCP_GROUP_AGENTIC_FLOW=true
ENV MCP_GROUP_CLAUDE_CODE=false
ENV MCP_GROUP_GEMINI=true
ENV MCP_GROUP_CODEX=true
ENV MCP_GROUP_OLLAMA=true

CMD [\"node\", \"index.js\"]
"

[36m [2mΓ¥»[22m v3/@claude-flow/cli/__tests__/integration-docker.test.ts:[2m389:27[22m[39m
    [90m387| [39m
    [90m388| [39m  [34mit[39m([32m'uses Node.js 20 slim base image'[39m[33m,[39m () [33m=>[39m {
    [90m389| [39m    
[34mexpect[39m(dockerContent)[33m.[39m[34mtoMatch[39m([36m/FROM\s+node:20-slim/[39m)[33m;[39m
    [90m   | [39m                          [31m^[39m
    [90m390| [39m  })[33m;[39m
    [90m391| [39m

[31m[2mΓÄ»ΓÄ»ΓÄ»ΓÄ»ΓÄ»ΓÄ»ΓÄ»ΓÄ»ΓÄ»ΓÄ»ΓÄ»ΓÄ»ΓÄ»ΓÄ»ΓÄ»ΓÄ»ΓÄ»ΓÄ»ΓÄ»ΓÄ»[101/397]ΓÄ»[22m[39m

[31m[1m[7m FAIL [27m[22m[39m v3/@claude-flow/cli/__tests__/integration-docker.test.ts[2m > [22mMCP 
Bridge Dockerfile[2m > [22msets default tool group environment variables
[31m[1mAssertionError[22m: expected 'FROM node:22-slim\r\n\r\nWORKDIR /appΓÇª' to contain 
'MCP_GROUP_SECURITY=false'[39m

[32m- Expected[39m
[31m+ Received[39m

[32m- MCP_GROUP_SECURITY=false[39m
[31m+ FROM node:22-slim
[39m
[31m+ 
[39m
[31m+ WORKDIR /app
[39m
[31m+ 
[39m
[31m+ COPY package.json ./
[39m
[31m+ RUN npm install --production
[39m
[31m+ 
[39m
[31m+ # Pre-install MCP backends for faster startup (avoids npx download on first call)
[39m
[31m+ # Each installed separately so one failure doesn't block others
[39m
[31m+ RUN npm install -g ruvector || true
[39m
[31m+ RUN npm install -g ruflo || true
[39m
[31m+ RUN npm install -g agentic-flow@alpha || true
[39m
[31m+ RUN npm install -g gemini-mcp-server || true
[39m
[31m+ RUN npm install -g @openai/codex || true
[39m
[31m+ 
[39m
[31m+ COPY index.js ./
[39m
[31m+ COPY mcp-stdio-kernel.js ./
[39m
[31m+ COPY ollama-mcp.js ./
[39m
[31m+ 
[39m
[31m+ # Create writable directories for MCP backends (ruflo, ruvector, agentic-flow)
[39m
[31m+ # These tools write state/tasks/memory to the working directory at runtime
[39m
[31m+ RUN mkdir -p /app/.claude-flow/tasks /app/.claude-flow/memory /app/.claude-flow/sessions \
[39m
[31m+     /app/.claude-flow/agents /app/.claude-flow/config /app/.claude-flow/data \
[39m
[31m+     /app/.claude-flow/logs /app/.claude-flow/swarm \
[39m
[31m+     && chown -R node:node /app/.claude-flow
[39m
[31m+ 
[39m
[31m+ USER node
[39m
[31m+ 
[39m
[31m+ EXPOSE 3001
[39m
[31m+ 
[39m
[31m+ ENV PORT=3001
[39m
[31m+ # Ollama
[39m
[31m+ ENV OLLAMA_URL=http://ollama:11434
[39m
[31m+ ENV OLLAMA_DEFAULT_MODEL=deepseek-v4-flash:cloud
[39m
[31m+ # Tool groups ΓÇö defaults only, overridden by docker-compose environment
[39m
[31m+ ENV MCP_GROUP_INTELLIGENCE=true
[39m
[31m+ ENV MCP_GROUP_AGENTS=true
[39m
[31m+ ENV MCP_GROUP_MEMORY=true
[39m
[31m+ ENV MCP_GROUP_DEVTOOLS=true
[39m
[31m+ ENV MCP_GROUP_SECURITY=true
[39m
[31m+ ENV MCP_GROUP_BROWSER=true
[39m
[31m+ ENV MCP_GROUP_NEURAL=true
[39m
[31m+ ENV MCP_GROUP_AGENTIC_FLOW=true
[39m
[31m+ ENV MCP_GROUP_CLAUDE_CODE=false
[39m
[31m+ ENV MCP_GROUP_GEMINI=true
[39m
[31m+ ENV MCP_GROUP_CODEX=true
[39m
[31m+ ENV MCP_GROUP_OLLAMA=true
[39m
[31m+ 
[39m
[31m+ CMD ["node", "index.js"]
[39m
[31m+[39m

[36m [2mΓ¥»[22m v3/@claude-flow/cli/__tests__/integration-docker.test.ts:[2m419:27[22m[39m
    [90m417| [39m    
[34mexpect[39m(dockerContent)[33m.[39m[34mtoContain[39m([32m'MCP_GROUP_INTELLIGENCE=true'[39m)[33m;[39m
    [90m418| [39m    
[34mexpect[39m(dockerContent)[33m.[39m[34mtoContain[39m([32m'MCP_GROUP_AGENTS=true'[39m)[33m;[39m
    [90m419| [39m    
[34mexpect[39m(dockerContent)[33m.[39m[34mtoContain[39m([32m'MCP_GROUP_SECURITY=false'[39m)[33m;[39m
    [90m   | [39m                          [31m^[39m
    [90m420| [39m  })[33m;[39m
    [90m421| [39m

[31m[2mΓÄ»ΓÄ»ΓÄ»ΓÄ»ΓÄ»ΓÄ»ΓÄ»ΓÄ»ΓÄ»ΓÄ»ΓÄ»ΓÄ»ΓÄ»ΓÄ»ΓÄ»ΓÄ»ΓÄ»ΓÄ»ΓÄ»ΓÄ»[102/397]ΓÄ»[22m[39m

[31m[1m[7m FAIL [27m[22m[39m v3/@claude-flow/cli/__tests__/integration-docker.test.ts[2m > [22mCLI 
Build[2m > [22mnpm run build succeeds
[31m[1mError[22m: Command failed: npm run build 2>&1[39m
[90m [2mΓ¥»[22m checkExecSyncError node:child_process:[2m882:11[22m[39m
[90m [2mΓ¥»[22m Proxy.execSync node:child_process:[2m954:15[22m[39m
[36m [2mΓ¥»[22m v3/@claude-flow/cli/__tests__/integration-docker.test.ts:[2m574:20[22m[39m
    [90m572| [39m
    [90m573| [39m  [34mit[39m([32m'npm run build succeeds'[39m[33m,[39m () [33m=>[39m {
    [90m574| [39m    [35mconst[39m result [33m=[39m [34mexecSync[39m([32m'npm run build 
2>&1'[39m[33m,[39m {
    [90m   | [39m                   [31m^[39m
    [90m575| [39m      cwd[33m:[39m [33mCLI_DIR[39m[33m,[39m
    [90m576| [39m      encoding[33m:[39m [32m'utf-8'[39m[33m,[39m

[31m[2mΓÄ»ΓÄ»ΓÄ»ΓÄ»ΓÄ»ΓÄ»ΓÄ»ΓÄ»ΓÄ»ΓÄ»ΓÄ»ΓÄ»ΓÄ»ΓÄ»ΓÄ»ΓÄ»ΓÄ»ΓÄ»ΓÄ»ΓÄ»ΓÄ»ΓÄ»ΓÄ»ΓÄ»ΓÄ»ΓÄ»ΓÄ»ΓÄ»ΓÄ»ΓÄ»[22m[39m
[31m[1mSerialized Error:[22m[39m [90m{ status: 2, signal: null, output: [ null, '\n> 
@claude-flow/cli@3.5.80 build\n> tsc\n\nsrc/commands/neural.ts(1727,41): error TS2307: Cannot find module 
\'@ruvector/learning-wasm\' or its corresponding type declarations.\r\nsrc/config-adapter.ts(6,35): error 
TS2307: Cannot find module \'@claude-flow/shared\' or its corresponding type 
declarations.\r\nsrc/index.ts(465,61): error TS2307: Cannot find module \'@claude-flow/shared\' or its 
corresponding type declarations.\r\nsrc/infrastructure/in-memory-repositories.ts(9,47): error TS6305: Output 
file \'C:/Users/saima/Desktop/code/ruflo_project/v3/@claude-flow/swarm/dist/domain/entities/agent.d.ts\' has not 
been built from source file \'C:/Users/saima/Desktop/code/ruflo_project/v3/@claude-flow/swarm/src/domain/entities
/agent.ts\'.\r\nsrc/infrastructure/in-memory-repositories.ts(10,48): error TS6305: Output file 
\'C:/Users/saima/Desktop/code/ruflo_project/v3/@claude-flow/swarm/dist/domain/entities/task.d.ts\' has not been 
built from source file \'C:/Users/saima/Desktop/code/ruflo_project/v3/@claude-flow/swarm/src/domain/entities/task
.ts\'.\r\nsrc/infrastructure/in-memory-repositories.ts(15,8): error TS6305: Output file \'C:/Users/saima/Desktop/
code/ruflo_project/v3/@claude-flow/swarm/dist/domain/repositories/agent-repository.interface.d.ts\' has not been 
built from source file \'C:/Users/saima/Desktop/code/ruflo_project/v3/@claude-flow/swarm/src/domain/repositories/
agent-repository.interface.ts\'.\r\nsrc/infrastructure/in-memory-repositories.ts(20,8): error TS6305: Output 
file \'C:/Users/saima/Desktop/code/ruflo_project/v3/@claude-flow/swarm/dist/domain/repositories/task-repository.i
nterface.d.ts\' has not been built from source file \'C:/Users/saima/Desktop/code/ruflo_project/v3/@claude-flow/s
warm/src/domain/repositories/task-repository.interface.ts\'.\r\nsrc/memory/memory-bridge.ts(66,53): error 
TS2307: Cannot find module \'@claude-flow/memory\' or its corresponding type 
declarations.\r\nsrc/ruvector/index.ts(227,31): error TS2307: Cannot find module \'@ruvector/learning-wasm\' or 
its corresponding type declarations.\r\nsrc/services/ruvector-training.ts(21,8): error TS2307: Cannot find 
module \'@ruvector/learning-wasm\' or its corresponding type 
declarations.\r\nsrc/services/ruvector-training.ts(323,39): error TS2307: Cannot find module 
\'@ruvector/learning-wasm\' or its corresponding type declarations.\r\nsrc/transfer/ipfs/client.ts(332,29): 
error TS2307: Cannot find module \'@noble/ed25519\' or its corresponding type declarations.\r\nnpm error 
Lifecycle script `build` failed with error:\nnpm error code 2\nnpm error path 
C:\Users\saima\Desktop\code\ruflo_project\v3\@claude-flow\cli\nnpm error workspace @claude-flow/cli@3.5.80\nnpm 
error location C:\Users\saima\Desktop\code\ruflo_project\v3\@claude-flow\cli\nnpm error command failed\nnpm 
error command C:\WINDOWS\system32\cmd.exe /d /s /c tsc\n', '' ], pid: 34936, stdout: '\n> 
@claude-flow/cli@3.5.80 build\n> tsc\n\nsrc/commands/neural.ts(1727,41): error TS2307: Cannot find module 
\'@ruvector/learning-wasm\' or its corresponding type declarations.\r\nsrc/config-adapter.ts(6,35): error 
TS2307: Cannot find module \'@claude-flow/shared\' or its corresponding type 
declarations.\r\nsrc/index.ts(465,61): error TS2307: Cannot find module \'@claude-flow/shared\' or its 
corresponding type declarations.\r\nsrc/infrastructure/in-memory-repositories.ts(9,47): error TS6305: Output 
file \'C:/Users/saima/Desktop/code/ruflo_project/v3/@claude-flow/swarm/dist/domain/entities/agent.d.ts\' has not 
been built from source file \'C:/Users/saima/Desktop/code/ruflo_project/v3/@claude-flow/swarm/src/domain/entities
/agent.ts\'.\r\nsrc/infrastructure/in-memory-repositories.ts(10,48): error TS6305: Output file 
\'C:/Users/saima/Desktop/code/ruflo_project/v3/@claude-flow/swarm/dist/domain/entities/task.d.ts\' has not been 
built from source file \'C:/Users/saima/Desktop/code/ruflo_project/v3/@claude-flow/swarm/src/domain/entities/task
.ts\'.\r\nsrc/infrastructure/in-memory-repositories.ts(15,8): error TS6305: Output file \'C:/Users/saima/Desktop/
code/ruflo_project/v3/@claude-flow/swarm/dist/domain/repositories/agent-repository.interface.d.ts\' has not been 
built from source file \'C:/Users/saima/Desktop/code/ruflo_project/v3/@claude-flow/swarm/src/domain/repositories/
agent-repository.interface.ts\'.\r\nsrc/infrastructure/in-memory-repositories.ts(20,8): error TS6305: Output 
file \'C:/Users/saima/Desktop/code/ruflo_project/v3/@claude-flow/swarm/dist/domain/repositories/task-repository.i
nterface.d.ts\' has not been built from source file \'C:/Users/saima/Desktop/code/ruflo_project/v3/@claude-flow/s
warm/src/domain/repositories/task-repository.interface.ts\'.\r\nsrc/memory/memory-bridge.ts(66,53): error 
TS2307: Cannot find module \'@claude-flow/memory\' or its corresponding type 
declarations.\r\nsrc/ruvector/index.ts(227,31): error TS2307: Cannot find module \'@ruvector/learning-wasm\' or 
its corresponding type declarations.\r\nsrc/services/ruvector-training.ts(21,8): error TS2307: Cannot find 
module \'@ruvector/learning-wasm\' or its corresponding type 
declarations.\r\nsrc/services/ruvector-training.ts(323,39): error TS2307: Cannot find module 
\'@ruvector/learning-wasm\' or its corresponding type declarations.\r\nsrc/transfer/ipfs/client.ts(332,29): 
error TS2307: Cannot find module \'@noble/ed25519\' or its corresponding type declarations.\r\nnpm error 
Lifecycle script `build` failed with error:\nnpm error code 2\nnpm error path 
C:\Users\saima\Desktop\code\ruflo_project\v3\@claude-flow\cli\nnpm error workspace @claude-flow/cli@3.5.80\nnpm 
error location C:\Users\saima\Desktop\code\ruflo_project\v3\@claude-flow\cli\nnpm error command failed\nnpm 
error command C:\WINDOWS\system32\cmd.exe /d /s /c tsc\n', stderr: '' }[39m
[31m[2mΓÄ»ΓÄ»ΓÄ»ΓÄ»ΓÄ»ΓÄ»ΓÄ»ΓÄ»ΓÄ»ΓÄ»ΓÄ»ΓÄ»ΓÄ»ΓÄ»ΓÄ»ΓÄ»ΓÄ»ΓÄ»ΓÄ»ΓÄ»[103/397]ΓÄ»[22m[39m

[31m[1m[7m FAIL [27m[22m[39m v3/@claude-flow/cli/__tests__/integration-docker.test.ts[2m > 
[22mCross-Service Port Consistency[2m > [22mnginx proxies to chat-ui:3000 matching chat-ui expose port
[31m[1mAssertionError[22m: expected '\r\n        condition: service_healthΓÇª' to contain '"3000"'[39m

[32m- Expected[39m
[31m+ Received[39m

[32m- "3000"[39m
[31m+ 
[39m
[31m+         condition: service_healthy
[39m
[31m+       mcp-bridge:
[39m
[31m+         condition: service_healthy
[39m
[31m+       rufloui:
[39m
[31m+         condition: service_healthy
[39m
[31m+     healthcheck:
[39m
[31m+       test: ["CMD", "wget", "--spider", "-q", "http://localhost:3000"]
[39m
[31m+       interval: 30s
[39m
[31m+       timeout: 5s
[39m
[31m+       retries: 3
[39m
[31m+ 
[39m
[31m+   # --- RuFlo Chat UI (ruvocal SvelteKit fork ΓÇö built from source) ---
[39m
[31m+   [39m

[36m [2mΓ¥»[22m v3/@claude-flow/cli/__tests__/integration-docker.test.ts:[2m603:23[22m[39m
    [90m601| [39m    [90m// chat-ui exposes 3000[39m
    [90m602| [39m    [35mconst[39m chatBlock [33m=[39m 
compose[33m.[39m[34msplit[39m([32m'chat-ui:'[39m)[[34m1[39m] [33m??[39m [32m''[39m[33m;[39m
    [90m603| [39m    [34mexpect[39m(chatBlock)[33m.[39m[34mtoContain[39m([32m'"3000"'[39m)[33m;[39m
    [90m   | [39m                      [31m^[39m
    [90m604| [39m  })[33m;[39m
    [90m605| [39m

[31m[2mΓÄ»ΓÄ»ΓÄ»ΓÄ»ΓÄ»ΓÄ»ΓÄ»ΓÄ»ΓÄ»ΓÄ»ΓÄ»ΓÄ»ΓÄ»ΓÄ»ΓÄ»ΓÄ»ΓÄ»ΓÄ»ΓÄ»ΓÄ»[104/397]ΓÄ»[22m[39m

[31m[1m[7m FAIL [27m[22m[39m v3/@claude-flow/cli/__tests__/integration-docker.test.ts[2m > [22mSecurity 
Checks[2m > [22m.env.example does not contain actual API key values
[31m[1mAssertionError[22m: expected 'OPENAI_API_KEY=\r' to be 'OPENAI_API_KEY=' // Object.is equality[39m

[32m- Expected[39m
[31m+ Received[39m

[32m- OPENAI_API_KEY=[39m
[31m+ OPENAI_API_KEY=
[39m

[36m [2mΓ¥»[22m v3/@claude-flow/cli/__tests__/integration-docker.test.ts:[2m642:21[22m[39m
    [90m640| [39m    [90m// Key lines should be empty or placeholder[39m
    [90m641| [39m    [35mconst[39m keyLine [33m=[39m 
env[33m.[39m[34msplit[39m([32m'\n'[39m)[33m.[39m[34mfind[39m(l [33m=>[39m 
l[33m.[39m[34mstartsWith[39m([32m'OPENAI_API[39mΓÇª
    [90m642| [39m    [34mexpect[39m(keyLine)[33m.[39m[34mtoBe[39m([32m'OPENAI_API_KEY='[39m)[33m;[39m
    [90m   | [39m                    [31m^[39m
    [90m643| [39m  })[33m;[39m
    [90m644| [39m

[31m[2mΓÄ»ΓÄ»ΓÄ»ΓÄ»ΓÄ»ΓÄ»ΓÄ»ΓÄ»ΓÄ»ΓÄ»ΓÄ»ΓÄ»ΓÄ»ΓÄ»ΓÄ»ΓÄ»ΓÄ»ΓÄ»ΓÄ»ΓÄ»[105/397]ΓÄ»[22m[39m

[31m[1m[7m FAIL [27m[22m[39m v3/@claude-flow/cli/__tests__/memory-ruvector-deep.test.ts[2m > [22mAgentic 
Flow Bridge[2m > [22mshould export getReasoningBank function
[31m[1m[7m FAIL [27m[22m[39m v3/@claude-flow/cli/__tests__/memory-ruvector-deep.test.ts[2m > [22mAgentic 
Flow Bridge[2m > [22mshould export getRouter function
[31m[1m[7m FAIL [27m[22m[39m v3/@claude-flow/cli/__tests__/memory-ruvector-deep.test.ts[2m > [22mAgentic 
Flow Bridge[2m > [22mshould export getOrchestration function
[31m[1m[7m FAIL [27m[22m[39m v3/@claude-flow/cli/__tests__/memory-ruvector-deep.test.ts[2m > [22mAgentic 
Flow Bridge[2m > [22mshould handle missing agentic-flow gracefully in isAvailable
[31m[1m[7m FAIL [27m[22m[39m v3/@claude-flow/cli/__tests__/memory-ruvector-deep.test.ts[2m > [22mAgentic 
Flow Bridge[2m > [22mshould return capabilities summary
[31m[1m[7m FAIL [27m[22m[39m v3/@claude-flow/cli/__tests__/memory-ruvector-deep.test.ts[2m > [22mAgentic 
Flow Bridge[2m > [22mshould return embedding or null for computeEmbedding
[31m[1m[7m FAIL [27m[22m[39m v3/@claude-flow/cli/__tests__/memory-ruvector-deep.test.ts[2m > [22mAgentic 
Flow Bridge[2m > [22mshould return array or handle error for retrieveMemories
[31m[1mError[22m: Missing "./orchestration" specifier in "agentic-flow" package[39m
[90m [2mΓ¥»[22m e node_modules/vite/dist/node/chunks/dep-BK3b2jBa.js:[2m46042:25[22m[39m
[90m [2mΓ¥»[22m n node_modules/vite/dist/node/chunks/dep-BK3b2jBa.js:[2m46042:627[22m[39m
[90m [2mΓ¥»[22m o node_modules/vite/dist/node/chunks/dep-BK3b2jBa.js:[2m46042:1297[22m[39m
[90m [2mΓ¥»[22m resolveExportsOrImports 
node_modules/vite/dist/node/chunks/dep-BK3b2jBa.js:[2m46663:18[22m[39m
[90m [2mΓ¥»[22m resolveDeepImport node_modules/vite/dist/node/chunks/dep-BK3b2jBa.js:[2m46686:25[22m[39m
[90m [2mΓ¥»[22m tryNodeResolve node_modules/vite/dist/node/chunks/dep-BK3b2jBa.js:[2m46451:16[22m[39m
[90m [2mΓ¥»[22m ResolveIdContext.resolveId 
node_modules/vite/dist/node/chunks/dep-BK3b2jBa.js:[2m46201:19[22m[39m
[90m [2mΓ¥»[22m PluginContainer.resolveId 
node_modules/vite/dist/node/chunks/dep-BK3b2jBa.js:[2m49018:17[22m[39m
[90m [2mΓ¥»[22m TransformPluginContext.resolve 
node_modules/vite/dist/node/chunks/dep-BK3b2jBa.js:[2m49178:15[22m[39m

[31m[2mΓÄ»ΓÄ»ΓÄ»ΓÄ»ΓÄ»ΓÄ»ΓÄ»ΓÄ»ΓÄ»ΓÄ»ΓÄ»ΓÄ»ΓÄ»ΓÄ»ΓÄ»ΓÄ»ΓÄ»ΓÄ»ΓÄ»ΓÄ»[106/397]ΓÄ»[22m[39m

[31m[1m[7m FAIL [27m[22m[39m v3/@claude-flow/cli/__tests__/plugins-transfer-deep.test.ts[2m > 
[22mPluginManager[2m > [22mshould return correct plugins dir and manifest path
[31m[1mAssertionError[22m: expected '\tmp\plugin-test-1777627822680\.claudΓÇª' to contain 
'.claude-flow/plugins'[39m

[32m- Expected[39m
[31m+ Received[39m

[32m- .claude-flow/plugins[39m
[31m+ \tmp\plugin-test-1777627822680\.claude-flow\plugins[39m

[36m [2mΓ¥»[22m v3/@claude-flow/cli/__tests__/plugins-transfer-deep.test.ts:[2m116:37[22m[39m
    [90m114| [39m
    [90m115| [39m  [34mit[39m([32m'should return correct plugins dir and manifest path'[39m[33m,[39m () 
[33m=>[39m {
    [90m116| [39m    [34mexpect[39m(manager[33m.[39m[34mgetPluginsDir[39m())[33m.[39m[34mtoContain[39
m([32m'.claude-flow/plugins'[39m)[33m;[39m
    [90m   | [39m                                    [31m^[39m
    [90m117| [39m    [34mexpect[39m(manager[33m.[39m[34mgetManifestPath[39m())[33m.[39m[34mtoContain[
39m([32m'installed.json'[39m)[33m;[39m
    [90m118| [39m  })[33m;[39m

[31m[2mΓÄ»ΓÄ»ΓÄ»ΓÄ»ΓÄ»ΓÄ»ΓÄ»ΓÄ»ΓÄ»ΓÄ»ΓÄ»ΓÄ»ΓÄ»ΓÄ»ΓÄ»ΓÄ»ΓÄ»ΓÄ»ΓÄ»ΓÄ»[107/397]ΓÄ»[22m[39m

[31m[1m[7m FAIL [27m[22m[39m v3/@claude-flow/memory/src/agent-memory-scope.test.ts[2m > 
[22mresolveAgentMemoryDir[2m > [22mshould resolve project scope to gitRoot/.claude/agent-memory/name/
[31m[1mAssertionError[22m: expected '\workspaces\my-project\src\.claude\agΓÇª' to be 
'\workspaces\my-project\.claude\agent-ΓÇª' // Object.is equality[39m

[32m- Expected[39m
[31m+ Received[39m

[32m- \workspaces\my-project\.claude\agent-memory\coder[39m
[31m+ \workspaces\my-project\src\.claude\agent-memory\coder[39m

[36m [2mΓ¥»[22m v3/@claude-flow/memory/src/agent-memory-scope.test.ts:[2m123:20[22m[39m
    [90m121| [39m
    [90m122| [39m    [35mconst[39m result [33m=[39m 
[34mresolveAgentMemoryDir[39m([32m'coder'[39m[33m,[39m [32m'project'[39m[33m,[39m 
[32m'/workspa[39mΓÇª
    [90m123| [39m    [34mexpect[39m(result)[33m.[39m[34mtoBe[39m(
    [90m   | [39m                   [31m^[39m
    [90m124| [39m      path[33m.[39m[34mjoin[39m([32m'/workspaces/my-project'[39m[33m,[39m 
[32m'.claude'[39m[33m,[39m [32m'agent-memory'[39m[33m,[39m [32m'[39mΓÇª
    [90m125| [39m    )[33m;[39m

[31m[2mΓÄ»ΓÄ»ΓÄ»ΓÄ»ΓÄ»ΓÄ»ΓÄ»ΓÄ»ΓÄ»ΓÄ»ΓÄ»ΓÄ»ΓÄ»ΓÄ»ΓÄ»ΓÄ»ΓÄ»ΓÄ»ΓÄ»ΓÄ»[108/397]ΓÄ»[22m[39m

[31m[1m[7m FAIL [27m[22m[39m v3/@claude-flow/memory/src/agent-memory-scope.test.ts[2m > 
[22mresolveAgentMemoryDir[2m > [22mshould resolve local scope to gitRoot/.claude/agent-memory-local/name/
[31m[1mAssertionError[22m: expected '\workspaces\my-project\src\.claude\agΓÇª' to be 
'\workspaces\my-project\.claude\agent-ΓÇª' // Object.is equality[39m

[32m- Expected[39m
[31m+ Received[39m

[32m- \workspaces\my-project\.claude\agent-memory-local\researcher[39m
[31m+ \workspaces\my-project\src\.claude\agent-memory-local\researcher[39m

[36m [2mΓ¥»[22m v3/@claude-flow/memory/src/agent-memory-scope.test.ts:[2m134:20[22m[39m
    [90m132| [39m
    [90m133| [39m    [35mconst[39m result [33m=[39m 
[34mresolveAgentMemoryDir[39m([32m'researcher'[39m[33m,[39m [32m'local'[39m[33m,[39m 
[32m'/work[39mΓÇª
    [90m134| [39m    [34mexpect[39m(result)[33m.[39m[34mtoBe[39m(
    [90m   | [39m                   [31m^[39m
    [90m135| [39m      path[33m.[39m[34mjoin[39m([32m'/workspaces/my-project'[39m[33m,[39m 
[32m'.claude'[39m[33m,[39m [32m'agent-memory-loc[39mΓÇª
    [90m136| [39m    )[33m;[39m

[31m[2mΓÄ»ΓÄ»ΓÄ»ΓÄ»ΓÄ»ΓÄ»ΓÄ»ΓÄ»ΓÄ»ΓÄ»ΓÄ»ΓÄ»ΓÄ»ΓÄ»ΓÄ»ΓÄ»ΓÄ»ΓÄ»ΓÄ»ΓÄ»[109/397]ΓÄ»[22m[39m

[31m[1m[7m FAIL [27m[22m[39m v3/@claude-flow/memory/src/auto-memory-bridge.test.ts[2m > 
[22mresolveAutoMemoryDir[2m > [22mshould derive path from working directory
[31m[1mAssertionError[22m: expected 'C:\Users\saima\.claude\projects\-workΓÇª' to contain 
'.claude/projects/'[39m

[32m- Expected[39m
[31m+ Received[39m

[32m- .claude/projects/[39m
[31m+ C:\Users\saima\.claude\projects\-workspaces-my-project\memory[39m

[36m [2mΓ¥»[22m v3/@claude-flow/memory/src/auto-memory-bridge.test.ts:[2m89:20[22m[39m
    [90m 87| [39m  [34mit[39m([32m'should derive path from working directory'[39m[33m,[39m () 
[33m=>[39m {
    [90m 88| [39m    [35mconst[39m result [33m=[39m 
[34mresolveAutoMemoryDir[39m([32m'/workspaces/my-project'[39m)[33m;[39m
    [90m 89| [39m    
[34mexpect[39m(result)[33m.[39m[34mtoContain[39m([32m'.claude/projects/'[39m)[33m;[39m
    [90m   | [39m                   [31m^[39m
    [90m 90| [39m    [34mexpect[39m(result)[33m.[39m[34mtoContain[39m([32m'memory'[39m)[33m;[39m
    [90m 91| [39m    
[34mexpect[39m(result)[33m.[39mnot[33m.[39m[34mtoContain[39m([32m'//'[39m)[33m;[39m

[31m[2mΓÄ»ΓÄ»ΓÄ»ΓÄ»ΓÄ»ΓÄ»ΓÄ»ΓÄ»ΓÄ»ΓÄ»ΓÄ»ΓÄ»ΓÄ»ΓÄ»ΓÄ»ΓÄ»ΓÄ»ΓÄ»ΓÄ»ΓÄ»[110/397]ΓÄ»[22m[39m

[31m[1m[7m FAIL [27m[22m[39m v3/@claude-flow/memory/src/benchmark.test.ts[2m > [22mADR-049 Performance 
Benchmarks[2m > [22mAgentMemoryScope: resolve 10k paths
[31m[1mAssertionError[22m: expected 1163.959600000002 to be less than 200[39m
[36m [2mΓ¥»[22m v3/@claude-flow/memory/src/benchmark.test.ts:[2m244:16[22m[39m
    [90m242| [39m    [35mconst[39m dt [33m=[39m performance[33m.[39m[34mnow[39m() [33m-[39m 
t0[33m;[39m
    [90m243| [39m    console[33m.[39m[34mlog[39m([32m`  Resolve 10k paths:  
[39m[36m${[39mdt[33m.[39m[34mtoFixed[39m([34m2[39m)[36m}[39m[32mms  
([39m[36m${[39m(dt[33m/[39m[34m10[39m)[33m.[39mΓÇª
    [90m244| [39m    [34mexpect[39m(dt)[33m.[39m[34mtoBeLessThan[39m([34m200[39m)[33m;[39m [90m// 
Not an ADR-049 target; relaxed fo[39mΓÇª
    [90m   | [39m               [31m^[39m
    [90m245| [39m  })[33m;[39m
    [90m246| [39m

[31m[2mΓÄ»ΓÄ»ΓÄ»ΓÄ»ΓÄ»ΓÄ»ΓÄ»ΓÄ»ΓÄ»ΓÄ»ΓÄ»ΓÄ»ΓÄ»ΓÄ»ΓÄ»ΓÄ»ΓÄ»ΓÄ»ΓÄ»ΓÄ»[111/397]ΓÄ»[22m[39m

[31m[1m[7m FAIL [27m[22m[39m v3/@claude-flow/memory/src/hybrid-backend.test.ts[2m > [22mHybridBackend - 
ADR-009[2m > [22mInitialization[2m > [22mshould initialize both backends
[31m[1mAssertionError[22m: expected 'degraded' to be 'healthy' // Object.is equality[39m

[32m- Expected[39m
[31m+ Received[39m

[32m- healthy[39m
[31m+ degraded[39m

[36m [2mΓ¥»[22m v3/@claude-flow/memory/src/hybrid-backend.test.ts:[2m48:29[22m[39m
    [90m 46| [39m    [34mit[39m([32m'should initialize both backends'[39m[33m,[39m [35masync[39m () 
[33m=>[39m {
    [90m 47| [39m      [35mconst[39m health [33m=[39m [35mawait[39m 
backend[33m.[39m[34mhealthCheck[39m()[33m;[39m
    [90m 48| [39m      
[34mexpect[39m(health[33m.[39mstatus)[33m.[39m[34mtoBe[39m([32m'healthy'[39m)[33m;[39m
    [90m   | [39m                            [31m^[39m
    [90m 49| [39m      
[34mexpect[39m(health[33m.[39mcomponents[33m.[39mstorage)[33m.[39m[34mtoBeDefined[39m()[33m;[39m
    [90m 50| [39m      
[34mexpect[39m(health[33m.[39mcomponents[33m.[39mindex)[33m.[39m[34mtoBeDefined[39m()[33m;[39m

[31m[2mΓÄ»ΓÄ»ΓÄ»ΓÄ»ΓÄ»ΓÄ»ΓÄ»ΓÄ»ΓÄ»ΓÄ»ΓÄ»ΓÄ»ΓÄ»ΓÄ»ΓÄ»ΓÄ»ΓÄ»ΓÄ»ΓÄ»ΓÄ»[112/397]ΓÄ»[22m[39m

[31m[1m[7m FAIL [27m[22m[39m v3/@claude-flow/memory/src/hybrid-backend.test.ts[2m > [22mHybridBackend - 
ADR-009[2m > [22mHealth Check[2m > [22mshould report healthy status for both backends
[31m[1mAssertionError[22m: expected 'degraded' to be 'healthy' // Object.is equality[39m

[32m- Expected[39m
[31m+ Received[39m

[32m- healthy[39m
[31m+ degraded[39m

[36m [2mΓ¥»[22m v3/@claude-flow/memory/src/hybrid-backend.test.ts:[2m351:29[22m[39m
    [90m349| [39m    [34mit[39m([32m'should report healthy status for both backends'[39m[33m,[39m 
[35masync[39m () [33m=>[39m {
    [90m350| [39m      [35mconst[39m health [33m=[39m [35mawait[39m 
backend[33m.[39m[34mhealthCheck[39m()[33m;[39m
    [90m351| [39m      
[34mexpect[39m(health[33m.[39mstatus)[33m.[39m[34mtoBe[39m([32m'healthy'[39m)[33m;[39m
    [90m   | [39m                            [31m^[39m
    [90m352| [39m      [34mexpect[39m(health[33m.[39mcomponents[33m.[39mstorage[33m.[39mstatus)[33m.[
39m[34mtoBe[39m([32m'healthy'[39m)[33m;[39m
    [90m353| [39m      [34mexpect[39m(health[33m.[39mcomponents[33m.[39mindex[33m.[39mstatus)[33m.[39
m[34mtoBe[39m([32m'healthy'[39m)[33m;[39m

[31m[2mΓÄ»ΓÄ»ΓÄ»ΓÄ»ΓÄ»ΓÄ»ΓÄ»ΓÄ»ΓÄ»ΓÄ»ΓÄ»ΓÄ»ΓÄ»ΓÄ»ΓÄ»ΓÄ»ΓÄ»ΓÄ»ΓÄ»ΓÄ»[113/397]ΓÄ»[22m[39m

[31m[1m[7m FAIL [27m[22m[39m v3/@claude-flow/neural/__tests__/algorithms.test.ts[2m > [22mDecision 
Transformer[2m > [22mshould train under performance target (<10ms per batch)
[31m[1mAssertionError[22m: expected 171.8140999999996 to be less than 100[39m
[36m [2mΓ¥»[22m v3/@claude-flow/neural/__tests__/algorithms.test.ts:[2m529:21[22m[39m
    [90m527| [39m    [35mconst[39m elapsed [33m=[39m performance[33m.[39m[34mnow[39m() [33m-[39m 
startTime[33m;[39m
    [90m528| [39m
    [90m529| [39m    [34mexpect[39m(elapsed)[33m.[39m[34mtoBeLessThan[39m([34m100[39m)[33m;[39m 
[90m// Allow overhead for transform[39mΓÇª
    [90m   | [39m                    [31m^[39m
    [90m530| [39m  })[33m;[39m
    [90m531| [39m

[31m[2mΓÄ»ΓÄ»ΓÄ»ΓÄ»ΓÄ»ΓÄ»ΓÄ»ΓÄ»ΓÄ»ΓÄ»ΓÄ»ΓÄ»ΓÄ»ΓÄ»ΓÄ»ΓÄ»ΓÄ»ΓÄ»ΓÄ»ΓÄ»[114/397]ΓÄ»[22m[39m

[31m[1m[7m FAIL [27m[22m[39m v3/@claude-flow/plugins/__tests__/enhanced-plugin-registry.test.ts[2m > 
[22mEnhancedPluginRegistry[2m > [22mversion constraints[2m > [22mshould validate dependency versions during 
initialization
[31m[1mError[22m: Invalid plugin: does not implement IPlugin interface[39m
[36m [2mΓ¥»[22m EnhancedPluginRegistry.register 
v3/@claude-flow/plugins/src/registry/enhanced-plugin-registry.ts:[2m284:13[22m[39m
    [90m282| [39m    [90m// Validate plugin[39m
    [90m283| [39m    [35mif[39m ([33m![39m[34mvalidatePlugin[39m(resolvedPlugin)) {
    [90m284| [39m      [35mthrow[39m [35mnew[39m [33mError[39m([32m'Invalid plugin: does not implement 
IPlugin inte[39mΓÇª
    [90m   | [39m            [31m^[39m
    [90m285| [39m    }
    [90m286| [39m
[90m [2mΓ¥»[22m v3/@claude-flow/plugins/__tests__/enhanced-plugin-registry.test.ts:[2m137:22[22m[39m

[31m[2mΓÄ»ΓÄ»ΓÄ»ΓÄ»ΓÄ»ΓÄ»ΓÄ»ΓÄ»ΓÄ»ΓÄ»ΓÄ»ΓÄ»ΓÄ»ΓÄ»ΓÄ»ΓÄ»ΓÄ»ΓÄ»ΓÄ»ΓÄ»[115/397]ΓÄ»[22m[39m

[31m[1m[7m FAIL [27m[22m[39m v3/@claude-flow/plugins/__tests__/enhanced-plugin-registry.test.ts[2m > 
[22mEnhancedPluginRegistry[2m > [22mversion constraints[2m > [22mshould pass validation with compatible 
versions
[31m[1mError[22m: Invalid plugin: does not implement IPlugin interface[39m
[36m [2mΓ¥»[22m EnhancedPluginRegistry.register 
v3/@claude-flow/plugins/src/registry/enhanced-plugin-registry.ts:[2m284:13[22m[39m
    [90m282| [39m    [90m// Validate plugin[39m
    [90m283| [39m    [35mif[39m ([33m![39m[34mvalidatePlugin[39m(resolvedPlugin)) {
    [90m284| [39m      [35mthrow[39m [35mnew[39m [33mError[39m([32m'Invalid plugin: does not implement 
IPlugin inte[39mΓÇª
    [90m   | [39m            [31m^[39m
    [90m285| [39m    }
    [90m286| [39m
[90m [2mΓ¥»[22m v3/@claude-flow/plugins/__tests__/enhanced-plugin-registry.test.ts:[2m147:22[22m[39m

[31m[2mΓÄ»ΓÄ»ΓÄ»ΓÄ»ΓÄ»ΓÄ»ΓÄ»ΓÄ»ΓÄ»ΓÄ»ΓÄ»ΓÄ»ΓÄ»ΓÄ»ΓÄ»ΓÄ»ΓÄ»ΓÄ»ΓÄ»ΓÄ»[116/397]ΓÄ»[22m[39m

[31m[1m[7m FAIL [27m[22m[39m v3/@claude-flow/plugins/__tests__/enhanced-plugin-registry.test.ts[2m > 
[22mEnhancedPluginRegistry[2m > [22msafe unload[2m > [22mshould prevent unload of plugins with dependents
[31m[1mError[22m: Invalid plugin: does not implement IPlugin interface[39m
[36m [2mΓ¥»[22m EnhancedPluginRegistry.register 
v3/@claude-flow/plugins/src/registry/enhanced-plugin-registry.ts:[2m284:13[22m[39m
    [90m282| [39m    [90m// Validate plugin[39m
    [90m283| [39m    [35mif[39m ([33m![39m[34mvalidatePlugin[39m(resolvedPlugin)) {
    [90m284| [39m      [35mthrow[39m [35mnew[39m [33mError[39m([32m'Invalid plugin: does not implement 
IPlugin inte[39mΓÇª
    [90m   | [39m            [31m^[39m
    [90m285| [39m    }
    [90m286| [39m
[90m [2mΓ¥»[22m v3/@claude-flow/plugins/__tests__/enhanced-plugin-registry.test.ts:[2m160:22[22m[39m

[31m[2mΓÄ»ΓÄ»ΓÄ»ΓÄ»ΓÄ»ΓÄ»ΓÄ»ΓÄ»ΓÄ»ΓÄ»ΓÄ»ΓÄ»ΓÄ»ΓÄ»ΓÄ»ΓÄ»ΓÄ»ΓÄ»ΓÄ»ΓÄ»[117/397]ΓÄ»[22m[39m

[31m[1m[7m FAIL [27m[22m[39m v3/@claude-flow/plugins/__tests__/enhanced-plugin-registry.test.ts[2m > 
[22mEnhancedPluginRegistry[2m > [22msafe unload[2m > [22mshould allow cascade unload
[31m[1mError[22m: Invalid plugin: does not implement IPlugin interface[39m
[36m [2mΓ¥»[22m EnhancedPluginRegistry.register 
v3/@claude-flow/plugins/src/registry/enhanced-plugin-registry.ts:[2m284:13[22m[39m
    [90m282| [39m    [90m// Validate plugin[39m
    [90m283| [39m    [35mif[39m ([33m![39m[34mvalidatePlugin[39m(resolvedPlugin)) {
    [90m284| [39m      [35mthrow[39m [35mnew[39m [33mError[39m([32m'Invalid plugin: does not implement 
IPlugin inte[39mΓÇª
    [90m   | [39m            [31m^[39m
    [90m285| [39m    }
    [90m286| [39m
[90m [2mΓ¥»[22m v3/@claude-flow/plugins/__tests__/enhanced-plugin-registry.test.ts:[2m171:22[22m[39m

[31m[2mΓÄ»ΓÄ»ΓÄ»ΓÄ»ΓÄ»ΓÄ»ΓÄ»ΓÄ»ΓÄ»ΓÄ»ΓÄ»ΓÄ»ΓÄ»ΓÄ»ΓÄ»ΓÄ»ΓÄ»ΓÄ»ΓÄ»ΓÄ»[118/397]ΓÄ»[22m[39m

[31m[1m[7m FAIL [27m[22m[39m v3/@claude-flow/plugins/__tests__/enhanced-plugin-registry.test.ts[2m > 
[22mEnhancedPluginRegistry[2m > [22msafe unload[2m > [22mshould allow force unload
[31m[1mError[22m: Invalid plugin: does not implement IPlugin interface[39m
[36m [2mΓ¥»[22m EnhancedPluginRegistry.register 
v3/@claude-flow/plugins/src/registry/enhanced-plugin-registry.ts:[2m284:13[22m[39m
    [90m282| [39m    [90m// Validate plugin[39m
    [90m283| [39m    [35mif[39m ([33m![39m[34mvalidatePlugin[39m(resolvedPlugin)) {
    [90m284| [39m      [35mthrow[39m [35mnew[39m [33mError[39m([32m'Invalid plugin: does not implement 
IPlugin inte[39mΓÇª
    [90m   | [39m            [31m^[39m
    [90m285| [39m    }
    [90m286| [39m
[90m [2mΓ¥»[22m v3/@claude-flow/plugins/__tests__/enhanced-plugin-registry.test.ts:[2m184:22[22m[39m

[31m[2mΓÄ»ΓÄ»ΓÄ»ΓÄ»ΓÄ»ΓÄ»ΓÄ»ΓÄ»ΓÄ»ΓÄ»ΓÄ»ΓÄ»ΓÄ»ΓÄ»ΓÄ»ΓÄ»ΓÄ»ΓÄ»ΓÄ»ΓÄ»[119/397]ΓÄ»[22m[39m

[31m[1m[7m FAIL [27m[22m[39m v3/@claude-flow/plugins/__tests__/enhanced-plugin-registry.test.ts[2m > 
[22mEnhancedPluginRegistry[2m > [22minitialization strategies[2m > [22mshould support parallel-safe 
initialization
[31m[1mError[22m: Invalid plugin: does not implement IPlugin interface[39m
[36m [2mΓ¥»[22m EnhancedPluginRegistry.register 
v3/@claude-flow/plugins/src/registry/enhanced-plugin-registry.ts:[2m284:13[22m[39m
    [90m282| [39m    [90m// Validate plugin[39m
    [90m283| [39m    [35mif[39m ([33m![39m[34mvalidatePlugin[39m(resolvedPlugin)) {
    [90m284| [39m      [35mthrow[39m [35mnew[39m [33mError[39m([32m'Invalid plugin: does not implement 
IPlugin inte[39mΓÇª
    [90m   | [39m            [31m^[39m
    [90m285| [39m    }
    [90m286| [39m
[90m [2mΓ¥»[22m v3/@claude-flow/plugins/__tests__/enhanced-plugin-registry.test.ts:[2m239:26[22m[39m

[31m[2mΓÄ»ΓÄ»ΓÄ»ΓÄ»ΓÄ»ΓÄ»ΓÄ»ΓÄ»ΓÄ»ΓÄ»ΓÄ»ΓÄ»ΓÄ»ΓÄ»ΓÄ»ΓÄ»ΓÄ»ΓÄ»ΓÄ»ΓÄ»[120/397]ΓÄ»[22m[39m

[31m[1m[7m FAIL [27m[22m[39m v3/@claude-flow/plugins/__tests__/enhanced-plugin-registry.test.ts[2m > 
[22mEnhancedPluginRegistry[2m > [22mhot reload[2m > [22mshould reload a plugin
[31m[1mError[22m: Invalid plugin: does not implement IPlugin interface[39m
[36m [2mΓ¥»[22m EnhancedPluginRegistry.register 
v3/@claude-flow/plugins/src/registry/enhanced-plugin-registry.ts:[2m284:13[22m[39m
    [90m282| [39m    [90m// Validate plugin[39m
    [90m283| [39m    [35mif[39m ([33m![39m[34mvalidatePlugin[39m(resolvedPlugin)) {
    [90m284| [39m      [35mthrow[39m [35mnew[39m [33mError[39m([32m'Invalid plugin: does not implement 
IPlugin inte[39mΓÇª
    [90m   | [39m            [31m^[39m
    [90m285| [39m    }
    [90m286| [39m
[90m [2mΓ¥»[22m v3/@claude-flow/plugins/__tests__/enhanced-plugin-registry.test.ts:[2m255:22[22m[39m

[31m[2mΓÄ»ΓÄ»ΓÄ»ΓÄ»ΓÄ»ΓÄ»ΓÄ»ΓÄ»ΓÄ»ΓÄ»ΓÄ»ΓÄ»ΓÄ»ΓÄ»ΓÄ»ΓÄ»ΓÄ»ΓÄ»ΓÄ»ΓÄ»[121/397]ΓÄ»[22m[39m

[31m[1m[7m FAIL [27m[22m[39m v3/@claude-flow/plugins/__tests__/enhanced-plugin-registry.test.ts[2m > 
[22mEnhancedPluginRegistry[2m > [22mhot reload[2m > [22mshould preserve state during reload
[31m[1mError[22m: Invalid plugin: does not implement IPlugin interface[39m
[36m [2mΓ¥»[22m EnhancedPluginRegistry.register 
v3/@claude-flow/plugins/src/registry/enhanced-plugin-registry.ts:[2m284:13[22m[39m
    [90m282| [39m    [90m// Validate plugin[39m
    [90m283| [39m    [35mif[39m ([33m![39m[34mvalidatePlugin[39m(resolvedPlugin)) {
    [90m284| [39m      [35mthrow[39m [35mnew[39m [33mError[39m([32m'Invalid plugin: does not implement 
IPlugin inte[39mΓÇª
    [90m   | [39m            [31m^[39m
    [90m285| [39m    }
    [90m286| [39m
[90m [2mΓ¥»[22m v3/@claude-flow/plugins/__tests__/enhanced-plugin-registry.test.ts:[2m272:22[22m[39m

[31m[2mΓÄ»ΓÄ»ΓÄ»ΓÄ»ΓÄ»ΓÄ»ΓÄ»ΓÄ»ΓÄ»ΓÄ»ΓÄ»ΓÄ»ΓÄ»ΓÄ»ΓÄ»ΓÄ»ΓÄ»ΓÄ»ΓÄ»ΓÄ»[122/397]ΓÄ»[22m[39m

[31m[1m[7m FAIL [27m[22m[39m v3/@claude-flow/plugins/__tests__/enhanced-plugin-registry.test.ts[2m > 
[22mEnhancedPluginRegistry[2m > [22mconflict resolution[2m > [22mshould error on conflict by default
[31m[1mAssertionError[22m: promise resolved "undefined" instead of rejecting[39m

[32m- Expected:[39m 
[Error: rejected promise]

[31m+ Received:[39m 
undefined

[36m [2mΓ¥»[22m v3/@claude-flow/plugins/__tests__/enhanced-plugin-registry.test.ts:[2m317:41[22m[39m
    [90m315| [39m      [35mawait[39m registry[33m.[39m[34mregister[39m(plugin2)[33m;[39m
    [90m316| [39m
    [90m317| [39m      [35mawait[39m [34mexpect[39m(registry[33m.[39m[34minitialize[39m())
    [90m   | [39m                                        [31m^[39m
    [90m318| [39m        [33m.[39mrejects[33m.[39m[34mtoThrow[39m([32m'conflict'[39m)[33m;[39m
    [90m319| [39m    })[33m;[39m

[31m[2mΓÄ»ΓÄ»ΓÄ»ΓÄ»ΓÄ»ΓÄ»ΓÄ»ΓÄ»ΓÄ»ΓÄ»ΓÄ»ΓÄ»ΓÄ»ΓÄ»ΓÄ»ΓÄ»ΓÄ»ΓÄ»ΓÄ»ΓÄ»[123/397]ΓÄ»[22m[39m

[31m[1m[7m FAIL [27m[22m[39m v3/@claude-flow/plugins/__tests__/enhanced-plugin-registry.test.ts[2m > 
[22mEnhancedPluginRegistry[2m > [22mconflict resolution[2m > [22mshould support namespace strategy
[31m[1mAssertionError[22m: expected [ 'tool', 'plugin-2:tool' ] to include 'plugin-1:tool'[39m
[36m [2mΓ¥»[22m v3/@claude-flow/plugins/__tests__/enhanced-plugin-registry.test.ts:[2m385:38[22m[39m
    [90m383| [39m      [35mconst[39m tools [33m=[39m 
namespaceRegistry[33m.[39m[34mgetMCPTools[39m()[33m;[39m
    [90m384| [39m      [34mexpect[39m(tools)[33m.[39m[34mtoHaveLength[39m([34m2[39m)[33m;[39m
    [90m385| [39m      [34mexpect[39m(tools[33m.[39m[34mmap[39m(t [33m=>[39m 
t[33m.[39mname))[33m.[39m[34mtoContain[39m([32m'plugin-1:tool'[39m)[33m;[39m
    [90m   | [39m                                     [31m^[39m
    [90m386| [39m      [34mexpect[39m(tools[33m.[39m[34mmap[39m(t [33m=>[39m 
t[33m.[39mname))[33m.[39m[34mtoContain[39m([32m'plugin-2:tool'[39m)[33m;[39m
    [90m387| [39m    })[33m;[39m

[31m[2mΓÄ»ΓÄ»ΓÄ»ΓÄ»ΓÄ»ΓÄ»ΓÄ»ΓÄ»ΓÄ»ΓÄ»ΓÄ»ΓÄ»ΓÄ»ΓÄ»ΓÄ»ΓÄ»ΓÄ»ΓÄ»ΓÄ»ΓÄ»[124/397]ΓÄ»[22m[39m

[31m[1m[7m FAIL [27m[22m[39m v3/@claude-flow/plugins/__tests__/enhanced-plugin-registry.test.ts[2m > 
[22mEnhancedPluginRegistry[2m > [22mshutdown[2m > [22mshould shutdown all plugins
[31m[1mError[22m: Invalid plugin: does not implement IPlugin interface[39m
[36m [2mΓ¥»[22m EnhancedPluginRegistry.register 
v3/@claude-flow/plugins/src/registry/enhanced-plugin-registry.ts:[2m284:13[22m[39m
    [90m282| [39m    [90m// Validate plugin[39m
    [90m283| [39m    [35mif[39m ([33m![39m[34mvalidatePlugin[39m(resolvedPlugin)) {
    [90m284| [39m      [35mthrow[39m [35mnew[39m [33mError[39m([32m'Invalid plugin: does not implement 
IPlugin inte[39mΓÇª
    [90m   | [39m            [31m^[39m
    [90m285| [39m    }
    [90m286| [39m
[90m [2mΓ¥»[22m v3/@claude-flow/plugins/__tests__/enhanced-plugin-registry.test.ts:[2m479:22[22m[39m

[31m[2mΓÄ»ΓÄ»ΓÄ»ΓÄ»ΓÄ»ΓÄ»ΓÄ»ΓÄ»ΓÄ»ΓÄ»ΓÄ»ΓÄ»ΓÄ»ΓÄ»ΓÄ»ΓÄ»ΓÄ»ΓÄ»ΓÄ»ΓÄ»[125/397]ΓÄ»[22m[39m

[31m[1m[7m FAIL [27m[22m[39m v3/@claude-flow/plugins/__tests__/sdk.test.ts[2m > [22mHookBuilder[2m > 
[22mshould build a hook with conditions
[31m[1mTypeError[22m: (intermediate value).withName(...).withDescription(...).withPriority(...).when is not a 
function[39m
[36m [2mΓ¥»[22m v3/@claude-flow/plugins/__tests__/sdk.test.ts:[2m198:8[22m[39m
    [90m196| [39m      [33m.[39m[34mwithDescription[39m([32m'Conditional hook test'[39m)
    [90m197| [39m      [33m.[39m[34mwithPriority[39m([33mHookPriority[39m[33m.[39m[33mHigh[39m)
    [90m198| [39m      [33m.[39m[34mwhen[39m((ctx) [33m=>[39m (ctx[33m.[39mdata [35mas[39m 
any)[33m?.[39mshouldRun [33m===[39m [35mtrue[39m)
    [90m   | [39m       [31m^[39m
    [90m199| [39m      [33m.[39m[34mhandle[39m([35masync[39m () [33m=>[39m {
    [90m200| [39m        executed [33m=[39m [35mtrue[39m[33m;[39m

[31m[2mΓÄ»ΓÄ»ΓÄ»ΓÄ»ΓÄ»ΓÄ»ΓÄ»ΓÄ»ΓÄ»ΓÄ»ΓÄ»ΓÄ»ΓÄ»ΓÄ»ΓÄ»ΓÄ»ΓÄ»ΓÄ»ΓÄ»ΓÄ»[126/397]ΓÄ»[22m[39m

[31m[1m[7m FAIL [27m[22m[39m v3/@claude-flow/plugins/__tests__/sdk.test.ts[2m > [22mHookBuilder[2m > 
[22mshould apply transformers
[31m[1mTypeError[22m: (intermediate value).withName(...).transform is not a function[39m
[36m [2mΓ¥»[22m v3/@claude-flow/plugins/__tests__/sdk.test.ts:[2m225:8[22m[39m
    [90m223| [39m    [35mconst[39m hook [33m=[39m [35mnew[39m 
[33mHookBuilder[39m([33mHookEvent[39m[33m.[39m[33mPreTaskExecute[39m)
    [90m224| [39m      [33m.[39m[34mwithName[39m([32m'transform-hook'[39m)
    [90m225| [39m      [33m.[39m[34mtransform[39m((data) [33m=>[39m ({ [33m...[39m(data [35mas[39m 
object)[33m,[39m transformed[33m:[39m [35mtrue[39m }ΓÇª
    [90m   | [39m       [31m^[39m
    [90m226| [39m      [33m.[39m[34mhandle[39m([35masync[39m (ctx) [33m=>[39m ({
    [90m227| [39m        success[33m:[39m [35mtrue[39m[33m,[39m

[31m[2mΓÄ»ΓÄ»ΓÄ»ΓÄ»ΓÄ»ΓÄ»ΓÄ»ΓÄ»ΓÄ»ΓÄ»ΓÄ»ΓÄ»ΓÄ»ΓÄ»ΓÄ»ΓÄ»ΓÄ»ΓÄ»ΓÄ»ΓÄ»[127/397]ΓÄ»[22m[39m

[31m[1m[7m FAIL [27m[22m[39m v3/@claude-flow/plugins/__tests__/sdk.test.ts[2m > [22mHookBuilder[2m > 
[22mshould support synchronous mode
[31m[1mTypeError[22m: (intermediate value).synchronous(...).handle is not a function[39m
[36m [2mΓ¥»[22m v3/@claude-flow/plugins/__tests__/sdk.test.ts:[2m246:8[22m[39m
    [90m244| [39m    [35mconst[39m hook [33m=[39m [35mnew[39m 
[33mHookBuilder[39m([33mHookEvent[39m[33m.[39m[33mPostCommand[39m)
    [90m245| [39m      [33m.[39m[34msynchronous[39m()
    [90m246| [39m      [33m.[39m[34mhandle[39m(() [33m=>[39m ({ success[33m:[39m [35mtrue[39m }))
    [90m   | [39m       [31m^[39m
    [90m247| [39m      [33m.[39m[34mbuild[39m()[33m;[39m
    [90m248| [39m

[31m[2mΓÄ»ΓÄ»ΓÄ»ΓÄ»ΓÄ»ΓÄ»ΓÄ»ΓÄ»ΓÄ»ΓÄ»ΓÄ»ΓÄ»ΓÄ»ΓÄ»ΓÄ»ΓÄ»ΓÄ»ΓÄ»ΓÄ»ΓÄ»[128/397]ΓÄ»[22m[39m

[31m[1m[7m FAIL [27m[22m[39m v3/@claude-flow/plugins/__tests__/security.test.ts[2m > [22mPath 
Security[2m > [22msafePath[2m > [22mshould create safe paths within base
[31m[1mError[22m: Path traversal blocked: C:\project\src\index.ts[39m
[36m [2mΓ¥»[22m Module.safePath v3/@claude-flow/plugins/src/security/index.ts:[2m183:11[22m[39m
    [90m181| [39m
    [90m182| [39m  [35mif[39m ([33m![39mresolved[33m.[39m[34mstartsWith[39m(normalizedBase [33m+[39m 
path[33m.[39msep) [33m&&[39m resolved [33m!==[39m ΓÇª
    [90m183| [39m    [35mthrow[39m [35mnew[39m [33mError[39m([32m`Path traversal blocked: 
[39m[36m${[39mresolved[36m}[39m[32m`[39m)[33m;[39m
    [90m   | [39m          [31m^[39m
    [90m184| [39m  }
    [90m185| [39m
[90m [2mΓ¥»[22m v3/@claude-flow/plugins/__tests__/security.test.ts:[2m146:22[22m[39m

[31m[2mΓÄ»ΓÄ»ΓÄ»ΓÄ»ΓÄ»ΓÄ»ΓÄ»ΓÄ»ΓÄ»ΓÄ»ΓÄ»ΓÄ»ΓÄ»ΓÄ»ΓÄ»ΓÄ»ΓÄ»ΓÄ»ΓÄ»ΓÄ»[129/397]ΓÄ»[22m[39m

[31m[1m[7m FAIL [27m[22m[39m v3/@claude-flow/plugins/__tests__/security.test.ts[2m > [22mJSON 
Security[2m > [22msafeJsonParse[2m > [22mshould strip dangerous keys
[31m[1mAssertionError[22m: expected { ΓÇª(12) } to be undefined[39m
[36m [2mΓ¥»[22m v3/@claude-flow/plugins/__tests__/security.test.ts:[2m169:32[22m[39m
    [90m167| [39m      [35mconst[39m result [33m=[39m 
safeJsonParse[33m<[39m[33mRecord[39m[33m<[39mstring[33m,[39m unknown[33m>>[39m(malicious)[33m;[39m
    [90m168| [39m      
[34mexpect[39m(result[33m.[39mnormal)[33m.[39m[34mtoBe[39m([34m1[39m)[33m;[39m
    [90m169| [39m      
[34mexpect[39m(result[33m.[39m__proto__)[33m.[39m[34mtoBeUndefined[39m()[33m;[39m
    [90m   | [39m                               [31m^[39m
    [90m170| [39m    })[33m;[39m
    [90m171| [39m

[31m[2mΓÄ»ΓÄ»ΓÄ»ΓÄ»ΓÄ»ΓÄ»ΓÄ»ΓÄ»ΓÄ»ΓÄ»ΓÄ»ΓÄ»ΓÄ»ΓÄ»ΓÄ»ΓÄ»ΓÄ»ΓÄ»ΓÄ»ΓÄ»[130/397]ΓÄ»[22m[39m

[31m[1m[7m FAIL [27m[22m[39m v3/@claude-flow/security/__tests__/path-validator.test.ts[2m > 
[22mPathValidator[2m > [22mConfiguration[2m > [22mshould resolve prefixes to absolute paths
[31m[1mAssertionError[22m: expected 'C:\Users\saima\Desktop\code\ruflo_proΓÇª' to match /^\//[39m

[32m- Expected:[39m 
/^\//

[31m+ Received:[39m 
"C:\\Users\\saima\\Desktop\\code\\ruflo_project\\src"

[36m [2mΓ¥»[22m v3/@claude-flow/security/__tests__/path-validator.test.ts:[2m44:27[22m[39m
    [90m 42| [39m
    [90m 43| [39m      [35mconst[39m prefixes [33m=[39m 
relativeValidator[33m.[39m[34mgetAllowedPrefixes[39m()[33m;[39m
    [90m 44| [39m      
[34mexpect[39m(prefixes[[34m0[39m])[33m.[39m[34mtoMatch[39m([36m/^\//[39m)[33m;[39m
    [90m   | [39m                          [31m^[39m
    [90m 45| [39m    })[33m;[39m
    [90m 46| [39m  })[33m;[39m

[31m[2mΓÄ»ΓÄ»ΓÄ»ΓÄ»ΓÄ»ΓÄ»ΓÄ»ΓÄ»ΓÄ»ΓÄ»ΓÄ»ΓÄ»ΓÄ»ΓÄ»ΓÄ»ΓÄ»ΓÄ»ΓÄ»ΓÄ»ΓÄ»[131/397]ΓÄ»[22m[39m

[31m[1m[7m FAIL [27m[22m[39m v3/@claude-flow/security/__tests__/path-validator.test.ts[2m > 
[22mPathValidator[2m > [22mPrefix Validation[2m > [22mshould allow paths within prefix
[31m[1mAssertionError[22m: expected 'C:\workspaces\project' to be '/workspaces/project' // Object.is 
equality[39m

[32m- Expected[39m
[31m+ Received[39m

[32m- /workspaces/project[39m
[31m+ C:\workspaces\project[39m

[36m [2mΓ¥»[22m v3/@claude-flow/security/__tests__/path-validator.test.ts:[2m92:36[22m[39m
    [90m 90| [39m      [35mconst[39m result [33m=[39m [35mawait[39m 
validator[33m.[39m[34mvalidate[39m([32m'/workspaces/project/src[39mΓÇª
    [90m 91| [39m      
[34mexpect[39m(result[33m.[39misValid)[33m.[39m[34mtoBe[39m([35mtrue[39m)[33m;[39m
    [90m 92| [39m      
[34mexpect[39m(result[33m.[39mmatchedPrefix)[33m.[39m[34mtoBe[39m(projectRoot)[33m;[39m
    [90m   | [39m                                   [31m^[39m
    [90m 93| [39m    })[33m;[39m
    [90m 94| [39m

[31m[2mΓÄ»ΓÄ»ΓÄ»ΓÄ»ΓÄ»ΓÄ»ΓÄ»ΓÄ»ΓÄ»ΓÄ»ΓÄ»ΓÄ»ΓÄ»ΓÄ»ΓÄ»ΓÄ»ΓÄ»ΓÄ»ΓÄ»ΓÄ»[132/397]ΓÄ»[22m[39m

[31m[1m[7m FAIL [27m[22m[39m v3/@claude-flow/security/__tests__/path-validator.test.ts[2m > 
[22mPathValidator[2m > [22mPrefix Validation[2m > [22mshould calculate relative path correctly
[31m[1mAssertionError[22m: expected 'src\deep\file.ts' to be 'src/deep/file.ts' // Object.is equality[39m

[32m- Expected[39m
[31m+ Received[39m

[32m- src/deep/file.ts[39m
[31m+ src\deep\file.ts[39m

[36m [2mΓ¥»[22m v3/@claude-flow/security/__tests__/path-validator.test.ts:[2m113:35[22m[39m
    [90m111| [39m    [34mit[39m([32m'should calculate relative path correctly'[39m[33m,[39m 
[35masync[39m () [33m=>[39m {
    [90m112| [39m      [35mconst[39m result [33m=[39m [35mawait[39m 
validator[33m.[39m[34mvalidate[39m([32m'/workspaces/project/src[39mΓÇª
    [90m113| [39m      
[34mexpect[39m(result[33m.[39mrelativePath)[33m.[39m[34mtoBe[39m([32m'src/deep/file.ts'[39m)[33m;[39m
    [90m   | [39m                                  [31m^[39m
    [90m114| [39m    })[33m;[39m
    [90m115| [39m  })[33m;[39m

[31m[2mΓÄ»ΓÄ»ΓÄ»ΓÄ»ΓÄ»ΓÄ»ΓÄ»ΓÄ»ΓÄ»ΓÄ»ΓÄ»ΓÄ»ΓÄ»ΓÄ»ΓÄ»ΓÄ»ΓÄ»ΓÄ»ΓÄ»ΓÄ»[133/397]ΓÄ»[22m[39m

[31m[1m[7m FAIL [27m[22m[39m v3/@claude-flow/security/__tests__/path-validator.test.ts[2m > 
[22mPathValidator[2m > [22mvalidateOrThrow[2m > [22mshould return path when valid
[31m[1mAssertionError[22m: expected 'C:\workspaces\project\src\file.ts' to be 
'/workspaces/project/src/file.ts' // Object.is equality[39m

[32m- Expected[39m
[31m+ Received[39m

[32m- /workspaces/project/src/file.ts[39m
[31m+ C:\workspaces\project\src\file.ts[39m

[36m [2mΓ¥»[22m v3/@claude-flow/security/__tests__/path-validator.test.ts:[2m223:24[22m[39m
    [90m221| [39m    [34mit[39m([32m'should return path when valid'[39m[33m,[39m [35masync[39m () 
[33m=>[39m {
    [90m222| [39m      [35mconst[39m resolved [33m=[39m [35mawait[39m 
validator[33m.[39m[34mvalidateOrThrow[39m([32m'/workspaces/pr[39mΓÇª
    [90m223| [39m      
[34mexpect[39m(resolved)[33m.[39m[34mtoBe[39m([32m'/workspaces/project/src/file.ts'[39m)[33m;[39m
    [90m   | [39m                       [31m^[39m
    [90m224| [39m    })[33m;[39m
    [90m225| [39m

[31m[2mΓÄ»ΓÄ»ΓÄ»ΓÄ»ΓÄ»ΓÄ»ΓÄ»ΓÄ»ΓÄ»ΓÄ»ΓÄ»ΓÄ»ΓÄ»ΓÄ»ΓÄ»ΓÄ»ΓÄ»ΓÄ»ΓÄ»ΓÄ»[134/397]ΓÄ»[22m[39m

[31m[1m[7m FAIL [27m[22m[39m v3/@claude-flow/security/__tests__/path-validator.test.ts[2m > 
[22mPathValidator[2m > [22msecurePath[2m > [22mshould join paths securely
[31m[1mAssertionError[22m: expected 'C:\workspaces\project\src\file.ts' to be 
'/workspaces/project/src/file.ts' // Object.is equality[39m

[32m- Expected[39m
[31m+ Received[39m

[32m- /workspaces/project/src/file.ts[39m
[31m+ C:\workspaces\project\src\file.ts[39m

[36m [2mΓ¥»[22m v3/@claude-flow/security/__tests__/path-validator.test.ts:[2m236:24[22m[39m
    [90m234| [39m    [34mit[39m([32m'should join paths securely'[39m[33m,[39m [35masync[39m () 
[33m=>[39m {
    [90m235| [39m      [35mconst[39m resolved [33m=[39m [35mawait[39m 
validator[33m.[39m[34msecurePath[39m(projectRoot[33m,[39m [32m'src'[39m[33m,[39m ΓÇª
    [90m236| [39m      
[34mexpect[39m(resolved)[33m.[39m[34mtoBe[39m([32m'/workspaces/project/src/file.ts'[39m)[33m;[39m
    [90m   | [39m                       [31m^[39m
    [90m237| [39m    })[33m;[39m
    [90m238| [39m

[31m[2mΓÄ»ΓÄ»ΓÄ»ΓÄ»ΓÄ»ΓÄ»ΓÄ»ΓÄ»ΓÄ»ΓÄ»ΓÄ»ΓÄ»ΓÄ»ΓÄ»ΓÄ»ΓÄ»ΓÄ»ΓÄ»ΓÄ»ΓÄ»[135/397]ΓÄ»[22m[39m

[31m[1m[7m FAIL [27m[22m[39m v3/@claude-flow/security/__tests__/path-validator.test.ts[2m > 
[22mPathValidator[2m > [22mFactory Functions[2m > [22mshould create project path validator
[31m[1mAssertionError[22m: expected [ 'C:\workspaces\project\src', ΓÇª(2) ] to include 
'/workspaces/project/src'[39m
[36m [2mΓ¥»[22m v3/@claude-flow/security/__tests__/path-validator.test.ts:[2m261:24[22m[39m
    [90m259| [39m      [35mconst[39m prefixes [33m=[39m 
projectValidator[33m.[39m[34mgetAllowedPrefixes[39m()[33m;[39m
    [90m260| [39m
    [90m261| [39m      
[34mexpect[39m(prefixes)[33m.[39m[34mtoContain[39m([32m'/workspaces/project/src'[39m)[33m;[39m
    [90m   | [39m                       [31m^[39m
    [90m262| [39m      
[34mexpect[39m(prefixes)[33m.[39m[34mtoContain[39m([32m'/workspaces/project/tests'[39m)[33m;[39m
    [90m263| [39m      
[34mexpect[39m(prefixes)[33m.[39m[34mtoContain[39m([32m'/workspaces/project/docs'[39m)[33m;[39m

[31m[2mΓÄ»ΓÄ»ΓÄ»ΓÄ»ΓÄ»ΓÄ»ΓÄ»ΓÄ»ΓÄ»ΓÄ»ΓÄ»ΓÄ»ΓÄ»ΓÄ»ΓÄ»ΓÄ»ΓÄ»ΓÄ»ΓÄ»ΓÄ»[136/397]ΓÄ»[22m[39m

[31m[1m[7m FAIL [27m[22m[39m v3/@claude-flow/security/__tests__/path-validator.test.ts[2m > 
[22mPathValidator[2m > [22mFactory Functions[2m > [22mshould create full project path validator
[31m[1mAssertionError[22m: expected [ 'C:\workspaces\project' ] to include '/workspaces/project'[39m
[36m [2mΓ¥»[22m v3/@claude-flow/security/__tests__/path-validator.test.ts:[2m270:24[22m[39m
    [90m268| [39m      [35mconst[39m prefixes [33m=[39m 
fullValidator[33m.[39m[34mgetAllowedPrefixes[39m()[33m;[39m
    [90m269| [39m
    [90m270| [39m      
[34mexpect[39m(prefixes)[33m.[39m[34mtoContain[39m([32m'/workspaces/project'[39m)[33m;[39m
    [90m   | [39m                       [31m^[39m
    [90m271| [39m    })[33m;[39m
    [90m272| [39m  })[33m;[39m

[31m[2mΓÄ»ΓÄ»ΓÄ»ΓÄ»ΓÄ»ΓÄ»ΓÄ»ΓÄ»ΓÄ»ΓÄ»ΓÄ»ΓÄ»ΓÄ»ΓÄ»ΓÄ»ΓÄ»ΓÄ»ΓÄ»ΓÄ»ΓÄ»[137/397]ΓÄ»[22m[39m

[31m[1m[7m FAIL [27m[22m[39m v3/@claude-flow/security/__tests__/safe-executor.test.ts[2m > 
[22mSafeExecutor[2m > [22mCommand Validation[2m > [22mshould allow commands in allowlist
[31m[1mSafeExecutorError[22m: Command not found: echo[39m
[36m [2mΓ¥»[22m SafeExecutor.execute v3/@claude-flow/security/src/safe-executor.ts:[2m356:15[22m[39m
    [90m354| [39m
    [90m355| [39m      [35mif[39m (error[33m.[39mcode [33m===[39m [32m'ENOENT'[39m) {
    [90m356| [39m        [35mthrow[39m [35mnew[39m [33mSafeExecutorError[39m(
    [90m   | [39m              [31m^[39m
    [90m357| [39m          [32m`Command not found: [39m[36m${[39mcommand[36m}[39m[32m`[39m[33m,[39m
    [90m358| [39m          [32m'COMMAND_NOT_FOUND'[39m[33m,[39m
[90m [2mΓ¥»[22m v3/@claude-flow/security/__tests__/safe-executor.test.ts:[2m57:22[22m[39m

[31m[2mΓÄ»ΓÄ»ΓÄ»ΓÄ»ΓÄ»ΓÄ»ΓÄ»ΓÄ»ΓÄ»ΓÄ»ΓÄ»ΓÄ»ΓÄ»ΓÄ»ΓÄ»ΓÄ»ΓÄ»ΓÄ»ΓÄ»ΓÄ»ΓÄ»ΓÄ»ΓÄ»ΓÄ»ΓÄ»ΓÄ»ΓÄ»ΓÄ»ΓÄ»ΓÄ»[22m[39m
[31m[1mSerialized Error:[22m[39m [90m{ code: 'COMMAND_NOT_FOUND', command: 'echo', args: [ 'hello' ] }[39m
[31m[2mΓÄ»ΓÄ»ΓÄ»ΓÄ»ΓÄ»ΓÄ»ΓÄ»ΓÄ»ΓÄ»ΓÄ»ΓÄ»ΓÄ»ΓÄ»ΓÄ»ΓÄ»ΓÄ»ΓÄ»ΓÄ»ΓÄ»ΓÄ»[138/397]ΓÄ»[22m[39m

[31m[1m[7m FAIL [27m[22m[39m v3/@claude-flow/security/__tests__/safe-executor.test.ts[2m > 
[22mSafeExecutor[2m > [22mArgument Validation[2m > [22mshould allow safe arguments
[31m[1mSafeExecutorError[22m: Command not found: echo[39m
[36m [2mΓ¥»[22m SafeExecutor.execute v3/@claude-flow/security/src/safe-executor.ts:[2m356:15[22m[39m
    [90m354| [39m
    [90m355| [39m      [35mif[39m (error[33m.[39mcode [33m===[39m [32m'ENOENT'[39m) {
    [90m356| [39m        [35mthrow[39m [35mnew[39m [33mSafeExecutorError[39m(
    [90m   | [39m              [31m^[39m
    [90m357| [39m          [32m`Command not found: [39m[36m${[39mcommand[36m}[39m[32m`[39m[33m,[39m
    [90m358| [39m          [32m'COMMAND_NOT_FOUND'[39m[33m,[39m
[90m [2mΓ¥»[22m v3/@claude-flow/security/__tests__/safe-executor.test.ts:[2m127:22[22m[39m

[31m[2mΓÄ»ΓÄ»ΓÄ»ΓÄ»ΓÄ»ΓÄ»ΓÄ»ΓÄ»ΓÄ»ΓÄ»ΓÄ»ΓÄ»ΓÄ»ΓÄ»ΓÄ»ΓÄ»ΓÄ»ΓÄ»ΓÄ»ΓÄ»ΓÄ»ΓÄ»ΓÄ»ΓÄ»ΓÄ»ΓÄ»ΓÄ»ΓÄ»ΓÄ»ΓÄ»[22m[39m
[31m[1mSerialized Error:[22m[39m [90m{ code: 'COMMAND_NOT_FOUND', command: 'echo', args: [ 'hello', 'world' 
] }[39m
[31m[2mΓÄ»ΓÄ»ΓÄ»ΓÄ»ΓÄ»ΓÄ»ΓÄ»ΓÄ»ΓÄ»ΓÄ»ΓÄ»ΓÄ»ΓÄ»ΓÄ»ΓÄ»ΓÄ»ΓÄ»ΓÄ»ΓÄ»ΓÄ»[139/397]ΓÄ»[22m[39m

[31m[1m[7m FAIL [27m[22m[39m v3/@claude-flow/security/__tests__/safe-executor.test.ts[2m > 
[22mSafeExecutor[2m > [22mArgument Validation[2m > [22mshould allow arguments with dashes
[31m[1mSafeExecutorError[22m: Command not found: echo[39m
[36m [2mΓ¥»[22m SafeExecutor.execute v3/@claude-flow/security/src/safe-executor.ts:[2m356:15[22m[39m
    [90m354| [39m
    [90m355| [39m      [35mif[39m (error[33m.[39mcode [33m===[39m [32m'ENOENT'[39m) {
    [90m356| [39m        [35mthrow[39m [35mnew[39m [33mSafeExecutorError[39m(
    [90m   | [39m              [31m^[39m
    [90m357| [39m          [32m`Command not found: [39m[36m${[39mcommand[36m}[39m[32m`[39m[33m,[39m
    [90m358| [39m          [32m'COMMAND_NOT_FOUND'[39m[33m,[39m
[90m [2mΓ¥»[22m v3/@claude-flow/security/__tests__/safe-executor.test.ts:[2m132:22[22m[39m

[31m[2mΓÄ»ΓÄ»ΓÄ»ΓÄ»ΓÄ»ΓÄ»ΓÄ»ΓÄ»ΓÄ»ΓÄ»ΓÄ»ΓÄ»ΓÄ»ΓÄ»ΓÄ»ΓÄ»ΓÄ»ΓÄ»ΓÄ»ΓÄ»ΓÄ»ΓÄ»ΓÄ»ΓÄ»ΓÄ»ΓÄ»ΓÄ»ΓÄ»ΓÄ»ΓÄ»[22m[39m
[31m[1mSerialized Error:[22m[39m [90m{ code: 'COMMAND_NOT_FOUND', command: 'echo', args: [ '-n', 'hello' ] 
}[39m
[31m[2mΓÄ»ΓÄ»ΓÄ»ΓÄ»ΓÄ»ΓÄ»ΓÄ»ΓÄ»ΓÄ»ΓÄ»ΓÄ»ΓÄ»ΓÄ»ΓÄ»ΓÄ»ΓÄ»ΓÄ»ΓÄ»ΓÄ»ΓÄ»[140/397]ΓÄ»[22m[39m

[31m[1m[7m FAIL [27m[22m[39m v3/@claude-flow/security/__tests__/safe-executor.test.ts[2m > 
[22mSafeExecutor[2m > [22mArgument Validation[2m > [22mshould allow arguments with equals
[31m[1mSafeExecutorError[22m: Command not found: echo[39m
[36m [2mΓ¥»[22m SafeExecutor.execute v3/@claude-flow/security/src/safe-executor.ts:[2m356:15[22m[39m
    [90m354| [39m
    [90m355| [39m      [35mif[39m (error[33m.[39mcode [33m===[39m [32m'ENOENT'[39m) {
    [90m356| [39m        [35mthrow[39m [35mnew[39m [33mSafeExecutorError[39m(
    [90m   | [39m              [31m^[39m
    [90m357| [39m          [32m`Command not found: [39m[36m${[39mcommand[36m}[39m[32m`[39m[33m,[39m
    [90m358| [39m          [32m'COMMAND_NOT_FOUND'[39m[33m,[39m
[90m [2mΓ¥»[22m v3/@claude-flow/security/__tests__/safe-executor.test.ts:[2m137:22[22m[39m

[31m[2mΓÄ»ΓÄ»ΓÄ»ΓÄ»ΓÄ»ΓÄ»ΓÄ»ΓÄ»ΓÄ»ΓÄ»ΓÄ»ΓÄ»ΓÄ»ΓÄ»ΓÄ»ΓÄ»ΓÄ»ΓÄ»ΓÄ»ΓÄ»ΓÄ»ΓÄ»ΓÄ»ΓÄ»ΓÄ»ΓÄ»ΓÄ»ΓÄ»ΓÄ»ΓÄ»[22m[39m
[31m[1mSerialized Error:[22m[39m [90m{ code: 'COMMAND_NOT_FOUND', command: 'echo', args: [ 'KEY=value' ] 
}[39m
[31m[2mΓÄ»ΓÄ»ΓÄ»ΓÄ»ΓÄ»ΓÄ»ΓÄ»ΓÄ»ΓÄ»ΓÄ»ΓÄ»ΓÄ»ΓÄ»ΓÄ»ΓÄ»ΓÄ»ΓÄ»ΓÄ»ΓÄ»ΓÄ»[141/397]ΓÄ»[22m[39m

[31m[1m[7m FAIL [27m[22m[39m v3/@claude-flow/security/__tests__/safe-executor.test.ts[2m > 
[22mSafeExecutor[2m > [22mCommand Execution[2m > [22mshould return stdout
[31m[1mSafeExecutorError[22m: Command not found: echo[39m
[36m [2mΓ¥»[22m SafeExecutor.execute v3/@claude-flow/security/src/safe-executor.ts:[2m356:15[22m[39m
    [90m354| [39m
    [90m355| [39m      [35mif[39m (error[33m.[39mcode [33m===[39m [32m'ENOENT'[39m) {
    [90m356| [39m        [35mthrow[39m [35mnew[39m [33mSafeExecutorError[39m(
    [90m   | [39m              [31m^[39m
    [90m357| [39m          [32m`Command not found: [39m[36m${[39mcommand[36m}[39m[32m`[39m[33m,[39m
    [90m358| [39m          [32m'COMMAND_NOT_FOUND'[39m[33m,[39m
[90m [2mΓ¥»[22m v3/@claude-flow/security/__tests__/safe-executor.test.ts:[2m156:22[22m[39m

[31m[2mΓÄ»ΓÄ»ΓÄ»ΓÄ»ΓÄ»ΓÄ»ΓÄ»ΓÄ»ΓÄ»ΓÄ»ΓÄ»ΓÄ»ΓÄ»ΓÄ»ΓÄ»ΓÄ»ΓÄ»ΓÄ»ΓÄ»ΓÄ»ΓÄ»ΓÄ»ΓÄ»ΓÄ»ΓÄ»ΓÄ»ΓÄ»ΓÄ»ΓÄ»ΓÄ»[22m[39m
[31m[1mSerialized Error:[22m[39m [90m{ code: 'COMMAND_NOT_FOUND', command: 'echo', args: [ 'hello' ] }[39m
[31m[2mΓÄ»ΓÄ»ΓÄ»ΓÄ»ΓÄ»ΓÄ»ΓÄ»ΓÄ»ΓÄ»ΓÄ»ΓÄ»ΓÄ»ΓÄ»ΓÄ»ΓÄ»ΓÄ»ΓÄ»ΓÄ»ΓÄ»ΓÄ»[142/397]ΓÄ»[22m[39m

[31m[1m[7m FAIL [27m[22m[39m v3/@claude-flow/security/__tests__/safe-executor.test.ts[2m > 
[22mSafeExecutor[2m > [22mCommand Execution[2m > [22mshould track execution duration
[31m[1mSafeExecutorError[22m: Command not found: echo[39m
[36m [2mΓ¥»[22m SafeExecutor.execute v3/@claude-flow/security/src/safe-executor.ts:[2m356:15[22m[39m
    [90m354| [39m
    [90m355| [39m      [35mif[39m (error[33m.[39mcode [33m===[39m [32m'ENOENT'[39m) {
    [90m356| [39m        [35mthrow[39m [35mnew[39m [33mSafeExecutorError[39m(
    [90m   | [39m              [31m^[39m
    [90m357| [39m          [32m`Command not found: [39m[36m${[39mcommand[36m}[39m[32m`[39m[33m,[39m
    [90m358| [39m          [32m'COMMAND_NOT_FOUND'[39m[33m,[39m
[90m [2mΓ¥»[22m v3/@claude-flow/security/__tests__/safe-executor.test.ts:[2m172:22[22m[39m

[31m[2mΓÄ»ΓÄ»ΓÄ»ΓÄ»ΓÄ»ΓÄ»ΓÄ»ΓÄ»ΓÄ»ΓÄ»ΓÄ»ΓÄ»ΓÄ»ΓÄ»ΓÄ»ΓÄ»ΓÄ»ΓÄ»ΓÄ»ΓÄ»ΓÄ»ΓÄ»ΓÄ»ΓÄ»ΓÄ»ΓÄ»ΓÄ»ΓÄ»ΓÄ»ΓÄ»[22m[39m
[31m[1mSerialized Error:[22m[39m [90m{ code: 'COMMAND_NOT_FOUND', command: 'echo', args: [ 'hello' ] }[39m
[31m[2mΓÄ»ΓÄ»ΓÄ»ΓÄ»ΓÄ»ΓÄ»ΓÄ»ΓÄ»ΓÄ»ΓÄ»ΓÄ»ΓÄ»ΓÄ»ΓÄ»ΓÄ»ΓÄ»ΓÄ»ΓÄ»ΓÄ»ΓÄ»[143/397]ΓÄ»[22m[39m

[31m[1m[7m FAIL [27m[22m[39m v3/@claude-flow/security/__tests__/safe-executor.test.ts[2m > 
[22mSafeExecutor[2m > [22mCommand Execution[2m > [22mshould include command in result
[31m[1mSafeExecutorError[22m: Command not found: echo[39m
[36m [2mΓ¥»[22m SafeExecutor.execute v3/@claude-flow/security/src/safe-executor.ts:[2m356:15[22m[39m
    [90m354| [39m
    [90m355| [39m      [35mif[39m (error[33m.[39mcode [33m===[39m [32m'ENOENT'[39m) {
    [90m356| [39m        [35mthrow[39m [35mnew[39m [33mSafeExecutorError[39m(
    [90m   | [39m              [31m^[39m
    [90m357| [39m          [32m`Command not found: [39m[36m${[39mcommand[36m}[39m[32m`[39m[33m,[39m
    [90m358| [39m          [32m'COMMAND_NOT_FOUND'[39m[33m,[39m
[90m [2mΓ¥»[22m v3/@claude-flow/security/__tests__/safe-executor.test.ts:[2m177:22[22m[39m

[31m[2mΓÄ»ΓÄ»ΓÄ»ΓÄ»ΓÄ»ΓÄ»ΓÄ»ΓÄ»ΓÄ»ΓÄ»ΓÄ»ΓÄ»ΓÄ»ΓÄ»ΓÄ»ΓÄ»ΓÄ»ΓÄ»ΓÄ»ΓÄ»ΓÄ»ΓÄ»ΓÄ»ΓÄ»ΓÄ»ΓÄ»ΓÄ»ΓÄ»ΓÄ»ΓÄ»[22m[39m
[31m[1mSerialized Error:[22m[39m [90m{ code: 'COMMAND_NOT_FOUND', command: 'echo', args: [ 'hello' ] }[39m
[31m[2mΓÄ»ΓÄ»ΓÄ»ΓÄ»ΓÄ»ΓÄ»ΓÄ»ΓÄ»ΓÄ»ΓÄ»ΓÄ»ΓÄ»ΓÄ»ΓÄ»ΓÄ»ΓÄ»ΓÄ»ΓÄ»ΓÄ»ΓÄ»[144/397]ΓÄ»[22m[39m

[31m[1m[7m FAIL [27m[22m[39m v3/@claude-flow/security/__tests__/safe-executor.test.ts[2m > 
[22mSafeExecutor[2m > [22mStreaming Execution[2m > [22mshould return process handle
[31m[1mError[22m: kill EINVAL[39m
[36m [2mΓ¥»[22m v3/@claude-flow/security/__tests__/safe-executor.test.ts:[2m203:25[22m[39m
    [90m201| [39m
    [90m202| [39m      [90m// Clean up[39m
    [90m203| [39m      streaming[33m.[39mprocess[33m.[39m[34mkill[39m()[33m;[39m
    [90m   | [39m                        [31m^[39m
    [90m204| [39m    })[33m;[39m
    [90m205| [39m

[31m[2mΓÄ»ΓÄ»ΓÄ»ΓÄ»ΓÄ»ΓÄ»ΓÄ»ΓÄ»ΓÄ»ΓÄ»ΓÄ»ΓÄ»ΓÄ»ΓÄ»ΓÄ»ΓÄ»ΓÄ»ΓÄ»ΓÄ»ΓÄ»ΓÄ»ΓÄ»ΓÄ»ΓÄ»ΓÄ»ΓÄ»ΓÄ»ΓÄ»ΓÄ»ΓÄ»[22m[39m
[31m[1mSerialized Error:[22m[39m [90m{ errno: -4071, code: 'EINVAL', syscall: 'kill' }[39m
[31m[2mΓÄ»ΓÄ»ΓÄ»ΓÄ»ΓÄ»ΓÄ»ΓÄ»ΓÄ»ΓÄ»ΓÄ»ΓÄ»ΓÄ»ΓÄ»ΓÄ»ΓÄ»ΓÄ»ΓÄ»ΓÄ»ΓÄ»ΓÄ»[145/397]ΓÄ»[22m[39m

[31m[1m[7m FAIL [27m[22m[39m v3/@claude-flow/security/__tests__/safe-executor.test.ts[2m > 
[22mSafeExecutor[2m > [22mStreaming Execution[2m > [22mshould stream stdout
[31m[1mSafeExecutorError[22m: spawn echo ENOENT[39m
[36m [2mΓ¥»[22m ChildProcess.<anonymous> v3/@claude-flow/security/src/safe-executor.ts:[2m425:16[22m[39m
    [90m423| [39m
    [90m424| [39m      childProcess[33m.[39m[34mon[39m([32m'error'[39m[33m,[39m (error) [33m=>[39m {
    [90m425| [39m        [34mreject[39m([35mnew[39m [33mSafeExecutorError[39m(
    [90m   | [39m               [31m^[39m
    [90m426| [39m          error[33m.[39mmessage[33m,[39m
    [90m427| [39m          [32m'EXECUTION_ERROR'[39m[33m,[39m
[90m [2mΓ¥»[22m ChildProcess.emit node:events:[2m518:28[22m[39m

[31m[2mΓÄ»ΓÄ»ΓÄ»ΓÄ»ΓÄ»ΓÄ»ΓÄ»ΓÄ»ΓÄ»ΓÄ»ΓÄ»ΓÄ»ΓÄ»ΓÄ»ΓÄ»ΓÄ»ΓÄ»ΓÄ»ΓÄ»ΓÄ»ΓÄ»ΓÄ»ΓÄ»ΓÄ»ΓÄ»ΓÄ»ΓÄ»ΓÄ»ΓÄ»ΓÄ»[22m[39m
[31m[1mSerialized Error:[22m[39m [90m{ code: 'EXECUTION_ERROR', command: 'echo', args: [ 'hello' ] }[39m
[31m[2mΓÄ»ΓÄ»ΓÄ»ΓÄ»ΓÄ»ΓÄ»ΓÄ»ΓÄ»ΓÄ»ΓÄ»ΓÄ»ΓÄ»ΓÄ»ΓÄ»ΓÄ»ΓÄ»ΓÄ»ΓÄ»ΓÄ»ΓÄ»[146/397]ΓÄ»[22m[39m

[31m[1m[7m FAIL [27m[22m[39m v3/@claude-flow/security/__tests__/safe-executor.test.ts[2m > 
[22mSafeExecutor[2m > [22mHIGH-1 Security Verification[2m > [22mshould NOT use shell for execution
[31m[1mSafeExecutorError[22m: Command not found: echo[39m
[36m [2mΓ¥»[22m SafeExecutor.execute v3/@claude-flow/security/src/safe-executor.ts:[2m356:15[22m[39m
    [90m354| [39m
    [90m355| [39m      [35mif[39m (error[33m.[39mcode [33m===[39m [32m'ENOENT'[39m) {
    [90m356| [39m        [35mthrow[39m [35mnew[39m [33mSafeExecutorError[39m(
    [90m   | [39m              [31m^[39m
    [90m357| [39m          [32m`Command not found: [39m[36m${[39mcommand[36m}[39m[32m`[39m[33m,[39m
    [90m358| [39m          [32m'COMMAND_NOT_FOUND'[39m[33m,[39m
[90m [2mΓ¥»[22m v3/@claude-flow/security/__tests__/safe-executor.test.ts:[2m256:22[22m[39m

[31m[2mΓÄ»ΓÄ»ΓÄ»ΓÄ»ΓÄ»ΓÄ»ΓÄ»ΓÄ»ΓÄ»ΓÄ»ΓÄ»ΓÄ»ΓÄ»ΓÄ»ΓÄ»ΓÄ»ΓÄ»ΓÄ»ΓÄ»ΓÄ»ΓÄ»ΓÄ»ΓÄ»ΓÄ»ΓÄ»ΓÄ»ΓÄ»ΓÄ»ΓÄ»ΓÄ»[22m[39m
[31m[1mSerialized Error:[22m[39m [90m{ code: 'COMMAND_NOT_FOUND', command: 'echo', args: [ 'hello' ] }[39m
[31m[2mΓÄ»ΓÄ»ΓÄ»ΓÄ»ΓÄ»ΓÄ»ΓÄ»ΓÄ»ΓÄ»ΓÄ»ΓÄ»ΓÄ»ΓÄ»ΓÄ»ΓÄ»ΓÄ»ΓÄ»ΓÄ»ΓÄ»ΓÄ»[147/397]ΓÄ»[22m[39m

[31m[1m[7m FAIL [27m[22m[39m v3/@claude-flow/swarm/__tests__/consensus.test.ts[2m > [22mByzantine 
Consensus[2m > [22mFault Tolerance[2m > [22mshould achieve consensus with 2f+1 votes
[31m[1m[7m FAIL [27m[22m[39m v3/@claude-flow/swarm/__tests__/topology.test.ts[2m > 
[22mTopologyManager[2m > [22mEvent Emission[2m > [22mshould emit topology.rebalanced event
[31m[1m[7m FAIL [27m[22m[39m v3/@claude-flow/shared/src/hooks/verify-exports.test.ts[2m > [22mHooks 
Integration with Shared Module[2m > [22mshould be importable from @claude-flow/shared
[31m[1mError[22m: Test timed out in 5000ms.
If this is a long-running test, pass a timeout value as the last argument or configure it globally with 
"testTimeout".[39m
[31m[2mΓÄ»ΓÄ»ΓÄ»ΓÄ»ΓÄ»ΓÄ»ΓÄ»ΓÄ»ΓÄ»ΓÄ»ΓÄ»ΓÄ»ΓÄ»ΓÄ»ΓÄ»ΓÄ»ΓÄ»ΓÄ»ΓÄ»ΓÄ»[148/397]ΓÄ»[22m[39m

[31m[1m[7m FAIL [27m[22m[39m v3/plugins/code-intelligence/tests/mcp-tools.test.ts[2m > [22mCode 
Intelligence MCP Tools[2m > [22mTool Registry[2m > [22mshould have version 0.1.0
[31m[1mAssertionError[22m: expected '3.0.0-alpha.1' to be '0.1.0' // Object.is equality[39m

[32m- Expected[39m
[31m+ Received[39m

[32m- 0.1.0[39m
[31m+ 3.0.0-alpha.1[39m

[36m [2mΓ¥»[22m v3/plugins/code-intelligence/tests/mcp-tools.test.ts:[2m133:30[22m[39m
    [90m131| [39m    [34mit[39m([32m'should have version 0.1.0'[39m[33m,[39m () [33m=>[39m {
    [90m132| [39m      [35mfor[39m ([35mconst[39m tool [35mof[39m codeIntelligenceTools) {
    [90m133| [39m        
[34mexpect[39m(tool[33m.[39mversion)[33m.[39m[34mtoBe[39m([32m'0.1.0'[39m)[33m;[39m
    [90m   | [39m                             [31m^[39m
    [90m134| [39m      }
    [90m135| [39m    })[33m;[39m

[31m[2mΓÄ»ΓÄ»ΓÄ»ΓÄ»ΓÄ»ΓÄ»ΓÄ»ΓÄ»ΓÄ»ΓÄ»ΓÄ»ΓÄ»ΓÄ»ΓÄ»ΓÄ»ΓÄ»ΓÄ»ΓÄ»ΓÄ»ΓÄ»[149/397]ΓÄ»[22m[39m

[31m[1m[7m FAIL [27m[22m[39m v3/plugins/code-intelligence/tests/mcp-tools.test.ts[2m > [22mCode 
Intelligence MCP Tools[2m > [22mTool Registry[2m > [22mshould get tool by name
[31m[1mTypeError[22m: getTool is not a function[39m
[36m [2mΓ¥»[22m v3/plugins/code-intelligence/tests/mcp-tools.test.ts:[2m138:20[22m[39m
    [90m136| [39m
    [90m137| [39m    [34mit[39m([32m'should get tool by name'[39m[33m,[39m () [33m=>[39m {
    [90m138| [39m      [35mconst[39m tool [33m=[39m 
[34mgetTool[39m([32m'code/semantic-search'[39m)[33m;[39m
    [90m   | [39m                   [31m^[39m
    [90m139| [39m      [34mexpect[39m(tool)[33m.[39m[34mtoBeDefined[39m()[33m;[39m
    [90m140| [39m      
[34mexpect[39m(tool[33m?.[39mname)[33m.[39m[34mtoBe[39m([32m'code/semantic-search'[39m)[33m;[39m

[31m[2mΓÄ»ΓÄ»ΓÄ»ΓÄ»ΓÄ»ΓÄ»ΓÄ»ΓÄ»ΓÄ»ΓÄ»ΓÄ»ΓÄ»ΓÄ»ΓÄ»ΓÄ»ΓÄ»ΓÄ»ΓÄ»ΓÄ»ΓÄ»[150/397]ΓÄ»[22m[39m

[31m[1m[7m FAIL [27m[22m[39m v3/plugins/code-intelligence/tests/mcp-tools.test.ts[2m > [22mCode 
Intelligence MCP Tools[2m > [22mTool Registry[2m > [22mshould return undefined for unknown tool
[31m[1mTypeError[22m: getTool is not a function[39m
[36m [2mΓ¥»[22m v3/plugins/code-intelligence/tests/mcp-tools.test.ts:[2m144:20[22m[39m
    [90m142| [39m
    [90m143| [39m    [34mit[39m([32m'should return undefined for unknown tool'[39m[33m,[39m () 
[33m=>[39m {
    [90m144| [39m      [35mconst[39m tool [33m=[39m [34mgetTool[39m([32m'code/unknown'[39m)[33m;[39m
    [90m   | [39m                   [31m^[39m
    [90m145| [39m      [34mexpect[39m(tool)[33m.[39m[34mtoBeUndefined[39m()[33m;[39m
    [90m146| [39m    })[33m;[39m

[31m[2mΓÄ»ΓÄ»ΓÄ»ΓÄ»ΓÄ»ΓÄ»ΓÄ»ΓÄ»ΓÄ»ΓÄ»ΓÄ»ΓÄ»ΓÄ»ΓÄ»ΓÄ»ΓÄ»ΓÄ»ΓÄ»ΓÄ»ΓÄ»[151/397]ΓÄ»[22m[39m

[31m[1m[7m FAIL [27m[22m[39m v3/plugins/code-intelligence/tests/mcp-tools.test.ts[2m > [22mCode 
Intelligence MCP Tools[2m > [22mTool Registry[2m > [22mshould get all tool names
[31m[1mTypeError[22m: getToolNames is not a function[39m
[36m [2mΓ¥»[22m v3/plugins/code-intelligence/tests/mcp-tools.test.ts:[2m149:21[22m[39m
    [90m147| [39m
    [90m148| [39m    [34mit[39m([32m'should get all tool names'[39m[33m,[39m () [33m=>[39m {
    [90m149| [39m      [35mconst[39m names [33m=[39m [34mgetToolNames[39m()[33m;[39m
    [90m   | [39m                    [31m^[39m
    [90m150| [39m      [34mexpect[39m(names)[33m.[39m[34mtoHaveLength[39m([34m5[39m)[33m;[39m
    [90m151| [39m      
[34mexpect[39m(names)[33m.[39m[34mtoContain[39m([32m'code/semantic-search'[39m)[33m;[39m

[31m[2mΓÄ»ΓÄ»ΓÄ»ΓÄ»ΓÄ»ΓÄ»ΓÄ»ΓÄ»ΓÄ»ΓÄ»ΓÄ»ΓÄ»ΓÄ»ΓÄ»ΓÄ»ΓÄ»ΓÄ»ΓÄ»ΓÄ»ΓÄ»[152/397]ΓÄ»[22m[39m

[31m[1m[7m FAIL [27m[22m[39m v3/plugins/code-intelligence/tests/mcp-tools.test.ts[2m > [22mCode 
Intelligence MCP Tools[2m > [22mcode/semantic-search[2m > [22mshould have correct tool definition
[31m[1mAssertionError[22m: expected [ undefined ] to include 'query'[39m
[36m [2mΓ¥»[22m v3/plugins/code-intelligence/tests/mcp-tools.test.ts:[2m158:55[22m[39m
    [90m156| [39m    [34mit[39m([32m'should have correct tool definition'[39m[33m,[39m () [33m=>[39m {
    [90m157| [39m      [34mexpect[39m(semanticSearchTool[33m.[39mname)[33m.[39m[34mtoBe[39m([32m'code/
semantic-search'[39m)[33m;[39m
    [90m158| [39m      [34mexpect[39m(semanticSearchTool[33m.[39minputSchema[33m.[39mrequired)[33m.[39m
[34mtoContain[39m([32m'query[39mΓÇª
    [90m   | [39m                                                      [31m^[39m
    [90m159| [39m      
[34mexpect[39m(semanticSearchTool[33m.[39mcacheable)[33m.[39m[34mtoBe[39m([35mtrue[39m)[33m;[39m
    [90m160| [39m    })[33m;[39m

[31m[2mΓÄ»ΓÄ»ΓÄ»ΓÄ»ΓÄ»ΓÄ»ΓÄ»ΓÄ»ΓÄ»ΓÄ»ΓÄ»ΓÄ»ΓÄ»ΓÄ»ΓÄ»ΓÄ»ΓÄ»ΓÄ»ΓÄ»ΓÄ»[153/397]ΓÄ»[22m[39m

[31m[1m[7m FAIL [27m[22m[39m v3/plugins/code-intelligence/tests/mcp-tools.test.ts[2m > [22mCode 
Intelligence MCP Tools[2m > [22mcode/semantic-search[2m > [22mshould handle valid input
[31m[1mAssertionError[22m: expected undefined not to be undefined[39m
[36m [2mΓ¥»[22m v3/plugins/code-intelligence/tests/mcp-tools.test.ts:[2m172:28[22m[39m
    [90m170| [39m      
[34mexpect[39m(result[33m.[39misError)[33m.[39m[34mtoBeUndefined[39m()[33m;[39m
    [90m171| [39m      [35mconst[39m data [33m=[39m [33mJSON[39m[33m.[39m[34mparse[39m(result[33m.[
39mcontent[[34m0[39m][33m.[39mtext[33m![39m)[33m;[39m
    [90m172| [39m      [34mexpect[39m(data[33m.[39mresults)[33m.[39m[34mtoBeDefined[39m()[33m;[39m
    [90m   | [39m                           [31m^[39m
    [90m173| [39m      [34mexpect[39m([33mArray[39m[33m.[39m[34misArray[39m(data[33m.[39mresults))[3
3m.[39m[34mtoBe[39m([35mtrue[39m)[33m;[39m
    [90m174| [39m      [34mexpect[39m(data[33m.[39msearchTime)[33m.[39m[34mtoBeDefined[39m()[33m;[39m

[31m[2mΓÄ»ΓÄ»ΓÄ»ΓÄ»ΓÄ»ΓÄ»ΓÄ»ΓÄ»ΓÄ»ΓÄ»ΓÄ»ΓÄ»ΓÄ»ΓÄ»ΓÄ»ΓÄ»ΓÄ»ΓÄ»ΓÄ»ΓÄ»[154/397]ΓÄ»[22m[39m

[31m[1m[7m FAIL [27m[22m[39m v3/plugins/code-intelligence/tests/mcp-tools.test.ts[2m > [22mCode 
Intelligence MCP Tools[2m > [22mcode/semantic-search[2m > [22mshould reject missing query
[31m[1mAssertionError[22m: expected undefined to be true // Object.is equality[39m

[32m- Expected:[39m 
true

[31m+ Received:[39m 
undefined

[36m [2mΓ¥»[22m v3/plugins/code-intelligence/tests/mcp-tools.test.ts:[2m220:30[22m[39m
    [90m218| [39m      [35mconst[39m result [33m=[39m [35mawait[39m 
semanticSearchTool[33m.[39m[34mhandler[39m(input[33m,[39m [34mcreateMoc[39mΓÇª
    [90m219| [39m
    [90m220| [39m      
[34mexpect[39m(result[33m.[39misError)[33m.[39m[34mtoBe[39m([35mtrue[39m)[33m;[39m
    [90m   | [39m                             [31m^[39m
    [90m221| [39m    })[33m;[39m
    [90m222| [39m

[31m[2mΓÄ»ΓÄ»ΓÄ»ΓÄ»ΓÄ»ΓÄ»ΓÄ»ΓÄ»ΓÄ»ΓÄ»ΓÄ»ΓÄ»ΓÄ»ΓÄ»ΓÄ»ΓÄ»ΓÄ»ΓÄ»ΓÄ»ΓÄ»[155/397]ΓÄ»[22m[39m

[31m[1m[7m FAIL [27m[22m[39m v3/plugins/code-intelligence/tests/mcp-tools.test.ts[2m > [22mCode 
Intelligence MCP Tools[2m > [22mcode/semantic-search[2m > [22mshould reject query exceeding max length
[31m[1mAssertionError[22m: expected undefined to be true // Object.is equality[39m

[32m- Expected:[39m 
true

[31m+ Received:[39m 
undefined

[36m [2mΓ¥»[22m v3/plugins/code-intelligence/tests/mcp-tools.test.ts:[2m230:30[22m[39m
    [90m228| [39m      [35mconst[39m result [33m=[39m [35mawait[39m 
semanticSearchTool[33m.[39m[34mhandler[39m(input[33m,[39m [34mcreateMoc[39mΓÇª
    [90m229| [39m
    [90m230| [39m      
[34mexpect[39m(result[33m.[39misError)[33m.[39m[34mtoBe[39m([35mtrue[39m)[33m;[39m
    [90m   | [39m                             [31m^[39m
    [90m231| [39m    })[33m;[39m
    [90m232| [39m

[31m[2mΓÄ»ΓÄ»ΓÄ»ΓÄ»ΓÄ»ΓÄ»ΓÄ»ΓÄ»ΓÄ»ΓÄ»ΓÄ»ΓÄ»ΓÄ»ΓÄ»ΓÄ»ΓÄ»ΓÄ»ΓÄ»ΓÄ»ΓÄ»[156/397]ΓÄ»[22m[39m

[31m[1m[7m FAIL [27m[22m[39m v3/plugins/code-intelligence/tests/mcp-tools.test.ts[2m > [22mCode 
Intelligence MCP Tools[2m > [22mcode/semantic-search[2m > [22mshould reject topK outside valid range
[31m[1mAssertionError[22m: expected undefined to be true // Object.is equality[39m

[32m- Expected:[39m 
true

[31m+ Received:[39m 
undefined

[36m [2mΓ¥»[22m v3/plugins/code-intelligence/tests/mcp-tools.test.ts:[2m241:30[22m[39m
    [90m239| [39m      [35mconst[39m result [33m=[39m [35mawait[39m 
semanticSearchTool[33m.[39m[34mhandler[39m(input[33m,[39m [34mcreateMoc[39mΓÇª
    [90m240| [39m
    [90m241| [39m      
[34mexpect[39m(result[33m.[39misError)[33m.[39m[34mtoBe[39m([35mtrue[39m)[33m;[39m
    [90m   | [39m                             [31m^[39m
    [90m242| [39m    })[33m;[39m
    [90m243| [39m  })[33m;[39m

[31m[2mΓÄ»ΓÄ»ΓÄ»ΓÄ»ΓÄ»ΓÄ»ΓÄ»ΓÄ»ΓÄ»ΓÄ»ΓÄ»ΓÄ»ΓÄ»ΓÄ»ΓÄ»ΓÄ»ΓÄ»ΓÄ»ΓÄ»ΓÄ»[157/397]ΓÄ»[22m[39m

[31m[1m[7m FAIL [27m[22m[39m v3/plugins/code-intelligence/tests/mcp-tools.test.ts[2m > [22mCode 
Intelligence MCP Tools[2m > [22mcode/architecture-analyze[2m > [22mshould have correct tool definition
[31m[1mAssertionError[22m: expected [ undefined ] to include 'targetPath'[39m
[36m [2mΓ¥»[22m v3/plugins/code-intelligence/tests/mcp-tools.test.ts:[2m248:60[22m[39m
    [90m246| [39m    [34mit[39m([32m'should have correct tool definition'[39m[33m,[39m () [33m=>[39m {
    [90m247| [39m      [34mexpect[39m(architectureAnalyzeTool[33m.[39mname)[33m.[39m[34mtoBe[39m([32m'
code/architecture-ana[39mΓÇª
    [90m248| [39m      [34mexpect[39m(architectureAnalyzeTool[33m.[39minputSchema[33m.[39mrequired)[33m.
[39m[34mtoContain[39m([32m'[39mΓÇª
    [90m   | [39m                                                           [31m^[39m
    [90m249| [39m      
[34mexpect[39m(architectureAnalyzeTool[33m.[39mcacheable)[33m.[39m[34mtoBe[39m([35mtrue[39m)[33m;[39m
    [90m250| [39m    })[33m;[39m

[31m[2mΓÄ»ΓÄ»ΓÄ»ΓÄ»ΓÄ»ΓÄ»ΓÄ»ΓÄ»ΓÄ»ΓÄ»ΓÄ»ΓÄ»ΓÄ»ΓÄ»ΓÄ»ΓÄ»ΓÄ»ΓÄ»ΓÄ»ΓÄ»[158/397]ΓÄ»[22m[39m

[31m[1m[7m FAIL [27m[22m[39m v3/plugins/code-intelligence/tests/mcp-tools.test.ts[2m > [22mCode 
Intelligence MCP Tools[2m > [22mcode/architecture-analyze[2m > [22mshould handle valid input
[31m[1mAssertionError[22m: expected undefined not to be undefined[39m
[36m [2mΓ¥»[22m v3/plugins/code-intelligence/tests/mcp-tools.test.ts:[2m262:31[22m[39m
    [90m260| [39m      
[34mexpect[39m(result[33m.[39misError)[33m.[39m[34mtoBeUndefined[39m()[33m;[39m
    [90m261| [39m      [35mconst[39m data [33m=[39m [33mJSON[39m[33m.[39m[34mparse[39m(result[33m.[
39mcontent[[34m0[39m][33m.[39mtext[33m![39m)[33m;[39m
    [90m262| [39m      [34mexpect[39m(data[33m.[39mcomponents)[33m.[39m[34mtoBeDefined[39m()[33m;[39m
    [90m   | [39m                              [31m^[39m
    [90m263| [39m      [34mexpect[39m(data[33m.[39mmetrics)[33m.[39m[34mtoBeDefined[39m()[33m;[39m
    [90m264| [39m      
[34mexpect[39m(data[33m.[39manalysisTime)[33m.[39m[34mtoBeDefined[39m()[33m;[39m

[31m[2mΓÄ»ΓÄ»ΓÄ»ΓÄ»ΓÄ»ΓÄ»ΓÄ»ΓÄ»ΓÄ»ΓÄ»ΓÄ»ΓÄ»ΓÄ»ΓÄ»ΓÄ»ΓÄ»ΓÄ»ΓÄ»ΓÄ»ΓÄ»[159/397]ΓÄ»[22m[39m

[31m[1m[7m FAIL [27m[22m[39m v3/plugins/code-intelligence/tests/mcp-tools.test.ts[2m > [22mCode 
Intelligence MCP Tools[2m > [22mcode/architecture-analyze[2m > [22mshould reject missing targetPath
[31m[1mAssertionError[22m: expected undefined to be true // Object.is equality[39m

[32m- Expected:[39m 
true

[31m+ Received:[39m 
undefined

[36m [2mΓ¥»[22m v3/plugins/code-intelligence/tests/mcp-tools.test.ts:[2m308:30[22m[39m
    [90m306| [39m      [35mconst[39m result [33m=[39m [35mawait[39m 
architectureAnalyzeTool[33m.[39m[34mhandler[39m(input[33m,[39m [34mcrea[39mΓÇª
    [90m307| [39m
    [90m308| [39m      
[34mexpect[39m(result[33m.[39misError)[33m.[39m[34mtoBe[39m([35mtrue[39m)[33m;[39m
    [90m   | [39m                             [31m^[39m
    [90m309| [39m    })[33m;[39m
    [90m310| [39m

[31m[2mΓÄ»ΓÄ»ΓÄ»ΓÄ»ΓÄ»ΓÄ»ΓÄ»ΓÄ»ΓÄ»ΓÄ»ΓÄ»ΓÄ»ΓÄ»ΓÄ»ΓÄ»ΓÄ»ΓÄ»ΓÄ»ΓÄ»ΓÄ»[160/397]ΓÄ»[22m[39m

[31m[1m[7m FAIL [27m[22m[39m v3/plugins/code-intelligence/tests/mcp-tools.test.ts[2m > [22mCode 
Intelligence MCP Tools[2m > [22mcode/architecture-analyze[2m > [22mshould reject targetPath exceeding max 
length
[31m[1mAssertionError[22m: expected undefined to be true // Object.is equality[39m

[32m- Expected:[39m 
true

[31m+ Received:[39m 
undefined

[36m [2mΓ¥»[22m v3/plugins/code-intelligence/tests/mcp-tools.test.ts:[2m318:30[22m[39m
    [90m316| [39m      [35mconst[39m result [33m=[39m [35mawait[39m 
architectureAnalyzeTool[33m.[39m[34mhandler[39m(input[33m,[39m [34mcrea[39mΓÇª
    [90m317| [39m
    [90m318| [39m      
[34mexpect[39m(result[33m.[39misError)[33m.[39m[34mtoBe[39m([35mtrue[39m)[33m;[39m
    [90m   | [39m                             [31m^[39m
    [90m319| [39m    })[33m;[39m
    [90m320| [39m  })[33m;[39m

[31m[2mΓÄ»ΓÄ»ΓÄ»ΓÄ»ΓÄ»ΓÄ»ΓÄ»ΓÄ»ΓÄ»ΓÄ»ΓÄ»ΓÄ»ΓÄ»ΓÄ»ΓÄ»ΓÄ»ΓÄ»ΓÄ»ΓÄ»ΓÄ»[161/397]ΓÄ»[22m[39m

[31m[1m[7m FAIL [27m[22m[39m v3/plugins/code-intelligence/tests/mcp-tools.test.ts[2m > [22mCode 
Intelligence MCP Tools[2m > [22mcode/refactor-impact[2m > [22mshould have correct tool definition
[31m[1mAssertionError[22m: expected [ undefined ] to include 'targetPath'[39m
[36m [2mΓ¥»[22m v3/plugins/code-intelligence/tests/mcp-tools.test.ts:[2m325:55[22m[39m
    [90m323| [39m    [34mit[39m([32m'should have correct tool definition'[39m[33m,[39m () [33m=>[39m {
    [90m324| [39m      [34mexpect[39m(refactorImpactTool[33m.[39mname)[33m.[39m[34mtoBe[39m([32m'code/
refactor-impact'[39m)[33m;[39m
    [90m325| [39m      [34mexpect[39m(refactorImpactTool[33m.[39minputSchema[33m.[39mrequired)[33m.[39m
[34mtoContain[39m([32m'targe[39mΓÇª
    [90m   | [39m                                                      [31m^[39m
    [90m326| [39m      [34mexpect[39m(refactorImpactTool[33m.[39minputSchema[33m.[39mrequired)[33m.[39m
[34mtoContain[39m([32m'chang[39mΓÇª
    [90m327| [39m      
[34mexpect[39m(refactorImpactTool[33m.[39mcacheable)[33m.[39m[34mtoBe[39m([35mfalse[39m)[33m;[39m

[31m[2mΓÄ»ΓÄ»ΓÄ»ΓÄ»ΓÄ»ΓÄ»ΓÄ»ΓÄ»ΓÄ»ΓÄ»ΓÄ»ΓÄ»ΓÄ»ΓÄ»ΓÄ»ΓÄ»ΓÄ»ΓÄ»ΓÄ»ΓÄ»[162/397]ΓÄ»[22m[39m

[31m[1m[7m FAIL [27m[22m[39m v3/plugins/code-intelligence/tests/mcp-tools.test.ts[2m > [22mCode 
Intelligence MCP Tools[2m > [22mcode/refactor-impact[2m > [22mshould handle valid input
[31m[1mAssertionError[22m: expected undefined not to be undefined[39m
[36m [2mΓ¥»[22m v3/plugins/code-intelligence/tests/mcp-tools.test.ts:[2m341:33[22m[39m
    [90m339| [39m      
[34mexpect[39m(result[33m.[39misError)[33m.[39m[34mtoBeUndefined[39m()[33m;[39m
    [90m340| [39m      [35mconst[39m data [33m=[39m [33mJSON[39m[33m.[39m[34mparse[39m(result[33m.[
39mcontent[[34m0[39m][33m.[39mtext[33m![39m)[33m;[39m
    [90m341| [39m      
[34mexpect[39m(data[33m.[39mdirectImpact)[33m.[39m[34mtoBeDefined[39m()[33m;[39m
    [90m   | [39m                                [31m^[39m
    [90m342| [39m      
[34mexpect[39m(data[33m.[39mindirectImpact)[33m.[39m[34mtoBeDefined[39m()[33m;[39m
    [90m343| [39m      [34mexpect[39m(data[33m.[39mriskLevel)[33m.[39m[34mtoBeDefined[39m()[33m;[39m

[31m[2mΓÄ»ΓÄ»ΓÄ»ΓÄ»ΓÄ»ΓÄ»ΓÄ»ΓÄ»ΓÄ»ΓÄ»ΓÄ»ΓÄ»ΓÄ»ΓÄ»ΓÄ»ΓÄ»ΓÄ»ΓÄ»ΓÄ»ΓÄ»[163/397]ΓÄ»[22m[39m

[31m[1m[7m FAIL [27m[22m[39m v3/plugins/code-intelligence/tests/mcp-tools.test.ts[2m > [22mCode 
Intelligence MCP Tools[2m > [22mcode/refactor-impact[2m > [22mshould reject missing targetPath
[31m[1mAssertionError[22m: expected undefined to be true // Object.is equality[39m

[32m- Expected:[39m 
true

[31m+ Received:[39m 
undefined

[36m [2mΓ¥»[22m v3/plugins/code-intelligence/tests/mcp-tools.test.ts:[2m391:30[22m[39m
    [90m389| [39m      [35mconst[39m result [33m=[39m [35mawait[39m 
refactorImpactTool[33m.[39m[34mhandler[39m(input[33m,[39m [34mcreateMoc[39mΓÇª
    [90m390| [39m
    [90m391| [39m      
[34mexpect[39m(result[33m.[39misError)[33m.[39m[34mtoBe[39m([35mtrue[39m)[33m;[39m
    [90m   | [39m                             [31m^[39m
    [90m392| [39m    })[33m;[39m
    [90m393| [39m

[31m[2mΓÄ»ΓÄ»ΓÄ»ΓÄ»ΓÄ»ΓÄ»ΓÄ»ΓÄ»ΓÄ»ΓÄ»ΓÄ»ΓÄ»ΓÄ»ΓÄ»ΓÄ»ΓÄ»ΓÄ»ΓÄ»ΓÄ»ΓÄ»[164/397]ΓÄ»[22m[39m

[31m[1m[7m FAIL [27m[22m[39m v3/plugins/code-intelligence/tests/mcp-tools.test.ts[2m > [22mCode 
Intelligence MCP Tools[2m > [22mcode/refactor-impact[2m > [22mshould reject missing changeType
[31m[1mAssertionError[22m: expected undefined to be true // Object.is equality[39m

[32m- Expected:[39m 
true

[31m+ Received:[39m 
undefined

[36m [2mΓ¥»[22m v3/plugins/code-intelligence/tests/mcp-tools.test.ts:[2m401:30[22m[39m
    [90m399| [39m      [35mconst[39m result [33m=[39m [35mawait[39m 
refactorImpactTool[33m.[39m[34mhandler[39m(input[33m,[39m [34mcreateMoc[39mΓÇª
    [90m400| [39m
    [90m401| [39m      
[34mexpect[39m(result[33m.[39misError)[33m.[39m[34mtoBe[39m([35mtrue[39m)[33m;[39m
    [90m   | [39m                             [31m^[39m
    [90m402| [39m    })[33m;[39m
    [90m403| [39m

[31m[2mΓÄ»ΓÄ»ΓÄ»ΓÄ»ΓÄ»ΓÄ»ΓÄ»ΓÄ»ΓÄ»ΓÄ»ΓÄ»ΓÄ»ΓÄ»ΓÄ»ΓÄ»ΓÄ»ΓÄ»ΓÄ»ΓÄ»ΓÄ»[165/397]ΓÄ»[22m[39m

[31m[1m[7m FAIL [27m[22m[39m v3/plugins/code-intelligence/tests/mcp-tools.test.ts[2m > [22mCode 
Intelligence MCP Tools[2m > [22mcode/refactor-impact[2m > [22mshould reject invalid changeType
[31m[1mAssertionError[22m: expected undefined to be true // Object.is equality[39m

[32m- Expected:[39m 
true

[31m+ Received:[39m 
undefined

[36m [2mΓ¥»[22m v3/plugins/code-intelligence/tests/mcp-tools.test.ts:[2m412:30[22m[39m
    [90m410| [39m      [35mconst[39m result [33m=[39m [35mawait[39m 
refactorImpactTool[33m.[39m[34mhandler[39m(input[33m,[39m [34mcreateMoc[39mΓÇª
    [90m411| [39m
    [90m412| [39m      
[34mexpect[39m(result[33m.[39misError)[33m.[39m[34mtoBe[39m([35mtrue[39m)[33m;[39m
    [90m   | [39m                             [31m^[39m
    [90m413| [39m    })[33m;[39m
    [90m414| [39m  })[33m;[39m

[31m[2mΓÄ»ΓÄ»ΓÄ»ΓÄ»ΓÄ»ΓÄ»ΓÄ»ΓÄ»ΓÄ»ΓÄ»ΓÄ»ΓÄ»ΓÄ»ΓÄ»ΓÄ»ΓÄ»ΓÄ»ΓÄ»ΓÄ»ΓÄ»[166/397]ΓÄ»[22m[39m

[31m[1m[7m FAIL [27m[22m[39m v3/plugins/code-intelligence/tests/mcp-tools.test.ts[2m > [22mCode 
Intelligence MCP Tools[2m > [22mcode/split-suggest[2m > [22mshould have correct tool definition
[31m[1mAssertionError[22m: expected [ undefined ] to include 'targetPath'[39m
[36m [2mΓ¥»[22m v3/plugins/code-intelligence/tests/mcp-tools.test.ts:[2m419:53[22m[39m
    [90m417| [39m    [34mit[39m([32m'should have correct tool definition'[39m[33m,[39m () [33m=>[39m {
    [90m418| [39m      [34mexpect[39m(splitSuggestTool[33m.[39mname)[33m.[39m[34mtoBe[39m([32m'code/sp
lit-suggest'[39m)[33m;[39m
    [90m419| [39m      [34mexpect[39m(splitSuggestTool[33m.[39minputSchema[33m.[39mrequired)[33m.[39m[
34mtoContain[39m([32m'targetP[39mΓÇª
    [90m   | [39m                                                    [31m^[39m
    [90m420| [39m      
[34mexpect[39m(splitSuggestTool[33m.[39mcacheable)[33m.[39m[34mtoBe[39m([35mtrue[39m)[33m;[39m
    [90m421| [39m    })[33m;[39m

[31m[2mΓÄ»ΓÄ»ΓÄ»ΓÄ»ΓÄ»ΓÄ»ΓÄ»ΓÄ»ΓÄ»ΓÄ»ΓÄ»ΓÄ»ΓÄ»ΓÄ»ΓÄ»ΓÄ»ΓÄ»ΓÄ»ΓÄ»ΓÄ»[167/397]ΓÄ»[22m[39m

[31m[1m[7m FAIL [27m[22m[39m v3/plugins/code-intelligence/tests/mcp-tools.test.ts[2m > [22mCode 
Intelligence MCP Tools[2m > [22mcode/split-suggest[2m > [22mshould handle valid input
[31m[1mAssertionError[22m: expected undefined not to be undefined[39m
[36m [2mΓ¥»[22m v3/plugins/code-intelligence/tests/mcp-tools.test.ts:[2m433:32[22m[39m
    [90m431| [39m      
[34mexpect[39m(result[33m.[39misError)[33m.[39m[34mtoBeUndefined[39m()[33m;[39m
    [90m432| [39m      [35mconst[39m data [33m=[39m [33mJSON[39m[33m.[39m[34mparse[39m(result[33m.[
39mcontent[[34m0[39m][33m.[39mtext[33m![39m)[33m;[39m
    [90m433| [39m      
[34mexpect[39m(data[33m.[39msuggestions)[33m.[39m[34mtoBeDefined[39m()[33m;[39m
    [90m   | [39m                               [31m^[39m
    [90m434| [39m      
[34mexpect[39m(data[33m.[39manalysisTime)[33m.[39m[34mtoBeDefined[39m()[33m;[39m
    [90m435| [39m    })[33m;[39m

[31m[2mΓÄ»ΓÄ»ΓÄ»ΓÄ»ΓÄ»ΓÄ»ΓÄ»ΓÄ»ΓÄ»ΓÄ»ΓÄ»ΓÄ»ΓÄ»ΓÄ»ΓÄ»ΓÄ»ΓÄ»ΓÄ»ΓÄ»ΓÄ»[168/397]ΓÄ»[22m[39m

[31m[1m[7m FAIL [27m[22m[39m v3/plugins/code-intelligence/tests/mcp-tools.test.ts[2m > [22mCode 
Intelligence MCP Tools[2m > [22mcode/split-suggest[2m > [22mshould use default threshold
[31m[1mAssertionError[22m: expected undefined to be 500 // Object.is equality[39m

[32m- Expected:[39m 
500

[31m+ Received:[39m 
undefined

[36m [2mΓ¥»[22m v3/plugins/code-intelligence/tests/mcp-tools.test.ts:[2m460:30[22m[39m
    [90m458| [39m      
[34mexpect[39m(result[33m.[39misError)[33m.[39m[34mtoBeUndefined[39m()[33m;[39m
    [90m459| [39m      [35mconst[39m data [33m=[39m [33mJSON[39m[33m.[39m[34mparse[39m(result[33m.[
39mcontent[[34m0[39m][33m.[39mtext[33m![39m)[33m;[39m
    [90m460| [39m      
[34mexpect[39m(data[33m.[39mthreshold)[33m.[39m[34mtoBe[39m([34m500[39m)[33m;[39m [90m// 
default[39m
    [90m   | [39m                             [31m^[39m
    [90m461| [39m    })[33m;[39m
    [90m462| [39m

[31m[2mΓÄ»ΓÄ»ΓÄ»ΓÄ»ΓÄ»ΓÄ»ΓÄ»ΓÄ»ΓÄ»ΓÄ»ΓÄ»ΓÄ»ΓÄ»ΓÄ»ΓÄ»ΓÄ»ΓÄ»ΓÄ»ΓÄ»ΓÄ»[169/397]ΓÄ»[22m[39m

[31m[1m[7m FAIL [27m[22m[39m v3/plugins/code-intelligence/tests/mcp-tools.test.ts[2m > [22mCode 
Intelligence MCP Tools[2m > [22mcode/split-suggest[2m > [22mshould reject missing targetPath
[31m[1mAssertionError[22m: expected undefined to be true // Object.is equality[39m

[32m- Expected:[39m 
true

[31m+ Received:[39m 
undefined

[36m [2mΓ¥»[22m v3/plugins/code-intelligence/tests/mcp-tools.test.ts:[2m481:30[22m[39m
    [90m479| [39m      [35mconst[39m result [33m=[39m [35mawait[39m 
splitSuggestTool[33m.[39m[34mhandler[39m(input[33m,[39m [34mcreateMockC[39mΓÇª
    [90m480| [39m
    [90m481| [39m      
[34mexpect[39m(result[33m.[39misError)[33m.[39m[34mtoBe[39m([35mtrue[39m)[33m;[39m
    [90m   | [39m                             [31m^[39m
    [90m482| [39m    })[33m;[39m
    [90m483| [39m

[31m[2mΓÄ»ΓÄ»ΓÄ»ΓÄ»ΓÄ»ΓÄ»ΓÄ»ΓÄ»ΓÄ»ΓÄ»ΓÄ»ΓÄ»ΓÄ»ΓÄ»ΓÄ»ΓÄ»ΓÄ»ΓÄ»ΓÄ»ΓÄ»[170/397]ΓÄ»[22m[39m

[31m[1m[7m FAIL [27m[22m[39m v3/plugins/code-intelligence/tests/mcp-tools.test.ts[2m > [22mCode 
Intelligence MCP Tools[2m > [22mcode/split-suggest[2m > [22mshould reject threshold outside valid range
[31m[1mAssertionError[22m: expected undefined to be true // Object.is equality[39m

[32m- Expected:[39m 
true

[31m+ Received:[39m 
undefined

[36m [2mΓ¥»[22m v3/plugins/code-intelligence/tests/mcp-tools.test.ts:[2m491:30[22m[39m
    [90m489| [39m
    [90m490| [39m      [35mconst[39m result [33m=[39m [35mawait[39m 
splitSuggestTool[33m.[39m[34mhandler[39m(tooLow[33m,[39m [34mcreateMock[39mΓÇª
    [90m491| [39m      
[34mexpect[39m(result[33m.[39misError)[33m.[39m[34mtoBe[39m([35mtrue[39m)[33m;[39m
    [90m   | [39m                             [31m^[39m
    [90m492| [39m    })[33m;[39m
    [90m493| [39m  })[33m;[39m

[31m[2mΓÄ»ΓÄ»ΓÄ»ΓÄ»ΓÄ»ΓÄ»ΓÄ»ΓÄ»ΓÄ»ΓÄ»ΓÄ»ΓÄ»ΓÄ»ΓÄ»ΓÄ»ΓÄ»ΓÄ»ΓÄ»ΓÄ»ΓÄ»[171/397]ΓÄ»[22m[39m

[31m[1m[7m FAIL [27m[22m[39m v3/plugins/code-intelligence/tests/mcp-tools.test.ts[2m > [22mCode 
Intelligence MCP Tools[2m > [22mcode/learn-patterns[2m > [22mshould have correct tool definition
[31m[1mAssertionError[22m: expected [ undefined ] to include 'targetPath'[39m
[36m [2mΓ¥»[22m v3/plugins/code-intelligence/tests/mcp-tools.test.ts:[2m498:54[22m[39m
    [90m496| [39m    [34mit[39m([32m'should have correct tool definition'[39m[33m,[39m () [33m=>[39m {
    [90m497| [39m      [34mexpect[39m(learnPatternsTool[33m.[39mname)[33m.[39m[34mtoBe[39m([32m'code/l
earn-patterns'[39m)[33m;[39m
    [90m498| [39m      [34mexpect[39m(learnPatternsTool[33m.[39minputSchema[33m.[39mrequired)[33m.[39m
[34mtoContain[39m([32m'target[39mΓÇª
    [90m   | [39m                                                     [31m^[39m
    [90m499| [39m      
[34mexpect[39m(learnPatternsTool[33m.[39mcacheable)[33m.[39m[34mtoBe[39m([35mtrue[39m)[33m;[39m
    [90m500| [39m    })[33m;[39m

[31m[2mΓÄ»ΓÄ»ΓÄ»ΓÄ»ΓÄ»ΓÄ»ΓÄ»ΓÄ»ΓÄ»ΓÄ»ΓÄ»ΓÄ»ΓÄ»ΓÄ»ΓÄ»ΓÄ»ΓÄ»ΓÄ»ΓÄ»ΓÄ»[172/397]ΓÄ»[22m[39m

[31m[1m[7m FAIL [27m[22m[39m v3/plugins/code-intelligence/tests/mcp-tools.test.ts[2m > [22mCode 
Intelligence MCP Tools[2m > [22mcode/learn-patterns[2m > [22mshould handle valid input
[31m[1mAssertionError[22m: expected undefined not to be undefined[39m
[36m [2mΓ¥»[22m v3/plugins/code-intelligence/tests/mcp-tools.test.ts:[2m512:29[22m[39m
    [90m510| [39m      
[34mexpect[39m(result[33m.[39misError)[33m.[39m[34mtoBeUndefined[39m()[33m;[39m
    [90m511| [39m      [35mconst[39m data [33m=[39m [33mJSON[39m[33m.[39m[34mparse[39m(result[33m.[
39mcontent[[34m0[39m][33m.[39mtext[33m![39m)[33m;[39m
    [90m512| [39m      [34mexpect[39m(data[33m.[39mpatterns)[33m.[39m[34mtoBeDefined[39m()[33m;[39m
    [90m   | [39m                            [31m^[39m
    [90m513| [39m      
[34mexpect[39m(data[33m.[39mantiPatterns)[33m.[39m[34mtoBeDefined[39m()[33m;[39m
    [90m514| [39m      
[34mexpect[39m(data[33m.[39manalysisTime)[33m.[39m[34mtoBeDefined[39m()[33m;[39m

[31m[2mΓÄ»ΓÄ»ΓÄ»ΓÄ»ΓÄ»ΓÄ»ΓÄ»ΓÄ»ΓÄ»ΓÄ»ΓÄ»ΓÄ»ΓÄ»ΓÄ»ΓÄ»ΓÄ»ΓÄ»ΓÄ»ΓÄ»ΓÄ»[173/397]ΓÄ»[22m[39m

[31m[1m[7m FAIL [27m[22m[39m v3/plugins/code-intelligence/tests/mcp-tools.test.ts[2m > [22mCode 
Intelligence MCP Tools[2m > [22mcode/learn-patterns[2m > [22mshould reject missing targetPath
[31m[1mAssertionError[22m: expected undefined to be true // Object.is equality[39m

[32m- Expected:[39m 
true

[31m+ Received:[39m 
undefined

[36m [2mΓ¥»[22m v3/plugins/code-intelligence/tests/mcp-tools.test.ts:[2m558:30[22m[39m
    [90m556| [39m      [35mconst[39m result [33m=[39m [35mawait[39m 
learnPatternsTool[33m.[39m[34mhandler[39m(input[33m,[39m [34mcreateMock[39mΓÇª
    [90m557| [39m
    [90m558| [39m      
[34mexpect[39m(result[33m.[39misError)[33m.[39m[34mtoBe[39m([35mtrue[39m)[33m;[39m
    [90m   | [39m                             [31m^[39m
    [90m559| [39m    })[33m;[39m
    [90m560| [39m

[31m[2mΓÄ»ΓÄ»ΓÄ»ΓÄ»ΓÄ»ΓÄ»ΓÄ»ΓÄ»ΓÄ»ΓÄ»ΓÄ»ΓÄ»ΓÄ»ΓÄ»ΓÄ»ΓÄ»ΓÄ»ΓÄ»ΓÄ»ΓÄ»[174/397]ΓÄ»[22m[39m

[31m[1m[7m FAIL [27m[22m[39m v3/plugins/code-intelligence/tests/mcp-tools.test.ts[2m > [22mCode 
Intelligence MCP Tools[2m > [22mcode/learn-patterns[2m > [22mshould reject minConfidence outside valid range
[31m[1mAssertionError[22m: expected undefined to be true // Object.is equality[39m

[32m- Expected:[39m 
true

[31m+ Received:[39m 
undefined

[36m [2mΓ¥»[22m v3/plugins/code-intelligence/tests/mcp-tools.test.ts:[2m569:30[22m[39m
    [90m567| [39m      [35mconst[39m result [33m=[39m [35mawait[39m 
learnPatternsTool[33m.[39m[34mhandler[39m(input[33m,[39m [34mcreateMock[39mΓÇª
    [90m568| [39m
    [90m569| [39m      
[34mexpect[39m(result[33m.[39misError)[33m.[39m[34mtoBe[39m([35mtrue[39m)[33m;[39m
    [90m   | [39m                             [31m^[39m
    [90m570| [39m    })[33m;[39m
    [90m571| [39m  })[33m;[39m

[31m[2mΓÄ»ΓÄ»ΓÄ»ΓÄ»ΓÄ»ΓÄ»ΓÄ»ΓÄ»ΓÄ»ΓÄ»ΓÄ»ΓÄ»ΓÄ»ΓÄ»ΓÄ»ΓÄ»ΓÄ»ΓÄ»ΓÄ»ΓÄ»[175/397]ΓÄ»[22m[39m

[31m[1m[7m FAIL [27m[22m[39m v3/plugins/code-intelligence/tests/mcp-tools.test.ts[2m > [22mCode 
Intelligence MCP Tools[2m > [22mSecurity - Secret Masking[2m > [22mshould mask secrets in search results
[31m[1mTypeError[22m: data.results is not iterable[39m
[36m [2mΓ¥»[22m v3/plugins/code-intelligence/tests/mcp-tools.test.ts:[2m586:28[22m[39m
    [90m584| [39m
    [90m585| [39m      [90m// Results should not contain unmasked secrets[39m
    [90m586| [39m      [35mfor[39m ([35mconst[39m r [35mof[39m data[33m.[39mresults) {
    [90m   | [39m                           [31m^[39m
    [90m587| [39m        [34mexpect[39m(r[33m.[39mcontent)[33m.[39mnot[33m.[39m[34mtoMatch[39m([36m/
sk-[a-zA-Z0-9]{48}/[39m)[33m;[39m [90m// OpenAI[39mΓÇª
    [90m588| [39m        [34mexpect[39m(r[33m.[39mcontent)[33m.[39mnot[33m.[39m[34mtoMatch[39m([36m/
AKIA[0-9A-Z]{16}/[39m)[33m;[39m [90m// AWS key [39mΓÇª

[31m[2mΓÄ»ΓÄ»ΓÄ»ΓÄ»ΓÄ»ΓÄ»ΓÄ»ΓÄ»ΓÄ»ΓÄ»ΓÄ»ΓÄ»ΓÄ»ΓÄ»ΓÄ»ΓÄ»ΓÄ»ΓÄ»ΓÄ»ΓÄ»[176/397]ΓÄ»[22m[39m

[31m[1m[7m FAIL [27m[22m[39m v3/plugins/code-intelligence/tests/mcp-tools.test.ts[2m > [22mCode 
Intelligence MCP Tools[2m > [22mError Handling[2m > [22mshould handle validation errors gracefully
[31m[1mAssertionError[22m: expected undefined to be true // Object.is equality[39m

[32m- Expected:[39m 
true

[31m+ Received:[39m 
undefined

[36m [2mΓ¥»[22m v3/plugins/code-intelligence/tests/mcp-tools.test.ts:[2m601:30[22m[39m
    [90m599| [39m      [35mconst[39m result [33m=[39m [35mawait[39m 
semanticSearchTool[33m.[39m[34mhandler[39m(input[33m,[39m [34mcreateMoc[39mΓÇª
    [90m600| [39m
    [90m601| [39m      
[34mexpect[39m(result[33m.[39misError)[33m.[39m[34mtoBe[39m([35mtrue[39m)[33m;[39m
    [90m   | [39m                             [31m^[39m
    [90m602| [39m      [35mconst[39m data [33m=[39m [33mJSON[39m[33m.[39m[34mparse[39m(result[33m.[
39mcontent[[34m0[39m][33m.[39mtext[33m![39m)[33m;[39m
    [90m603| [39m      
[34mexpect[39m(data[33m.[39merror)[33m.[39m[34mtoBe[39m([35mtrue[39m)[33m;[39m

[31m[2mΓÄ»ΓÄ»ΓÄ»ΓÄ»ΓÄ»ΓÄ»ΓÄ»ΓÄ»ΓÄ»ΓÄ»ΓÄ»ΓÄ»ΓÄ»ΓÄ»ΓÄ»ΓÄ»ΓÄ»ΓÄ»ΓÄ»ΓÄ»[177/397]ΓÄ»[22m[39m

[31m[1m[7m FAIL [27m[22m[39m v3/plugins/code-intelligence/tests/mcp-tools.test.ts[2m > [22mCode 
Intelligence MCP Tools[2m > [22mError Handling[2m > [22mshould include timestamp in error response
[31m[1mAssertionError[22m: expected undefined to be true // Object.is equality[39m

[32m- Expected:[39m 
true

[31m+ Received:[39m 
undefined

[36m [2mΓ¥»[22m v3/plugins/code-intelligence/tests/mcp-tools.test.ts:[2m614:30[22m[39m
    [90m612| [39m      [35mconst[39m result [33m=[39m [35mawait[39m 
architectureAnalyzeTool[33m.[39m[34mhandler[39m(input[33m,[39m [34mcrea[39mΓÇª
    [90m613| [39m
    [90m614| [39m      
[34mexpect[39m(result[33m.[39misError)[33m.[39m[34mtoBe[39m([35mtrue[39m)[33m;[39m
    [90m   | [39m                             [31m^[39m
    [90m615| [39m      [35mconst[39m data [33m=[39m [33mJSON[39m[33m.[39m[34mparse[39m(result[33m.[
39mcontent[[34m0[39m][33m.[39mtext[33m![39m)[33m;[39m
    [90m616| [39m      [34mexpect[39m(data[33m.[39mtimestamp)[33m.[39m[34mtoBeDefined[39m()[33m;[39m

[31m[2mΓÄ»ΓÄ»ΓÄ»ΓÄ»ΓÄ»ΓÄ»ΓÄ»ΓÄ»ΓÄ»ΓÄ»ΓÄ»ΓÄ»ΓÄ»ΓÄ»ΓÄ»ΓÄ»ΓÄ»ΓÄ»ΓÄ»ΓÄ»[178/397]ΓÄ»[22m[39m

[31m[1m[7m FAIL [27m[22m[39m v3/plugins/code-intelligence/tests/mcp-tools.test.ts[2m > [22mCode 
Intelligence MCP Tools[2m > [22mPerformance Logging[2m > [22mshould log duration on success
[31m[1mAssertionError[22m: expected "spy" to be called with arguments: [ StringContaining "completed", ΓÇª(1) 
][90m

Received: 

[31m[90m

Number of calls: [1m0[22m
[31m[39m
[36m [2mΓ¥»[22m v3/plugins/code-intelligence/tests/mcp-tools.test.ts:[2m632:31[22m[39m
    [90m630| [39m      [35mawait[39m semanticSearchTool[33m.[39m[34mhandler[39m(input[33m,[39m { 
logger[33m:[39m mockLogger })[33m;[39m
    [90m631| [39m
    [90m632| [39m      [34mexpect[39m(mockLogger[33m.[39minfo)[33m.[39m[34mtoHaveBeenCalledWith[39m(
    [90m   | [39m                              [31m^[39m
    [90m633| [39m        expect[33m.[39m[34mstringContaining[39m([32m'completed'[39m)[33m,[39m
    [90m634| [39m        expect[33m.[39m[34mobjectContaining[39m({ durationMs[33m:[39m 
expect[33m.[39m[34many[39m([33mString[39m) })

[31m[2mΓÄ»ΓÄ»ΓÄ»ΓÄ»ΓÄ»ΓÄ»ΓÄ»ΓÄ»ΓÄ»ΓÄ»ΓÄ»ΓÄ»ΓÄ»ΓÄ»ΓÄ»ΓÄ»ΓÄ»ΓÄ»ΓÄ»ΓÄ»[179/397]ΓÄ»[22m[39m

[31m[1m[7m FAIL [27m[22m[39m v3/plugins/code-intelligence/tests/mcp-tools.test.ts[2m > [22mCode 
Intelligence MCP Tools[2m > [22mPerformance Logging[2m > [22mshould include analysis time in results
[31m[1mAssertionError[22m: expected undefined not to be undefined[39m
[36m [2mΓ¥»[22m v3/plugins/code-intelligence/tests/mcp-tools.test.ts:[2m647:33[22m[39m
    [90m645| [39m      
[34mexpect[39m(result[33m.[39misError)[33m.[39m[34mtoBeUndefined[39m()[33m;[39m
    [90m646| [39m      [35mconst[39m data [33m=[39m [33mJSON[39m[33m.[39m[34mparse[39m(result[33m.[
39mcontent[[34m0[39m][33m.[39mtext[33m![39m)[33m;[39m
    [90m647| [39m      
[34mexpect[39m(data[33m.[39manalysisTime)[33m.[39m[34mtoBeDefined[39m()[33m;[39m
    [90m   | [39m                                [31m^[39m
    [90m648| [39m      [34mexpect[39m([35mtypeof[39m 
data[33m.[39manalysisTime)[33m.[39m[34mtoBe[39m([32m'number'[39m)[33m;[39m
    [90m649| [39m    })[33m;[39m

[31m[2mΓÄ»ΓÄ»ΓÄ»ΓÄ»ΓÄ»ΓÄ»ΓÄ»ΓÄ»ΓÄ»ΓÄ»ΓÄ»ΓÄ»ΓÄ»ΓÄ»ΓÄ»ΓÄ»ΓÄ»ΓÄ»ΓÄ»ΓÄ»[180/397]ΓÄ»[22m[39m

[31m[1m[7m FAIL [27m[22m[39m v3/plugins/code-intelligence/tests/types.test.ts[2m > [22mCode Intelligence 
Types[2m > [22mSecret Patterns[2m > [22mshould detect API keys in quotes
[31m[1mAssertionError[22m: expected false to be true // Object.is equality[39m

[32m- Expected[39m
[31m+ Received[39m

[32m- true[39m
[31m+ false[39m

[36m [2mΓ¥»[22m v3/plugins/code-intelligence/tests/types.test.ts:[2m508:34[22m[39m
    [90m506| [39m      [35mconst[39m code [33m=[39m [32m'const apiKey = 
"sk_live_abc123xyz"'[39m[33m;[39m
    [90m507| [39m      [35mconst[39m pattern [33m=[39m [33mSECRET_PATTERNS[39m[[34m0[39m][33m;[39m
    [90m508| [39m      
[34mexpect[39m(pattern[33m.[39m[34mtest[39m(code))[33m.[39m[34mtoBe[39m([35mtrue[39m)[33m;[39m
    [90m   | [39m                                 [31m^[39m
    [90m509| [39m    })[33m;[39m
    [90m510| [39m  })[33m;[39m

[31m[2mΓÄ»ΓÄ»ΓÄ»ΓÄ»ΓÄ»ΓÄ»ΓÄ»ΓÄ»ΓÄ»ΓÄ»ΓÄ»ΓÄ»ΓÄ»ΓÄ»ΓÄ»ΓÄ»ΓÄ»ΓÄ»ΓÄ»ΓÄ»[181/397]ΓÄ»[22m[39m

[31m[1m[7m FAIL [27m[22m[39m v3/plugins/code-intelligence/tests/types.test.ts[2m > [22mCode Intelligence 
Types[2m > [22mmaskSecrets[2m > [22mshould mask GitHub tokens
[31m[1mAssertionError[22m: expected 'const token = "ghp_abcdefghijklmnopqrΓÇª' to contain '[REDACTED]'[39m

[32m- Expected[39m
[31m+ Received[39m

[32m- [REDACTED][39m
[31m+ const token = "ghp_abcdefghijklmnopqrstuvwxyz123456"[39m

[36m [2mΓ¥»[22m v3/plugins/code-intelligence/tests/types.test.ts:[2m522:22[22m[39m
    [90m520| [39m      [35mconst[39m code [33m=[39m [32m'const token = 
"ghp_abcdefghijklmnopqrstuvwxyz12345[39mΓÇª
    [90m521| [39m      [35mconst[39m masked [33m=[39m [34mmaskSecrets[39m(code)[33m;[39m
    [90m522| [39m      
[34mexpect[39m(masked)[33m.[39m[34mtoContain[39m([32m'[REDACTED]'[39m)[33m;[39m
    [90m   | [39m                     [31m^[39m
    [90m523| [39m    })[33m;[39m
    [90m524| [39m

[31m[2mΓÄ»ΓÄ»ΓÄ»ΓÄ»ΓÄ»ΓÄ»ΓÄ»ΓÄ»ΓÄ»ΓÄ»ΓÄ»ΓÄ»ΓÄ»ΓÄ»ΓÄ»ΓÄ»ΓÄ»ΓÄ»ΓÄ»ΓÄ»[182/397]ΓÄ»[22m[39m

[31m[1m[7m FAIL [27m[22m[39m v3/plugins/cognitive-kernel/tests/bridges.test.ts[2m > 
[22mCognitiveBridge[2m > [22mretrieve[2m > [22mshould retrieve stored item
[31m[1mAssertionError[22m: expected 0.9 to be 0.8 // Object.is equality[39m

[32m- Expected[39m
[31m+ Received[39m

[32m- 0.8[39m
[31m+ 0.9[39m

[36m [2mΓ¥»[22m v3/plugins/cognitive-kernel/tests/bridges.test.ts:[2m104:35[22m[39m
    [90m102| [39m      [34mexpect[39m(retrieved)[33m.[39mnot[33m.[39m[34mtoBeNull[39m()[33m;[39m
    [90m103| [39m      
[34mexpect[39m(retrieved[33m?.[39mid)[33m.[39m[34mtoBe[39m([32m'item-1'[39m)[33m;[39m
    [90m104| [39m      
[34mexpect[39m(retrieved[33m?.[39msalience)[33m.[39m[34mtoBe[39m([34m0.8[39m)[33m;[39m
    [90m   | [39m                                  [31m^[39m
    [90m105| [39m    })[33m;[39m
    [90m106| [39m

[31m[2mΓÄ»ΓÄ»ΓÄ»ΓÄ»ΓÄ»ΓÄ»ΓÄ»ΓÄ»ΓÄ»ΓÄ»ΓÄ»ΓÄ»ΓÄ»ΓÄ»ΓÄ»ΓÄ»ΓÄ»ΓÄ»ΓÄ»ΓÄ»[183/397]ΓÄ»[22m[39m

[31m[1m[7m FAIL [27m[22m[39m v3/plugins/cognitive-kernel/tests/bridges.test.ts[2m > 
[22mCognitiveBridge[2m > [22mdecay[2m > [22mshould apply decay to stored items
[31m[1mTypeError[22m: actual value must be number or bigint, received "undefined"[39m
[36m [2mΓ¥»[22m v3/plugins/cognitive-kernel/tests/bridges.test.ts:[2m183:35[22m[39m
    [90m181| [39m
    [90m182| [39m      [35mconst[39m retrieved [33m=[39m 
bridge[33m.[39m[34mretrieve[39m([32m'item-1'[39m)[33m;[39m
    [90m183| [39m      
[34mexpect[39m(retrieved[33m?.[39msalience)[33m.[39m[34mtoBeLessThan[39m([34m0.8[39m)[33m;[39m
    [90m   | [39m                                  [31m^[39m
    [90m184| [39m    })[33m;[39m
    [90m185| [39m

[31m[2mΓÄ»ΓÄ»ΓÄ»ΓÄ»ΓÄ»ΓÄ»ΓÄ»ΓÄ»ΓÄ»ΓÄ»ΓÄ»ΓÄ»ΓÄ»ΓÄ»ΓÄ»ΓÄ»ΓÄ»ΓÄ»ΓÄ»ΓÄ»[184/397]ΓÄ»[22m[39m

[31m[1m[7m FAIL [27m[22m[39m v3/plugins/cognitive-kernel/tests/bridges.test.ts[2m > 
[22mCognitiveBridge[2m > [22mfocus[2m > [22mshould handle focus on non-existent items
[31m[1mAssertionError[22m: expected [ 'non-existent' ] to not include 'non-existent'[39m
[36m [2mΓ¥»[22m v3/plugins/cognitive-kernel/tests/bridges.test.ts:[2m252:31[22m[39m
    [90m250| [39m    [34mit[39m([32m'should handle focus on non-existent items'[39m[33m,[39m () 
[33m=>[39m {
    [90m251| [39m      [35mconst[39m state [33m=[39m 
bridge[33m.[39m[34mfocus[39m([[32m'non-existent'[39m])[33m;[39m
    [90m252| [39m      [34mexpect[39m(state[33m.[39mfocus)[33m.[39mnot[33m.[39m[34mtoContain[39m([32
m'non-existent'[39m)[33m;[39m
    [90m   | [39m                              [31m^[39m
    [90m253| [39m    })[33m;[39m
    [90m254| [39m  })[33m;[39m

[31m[2mΓÄ»ΓÄ»ΓÄ»ΓÄ»ΓÄ»ΓÄ»ΓÄ»ΓÄ»ΓÄ»ΓÄ»ΓÄ»ΓÄ»ΓÄ»ΓÄ»ΓÄ»ΓÄ»ΓÄ»ΓÄ»ΓÄ»ΓÄ»[185/397]ΓÄ»[22m[39m

[31m[1m[7m FAIL [27m[22m[39m v3/plugins/cognitive-kernel/tests/bridges.test.ts[2m > [22mSonaBridge[2m > 
[22minitialization[2m > [22mshould initialize successfully
[31m[1mTypeError[22m: this._module.setMode is not a function[39m
[36m [2mΓ¥»[22m SonaBridge.init v3/plugins/cognitive-kernel/src/bridges/sona-bridge.ts:[2m157:20[22m[39m
    [90m155| [39m      }
    [90m156| [39m
    [90m157| [39m      [35mthis[39m[33m.[39m_module[33m.[39m[34msetMode[39m([35mthis[39m[33m.[39mco
nfig[33m.[39mmode)[33m;[39m
    [90m   | [39m                   [31m^[39m
    [90m158| [39m      [35mthis[39m[33m.[39m_status [33m=[39m [32m'ready'[39m[33m;[39m
    [90m159| [39m    } [35mcatch[39m (error) {
[90m [2mΓ¥»[22m v3/plugins/cognitive-kernel/tests/bridges.test.ts:[2m341:7[22m[39m

[31m[2mΓÄ»ΓÄ»ΓÄ»ΓÄ»ΓÄ»ΓÄ»ΓÄ»ΓÄ»ΓÄ»ΓÄ»ΓÄ»ΓÄ»ΓÄ»ΓÄ»ΓÄ»ΓÄ»ΓÄ»ΓÄ»ΓÄ»ΓÄ»[186/397]ΓÄ»[22m[39m

[31m[1m[7m FAIL [27m[22m[39m v3/plugins/cognitive-kernel/tests/bridges.test.ts[2m > [22mSonaBridge[2m > 
[22minitialization[2m > [22mshould cleanup on destroy
[31m[1mTypeError[22m: this._module.setMode is not a function[39m
[36m [2mΓ¥»[22m SonaBridge.init v3/plugins/cognitive-kernel/src/bridges/sona-bridge.ts:[2m157:20[22m[39m
    [90m155| [39m      }
    [90m156| [39m
    [90m157| [39m      [35mthis[39m[33m.[39m_module[33m.[39m[34msetMode[39m([35mthis[39m[33m.[39mco
nfig[33m.[39mmode)[33m;[39m
    [90m   | [39m                   [31m^[39m
    [90m158| [39m      [35mthis[39m[33m.[39m_status [33m=[39m [32m'ready'[39m[33m;[39m
    [90m159| [39m    } [35mcatch[39m (error) {
[90m [2mΓ¥»[22m v3/plugins/cognitive-kernel/tests/bridges.test.ts:[2m347:7[22m[39m

[31m[2mΓÄ»ΓÄ»ΓÄ»ΓÄ»ΓÄ»ΓÄ»ΓÄ»ΓÄ»ΓÄ»ΓÄ»ΓÄ»ΓÄ»ΓÄ»ΓÄ»ΓÄ»ΓÄ»ΓÄ»ΓÄ»ΓÄ»ΓÄ»[187/397]ΓÄ»[22m[39m

[31m[1m[7m FAIL [27m[22m[39m v3/plugins/cognitive-kernel/tests/bridges.test.ts[2m > [22mSonaBridge[2m > 
[22mlearn[2m > [22mshould learn from trajectories
[31m[1m[7m FAIL [27m[22m[39m v3/plugins/cognitive-kernel/tests/bridges.test.ts[2m > [22mSonaBridge[2m > 
[22mlearn[2m > [22mshould return 0 for empty trajectories
[31m[1m[7m FAIL [27m[22m[39m v3/plugins/cognitive-kernel/tests/bridges.test.ts[2m > [22mSonaBridge[2m > 
[22mlearn[2m > [22mshould throw when not initialized
[31m[1mTypeError[22m: this._module.setMode is not a function[39m
[36m [2mΓ¥»[22m SonaBridge.init v3/plugins/cognitive-kernel/src/bridges/sona-bridge.ts:[2m157:20[22m[39m
    [90m155| [39m      }
    [90m156| [39m
    [90m157| [39m      [35mthis[39m[33m.[39m_module[33m.[39m[34msetMode[39m([35mthis[39m[33m.[39mco
nfig[33m.[39mmode)[33m;[39m
    [90m   | [39m                   [31m^[39m
    [90m158| [39m      [35mthis[39m[33m.[39m_status [33m=[39m [32m'ready'[39m[33m;[39m
    [90m159| [39m    } [35mcatch[39m (error) {
[90m [2mΓ¥»[22m v3/plugins/cognitive-kernel/tests/bridges.test.ts:[2m355:7[22m[39m

[31m[2mΓÄ»ΓÄ»ΓÄ»ΓÄ»ΓÄ»ΓÄ»ΓÄ»ΓÄ»ΓÄ»ΓÄ»ΓÄ»ΓÄ»ΓÄ»ΓÄ»ΓÄ»ΓÄ»ΓÄ»ΓÄ»ΓÄ»ΓÄ»[188/397]ΓÄ»[22m[39m

[31m[1m[7m FAIL [27m[22m[39m v3/plugins/cognitive-kernel/tests/bridges.test.ts[2m > [22mSonaBridge[2m > 
[22mpredict[2m > [22mshould predict action from state
[31m[1m[7m FAIL [27m[22m[39m v3/plugins/cognitive-kernel/tests/bridges.test.ts[2m > [22mSonaBridge[2m > 
[22mpredict[2m > [22mshould return explore action for unknown states
[31m[1mTypeError[22m: this._module.setMode is not a function[39m
[36m [2mΓ¥»[22m SonaBridge.init v3/plugins/cognitive-kernel/src/bridges/sona-bridge.ts:[2m157:20[22m[39m
    [90m155| [39m      }
    [90m156| [39m
    [90m157| [39m      [35mthis[39m[33m.[39m_module[33m.[39m[34msetMode[39m([35mthis[39m[33m.[39mco
nfig[33m.[39mmode)[33m;[39m
    [90m   | [39m                   [31m^[39m
    [90m158| [39m      [35mthis[39m[33m.[39m_status [33m=[39m [32m'ready'[39m[33m;[39m
    [90m159| [39m    } [35mcatch[39m (error) {
[90m [2mΓ¥»[22m v3/plugins/cognitive-kernel/tests/bridges.test.ts:[2m394:7[22m[39m

[31m[2mΓÄ»ΓÄ»ΓÄ»ΓÄ»ΓÄ»ΓÄ»ΓÄ»ΓÄ»ΓÄ»ΓÄ»ΓÄ»ΓÄ»ΓÄ»ΓÄ»ΓÄ»ΓÄ»ΓÄ»ΓÄ»ΓÄ»ΓÄ»[189/397]ΓÄ»[22m[39m

[31m[1m[7m FAIL [27m[22m[39m v3/plugins/cognitive-kernel/tests/bridges.test.ts[2m > [22mSonaBridge[2m > 
[22mpattern management[2m > [22mshould store pattern
[31m[1m[7m FAIL [27m[22m[39m v3/plugins/cognitive-kernel/tests/bridges.test.ts[2m > [22mSonaBridge[2m > 
[22mpattern management[2m > [22mshould find similar patterns
[31m[1m[7m FAIL [27m[22m[39m v3/plugins/cognitive-kernel/tests/bridges.test.ts[2m > [22mSonaBridge[2m > 
[22mpattern management[2m > [22mshould update pattern success rate
[31m[1mTypeError[22m: this._module.setMode is not a function[39m
[36m [2mΓ¥»[22m SonaBridge.init v3/plugins/cognitive-kernel/src/bridges/sona-bridge.ts:[2m157:20[22m[39m
    [90m155| [39m      }
    [90m156| [39m
    [90m157| [39m      [35mthis[39m[33m.[39m_module[33m.[39m[34msetMode[39m([35mthis[39m[33m.[39mco
nfig[33m.[39mmode)[33m;[39m
    [90m   | [39m                   [31m^[39m
    [90m158| [39m      [35mthis[39m[33m.[39m_status [33m=[39m [32m'ready'[39m[33m;[39m
    [90m159| [39m    } [35mcatch[39m (error) {
[90m [2mΓ¥»[22m v3/plugins/cognitive-kernel/tests/bridges.test.ts:[2m417:7[22m[39m

[31m[2mΓÄ»ΓÄ»ΓÄ»ΓÄ»ΓÄ»ΓÄ»ΓÄ»ΓÄ»ΓÄ»ΓÄ»ΓÄ»ΓÄ»ΓÄ»ΓÄ»ΓÄ»ΓÄ»ΓÄ»ΓÄ»ΓÄ»ΓÄ»[190/397]ΓÄ»[22m[39m

[31m[1m[7m FAIL [27m[22m[39m v3/plugins/cognitive-kernel/tests/bridges.test.ts[2m > [22mSonaBridge[2m > 
[22mLoRA operations[2m > [22mshould apply LoRA transformation
[31m[1m[7m FAIL [27m[22m[39m v3/plugins/cognitive-kernel/tests/bridges.test.ts[2m > [22mSonaBridge[2m > 
[22mLoRA operations[2m > [22mshould update LoRA weights
[31m[1mTypeError[22m: this._module.setMode is not a function[39m
[36m [2mΓ¥»[22m SonaBridge.init v3/plugins/cognitive-kernel/src/bridges/sona-bridge.ts:[2m157:20[22m[39m
    [90m155| [39m      }
    [90m156| [39m
    [90m157| [39m      [35mthis[39m[33m.[39m_module[33m.[39m[34msetMode[39m([35mthis[39m[33m.[39mco
nfig[33m.[39mmode)[33m;[39m
    [90m   | [39m                   [31m^[39m
    [90m158| [39m      [35mthis[39m[33m.[39m_status [33m=[39m [32m'ready'[39m[33m;[39m
    [90m159| [39m    } [35mcatch[39m (error) {
[90m [2mΓ¥»[22m v3/plugins/cognitive-kernel/tests/bridges.test.ts:[2m474:7[22m[39m

[31m[2mΓÄ»ΓÄ»ΓÄ»ΓÄ»ΓÄ»ΓÄ»ΓÄ»ΓÄ»ΓÄ»ΓÄ»ΓÄ»ΓÄ»ΓÄ»ΓÄ»ΓÄ»ΓÄ»ΓÄ»ΓÄ»ΓÄ»ΓÄ»[191/397]ΓÄ»[22m[39m

[31m[1m[7m FAIL [27m[22m[39m v3/plugins/cognitive-kernel/tests/bridges.test.ts[2m > [22mSonaBridge[2m > 
[22mEWC operations[2m > [22mshould compute Fisher information
[31m[1m[7m FAIL [27m[22m[39m v3/plugins/cognitive-kernel/tests/bridges.test.ts[2m > [22mSonaBridge[2m > 
[22mEWC operations[2m > [22mshould consolidate without throwing
[31m[1mTypeError[22m: this._module.setMode is not a function[39m
[36m [2mΓ¥»[22m SonaBridge.init v3/plugins/cognitive-kernel/src/bridges/sona-bridge.ts:[2m157:20[22m[39m
    [90m155| [39m      }
    [90m156| [39m
    [90m157| [39m      [35mthis[39m[33m.[39m_module[33m.[39m[34msetMode[39m([35mthis[39m[33m.[39mco
nfig[33m.[39mmode)[33m;[39m
    [90m   | [39m                   [31m^[39m
    [90m158| [39m      [35mthis[39m[33m.[39m_status [33m=[39m [32m'ready'[39m[33m;[39m
    [90m159| [39m    } [35mcatch[39m (error) {
[90m [2mΓ¥»[22m v3/plugins/cognitive-kernel/tests/bridges.test.ts:[2m505:7[22m[39m

[31m[2mΓÄ»ΓÄ»ΓÄ»ΓÄ»ΓÄ»ΓÄ»ΓÄ»ΓÄ»ΓÄ»ΓÄ»ΓÄ»ΓÄ»ΓÄ»ΓÄ»ΓÄ»ΓÄ»ΓÄ»ΓÄ»ΓÄ»ΓÄ»[192/397]ΓÄ»[22m[39m

[31m[1m[7m FAIL [27m[22m[39m v3/plugins/cognitive-kernel/tests/bridges.test.ts[2m > [22mSonaBridge[2m > 
[22mmode management[2m > [22mshould set and get mode
[31m[1mTypeError[22m: this._module.setMode is not a function[39m
[36m [2mΓ¥»[22m SonaBridge.init v3/plugins/cognitive-kernel/src/bridges/sona-bridge.ts:[2m157:20[22m[39m
    [90m155| [39m      }
    [90m156| [39m
    [90m157| [39m      [35mthis[39m[33m.[39m_module[33m.[39m[34msetMode[39m([35mthis[39m[33m.[39mco
nfig[33m.[39mmode)[33m;[39m
    [90m   | [39m                   [31m^[39m
    [90m158| [39m      [35mthis[39m[33m.[39m_status [33m=[39m [32m'ready'[39m[33m;[39m
    [90m159| [39m    } [35mcatch[39m (error) {
[90m [2mΓ¥»[22m v3/plugins/cognitive-kernel/tests/bridges.test.ts:[2m544:7[22m[39m

[31m[2mΓÄ»ΓÄ»ΓÄ»ΓÄ»ΓÄ»ΓÄ»ΓÄ»ΓÄ»ΓÄ»ΓÄ»ΓÄ»ΓÄ»ΓÄ»ΓÄ»ΓÄ»ΓÄ»ΓÄ»ΓÄ»ΓÄ»ΓÄ»[193/397]ΓÄ»[22m[39m

[31m[1m[7m FAIL [27m[22m[39m v3/plugins/cognitive-kernel/tests/mcp-tools.test.ts[2m > 
[22mcognition/working-memory handler[2m > [22mshould handle allocate action
[31m[1mAssertionError[22m: expected true to be undefined[39m
[36m [2mΓ¥»[22m v3/plugins/cognitive-kernel/tests/mcp-tools.test.ts:[2m77:28[22m[39m
    [90m 75| [39m    [35mconst[39m result [33m=[39m [35mawait[39m 
tool[33m.[39m[34mhandler[39m(input)[33m;[39m
    [90m 76| [39m
    [90m 77| [39m    [34mexpect[39m(result[33m.[39misError)[33m.[39m[34mtoBeUndefined[39m()[33m;[39m
    [90m   | [39m                           [31m^[39m
    [90m 78| [39m    [35mconst[39m parsed [33m=[39m [33mJSON[39m[33m.[39m[34mparse[39m(result[33m.[
39mcontent[[34m0[39m][33m.[39mtext[33m![39m)[33m;[39m
    [90m 79| [39m    
[34mexpect[39m(parsed[33m.[39maction)[33m.[39m[34mtoBe[39m([32m'allocate'[39m)[33m;[39m

[31m[2mΓÄ»ΓÄ»ΓÄ»ΓÄ»ΓÄ»ΓÄ»ΓÄ»ΓÄ»ΓÄ»ΓÄ»ΓÄ»ΓÄ»ΓÄ»ΓÄ»ΓÄ»ΓÄ»ΓÄ»ΓÄ»ΓÄ»ΓÄ»[194/397]ΓÄ»[22m[39m

[31m[1m[7m FAIL [27m[22m[39m v3/plugins/cognitive-kernel/tests/mcp-tools.test.ts[2m > 
[22mcognition/working-memory handler[2m > [22mshould handle update action
[31m[1mAssertionError[22m: expected true to be undefined[39m
[36m [2mΓ¥»[22m v3/plugins/cognitive-kernel/tests/mcp-tools.test.ts:[2m95:28[22m[39m
    [90m 93| [39m    [35mconst[39m result [33m=[39m [35mawait[39m 
tool[33m.[39m[34mhandler[39m(input)[33m;[39m
    [90m 94| [39m
    [90m 95| [39m    [34mexpect[39m(result[33m.[39misError)[33m.[39m[34mtoBeUndefined[39m()[33m;[39m
    [90m   | [39m                           [31m^[39m
    [90m 96| [39m    [35mconst[39m parsed [33m=[39m [33mJSON[39m[33m.[39m[34mparse[39m(result[33m.[
39mcontent[[34m0[39m][33m.[39mtext[33m![39m)[33m;[39m
    [90m 97| [39m    
[34mexpect[39m(parsed[33m.[39maction)[33m.[39m[34mtoBe[39m([32m'update'[39m)[33m;[39m

[31m[2mΓÄ»ΓÄ»ΓÄ»ΓÄ»ΓÄ»ΓÄ»ΓÄ»ΓÄ»ΓÄ»ΓÄ»ΓÄ»ΓÄ»ΓÄ»ΓÄ»ΓÄ»ΓÄ»ΓÄ»ΓÄ»ΓÄ»ΓÄ»[195/397]ΓÄ»[22m[39m

[31m[1m[7m FAIL [27m[22m[39m v3/plugins/financial-risk/tests/mcp-tools.test.ts[2m > [22mFinancial Risk 
MCP Tools[2m > [22mfinance/portfolio-risk[2m > [22mshould handle valid input
[31m[1mTypeError[22m: Cannot read properties of undefined (reading '0')[39m
[36m [2mΓ¥»[22m v3/plugins/financial-risk/tests/mcp-tools.test.ts:[2m150:38[22m[39m
    [90m148| [39m
    [90m149| [39m      
[34mexpect[39m(result[33m.[39misError)[33m.[39m[34mtoBeUndefined[39m()[33m;[39m
    [90m150| [39m      [35mconst[39m data [33m=[39m [33mJSON[39m[33m.[39m[34mparse[39m(result[33m.[
39mcontent[[34m0[39m][33m.[39mtext[33m![39m)[33m;[39m
    [90m   | [39m                                     [31m^[39m
    [90m151| [39m      [34mexpect[39m(data[33m.[39mmetrics)[33m.[39m[34mtoBeDefined[39m()[33m;[39m
    [90m152| [39m      
[34mexpect[39m(data[33m.[39mmetrics[33m.[39m[35mvar[39m)[33m.[39m[34mtoBeDefined[39m()[33m;[39m

[31m[2mΓÄ»ΓÄ»ΓÄ»ΓÄ»ΓÄ»ΓÄ»ΓÄ»ΓÄ»ΓÄ»ΓÄ»ΓÄ»ΓÄ»ΓÄ»ΓÄ»ΓÄ»ΓÄ»ΓÄ»ΓÄ»ΓÄ»ΓÄ»[196/397]ΓÄ»[22m[39m

[31m[1m[7m FAIL [27m[22m[39m v3/plugins/financial-risk/tests/mcp-tools.test.ts[2m > [22mFinancial Risk 
MCP Tools[2m > [22mfinance/portfolio-risk[2m > [22mshould calculate concentration risk
[31m[1mTypeError[22m: Cannot read properties of undefined (reading '0')[39m
[36m [2mΓ¥»[22m v3/plugins/financial-risk/tests/mcp-tools.test.ts:[2m169:38[22m[39m
    [90m167| [39m
    [90m168| [39m      
[34mexpect[39m(result[33m.[39misError)[33m.[39m[34mtoBeUndefined[39m()[33m;[39m
    [90m169| [39m      [35mconst[39m data [33m=[39m [33mJSON[39m[33m.[39m[34mparse[39m(result[33m.[
39mcontent[[34m0[39m][33m.[39mtext[33m![39m)[33m;[39m
    [90m   | [39m                                     [31m^[39m
    [90m170| [39m      [34mexpect[39m(data[33m.[39mconcentrationRisk[33m.[39mtopHoldings)[33m.[39m[34m
toBeDefined[39m()[33m;[39m
    [90m171| [39m      [34mexpect[39m(data[33m.[39mconcentrationRisk[33m.[39msectorExposure)[33m.[39m[
34mtoBeDefined[39m()[33m;[39m

[31m[2mΓÄ»ΓÄ»ΓÄ»ΓÄ»ΓÄ»ΓÄ»ΓÄ»ΓÄ»ΓÄ»ΓÄ»ΓÄ»ΓÄ»ΓÄ»ΓÄ»ΓÄ»ΓÄ»ΓÄ»ΓÄ»ΓÄ»ΓÄ»[197/397]ΓÄ»[22m[39m

[31m[1m[7m FAIL [27m[22m[39m v3/plugins/financial-risk/tests/mcp-tools.test.ts[2m > [22mFinancial Risk 
MCP Tools[2m > [22mfinance/portfolio-risk[2m > [22mshould reject unauthorized access
[31m[1mAssertionError[22m: expected undefined to be true // Object.is equality[39m

[32m- Expected:[39m 
true

[31m+ Received:[39m 
undefined

[36m [2mΓ¥»[22m v3/plugins/financial-risk/tests/mcp-tools.test.ts:[2m185:30[22m[39m
    [90m183| [39m      [35mconst[39m result [33m=[39m [35mawait[39m 
portfolioRiskTool[33m.[39m[34mhandler[39m(input[33m,[39m context)[33m;[39m
    [90m184| [39m
    [90m185| [39m      
[34mexpect[39m(result[33m.[39misError)[33m.[39m[34mtoBe[39m([35mtrue[39m)[33m;[39m
    [90m   | [39m                             [31m^[39m
    [90m186| [39m      [34mexpect[39m(result[33m.[39mcontent[[34m0[39m][33m.[39mtext)[33m.[39m[34mto
Contain[39m([32m'UNAUTHORIZED'[39m)[33m;[39m
    [90m187| [39m    })[33m;[39m

[31m[2mΓÄ»ΓÄ»ΓÄ»ΓÄ»ΓÄ»ΓÄ»ΓÄ»ΓÄ»ΓÄ»ΓÄ»ΓÄ»ΓÄ»ΓÄ»ΓÄ»ΓÄ»ΓÄ»ΓÄ»ΓÄ»ΓÄ»ΓÄ»[198/397]ΓÄ»[22m[39m

[31m[1m[7m FAIL [27m[22m[39m v3/plugins/financial-risk/tests/mcp-tools.test.ts[2m > [22mFinancial Risk 
MCP Tools[2m > [22mfinance/portfolio-risk[2m > [22mshould reject empty holdings
[31m[1mAssertionError[22m: expected undefined to be true // Object.is equality[39m

[32m- Expected:[39m 
true

[31m+ Received:[39m 
undefined

[36m [2mΓ¥»[22m v3/plugins/financial-risk/tests/mcp-tools.test.ts:[2m210:30[22m[39m
    [90m208| [39m      [35mconst[39m result [33m=[39m [35mawait[39m 
portfolioRiskTool[33m.[39m[34mhandler[39m(input[33m,[39m [34mcreateMock[39mΓÇª
    [90m209| [39m
    [90m210| [39m      
[34mexpect[39m(result[33m.[39misError)[33m.[39m[34mtoBe[39m([35mtrue[39m)[33m;[39m
    [90m   | [39m                             [31m^[39m
    [90m211| [39m    })[33m;[39m
    [90m212| [39m

[31m[2mΓÄ»ΓÄ»ΓÄ»ΓÄ»ΓÄ»ΓÄ»ΓÄ»ΓÄ»ΓÄ»ΓÄ»ΓÄ»ΓÄ»ΓÄ»ΓÄ»ΓÄ»ΓÄ»ΓÄ»ΓÄ»ΓÄ»ΓÄ»[199/397]ΓÄ»[22m[39m

[31m[1m[7m FAIL [27m[22m[39m v3/plugins/financial-risk/tests/mcp-tools.test.ts[2m > [22mFinancial Risk 
MCP Tools[2m > [22mfinance/portfolio-risk[2m > [22mshould reject invalid symbol format
[31m[1mAssertionError[22m: expected undefined to be true // Object.is equality[39m

[32m- Expected:[39m 
true

[31m+ Received:[39m 
undefined

[36m [2mΓ¥»[22m v3/plugins/financial-risk/tests/mcp-tools.test.ts:[2m220:30[22m[39m
    [90m218| [39m      [35mconst[39m result [33m=[39m [35mawait[39m 
portfolioRiskTool[33m.[39m[34mhandler[39m(input[33m,[39m [34mcreateMock[39mΓÇª
    [90m219| [39m
    [90m220| [39m      
[34mexpect[39m(result[33m.[39misError)[33m.[39m[34mtoBe[39m([35mtrue[39m)[33m;[39m
    [90m   | [39m                             [31m^[39m
    [90m221| [39m    })[33m;[39m
    [90m222| [39m

[31m[2mΓÄ»ΓÄ»ΓÄ»ΓÄ»ΓÄ»ΓÄ»ΓÄ»ΓÄ»ΓÄ»ΓÄ»ΓÄ»ΓÄ»ΓÄ»ΓÄ»ΓÄ»ΓÄ»ΓÄ»ΓÄ»ΓÄ»ΓÄ»[200/397]ΓÄ»[22m[39m

[31m[1m[7m FAIL [27m[22m[39m v3/plugins/financial-risk/tests/mcp-tools.test.ts[2m > [22mFinancial Risk 
MCP Tools[2m > [22mfinance/portfolio-risk[2m > [22mshould log audit entries
[31m[1mAssertionError[22m: expected "spy" to be called with arguments: [ ObjectContaining{ΓÇª} ][90m

Received: 

[31m[90m

Number of calls: [1m0[22m
[31m[39m
[36m [2mΓ¥»[22m v3/plugins/financial-risk/tests/mcp-tools.test.ts:[2m233:31[22m[39m
    [90m231| [39m      [35mawait[39m portfolioRiskTool[33m.[39m[34mhandler[39m(input[33m,[39m 
context)[33m;[39m
    [90m232| [39m
    [90m233| [39m      [34mexpect[39m(auditLogger[33m.[39mlog)[33m.[39m[34mtoHaveBeenCalledWith[39m(
    [90m   | [39m                              [31m^[39m
    [90m234| [39m        expect[33m.[39m[34mobjectContaining[39m({
    [90m235| [39m          toolName[33m:[39m [32m'portfolio-risk'[39m[33m,[39m

[31m[2mΓÄ»ΓÄ»ΓÄ»ΓÄ»ΓÄ»ΓÄ»ΓÄ»ΓÄ»ΓÄ»ΓÄ»ΓÄ»ΓÄ»ΓÄ»ΓÄ»ΓÄ»ΓÄ»ΓÄ»ΓÄ»ΓÄ»ΓÄ»[201/397]ΓÄ»[22m[39m

[31m[1m[7m FAIL [27m[22m[39m v3/plugins/financial-risk/tests/mcp-tools.test.ts[2m > [22mFinancial Risk 
MCP Tools[2m > [22mfinance/anomaly-detect[2m > [22mshould handle valid input
[31m[1mTypeError[22m: Cannot read properties of undefined (reading '0')[39m
[36m [2mΓ¥»[22m v3/plugins/financial-risk/tests/mcp-tools.test.ts:[2m265:38[22m[39m
    [90m263| [39m
    [90m264| [39m      
[34mexpect[39m(result[33m.[39misError)[33m.[39m[34mtoBeUndefined[39m()[33m;[39m
    [90m265| [39m      [35mconst[39m data [33m=[39m [33mJSON[39m[33m.[39m[34mparse[39m(result[33m.[
39mcontent[[34m0[39m][33m.[39mtext[33m![39m)[33m;[39m
    [90m   | [39m                                     [31m^[39m
    [90m266| [39m      [34mexpect[39m(data[33m.[39manomalies)[33m.[39m[34mtoBeDefined[39m()[33m;[39m
    [90m267| [39m      [34mexpect[39m(data[33m.[39mriskScore)[33m.[39m[34mtoBeDefined[39m()[33m;[39m

[31m[2mΓÄ»ΓÄ»ΓÄ»ΓÄ»ΓÄ»ΓÄ»ΓÄ»ΓÄ»ΓÄ»ΓÄ»ΓÄ»ΓÄ»ΓÄ»ΓÄ»ΓÄ»ΓÄ»ΓÄ»ΓÄ»ΓÄ»ΓÄ»[202/397]ΓÄ»[22m[39m

[31m[1m[7m FAIL [27m[22m[39m v3/plugins/financial-risk/tests/mcp-tools.test.ts[2m > [22mFinancial Risk 
MCP Tools[2m > [22mfinance/anomaly-detect[2m > [22mshould reject unauthorized access
[31m[1mAssertionError[22m: expected undefined to be true // Object.is equality[39m

[32m- Expected:[39m 
true

[31m+ Received:[39m 
undefined

[36m [2mΓ¥»[22m v3/plugins/financial-risk/tests/mcp-tools.test.ts:[2m304:30[22m[39m
    [90m302| [39m      [35mconst[39m result [33m=[39m [35mawait[39m 
anomalyDetectTool[33m.[39m[34mhandler[39m(input[33m,[39m context)[33m;[39m
    [90m303| [39m
    [90m304| [39m      
[34mexpect[39m(result[33m.[39misError)[33m.[39m[34mtoBe[39m([35mtrue[39m)[33m;[39m
    [90m   | [39m                             [31m^[39m
    [90m305| [39m    })[33m;[39m
    [90m306| [39m

[31m[2mΓÄ»ΓÄ»ΓÄ»ΓÄ»ΓÄ»ΓÄ»ΓÄ»ΓÄ»ΓÄ»ΓÄ»ΓÄ»ΓÄ»ΓÄ»ΓÄ»ΓÄ»ΓÄ»ΓÄ»ΓÄ»ΓÄ»ΓÄ»[203/397]ΓÄ»[22m[39m

[31m[1m[7m FAIL [27m[22m[39m v3/plugins/financial-risk/tests/mcp-tools.test.ts[2m > [22mFinancial Risk 
MCP Tools[2m > [22mfinance/anomaly-detect[2m > [22mshould reject invalid transaction UUID
[31m[1mAssertionError[22m: expected undefined to be true // Object.is equality[39m

[32m- Expected:[39m 
true

[31m+ Received:[39m 
undefined

[36m [2mΓ¥»[22m v3/plugins/financial-risk/tests/mcp-tools.test.ts:[2m316:30[22m[39m
    [90m314| [39m      [35mconst[39m result [33m=[39m [35mawait[39m 
anomalyDetectTool[33m.[39m[34mhandler[39m(input[33m,[39m [34mcreateMock[39mΓÇª
    [90m315| [39m
    [90m316| [39m      
[34mexpect[39m(result[33m.[39misError)[33m.[39m[34mtoBe[39m([35mtrue[39m)[33m;[39m
    [90m   | [39m                             [31m^[39m
    [90m317| [39m    })[33m;[39m
    [90m318| [39m

[31m[2mΓÄ»ΓÄ»ΓÄ»ΓÄ»ΓÄ»ΓÄ»ΓÄ»ΓÄ»ΓÄ»ΓÄ»ΓÄ»ΓÄ»ΓÄ»ΓÄ»ΓÄ»ΓÄ»ΓÄ»ΓÄ»ΓÄ»ΓÄ»[204/397]ΓÄ»[22m[39m

[31m[1m[7m FAIL [27m[22m[39m v3/plugins/financial-risk/tests/mcp-tools.test.ts[2m > [22mFinancial Risk 
MCP Tools[2m > [22mfinance/anomaly-detect[2m > [22mshould reject invalid timestamp
[31m[1mAssertionError[22m: expected undefined to be true // Object.is equality[39m

[32m- Expected:[39m 
true

[31m+ Received:[39m 
undefined

[36m [2mΓ¥»[22m v3/plugins/financial-risk/tests/mcp-tools.test.ts:[2m328:30[22m[39m
    [90m326| [39m      [35mconst[39m result [33m=[39m [35mawait[39m 
anomalyDetectTool[33m.[39m[34mhandler[39m(input[33m,[39m [34mcreateMock[39mΓÇª
    [90m327| [39m
    [90m328| [39m      
[34mexpect[39m(result[33m.[39misError)[33m.[39m[34mtoBe[39m([35mtrue[39m)[33m;[39m
    [90m   | [39m                             [31m^[39m
    [90m329| [39m    })[33m;[39m
    [90m330| [39m

[31m[2mΓÄ»ΓÄ»ΓÄ»ΓÄ»ΓÄ»ΓÄ»ΓÄ»ΓÄ»ΓÄ»ΓÄ»ΓÄ»ΓÄ»ΓÄ»ΓÄ»ΓÄ»ΓÄ»ΓÄ»ΓÄ»ΓÄ»ΓÄ»[205/397]ΓÄ»[22m[39m

[31m[1m[7m FAIL [27m[22m[39m v3/plugins/financial-risk/tests/mcp-tools.test.ts[2m > [22mFinancial Risk 
MCP Tools[2m > [22mfinance/anomaly-detect[2m > [22mshould reject empty transactions
[31m[1mAssertionError[22m: expected undefined to be true // Object.is equality[39m

[32m- Expected:[39m 
true

[31m+ Received:[39m 
undefined

[36m [2mΓ¥»[22m v3/plugins/financial-risk/tests/mcp-tools.test.ts:[2m338:30[22m[39m
    [90m336| [39m      [35mconst[39m result [33m=[39m [35mawait[39m 
anomalyDetectTool[33m.[39m[34mhandler[39m(input[33m,[39m [34mcreateMock[39mΓÇª
    [90m337| [39m
    [90m338| [39m      
[34mexpect[39m(result[33m.[39misError)[33m.[39m[34mtoBe[39m([35mtrue[39m)[33m;[39m
    [90m   | [39m                             [31m^[39m
    [90m339| [39m    })[33m;[39m
    [90m340| [39m  })[33m;[39m

[31m[2mΓÄ»ΓÄ»ΓÄ»ΓÄ»ΓÄ»ΓÄ»ΓÄ»ΓÄ»ΓÄ»ΓÄ»ΓÄ»ΓÄ»ΓÄ»ΓÄ»ΓÄ»ΓÄ»ΓÄ»ΓÄ»ΓÄ»ΓÄ»[206/397]ΓÄ»[22m[39m

[31m[1m[7m FAIL [27m[22m[39m v3/plugins/financial-risk/tests/mcp-tools.test.ts[2m > [22mFinancial Risk 
MCP Tools[2m > [22mfinance/market-regime[2m > [22mshould handle valid input
[31m[1mTypeError[22m: Cannot read properties of undefined (reading '0')[39m
[36m [2mΓ¥»[22m v3/plugins/financial-risk/tests/mcp-tools.test.ts:[2m361:38[22m[39m
    [90m359| [39m
    [90m360| [39m      
[34mexpect[39m(result[33m.[39misError)[33m.[39m[34mtoBeUndefined[39m()[33m;[39m
    [90m361| [39m      [35mconst[39m data [33m=[39m [33mJSON[39m[33m.[39m[34mparse[39m(result[33m.[
39mcontent[[34m0[39m][33m.[39mtext[33m![39m)[33m;[39m
    [90m   | [39m                                     [31m^[39m
    [90m362| [39m      
[34mexpect[39m(data[33m.[39mcurrentRegime)[33m.[39m[34mtoBeDefined[39m()[33m;[39m
    [90m363| [39m      
[34mexpect[39m(data[33m.[39mcurrentRegime[33m.[39mregime)[33m.[39m[34mtoBeDefined[39m()[33m;[39m

[31m[2mΓÄ»ΓÄ»ΓÄ»ΓÄ»ΓÄ»ΓÄ»ΓÄ»ΓÄ»ΓÄ»ΓÄ»ΓÄ»ΓÄ»ΓÄ»ΓÄ»ΓÄ»ΓÄ»ΓÄ»ΓÄ»ΓÄ»ΓÄ»[207/397]ΓÄ»[22m[39m

[31m[1m[7m FAIL [27m[22m[39m v3/plugins/financial-risk/tests/mcp-tools.test.ts[2m > [22mFinancial Risk 
MCP Tools[2m > [22mfinance/market-regime[2m > [22mshould include regime characteristics
[31m[1mTypeError[22m: Cannot read properties of undefined (reading '0')[39m
[36m [2mΓ¥»[22m v3/plugins/financial-risk/tests/mcp-tools.test.ts:[2m379:38[22m[39m
    [90m377| [39m      [35mconst[39m result [33m=[39m [35mawait[39m 
marketRegimeTool[33m.[39m[34mhandler[39m(input[33m,[39m [34mcreateMockC[39mΓÇª
    [90m378| [39m
    [90m379| [39m      [35mconst[39m data [33m=[39m [33mJSON[39m[33m.[39m[34mparse[39m(result[33m.[
39mcontent[[34m0[39m][33m.[39mtext[33m![39m)[33m;[39m
    [90m   | [39m                                     [31m^[39m
    [90m380| [39m      [34mexpect[39m(data[33m.[39mcurrentRegime[33m.[39mcharacteristics)[33m.[39m[34m
toBeDefined[39m()[33m;[39m
    [90m381| [39m      [34mexpect[39m([33mArray[39m[33m.[39m[34misArray[39m(data[33m.[39mcurrentRegim
e[33m.[39mcharacteristics))[33m.[39m[34mtoBe[39m([35mt[39mΓÇª

[31m[2mΓÄ»ΓÄ»ΓÄ»ΓÄ»ΓÄ»ΓÄ»ΓÄ»ΓÄ»ΓÄ»ΓÄ»ΓÄ»ΓÄ»ΓÄ»ΓÄ»ΓÄ»ΓÄ»ΓÄ»ΓÄ»ΓÄ»ΓÄ»[208/397]ΓÄ»[22m[39m

[31m[1m[7m FAIL [27m[22m[39m v3/plugins/financial-risk/tests/mcp-tools.test.ts[2m > [22mFinancial Risk 
MCP Tools[2m > [22mfinance/market-regime[2m > [22mshould reject missing market data
[31m[1mAssertionError[22m: expected undefined to be true // Object.is equality[39m

[32m- Expected:[39m 
true

[31m+ Received:[39m 
undefined

[36m [2mΓ¥»[22m v3/plugins/financial-risk/tests/mcp-tools.test.ts:[2m405:30[22m[39m
    [90m403| [39m      [35mconst[39m result [33m=[39m [35mawait[39m 
marketRegimeTool[33m.[39m[34mhandler[39m(input[33m,[39m [34mcreateMockC[39mΓÇª
    [90m404| [39m
    [90m405| [39m      
[34mexpect[39m(result[33m.[39misError)[33m.[39m[34mtoBe[39m([35mtrue[39m)[33m;[39m
    [90m   | [39m                             [31m^[39m
    [90m406| [39m    })[33m;[39m
    [90m407| [39m

[31m[2mΓÄ»ΓÄ»ΓÄ»ΓÄ»ΓÄ»ΓÄ»ΓÄ»ΓÄ»ΓÄ»ΓÄ»ΓÄ»ΓÄ»ΓÄ»ΓÄ»ΓÄ»ΓÄ»ΓÄ»ΓÄ»ΓÄ»ΓÄ»[209/397]ΓÄ»[22m[39m

[31m[1m[7m FAIL [27m[22m[39m v3/plugins/financial-risk/tests/mcp-tools.test.ts[2m > [22mFinancial Risk 
MCP Tools[2m > [22mfinance/market-regime[2m > [22mshould reject insufficient price data
[31m[1mAssertionError[22m: expected undefined to be true // Object.is equality[39m

[32m- Expected:[39m 
true

[31m+ Received:[39m 
undefined

[36m [2mΓ¥»[22m v3/plugins/financial-risk/tests/mcp-tools.test.ts:[2m418:30[22m[39m
    [90m416| [39m      [35mconst[39m result [33m=[39m [35mawait[39m 
marketRegimeTool[33m.[39m[34mhandler[39m(input[33m,[39m [34mcreateMockC[39mΓÇª
    [90m417| [39m
    [90m418| [39m      
[34mexpect[39m(result[33m.[39misError)[33m.[39m[34mtoBe[39m([35mtrue[39m)[33m;[39m
    [90m   | [39m                             [31m^[39m
    [90m419| [39m    })[33m;[39m
    [90m420| [39m  })[33m;[39m

[31m[2mΓÄ»ΓÄ»ΓÄ»ΓÄ»ΓÄ»ΓÄ»ΓÄ»ΓÄ»ΓÄ»ΓÄ»ΓÄ»ΓÄ»ΓÄ»ΓÄ»ΓÄ»ΓÄ»ΓÄ»ΓÄ»ΓÄ»ΓÄ»[210/397]ΓÄ»[22m[39m

[31m[1m[7m FAIL [27m[22m[39m v3/plugins/financial-risk/tests/mcp-tools.test.ts[2m > [22mFinancial Risk 
MCP Tools[2m > [22mfinance/compliance-check[2m > [22mshould handle valid input
[31m[1mTypeError[22m: Cannot read properties of undefined (reading '0')[39m
[36m [2mΓ¥»[22m v3/plugins/financial-risk/tests/mcp-tools.test.ts:[2m440:38[22m[39m
    [90m438| [39m
    [90m439| [39m      
[34mexpect[39m(result[33m.[39misError)[33m.[39m[34mtoBeUndefined[39m()[33m;[39m
    [90m440| [39m      [35mconst[39m data [33m=[39m [33mJSON[39m[33m.[39m[34mparse[39m(result[33m.[
39mcontent[[34m0[39m][33m.[39mtext[33m![39m)[33m;[39m
    [90m   | [39m                                     [31m^[39m
    [90m441| [39m      [34mexpect[39m(data[33m.[39mentity)[33m.[39m[34mtoBe[39m([32m'ACME 
Bank'[39m)[33m;[39m
    [90m442| [39m      [34mexpect[39m(data[33m.[39mcompliant)[33m.[39m[34mtoBeDefined[39m()[33m;[39m

[31m[2mΓÄ»ΓÄ»ΓÄ»ΓÄ»ΓÄ»ΓÄ»ΓÄ»ΓÄ»ΓÄ»ΓÄ»ΓÄ»ΓÄ»ΓÄ»ΓÄ»ΓÄ»ΓÄ»ΓÄ»ΓÄ»ΓÄ»ΓÄ»[211/397]ΓÄ»[22m[39m

[31m[1m[7m FAIL [27m[22m[39m v3/plugins/financial-risk/tests/mcp-tools.test.ts[2m > [22mFinancial Risk 
MCP Tools[2m > [22mfinance/compliance-check[2m > [22mshould check Basel III compliance
[31m[1mTypeError[22m: Cannot read properties of undefined (reading '0')[39m
[36m [2mΓ¥»[22m v3/plugins/financial-risk/tests/mcp-tools.test.ts:[2m457:38[22m[39m
    [90m455| [39m
    [90m456| [39m      
[34mexpect[39m(result[33m.[39misError)[33m.[39m[34mtoBeUndefined[39m()[33m;[39m
    [90m457| [39m      [35mconst[39m data [33m=[39m [33mJSON[39m[33m.[39m[34mparse[39m(result[33m.[
39mcontent[[34m0[39m][33m.[39mtext[33m![39m)[33m;[39m
    [90m   | [39m                                     [31m^[39m
    [90m458| [39m      
[34mexpect[39m(data[33m.[39mcapitalAdequacy)[33m.[39m[34mtoBeDefined[39m()[33m;[39m
    [90m459| [39m      
[34mexpect[39m(data[33m.[39mcapitalAdequacy[33m.[39mcet1Ratio)[33m.[39m[34mtoBeDefined[39m()[33m;[39m

[31m[2mΓÄ»ΓÄ»ΓÄ»ΓÄ»ΓÄ»ΓÄ»ΓÄ»ΓÄ»ΓÄ»ΓÄ»ΓÄ»ΓÄ»ΓÄ»ΓÄ»ΓÄ»ΓÄ»ΓÄ»ΓÄ»ΓÄ»ΓÄ»[212/397]ΓÄ»[22m[39m

[31m[1m[7m FAIL [27m[22m[39m v3/plugins/financial-risk/tests/mcp-tools.test.ts[2m > [22mFinancial Risk 
MCP Tools[2m > [22mfinance/compliance-check[2m > [22mshould handle as-of date
[31m[1mTypeError[22m: Cannot read properties of undefined (reading '0')[39m
[36m [2mΓ¥»[22m v3/plugins/financial-risk/tests/mcp-tools.test.ts:[2m487:38[22m[39m
    [90m485| [39m
    [90m486| [39m      
[34mexpect[39m(result[33m.[39misError)[33m.[39m[34mtoBeUndefined[39m()[33m;[39m
    [90m487| [39m      [35mconst[39m data [33m=[39m [33mJSON[39m[33m.[39m[34mparse[39m(result[33m.[
39mcontent[[34m0[39m][33m.[39mtext[33m![39m)[33m;[39m
    [90m   | [39m                                     [31m^[39m
    [90m488| [39m      
[34mexpect[39m(data[33m.[39masOfDate)[33m.[39m[34mtoBe[39m([32m'2024-01-15'[39m)[33m;[39m
    [90m489| [39m    })[33m;[39m

[31m[2mΓÄ»ΓÄ»ΓÄ»ΓÄ»ΓÄ»ΓÄ»ΓÄ»ΓÄ»ΓÄ»ΓÄ»ΓÄ»ΓÄ»ΓÄ»ΓÄ»ΓÄ»ΓÄ»ΓÄ»ΓÄ»ΓÄ»ΓÄ»[213/397]ΓÄ»[22m[39m

[31m[1m[7m FAIL [27m[22m[39m v3/plugins/financial-risk/tests/mcp-tools.test.ts[2m > [22mFinancial Risk 
MCP Tools[2m > [22mfinance/compliance-check[2m > [22mshould reject missing entity
[31m[1mAssertionError[22m: expected undefined to be true // Object.is equality[39m

[32m- Expected:[39m 
true

[31m+ Received:[39m 
undefined

[36m [2mΓ¥»[22m v3/plugins/financial-risk/tests/mcp-tools.test.ts:[2m498:30[22m[39m
    [90m496| [39m      [35mconst[39m result [33m=[39m [35mawait[39m 
complianceCheckTool[33m.[39m[34mhandler[39m(input[33m,[39m [34mcreateMo[39mΓÇª
    [90m497| [39m
    [90m498| [39m      
[34mexpect[39m(result[33m.[39misError)[33m.[39m[34mtoBe[39m([35mtrue[39m)[33m;[39m
    [90m   | [39m                             [31m^[39m
    [90m499| [39m    })[33m;[39m
    [90m500| [39m

[31m[2mΓÄ»ΓÄ»ΓÄ»ΓÄ»ΓÄ»ΓÄ»ΓÄ»ΓÄ»ΓÄ»ΓÄ»ΓÄ»ΓÄ»ΓÄ»ΓÄ»ΓÄ»ΓÄ»ΓÄ»ΓÄ»ΓÄ»ΓÄ»[214/397]ΓÄ»[22m[39m

[31m[1m[7m FAIL [27m[22m[39m v3/plugins/financial-risk/tests/mcp-tools.test.ts[2m > [22mFinancial Risk 
MCP Tools[2m > [22mfinance/compliance-check[2m > [22mshould reject empty regulations
[31m[1mAssertionError[22m: expected undefined to be true // Object.is equality[39m

[32m- Expected:[39m 
true

[31m+ Received:[39m 
undefined

[36m [2mΓ¥»[22m v3/plugins/financial-risk/tests/mcp-tools.test.ts:[2m509:30[22m[39m
    [90m507| [39m      [35mconst[39m result [33m=[39m [35mawait[39m 
complianceCheckTool[33m.[39m[34mhandler[39m(input[33m,[39m [34mcreateMo[39mΓÇª
    [90m508| [39m
    [90m509| [39m      
[34mexpect[39m(result[33m.[39misError)[33m.[39m[34mtoBe[39m([35mtrue[39m)[33m;[39m
    [90m   | [39m                             [31m^[39m
    [90m510| [39m    })[33m;[39m
    [90m511| [39m  })[33m;[39m

[31m[2mΓÄ»ΓÄ»ΓÄ»ΓÄ»ΓÄ»ΓÄ»ΓÄ»ΓÄ»ΓÄ»ΓÄ»ΓÄ»ΓÄ»ΓÄ»ΓÄ»ΓÄ»ΓÄ»ΓÄ»ΓÄ»ΓÄ»ΓÄ»[215/397]ΓÄ»[22m[39m

[31m[1m[7m FAIL [27m[22m[39m v3/plugins/financial-risk/tests/mcp-tools.test.ts[2m > [22mFinancial Risk 
MCP Tools[2m > [22mfinance/stress-test[2m > [22mshould handle valid input
[31m[1mTypeError[22m: Cannot read properties of undefined (reading '0')[39m
[36m [2mΓ¥»[22m v3/plugins/financial-risk/tests/mcp-tools.test.ts:[2m542:38[22m[39m
    [90m540| [39m
    [90m541| [39m      
[34mexpect[39m(result[33m.[39misError)[33m.[39m[34mtoBeUndefined[39m()[33m;[39m
    [90m542| [39m      [35mconst[39m data [33m=[39m [33mJSON[39m[33m.[39m[34mparse[39m(result[33m.[
39mcontent[[34m0[39m][33m.[39mtext[33m![39m)[33m;[39m
    [90m   | [39m                                     [31m^[39m
    [90m543| [39m      [34mexpect[39m(data[33m.[39mscenarios)[33m.[39m[34mtoBeDefined[39m()[33m;[39m
    [90m544| [39m      
[34mexpect[39m(data[33m.[39maggregateImpact)[33m.[39m[34mtoBeDefined[39m()[33m;[39m

[31m[2mΓÄ»ΓÄ»ΓÄ»ΓÄ»ΓÄ»ΓÄ»ΓÄ»ΓÄ»ΓÄ»ΓÄ»ΓÄ»ΓÄ»ΓÄ»ΓÄ»ΓÄ»ΓÄ»ΓÄ»ΓÄ»ΓÄ»ΓÄ»[216/397]ΓÄ»[22m[39m

[31m[1m[7m FAIL [27m[22m[39m v3/plugins/financial-risk/tests/mcp-tools.test.ts[2m > [22mFinancial Risk 
MCP Tools[2m > [22mfinance/stress-test[2m > [22mshould handle multiple scenarios
[31m[1mTypeError[22m: Cannot read properties of undefined (reading '0')[39m
[36m [2mΓ¥»[22m v3/plugins/financial-risk/tests/mcp-tools.test.ts:[2m564:38[22m[39m
    [90m562| [39m
    [90m563| [39m      
[34mexpect[39m(result[33m.[39misError)[33m.[39m[34mtoBeUndefined[39m()[33m;[39m
    [90m564| [39m      [35mconst[39m data [33m=[39m [33mJSON[39m[33m.[39m[34mparse[39m(result[33m.[
39mcontent[[34m0[39m][33m.[39mtext[33m![39m)[33m;[39m
    [90m   | [39m                                     [31m^[39m
    [90m565| [39m      
[34mexpect[39m(data[33m.[39mscenarios)[33m.[39m[34mtoHaveLength[39m([34m3[39m)[33m;[39m
    [90m566| [39m      
[34mexpect[39m(data[33m.[39maggregateImpact[33m.[39mworstCase)[33m.[39m[34mtoBeDefined[39m()[33m;[39m

[31m[2mΓÄ»ΓÄ»ΓÄ»ΓÄ»ΓÄ»ΓÄ»ΓÄ»ΓÄ»ΓÄ»ΓÄ»ΓÄ»ΓÄ»ΓÄ»ΓÄ»ΓÄ»ΓÄ»ΓÄ»ΓÄ»ΓÄ»ΓÄ»[217/397]ΓÄ»[22m[39m

[31m[1m[7m FAIL [27m[22m[39m v3/plugins/financial-risk/tests/mcp-tools.test.ts[2m > [22mFinancial Risk 
MCP Tools[2m > [22mfinance/stress-test[2m > [22mshould identify VaR breaches
[31m[1mTypeError[22m: Cannot read properties of undefined (reading '0')[39m
[36m [2mΓ¥»[22m v3/plugins/financial-risk/tests/mcp-tools.test.ts:[2m581:38[22m[39m
    [90m579| [39m      [35mconst[39m result [33m=[39m [35mawait[39m 
stressTestTool[33m.[39m[34mhandler[39m(input[33m,[39m [34mcreateMockCon[39mΓÇª
    [90m580| [39m
    [90m581| [39m      [35mconst[39m data [33m=[39m [33mJSON[39m[33m.[39m[34mparse[39m(result[33m.[
39mcontent[[34m0[39m][33m.[39mtext[33m![39m)[33m;[39m
    [90m   | [39m                                     [31m^[39m
    [90m582| [39m      [90m// VaR breach depends on shock magnitude[39m
    [90m583| [39m      [34mexpect[39m(data[33m.[39mscenarios[[34m0[39m][33m.[39mriskMetrics[33m.[39mv
arBreach)[33m.[39m[34mtoBeDefined[39m()[33m;[39m

[31m[2mΓÄ»ΓÄ»ΓÄ»ΓÄ»ΓÄ»ΓÄ»ΓÄ»ΓÄ»ΓÄ»ΓÄ»ΓÄ»ΓÄ»ΓÄ»ΓÄ»ΓÄ»ΓÄ»ΓÄ»ΓÄ»ΓÄ»ΓÄ»[218/397]ΓÄ»[22m[39m

[31m[1m[7m FAIL [27m[22m[39m v3/plugins/financial-risk/tests/mcp-tools.test.ts[2m > [22mFinancial Risk 
MCP Tools[2m > [22mfinance/stress-test[2m > [22mshould reject unauthorized access
[31m[1mAssertionError[22m: expected undefined to be true // Object.is equality[39m

[32m- Expected:[39m 
true

[31m+ Received:[39m 
undefined

[36m [2mΓ¥»[22m v3/plugins/financial-risk/tests/mcp-tools.test.ts:[2m598:30[22m[39m
    [90m596| [39m      [35mconst[39m result [33m=[39m [35mawait[39m 
stressTestTool[33m.[39m[34mhandler[39m(input[33m,[39m context)[33m;[39m
    [90m597| [39m
    [90m598| [39m      
[34mexpect[39m(result[33m.[39misError)[33m.[39m[34mtoBe[39m([35mtrue[39m)[33m;[39m
    [90m   | [39m                             [31m^[39m
    [90m599| [39m    })[33m;[39m
    [90m600| [39m

[31m[2mΓÄ»ΓÄ»ΓÄ»ΓÄ»ΓÄ»ΓÄ»ΓÄ»ΓÄ»ΓÄ»ΓÄ»ΓÄ»ΓÄ»ΓÄ»ΓÄ»ΓÄ»ΓÄ»ΓÄ»ΓÄ»ΓÄ»ΓÄ»[219/397]ΓÄ»[22m[39m

[31m[1m[7m FAIL [27m[22m[39m v3/plugins/financial-risk/tests/mcp-tools.test.ts[2m > [22mFinancial Risk 
MCP Tools[2m > [22mfinance/stress-test[2m > [22mshould reject empty scenarios
[31m[1mAssertionError[22m: expected undefined to be true // Object.is equality[39m

[32m- Expected:[39m 
true

[31m+ Received:[39m 
undefined

[36m [2mΓ¥»[22m v3/plugins/financial-risk/tests/mcp-tools.test.ts:[2m609:30[22m[39m
    [90m607| [39m      [35mconst[39m result [33m=[39m [35mawait[39m 
stressTestTool[33m.[39m[34mhandler[39m(input[33m,[39m [34mcreateMockCon[39mΓÇª
    [90m608| [39m
    [90m609| [39m      
[34mexpect[39m(result[33m.[39misError)[33m.[39m[34mtoBe[39m([35mtrue[39m)[33m;[39m
    [90m   | [39m                             [31m^[39m
    [90m610| [39m    })[33m;[39m
    [90m611| [39m

[31m[2mΓÄ»ΓÄ»ΓÄ»ΓÄ»ΓÄ»ΓÄ»ΓÄ»ΓÄ»ΓÄ»ΓÄ»ΓÄ»ΓÄ»ΓÄ»ΓÄ»ΓÄ»ΓÄ»ΓÄ»ΓÄ»ΓÄ»ΓÄ»[220/397]ΓÄ»[22m[39m

[31m[1m[7m FAIL [27m[22m[39m v3/plugins/financial-risk/tests/mcp-tools.test.ts[2m > [22mFinancial Risk 
MCP Tools[2m > [22mfinance/stress-test[2m > [22mshould reject empty portfolio holdings
[31m[1mAssertionError[22m: expected undefined to be true // Object.is equality[39m

[32m- Expected:[39m 
true

[31m+ Received:[39m 
undefined

[36m [2mΓ¥»[22m v3/plugins/financial-risk/tests/mcp-tools.test.ts:[2m620:30[22m[39m
    [90m618| [39m      [35mconst[39m result [33m=[39m [35mawait[39m 
stressTestTool[33m.[39m[34mhandler[39m(input[33m,[39m [34mcreateMockCon[39mΓÇª
    [90m619| [39m
    [90m620| [39m      
[34mexpect[39m(result[33m.[39misError)[33m.[39m[34mtoBe[39m([35mtrue[39m)[33m;[39m
    [90m   | [39m                             [31m^[39m
    [90m621| [39m    })[33m;[39m
    [90m622| [39m  })[33m;[39m

[31m[2mΓÄ»ΓÄ»ΓÄ»ΓÄ»ΓÄ»ΓÄ»ΓÄ»ΓÄ»ΓÄ»ΓÄ»ΓÄ»ΓÄ»ΓÄ»ΓÄ»ΓÄ»ΓÄ»ΓÄ»ΓÄ»ΓÄ»ΓÄ»[221/397]ΓÄ»[22m[39m

[31m[1m[7m FAIL [27m[22m[39m v3/plugins/financial-risk/tests/mcp-tools.test.ts[2m > [22mFinancial Risk 
MCP Tools[2m > [22mAudit Logging[2m > [22mshould log audit entries with required fields
[31m[1mAssertionError[22m: expected "spy" to be called with arguments: [ ObjectContaining{ΓÇª} ][90m

Received: 

[31m[90m

Number of calls: [1m0[22m
[31m[39m
[36m [2mΓ¥»[22m v3/plugins/financial-risk/tests/mcp-tools.test.ts:[2m674:31[22m[39m
    [90m672| [39m      [35mawait[39m portfolioRiskTool[33m.[39m[34mhandler[39m(input[33m,[39m 
context)[33m;[39m
    [90m673| [39m
    [90m674| [39m      [34mexpect[39m(auditLogger[33m.[39mlog)[33m.[39m[34mtoHaveBeenCalledWith[39m(
    [90m   | [39m                              [31m^[39m
    [90m675| [39m        expect[33m.[39m[34mobjectContaining[39m({
    [90m676| [39m          timestamp[33m:[39m expect[33m.[39m[34many[39m([33mString[39m)[33m,[39m

[31m[2mΓÄ»ΓÄ»ΓÄ»ΓÄ»ΓÄ»ΓÄ»ΓÄ»ΓÄ»ΓÄ»ΓÄ»ΓÄ»ΓÄ»ΓÄ»ΓÄ»ΓÄ»ΓÄ»ΓÄ»ΓÄ»ΓÄ»ΓÄ»[222/397]ΓÄ»[22m[39m

[31m[1m[7m FAIL [27m[22m[39m v3/plugins/financial-risk/tests/mcp-tools.test.ts[2m > [22mFinancial Risk 
MCP Tools[2m > [22mError Handling[2m > [22mshould include error details in response
[31m[1mAssertionError[22m: expected undefined to be true // Object.is equality[39m

[32m- Expected:[39m 
true

[31m+ Received:[39m 
undefined

[36m [2mΓ¥»[22m v3/plugins/financial-risk/tests/mcp-tools.test.ts:[2m706:30[22m[39m
    [90m704| [39m      [35mconst[39m result [33m=[39m [35mawait[39m 
portfolioRiskTool[33m.[39m[34mhandler[39m(input[33m,[39m [34mcreateMock[39mΓÇª
    [90m705| [39m
    [90m706| [39m      
[34mexpect[39m(result[33m.[39misError)[33m.[39m[34mtoBe[39m([35mtrue[39m)[33m;[39m
    [90m   | [39m                             [31m^[39m
    [90m707| [39m      [35mconst[39m data [33m=[39m [33mJSON[39m[33m.[39m[34mparse[39m(result[33m.[
39mcontent[[34m0[39m][33m.[39mtext[33m![39m)[33m;[39m
    [90m708| [39m      
[34mexpect[39m(data[33m.[39merror)[33m.[39m[34mtoBe[39m([35mtrue[39m)[33m;[39m

[31m[2mΓÄ»ΓÄ»ΓÄ»ΓÄ»ΓÄ»ΓÄ»ΓÄ»ΓÄ»ΓÄ»ΓÄ»ΓÄ»ΓÄ»ΓÄ»ΓÄ»ΓÄ»ΓÄ»ΓÄ»ΓÄ»ΓÄ»ΓÄ»[223/397]ΓÄ»[22m[39m

[31m[1m[7m FAIL [27m[22m[39m v3/plugins/healthcare-clinical/tests/types.test.ts[2m > [22mHealthcare 
Clinical Types[2m > [22mResult Helpers[2m > [22mshould create success result
[31m[1mAssertionError[22m: expected undefined to be true // Object.is equality[39m

[32m- Expected:[39m 
true

[31m+ Received:[39m 
undefined

[36m [2mΓ¥»[22m v3/plugins/healthcare-clinical/tests/types.test.ts:[2m383:30[22m[39m
    [90m381| [39m      [35mconst[39m result [33m=[39m [34msuccessResult[39m(data)[33m;[39m
    [90m382| [39m
    [90m383| [39m      
[34mexpect[39m(result[33m.[39msuccess)[33m.[39m[34mtoBe[39m([35mtrue[39m)[33m;[39m
    [90m   | [39m                             [31m^[39m
    [90m384| [39m      [34mexpect[39m(result[33m.[39mdata)[33m.[39m[34mtoEqual[39m(data)[33m;[39m
    [90m385| [39m    })[33m;[39m

[31m[2mΓÄ»ΓÄ»ΓÄ»ΓÄ»ΓÄ»ΓÄ»ΓÄ»ΓÄ»ΓÄ»ΓÄ»ΓÄ»ΓÄ»ΓÄ»ΓÄ»ΓÄ»ΓÄ»ΓÄ»ΓÄ»ΓÄ»ΓÄ»[224/397]ΓÄ»[22m[39m

[31m[1m[7m FAIL [27m[22m[39m v3/plugins/healthcare-clinical/tests/types.test.ts[2m > [22mHealthcare 
Clinical Types[2m > [22mResult Helpers[2m > [22mshould create success result with metadata
[31m[1mAssertionError[22m: expected undefined to be true // Object.is equality[39m

[32m- Expected:[39m 
true

[31m+ Received:[39m 
undefined

[36m [2mΓ¥»[22m v3/plugins/healthcare-clinical/tests/types.test.ts:[2m392:30[22m[39m
    [90m390| [39m      [35mconst[39m result [33m=[39m [34msuccessResult[39m(data[33m,[39m 
metadata)[33m;[39m
    [90m391| [39m
    [90m392| [39m      
[34mexpect[39m(result[33m.[39msuccess)[33m.[39m[34mtoBe[39m([35mtrue[39m)[33m;[39m
    [90m   | [39m                             [31m^[39m
    [90m393| [39m      [34mexpect[39m(result[33m.[39mdata)[33m.[39m[34mtoEqual[39m(data)[33m;[39m
    [90m394| [39m      
[34mexpect[39m(result[33m.[39mmetadata)[33m.[39m[34mtoEqual[39m(metadata)[33m;[39m

[31m[2mΓÄ»ΓÄ»ΓÄ»ΓÄ»ΓÄ»ΓÄ»ΓÄ»ΓÄ»ΓÄ»ΓÄ»ΓÄ»ΓÄ»ΓÄ»ΓÄ»ΓÄ»ΓÄ»ΓÄ»ΓÄ»ΓÄ»ΓÄ»[225/397]ΓÄ»[22m[39m

[31m[1m[7m FAIL [27m[22m[39m v3/plugins/healthcare-clinical/tests/types.test.ts[2m > [22mHealthcare 
Clinical Types[2m > [22mResult Helpers[2m > [22mshould create error result from string
[31m[1mAssertionError[22m: expected undefined to be false // Object.is equality[39m

[32m- Expected:[39m 
false

[31m+ Received:[39m 
undefined

[36m [2mΓ¥»[22m v3/plugins/healthcare-clinical/tests/types.test.ts:[2m400:30[22m[39m
    [90m398| [39m      [35mconst[39m result [33m=[39m [34merrorResult[39m([32m'Something went 
wrong'[39m)[33m;[39m
    [90m399| [39m
    [90m400| [39m      
[34mexpect[39m(result[33m.[39msuccess)[33m.[39m[34mtoBe[39m([35mfalse[39m)[33m;[39m
    [90m   | [39m                             [31m^[39m
    [90m401| [39m      [34mexpect[39m(result[33m.[39merror)[33m.[39m[34mtoBe[39m([32m'Something went 
wrong'[39m)[33m;[39m
    [90m402| [39m    })[33m;[39m

[31m[2mΓÄ»ΓÄ»ΓÄ»ΓÄ»ΓÄ»ΓÄ»ΓÄ»ΓÄ»ΓÄ»ΓÄ»ΓÄ»ΓÄ»ΓÄ»ΓÄ»ΓÄ»ΓÄ»ΓÄ»ΓÄ»ΓÄ»ΓÄ»[226/397]ΓÄ»[22m[39m

[31m[1m[7m FAIL [27m[22m[39m v3/plugins/healthcare-clinical/tests/types.test.ts[2m > [22mHealthcare 
Clinical Types[2m > [22mResult Helpers[2m > [22mshould create error result from Error object
[31m[1mAssertionError[22m: expected undefined to be false // Object.is equality[39m

[32m- Expected:[39m 
false

[31m+ Received:[39m 
undefined

[36m [2mΓ¥»[22m v3/plugins/healthcare-clinical/tests/types.test.ts:[2m408:30[22m[39m
    [90m406| [39m      [35mconst[39m result [33m=[39m [34merrorResult[39m(error)[33m;[39m
    [90m407| [39m
    [90m408| [39m      
[34mexpect[39m(result[33m.[39msuccess)[33m.[39m[34mtoBe[39m([35mfalse[39m)[33m;[39m
    [90m   | [39m                             [31m^[39m
    [90m409| [39m      [34mexpect[39m(result[33m.[39merror)[33m.[39m[34mtoBe[39m([32m'Test error 
message'[39m)[33m;[39m
    [90m410| [39m    })[33m;[39m

[31m[2mΓÄ»ΓÄ»ΓÄ»ΓÄ»ΓÄ»ΓÄ»ΓÄ»ΓÄ»ΓÄ»ΓÄ»ΓÄ»ΓÄ»ΓÄ»ΓÄ»ΓÄ»ΓÄ»ΓÄ»ΓÄ»ΓÄ»ΓÄ»[227/397]ΓÄ»[22m[39m

[31m[1m[7m FAIL [27m[22m[39m v3/plugins/healthcare-clinical/tests/types.test.ts[2m > [22mHealthcare 
Clinical Types[2m > [22mResult Helpers[2m > [22mshould create error result with metadata
[31m[1mAssertionError[22m: expected undefined to be false // Object.is equality[39m

[32m- Expected:[39m 
false

[31m+ Received:[39m 
undefined

[36m [2mΓ¥»[22m v3/plugins/healthcare-clinical/tests/types.test.ts:[2m416:30[22m[39m
    [90m414| [39m      [35mconst[39m result [33m=[39m [34merrorResult[39m([32m'Error'[39m[33m,[39m 
metadata)[33m;[39m
    [90m415| [39m
    [90m416| [39m      
[34mexpect[39m(result[33m.[39msuccess)[33m.[39m[34mtoBe[39m([35mfalse[39m)[33m;[39m
    [90m   | [39m                             [31m^[39m
    [90m417| [39m      
[34mexpect[39m(result[33m.[39mmetadata)[33m.[39m[34mtoEqual[39m(metadata)[33m;[39m
    [90m418| [39m    })[33m;[39m

[31m[2mΓÄ»ΓÄ»ΓÄ»ΓÄ»ΓÄ»ΓÄ»ΓÄ»ΓÄ»ΓÄ»ΓÄ»ΓÄ»ΓÄ»ΓÄ»ΓÄ»ΓÄ»ΓÄ»ΓÄ»ΓÄ»ΓÄ»ΓÄ»[228/397]ΓÄ»[22m[39m

[31m[1m[7m FAIL [27m[22m[39m v3/@claude-flow/embeddings/src/__tests__/embedding-service.test.ts[2m > 
[22mSimilarity Functions[2m > [22mcomputeSimilarity[2m > [22mshould support euclidean metric
[31m[1mAssertionError[22m: expected 0.4142135623730951 to be close to 1.4142135623730951, received difference 
is 1, but expected 0.005[39m
[36m [2mΓ¥»[22m v3/@claude-flow/embeddings/src/__tests__/embedding-service.test.ts:[2m117:28[22m[39m
    [90m115| [39m      [35mconst[39m result [33m=[39m [34mcomputeSimilarity[39m(vec1[33m,[39m 
vec3[33m,[39m [32m'euclidean'[39m)[33m;[39m
    [90m116| [39m      
[34mexpect[39m(result[33m.[39mmetric)[33m.[39m[34mtoBe[39m([32m'euclidean'[39m)[33m;[39m
    [90m117| [39m      [34mexpect[39m(result[33m.[39mscore)[33m.[39m[34mtoBeCloseTo[39m([33mMath[39m
[33m.[39m[34msqrt[39m([34m2[39m))[33m;[39m
    [90m   | [39m                           [31m^[39m
    [90m118| [39m    })[33m;[39m
    [90m119| [39m

[31m[2mΓÄ»ΓÄ»ΓÄ»ΓÄ»ΓÄ»ΓÄ»ΓÄ»ΓÄ»ΓÄ»ΓÄ»ΓÄ»ΓÄ»ΓÄ»ΓÄ»ΓÄ»ΓÄ»ΓÄ»ΓÄ»ΓÄ»ΓÄ»[229/397]ΓÄ»[22m[39m

[31m[1m[7m FAIL [27m[22m[39m v3/@claude-flow/integration/src/__tests__/token-optimizer.test.ts[2m > 
[22mTokenOptimizer[2m > [22minitialization[2m > [22mshould detect agentic-flow availability
[31m[1mAssertionError[22m: expected false to be true // Object.is equality[39m

[32m- Expected[39m
[31m+ Received[39m

[32m- true[39m
[31m+ false[39m

[36m [2mΓ¥»[22m v3/@claude-flow/integration/src/__tests__/token-optimizer.test.ts:[2m29:42[22m[39m
    [90m 27| [39m      [35mconst[39m stats [33m=[39m optimizer[33m.[39m[34mgetStats[39m()[33m;[39m
    [90m 28| [39m      [90m// agentic-flow is installed in v3/node_modules[39m
    [90m 29| [39m      
[34mexpect[39m(stats[33m.[39magenticFlowAvailable)[33m.[39m[34mtoBe[39m([35mtrue[39m)[33m;[39m
    [90m   | [39m                                         [31m^[39m
    [90m 30| [39m    })[33m;[39m
    [90m 31| [39m  })[33m;[39m

[31m[2mΓÄ»ΓÄ»ΓÄ»ΓÄ»ΓÄ»ΓÄ»ΓÄ»ΓÄ»ΓÄ»ΓÄ»ΓÄ»ΓÄ»ΓÄ»ΓÄ»ΓÄ»ΓÄ»ΓÄ»ΓÄ»ΓÄ»ΓÄ»[230/397]ΓÄ»[22m[39m

[31m[1m[7m FAIL [27m[22m[39m v3/@claude-flow/integration/src/__tests__/token-optimizer.test.ts[2m > 
[22mTokenOptimizer[2m > [22mgetOptimalConfig[2m > [22mshould handle large agent counts
[31m[1mAssertionError[22m: expected 'mesh' to be 'hierarchical' // Object.is equality[39m

[32m- Expected[39m
[31m+ Received[39m

[32m- hierarchical[39m
[31m+ mesh[39m

[36m [2mΓ¥»[22m v3/@claude-flow/integration/src/__tests__/token-optimizer.test.ts:[2m97:31[22m[39m
    [90m 95| [39m      [35mconst[39m config [33m=[39m 
optimizer[33m.[39m[34mgetOptimalConfig[39m([34m15[39m)[33m;[39m
    [90m 96| [39m
    [90m 97| [39m      
[34mexpect[39m(config[33m.[39mtopology)[33m.[39m[34mtoBe[39m([32m'hierarchical'[39m)[33m;[39m
    [90m   | [39m                              [31m^[39m
    [90m 98| [39m      
[34mexpect[39m(config[33m.[39mbatchSize)[33m.[39m[34mtoBeLessThanOrEqual[39m([34m5[39m)[33m;[39m
    [90m 99| [39m    })[33m;[39m

[31m[2mΓÄ»ΓÄ»ΓÄ»ΓÄ»ΓÄ»ΓÄ»ΓÄ»ΓÄ»ΓÄ»ΓÄ»ΓÄ»ΓÄ»ΓÄ»ΓÄ»ΓÄ»ΓÄ»ΓÄ»ΓÄ»ΓÄ»ΓÄ»[231/397]ΓÄ»[22m[39m

[31m[1m[7m FAIL [27m[22m[39m 
v3/@claude-flow/plugins/examples/ruvector-plugins/ruvector-plugins.test.ts[2m > [22mPlugin Integration 
Types[2m > [22mshould export all plugin types
[31m[1m[7m FAIL [27m[22m[39m 
v3/@claude-flow/plugins/examples/ruvector-plugins/ruvector-plugins.test.ts[2m > [22mPlugin Integration 
Types[2m > [22mshould export all class instances
[31m[1m[7m FAIL [27m[22m[39m 
v3/@claude-flow/plugins/examples/ruvector-plugins/ruvector-plugins.test.ts[2m > [22mPlugin Metadata[2m > 
[22mreasoningBankPlugin should have correct metadata
[31m[1m[7m FAIL [27m[22m[39m 
v3/@claude-flow/plugins/examples/ruvector-plugins/ruvector-plugins.test.ts[2m > [22mPlugin Metadata[2m > 
[22msemanticCodeSearchPlugin should have correct metadata
[31m[1m[7m FAIL [27m[22m[39m 
v3/@claude-flow/plugins/examples/ruvector-plugins/ruvector-plugins.test.ts[2m > [22mPlugin Metadata[2m > 
[22msonaLearningPlugin should have correct metadata
[31m[1m[7m FAIL [27m[22m[39m 
v3/@claude-flow/plugins/examples/ruvector-plugins/ruvector-plugins.test.ts[2m > [22mPlugin Metadata[2m > 
[22mintentRouterPlugin should have correct metadata
[31m[1m[7m FAIL [27m[22m[39m 
v3/@claude-flow/plugins/examples/ruvector-plugins/ruvector-plugins.test.ts[2m > [22mPlugin Metadata[2m > 
[22mmcpToolOptimizerPlugin should have correct metadata
[31m[1m[7m FAIL [27m[22m[39m 
v3/@claude-flow/plugins/examples/ruvector-plugins/ruvector-plugins.test.ts[2m > [22mPlugin Metadata[2m > 
[22mhookPatternLibraryPlugin should have correct metadata
[31m[1m[7m FAIL [27m[22m[39m 
v3/@claude-flow/plugins/examples/ruvector-plugins/ruvector-plugins.test.ts[2m > [22mMCP Tool Definitions[2m > 
[22mreasoningBankPlugin should define expected tools
[31m[1m[7m FAIL [27m[22m[39m 
v3/@claude-flow/plugins/examples/ruvector-plugins/ruvector-plugins.test.ts[2m > [22mMCP Tool Definitions[2m > 
[22msemanticCodeSearchPlugin should define expected tools
[31m[1m[7m FAIL [27m[22m[39m 
v3/@claude-flow/plugins/examples/ruvector-plugins/ruvector-plugins.test.ts[2m > [22mMCP Tool Definitions[2m > 
[22msonaLearningPlugin should define expected tools
[31m[1m[7m FAIL [27m[22m[39m 
v3/@claude-flow/plugins/examples/ruvector-plugins/ruvector-plugins.test.ts[2m > [22mMCP Tool Definitions[2m > 
[22mintentRouterPlugin should define expected tools
[31m[1m[7m FAIL [27m[22m[39m 
v3/@claude-flow/plugins/examples/ruvector-plugins/ruvector-plugins.test.ts[2m > [22mMCP Tool Definitions[2m > 
[22mmcpToolOptimizerPlugin should define expected tools
[31m[1m[7m FAIL [27m[22m[39m 
v3/@claude-flow/plugins/examples/ruvector-plugins/ruvector-plugins.test.ts[2m > [22mMCP Tool Definitions[2m > 
[22mhookPatternLibraryPlugin should define expected tools
[31m[1m[7m FAIL [27m[22m[39m 
v3/@claude-flow/plugins/examples/ruvector-plugins/ruvector-plugins.test.ts[2m > [22mHook Definitions[2m > 
[22mreasoningBankPlugin should define learning hooks
[31m[1m[7m FAIL [27m[22m[39m 
v3/@claude-flow/plugins/examples/ruvector-plugins/ruvector-plugins.test.ts[2m > [22mHook Definitions[2m > 
[22mintentRouterPlugin should define routing hooks
[31m[1m[7m FAIL [27m[22m[39m 
v3/@claude-flow/plugins/examples/ruvector-plugins/ruvector-plugins.test.ts[2m > [22mHook Definitions[2m > 
[22mmcpToolOptimizerPlugin should define optimization hooks
[31m[1m[7m FAIL [27m[22m[39m 
v3/@claude-flow/plugins/examples/ruvector-plugins/ruvector-plugins.test.ts[2m > [22mHook Definitions[2m > 
[22mhookPatternLibraryPlugin should define file operation hooks
[31m[1mError[22m: Transform failed with 6 errors:
C:/Users/saima/Desktop/code/ruflo_project/v3/@claude-flow/plugins/examples/ruvector-plugins/index.ts:57:9: 
ERROR: Multiple exports with the same name "ReasoningBank"
C:/Users/saima/Desktop/code/ruflo_project/v3/@claude-flow/plugins/examples/ruvector-plugins/index.ts:58:9: 
ERROR: Multiple exports with the same name "SemanticCodeSearch"
C:/Users/saima/Desktop/code/ruflo_project/v3/@claude-flow/plugins/examples/ruvector-plugins/index.ts:59:9: 
ERROR: Multiple exports with the same name "SONALearning"
C:/Users/saima/Desktop/code/ruflo_project/v3/@claude-flow/plugins/examples/ruvector-plugins/index.ts:60:9: 
ERROR: Multiple exports with the same name "IntentRouter"
C:/Users/saima/Desktop/code/ruflo_project/v3/@claude-flow/plugins/examples/ruvector-plugins/index.ts:61:9: 
ERROR: Multiple exports with the same name "MCPToolOptimizer"
...[39m
[90m [2mΓ¥»[22m failureErrorWithLog node_modules/vite/node_modules/esbuild/lib/main.js:[2m1472:15[22m[39m
[90m [2mΓ¥»[22m node_modules/vite/node_modules/esbuild/lib/main.js:[2m755:50[22m[39m
[90m [2mΓ¥»[22m responseCallbacks.<computed> 
node_modules/vite/node_modules/esbuild/lib/main.js:[2m622:9[22m[39m
[90m [2mΓ¥»[22m handleIncomingPacket node_modules/vite/node_modules/esbuild/lib/main.js:[2m677:12[22m[39m
[90m [2mΓ¥»[22m Socket.readFromStdout node_modules/vite/node_modules/esbuild/lib/main.js:[2m600:7[22m[39m
[90m [2mΓ¥»[22m Socket.emit node:events:[2m518:28[22m[39m

[31m[2mΓÄ»ΓÄ»ΓÄ»ΓÄ»ΓÄ»ΓÄ»ΓÄ»ΓÄ»ΓÄ»ΓÄ»ΓÄ»ΓÄ»ΓÄ»ΓÄ»ΓÄ»ΓÄ»ΓÄ»ΓÄ»ΓÄ»ΓÄ»[232/397]ΓÄ»[22m[39m

[31m[1m[7m FAIL [27m[22m[39m v3/@claude-flow/security/__tests__/unit/password-hasher.test.ts[2m > 
[22mPasswordHasher[2m > [22mhash[2m > [22mshould generate salt before hashing
[31m[1mError[22m: Invalid Chai property: toHaveBeenCalledBefore[39m
[36m [2mΓ¥»[22m v3/@claude-flow/security/__tests__/unit/password-hasher.test.ts:[2m103:45[22m[39m
    [90m101| [39m      [90m// Then - verify interaction[39m
    [90m102| [39m      [34mexpect[39m(mockCryptoProvider[33m.[39mgenerateSalt)[33m.[39m[34mtoHaveBeenCal
ledWith[39m([34m16[39m)[33m;[39m
    [90m103| [39m      
[34mexpect[39m(mockCryptoProvider[33m.[39mgenerateSalt)[33m.[39m[34mtoHaveBeenCalledBefore[39m(
    [90m   | [39m                                            [31m^[39m
    [90m104| [39m        mockCryptoProvider[33m.[39margon2Hash
    [90m105| [39m      )[33m;[39m

[31m[2mΓÄ»ΓÄ»ΓÄ»ΓÄ»ΓÄ»ΓÄ»ΓÄ»ΓÄ»ΓÄ»ΓÄ»ΓÄ»ΓÄ»ΓÄ»ΓÄ»ΓÄ»ΓÄ»ΓÄ»ΓÄ»ΓÄ»ΓÄ»[233/397]ΓÄ»[22m[39m

[31m[1m[7m FAIL [27m[22m[39m v3/@claude-flow/security/__tests__/unit/safe-executor.test.ts[2m > 
[22mSafeExecutor[2m > [22minteraction verification[2m > [22mshould extract command before checking allowed 
list
[31m[1mError[22m: Invalid Chai property: toHaveBeenCalledBefore[39m
[36m [2mΓ¥»[22m v3/@claude-flow/security/__tests__/unit/safe-executor.test.ts:[2m664:42[22m[39m
    [90m662| [39m      [90m// Then[39m
    [90m663| [39m      
[34mexpect[39m(mockValidator[33m.[39mextractCommand)[33m.[39m[34mtoHaveBeenCalledWith[39m(commanΓÇª
    [90m664| [39m      
[34mexpect[39m(mockValidator[33m.[39mextractCommand)[33m.[39m[34mtoHaveBeenCalledBefore[39m(mockΓÇª
    [90m   | [39m                                         [31m^[39m
    [90m665| [39m    })[33m;[39m
    [90m666| [39m  })[33m;[39m

[31m[2mΓÄ»ΓÄ»ΓÄ»ΓÄ»ΓÄ»ΓÄ»ΓÄ»ΓÄ»ΓÄ»ΓÄ»ΓÄ»ΓÄ»ΓÄ»ΓÄ»ΓÄ»ΓÄ»ΓÄ»ΓÄ»ΓÄ»ΓÄ»[234/397]ΓÄ»[22m[39m

[31m[1m[7m FAIL [27m[22m[39m v3/@claude-flow/shared/src/events/event-store.test.ts[2m > 
[22mEventStore[2m > [22mEvent Appending[2m > [22mshould append events to the store
[31m[1m[7m FAIL [27m[22m[39m v3/@claude-flow/shared/src/events/event-store.test.ts[2m > 
[22mEventStore[2m > [22mEvent Appending[2m > [22mshould increment version for each event
[31m[1m[7m FAIL [27m[22m[39m v3/@claude-flow/shared/src/events/event-store.test.ts[2m > 
[22mEventStore[2m > [22mEvent Appending[2m > [22mshould maintain version per aggregate
[31m[1m[7m FAIL [27m[22m[39m v3/@claude-flow/shared/src/events/event-store.test.ts[2m > 
[22mEventStore[2m > [22mEvent Retrieval[2m > [22mshould retrieve events by aggregate ID
[31m[1m[7m FAIL [27m[22m[39m v3/@claude-flow/shared/src/events/event-store.test.ts[2m > 
[22mEventStore[2m > [22mEvent Retrieval[2m > [22mshould retrieve events from specific version
[31m[1m[7m FAIL [27m[22m[39m v3/@claude-flow/shared/src/events/event-store.test.ts[2m > 
[22mEventStore[2m > [22mEvent Retrieval[2m > [22mshould retrieve events by type
[31m[1m[7m FAIL [27m[22m[39m v3/@claude-flow/shared/src/events/event-store.test.ts[2m > 
[22mEventStore[2m > [22mEvent Filtering[2m > [22mshould filter by aggregate types
[31m[1m[7m FAIL [27m[22m[39m v3/@claude-flow/shared/src/events/event-store.test.ts[2m > 
[22mEventStore[2m > [22mEvent Filtering[2m > [22mshould filter by event types
[31m[1m[7m FAIL [27m[22m[39m v3/@claude-flow/shared/src/events/event-store.test.ts[2m > 
[22mEventStore[2m > [22mEvent Filtering[2m > [22mshould filter by aggregate IDs
[31m[1m[7m FAIL [27m[22m[39m v3/@claude-flow/shared/src/events/event-store.test.ts[2m > 
[22mEventStore[2m > [22mEvent Filtering[2m > [22mshould support pagination
[31m[1m[7m FAIL [27m[22m[39m v3/@claude-flow/shared/src/events/event-store.test.ts[2m > 
[22mEventStore[2m > [22mEvent Replay[2m > [22mshould replay all events
[31m[1m[7m FAIL [27m[22m[39m v3/@claude-flow/shared/src/events/event-store.test.ts[2m > 
[22mEventStore[2m > [22mEvent Replay[2m > [22mshould replay from specific version
[31m[1m[7m FAIL [27m[22m[39m v3/@claude-flow/shared/src/events/event-store.test.ts[2m > 
[22mEventStore[2m > [22mSnapshots[2m > [22mshould save snapshots
[31m[1m[7m FAIL [27m[22m[39m v3/@claude-flow/shared/src/events/event-store.test.ts[2m > 
[22mEventStore[2m > [22mSnapshots[2m > [22mshould return latest snapshot
[31m[1m[7m FAIL [27m[22m[39m v3/@claude-flow/shared/src/events/event-store.test.ts[2m > 
[22mEventStore[2m > [22mStatistics[2m > [22mshould provide event store statistics
[31m[1m[7m FAIL [27m[22m[39m v3/@claude-flow/shared/src/events/event-store.test.ts[2m > 
[22mAgentStateProjection[2m > [22mshould build agent state from events
[31m[1m[7m FAIL [27m[22m[39m v3/@claude-flow/shared/src/events/event-store.test.ts[2m > 
[22mAgentStateProjection[2m > [22mshould track task assignments
[31m[1m[7m FAIL [27m[22m[39m v3/@claude-flow/shared/src/events/event-store.test.ts[2m > 
[22mAgentStateProjection[2m > [22mshould track completed tasks
[31m[1m[7m FAIL [27m[22m[39m v3/@claude-flow/shared/src/events/event-store.test.ts[2m > 
[22mAgentStateProjection[2m > [22mshould filter agents by status
[31m[1m[7m FAIL [27m[22m[39m v3/@claude-flow/shared/src/events/event-store.test.ts[2m > 
[22mTaskHistoryProjection[2m > [22mshould build task history from events
[31m[1m[7m FAIL [27m[22m[39m v3/@claude-flow/shared/src/events/event-store.test.ts[2m > 
[22mTaskHistoryProjection[2m > [22mshould calculate average task duration
[31m[1m[7m FAIL [27m[22m[39m v3/@claude-flow/shared/src/events/event-store.test.ts[2m > 
[22mMemoryIndexProjection[2m > [22mshould build memory index from events
[31m[1m[7m FAIL [27m[22m[39m v3/@claude-flow/shared/src/events/event-store.test.ts[2m > 
[22mMemoryIndexProjection[2m > [22mshould track memory deletions
[31m[1m[7m FAIL [27m[22m[39m v3/@claude-flow/shared/src/events/event-store.test.ts[2m > 
[22mMemoryIndexProjection[2m > [22mshould calculate total size by namespace
[31m[1mError[22m: Error: ENOENT: no such file or directory, open 
'C:\Users\saima\Desktop\code\ruflo_project\https:\sql.js.org\dist\sql-wasm.wasm'[39m
[90m [2mΓ¥»[22m Object.Module.onAbort node_modules/sql.js/dist/sql-wasm.js:[2m40:20[22m[39m
[90m [2mΓ¥»[22m Ta node_modules/sql.js/dist/sql-wasm.js:[2m97:378[22m[39m
[90m [2mΓ¥»[22m Wa node_modules/sql.js/dist/sql-wasm.js:[2m98:351[22m[39m
[90m [2mΓ¥»[22m node_modules/sql.js/dist/sql-wasm.js:[2m157:356[22m[39m

[31m[2mΓÄ»ΓÄ»ΓÄ»ΓÄ»ΓÄ»ΓÄ»ΓÄ»ΓÄ»ΓÄ»ΓÄ»ΓÄ»ΓÄ»ΓÄ»ΓÄ»ΓÄ»ΓÄ»ΓÄ»ΓÄ»ΓÄ»ΓÄ»[235/397]ΓÄ»[22m[39m

[31m[1m[7m FAIL [27m[22m[39m v3/@claude-flow/shared/src/hooks/hooks.test.ts[2m > [22mHookExecutor[2m > 
[22mshould execute hooks sequentially with context chaining
[31m[1mAssertionError[22m: expected +0 to be 2 // Object.is equality[39m

[32m- Expected[39m
[31m+ Received[39m

[32m- 2[39m
[31m+ 0[39m

[36m [2mΓ¥»[22m v3/@claude-flow/shared/src/hooks/hooks.test.ts:[2m365:34[22m[39m
    [90m363| [39m
    [90m364| [39m    
[34mexpect[39m(result[33m.[39msuccess)[33m.[39m[34mtoBe[39m([35mtrue[39m)[33m;[39m
    [90m365| [39m    
[34mexpect[39m(result[33m.[39mhooksExecuted)[33m.[39m[34mtoBe[39m([34m2[39m)[33m;[39m
    [90m   | [39m                                 [31m^[39m
    [90m366| [39m  })[33m;[39m
    [90m367| [39m

[31m[2mΓÄ»ΓÄ»ΓÄ»ΓÄ»ΓÄ»ΓÄ»ΓÄ»ΓÄ»ΓÄ»ΓÄ»ΓÄ»ΓÄ»ΓÄ»ΓÄ»ΓÄ»ΓÄ»ΓÄ»ΓÄ»ΓÄ»ΓÄ»[236/397]ΓÄ»[22m[39m

[31m[1m[7m FAIL [27m[22m[39m v3/@claude-flow/shared/src/hooks/verify-exports.test.ts[2m > [22mHooks 
Module Exports[2m > [22mshould create instances from exported factories
[31m[1mError[22m: Cannot find module './index.js'
Require stack:
- C:\Users\saima\Desktop\code\ruflo_project\v3\@claude-flow\shared\src\hooks\verify-exports.test.ts[39m
[90m [2mΓ¥»[22m TracingChannel.traceSync node:diagnostics_channel:[2m322:14[22m[39m
[36m [2mΓ¥»[22m v3/@claude-flow/shared/src/hooks/verify-exports.test.ts:[2m50:56[22m[39m
    [90m 48| [39m
    [90m 49| [39m  [34mit[39m([32m'should create instances from exported factories'[39m[33m,[39m () 
[33m=>[39m {
    [90m 50| [39m    [35mconst[39m { createHookRegistry[33m,[39m createHookExecutor } [33m=[39m 
[34mrequire[39m([32m'./inde[39mΓÇª
    [90m   | [39m                                                       [31m^[39m
    [90m 51| [39m
    [90m 52| [39m    [35mconst[39m registry [33m=[39m [34mcreateHookRegistry[39m()[33m;[39m

[31m[2mΓÄ»ΓÄ»ΓÄ»ΓÄ»ΓÄ»ΓÄ»ΓÄ»ΓÄ»ΓÄ»ΓÄ»ΓÄ»ΓÄ»ΓÄ»ΓÄ»ΓÄ»ΓÄ»ΓÄ»ΓÄ»ΓÄ»ΓÄ»ΓÄ»ΓÄ»ΓÄ»ΓÄ»ΓÄ»ΓÄ»ΓÄ»ΓÄ»ΓÄ»ΓÄ»[22m[39m
[31m[1mSerialized Error:[22m[39m [90m{ code: 'MODULE_NOT_FOUND', requireStack: [ 
'C:\Users\saima\Desktop\code\ruflo_project\v3\@claude-flow\shared\src\hooks\verify-exports.test.ts' ] }[39m
[31m[2mΓÄ»ΓÄ»ΓÄ»ΓÄ»ΓÄ»ΓÄ»ΓÄ»ΓÄ»ΓÄ»ΓÄ»ΓÄ»ΓÄ»ΓÄ»ΓÄ»ΓÄ»ΓÄ»ΓÄ»ΓÄ»ΓÄ»ΓÄ»[237/397]ΓÄ»[22m[39m

[31m[1m[7m FAIL [27m[22m[39m v3/@claude-flow/shared/src/hooks/verify-exports.test.ts[2m > [22mHooks 
Module Exports[2m > [22mshould have all 26 hook events defined
[31m[1mError[22m: Cannot find module './index.js'
Require stack:
- C:\Users\saima\Desktop\code\ruflo_project\v3\@claude-flow\shared\src\hooks\verify-exports.test.ts[39m
[90m [2mΓ¥»[22m TracingChannel.traceSync node:diagnostics_channel:[2m322:14[22m[39m
[36m [2mΓ¥»[22m v3/@claude-flow/shared/src/hooks/verify-exports.test.ts:[2m63:27[22m[39m
    [90m 61| [39m
    [90m 62| [39m  [34mit[39m([32m'should have all 26 hook events defined'[39m[33m,[39m () [33m=>[39m {
    [90m 63| [39m    [35mconst[39m { [33mHookEvent[39m } [33m=[39m 
[34mrequire[39m([32m'./index.js'[39m)[33m;[39m
    [90m   | [39m                          [31m^[39m
    [90m 64| [39m
    [90m 65| [39m    [35mconst[39m expectedEvents [33m=[39m [

[31m[2mΓÄ»ΓÄ»ΓÄ»ΓÄ»ΓÄ»ΓÄ»ΓÄ»ΓÄ»ΓÄ»ΓÄ»ΓÄ»ΓÄ»ΓÄ»ΓÄ»ΓÄ»ΓÄ»ΓÄ»ΓÄ»ΓÄ»ΓÄ»ΓÄ»ΓÄ»ΓÄ»ΓÄ»ΓÄ»ΓÄ»ΓÄ»ΓÄ»ΓÄ»ΓÄ»[22m[39m
[31m[1mSerialized Error:[22m[39m [90m{ code: 'MODULE_NOT_FOUND', requireStack: [ 
'C:\Users\saima\Desktop\code\ruflo_project\v3\@claude-flow\shared\src\hooks\verify-exports.test.ts' ] }[39m
[31m[2mΓÄ»ΓÄ»ΓÄ»ΓÄ»ΓÄ»ΓÄ»ΓÄ»ΓÄ»ΓÄ»ΓÄ»ΓÄ»ΓÄ»ΓÄ»ΓÄ»ΓÄ»ΓÄ»ΓÄ»ΓÄ»ΓÄ»ΓÄ»[238/397]ΓÄ»[22m[39m

[31m[1m[7m FAIL [27m[22m[39m v3/@claude-flow/shared/src/hooks/verify-exports.test.ts[2m > [22mHooks 
Module Exports[2m > [22mshould have all 5 priority levels defined
[31m[1mError[22m: Cannot find module './index.js'
Require stack:
- C:\Users\saima\Desktop\code\ruflo_project\v3\@claude-flow\shared\src\hooks\verify-exports.test.ts[39m
[90m [2mΓ¥»[22m TracingChannel.traceSync node:diagnostics_channel:[2m322:14[22m[39m
[36m [2mΓ¥»[22m v3/@claude-flow/shared/src/hooks/verify-exports.test.ts:[2m102:30[22m[39m
    [90m100| [39m
    [90m101| [39m  [34mit[39m([32m'should have all 5 priority levels defined'[39m[33m,[39m () 
[33m=>[39m {
    [90m102| [39m    [35mconst[39m { [33mHookPriority[39m } [33m=[39m 
[34mrequire[39m([32m'./index.js'[39m)[33m;[39m
    [90m   | [39m                             [31m^[39m
    [90m103| [39m
    [90m104| [39m    [34mexpect[39m([33mHookPriority[39m[33m.[39m[33mCritical[39m)[33m.[39m[34mtoBe
[39m([34m1000[39m)[33m;[39m

[31m[2mΓÄ»ΓÄ»ΓÄ»ΓÄ»ΓÄ»ΓÄ»ΓÄ»ΓÄ»ΓÄ»ΓÄ»ΓÄ»ΓÄ»ΓÄ»ΓÄ»ΓÄ»ΓÄ»ΓÄ»ΓÄ»ΓÄ»ΓÄ»ΓÄ»ΓÄ»ΓÄ»ΓÄ»ΓÄ»ΓÄ»ΓÄ»ΓÄ»ΓÄ»ΓÄ»[22m[39m
[31m[1mSerialized Error:[22m[39m [90m{ code: 'MODULE_NOT_FOUND', requireStack: [ 
'C:\Users\saima\Desktop\code\ruflo_project\v3\@claude-flow\shared\src\hooks\verify-exports.test.ts' ] }[39m
[31m[2mΓÄ»ΓÄ»ΓÄ»ΓÄ»ΓÄ»ΓÄ»ΓÄ»ΓÄ»ΓÄ»ΓÄ»ΓÄ»ΓÄ»ΓÄ»ΓÄ»ΓÄ»ΓÄ»ΓÄ»ΓÄ»ΓÄ»ΓÄ»[239/397]ΓÄ»[22m[39m

[31m[1m[7m FAIL [27m[22m[39m v3/@claude-flow/shared/__tests__/hooks/file-organization.test.ts[2m > 
[22mFileOrganizationHook[2m > [22mroot folder blocking[2m > [22mshould block TypeScript source files in root
[31m[1mAssertionError[22m: expected 'src\utils.ts' to be 'src/utils.ts' // Object.is equality[39m

[32m- Expected[39m
[31m+ Received[39m

[32m- src/utils.ts[39m
[31m+ src\utils.ts[39m

[36m [2mΓ¥»[22m v3/@claude-flow/shared/__tests__/hooks/file-organization.test.ts:[2m33:36[22m[39m
    [90m 31| [39m      
[34mexpect[39m(result[33m.[39mblockReason)[33m.[39m[34mtoBeDefined[39m()[33m;[39m
    [90m 32| [39m      
[34mexpect[39m(result[33m.[39msuggestedDirectory)[33m.[39m[34mtoBe[39m([32m'src/'[39m)[33m;[39m
    [90m 33| [39m      
[34mexpect[39m(result[33m.[39msuggestedPath)[33m.[39m[34mtoBe[39m([32m'src/utils.ts'[39m)[33m;[39m
    [90m   | [39m                                   [31m^[39m
    [90m 34| [39m    })[33m;[39m
    [90m 35| [39m

[31m[2mΓÄ»ΓÄ»ΓÄ»ΓÄ»ΓÄ»ΓÄ»ΓÄ»ΓÄ»ΓÄ»ΓÄ»ΓÄ»ΓÄ»ΓÄ»ΓÄ»ΓÄ»ΓÄ»ΓÄ»ΓÄ»ΓÄ»ΓÄ»[240/397]ΓÄ»[22m[39m

[31m[1m[7m FAIL [27m[22m[39m v3/@claude-flow/shared/__tests__/hooks/file-organization.test.ts[2m > 
[22mFileOrganizationHook[2m > [22mroot folder blocking[2m > [22mshould block TypeScript test files in root
[31m[1mAssertionError[22m: expected 'tests\utils.test.ts' to be 'tests/utils.test.ts' // Object.is 
equality[39m

[32m- Expected[39m
[31m+ Received[39m

[32m- tests/utils.test.ts[39m
[31m+ tests\utils.test.ts[39m

[36m [2mΓ¥»[22m v3/@claude-flow/shared/__tests__/hooks/file-organization.test.ts:[2m48:36[22m[39m
    [90m 46| [39m      
[34mexpect[39m(result[33m.[39mblocked)[33m.[39m[34mtoBe[39m([35mtrue[39m)[33m;[39m
    [90m 47| [39m      
[34mexpect[39m(result[33m.[39msuggestedDirectory)[33m.[39m[34mtoBe[39m([32m'tests/'[39m)[33m;[39m
    [90m 48| [39m      [34mexpect[39m(result[33m.[39msuggestedPath)[33m.[39m[34mtoBe[39m([32m'tests/ut
ils.test.ts'[39m)[33m;[39m
    [90m   | [39m                                   [31m^[39m
    [90m 49| [39m    })[33m;[39m
    [90m 50| [39m

[31m[2mΓÄ»ΓÄ»ΓÄ»ΓÄ»ΓÄ»ΓÄ»ΓÄ»ΓÄ»ΓÄ»ΓÄ»ΓÄ»ΓÄ»ΓÄ»ΓÄ»ΓÄ»ΓÄ»ΓÄ»ΓÄ»ΓÄ»ΓÄ»[241/397]ΓÄ»[22m[39m


[31mΓÄ»ΓÄ»ΓÄ»ΓÄ»[1m[7m Unhandled Rejection [27m[22mΓÄ»ΓÄ»ΓÄ»ΓÄ»ΓÄ»[39m
[31m[1mRuntimeError[22m: Aborted(Error: ENOENT: no such file or directory, open 
'C:\Users\saima\Desktop\code\ruflo_project\https:\sql.js.org\dist\sql-wasm.wasm'). Build with -sASSERTIONS for 
more info.[39m
[90m [2mΓ¥»[22m Ta node_modules/sql.js/dist/sql-wasm.js:[2m97:419[22m[39m
[90m [2mΓ¥»[22m Wa node_modules/sql.js/dist/sql-wasm.js:[2m98:351[22m[39m
[90m [2mΓ¥»[22m node_modules/sql.js/dist/sql-wasm.js:[2m157:356[22m[39m

[31mThis error originated in "[1mv3/@claude-flow/shared/src/events/event-store.test.ts[22m" test file. It 
doesn't mean the error was thrown inside the file itself, but while it was running.[39m

[31mΓÄ»ΓÄ»ΓÄ»ΓÄ»[1m[7m Unhandled Rejection [27m[22mΓÄ»ΓÄ»ΓÄ»ΓÄ»ΓÄ»[39m
[31m[1mSafeExecutorError[22m: spawn echo ENOENT[39m
[36m [2mΓ¥»[22m ChildProcess.<anonymous> v3/@claude-flow/security/src/safe-executor.ts:[2m425:16[22m[39m
    [90m423| [39m
    [90m424| [39m      childProcess[33m.[39m[34mon[39m([32m'error'[39m[33m,[39m (error) [33m=>[39m {
    [90m425| [39m        [34mreject[39m([35mnew[39m [33mSafeExecutorError[39m(
    [90m   | [39m               [31m^[39m
    [90m426| [39m          error[33m.[39mmessage[33m,[39m
    [90m427| [39m          [32m'EXECUTION_ERROR'[39m[33m,[39m
[90m [2mΓ¥»[22m ChildProcess.emit node:events:[2m518:28[22m[39m
[90m [2mΓ¥»[22m Process.ChildProcess._handle.onexit node:internal/child_process:[2m291:12[22m[39m
[90m [2mΓ¥»[22m onErrorNT node:internal/child_process:[2m483:16[22m[39m
[90m [2mΓ¥»[22m processTicksAndRejections node:internal/process/task_queues:[2m90:21[22m[39m

[31m[2mΓÄ»ΓÄ»ΓÄ»ΓÄ»ΓÄ»ΓÄ»ΓÄ»ΓÄ»ΓÄ»ΓÄ»ΓÄ»ΓÄ»ΓÄ»ΓÄ»ΓÄ»ΓÄ»ΓÄ»ΓÄ»ΓÄ»ΓÄ»ΓÄ»ΓÄ»ΓÄ»ΓÄ»ΓÄ»ΓÄ»ΓÄ»ΓÄ»ΓÄ»ΓÄ»[22m[39m
[31m[1mSerialized Error:[22m[39m [90m{ code: 'EXECUTION_ERROR', command: 'echo', args: [ 'hello' ] }[39m
[31mThis error originated in "[1mv3/@claude-flow/security/__tests__/safe-executor.test.ts[22m" test file. It 
doesn't mean the error was thrown inside the file itself, but while it was running.[39m

[31mΓÄ»ΓÄ»ΓÄ»ΓÄ»ΓÄ»ΓÄ»[1m[7m Unhandled Error [27m[22mΓÄ»ΓÄ»ΓÄ»ΓÄ»ΓÄ»ΓÄ»ΓÄ»[39m
[31m[1mError[22m: Worker terminated due to reaching memory limit: JS heap out of memory[39m
[90m [2mΓ¥»[22m [kOnExit] node:internal/worker:[2m314:26[22m[39m
[90m [2mΓ¥»[22m Worker.<computed>.onexit node:internal/worker:[2m230:20[22m[39m

[31m[2mΓÄ»ΓÄ»ΓÄ»ΓÄ»ΓÄ»ΓÄ»ΓÄ»ΓÄ»ΓÄ»ΓÄ»ΓÄ»ΓÄ»ΓÄ»ΓÄ»ΓÄ»ΓÄ»ΓÄ»ΓÄ»ΓÄ»ΓÄ»ΓÄ»ΓÄ»ΓÄ»ΓÄ»ΓÄ»ΓÄ»ΓÄ»ΓÄ»ΓÄ»ΓÄ»[22m[39m
[31m[1mSerialized Error:[22m[39m [90m{ code: 'ERR_WORKER_OUT_OF_MEMORY' }[39m

[31mΓÄ»ΓÄ»ΓÄ»ΓÄ»ΓÄ»ΓÄ»[1m[7m Unhandled Error [27m[22mΓÄ»ΓÄ»ΓÄ»ΓÄ»ΓÄ»ΓÄ»ΓÄ»[39m
[31m[1mError[22m: Worker terminated due to reaching memory limit: JS heap out of memory[39m
[90m [2mΓ¥»[22m [kOnExit] node:internal/worker:[2m314:26[22m[39m
[90m [2mΓ¥»[22m Worker.<computed>.onexit node:internal/worker:[2m230:20[22m[39m

[31m[2mΓÄ»ΓÄ»ΓÄ»ΓÄ»ΓÄ»ΓÄ»ΓÄ»ΓÄ»ΓÄ»ΓÄ»ΓÄ»ΓÄ»ΓÄ»ΓÄ»ΓÄ»ΓÄ»ΓÄ»ΓÄ»ΓÄ»ΓÄ»ΓÄ»ΓÄ»ΓÄ»ΓÄ»ΓÄ»ΓÄ»ΓÄ»ΓÄ»ΓÄ»ΓÄ»[22m[39m
[31m[1mSerialized Error:[22m[39m [90m{ code: 'ERR_WORKER_OUT_OF_MEMORY' }[39m

[31mΓÄ»ΓÄ»ΓÄ»ΓÄ»ΓÄ»ΓÄ»[1m[7m Unhandled Error [27m[22mΓÄ»ΓÄ»ΓÄ»ΓÄ»ΓÄ»ΓÄ»ΓÄ»[39m
[31m[1mError[22m: Worker terminated due to reaching memory limit: JS heap out of memory[39m
[90m [2mΓ¥»[22m [kOnExit] node:internal/worker:[2m314:26[22m[39m
[90m [2mΓ¥»[22m Worker.<computed>.onexit node:internal/worker:[2m230:20[22m[39m
[31mΓÄ»ΓÄ»ΓÄ»ΓÄ»ΓÄ»ΓÄ»[1m[7m Unhandled Errors [27m[22mΓÄ»ΓÄ»ΓÄ»ΓÄ»ΓÄ»ΓÄ»[39m
[31m[1m
Vitest caught 5 unhandled errors during the test run.
This might cause false positive tests. Resolve unhandled errors to make sure your tests are not affected.[22m[39m
[31mΓÄ»ΓÄ»ΓÄ»ΓÄ»ΓÄ»ΓÄ»ΓÄ»ΓÄ»ΓÄ»ΓÄ»ΓÄ»ΓÄ»ΓÄ»ΓÄ»ΓÄ»ΓÄ»ΓÄ»ΓÄ»ΓÄ»ΓÄ»ΓÄ»ΓÄ»ΓÄ»ΓÄ»ΓÄ»ΓÄ»ΓÄ»ΓÄ»ΓÄ»ΓÄ»[39m
[2m Test Files [22m [1m[31m192 failed[39m[22m[2m | [22m[1m[32m172 passed[39m[22m[2m | [22m[33m1 skipped[39m[90m (368)[39m

[31m[2mΓÄ»ΓÄ»ΓÄ»ΓÄ»ΓÄ»ΓÄ»ΓÄ»ΓÄ»ΓÄ»ΓÄ»ΓÄ»ΓÄ»ΓÄ»ΓÄ»ΓÄ»ΓÄ»ΓÄ»ΓÄ»ΓÄ»ΓÄ»ΓÄ»ΓÄ»ΓÄ»ΓÄ»ΓÄ»ΓÄ»ΓÄ»ΓÄ»ΓÄ»ΓÄ»[22m[39m
[31m[1mSerialized Error:[22m[39m [90m{ code: 'ERR_WORKER_OUT_OF_MEMORY' }[39m

[2m      Tests [22m [1m[31m242 failed[39m[22m[2m | [22m[1m[32m7970 passed[39m[22m[2m | [22m[33m71 skipped[39m[90m (8344)[39m
[2m     Errors [22m [1m[31m5 errors[39m[22m
[2m   Start at [22m 15:00:15
[2m   Duration [22m 153.60s[2m (transform 106.03s, setup 220ms, collect 176.97s, tests 343.73s, environment 288ms, prepare 292.12s)[22m

